✓ Initialized. View run at 
https://modal.com/apps/dennisonbertram/main/ap-Y4b3veFhUDxqp8AhmR7GNS
✓ Created objects.
├── 🔨 Created mount 
│   /Users/dennisonbertram/Develop/flipbook-research/scripts/track_c/modal_canva
│   s_c2_lite.py
└── 🔨 Created function train_and_render_motion.
START 20260425T180052061677Z-c2-lite-glyph-layout-clean-independent-recompose-c100-v12-deep-sea-indrecomp-statesplit-mid25-seed2-s12000-1536x864-s12000 config={"batch_size": 131072, "channels": 32, "clean_target_variant": "deep-sea-lab", "context_channels": 0, "context_init_scale": 0.02, "context_sample_mode": "source", "context_scale": 0.25, "decoder_mode": "state-split", "detail_channels": 0, "detail_hidden": 160, "detail_init_scale": 0.01, "detail_scale": 0.0, "edge_loss_weight": 0.9, "edge_sample_ratio": 0.09, "element_anchor_mode": "line", "element_anchor_padding": 3, "element_mask_mode": "rectangle", "element_render_mode": "sequential", "element_scale_ratio": 0.25, "experiment_label": "c100-v12-deep-sea-indrecomp-statesplit-mid25-seed2-s12000", "flow_scale": 0.1, "fps": 24, "frames": 33, "freq_bands": 10, "grad_clip": 0.5, "gradient_loss_offset_px": 1.0, "gradient_loss_ratio": 0.125, "gradient_loss_weight": 0.0, "hidden": 160, "l1_loss_weight": 0.0, "latent_neighborhood_mode": "cross", "latent_neighborhood_radius_px": 1.0, "latent_sample_mode": "source", "layout_endpoint_ratio": 0.14, "layout_endpoint_target_ratio": 0.55, "layout_flow_loss_weight": 0.0, "layout_mid_time_ratio": 0.68, "layout_mid_time_width": 0.24, "layout_motion_curriculum_ratio": 0.0, "layout_motion_curriculum_start": 0.0, "layout_oracle_flow": 0, "layout_supersample": 1.0, "layout_target_mid_sampling_ratio": 0.25, "layout_target_mid_time_width": 0.18, "layout_target_pair_ratio": 0.0, "layout_target_pair_weight": 1.0, "layout_target_sampling": 1, "layout_target_sampling_ratio": 0.65, "layout_target_weighting": 1, "layout_transform_pan": 0.0, "layout_transform_strength": 0.0, "lr": 0.01, "lr_schedule": "constant", "min_lr_ratio": 0.1, "min_motion_delta": 0.05, "min_ocr_similarity": 0.35, "motion_mode": "layout-clean-independent-recompose", "motion_strength": 1.0, "rgb_skip_base_scale": 1.0, "rgb_skip_gate_init": 0.5, "rgb_skip_gate_mode": "none", "rgb_skip_mode": "source", "rgb_skip_scale": 0.0, "seed": 2, "source_coord_features": 1, "source_remnant_change_floor": 0.04, "source_remnant_loss_weight": 0.5, "source_remnant_margin": 0.025, "source_resolution": [1280, 736], "steps": 12000, "target_branch_hidden": 160, "target_branch_scale": 0.0, "target_canvas_init_scale": 0.02, "target_canvas_mode": "always", "text_box_loss_weight": 0.0, "text_box_min_conf": 55.0, "text_box_padding": 0, "text_box_sample_ratio": 0.0, "text_boxes": "0 boxes", "time_bands": 4, "train_resolution": "1536x864", "video_layout_mode": "none", "video_viewport_mode": "static", "viewport_pan": 0.0, "viewport_zoom": 0.0}
{
  "canvas_type": "time-conditioned-latent-feature-grid-learned-flow-mlp-glyph-weighted-source-coord-latent-cross-neighborhood-state-split-target-canvas-always-clean-page-reflow",
  "train_resolution": "1536x864",
  "steps": 12000,
  "batch_size": 131072,
  "channels": 32,
  "hidden": 160,
  "detail_channels": 0,
  "detail_hidden": 160,
  "detail_scale": 0.0,
  "detail_init_scale": 0.01,
  "source_coord_features": 1,
  "latent_neighborhood_mode": "cross",
  "latent_neighborhood_radius_px": 1.0,
  "latent_neighborhood_taps": 5,
  "latent_sample_mode": "source",
  "context_channels": 0,
  "context_scale": 0.25,
  "context_init_scale": 0.02,
  "context_sample_mode": "source",
  "context_resolution": [
    0,
    0
  ],
  "decoder_mode": "state-split",
  "target_branch_scale": 0.0,
  "target_branch_hidden": 160,
  "target_canvas_mode": "always",
  "target_canvas_init_scale": 0.02,
  "rgb_skip_scale": 0.0,
  "rgb_skip_mode": "source",
  "rgb_skip_base_scale": 1.0,
  "rgb_skip_gate_mode": "none",
  "rgb_skip_gate_init": 0.5,
  "freq_bands": 10,
  "time_bands": 4,
  "lr": 0.01,
  "lr_schedule": "constant",
  "min_lr_ratio": 0.1,
  "grad_clip": 0.5,
  "l1_loss_weight": 0.0,
  "gradient_loss_weight": 0.0,
  "gradient_loss_ratio": 0.125,
  "gradient_loss_offset_px": 1.0,
  "source_remnant_loss_weight": 0.5,
  "source_remnant_margin": 0.025,
  "source_remnant_change_floor": 0.04,
  "seed": 2,
  "experiment_label": "c100-v12-deep-sea-indrecomp-statesplit-mid25-seed2-s12000",
  "flow_scale": 0.1,
  "motion_mode": "layout-clean-independent-recompose",
  "motion_strength": 1.0,
  "clean_target_variant": "deep-sea-lab",
  "video_viewport_mode": "static",
  "viewport_zoom": 0.0,
  "viewport_pan": 0.0,
  "video_layout_mode": "none",
  "layout_transform_strength": 0.0,
  "layout_transform_pan": 0.0,
  "layout_supersample": 1.0,
  "layout_region_count": 0,
  "element_scale_ratio": 0.25,
  "element_anchor_padding": 3,
  "element_mask_mode": "rectangle",
  "element_anchor_mode": "line",
  "element_render_mode": "sequential",
  "element_line_count": 0,
  "min_ocr_similarity": 0.35,
  "min_motion_delta": 0.05,
  "edge_sample_ratio": 0.09,
  "edge_loss_weight": 0.9,
  "text_box_sample_ratio": 0.0,
  "text_box_loss_weight": 0.0,
  "text_box_padding": 0,
  "layout_target_sampling": 1,
  "layout_target_weighting": 1,
  "layout_target_sampling_ratio": 0.65,
  "layout_target_mid_sampling_ratio": 0.25,
  "layout_target_mid_time_width": 0.18,
  "layout_target_pair_ratio": 0.0,
  "layout_target_pair_weight": 1.0,
  "layout_mid_time_ratio": 0.68,
  "layout_mid_time_width": 0.24,
  "layout_flow_loss_weight": 0.0,
  "layout_oracle_flow": 0,
  "layout_motion_curriculum_ratio": 0.0,
  "layout_motion_curriculum_start": 0.0,
  "layout_endpoint_ratio": 0.14,
  "layout_endpoint_target_ratio": 0.55,
  "text_box_count": 0,
  "text_mask_coverage": 0.0,
  "element_alpha_coverage": 0.0,
  "compile_ms": 594294.68917,
  "final_mse": 0.001732673030346632,
  "losses": [
    {
      "step": 0,
      "mse": 0.1542903035879135
    },
    {
      "step": 600,
      "mse": 0.0026623348239809275
    },
    {
      "step": 1200,
      "mse": 0.0022051711566746235
    },
    {
      "step": 1800,
      "mse": 0.0020937661174684763
    },
    {
      "step": 2400,
      "mse": 0.0018659222405403852
    },
    {
      "step": 3000,
      "mse": 0.001955911982804537
    },
    {
      "step": 3600,
      "mse": 0.0019014287972822785
    },
    {
      "step": 4200,
      "mse": 0.0017703073099255562
    },
    {
      "step": 4800,
      "mse": 0.0018277540802955627
    },
    {
      "step": 5400,
      "mse": 0.0018100881716236472
    },
    {
      "step": 6000,
      "mse": 0.001845838502049446
    },
    {
      "step": 6600,
      "mse": 0.0017644665203988552
    },
    {
      "step": 7200,
      "mse": 0.0017675003036856651
    },
    {
      "step": 7800,
      "mse": 0.001756571582518518
    },
    {
      "step": 8400,
      "mse": 0.0017663000617176294
    },
    {
      "step": 9000,
      "mse": 0.0017184778116643429
    },
    {
      "step": 9600,
      "mse": 0.0017245581839233637
    },
    {
      "step": 10200,
      "mse": 0.0016961123328655958
    },
    {
      "step": 10800,
      "mse": 0.001698656240478158
    },
    {
      "step": 11400,
      "mse": 0.0017003268003463745
    },
    {
      "step": 11999,
      "mse": 0.001732673030346632
    }
  ],
  "render_times": {
    "render-960.png": 30.65630499997951,
    "render-mid.png": 30.538107999973363,
    "render-last.png": 30.57340199995906,
    "render-512.png": 8.48124000003736,
    "crop-2x.png": 30.157646000020577
  },
  "render_960_ms": 30.65630499997951,
  "render_33_wall_ms": 999.8755600000777,
  "encode_ms": 265.4553490000353,
  "resize_consistency": 0.9999598949370775,
  "temporal_consistency": 0.9990639480529353,
  "motion_delta_model": 0.8173949122428894,
  "loop_error_model": 0.0009360519470646977,
  "description": "C8.6 neural canvas: learned clean two-state page reflow from x,y,t Learned warped/source coordinate features are included in the renderer MLP. Clean target fixture variant: deep-sea-lab. Decoder samples a cross latent neighborhood with 1px radius for local glyph/detail context in source mode. Decoder uses separate source and target-state branches, with the target branch sampling an independent target latent canvas and blending by midpoint progress (target hidden 160). Decoder also receives a separate state-split target-state latent canvas initialized at scale 0.02. Training directly samples 0.25 of points from the reflowed midpoint glyph/text distribution. A contrastive source-remnant loss (0.5) penalizes midpoint pixels that are closer to the source page than the clean target by margin 0.025.",
  "run_id": "20260425T180052061677Z-c2-lite-glyph-layout-clean-independent-recompose-c100-v12-deep-sea-indrecomp-statesplit-mid25-seed2-s12000-1536x864-s12000",
  "commit": "37445fe",
  "track": "C",
  "width": 960,
  "height": 544,
  "frames": 33,
  "fps": 24,
  "artifacts": {
    "input": "/Users/dennisonbertram/Develop/flipbook-research/outputs/track-c/20260425T180052061677Z-c2-lite-glyph-layout-clean-independent-recompose-c100-v12-deep-sea-indrecomp-statesplit-mid25-seed2-s12000-1536x864-s12000/input.png",
    "render_960": "/Users/dennisonbertram/Develop/flipbook-research/outputs/track-c/20260425T180052061677Z-c2-lite-glyph-layout-clean-independent-recompose-c100-v12-deep-sea-indrecomp-statesplit-mid25-seed2-s12000-1536x864-s12000/render-960.png",
    "render_mid": "/Users/dennisonbertram/Develop/flipbook-research/outputs/track-c/20260425T180052061677Z-c2-lite-glyph-layout-clean-independent-recompose-c100-v12-deep-sea-indrecomp-statesplit-mid25-seed2-s12000-1536x864-s12000/render-mid.png",
    "render_last": "/Users/dennisonbertram/Develop/flipbook-research/outputs/track-c/20260425T180052061677Z-c2-lite-glyph-layout-clean-independent-recompose-c100-v12-deep-sea-indrecomp-statesplit-mid25-seed2-s12000-1536x864-s12000/render-last.png",
    "render_512": "/Users/dennisonbertram/Develop/flipbook-research/outputs/track-c/20260425T180052061677Z-c2-lite-glyph-layout-clean-independent-recompose-c100-v12-deep-sea-indrecomp-statesplit-mid25-seed2-s12000-1536x864-s12000/render-512.png",
    "crop_2x": "/Users/dennisonbertram/Develop/flipbook-research/outputs/track-c/20260425T180052061677Z-c2-lite-glyph-layout-clean-independent-recompose-c100-v12-deep-sea-indrecomp-statesplit-mid25-seed2-s12000-1536x864-s12000/crop-2x.png",
    "text_mask": "/Users/dennisonbertram/Develop/flipbook-research/outputs/track-c/20260425T180052061677Z-c2-lite-glyph-layout-clean-independent-recompose-c100-v12-deep-sea-indrecomp-statesplit-mid25-seed2-s12000-1536x864-s12000/text-mask.png",
    "element_alpha_mask": "/Users/dennisonbertram/Develop/flipbook-research/outputs/track-c/20260425T180052061677Z-c2-lite-glyph-layout-clean-independent-recompose-c100-v12-deep-sea-indrecomp-statesplit-mid25-seed2-s12000-1536x864-s12000/element-alpha-mask.png",
    "target_mid": "/Users/dennisonbertram/Develop/flipbook-research/outputs/track-c/20260425T180052061677Z-c2-lite-glyph-layout-clean-independent-recompose-c100-v12-deep-sea-indrecomp-statesplit-mid25-seed2-s12000-1536x864-s12000/target-mid.png",
    "target_crop_2x": "/Users/dennisonbertram/Develop/flipbook-research/outputs/track-c/20260425T180052061677Z-c2-lite-glyph-layout-clean-independent-recompose-c100-v12-deep-sea-indrecomp-statesplit-mid25-seed2-s12000-1536x864-s12000/target-crop-2x.png",
    "target_mid_crop_2x": "/Users/dennisonbertram/Develop/flipbook-research/outputs/track-c/20260425T180052061677Z-c2-lite-glyph-layout-clean-independent-recompose-c100-v12-deep-sea-indrecomp-statesplit-mid25-seed2-s12000-1536x864-s12000/target-mid-crop-2x.png",
    "text_boxes": "/Users/dennisonbertram/Develop/flipbook-research/outputs/track-c/20260425T180052061677Z-c2-lite-glyph-layout-clean-independent-recompose-c100-v12-deep-sea-indrecomp-statesplit-mid25-seed2-s12000-1536x864-s12000/text-boxes.json",
    "output": "/Users/dennisonbertram/Develop/flipbook-research/outputs/track-c/20260425T180052061677Z-c2-lite-glyph-layout-clean-independent-recompose-c100-v12-deep-sea-indrecomp-statesplit-mid25-seed2-s12000-1536x864-s12000/output.mp4",
    "metrics": "/Users/dennisonbertram/Develop/flipbook-research/outputs/track-c/20260425T180052061677Z-c2-lite-glyph-layout-clean-independent-recompose-c100-v12-deep-sea-indrecomp-statesplit-mid25-seed2-s12000-1536x864-s12000/metrics.json",
    "quality": "/Users/dennisonbertram/Develop/flipbook-research/outputs/track-c/20260425T180052061677Z-c2-lite-glyph-layout-clean-independent-recompose-c100-v12-deep-sea-indrecomp-statesplit-mid25-seed2-s12000-1536x864-s12000/quality.json"
  },
  "ocr_similarity": 0.8275862068965518,
  "layout_similarity": 0.9999598949370775,
  "motion_delta": 0.8177306652069092,
  "loop_error": 0.0005552529473789036,
  "status": "pass"
}
DONE 20260425T180052061677Z-c2-lite-glyph-layout-clean-independent-recompose-c100-v12-deep-sea-indrecomp-statesplit-mid25-seed2-s12000-1536x864-s12000 quality=0.8276 motion=0.8177
Stopping app - local entrypoint completed.
✓ App completed. View run at 
https://modal.com/apps/dennisonbertram/main/ap-Y4b3veFhUDxqp8AhmR7GNS
