✓ Initialized. View run at 
https://modal.com/apps/dennisonbertram/main/ap-ncxgLmFm2T9mf4xOaa1Zsx
✓ Created objects.
├── 🔨 Created mount 
│   /Users/dennisonbertram/Develop/flipbook-research/scripts/track_c/modal_canva
│   s_c2_lite.py
└── 🔨 Created function train_and_render_motion.
START 20260425T214220869965Z-c2-lite-glyph-layout-clean-independent-recompose-c105-v11-naturalist-indrecomp-truthrem075-tpow025-srcsample06-seed5-s12000-1536x864-s12000 config={"batch_size": 131072, "channels": 32, "clean_target_variant": "naturalist-plate", "context_channels": 0, "context_init_scale": 0.02, "context_sample_mode": "source", "context_scale": 0.25, "decoder_mode": "single", "detail_channels": 0, "detail_hidden": 160, "detail_init_scale": 0.01, "detail_scale": 0.0, "edge_loss_weight": 0.9, "edge_sample_ratio": 0.09, "element_anchor_mode": "line", "element_anchor_padding": 3, "element_mask_mode": "rectangle", "element_render_mode": "sequential", "element_scale_ratio": 0.25, "experiment_label": "c105-v11-naturalist-indrecomp-truthrem075-tpow025-srcsample06-seed5-s12000", "flow_scale": 0.1, "fps": 24, "frames": 33, "freq_bands": 10, "grad_clip": 0.5, "gradient_loss_offset_px": 1.0, "gradient_loss_ratio": 0.125, "gradient_loss_weight": 0.0, "hidden": 160, "l1_loss_weight": 0.0, "latent_neighborhood_mode": "cross", "latent_neighborhood_radius_px": 1.0, "latent_sample_mode": "source", "layout_endpoint_ratio": 0.14, "layout_endpoint_target_ratio": 0.55, "layout_flow_loss_weight": 0.0, "layout_mid_time_ratio": 0.68, "layout_mid_time_width": 0.24, "layout_motion_curriculum_ratio": 0.0, "layout_motion_curriculum_start": 0.0, "layout_oracle_flow": 0, "layout_supersample": 1.0, "layout_target_mid_sampling_ratio": 0.6, "layout_target_mid_time_width": 0.24, "layout_target_pair_ratio": 0.0, "layout_target_pair_weight": 1.0, "layout_target_sampling": 1, "layout_target_sampling_ratio": 0.65, "layout_target_weighting": 1, "layout_transform_pan": 0.0, "layout_transform_strength": 0.0, "lr": 0.01, "lr_schedule": "constant", "min_lr_ratio": 0.1, "min_motion_delta": 0.05, "min_ocr_similarity": 0.35, "motion_mode": "layout-clean-independent-recompose", "motion_strength": 1.0, "rgb_skip_base_scale": 1.0, "rgb_skip_gate_init": 0.5, "rgb_skip_gate_mode": "none", "rgb_skip_mode": "source", "rgb_skip_scale": 0.0, "seed": 5, "source_coord_features": 1, "source_remnant_change_floor": 0.04, "source_remnant_loss_weight": 0.75, "source_remnant_margin": 0.025, "source_remnant_reference": "truth", "source_remnant_sample_ratio": 0.06, "source_remnant_sample_time_width": 0.18, "source_remnant_time_power": 0.25, "source_resolution": [1280, 736], "steps": 12000, "target_branch_hidden": 160, "target_branch_scale": 0.0, "target_canvas_init_scale": 0.02, "target_canvas_mode": "blend", "text_box_loss_weight": 0.0, "text_box_min_conf": 55.0, "text_box_padding": 0, "text_box_sample_ratio": 0.0, "text_boxes": "0 boxes", "time_bands": 4, "train_resolution": "1536x864", "video_layout_mode": "none", "video_viewport_mode": "static", "viewport_pan": 0.0, "viewport_zoom": 0.0}
{
  "canvas_type": "time-conditioned-latent-feature-grid-learned-flow-mlp-glyph-weighted-source-coord-latent-cross-neighborhood-target-canvas-blend-clean-page-reflow",
  "train_resolution": "1536x864",
  "steps": 12000,
  "batch_size": 131072,
  "channels": 32,
  "hidden": 160,
  "detail_channels": 0,
  "detail_hidden": 160,
  "detail_scale": 0.0,
  "detail_init_scale": 0.01,
  "source_coord_features": 1,
  "latent_neighborhood_mode": "cross",
  "latent_neighborhood_radius_px": 1.0,
  "latent_neighborhood_taps": 5,
  "latent_sample_mode": "source",
  "context_channels": 0,
  "context_scale": 0.25,
  "context_init_scale": 0.02,
  "context_sample_mode": "source",
  "context_resolution": [
    0,
    0
  ],
  "decoder_mode": "single",
  "target_branch_scale": 0.0,
  "target_branch_hidden": 160,
  "target_canvas_mode": "blend",
  "target_canvas_init_scale": 0.02,
  "rgb_skip_scale": 0.0,
  "rgb_skip_mode": "source",
  "rgb_skip_base_scale": 1.0,
  "rgb_skip_gate_mode": "none",
  "rgb_skip_gate_init": 0.5,
  "freq_bands": 10,
  "time_bands": 4,
  "lr": 0.01,
  "lr_schedule": "constant",
  "min_lr_ratio": 0.1,
  "grad_clip": 0.5,
  "l1_loss_weight": 0.0,
  "gradient_loss_weight": 0.0,
  "gradient_loss_ratio": 0.125,
  "gradient_loss_offset_px": 1.0,
  "source_remnant_loss_weight": 0.75,
  "source_remnant_margin": 0.025,
  "source_remnant_change_floor": 0.04,
  "source_remnant_reference": "truth",
  "source_remnant_time_power": 0.25,
  "source_remnant_sample_ratio": 0.06,
  "source_remnant_sample_time_width": 0.18,
  "seed": 5,
  "experiment_label": "c105-v11-naturalist-indrecomp-truthrem075-tpow025-srcsample06-seed5-s12000",
  "flow_scale": 0.1,
  "motion_mode": "layout-clean-independent-recompose",
  "motion_strength": 1.0,
  "clean_target_variant": "naturalist-plate",
  "video_viewport_mode": "static",
  "viewport_zoom": 0.0,
  "viewport_pan": 0.0,
  "video_layout_mode": "none",
  "layout_transform_strength": 0.0,
  "layout_transform_pan": 0.0,
  "layout_supersample": 1.0,
  "layout_region_count": 0,
  "element_scale_ratio": 0.25,
  "element_anchor_padding": 3,
  "element_mask_mode": "rectangle",
  "element_anchor_mode": "line",
  "element_render_mode": "sequential",
  "element_line_count": 0,
  "min_ocr_similarity": 0.35,
  "min_motion_delta": 0.05,
  "edge_sample_ratio": 0.09,
  "edge_loss_weight": 0.9,
  "text_box_sample_ratio": 0.0,
  "text_box_loss_weight": 0.0,
  "text_box_padding": 0,
  "layout_target_sampling": 1,
  "layout_target_weighting": 1,
  "layout_target_sampling_ratio": 0.65,
  "layout_target_mid_sampling_ratio": 0.6,
  "layout_target_mid_time_width": 0.24,
  "layout_target_pair_ratio": 0.0,
  "layout_target_pair_weight": 1.0,
  "layout_mid_time_ratio": 0.68,
  "layout_mid_time_width": 0.24,
  "layout_flow_loss_weight": 0.0,
  "layout_oracle_flow": 0,
  "layout_motion_curriculum_ratio": 0.0,
  "layout_motion_curriculum_start": 0.0,
  "layout_endpoint_ratio": 0.14,
  "layout_endpoint_target_ratio": 0.55,
  "text_box_count": 0,
  "text_mask_coverage": 0.0,
  "element_alpha_coverage": 0.0,
  "compile_ms": 551436.3935250001,
  "final_mse": 0.0008390740258619189,
  "losses": [
    {
      "step": 0,
      "mse": 0.21891716122627258
    },
    {
      "step": 600,
      "mse": 0.0035905807744711637
    },
    {
      "step": 1200,
      "mse": 0.002185723278671503
    },
    {
      "step": 1800,
      "mse": 0.00214869761839509
    },
    {
      "step": 2400,
      "mse": 0.0015531419776380062
    },
    {
      "step": 3000,
      "mse": 0.0013884429354220629
    },
    {
      "step": 3600,
      "mse": 0.0013039519544690847
    },
    {
      "step": 4200,
      "mse": 0.0015340070240199566
    },
    {
      "step": 4800,
      "mse": 0.0012395293451845646
    },
    {
      "step": 5400,
      "mse": 0.001122049754485488
    },
    {
      "step": 6000,
      "mse": 0.0010789823718369007
    },
    {
      "step": 6600,
      "mse": 0.0010457754833623767
    },
    {
      "step": 7200,
      "mse": 0.0010294374078512192
    },
    {
      "step": 7800,
      "mse": 0.0010012856218963861
    },
    {
      "step": 8400,
      "mse": 0.0010040327906608582
    },
    {
      "step": 9000,
      "mse": 0.0009365977020934224
    },
    {
      "step": 9600,
      "mse": 0.0009009762434288859
    },
    {
      "step": 10200,
      "mse": 0.0008917215745896101
    },
    {
      "step": 10800,
      "mse": 0.0008683665073476732
    },
    {
      "step": 11400,
      "mse": 0.0008974634693004191
    },
    {
      "step": 11999,
      "mse": 0.0008390740258619189
    }
  ],
  "render_times": {
    "render-960.png": 26.204639999946266,
    "render-mid.png": 26.142434000007597,
    "render-last.png": 26.103696000063792,
    "render-512.png": 7.426221000059741,
    "crop-2x.png": 25.672890999999254
  },
  "render_960_ms": 26.204639999946266,
  "render_33_wall_ms": 853.4517639999422,
  "encode_ms": 254.23669999997855,
  "resize_consistency": 0.9999458363586918,
  "temporal_consistency": 0.998347052722238,
  "motion_delta_model": 0.0962880477309227,
  "loop_error_model": 0.0016529472777619958,
  "description": "C8.6 neural canvas: learned clean two-state page reflow from x,y,t Learned warped/source coordinate features are included in the renderer MLP. Clean target fixture variant: naturalist-plate. Decoder samples a cross latent neighborhood with 1px radius for local glyph/detail context in source mode. Decoder also receives a separate midpoint-blended target-state latent canvas initialized at scale 0.02. Training directly samples 0.6 of points from the reflowed midpoint glyph/text distribution. A contrastive source-remnant loss (0.75) penalizes midpoint pixels that are closer to the source page than the synthetic transition target by margin 0.025. Source-only remnant-edge sampling reserves 0.06 of training points near transition times.",
  "run_id": "20260425T214220869965Z-c2-lite-glyph-layout-clean-independent-recompose-c105-v11-naturalist-indrecomp-truthrem075-tpow025-srcsample06-seed5-s12000-1536x864-s12000",
  "commit": "37445fe",
  "track": "C",
  "width": 960,
  "height": 544,
  "frames": 33,
  "fps": 24,
  "artifacts": {
    "input": "/Users/dennisonbertram/Develop/flipbook-research/outputs/track-c/20260425T214220869965Z-c2-lite-glyph-layout-clean-independent-recompose-c105-v11-naturalist-indrecomp-truthrem075-tpow025-srcsample06-seed5-s12000-1536x864-s12000/input.png",
    "render_960": "/Users/dennisonbertram/Develop/flipbook-research/outputs/track-c/20260425T214220869965Z-c2-lite-glyph-layout-clean-independent-recompose-c105-v11-naturalist-indrecomp-truthrem075-tpow025-srcsample06-seed5-s12000-1536x864-s12000/render-960.png",
    "render_mid": "/Users/dennisonbertram/Develop/flipbook-research/outputs/track-c/20260425T214220869965Z-c2-lite-glyph-layout-clean-independent-recompose-c105-v11-naturalist-indrecomp-truthrem075-tpow025-srcsample06-seed5-s12000-1536x864-s12000/render-mid.png",
    "render_last": "/Users/dennisonbertram/Develop/flipbook-research/outputs/track-c/20260425T214220869965Z-c2-lite-glyph-layout-clean-independent-recompose-c105-v11-naturalist-indrecomp-truthrem075-tpow025-srcsample06-seed5-s12000-1536x864-s12000/render-last.png",
    "render_512": "/Users/dennisonbertram/Develop/flipbook-research/outputs/track-c/20260425T214220869965Z-c2-lite-glyph-layout-clean-independent-recompose-c105-v11-naturalist-indrecomp-truthrem075-tpow025-srcsample06-seed5-s12000-1536x864-s12000/render-512.png",
    "crop_2x": "/Users/dennisonbertram/Develop/flipbook-research/outputs/track-c/20260425T214220869965Z-c2-lite-glyph-layout-clean-independent-recompose-c105-v11-naturalist-indrecomp-truthrem075-tpow025-srcsample06-seed5-s12000-1536x864-s12000/crop-2x.png",
    "text_mask": "/Users/dennisonbertram/Develop/flipbook-research/outputs/track-c/20260425T214220869965Z-c2-lite-glyph-layout-clean-independent-recompose-c105-v11-naturalist-indrecomp-truthrem075-tpow025-srcsample06-seed5-s12000-1536x864-s12000/text-mask.png",
    "element_alpha_mask": "/Users/dennisonbertram/Develop/flipbook-research/outputs/track-c/20260425T214220869965Z-c2-lite-glyph-layout-clean-independent-recompose-c105-v11-naturalist-indrecomp-truthrem075-tpow025-srcsample06-seed5-s12000-1536x864-s12000/element-alpha-mask.png",
    "target_mid": "/Users/dennisonbertram/Develop/flipbook-research/outputs/track-c/20260425T214220869965Z-c2-lite-glyph-layout-clean-independent-recompose-c105-v11-naturalist-indrecomp-truthrem075-tpow025-srcsample06-seed5-s12000-1536x864-s12000/target-mid.png",
    "target_crop_2x": "/Users/dennisonbertram/Develop/flipbook-research/outputs/track-c/20260425T214220869965Z-c2-lite-glyph-layout-clean-independent-recompose-c105-v11-naturalist-indrecomp-truthrem075-tpow025-srcsample06-seed5-s12000-1536x864-s12000/target-crop-2x.png",
    "target_mid_crop_2x": "/Users/dennisonbertram/Develop/flipbook-research/outputs/track-c/20260425T214220869965Z-c2-lite-glyph-layout-clean-independent-recompose-c105-v11-naturalist-indrecomp-truthrem075-tpow025-srcsample06-seed5-s12000-1536x864-s12000/target-mid-crop-2x.png",
    "text_boxes": "/Users/dennisonbertram/Develop/flipbook-research/outputs/track-c/20260425T214220869965Z-c2-lite-glyph-layout-clean-independent-recompose-c105-v11-naturalist-indrecomp-truthrem075-tpow025-srcsample06-seed5-s12000-1536x864-s12000/text-boxes.json",
    "output": "/Users/dennisonbertram/Develop/flipbook-research/outputs/track-c/20260425T214220869965Z-c2-lite-glyph-layout-clean-independent-recompose-c105-v11-naturalist-indrecomp-truthrem075-tpow025-srcsample06-seed5-s12000-1536x864-s12000/output.mp4",
    "metrics": "/Users/dennisonbertram/Develop/flipbook-research/outputs/track-c/20260425T214220869965Z-c2-lite-glyph-layout-clean-independent-recompose-c105-v11-naturalist-indrecomp-truthrem075-tpow025-srcsample06-seed5-s12000-1536x864-s12000/metrics.json",
    "quality": "/Users/dennisonbertram/Develop/flipbook-research/outputs/track-c/20260425T214220869965Z-c2-lite-glyph-layout-clean-independent-recompose-c105-v11-naturalist-indrecomp-truthrem075-tpow025-srcsample06-seed5-s12000-1536x864-s12000/quality.json"
  },
  "ocr_similarity": 0.3689320388349514,
  "layout_similarity": 0.9999458363586918,
  "motion_delta": 0.07359768450260162,
  "loop_error": 0.00114795146510005,
  "status": "pass"
}
DONE 20260425T214220869965Z-c2-lite-glyph-layout-clean-independent-recompose-c105-v11-naturalist-indrecomp-truthrem075-tpow025-srcsample06-seed5-s12000-1536x864-s12000 quality=0.3689 motion=0.0736
Stopping app - local entrypoint completed.
✓ App completed. View run at 
https://modal.com/apps/dennisonbertram/main/ap-ncxgLmFm2T9mf4xOaa1Zsx
