✓ Initialized. View run at 
https://modal.com/apps/dennisonbertram/main/ap-xsWf2JXEkxtb0nnrNw6a9x
✓ Created objects.
├── 🔨 Created mount 
│   /Users/dennisonbertram/Develop/flipbook-research/scripts/track_c/modal_canva
│   s_c2_lite.py
└── 🔨 Created function train_and_render_motion.
START 20260425T232240507650Z-c2-lite-glyph-layout-clean-independent-recompose-c112-v11-naturalist-indrecomp-statesplit-truthrem075-tpow025-directsrc018-seed8-s12000-1536x864-s12000 config={"batch_size": 131072, "channels": 32, "clean_target_variant": "naturalist-plate", "context_channels": 0, "context_init_scale": 0.02, "context_sample_mode": "source", "context_scale": 0.25, "decoder_mode": "state-split", "detail_channels": 0, "detail_hidden": 160, "detail_init_scale": 0.01, "detail_scale": 0.0, "edge_loss_weight": 0.9, "edge_sample_ratio": 0.09, "element_anchor_mode": "line", "element_anchor_padding": 3, "element_mask_mode": "rectangle", "element_render_mode": "sequential", "element_scale_ratio": 0.25, "experiment_label": "c112-v11-naturalist-indrecomp-statesplit-truthrem075-tpow025-directsrc018-seed8-s12000", "flow_scale": 0.1, "fps": 24, "frames": 33, "freq_bands": 10, "grad_clip": 0.5, "gradient_loss_offset_px": 1.0, "gradient_loss_ratio": 0.125, "gradient_loss_weight": 0.0, "hidden": 160, "l1_loss_weight": 0.0, "latent_neighborhood_mode": "cross", "latent_neighborhood_radius_px": 1.0, "latent_sample_mode": "source", "layout_endpoint_ratio": 0.14, "layout_endpoint_target_ratio": 0.55, "layout_flow_loss_weight": 0.0, "layout_mid_time_ratio": 0.68, "layout_mid_time_width": 0.24, "layout_motion_curriculum_ratio": 0.0, "layout_motion_curriculum_start": 0.0, "layout_oracle_flow": 0, "layout_supersample": 1.0, "layout_target_mid_sampling_ratio": 0.6, "layout_target_mid_time_width": 0.24, "layout_target_pair_ratio": 0.0, "layout_target_pair_weight": 1.0, "layout_target_sampling": 1, "layout_target_sampling_ratio": 0.65, "layout_target_weighting": 1, "layout_transform_pan": 0.0, "layout_transform_strength": 0.0, "lr": 0.01, "lr_schedule": "constant", "min_lr_ratio": 0.1, "min_motion_delta": 0.05, "min_ocr_similarity": 0.35, "motion_mode": "layout-clean-independent-recompose", "motion_strength": 1.0, "rgb_skip_base_scale": 1.0, "rgb_skip_gate_init": 0.5, "rgb_skip_gate_mode": "none", "rgb_skip_mode": "source", "rgb_skip_scale": 0.0, "seed": 8, "source_coord_features": 0, "source_remnant_change_floor": 0.04, "source_remnant_direct_loss_weight": 0.18, "source_remnant_direct_region": "source-only", "source_remnant_loss_weight": 0.75, "source_remnant_margin": 0.025, "source_remnant_reference": "truth", "source_remnant_sample_ratio": 0.0, "source_remnant_sample_time_width": 0.18, "source_remnant_time_power": 0.25, "source_resolution": [1280, 736], "steps": 12000, "target_branch_hidden": 160, "target_branch_scale": 0.0, "target_canvas_init_scale": 0.02, "target_canvas_mode": "always", "text_box_loss_weight": 0.0, "text_box_min_conf": 55.0, "text_box_padding": 0, "text_box_sample_ratio": 0.0, "text_boxes": "0 boxes", "time_bands": 4, "train_resolution": "1536x864", "video_layout_mode": "none", "video_viewport_mode": "static", "viewport_pan": 0.0, "viewport_zoom": 0.0}
{
  "canvas_type": "time-conditioned-latent-feature-grid-learned-flow-mlp-glyph-weighted-latent-cross-neighborhood-state-split-target-canvas-always-clean-page-reflow",
  "train_resolution": "1536x864",
  "steps": 12000,
  "batch_size": 131072,
  "channels": 32,
  "hidden": 160,
  "detail_channels": 0,
  "detail_hidden": 160,
  "detail_scale": 0.0,
  "detail_init_scale": 0.01,
  "source_coord_features": 0,
  "latent_neighborhood_mode": "cross",
  "latent_neighborhood_radius_px": 1.0,
  "latent_neighborhood_taps": 5,
  "latent_sample_mode": "source",
  "context_channels": 0,
  "context_scale": 0.25,
  "context_init_scale": 0.02,
  "context_sample_mode": "source",
  "context_resolution": [
    0,
    0
  ],
  "decoder_mode": "state-split",
  "target_branch_scale": 0.0,
  "target_branch_hidden": 160,
  "target_canvas_mode": "always",
  "target_canvas_init_scale": 0.02,
  "rgb_skip_scale": 0.0,
  "rgb_skip_mode": "source",
  "rgb_skip_base_scale": 1.0,
  "rgb_skip_gate_mode": "none",
  "rgb_skip_gate_init": 0.5,
  "freq_bands": 10,
  "time_bands": 4,
  "lr": 0.01,
  "lr_schedule": "constant",
  "min_lr_ratio": 0.1,
  "grad_clip": 0.5,
  "l1_loss_weight": 0.0,
  "gradient_loss_weight": 0.0,
  "gradient_loss_ratio": 0.125,
  "gradient_loss_offset_px": 1.0,
  "source_remnant_loss_weight": 0.75,
  "source_remnant_margin": 0.025,
  "source_remnant_change_floor": 0.04,
  "source_remnant_reference": "truth",
  "source_remnant_time_power": 0.25,
  "source_remnant_sample_ratio": 0.0,
  "source_remnant_sample_time_width": 0.18,
  "source_remnant_direct_loss_weight": 0.18,
  "source_remnant_direct_region": "source-only",
  "seed": 8,
  "experiment_label": "c112-v11-naturalist-indrecomp-statesplit-truthrem075-tpow025-directsrc018-seed8-s12000",
  "flow_scale": 0.1,
  "motion_mode": "layout-clean-independent-recompose",
  "motion_strength": 1.0,
  "clean_target_variant": "naturalist-plate",
  "video_viewport_mode": "static",
  "viewport_zoom": 0.0,
  "viewport_pan": 0.0,
  "video_layout_mode": "none",
  "layout_transform_strength": 0.0,
  "layout_transform_pan": 0.0,
  "layout_supersample": 1.0,
  "layout_region_count": 0,
  "element_scale_ratio": 0.25,
  "element_anchor_padding": 3,
  "element_mask_mode": "rectangle",
  "element_anchor_mode": "line",
  "element_render_mode": "sequential",
  "element_line_count": 0,
  "min_ocr_similarity": 0.35,
  "min_motion_delta": 0.05,
  "edge_sample_ratio": 0.09,
  "edge_loss_weight": 0.9,
  "text_box_sample_ratio": 0.0,
  "text_box_loss_weight": 0.0,
  "text_box_padding": 0,
  "layout_target_sampling": 1,
  "layout_target_weighting": 1,
  "layout_target_sampling_ratio": 0.65,
  "layout_target_mid_sampling_ratio": 0.6,
  "layout_target_mid_time_width": 0.24,
  "layout_target_pair_ratio": 0.0,
  "layout_target_pair_weight": 1.0,
  "layout_mid_time_ratio": 0.68,
  "layout_mid_time_width": 0.24,
  "layout_flow_loss_weight": 0.0,
  "layout_oracle_flow": 0,
  "layout_motion_curriculum_ratio": 0.0,
  "layout_motion_curriculum_start": 0.0,
  "layout_endpoint_ratio": 0.14,
  "layout_endpoint_target_ratio": 0.55,
  "text_box_count": 0,
  "text_mask_coverage": 0.0,
  "element_alpha_coverage": 0.0,
  "compile_ms": 571311.140991,
  "final_mse": 0.0015225056558847427,
  "losses": [
    {
      "step": 0,
      "mse": 0.2928561568260193
    },
    {
      "step": 600,
      "mse": 0.005266545806080103
    },
    {
      "step": 1200,
      "mse": 0.0033293557353317738
    },
    {
      "step": 1800,
      "mse": 0.002952579176053405
    },
    {
      "step": 2400,
      "mse": 0.0025695734657347202
    },
    {
      "step": 3000,
      "mse": 0.002305574482306838
    },
    {
      "step": 3600,
      "mse": 0.002233518287539482
    },
    {
      "step": 4200,
      "mse": 0.0020247395150363445
    },
    {
      "step": 4800,
      "mse": 0.002078746911138296
    },
    {
      "step": 5400,
      "mse": 0.002022344619035721
    },
    {
      "step": 6000,
      "mse": 0.001930719125084579
    },
    {
      "step": 6600,
      "mse": 0.001780474791303277
    },
    {
      "step": 7200,
      "mse": 0.002205515280365944
    },
    {
      "step": 7800,
      "mse": 0.001785515109077096
    },
    {
      "step": 8400,
      "mse": 0.0018590526888146996
    },
    {
      "step": 9000,
      "mse": 0.0017520920373499393
    },
    {
      "step": 9600,
      "mse": 0.001674966188147664
    },
    {
      "step": 10200,
      "mse": 0.0016292843502014875
    },
    {
      "step": 10800,
      "mse": 0.0015763335395604372
    },
    {
      "step": 11400,
      "mse": 0.0015235192840918899
    },
    {
      "step": 11999,
      "mse": 0.0015225056558847427
    }
  ],
  "render_times": {
    "render-960.png": 27.392413000029592,
    "render-mid.png": 27.25829199994223,
    "render-last.png": 27.27476799998385,
    "render-512.png": 7.801319000009244,
    "crop-2x.png": 26.913386999922295
  },
  "render_960_ms": 27.392413000029592,
  "render_33_wall_ms": 890.5619350000507,
  "encode_ms": 257.5796610000225,
  "resize_consistency": 0.9999114501040883,
  "temporal_consistency": 0.9973931279964745,
  "motion_delta_model": 0.09530620276927948,
  "loop_error_model": 0.0026068720035254955,
  "description": "C8.6 neural canvas: learned clean two-state page reflow from x,y,t Clean target fixture variant: naturalist-plate. Decoder samples a cross latent neighborhood with 1px radius for local glyph/detail context in source mode. Decoder uses separate source and target-state branches, with the target branch sampling an independent target latent canvas and blending by midpoint progress (target hidden 160). Decoder also receives a separate state-split target-state latent canvas initialized at scale 0.02. Training directly samples 0.6 of points from the reflowed midpoint glyph/text distribution. A contrastive source-remnant loss (0.75) penalizes midpoint pixels that are closer to the source page than the synthetic transition target by margin 0.025. A direct source-remnant transition loss (0.18) adds weighted L1 pressure on source-only remnant regions toward the same remnant reference.",
  "run_id": "20260425T232240507650Z-c2-lite-glyph-layout-clean-independent-recompose-c112-v11-naturalist-indrecomp-statesplit-truthrem075-tpow025-directsrc018-seed8-s12000-1536x864-s12000",
  "commit": "37445fe",
  "track": "C",
  "width": 960,
  "height": 544,
  "frames": 33,
  "fps": 24,
  "artifacts": {
    "input": "/Users/dennisonbertram/Develop/flipbook-research/outputs/track-c/20260425T232240507650Z-c2-lite-glyph-layout-clean-independent-recompose-c112-v11-naturalist-indrecomp-statesplit-truthrem075-tpow025-directsrc018-seed8-s12000-1536x864-s12000/input.png",
    "render_960": "/Users/dennisonbertram/Develop/flipbook-research/outputs/track-c/20260425T232240507650Z-c2-lite-glyph-layout-clean-independent-recompose-c112-v11-naturalist-indrecomp-statesplit-truthrem075-tpow025-directsrc018-seed8-s12000-1536x864-s12000/render-960.png",
    "render_mid": "/Users/dennisonbertram/Develop/flipbook-research/outputs/track-c/20260425T232240507650Z-c2-lite-glyph-layout-clean-independent-recompose-c112-v11-naturalist-indrecomp-statesplit-truthrem075-tpow025-directsrc018-seed8-s12000-1536x864-s12000/render-mid.png",
    "render_last": "/Users/dennisonbertram/Develop/flipbook-research/outputs/track-c/20260425T232240507650Z-c2-lite-glyph-layout-clean-independent-recompose-c112-v11-naturalist-indrecomp-statesplit-truthrem075-tpow025-directsrc018-seed8-s12000-1536x864-s12000/render-last.png",
    "render_512": "/Users/dennisonbertram/Develop/flipbook-research/outputs/track-c/20260425T232240507650Z-c2-lite-glyph-layout-clean-independent-recompose-c112-v11-naturalist-indrecomp-statesplit-truthrem075-tpow025-directsrc018-seed8-s12000-1536x864-s12000/render-512.png",
    "crop_2x": "/Users/dennisonbertram/Develop/flipbook-research/outputs/track-c/20260425T232240507650Z-c2-lite-glyph-layout-clean-independent-recompose-c112-v11-naturalist-indrecomp-statesplit-truthrem075-tpow025-directsrc018-seed8-s12000-1536x864-s12000/crop-2x.png",
    "text_mask": "/Users/dennisonbertram/Develop/flipbook-research/outputs/track-c/20260425T232240507650Z-c2-lite-glyph-layout-clean-independent-recompose-c112-v11-naturalist-indrecomp-statesplit-truthrem075-tpow025-directsrc018-seed8-s12000-1536x864-s12000/text-mask.png",
    "element_alpha_mask": "/Users/dennisonbertram/Develop/flipbook-research/outputs/track-c/20260425T232240507650Z-c2-lite-glyph-layout-clean-independent-recompose-c112-v11-naturalist-indrecomp-statesplit-truthrem075-tpow025-directsrc018-seed8-s12000-1536x864-s12000/element-alpha-mask.png",
    "target_mid": "/Users/dennisonbertram/Develop/flipbook-research/outputs/track-c/20260425T232240507650Z-c2-lite-glyph-layout-clean-independent-recompose-c112-v11-naturalist-indrecomp-statesplit-truthrem075-tpow025-directsrc018-seed8-s12000-1536x864-s12000/target-mid.png",
    "target_crop_2x": "/Users/dennisonbertram/Develop/flipbook-research/outputs/track-c/20260425T232240507650Z-c2-lite-glyph-layout-clean-independent-recompose-c112-v11-naturalist-indrecomp-statesplit-truthrem075-tpow025-directsrc018-seed8-s12000-1536x864-s12000/target-crop-2x.png",
    "target_mid_crop_2x": "/Users/dennisonbertram/Develop/flipbook-research/outputs/track-c/20260425T232240507650Z-c2-lite-glyph-layout-clean-independent-recompose-c112-v11-naturalist-indrecomp-statesplit-truthrem075-tpow025-directsrc018-seed8-s12000-1536x864-s12000/target-mid-crop-2x.png",
    "text_boxes": "/Users/dennisonbertram/Develop/flipbook-research/outputs/track-c/20260425T232240507650Z-c2-lite-glyph-layout-clean-independent-recompose-c112-v11-naturalist-indrecomp-statesplit-truthrem075-tpow025-directsrc018-seed8-s12000-1536x864-s12000/text-boxes.json",
    "output": "/Users/dennisonbertram/Develop/flipbook-research/outputs/track-c/20260425T232240507650Z-c2-lite-glyph-layout-clean-independent-recompose-c112-v11-naturalist-indrecomp-statesplit-truthrem075-tpow025-directsrc018-seed8-s12000-1536x864-s12000/output.mp4",
    "metrics": "/Users/dennisonbertram/Develop/flipbook-research/outputs/track-c/20260425T232240507650Z-c2-lite-glyph-layout-clean-independent-recompose-c112-v11-naturalist-indrecomp-statesplit-truthrem075-tpow025-directsrc018-seed8-s12000-1536x864-s12000/metrics.json",
    "quality": "/Users/dennisonbertram/Develop/flipbook-research/outputs/track-c/20260425T232240507650Z-c2-lite-glyph-layout-clean-independent-recompose-c112-v11-naturalist-indrecomp-statesplit-truthrem075-tpow025-directsrc018-seed8-s12000-1536x864-s12000/quality.json"
  },
  "ocr_similarity": 0.3025210084033613,
  "layout_similarity": 0.9999114501040883,
  "motion_delta": 0.07297302782535553,
  "loop_error": 0.001725709531456232,
  "status": "near_miss"
}
DONE 20260425T232240507650Z-c2-lite-glyph-layout-clean-independent-recompose-c112-v11-naturalist-indrecomp-statesplit-truthrem075-tpow025-directsrc018-seed8-s12000-1536x864-s12000 quality=0.3025 motion=0.0730
Stopping app - local entrypoint completed.
✓ App completed. View run at 
https://modal.com/apps/dennisonbertram/main/ap-xsWf2JXEkxtb0nnrNw6a9x
