✓ Initialized. View run at 
https://modal.com/apps/dennisonbertram/main/ap-FGFSabOZYyeuR63JFLXu09
✓ Created objects.
├── 🔨 Created mount 
│   /Users/dennisonbertram/Develop/flipbook-research/scripts/track_c/modal_canva
│   s_c2_lite.py
└── 🔨 Created function train_and_render_motion.
START 20260425T235229255871Z-c2-lite-glyph-layout-clean-independent-recompose-c114-v07-timeline-indrecomp-blend-truthrem075-tpow1-seed7-s12000-1536x864-s12000 config={"batch_size": 131072, "channels": 32, "clean_target_variant": "timeline-illustration", "context_channels": 0, "context_init_scale": 0.02, "context_sample_mode": "source", "context_scale": 0.25, "decoder_mode": "single", "detail_channels": 0, "detail_hidden": 160, "detail_init_scale": 0.01, "detail_scale": 0.0, "edge_loss_weight": 0.9, "edge_sample_ratio": 0.09, "element_anchor_mode": "line", "element_anchor_padding": 3, "element_mask_mode": "rectangle", "element_render_mode": "sequential", "element_scale_ratio": 0.25, "experiment_label": "c114-v07-timeline-indrecomp-blend-truthrem075-tpow1-seed7-s12000", "flow_scale": 0.1, "fps": 24, "frames": 33, "freq_bands": 10, "grad_clip": 0.5, "gradient_loss_offset_px": 1.0, "gradient_loss_ratio": 0.125, "gradient_loss_weight": 0.0, "hidden": 160, "l1_loss_weight": 0.0, "latent_neighborhood_mode": "cross", "latent_neighborhood_radius_px": 1.0, "latent_sample_mode": "source", "layout_endpoint_ratio": 0.14, "layout_endpoint_target_ratio": 0.55, "layout_flow_loss_weight": 0.0, "layout_mid_time_ratio": 0.68, "layout_mid_time_width": 0.24, "layout_motion_curriculum_ratio": 0.0, "layout_motion_curriculum_start": 0.0, "layout_oracle_flow": 0, "layout_supersample": 1.0, "layout_target_mid_sampling_ratio": 0.35, "layout_target_mid_time_width": 0.22, "layout_target_pair_ratio": 0.0, "layout_target_pair_weight": 1.0, "layout_target_sampling": 1, "layout_target_sampling_ratio": 0.65, "layout_target_weighting": 1, "layout_transform_pan": 0.0, "layout_transform_strength": 0.0, "lr": 0.01, "lr_schedule": "constant", "min_lr_ratio": 0.1, "min_motion_delta": 0.05, "min_ocr_similarity": 0.35, "motion_mode": "layout-clean-independent-recompose", "motion_strength": 1.0, "rgb_skip_base_scale": 1.0, "rgb_skip_gate_init": 0.5, "rgb_skip_gate_mode": "none", "rgb_skip_mode": "source", "rgb_skip_scale": 0.0, "seed": 7, "source_coord_features": 1, "source_remnant_change_floor": 0.04, "source_remnant_direct_loss_weight": 0.0, "source_remnant_direct_region": "change", "source_remnant_loss_weight": 0.75, "source_remnant_margin": 0.025, "source_remnant_reference": "truth", "source_remnant_sample_ratio": 0.0, "source_remnant_sample_time_width": 0.18, "source_remnant_time_power": 1.0, "source_resolution": [1280, 736], "steps": 12000, "target_branch_hidden": 160, "target_branch_scale": 0.0, "target_canvas_init_scale": 0.02, "target_canvas_mode": "blend", "text_box_loss_weight": 0.0, "text_box_min_conf": 55.0, "text_box_padding": 0, "text_box_sample_ratio": 0.0, "text_boxes": "0 boxes", "time_bands": 4, "train_resolution": "1536x864", "video_layout_mode": "none", "video_viewport_mode": "static", "viewport_pan": 0.0, "viewport_zoom": 0.0}
{
  "canvas_type": "time-conditioned-latent-feature-grid-learned-flow-mlp-glyph-weighted-source-coord-latent-cross-neighborhood-target-canvas-blend-clean-page-reflow",
  "train_resolution": "1536x864",
  "steps": 12000,
  "batch_size": 131072,
  "channels": 32,
  "hidden": 160,
  "detail_channels": 0,
  "detail_hidden": 160,
  "detail_scale": 0.0,
  "detail_init_scale": 0.01,
  "source_coord_features": 1,
  "latent_neighborhood_mode": "cross",
  "latent_neighborhood_radius_px": 1.0,
  "latent_neighborhood_taps": 5,
  "latent_sample_mode": "source",
  "context_channels": 0,
  "context_scale": 0.25,
  "context_init_scale": 0.02,
  "context_sample_mode": "source",
  "context_resolution": [
    0,
    0
  ],
  "decoder_mode": "single",
  "target_branch_scale": 0.0,
  "target_branch_hidden": 160,
  "target_canvas_mode": "blend",
  "target_canvas_init_scale": 0.02,
  "rgb_skip_scale": 0.0,
  "rgb_skip_mode": "source",
  "rgb_skip_base_scale": 1.0,
  "rgb_skip_gate_mode": "none",
  "rgb_skip_gate_init": 0.5,
  "freq_bands": 10,
  "time_bands": 4,
  "lr": 0.01,
  "lr_schedule": "constant",
  "min_lr_ratio": 0.1,
  "grad_clip": 0.5,
  "l1_loss_weight": 0.0,
  "gradient_loss_weight": 0.0,
  "gradient_loss_ratio": 0.125,
  "gradient_loss_offset_px": 1.0,
  "source_remnant_loss_weight": 0.75,
  "source_remnant_margin": 0.025,
  "source_remnant_change_floor": 0.04,
  "source_remnant_reference": "truth",
  "source_remnant_time_power": 1.0,
  "source_remnant_sample_ratio": 0.0,
  "source_remnant_sample_time_width": 0.18,
  "source_remnant_direct_loss_weight": 0.0,
  "source_remnant_direct_region": "change",
  "seed": 7,
  "experiment_label": "c114-v07-timeline-indrecomp-blend-truthrem075-tpow1-seed7-s12000",
  "flow_scale": 0.1,
  "motion_mode": "layout-clean-independent-recompose",
  "motion_strength": 1.0,
  "clean_target_variant": "timeline-illustration",
  "video_viewport_mode": "static",
  "viewport_zoom": 0.0,
  "viewport_pan": 0.0,
  "video_layout_mode": "none",
  "layout_transform_strength": 0.0,
  "layout_transform_pan": 0.0,
  "layout_supersample": 1.0,
  "layout_region_count": 0,
  "element_scale_ratio": 0.25,
  "element_anchor_padding": 3,
  "element_mask_mode": "rectangle",
  "element_anchor_mode": "line",
  "element_render_mode": "sequential",
  "element_line_count": 0,
  "min_ocr_similarity": 0.35,
  "min_motion_delta": 0.05,
  "edge_sample_ratio": 0.09,
  "edge_loss_weight": 0.9,
  "text_box_sample_ratio": 0.0,
  "text_box_loss_weight": 0.0,
  "text_box_padding": 0,
  "layout_target_sampling": 1,
  "layout_target_weighting": 1,
  "layout_target_sampling_ratio": 0.65,
  "layout_target_mid_sampling_ratio": 0.35,
  "layout_target_mid_time_width": 0.22,
  "layout_target_pair_ratio": 0.0,
  "layout_target_pair_weight": 1.0,
  "layout_mid_time_ratio": 0.68,
  "layout_mid_time_width": 0.24,
  "layout_flow_loss_weight": 0.0,
  "layout_oracle_flow": 0,
  "layout_motion_curriculum_ratio": 0.0,
  "layout_motion_curriculum_start": 0.0,
  "layout_endpoint_ratio": 0.14,
  "layout_endpoint_target_ratio": 0.55,
  "text_box_count": 0,
  "text_mask_coverage": 0.0,
  "element_alpha_coverage": 0.0,
  "compile_ms": 553237.499764,
  "final_mse": 0.002358567202463746,
  "losses": [
    {
      "step": 0,
      "mse": 0.2629886865615845
    },
    {
      "step": 600,
      "mse": 0.005000005010515451
    },
    {
      "step": 1200,
      "mse": 0.003662807634100318
    },
    {
      "step": 1800,
      "mse": 0.003169496776536107
    },
    {
      "step": 2400,
      "mse": 0.0029348228126764297
    },
    {
      "step": 3000,
      "mse": 0.00278661260381341
    },
    {
      "step": 3600,
      "mse": 0.00281778397038579
    },
    {
      "step": 4200,
      "mse": 0.002633489668369293
    },
    {
      "step": 4800,
      "mse": 0.0026137451641261578
    },
    {
      "step": 5400,
      "mse": 0.0025794170796871185
    },
    {
      "step": 6000,
      "mse": 0.002484637312591076
    },
    {
      "step": 6600,
      "mse": 0.002518590772524476
    },
    {
      "step": 7200,
      "mse": 0.00249495473690331
    },
    {
      "step": 7800,
      "mse": 0.0025016036815941334
    },
    {
      "step": 8400,
      "mse": 0.0024675624445080757
    },
    {
      "step": 9000,
      "mse": 0.002438277704641223
    },
    {
      "step": 9600,
      "mse": 0.002420099452137947
    },
    {
      "step": 10200,
      "mse": 0.002390567446127534
    },
    {
      "step": 10800,
      "mse": 0.0023974166251719
    },
    {
      "step": 11400,
      "mse": 0.0023709945380687714
    },
    {
      "step": 11999,
      "mse": 0.002358567202463746
    }
  ],
  "render_times": {
    "render-960.png": 26.2044019999621,
    "render-mid.png": 26.203688000009606,
    "render-last.png": 26.11961100001281,
    "render-512.png": 7.459014999994906,
    "crop-2x.png": 25.704048999955376
  },
  "render_960_ms": 26.2044019999621,
  "render_33_wall_ms": 853.3755390000124,
  "encode_ms": 257.0304239999359,
  "resize_consistency": 0.9999213599278715,
  "temporal_consistency": 0.9984793587354943,
  "motion_delta_model": 0.08171308785676956,
  "loop_error_model": 0.0015206412645056844,
  "description": "C8.6 neural canvas: learned clean two-state page reflow from x,y,t Learned warped/source coordinate features are included in the renderer MLP. Clean target fixture variant: timeline-illustration. Decoder samples a cross latent neighborhood with 1px radius for local glyph/detail context in source mode. Decoder also receives a separate midpoint-blended target-state latent canvas initialized at scale 0.02. Training directly samples 0.35 of points from the reflowed midpoint glyph/text distribution. A contrastive source-remnant loss (0.75) penalizes midpoint pixels that are closer to the source page than the synthetic transition target by margin 0.025.",
  "run_id": "20260425T235229255871Z-c2-lite-glyph-layout-clean-independent-recompose-c114-v07-timeline-indrecomp-blend-truthrem075-tpow1-seed7-s12000-1536x864-s12000",
  "commit": "37445fe",
  "track": "C",
  "width": 960,
  "height": 544,
  "frames": 33,
  "fps": 24,
  "artifacts": {
    "input": "/Users/dennisonbertram/Develop/flipbook-research/outputs/track-c/20260425T235229255871Z-c2-lite-glyph-layout-clean-independent-recompose-c114-v07-timeline-indrecomp-blend-truthrem075-tpow1-seed7-s12000-1536x864-s12000/input.png",
    "render_960": "/Users/dennisonbertram/Develop/flipbook-research/outputs/track-c/20260425T235229255871Z-c2-lite-glyph-layout-clean-independent-recompose-c114-v07-timeline-indrecomp-blend-truthrem075-tpow1-seed7-s12000-1536x864-s12000/render-960.png",
    "render_mid": "/Users/dennisonbertram/Develop/flipbook-research/outputs/track-c/20260425T235229255871Z-c2-lite-glyph-layout-clean-independent-recompose-c114-v07-timeline-indrecomp-blend-truthrem075-tpow1-seed7-s12000-1536x864-s12000/render-mid.png",
    "render_last": "/Users/dennisonbertram/Develop/flipbook-research/outputs/track-c/20260425T235229255871Z-c2-lite-glyph-layout-clean-independent-recompose-c114-v07-timeline-indrecomp-blend-truthrem075-tpow1-seed7-s12000-1536x864-s12000/render-last.png",
    "render_512": "/Users/dennisonbertram/Develop/flipbook-research/outputs/track-c/20260425T235229255871Z-c2-lite-glyph-layout-clean-independent-recompose-c114-v07-timeline-indrecomp-blend-truthrem075-tpow1-seed7-s12000-1536x864-s12000/render-512.png",
    "crop_2x": "/Users/dennisonbertram/Develop/flipbook-research/outputs/track-c/20260425T235229255871Z-c2-lite-glyph-layout-clean-independent-recompose-c114-v07-timeline-indrecomp-blend-truthrem075-tpow1-seed7-s12000-1536x864-s12000/crop-2x.png",
    "text_mask": "/Users/dennisonbertram/Develop/flipbook-research/outputs/track-c/20260425T235229255871Z-c2-lite-glyph-layout-clean-independent-recompose-c114-v07-timeline-indrecomp-blend-truthrem075-tpow1-seed7-s12000-1536x864-s12000/text-mask.png",
    "element_alpha_mask": "/Users/dennisonbertram/Develop/flipbook-research/outputs/track-c/20260425T235229255871Z-c2-lite-glyph-layout-clean-independent-recompose-c114-v07-timeline-indrecomp-blend-truthrem075-tpow1-seed7-s12000-1536x864-s12000/element-alpha-mask.png",
    "target_mid": "/Users/dennisonbertram/Develop/flipbook-research/outputs/track-c/20260425T235229255871Z-c2-lite-glyph-layout-clean-independent-recompose-c114-v07-timeline-indrecomp-blend-truthrem075-tpow1-seed7-s12000-1536x864-s12000/target-mid.png",
    "target_crop_2x": "/Users/dennisonbertram/Develop/flipbook-research/outputs/track-c/20260425T235229255871Z-c2-lite-glyph-layout-clean-independent-recompose-c114-v07-timeline-indrecomp-blend-truthrem075-tpow1-seed7-s12000-1536x864-s12000/target-crop-2x.png",
    "target_mid_crop_2x": "/Users/dennisonbertram/Develop/flipbook-research/outputs/track-c/20260425T235229255871Z-c2-lite-glyph-layout-clean-independent-recompose-c114-v07-timeline-indrecomp-blend-truthrem075-tpow1-seed7-s12000-1536x864-s12000/target-mid-crop-2x.png",
    "text_boxes": "/Users/dennisonbertram/Develop/flipbook-research/outputs/track-c/20260425T235229255871Z-c2-lite-glyph-layout-clean-independent-recompose-c114-v07-timeline-indrecomp-blend-truthrem075-tpow1-seed7-s12000-1536x864-s12000/text-boxes.json",
    "output": "/Users/dennisonbertram/Develop/flipbook-research/outputs/track-c/20260425T235229255871Z-c2-lite-glyph-layout-clean-independent-recompose-c114-v07-timeline-indrecomp-blend-truthrem075-tpow1-seed7-s12000-1536x864-s12000/output.mp4",
    "metrics": "/Users/dennisonbertram/Develop/flipbook-research/outputs/track-c/20260425T235229255871Z-c2-lite-glyph-layout-clean-independent-recompose-c114-v07-timeline-indrecomp-blend-truthrem075-tpow1-seed7-s12000-1536x864-s12000/metrics.json",
    "quality": "/Users/dennisonbertram/Develop/flipbook-research/outputs/track-c/20260425T235229255871Z-c2-lite-glyph-layout-clean-independent-recompose-c114-v07-timeline-indrecomp-blend-truthrem075-tpow1-seed7-s12000-1536x864-s12000/quality.json"
  },
  "ocr_similarity": 0.967741935483871,
  "layout_similarity": 0.9999213599278715,
  "motion_delta": 0.06947243958711624,
  "loop_error": 0.0009694232721813023,
  "status": "pass"
}
DONE 20260425T235229255871Z-c2-lite-glyph-layout-clean-independent-recompose-c114-v07-timeline-indrecomp-blend-truthrem075-tpow1-seed7-s12000-1536x864-s12000 quality=0.9677 motion=0.0695
Stopping app - local entrypoint completed.
✓ App completed. View run at 
https://modal.com/apps/dennisonbertram/main/ap-FGFSabOZYyeuR63JFLXu09
