✓ Initialized. View run at 
https://modal.com/apps/dennisonbertram/main/ap-rzWPfCLlAbQY3qgQUuovJL
✓ Created objects.
├── 🔨 Created mount 
│   /Users/dennisonbertram/Develop/flipbook-research/scripts/track_c/modal_canva
│   s_c2_lite.py
└── 🔨 Created function train_and_render_motion.
START 20260426T142920538977Z-c2-lite-glyph-layout-clean-independent-recompose-c122-v14-microchip-indrecomp-talways-scoordfull-truthrem075-tpow1-seed18-s12000-1536x864-s12000 config={"batch_size": 131072, "channels": 32, "clean_target_asset_path": "fixtures/track-c/generated-holdouts/microchip-teardown.png", "clean_target_asset_png_b64": "3103052 base64 chars", "clean_target_variant": "microchip-teardown", "context_channels": 0, "context_init_scale": 0.02, "context_sample_mode": "source", "context_scale": 0.25, "decoder_mode": "single", "detail_channels": 0, "detail_hidden": 160, "detail_init_scale": 0.01, "detail_scale": 0.0, "edge_loss_weight": 0.9, "edge_sample_ratio": 0.09, "element_anchor_mode": "line", "element_anchor_padding": 3, "element_mask_mode": "rectangle", "element_render_mode": "sequential", "element_scale_ratio": 0.25, "experiment_label": "c122-v14-microchip-indrecomp-talways-scoordfull-truthrem075-tpow1-seed18-s12000", "flow_scale": 0.1, "fps": 24, "frames": 33, "freq_bands": 10, "grad_clip": 0.5, "gradient_loss_offset_px": 1.0, "gradient_loss_ratio": 0.125, "gradient_loss_weight": 0.0, "hidden": 160, "l1_loss_weight": 0.0, "latent_neighborhood_mode": "cross", "latent_neighborhood_radius_px": 1.0, "latent_sample_mode": "source", "layout_endpoint_ratio": 0.14, "layout_endpoint_target_ratio": 0.55, "layout_flow_loss_weight": 0.0, "layout_mid_time_ratio": 0.68, "layout_mid_time_width": 0.24, "layout_motion_curriculum_ratio": 0.0, "layout_motion_curriculum_start": 0.0, "layout_oracle_flow": 0, "layout_supersample": 1.0, "layout_target_mid_sampling_ratio": 0.35, "layout_target_mid_time_width": 0.22, "layout_target_pair_ratio": 0.0, "layout_target_pair_weight": 1.0, "layout_target_sampling": 1, "layout_target_sampling_ratio": 0.65, "layout_target_weighting": 1, "layout_transform_pan": 0.0, "layout_transform_strength": 0.0, "lr": 0.01, "lr_schedule": "constant", "min_lr_ratio": 0.1, "min_motion_delta": 0.05, "min_ocr_similarity": 0.35, "motion_mode": "layout-clean-independent-recompose", "motion_strength": 1.0, "rgb_skip_base_scale": 1.0, "rgb_skip_gate_init": 0.5, "rgb_skip_gate_mode": "none", "rgb_skip_mode": "source", "rgb_skip_scale": 0.0, "seed": 18, "source_coord_features": 1, "source_coord_mid_scale": 1.0, "source_remnant_change_floor": 0.04, "source_remnant_direct_loss_weight": 0.0, "source_remnant_direct_region": "change", "source_remnant_loss_weight": 0.75, "source_remnant_margin": 0.025, "source_remnant_reference": "truth", "source_remnant_sample_ratio": 0.0, "source_remnant_sample_time_width": 0.18, "source_remnant_time_power": 1.0, "source_resolution": [1280, 736], "steps": 12000, "target_branch_hidden": 160, "target_branch_scale": 0.0, "target_canvas_init_scale": 0.02, "target_canvas_mode": "always", "text_box_loss_weight": 0.0, "text_box_min_conf": 55.0, "text_box_padding": 0, "text_box_sample_ratio": 0.0, "text_boxes": "0 boxes", "time_bands": 4, "train_resolution": "1536x864", "video_layout_mode": "none", "video_viewport_mode": "static", "viewport_pan": 0.0, "viewport_zoom": 0.0}
{
  "canvas_type": "time-conditioned-latent-feature-grid-learned-flow-mlp-glyph-weighted-source-coord-latent-cross-neighborhood-target-canvas-always-clean-page-reflow",
  "train_resolution": "1536x864",
  "steps": 12000,
  "batch_size": 131072,
  "channels": 32,
  "hidden": 160,
  "detail_channels": 0,
  "detail_hidden": 160,
  "detail_scale": 0.0,
  "detail_init_scale": 0.01,
  "source_coord_features": 1,
  "latent_neighborhood_mode": "cross",
  "latent_neighborhood_radius_px": 1.0,
  "latent_neighborhood_taps": 5,
  "latent_sample_mode": "source",
  "context_channels": 0,
  "context_scale": 0.25,
  "context_init_scale": 0.02,
  "context_sample_mode": "source",
  "context_resolution": [
    0,
    0
  ],
  "decoder_mode": "single",
  "target_branch_scale": 0.0,
  "target_branch_hidden": 160,
  "target_canvas_mode": "always",
  "target_canvas_init_scale": 0.02,
  "rgb_skip_scale": 0.0,
  "rgb_skip_mode": "source",
  "rgb_skip_base_scale": 1.0,
  "rgb_skip_gate_mode": "none",
  "rgb_skip_gate_init": 0.5,
  "freq_bands": 10,
  "time_bands": 4,
  "lr": 0.01,
  "lr_schedule": "constant",
  "min_lr_ratio": 0.1,
  "grad_clip": 0.5,
  "l1_loss_weight": 0.0,
  "gradient_loss_weight": 0.0,
  "gradient_loss_ratio": 0.125,
  "gradient_loss_offset_px": 1.0,
  "source_remnant_loss_weight": 0.75,
  "source_remnant_margin": 0.025,
  "source_remnant_change_floor": 0.04,
  "source_remnant_reference": "truth",
  "source_remnant_time_power": 1.0,
  "source_remnant_sample_ratio": 0.0,
  "source_remnant_sample_time_width": 0.18,
  "source_remnant_direct_loss_weight": 0.0,
  "source_remnant_direct_region": "change",
  "seed": 18,
  "experiment_label": "c122-v14-microchip-indrecomp-talways-scoordfull-truthrem075-tpow1-seed18-s12000",
  "flow_scale": 0.1,
  "motion_mode": "layout-clean-independent-recompose",
  "motion_strength": 1.0,
  "clean_target_variant": "microchip-teardown",
  "clean_target_asset_path": "fixtures/track-c/generated-holdouts/microchip-teardown.png",
  "video_viewport_mode": "static",
  "viewport_zoom": 0.0,
  "viewport_pan": 0.0,
  "video_layout_mode": "none",
  "layout_transform_strength": 0.0,
  "layout_transform_pan": 0.0,
  "layout_supersample": 1.0,
  "layout_region_count": 0,
  "element_scale_ratio": 0.25,
  "element_anchor_padding": 3,
  "element_mask_mode": "rectangle",
  "element_anchor_mode": "line",
  "element_render_mode": "sequential",
  "element_line_count": 0,
  "min_ocr_similarity": 0.35,
  "min_motion_delta": 0.05,
  "edge_sample_ratio": 0.09,
  "edge_loss_weight": 0.9,
  "text_box_sample_ratio": 0.0,
  "text_box_loss_weight": 0.0,
  "text_box_padding": 0,
  "layout_target_sampling": 1,
  "layout_target_weighting": 1,
  "layout_target_sampling_ratio": 0.65,
  "layout_target_mid_sampling_ratio": 0.35,
  "layout_target_mid_time_width": 0.22,
  "layout_target_pair_ratio": 0.0,
  "layout_target_pair_weight": 1.0,
  "layout_mid_time_ratio": 0.68,
  "layout_mid_time_width": 0.24,
  "layout_flow_loss_weight": 0.0,
  "layout_oracle_flow": 0,
  "layout_motion_curriculum_ratio": 0.0,
  "layout_motion_curriculum_start": 0.0,
  "layout_endpoint_ratio": 0.14,
  "layout_endpoint_target_ratio": 0.55,
  "text_box_count": 0,
  "text_mask_coverage": 0.0,
  "element_alpha_coverage": 0.0,
  "compile_ms": 559837.5334600001,
  "final_mse": 0.002736191265285015,
  "losses": [
    {
      "step": 0,
      "mse": 0.22543518245220184
    },
    {
      "step": 600,
      "mse": 0.0049448516219854355
    },
    {
      "step": 1200,
      "mse": 0.0038226828910410404
    },
    {
      "step": 1800,
      "mse": 0.0034757652319967747
    },
    {
      "step": 2400,
      "mse": 0.003288071369752288
    },
    {
      "step": 3000,
      "mse": 0.0031116607133299112
    },
    {
      "step": 3600,
      "mse": 0.0030458839610219
    },
    {
      "step": 4200,
      "mse": 0.0030232530552893877
    },
    {
      "step": 4800,
      "mse": 0.002952849492430687
    },
    {
      "step": 5400,
      "mse": 0.00297281751409173
    },
    {
      "step": 6000,
      "mse": 0.002911780495196581
    },
    {
      "step": 6600,
      "mse": 0.0028731757774949074
    },
    {
      "step": 7200,
      "mse": 0.002815763931721449
    },
    {
      "step": 7800,
      "mse": 0.0027962655294686556
    },
    {
      "step": 8400,
      "mse": 0.0027928005438297987
    },
    {
      "step": 9000,
      "mse": 0.002796504180878401
    },
    {
      "step": 9600,
      "mse": 0.0027459203265607357
    },
    {
      "step": 10200,
      "mse": 0.0028783052694052458
    },
    {
      "step": 10800,
      "mse": 0.002748101716861129
    },
    {
      "step": 11400,
      "mse": 0.002733869943767786
    },
    {
      "step": 11999,
      "mse": 0.002736191265285015
    }
  ],
  "render_times": {
    "render-960.png": 26.920860000018365,
    "render-mid.png": 26.7921810000189,
    "render-last.png": 26.80750199999693,
    "render-512.png": 7.64771500007555,
    "crop-2x.png": 26.395816999979616
  },
  "render_960_ms": 26.920860000018365,
  "render_33_wall_ms": 875.9906170000704,
  "encode_ms": 258.4408130001066,
  "resize_consistency": 0.9999765811521977,
  "temporal_consistency": 0.9986991514451802,
  "motion_delta_model": 0.12315147370100021,
  "loop_error_model": 0.0013008485548198223,
  "description": "C8.6 neural canvas: learned clean two-state page reflow from x,y,t Learned warped/source coordinate features are included in the renderer MLP. Clean target fixture variant: microchip-teardown. Generated clean-target asset: fixtures/track-c/generated-holdouts/microchip-teardown.png. Decoder samples a cross latent neighborhood with 1px radius for local glyph/detail context in source mode. Decoder also receives a separate always-visible target-state latent canvas initialized at scale 0.02. Training directly samples 0.35 of points from the reflowed midpoint glyph/text distribution. A contrastive source-remnant loss (0.75) penalizes midpoint pixels that are closer to the source page than the synthetic transition target by margin 0.025.",
  "run_id": "20260426T142920538977Z-c2-lite-glyph-layout-clean-independent-recompose-c122-v14-microchip-indrecomp-talways-scoordfull-truthrem075-tpow1-seed18-s12000-1536x864-s12000",
  "commit": "dirty",
  "track": "C",
  "width": 960,
  "height": 544,
  "frames": 33,
  "fps": 24,
  "artifacts": {
    "input": "/Users/dennisonbertram/Develop/flipbook-research/outputs/track-c/20260426T142920538977Z-c2-lite-glyph-layout-clean-independent-recompose-c122-v14-microchip-indrecomp-talways-scoordfull-truthrem075-tpow1-seed18-s12000-1536x864-s12000/input.png",
    "render_960": "/Users/dennisonbertram/Develop/flipbook-research/outputs/track-c/20260426T142920538977Z-c2-lite-glyph-layout-clean-independent-recompose-c122-v14-microchip-indrecomp-talways-scoordfull-truthrem075-tpow1-seed18-s12000-1536x864-s12000/render-960.png",
    "render_mid": "/Users/dennisonbertram/Develop/flipbook-research/outputs/track-c/20260426T142920538977Z-c2-lite-glyph-layout-clean-independent-recompose-c122-v14-microchip-indrecomp-talways-scoordfull-truthrem075-tpow1-seed18-s12000-1536x864-s12000/render-mid.png",
    "render_last": "/Users/dennisonbertram/Develop/flipbook-research/outputs/track-c/20260426T142920538977Z-c2-lite-glyph-layout-clean-independent-recompose-c122-v14-microchip-indrecomp-talways-scoordfull-truthrem075-tpow1-seed18-s12000-1536x864-s12000/render-last.png",
    "render_512": "/Users/dennisonbertram/Develop/flipbook-research/outputs/track-c/20260426T142920538977Z-c2-lite-glyph-layout-clean-independent-recompose-c122-v14-microchip-indrecomp-talways-scoordfull-truthrem075-tpow1-seed18-s12000-1536x864-s12000/render-512.png",
    "crop_2x": "/Users/dennisonbertram/Develop/flipbook-research/outputs/track-c/20260426T142920538977Z-c2-lite-glyph-layout-clean-independent-recompose-c122-v14-microchip-indrecomp-talways-scoordfull-truthrem075-tpow1-seed18-s12000-1536x864-s12000/crop-2x.png",
    "text_mask": "/Users/dennisonbertram/Develop/flipbook-research/outputs/track-c/20260426T142920538977Z-c2-lite-glyph-layout-clean-independent-recompose-c122-v14-microchip-indrecomp-talways-scoordfull-truthrem075-tpow1-seed18-s12000-1536x864-s12000/text-mask.png",
    "element_alpha_mask": "/Users/dennisonbertram/Develop/flipbook-research/outputs/track-c/20260426T142920538977Z-c2-lite-glyph-layout-clean-independent-recompose-c122-v14-microchip-indrecomp-talways-scoordfull-truthrem075-tpow1-seed18-s12000-1536x864-s12000/element-alpha-mask.png",
    "target_mid": "/Users/dennisonbertram/Develop/flipbook-research/outputs/track-c/20260426T142920538977Z-c2-lite-glyph-layout-clean-independent-recompose-c122-v14-microchip-indrecomp-talways-scoordfull-truthrem075-tpow1-seed18-s12000-1536x864-s12000/target-mid.png",
    "target_crop_2x": "/Users/dennisonbertram/Develop/flipbook-research/outputs/track-c/20260426T142920538977Z-c2-lite-glyph-layout-clean-independent-recompose-c122-v14-microchip-indrecomp-talways-scoordfull-truthrem075-tpow1-seed18-s12000-1536x864-s12000/target-crop-2x.png",
    "target_mid_crop_2x": "/Users/dennisonbertram/Develop/flipbook-research/outputs/track-c/20260426T142920538977Z-c2-lite-glyph-layout-clean-independent-recompose-c122-v14-microchip-indrecomp-talways-scoordfull-truthrem075-tpow1-seed18-s12000-1536x864-s12000/target-mid-crop-2x.png",
    "text_boxes": "/Users/dennisonbertram/Develop/flipbook-research/outputs/track-c/20260426T142920538977Z-c2-lite-glyph-layout-clean-independent-recompose-c122-v14-microchip-indrecomp-talways-scoordfull-truthrem075-tpow1-seed18-s12000-1536x864-s12000/text-boxes.json",
    "output": "/Users/dennisonbertram/Develop/flipbook-research/outputs/track-c/20260426T142920538977Z-c2-lite-glyph-layout-clean-independent-recompose-c122-v14-microchip-indrecomp-talways-scoordfull-truthrem075-tpow1-seed18-s12000-1536x864-s12000/output.mp4",
    "metrics": "/Users/dennisonbertram/Develop/flipbook-research/outputs/track-c/20260426T142920538977Z-c2-lite-glyph-layout-clean-independent-recompose-c122-v14-microchip-indrecomp-talways-scoordfull-truthrem075-tpow1-seed18-s12000-1536x864-s12000/metrics.json",
    "quality": "/Users/dennisonbertram/Develop/flipbook-research/outputs/track-c/20260426T142920538977Z-c2-lite-glyph-layout-clean-independent-recompose-c122-v14-microchip-indrecomp-talways-scoordfull-truthrem075-tpow1-seed18-s12000-1536x864-s12000/quality.json"
  },
  "ocr_similarity": 0.6785714285714286,
  "layout_similarity": 0.9999765811521977,
  "motion_delta": 0.10997148603200912,
  "loop_error": 0.0007402112241834402,
  "status": "pass"
}
DONE 20260426T142920538977Z-c2-lite-glyph-layout-clean-independent-recompose-c122-v14-microchip-indrecomp-talways-scoordfull-truthrem075-tpow1-seed18-s12000-1536x864-s12000 quality=0.6786 motion=0.1100
Stopping app - local entrypoint completed.
✓ App completed. View run at 
https://modal.com/apps/dennisonbertram/main/ap-rzWPfCLlAbQY3qgQUuovJL
