✓ Initialized. View run at 
https://modal.com/apps/dennisonbertram/main/ap-TEedmyCtFaa75VzXt4sT1f
✓ Created objects.
├── 🔨 Created mount 
│   /Users/dennisonbertram/Develop/flipbook-research/scripts/track_c/modal_canva
│   s_c2_lite.py
└── 🔨 Created function train_and_render_motion.
START 20260426T171651695282Z-c2-lite-glyph-layout-reflow-c123-geom-oracle-rgbskip-scoord-seed20-s14000-1536x864-s14000 config={"batch_size": 131072, "channels": 32, "clean_target_variant": "diagram-left", "context_channels": 0, "context_init_scale": 0.02, "context_sample_mode": "source", "context_scale": 0.25, "decoder_mode": "single", "detail_channels": 0, "detail_hidden": 160, "detail_init_scale": 0.01, "detail_scale": 0.0, "edge_loss_weight": 0.9, "edge_sample_ratio": 0.09, "element_anchor_mode": "line", "element_anchor_padding": 3, "element_mask_mode": "rectangle", "element_render_mode": "sequential", "element_scale_ratio": 0.25, "experiment_label": "c123-geom-oracle-rgbskip-scoord-seed20-s14000", "flow_scale": 0.1, "fps": 24, "frames": 33, "freq_bands": 10, "grad_clip": 0.5, "gradient_loss_offset_px": 1.0, "gradient_loss_ratio": 0.125, "gradient_loss_weight": 0.0, "hidden": 160, "l1_loss_weight": 0.0, "latent_neighborhood_mode": "cross", "latent_neighborhood_radius_px": 1.0, "latent_sample_mode": "source", "layout_endpoint_ratio": 0.12, "layout_endpoint_target_ratio": 0.5, "layout_flow_loss_weight": 0.0, "layout_mid_time_ratio": 0.68, "layout_mid_time_width": 0.24, "layout_motion_curriculum_ratio": 0.0, "layout_motion_curriculum_start": 0.0, "layout_oracle_flow": 1, "layout_supersample": 1.0, "layout_target_mid_sampling_ratio": 0.35, "layout_target_mid_time_width": 0.2, "layout_target_pair_ratio": 0.2, "layout_target_pair_weight": 1.0, "layout_target_sampling": 1, "layout_target_sampling_ratio": 0.6, "layout_target_weighting": 1, "layout_transform_pan": 0.0, "layout_transform_strength": 0.0, "lr": 0.01, "lr_schedule": "constant", "min_lr_ratio": 0.1, "min_motion_delta": 0.045, "min_ocr_similarity": 0.55, "motion_mode": "layout-reflow", "motion_strength": 1.1, "rgb_skip_base_scale": 0.25, "rgb_skip_gate_init": 0.5, "rgb_skip_gate_mode": "none", "rgb_skip_mode": "source", "rgb_skip_scale": 2.75, "seed": 20, "source_coord_features": 1, "source_coord_mid_scale": 1.0, "source_remnant_change_floor": 0.04, "source_remnant_direct_loss_weight": 0.0, "source_remnant_direct_region": "change", "source_remnant_loss_weight": 0.0, "source_remnant_margin": 0.025, "source_remnant_reference": "clean", "source_remnant_sample_ratio": 0.0, "source_remnant_sample_time_width": 0.18, "source_remnant_time_power": 2.0, "source_resolution": [1280, 736], "steps": 14000, "target_branch_hidden": 160, "target_branch_scale": 0.0, "target_canvas_init_scale": 0.02, "target_canvas_mode": "none", "text_box_loss_weight": 0.0, "text_box_min_conf": 55.0, "text_box_padding": 0, "text_box_sample_ratio": 0.0, "text_boxes": "0 boxes", "time_bands": 4, "train_resolution": "1536x864", "video_layout_mode": "none", "video_viewport_mode": "static", "viewport_pan": 0.0, "viewport_zoom": 0.0}
{
  "canvas_type": "time-conditioned-latent-feature-grid-learned-flow-mlp-glyph-weighted-source-coord-oracle-flow-latent-cross-neighborhood-rgb-skip-source",
  "train_resolution": "1536x864",
  "steps": 14000,
  "batch_size": 131072,
  "channels": 32,
  "hidden": 160,
  "detail_channels": 0,
  "detail_hidden": 160,
  "detail_scale": 0.0,
  "detail_init_scale": 0.01,
  "source_coord_features": 1,
  "latent_neighborhood_mode": "cross",
  "latent_neighborhood_radius_px": 1.0,
  "latent_neighborhood_taps": 5,
  "latent_sample_mode": "source",
  "context_channels": 0,
  "context_scale": 0.25,
  "context_init_scale": 0.02,
  "context_sample_mode": "source",
  "context_resolution": [
    0,
    0
  ],
  "decoder_mode": "single",
  "target_branch_scale": 0.0,
  "target_branch_hidden": 160,
  "target_canvas_mode": "none",
  "target_canvas_init_scale": 0.02,
  "rgb_skip_scale": 2.75,
  "rgb_skip_mode": "source",
  "rgb_skip_base_scale": 0.25,
  "rgb_skip_gate_mode": "none",
  "rgb_skip_gate_init": 0.5,
  "freq_bands": 10,
  "time_bands": 4,
  "lr": 0.01,
  "lr_schedule": "constant",
  "min_lr_ratio": 0.1,
  "grad_clip": 0.5,
  "l1_loss_weight": 0.0,
  "gradient_loss_weight": 0.0,
  "gradient_loss_ratio": 0.125,
  "gradient_loss_offset_px": 1.0,
  "source_remnant_loss_weight": 0.0,
  "source_remnant_margin": 0.025,
  "source_remnant_change_floor": 0.04,
  "source_remnant_reference": "clean",
  "source_remnant_time_power": 2.0,
  "source_remnant_sample_ratio": 0.0,
  "source_remnant_sample_time_width": 0.18,
  "source_remnant_direct_loss_weight": 0.0,
  "source_remnant_direct_region": "change",
  "seed": 20,
  "experiment_label": "c123-geom-oracle-rgbskip-scoord-seed20-s14000",
  "flow_scale": 0.1,
  "motion_mode": "layout-reflow",
  "motion_strength": 1.1,
  "clean_target_variant": "diagram-left",
  "clean_target_asset_path": "",
  "video_viewport_mode": "static",
  "viewport_zoom": 0.0,
  "viewport_pan": 0.0,
  "video_layout_mode": "none",
  "layout_transform_strength": 0.0,
  "layout_transform_pan": 0.0,
  "layout_supersample": 1.0,
  "layout_region_count": 0,
  "element_scale_ratio": 0.25,
  "element_anchor_padding": 3,
  "element_mask_mode": "rectangle",
  "element_anchor_mode": "line",
  "element_render_mode": "sequential",
  "element_line_count": 0,
  "min_ocr_similarity": 0.55,
  "min_motion_delta": 0.045,
  "edge_sample_ratio": 0.09,
  "edge_loss_weight": 0.9,
  "text_box_sample_ratio": 0.0,
  "text_box_loss_weight": 0.0,
  "text_box_padding": 0,
  "layout_target_sampling": 1,
  "layout_target_weighting": 1,
  "layout_target_sampling_ratio": 0.6,
  "layout_target_mid_sampling_ratio": 0.35,
  "layout_target_mid_time_width": 0.2,
  "layout_target_pair_ratio": 0.2,
  "layout_target_pair_weight": 1.0,
  "layout_mid_time_ratio": 0.68,
  "layout_mid_time_width": 0.24,
  "layout_flow_loss_weight": 0.0,
  "layout_oracle_flow": 1,
  "layout_motion_curriculum_ratio": 0.0,
  "layout_motion_curriculum_start": 0.0,
  "layout_endpoint_ratio": 0.12,
  "layout_endpoint_target_ratio": 0.5,
  "text_box_count": 0,
  "text_mask_coverage": 0.0,
  "element_alpha_coverage": 0.0,
  "compile_ms": 576116.8003169999,
  "final_mse": 0.008278124034404755,
  "losses": [
    {
      "step": 0,
      "mse": 0.1723877489566803
    },
    {
      "step": 700,
      "mse": 0.023028191179037094
    },
    {
      "step": 1400,
      "mse": 0.016574442386627197
    },
    {
      "step": 2100,
      "mse": 0.01385565847158432
    },
    {
      "step": 2800,
      "mse": 0.01308269053697586
    },
    {
      "step": 3500,
      "mse": 0.011462792754173279
    },
    {
      "step": 4200,
      "mse": 0.011355907656252384
    },
    {
      "step": 4900,
      "mse": 0.010712504386901855
    },
    {
      "step": 5600,
      "mse": 0.01016169972717762
    },
    {
      "step": 6300,
      "mse": 0.00921301357448101
    },
    {
      "step": 7000,
      "mse": 0.009410375729203224
    },
    {
      "step": 7700,
      "mse": 0.009560157544910908
    },
    {
      "step": 8400,
      "mse": 0.009208346717059612
    },
    {
      "step": 9100,
      "mse": 0.00884545873850584
    },
    {
      "step": 9800,
      "mse": 0.008541351184248924
    },
    {
      "step": 10500,
      "mse": 0.008936346508562565
    },
    {
      "step": 11200,
      "mse": 0.008128605782985687
    },
    {
      "step": 11900,
      "mse": 0.008100534789264202
    },
    {
      "step": 12600,
      "mse": 0.007916557602584362
    },
    {
      "step": 13300,
      "mse": 0.008139015175402164
    },
    {
      "step": 13999,
      "mse": 0.008278124034404755
    }
  ],
  "render_times": {
    "render-960.png": 17.793463999964843,
    "render-mid.png": 18.016681000062817,
    "render-last.png": 17.890863999923567,
    "render-512.png": 6.2673510000195165,
    "crop-2x.png": 17.591477999985727
  },
  "render_960_ms": 17.793463999964843,
  "render_33_wall_ms": 547.3422720000372,
  "encode_ms": 258.0681279999908,
  "resize_consistency": 0.9996783384787308,
  "temporal_consistency": 0.9989374700235203,
  "motion_delta_model": 0.059026818722486496,
  "loop_error_model": 0.0010625299764797091,
  "description": "C4.7 neural canvas: learned full page layout reflow from x,y,t Learned warped/source coordinate features are included in the renderer MLP. Oracle inverse layout-flow coordinates are used as a diagnostic transport control. Decoder samples a cross latent neighborhood with 1px radius for local glyph/detail context in source mode. Renderer uses a learned RGB neural texture skip sampled in source mode, with base scale 0.25 and bounded residual scale 2.75. Training directly samples 0.35 of points from the reflowed midpoint glyph/text distribution.",
  "run_id": "20260426T171651695282Z-c2-lite-glyph-layout-reflow-c123-geom-oracle-rgbskip-scoord-seed20-s14000-1536x864-s14000",
  "commit": "dirty",
  "track": "C",
  "width": 960,
  "height": 544,
  "frames": 33,
  "fps": 24,
  "artifacts": {
    "input": "/Users/dennisonbertram/Develop/flipbook-research/outputs/track-c/20260426T171651695282Z-c2-lite-glyph-layout-reflow-c123-geom-oracle-rgbskip-scoord-seed20-s14000-1536x864-s14000/input.png",
    "render_960": "/Users/dennisonbertram/Develop/flipbook-research/outputs/track-c/20260426T171651695282Z-c2-lite-glyph-layout-reflow-c123-geom-oracle-rgbskip-scoord-seed20-s14000-1536x864-s14000/render-960.png",
    "render_mid": "/Users/dennisonbertram/Develop/flipbook-research/outputs/track-c/20260426T171651695282Z-c2-lite-glyph-layout-reflow-c123-geom-oracle-rgbskip-scoord-seed20-s14000-1536x864-s14000/render-mid.png",
    "render_last": "/Users/dennisonbertram/Develop/flipbook-research/outputs/track-c/20260426T171651695282Z-c2-lite-glyph-layout-reflow-c123-geom-oracle-rgbskip-scoord-seed20-s14000-1536x864-s14000/render-last.png",
    "render_512": "/Users/dennisonbertram/Develop/flipbook-research/outputs/track-c/20260426T171651695282Z-c2-lite-glyph-layout-reflow-c123-geom-oracle-rgbskip-scoord-seed20-s14000-1536x864-s14000/render-512.png",
    "crop_2x": "/Users/dennisonbertram/Develop/flipbook-research/outputs/track-c/20260426T171651695282Z-c2-lite-glyph-layout-reflow-c123-geom-oracle-rgbskip-scoord-seed20-s14000-1536x864-s14000/crop-2x.png",
    "text_mask": "/Users/dennisonbertram/Develop/flipbook-research/outputs/track-c/20260426T171651695282Z-c2-lite-glyph-layout-reflow-c123-geom-oracle-rgbskip-scoord-seed20-s14000-1536x864-s14000/text-mask.png",
    "element_alpha_mask": "/Users/dennisonbertram/Develop/flipbook-research/outputs/track-c/20260426T171651695282Z-c2-lite-glyph-layout-reflow-c123-geom-oracle-rgbskip-scoord-seed20-s14000-1536x864-s14000/element-alpha-mask.png",
    "target_mid": "/Users/dennisonbertram/Develop/flipbook-research/outputs/track-c/20260426T171651695282Z-c2-lite-glyph-layout-reflow-c123-geom-oracle-rgbskip-scoord-seed20-s14000-1536x864-s14000/target-mid.png",
    "target_crop_2x": "/Users/dennisonbertram/Develop/flipbook-research/outputs/track-c/20260426T171651695282Z-c2-lite-glyph-layout-reflow-c123-geom-oracle-rgbskip-scoord-seed20-s14000-1536x864-s14000/target-crop-2x.png",
    "target_mid_crop_2x": "/Users/dennisonbertram/Develop/flipbook-research/outputs/track-c/20260426T171651695282Z-c2-lite-glyph-layout-reflow-c123-geom-oracle-rgbskip-scoord-seed20-s14000-1536x864-s14000/target-mid-crop-2x.png",
    "text_boxes": "/Users/dennisonbertram/Develop/flipbook-research/outputs/track-c/20260426T171651695282Z-c2-lite-glyph-layout-reflow-c123-geom-oracle-rgbskip-scoord-seed20-s14000-1536x864-s14000/text-boxes.json",
    "output": "/Users/dennisonbertram/Develop/flipbook-research/outputs/track-c/20260426T171651695282Z-c2-lite-glyph-layout-reflow-c123-geom-oracle-rgbskip-scoord-seed20-s14000-1536x864-s14000/output.mp4",
    "metrics": "/Users/dennisonbertram/Develop/flipbook-research/outputs/track-c/20260426T171651695282Z-c2-lite-glyph-layout-reflow-c123-geom-oracle-rgbskip-scoord-seed20-s14000-1536x864-s14000/metrics.json",
    "quality": "/Users/dennisonbertram/Develop/flipbook-research/outputs/track-c/20260426T171651695282Z-c2-lite-glyph-layout-reflow-c123-geom-oracle-rgbskip-scoord-seed20-s14000-1536x864-s14000/quality.json"
  },
  "ocr_similarity": 0.5294117647058824,
  "layout_similarity": 0.9996783384787308,
  "motion_delta": 0.04695461690425873,
  "loop_error": 0.0006269289879128337,
  "status": "near_miss"
}
DONE 20260426T171651695282Z-c2-lite-glyph-layout-reflow-c123-geom-oracle-rgbskip-scoord-seed20-s14000-1536x864-s14000 quality=0.5294 motion=0.0470
Stopping app - local entrypoint completed.
✓ App completed. View run at 
https://modal.com/apps/dennisonbertram/main/ap-TEedmyCtFaa75VzXt4sT1f
