✓ Initialized. View run at 
https://modal.com/apps/dennisonbertram/main/ap-AM401c3pD4R3oS5wsCiC5b
✓ Created objects.
├── 🔨 Created mount 
│   /Users/dennisonbertram/Develop/flipbook-research/scripts/track_c/modal_canva
│   s_c2_lite.py
└── 🔨 Created function train_and_render_motion.
START 20260426T173749030751Z-c2-lite-glyph-layout-reflow-c124-v14-microchip-geom-oracle-rgbskip-scoord-seed22-s12000-1536x864-s12000 config={"batch_size": 131072, "channels": 32, "clean_target_variant": "diagram-left", "context_channels": 0, "context_init_scale": 0.02, "context_sample_mode": "source", "context_scale": 0.25, "decoder_mode": "single", "detail_channels": 0, "detail_hidden": 160, "detail_init_scale": 0.01, "detail_scale": 0.0, "edge_loss_weight": 0.9, "edge_sample_ratio": 0.09, "element_anchor_mode": "line", "element_anchor_padding": 3, "element_mask_mode": "rectangle", "element_render_mode": "sequential", "element_scale_ratio": 0.25, "experiment_label": "c124-v14-microchip-geom-oracle-rgbskip-scoord-seed22-s12000", "flow_scale": 0.1, "fps": 24, "frames": 33, "freq_bands": 10, "grad_clip": 0.5, "gradient_loss_offset_px": 1.0, "gradient_loss_ratio": 0.125, "gradient_loss_weight": 0.0, "hidden": 160, "l1_loss_weight": 0.0, "latent_neighborhood_mode": "cross", "latent_neighborhood_radius_px": 1.0, "latent_sample_mode": "source", "layout_endpoint_ratio": 0.12, "layout_endpoint_target_ratio": 0.5, "layout_flow_loss_weight": 0.0, "layout_mid_time_ratio": 0.68, "layout_mid_time_width": 0.24, "layout_motion_curriculum_ratio": 0.0, "layout_motion_curriculum_start": 0.0, "layout_oracle_flow": 1, "layout_supersample": 1.0, "layout_target_mid_sampling_ratio": 0.35, "layout_target_mid_time_width": 0.2, "layout_target_pair_ratio": 0.2, "layout_target_pair_weight": 1.0, "layout_target_sampling": 1, "layout_target_sampling_ratio": 0.6, "layout_target_weighting": 1, "layout_transform_pan": 0.0, "layout_transform_strength": 0.0, "lr": 0.01, "lr_schedule": "constant", "min_lr_ratio": 0.1, "min_motion_delta": 0.045, "min_ocr_similarity": 0.45, "motion_mode": "layout-reflow", "motion_strength": 1.1, "rgb_skip_base_scale": 0.25, "rgb_skip_gate_init": 0.5, "rgb_skip_gate_mode": "none", "rgb_skip_mode": "source", "rgb_skip_scale": 2.75, "seed": 22, "source_coord_features": 1, "source_coord_mid_scale": 1.0, "source_fixture_asset_path": "fixtures/track-c/generated-holdouts/microchip-teardown.png", "source_fixture_variant": "microchip-teardown", "source_remnant_change_floor": 0.04, "source_remnant_direct_loss_weight": 0.0, "source_remnant_direct_region": "change", "source_remnant_loss_weight": 0.0, "source_remnant_margin": 0.025, "source_remnant_reference": "clean", "source_remnant_sample_ratio": 0.0, "source_remnant_sample_time_width": 0.18, "source_remnant_time_power": 2.0, "source_resolution": [1280, 736], "steps": 12000, "target_branch_hidden": 160, "target_branch_scale": 0.0, "target_canvas_init_scale": 0.02, "target_canvas_mode": "none", "text_box_loss_weight": 0.0, "text_box_min_conf": 55.0, "text_box_padding": 0, "text_box_sample_ratio": 0.0, "text_boxes": "0 boxes", "time_bands": 4, "train_resolution": "1536x864", "video_layout_mode": "none", "video_viewport_mode": "static", "viewport_pan": 0.0, "viewport_zoom": 0.0}
{
  "canvas_type": "time-conditioned-latent-feature-grid-learned-flow-mlp-glyph-weighted-source-coord-oracle-flow-latent-cross-neighborhood-rgb-skip-source",
  "train_resolution": "1536x864",
  "steps": 12000,
  "batch_size": 131072,
  "channels": 32,
  "hidden": 160,
  "detail_channels": 0,
  "detail_hidden": 160,
  "detail_scale": 0.0,
  "detail_init_scale": 0.01,
  "source_coord_features": 1,
  "latent_neighborhood_mode": "cross",
  "latent_neighborhood_radius_px": 1.0,
  "latent_neighborhood_taps": 5,
  "latent_sample_mode": "source",
  "context_channels": 0,
  "context_scale": 0.25,
  "context_init_scale": 0.02,
  "context_sample_mode": "source",
  "context_resolution": [
    0,
    0
  ],
  "decoder_mode": "single",
  "target_branch_scale": 0.0,
  "target_branch_hidden": 160,
  "target_canvas_mode": "none",
  "target_canvas_init_scale": 0.02,
  "rgb_skip_scale": 2.75,
  "rgb_skip_mode": "source",
  "rgb_skip_base_scale": 0.25,
  "rgb_skip_gate_mode": "none",
  "rgb_skip_gate_init": 0.5,
  "freq_bands": 10,
  "time_bands": 4,
  "lr": 0.01,
  "lr_schedule": "constant",
  "min_lr_ratio": 0.1,
  "grad_clip": 0.5,
  "l1_loss_weight": 0.0,
  "gradient_loss_weight": 0.0,
  "gradient_loss_ratio": 0.125,
  "gradient_loss_offset_px": 1.0,
  "source_remnant_loss_weight": 0.0,
  "source_remnant_margin": 0.025,
  "source_remnant_change_floor": 0.04,
  "source_remnant_reference": "clean",
  "source_remnant_time_power": 2.0,
  "source_remnant_sample_ratio": 0.0,
  "source_remnant_sample_time_width": 0.18,
  "source_remnant_direct_loss_weight": 0.0,
  "source_remnant_direct_region": "change",
  "seed": 22,
  "experiment_label": "c124-v14-microchip-geom-oracle-rgbskip-scoord-seed22-s12000",
  "flow_scale": 0.1,
  "motion_mode": "layout-reflow",
  "motion_strength": 1.1,
  "source_fixture_variant": "microchip-teardown",
  "source_fixture_asset_path": "fixtures/track-c/generated-holdouts/microchip-teardown.png",
  "clean_target_variant": "diagram-left",
  "clean_target_asset_path": "",
  "video_viewport_mode": "static",
  "viewport_zoom": 0.0,
  "viewport_pan": 0.0,
  "video_layout_mode": "none",
  "layout_transform_strength": 0.0,
  "layout_transform_pan": 0.0,
  "layout_supersample": 1.0,
  "layout_region_count": 0,
  "element_scale_ratio": 0.25,
  "element_anchor_padding": 3,
  "element_mask_mode": "rectangle",
  "element_anchor_mode": "line",
  "element_render_mode": "sequential",
  "element_line_count": 0,
  "min_ocr_similarity": 0.45,
  "min_motion_delta": 0.045,
  "edge_sample_ratio": 0.09,
  "edge_loss_weight": 0.9,
  "text_box_sample_ratio": 0.0,
  "text_box_loss_weight": 0.0,
  "text_box_padding": 0,
  "layout_target_sampling": 1,
  "layout_target_weighting": 1,
  "layout_target_sampling_ratio": 0.6,
  "layout_target_mid_sampling_ratio": 0.35,
  "layout_target_mid_time_width": 0.2,
  "layout_target_pair_ratio": 0.2,
  "layout_target_pair_weight": 1.0,
  "layout_mid_time_ratio": 0.68,
  "layout_mid_time_width": 0.24,
  "layout_flow_loss_weight": 0.0,
  "layout_oracle_flow": 1,
  "layout_motion_curriculum_ratio": 0.0,
  "layout_motion_curriculum_start": 0.0,
  "layout_endpoint_ratio": 0.12,
  "layout_endpoint_target_ratio": 0.5,
  "text_box_count": 0,
  "text_mask_coverage": 0.0,
  "element_alpha_coverage": 0.0,
  "compile_ms": 582164.770981,
  "final_mse": 0.00623707752674818,
  "losses": [
    {
      "step": 0,
      "mse": 0.17403578758239746
    },
    {
      "step": 600,
      "mse": 0.019622676074504852
    },
    {
      "step": 1200,
      "mse": 0.014389676973223686
    },
    {
      "step": 1800,
      "mse": 0.013963719829916954
    },
    {
      "step": 2400,
      "mse": 0.011020055040717125
    },
    {
      "step": 3000,
      "mse": 0.01031540334224701
    },
    {
      "step": 3600,
      "mse": 0.00869673490524292
    },
    {
      "step": 4200,
      "mse": 0.00860162265598774
    },
    {
      "step": 4800,
      "mse": 0.008222969248890877
    },
    {
      "step": 5400,
      "mse": 0.00817587785422802
    },
    {
      "step": 6000,
      "mse": 0.007795869372785091
    },
    {
      "step": 6600,
      "mse": 0.007555333431810141
    },
    {
      "step": 7200,
      "mse": 0.007439404260367155
    },
    {
      "step": 7800,
      "mse": 0.006855641026049852
    },
    {
      "step": 8400,
      "mse": 0.006779904942959547
    },
    {
      "step": 9000,
      "mse": 0.007385561242699623
    },
    {
      "step": 9600,
      "mse": 0.006798875983804464
    },
    {
      "step": 10200,
      "mse": 0.006779138930141926
    },
    {
      "step": 10800,
      "mse": 0.00606025755405426
    },
    {
      "step": 11400,
      "mse": 0.00634715287014842
    },
    {
      "step": 11999,
      "mse": 0.00623707752674818
    }
  ],
  "render_times": {
    "render-960.png": 18.373921000033988,
    "render-mid.png": 18.528607999996893,
    "render-last.png": 18.52794800004176,
    "render-512.png": 6.760305999932825,
    "crop-2x.png": 18.21063399995637
  },
  "render_960_ms": 18.373921000033988,
  "render_33_wall_ms": 547.0782400000189,
  "encode_ms": 245.465739999986,
  "resize_consistency": 0.9997054292238111,
  "temporal_consistency": 0.998629512032494,
  "motion_delta_model": 0.09866155683994293,
  "loop_error_model": 0.001370487967506051,
  "description": "C4.7 neural canvas: learned full page layout reflow from x,y,t Learned warped/source coordinate features are included in the renderer MLP. Source fixture variant: microchip-teardown. Generated source asset: fixtures/track-c/generated-holdouts/microchip-teardown.png. Oracle inverse layout-flow coordinates are used as a diagnostic transport control. Decoder samples a cross latent neighborhood with 1px radius for local glyph/detail context in source mode. Renderer uses a learned RGB neural texture skip sampled in source mode, with base scale 0.25 and bounded residual scale 2.75. Training directly samples 0.35 of points from the reflowed midpoint glyph/text distribution.",
  "run_id": "20260426T173749030751Z-c2-lite-glyph-layout-reflow-c124-v14-microchip-geom-oracle-rgbskip-scoord-seed22-s12000-1536x864-s12000",
  "commit": "dirty",
  "track": "C",
  "width": 960,
  "height": 544,
  "frames": 33,
  "fps": 24,
  "artifacts": {
    "input": "/Users/dennisonbertram/Develop/flipbook-research/outputs/track-c/20260426T173749030751Z-c2-lite-glyph-layout-reflow-c124-v14-microchip-geom-oracle-rgbskip-scoord-seed22-s12000-1536x864-s12000/input.png",
    "render_960": "/Users/dennisonbertram/Develop/flipbook-research/outputs/track-c/20260426T173749030751Z-c2-lite-glyph-layout-reflow-c124-v14-microchip-geom-oracle-rgbskip-scoord-seed22-s12000-1536x864-s12000/render-960.png",
    "render_mid": "/Users/dennisonbertram/Develop/flipbook-research/outputs/track-c/20260426T173749030751Z-c2-lite-glyph-layout-reflow-c124-v14-microchip-geom-oracle-rgbskip-scoord-seed22-s12000-1536x864-s12000/render-mid.png",
    "render_last": "/Users/dennisonbertram/Develop/flipbook-research/outputs/track-c/20260426T173749030751Z-c2-lite-glyph-layout-reflow-c124-v14-microchip-geom-oracle-rgbskip-scoord-seed22-s12000-1536x864-s12000/render-last.png",
    "render_512": "/Users/dennisonbertram/Develop/flipbook-research/outputs/track-c/20260426T173749030751Z-c2-lite-glyph-layout-reflow-c124-v14-microchip-geom-oracle-rgbskip-scoord-seed22-s12000-1536x864-s12000/render-512.png",
    "crop_2x": "/Users/dennisonbertram/Develop/flipbook-research/outputs/track-c/20260426T173749030751Z-c2-lite-glyph-layout-reflow-c124-v14-microchip-geom-oracle-rgbskip-scoord-seed22-s12000-1536x864-s12000/crop-2x.png",
    "text_mask": "/Users/dennisonbertram/Develop/flipbook-research/outputs/track-c/20260426T173749030751Z-c2-lite-glyph-layout-reflow-c124-v14-microchip-geom-oracle-rgbskip-scoord-seed22-s12000-1536x864-s12000/text-mask.png",
    "element_alpha_mask": "/Users/dennisonbertram/Develop/flipbook-research/outputs/track-c/20260426T173749030751Z-c2-lite-glyph-layout-reflow-c124-v14-microchip-geom-oracle-rgbskip-scoord-seed22-s12000-1536x864-s12000/element-alpha-mask.png",
    "target_mid": "/Users/dennisonbertram/Develop/flipbook-research/outputs/track-c/20260426T173749030751Z-c2-lite-glyph-layout-reflow-c124-v14-microchip-geom-oracle-rgbskip-scoord-seed22-s12000-1536x864-s12000/target-mid.png",
    "target_crop_2x": "/Users/dennisonbertram/Develop/flipbook-research/outputs/track-c/20260426T173749030751Z-c2-lite-glyph-layout-reflow-c124-v14-microchip-geom-oracle-rgbskip-scoord-seed22-s12000-1536x864-s12000/target-crop-2x.png",
    "target_mid_crop_2x": "/Users/dennisonbertram/Develop/flipbook-research/outputs/track-c/20260426T173749030751Z-c2-lite-glyph-layout-reflow-c124-v14-microchip-geom-oracle-rgbskip-scoord-seed22-s12000-1536x864-s12000/target-mid-crop-2x.png",
    "text_boxes": "/Users/dennisonbertram/Develop/flipbook-research/outputs/track-c/20260426T173749030751Z-c2-lite-glyph-layout-reflow-c124-v14-microchip-geom-oracle-rgbskip-scoord-seed22-s12000-1536x864-s12000/text-boxes.json",
    "output": "/Users/dennisonbertram/Develop/flipbook-research/outputs/track-c/20260426T173749030751Z-c2-lite-glyph-layout-reflow-c124-v14-microchip-geom-oracle-rgbskip-scoord-seed22-s12000-1536x864-s12000/output.mp4",
    "metrics": "/Users/dennisonbertram/Develop/flipbook-research/outputs/track-c/20260426T173749030751Z-c2-lite-glyph-layout-reflow-c124-v14-microchip-geom-oracle-rgbskip-scoord-seed22-s12000-1536x864-s12000/metrics.json",
    "quality": "/Users/dennisonbertram/Develop/flipbook-research/outputs/track-c/20260426T173749030751Z-c2-lite-glyph-layout-reflow-c124-v14-microchip-geom-oracle-rgbskip-scoord-seed22-s12000-1536x864-s12000/quality.json"
  },
  "ocr_similarity": 0.3111111111111111,
  "layout_similarity": 0.9997054292238111,
  "motion_delta": 0.08609579503536224,
  "loop_error": 0.00104771857149899,
  "status": "near_miss"
}
DONE 20260426T173749030751Z-c2-lite-glyph-layout-reflow-c124-v14-microchip-geom-oracle-rgbskip-scoord-seed22-s12000-1536x864-s12000 quality=0.3111 motion=0.0861
Stopping app - local entrypoint completed.
✓ App completed. View run at 
https://modal.com/apps/dennisonbertram/main/ap-AM401c3pD4R3oS5wsCiC5b
