✓ Initialized. View run at 
https://modal.com/apps/dennisonbertram/main/ap-JgVF6DyNQFhg7xLJXT7ion
✓ Created objects.
├── 🔨 Created mount 
│   /Users/dennisonbertram/Develop/flipbook-research/scripts/track_c/modal_canva
│   s_c2_lite.py
└── 🔨 Created function train_and_render_motion.
START 20260424T151017Z-c2-lite-text-1280x736-s4500 config={"batch_size": 131072, "channels": 16, "edge_loss_weight": 1.0, "edge_sample_ratio": 0.1, "flow_scale": 0.005, "fps": 24, "frames": 33, "freq_bands": 8, "hidden": 96, "lr": 0.01, "source_resolution": [1280, 736], "steps": 4500, "text_box_loss_weight": 8.0, "text_box_min_conf": 55.0, "text_box_padding": 4, "text_box_sample_ratio": 0.55, "text_boxes": "105 boxes", "time_bands": 4, "train_resolution": "1280x736"}
{
  "canvas_type": "time-conditioned-latent-feature-grid-learned-flow-mlp-text-box-weighted",
  "train_resolution": "1280x736",
  "steps": 4500,
  "batch_size": 131072,
  "channels": 16,
  "hidden": 96,
  "freq_bands": 8,
  "time_bands": 4,
  "lr": 0.01,
  "flow_scale": 0.005,
  "edge_sample_ratio": 0.1,
  "edge_loss_weight": 1.0,
  "text_box_sample_ratio": 0.55,
  "text_box_loss_weight": 8.0,
  "text_box_padding": 4,
  "text_box_count": 105,
  "text_mask_coverage": 0.15400177240371704,
  "compile_ms": 29608.295257,
  "final_mse": 0.0003480541054159403,
  "losses": [
    {
      "step": 0,
      "mse": 0.5116880536079407
    },
    {
      "step": 225,
      "mse": 0.006240902468562126
    },
    {
      "step": 450,
      "mse": 0.003572226269170642
    },
    {
      "step": 675,
      "mse": 0.0016065507661551237
    },
    {
      "step": 900,
      "mse": 0.000961756391916424
    },
    {
      "step": 1125,
      "mse": 0.0016501587815582752
    },
    {
      "step": 1350,
      "mse": 0.0014147368492558599
    },
    {
      "step": 1575,
      "mse": 0.0014955226797610521
    },
    {
      "step": 1800,
      "mse": 0.001588502200320363
    },
    {
      "step": 2025,
      "mse": 0.00039667944656684995
    },
    {
      "step": 2250,
      "mse": 0.0007458754116669297
    },
    {
      "step": 2475,
      "mse": 0.0005670057726092637
    },
    {
      "step": 2700,
      "mse": 0.000562913715839386
    },
    {
      "step": 2925,
      "mse": 0.0003296686627436429
    },
    {
      "step": 3150,
      "mse": 0.0009907397907227278
    },
    {
      "step": 3375,
      "mse": 0.00146559439599514
    },
    {
      "step": 3600,
      "mse": 0.00043057958828285336
    },
    {
      "step": 3825,
      "mse": 0.0004625158035196364
    },
    {
      "step": 4050,
      "mse": 0.0008320335764437914
    },
    {
      "step": 4275,
      "mse": 0.0010859962785616517
    },
    {
      "step": 4499,
      "mse": 0.0003480541054159403
    }
  ],
  "render_times": {
    "render-960.png": 43.783189999999195,
    "render-mid.png": 9.91586199999972,
    "render-last.png": 9.791692000000296,
    "render-512.png": 3.846761000005472,
    "crop-2x.png": 9.905911999993577
  },
  "render_960_ms": 43.783189999999195,
  "render_33_wall_ms": 301.36526500000116,
  "encode_ms": 633.9109979999976,
  "resize_consistency": 0.9995036453194271,
  "temporal_consistency": 0.998813827522099,
  "motion_delta_model": 0.038210347294807434,
  "loop_error_model": 0.001186172477900982,
  "description": "C2.1 neural canvas: learned motion field with OCR text-box-weighted sampling/loss",
  "run_id": "20260424T151017Z-c2-lite-text-1280x736-s4500",
  "commit": "nogit",
  "track": "C",
  "width": 960,
  "height": 544,
  "frames": 33,
  "fps": 24,
  "artifacts": {
    "input": "/Users/dennisonbertram/Develop/flipbook-research/outputs/track-c/20260424T151017Z-c2-lite-text-1280x736-s4500/input.png",
    "render_960": "/Users/dennisonbertram/Develop/flipbook-research/outputs/track-c/20260424T151017Z-c2-lite-text-1280x736-s4500/render-960.png",
    "render_mid": "/Users/dennisonbertram/Develop/flipbook-research/outputs/track-c/20260424T151017Z-c2-lite-text-1280x736-s4500/render-mid.png",
    "render_last": "/Users/dennisonbertram/Develop/flipbook-research/outputs/track-c/20260424T151017Z-c2-lite-text-1280x736-s4500/render-last.png",
    "render_512": "/Users/dennisonbertram/Develop/flipbook-research/outputs/track-c/20260424T151017Z-c2-lite-text-1280x736-s4500/render-512.png",
    "crop_2x": "/Users/dennisonbertram/Develop/flipbook-research/outputs/track-c/20260424T151017Z-c2-lite-text-1280x736-s4500/crop-2x.png",
    "text_mask": "/Users/dennisonbertram/Develop/flipbook-research/outputs/track-c/20260424T151017Z-c2-lite-text-1280x736-s4500/text-mask.png",
    "text_boxes": "/Users/dennisonbertram/Develop/flipbook-research/outputs/track-c/20260424T151017Z-c2-lite-text-1280x736-s4500/text-boxes.json",
    "output": "/Users/dennisonbertram/Develop/flipbook-research/outputs/track-c/20260424T151017Z-c2-lite-text-1280x736-s4500/output.mp4",
    "metrics": "/Users/dennisonbertram/Develop/flipbook-research/outputs/track-c/20260424T151017Z-c2-lite-text-1280x736-s4500/metrics.json",
    "quality": "/Users/dennisonbertram/Develop/flipbook-research/outputs/track-c/20260424T151017Z-c2-lite-text-1280x736-s4500/quality.json"
  },
  "ocr_similarity": 0.8545454545454546,
  "layout_similarity": 0.9995036453194271,
  "motion_delta": 0.015774214640259743,
  "loop_error": 0.0007810608949512243,
  "status": "pass"
}
DONE 20260424T151017Z-c2-lite-text-1280x736-s4500 quality=0.8545 motion=0.0158
Stopping app - local entrypoint completed.
✓ App completed. View run at 
https://modal.com/apps/dennisonbertram/main/ap-JgVF6DyNQFhg7xLJXT7ion
