✓ Initialized. View run at 
https://modal.com/apps/dennisonbertram/main/ap-iRaB4KirnBT9roeWzyjBXH
✓ Created objects.
├── 🔨 Created mount 
│   /Users/dennisonbertram/Develop/flipbook-research/scripts/track_c/modal_canva
│   s_c2_lite.py
└── 🔨 Created function train_and_render_motion.
START 20260424T152418Z-c2-lite-text-frame-scale-1280x736-s4500 config={"batch_size": 131072, "channels": 16, "edge_loss_weight": 1.0, "edge_sample_ratio": 0.1, "flow_scale": 0.06, "fps": 24, "frames": 33, "freq_bands": 8, "hidden": 96, "lr": 0.01, "motion_mode": "frame-scale", "motion_strength": 0.06, "source_resolution": [1280, 736], "steps": 4500, "text_box_loss_weight": 8.0, "text_box_min_conf": 55.0, "text_box_padding": 4, "text_box_sample_ratio": 0.55, "text_boxes": "105 boxes", "time_bands": 4, "train_resolution": "1280x736", "video_viewport_mode": "zoom-pulse", "viewport_pan": 0.015, "viewport_zoom": 0.08}
{
  "canvas_type": "time-conditioned-latent-feature-grid-learned-flow-mlp-text-box-weighted",
  "train_resolution": "1280x736",
  "steps": 4500,
  "batch_size": 131072,
  "channels": 16,
  "hidden": 96,
  "freq_bands": 8,
  "time_bands": 4,
  "lr": 0.01,
  "flow_scale": 0.06,
  "motion_mode": "frame-scale",
  "motion_strength": 0.06,
  "video_viewport_mode": "zoom-pulse",
  "viewport_zoom": 0.08,
  "viewport_pan": 0.015,
  "edge_sample_ratio": 0.1,
  "edge_loss_weight": 1.0,
  "text_box_sample_ratio": 0.55,
  "text_box_loss_weight": 8.0,
  "text_box_padding": 4,
  "text_box_count": 105,
  "text_mask_coverage": 0.15400177240371704,
  "compile_ms": 29208.366082999997,
  "final_mse": 0.020954227074980736,
  "losses": [
    {
      "step": 0,
      "mse": 0.5388340950012207
    },
    {
      "step": 225,
      "mse": 0.1948864459991455
    },
    {
      "step": 450,
      "mse": 0.09197531640529633
    },
    {
      "step": 675,
      "mse": 0.06468427181243896
    },
    {
      "step": 900,
      "mse": 0.05082982778549194
    },
    {
      "step": 1125,
      "mse": 0.042438678443431854
    },
    {
      "step": 1350,
      "mse": 0.038543492555618286
    },
    {
      "step": 1575,
      "mse": 0.03804633766412735
    },
    {
      "step": 1800,
      "mse": 0.03566499799489975
    },
    {
      "step": 2025,
      "mse": 0.029333963990211487
    },
    {
      "step": 2250,
      "mse": 0.03041149117052555
    },
    {
      "step": 2475,
      "mse": 0.027229180559515953
    },
    {
      "step": 2700,
      "mse": 0.025353901088237762
    },
    {
      "step": 2925,
      "mse": 0.023855555802583694
    },
    {
      "step": 3150,
      "mse": 0.023528635501861572
    },
    {
      "step": 3375,
      "mse": 0.02290426939725876
    },
    {
      "step": 3600,
      "mse": 0.02662956714630127
    },
    {
      "step": 3825,
      "mse": 0.021871812641620636
    },
    {
      "step": 4050,
      "mse": 0.02026054449379444
    },
    {
      "step": 4275,
      "mse": 0.021119900047779083
    },
    {
      "step": 4499,
      "mse": 0.020954227074980736
    }
  ],
  "render_times": {
    "render-960.png": 14.328229000000192,
    "render-mid.png": 9.315921999998977,
    "render-last.png": 9.285654999999338,
    "render-512.png": 2.4205799999990063,
    "crop-2x.png": 9.237104000000329,
    "render-viewport-mid.png": 9.29084899999566
  },
  "render_960_ms": 14.328229000000192,
  "render_33_wall_ms": 298.9029509999952,
  "encode_ms": 259.238351999997,
  "resize_consistency": 0.9995044930299306,
  "temporal_consistency": 0.9946929099969566,
  "motion_delta_model": 0.08477349579334259,
  "loop_error_model": 0.005307090003043413,
  "description": "C2.1 neural canvas: learned frame-scale motion with OCR text-box-weighted sampling/loss",
  "run_id": "20260424T152418Z-c2-lite-text-frame-scale-1280x736-s4500",
  "commit": "nogit",
  "track": "C",
  "width": 960,
  "height": 544,
  "frames": 33,
  "fps": 24,
  "artifacts": {
    "input": "/Users/dennisonbertram/Develop/flipbook-research/outputs/track-c/20260424T152418Z-c2-lite-text-frame-scale-1280x736-s4500/input.png",
    "render_960": "/Users/dennisonbertram/Develop/flipbook-research/outputs/track-c/20260424T152418Z-c2-lite-text-frame-scale-1280x736-s4500/render-960.png",
    "render_mid": "/Users/dennisonbertram/Develop/flipbook-research/outputs/track-c/20260424T152418Z-c2-lite-text-frame-scale-1280x736-s4500/render-mid.png",
    "render_last": "/Users/dennisonbertram/Develop/flipbook-research/outputs/track-c/20260424T152418Z-c2-lite-text-frame-scale-1280x736-s4500/render-last.png",
    "render_512": "/Users/dennisonbertram/Develop/flipbook-research/outputs/track-c/20260424T152418Z-c2-lite-text-frame-scale-1280x736-s4500/render-512.png",
    "crop_2x": "/Users/dennisonbertram/Develop/flipbook-research/outputs/track-c/20260424T152418Z-c2-lite-text-frame-scale-1280x736-s4500/crop-2x.png",
    "text_mask": "/Users/dennisonbertram/Develop/flipbook-research/outputs/track-c/20260424T152418Z-c2-lite-text-frame-scale-1280x736-s4500/text-mask.png",
    "text_boxes": "/Users/dennisonbertram/Develop/flipbook-research/outputs/track-c/20260424T152418Z-c2-lite-text-frame-scale-1280x736-s4500/text-boxes.json",
    "output": "/Users/dennisonbertram/Develop/flipbook-research/outputs/track-c/20260424T152418Z-c2-lite-text-frame-scale-1280x736-s4500/output.mp4",
    "metrics": "/Users/dennisonbertram/Develop/flipbook-research/outputs/track-c/20260424T152418Z-c2-lite-text-frame-scale-1280x736-s4500/metrics.json",
    "quality": "/Users/dennisonbertram/Develop/flipbook-research/outputs/track-c/20260424T152418Z-c2-lite-text-frame-scale-1280x736-s4500/quality.json",
    "render_viewport_mid": "/Users/dennisonbertram/Develop/flipbook-research/outputs/track-c/20260424T152418Z-c2-lite-text-frame-scale-1280x736-s4500/render-viewport-mid.png"
  },
  "ocr_similarity": 0.10526315789473685,
  "layout_similarity": 0.9995044930299306,
  "motion_delta": 0.04321327805519104,
  "loop_error": 0.002562371315434575,
  "status": "pass"
}
DONE 20260424T152418Z-c2-lite-text-frame-scale-1280x736-s4500 quality=0.1053 motion=0.0432
Stopping app - local entrypoint completed.
✓ App completed. View run at 
https://modal.com/apps/dennisonbertram/main/ap-iRaB4KirnBT9roeWzyjBXH
