✓ Initialized. View run at 
https://modal.com/apps/dennisonbertram/main/ap-SH38JG394SSyrIwztMTSV4
✓ Created objects.
├── 🔨 Created mount 
│   /Users/dennisonbertram/Develop/flipbook-research/scripts/track_c/modal_canva
│   s_c2_lite.py
└── 🔨 Created function train_and_render_motion.
START 20260424T153736Z-c2-lite-text-static-layout-frame-scale-1280x736-s4500 config={"batch_size": 131072, "channels": 16, "edge_loss_weight": 1.0, "edge_sample_ratio": 0.1, "flow_scale": 0.0, "fps": 24, "frames": 33, "freq_bands": 8, "hidden": 96, "layout_transform_pan": 0.035, "layout_transform_strength": 0.18, "lr": 0.01, "min_motion_delta": 0.001, "min_ocr_similarity": 0.35, "motion_mode": "static", "motion_strength": 0.0, "source_resolution": [1280, 736], "steps": 4500, "text_box_loss_weight": 8.0, "text_box_min_conf": 55.0, "text_box_padding": 4, "text_box_sample_ratio": 0.55, "text_boxes": "105 boxes", "time_bands": 4, "train_resolution": "1280x736", "video_layout_mode": "frame-scale", "video_viewport_mode": "static", "viewport_pan": 0.0, "viewport_zoom": 0.0}
{
  "canvas_type": "stable-latent-feature-grid-layout-transform-text-box-weighted",
  "train_resolution": "1280x736",
  "steps": 4500,
  "batch_size": 131072,
  "channels": 16,
  "hidden": 96,
  "freq_bands": 8,
  "time_bands": 4,
  "lr": 0.01,
  "flow_scale": 0.0,
  "motion_mode": "static",
  "motion_strength": 0.0,
  "video_viewport_mode": "static",
  "viewport_zoom": 0.0,
  "viewport_pan": 0.0,
  "video_layout_mode": "frame-scale",
  "layout_transform_strength": 0.18,
  "layout_transform_pan": 0.035,
  "min_ocr_similarity": 0.35,
  "min_motion_delta": 0.001,
  "edge_sample_ratio": 0.1,
  "edge_loss_weight": 1.0,
  "text_box_sample_ratio": 0.55,
  "text_box_loss_weight": 8.0,
  "text_box_padding": 4,
  "text_box_count": 105,
  "text_mask_coverage": 0.15400177240371704,
  "compile_ms": 29184.452460999997,
  "final_mse": 7.563956751255319e-05,
  "losses": [
    {
      "step": 0,
      "mse": 0.6620993614196777
    },
    {
      "step": 225,
      "mse": 0.000454373104730621
    },
    {
      "step": 450,
      "mse": 0.00029338468448258936
    },
    {
      "step": 675,
      "mse": 7.897743489593267e-05
    },
    {
      "step": 900,
      "mse": 6.203891825862229e-05
    },
    {
      "step": 1125,
      "mse": 6.106888758949935e-05
    },
    {
      "step": 1350,
      "mse": 5.513027645065449e-05
    },
    {
      "step": 1575,
      "mse": 5.1424027333268896e-05
    },
    {
      "step": 1800,
      "mse": 5.0018003094010055e-05
    },
    {
      "step": 2025,
      "mse": 5.425382187240757e-05
    },
    {
      "step": 2250,
      "mse": 3.657576962723397e-05
    },
    {
      "step": 2475,
      "mse": 5.674812928191386e-05
    },
    {
      "step": 2700,
      "mse": 3.456211561569944e-05
    },
    {
      "step": 2925,
      "mse": 2.9251448722789064e-05
    },
    {
      "step": 3150,
      "mse": 1.9450115360086784e-05
    },
    {
      "step": 3375,
      "mse": 2.0362844225019217e-05
    },
    {
      "step": 3600,
      "mse": 1.728632560116239e-05
    },
    {
      "step": 3825,
      "mse": 8.742498175706714e-05
    },
    {
      "step": 4050,
      "mse": 3.596572787500918e-05
    },
    {
      "step": 4275,
      "mse": 6.379682599799708e-05
    },
    {
      "step": 4499,
      "mse": 7.563956751255319e-05
    }
  ],
  "render_times": {
    "render-960.png": 14.815367000004187,
    "render-mid.png": 9.324552999999014,
    "render-last.png": 9.333679000000927,
    "render-512.png": 2.4388690000023416,
    "crop-2x.png": 9.253383000000781,
    "render-layout-mid.png": 24.119636999998306
  },
  "render_960_ms": 14.815367000004187,
  "render_33_wall_ms": 302.06706999999966,
  "encode_ms": 256.98065499999956,
  "resize_consistency": 0.9999658688651925,
  "temporal_consistency": 0.9999999709465914,
  "motion_delta_model": 0.07398749887943268,
  "loop_error_model": 2.9053408567847328e-08,
  "description": "C2.3 neural canvas: stable content with frame-scale layout transform",
  "run_id": "20260424T153736Z-c2-lite-text-static-layout-frame-scale-1280x736-s4500",
  "commit": "nogit",
  "track": "C",
  "width": 960,
  "height": 544,
  "frames": 33,
  "fps": 24,
  "artifacts": {
    "input": "/Users/dennisonbertram/Develop/flipbook-research/outputs/track-c/20260424T153736Z-c2-lite-text-static-layout-frame-scale-1280x736-s4500/input.png",
    "render_960": "/Users/dennisonbertram/Develop/flipbook-research/outputs/track-c/20260424T153736Z-c2-lite-text-static-layout-frame-scale-1280x736-s4500/render-960.png",
    "render_mid": "/Users/dennisonbertram/Develop/flipbook-research/outputs/track-c/20260424T153736Z-c2-lite-text-static-layout-frame-scale-1280x736-s4500/render-mid.png",
    "render_last": "/Users/dennisonbertram/Develop/flipbook-research/outputs/track-c/20260424T153736Z-c2-lite-text-static-layout-frame-scale-1280x736-s4500/render-last.png",
    "render_512": "/Users/dennisonbertram/Develop/flipbook-research/outputs/track-c/20260424T153736Z-c2-lite-text-static-layout-frame-scale-1280x736-s4500/render-512.png",
    "crop_2x": "/Users/dennisonbertram/Develop/flipbook-research/outputs/track-c/20260424T153736Z-c2-lite-text-static-layout-frame-scale-1280x736-s4500/crop-2x.png",
    "text_mask": "/Users/dennisonbertram/Develop/flipbook-research/outputs/track-c/20260424T153736Z-c2-lite-text-static-layout-frame-scale-1280x736-s4500/text-mask.png",
    "text_boxes": "/Users/dennisonbertram/Develop/flipbook-research/outputs/track-c/20260424T153736Z-c2-lite-text-static-layout-frame-scale-1280x736-s4500/text-boxes.json",
    "output": "/Users/dennisonbertram/Develop/flipbook-research/outputs/track-c/20260424T153736Z-c2-lite-text-static-layout-frame-scale-1280x736-s4500/output.mp4",
    "metrics": "/Users/dennisonbertram/Develop/flipbook-research/outputs/track-c/20260424T153736Z-c2-lite-text-static-layout-frame-scale-1280x736-s4500/metrics.json",
    "quality": "/Users/dennisonbertram/Develop/flipbook-research/outputs/track-c/20260424T153736Z-c2-lite-text-static-layout-frame-scale-1280x736-s4500/quality.json",
    "render_layout_mid": "/Users/dennisonbertram/Develop/flipbook-research/outputs/track-c/20260424T153736Z-c2-lite-text-static-layout-frame-scale-1280x736-s4500/render-layout-mid.png"
  },
  "ocr_similarity": 0.36097560975609755,
  "layout_similarity": 0.9999658688651925,
  "motion_delta": 0.06001913920044899,
  "loop_error": 0.0002806523989420384,
  "status": "pass"
}
DONE 20260424T153736Z-c2-lite-text-static-layout-frame-scale-1280x736-s4500 quality=0.3610 motion=0.0600
Stopping app - local entrypoint completed.
✓ App completed. View run at 
https://modal.com/apps/dennisonbertram/main/ap-SH38JG394SSyrIwztMTSV4
