✓ Initialized. View run at 
https://modal.com/apps/dennisonbertram/main/ap-C9QRrTrCbBYQn6hFj90Pjo
✓ Created objects.
├── 🔨 Created mount 
│   /Users/dennisonbertram/Develop/flipbook-research/scripts/track_c/modal_canva
│   s_c2_lite.py
└── 🔨 Created function train_and_render_motion.
START 20260424T155913Z-c2-lite-text-static-layout-element-frame-scale-1280x736-s4500 config={"batch_size": 131072, "channels": 16, "edge_loss_weight": 1.0, "edge_sample_ratio": 0.1, "element_anchor_padding": 4, "element_scale_ratio": 0.25, "flow_scale": 0.0, "fps": 24, "frames": 33, "freq_bands": 8, "hidden": 96, "layout_transform_pan": 0.035, "layout_transform_strength": 0.18, "lr": 0.01, "min_motion_delta": 0.001, "min_ocr_similarity": 0.35, "motion_mode": "static", "motion_strength": 0.0, "source_resolution": [1280, 736], "steps": 4500, "text_box_loss_weight": 8.0, "text_box_min_conf": 55.0, "text_box_padding": 4, "text_box_sample_ratio": 0.55, "text_boxes": "105 boxes", "time_bands": 4, "train_resolution": "1280x736", "video_layout_mode": "element-frame-scale", "video_viewport_mode": "static", "viewport_pan": 0.0, "viewport_zoom": 0.0}
{
  "canvas_type": "stable-latent-feature-grid-element-anchor-layout-text-box-weighted",
  "train_resolution": "1280x736",
  "steps": 4500,
  "batch_size": 131072,
  "channels": 16,
  "hidden": 96,
  "freq_bands": 8,
  "time_bands": 4,
  "lr": 0.01,
  "flow_scale": 0.0,
  "motion_mode": "static",
  "motion_strength": 0.0,
  "video_viewport_mode": "static",
  "viewport_zoom": 0.0,
  "viewport_pan": 0.0,
  "video_layout_mode": "element-frame-scale",
  "layout_transform_strength": 0.18,
  "layout_transform_pan": 0.035,
  "element_scale_ratio": 0.25,
  "element_anchor_padding": 4,
  "element_line_count": 12,
  "min_ocr_similarity": 0.35,
  "min_motion_delta": 0.001,
  "edge_sample_ratio": 0.1,
  "edge_loss_weight": 1.0,
  "text_box_sample_ratio": 0.55,
  "text_box_loss_weight": 8.0,
  "text_box_padding": 4,
  "text_box_count": 105,
  "text_mask_coverage": 0.15400177240371704,
  "compile_ms": 29455.390472,
  "final_mse": 8.322231224155985e-06,
  "losses": [
    {
      "step": 0,
      "mse": 0.6494932174682617
    },
    {
      "step": 225,
      "mse": 0.0004605642461683601
    },
    {
      "step": 450,
      "mse": 0.0003158569452352822
    },
    {
      "step": 675,
      "mse": 0.00021880623535253108
    },
    {
      "step": 900,
      "mse": 7.80350819695741e-05
    },
    {
      "step": 1125,
      "mse": 6.83436737745069e-05
    },
    {
      "step": 1350,
      "mse": 5.4517513490282e-05
    },
    {
      "step": 1575,
      "mse": 6.065670459065586e-05
    },
    {
      "step": 1800,
      "mse": 4.315445403335616e-05
    },
    {
      "step": 2025,
      "mse": 3.450798976700753e-05
    },
    {
      "step": 2250,
      "mse": 4.038064798805863e-05
    },
    {
      "step": 2475,
      "mse": 2.161482916562818e-05
    },
    {
      "step": 2700,
      "mse": 4.249838457326405e-05
    },
    {
      "step": 2925,
      "mse": 5.047442391514778e-05
    },
    {
      "step": 3150,
      "mse": 3.291430039098486e-05
    },
    {
      "step": 3375,
      "mse": 6.059557927073911e-05
    },
    {
      "step": 3600,
      "mse": 3.2505042327102274e-05
    },
    {
      "step": 3825,
      "mse": 3.4160271752625704e-05
    },
    {
      "step": 4050,
      "mse": 5.0734994147205725e-05
    },
    {
      "step": 4275,
      "mse": 0.00017599589773453772
    },
    {
      "step": 4499,
      "mse": 8.322231224155985e-06
    }
  ],
  "render_times": {
    "render-960.png": 15.503752999997289,
    "render-mid.png": 9.370949000000905,
    "render-last.png": 9.452484999997068,
    "render-512.png": 2.560518999999317,
    "crop-2x.png": 9.29486300000093,
    "render-element-mid.png": 29.658904999998015
  },
  "render_960_ms": 15.503752999997289,
  "render_33_wall_ms": 401.1896109999995,
  "encode_ms": 546.2853499999981,
  "resize_consistency": 0.9999710507229721,
  "temporal_consistency": 0.9920768002048135,
  "motion_delta_model": 0.07571480423212051,
  "loop_error_model": 0.00792319979518652,
  "description": "C2.4 neural canvas: stable content with OCR line anchors and element-frame-scale layout transform",
  "run_id": "20260424T155913Z-c2-lite-text-static-layout-element-frame-scale-1280x736-s4500",
  "commit": "nogit",
  "track": "C",
  "width": 960,
  "height": 544,
  "frames": 33,
  "fps": 24,
  "artifacts": {
    "input": "/Users/dennisonbertram/Develop/flipbook-research/outputs/track-c/20260424T155913Z-c2-lite-text-static-layout-element-frame-scale-1280x736-s4500/input.png",
    "render_960": "/Users/dennisonbertram/Develop/flipbook-research/outputs/track-c/20260424T155913Z-c2-lite-text-static-layout-element-frame-scale-1280x736-s4500/render-960.png",
    "render_mid": "/Users/dennisonbertram/Develop/flipbook-research/outputs/track-c/20260424T155913Z-c2-lite-text-static-layout-element-frame-scale-1280x736-s4500/render-mid.png",
    "render_last": "/Users/dennisonbertram/Develop/flipbook-research/outputs/track-c/20260424T155913Z-c2-lite-text-static-layout-element-frame-scale-1280x736-s4500/render-last.png",
    "render_512": "/Users/dennisonbertram/Develop/flipbook-research/outputs/track-c/20260424T155913Z-c2-lite-text-static-layout-element-frame-scale-1280x736-s4500/render-512.png",
    "crop_2x": "/Users/dennisonbertram/Develop/flipbook-research/outputs/track-c/20260424T155913Z-c2-lite-text-static-layout-element-frame-scale-1280x736-s4500/crop-2x.png",
    "text_mask": "/Users/dennisonbertram/Develop/flipbook-research/outputs/track-c/20260424T155913Z-c2-lite-text-static-layout-element-frame-scale-1280x736-s4500/text-mask.png",
    "text_boxes": "/Users/dennisonbertram/Develop/flipbook-research/outputs/track-c/20260424T155913Z-c2-lite-text-static-layout-element-frame-scale-1280x736-s4500/text-boxes.json",
    "output": "/Users/dennisonbertram/Develop/flipbook-research/outputs/track-c/20260424T155913Z-c2-lite-text-static-layout-element-frame-scale-1280x736-s4500/output.mp4",
    "metrics": "/Users/dennisonbertram/Develop/flipbook-research/outputs/track-c/20260424T155913Z-c2-lite-text-static-layout-element-frame-scale-1280x736-s4500/metrics.json",
    "quality": "/Users/dennisonbertram/Develop/flipbook-research/outputs/track-c/20260424T155913Z-c2-lite-text-static-layout-element-frame-scale-1280x736-s4500/quality.json",
    "render_element_mid": "/Users/dennisonbertram/Develop/flipbook-research/outputs/track-c/20260424T155913Z-c2-lite-text-static-layout-element-frame-scale-1280x736-s4500/render-element-mid.png"
  },
  "ocr_similarity": 0.41237113402061853,
  "layout_similarity": 0.9999710507229721,
  "motion_delta": 0.060758594423532486,
  "loop_error": 0.0007948665879666805,
  "status": "pass"
}
DONE 20260424T155913Z-c2-lite-text-static-layout-element-frame-scale-1280x736-s4500 quality=0.4124 motion=0.0608
Stopping app - local entrypoint completed.
✓ App completed. View run at 
https://modal.com/apps/dennisonbertram/main/ap-C9QRrTrCbBYQn6hFj90Pjo
