✓ Initialized. View run at 
https://modal.com/apps/dennisonbertram/main/ap-yuN2CP50fJCIbLO6vaQQ0L
✓ Created objects.
├── 🔨 Created mount 
│   /Users/dennisonbertram/Develop/flipbook-research/scripts/track_c/modal_canva
│   s_c2_lite.py
└── 🔨 Created function train_and_render_motion.
START 20260424T165529Z-c2-lite-text-static-layout-element-frame-scale-1280x736-s4500 config={"batch_size": 131072, "channels": 16, "edge_loss_weight": 1.0, "edge_sample_ratio": 0.1, "element_anchor_padding": 4, "element_mask_mode": "text-alpha", "element_scale_ratio": 0.5, "flow_scale": 0.0, "fps": 24, "frames": 33, "freq_bands": 8, "hidden": 96, "layout_transform_pan": 0.035, "layout_transform_strength": 0.18, "lr": 0.01, "min_motion_delta": 0.001, "min_ocr_similarity": 0.35, "motion_mode": "static", "motion_strength": 0.0, "source_resolution": [1280, 736], "steps": 4500, "text_box_loss_weight": 8.0, "text_box_min_conf": 55.0, "text_box_padding": 4, "text_box_sample_ratio": 0.55, "text_boxes": "105 boxes", "time_bands": 4, "train_resolution": "1280x736", "video_layout_mode": "element-frame-scale", "video_viewport_mode": "static", "viewport_pan": 0.0, "viewport_zoom": 0.0}
{
  "canvas_type": "stable-latent-feature-grid-element-anchor-layout-text-box-weighted",
  "train_resolution": "1280x736",
  "steps": 4500,
  "batch_size": 131072,
  "channels": 16,
  "hidden": 96,
  "freq_bands": 8,
  "time_bands": 4,
  "lr": 0.01,
  "flow_scale": 0.0,
  "motion_mode": "static",
  "motion_strength": 0.0,
  "video_viewport_mode": "static",
  "viewport_zoom": 0.0,
  "viewport_pan": 0.0,
  "video_layout_mode": "element-frame-scale",
  "layout_transform_strength": 0.18,
  "layout_transform_pan": 0.035,
  "element_scale_ratio": 0.5,
  "element_anchor_padding": 4,
  "element_mask_mode": "text-alpha",
  "element_line_count": 12,
  "min_ocr_similarity": 0.35,
  "min_motion_delta": 0.001,
  "edge_sample_ratio": 0.1,
  "edge_loss_weight": 1.0,
  "text_box_sample_ratio": 0.55,
  "text_box_loss_weight": 8.0,
  "text_box_padding": 4,
  "text_box_count": 105,
  "text_mask_coverage": 0.15400177240371704,
  "element_alpha_coverage": 0.10876782983541489,
  "compile_ms": 29203.784142999997,
  "final_mse": 4.6299435780383646e-05,
  "losses": [
    {
      "step": 0,
      "mse": 0.6431482434272766
    },
    {
      "step": 225,
      "mse": 0.00043844772153533995
    },
    {
      "step": 450,
      "mse": 0.000338359153829515
    },
    {
      "step": 675,
      "mse": 0.0002511261263862252
    },
    {
      "step": 900,
      "mse": 7.871158595662564e-05
    },
    {
      "step": 1125,
      "mse": 5.94222110521514e-05
    },
    {
      "step": 1350,
      "mse": 5.827140194014646e-05
    },
    {
      "step": 1575,
      "mse": 6.027304334565997e-05
    },
    {
      "step": 1800,
      "mse": 5.428649819805287e-05
    },
    {
      "step": 2025,
      "mse": 4.353490294306539e-05
    },
    {
      "step": 2250,
      "mse": 4.740585427498445e-05
    },
    {
      "step": 2475,
      "mse": 5.0146132707595825e-05
    },
    {
      "step": 2700,
      "mse": 3.568966349121183e-05
    },
    {
      "step": 2925,
      "mse": 5.841311940457672e-05
    },
    {
      "step": 3150,
      "mse": 6.398487312253565e-05
    },
    {
      "step": 3375,
      "mse": 3.1271301850210875e-05
    },
    {
      "step": 3600,
      "mse": 4.428359534358606e-05
    },
    {
      "step": 3825,
      "mse": 4.2883377318503335e-05
    },
    {
      "step": 4050,
      "mse": 3.5976954677607864e-05
    },
    {
      "step": 4275,
      "mse": 3.436981205595657e-05
    },
    {
      "step": 4499,
      "mse": 4.6299435780383646e-05
    }
  ],
  "render_times": {
    "render-960.png": 14.307278000003976,
    "render-mid.png": 9.352649999996743,
    "render-last.png": 9.334334000001832,
    "render-512.png": 2.429096000000186,
    "crop-2x.png": 9.244865999995966,
    "render-element-mid.png": 26.98726199999868
  },
  "render_960_ms": 14.307278000003976,
  "render_33_wall_ms": 406.80520299999756,
  "encode_ms": 248.59942999999873,
  "resize_consistency": 0.9999689518768299,
  "temporal_consistency": 0.9959050663746893,
  "motion_delta_model": 0.07550328969955444,
  "loop_error_model": 0.004094933625310659,
  "description": "C2.5 neural canvas: stable content with OCR line anchors, text-alpha masks, and element-frame-scale layout transform",
  "run_id": "20260424T165529Z-c2-lite-text-static-layout-element-frame-scale-1280x736-s4500",
  "commit": "993cea2",
  "track": "C",
  "width": 960,
  "height": 544,
  "frames": 33,
  "fps": 24,
  "artifacts": {
    "input": "/Users/dennisonbertram/Develop/flipbook-research/outputs/track-c/20260424T165529Z-c2-lite-text-static-layout-element-frame-scale-1280x736-s4500/input.png",
    "render_960": "/Users/dennisonbertram/Develop/flipbook-research/outputs/track-c/20260424T165529Z-c2-lite-text-static-layout-element-frame-scale-1280x736-s4500/render-960.png",
    "render_mid": "/Users/dennisonbertram/Develop/flipbook-research/outputs/track-c/20260424T165529Z-c2-lite-text-static-layout-element-frame-scale-1280x736-s4500/render-mid.png",
    "render_last": "/Users/dennisonbertram/Develop/flipbook-research/outputs/track-c/20260424T165529Z-c2-lite-text-static-layout-element-frame-scale-1280x736-s4500/render-last.png",
    "render_512": "/Users/dennisonbertram/Develop/flipbook-research/outputs/track-c/20260424T165529Z-c2-lite-text-static-layout-element-frame-scale-1280x736-s4500/render-512.png",
    "crop_2x": "/Users/dennisonbertram/Develop/flipbook-research/outputs/track-c/20260424T165529Z-c2-lite-text-static-layout-element-frame-scale-1280x736-s4500/crop-2x.png",
    "text_mask": "/Users/dennisonbertram/Develop/flipbook-research/outputs/track-c/20260424T165529Z-c2-lite-text-static-layout-element-frame-scale-1280x736-s4500/text-mask.png",
    "element_alpha_mask": "/Users/dennisonbertram/Develop/flipbook-research/outputs/track-c/20260424T165529Z-c2-lite-text-static-layout-element-frame-scale-1280x736-s4500/element-alpha-mask.png",
    "text_boxes": "/Users/dennisonbertram/Develop/flipbook-research/outputs/track-c/20260424T165529Z-c2-lite-text-static-layout-element-frame-scale-1280x736-s4500/text-boxes.json",
    "output": "/Users/dennisonbertram/Develop/flipbook-research/outputs/track-c/20260424T165529Z-c2-lite-text-static-layout-element-frame-scale-1280x736-s4500/output.mp4",
    "metrics": "/Users/dennisonbertram/Develop/flipbook-research/outputs/track-c/20260424T165529Z-c2-lite-text-static-layout-element-frame-scale-1280x736-s4500/metrics.json",
    "quality": "/Users/dennisonbertram/Develop/flipbook-research/outputs/track-c/20260424T165529Z-c2-lite-text-static-layout-element-frame-scale-1280x736-s4500/quality.json",
    "render_element_mid": "/Users/dennisonbertram/Develop/flipbook-research/outputs/track-c/20260424T165529Z-c2-lite-text-static-layout-element-frame-scale-1280x736-s4500/render-element-mid.png"
  },
  "ocr_similarity": 0.04678362573099415,
  "layout_similarity": 0.9999689518768299,
  "motion_delta": 0.06129531189799309,
  "loop_error": 0.0006309004966169596,
  "status": "near_miss"
}
DONE 20260424T165529Z-c2-lite-text-static-layout-element-frame-scale-1280x736-s4500 quality=0.0468 motion=0.0613
Stopping app - local entrypoint completed.
✓ App completed. View run at 
https://modal.com/apps/dennisonbertram/main/ap-yuN2CP50fJCIbLO6vaQQ0L
