✓ Initialized. View run at 
https://modal.com/apps/dennisonbertram/main/ap-LntsBNuTA3sE58ri3BNxjB
✓ Created objects.
├── 🔨 Created mount 
│   /Users/dennisonbertram/Develop/flipbook-research/scripts/track_c/modal_canva
│   s_c2_lite.py
└── 🔨 Created function train_and_render_motion.
START 20260424T165342Z-c2-lite-text-responsive-squeeze-1280x736-s4500 config={"batch_size": 131072, "channels": 16, "edge_loss_weight": 1.0, "edge_sample_ratio": 0.1, "element_anchor_padding": 3, "element_mask_mode": "rectangle", "element_scale_ratio": 0.25, "flow_scale": 0.1, "fps": 24, "frames": 33, "freq_bands": 8, "hidden": 96, "layout_transform_pan": 0.0, "layout_transform_strength": 0.0, "lr": 0.01, "min_motion_delta": 0.001, "min_ocr_similarity": 0.25, "motion_mode": "responsive-squeeze", "motion_strength": 0.1, "source_resolution": [1280, 736], "steps": 4500, "text_box_loss_weight": 8.0, "text_box_min_conf": 55.0, "text_box_padding": 4, "text_box_sample_ratio": 0.55, "text_boxes": "105 boxes", "time_bands": 4, "train_resolution": "1280x736", "video_layout_mode": "none", "video_viewport_mode": "zoom-pulse", "viewport_pan": 0.015, "viewport_zoom": 0.08}
{
  "canvas_type": "time-conditioned-latent-feature-grid-learned-flow-mlp-text-box-weighted",
  "train_resolution": "1280x736",
  "steps": 4500,
  "batch_size": 131072,
  "channels": 16,
  "hidden": 96,
  "freq_bands": 8,
  "time_bands": 4,
  "lr": 0.01,
  "flow_scale": 0.1,
  "motion_mode": "responsive-squeeze",
  "motion_strength": 0.1,
  "video_viewport_mode": "zoom-pulse",
  "viewport_zoom": 0.08,
  "viewport_pan": 0.015,
  "video_layout_mode": "none",
  "layout_transform_strength": 0.0,
  "layout_transform_pan": 0.0,
  "element_scale_ratio": 0.25,
  "element_anchor_padding": 3,
  "element_mask_mode": "rectangle",
  "element_line_count": 12,
  "min_ocr_similarity": 0.25,
  "min_motion_delta": 0.001,
  "edge_sample_ratio": 0.1,
  "edge_loss_weight": 1.0,
  "text_box_sample_ratio": 0.55,
  "text_box_loss_weight": 8.0,
  "text_box_padding": 4,
  "text_box_count": 105,
  "text_mask_coverage": 0.15400177240371704,
  "element_alpha_coverage": 0.10876782983541489,
  "compile_ms": 28752.156306999997,
  "final_mse": 0.02485048398375511,
  "losses": [
    {
      "step": 0,
      "mse": 0.4884774386882782
    },
    {
      "step": 225,
      "mse": 0.10798358172178268
    },
    {
      "step": 450,
      "mse": 0.07552017271518707
    },
    {
      "step": 675,
      "mse": 0.05965106561779976
    },
    {
      "step": 900,
      "mse": 0.05264919251203537
    },
    {
      "step": 1125,
      "mse": 0.046913329511880875
    },
    {
      "step": 1350,
      "mse": 0.04283703863620758
    },
    {
      "step": 1575,
      "mse": 0.038636960089206696
    },
    {
      "step": 1800,
      "mse": 0.037124957889318466
    },
    {
      "step": 2025,
      "mse": 0.034844011068344116
    },
    {
      "step": 2250,
      "mse": 0.03558184206485748
    },
    {
      "step": 2475,
      "mse": 0.03163948655128479
    },
    {
      "step": 2700,
      "mse": 0.02996584214270115
    },
    {
      "step": 2925,
      "mse": 0.03028535470366478
    },
    {
      "step": 3150,
      "mse": 0.02844073250889778
    },
    {
      "step": 3375,
      "mse": 0.028364034369587898
    },
    {
      "step": 3600,
      "mse": 0.02689921297132969
    },
    {
      "step": 3825,
      "mse": 0.026419656351208687
    },
    {
      "step": 4050,
      "mse": 0.025345351547002792
    },
    {
      "step": 4275,
      "mse": 0.025308474898338318
    },
    {
      "step": 4499,
      "mse": 0.02485048398375511
    }
  ],
  "render_times": {
    "render-960.png": 14.948069000006114,
    "render-mid.png": 9.314651000003948,
    "render-last.png": 9.30495100000428,
    "render-512.png": 2.380551000001674,
    "crop-2x.png": 9.243888999996841,
    "render-viewport-mid.png": 9.29809000000148
  },
  "render_960_ms": 14.948069000006114,
  "render_33_wall_ms": 298.9830220000016,
  "encode_ms": 276.9404559999984,
  "resize_consistency": 0.9996517787993481,
  "temporal_consistency": 0.9988384307362139,
  "motion_delta_model": 0.0787326991558075,
  "loop_error_model": 0.0011615692637860775,
  "description": "C2.1 neural canvas: learned responsive-squeeze motion with OCR text-box-weighted sampling/loss",
  "run_id": "20260424T165342Z-c2-lite-text-responsive-squeeze-1280x736-s4500",
  "commit": "993cea2",
  "track": "C",
  "width": 960,
  "height": 544,
  "frames": 33,
  "fps": 24,
  "artifacts": {
    "input": "/Users/dennisonbertram/Develop/flipbook-research/outputs/track-c/20260424T165342Z-c2-lite-text-responsive-squeeze-1280x736-s4500/input.png",
    "render_960": "/Users/dennisonbertram/Develop/flipbook-research/outputs/track-c/20260424T165342Z-c2-lite-text-responsive-squeeze-1280x736-s4500/render-960.png",
    "render_mid": "/Users/dennisonbertram/Develop/flipbook-research/outputs/track-c/20260424T165342Z-c2-lite-text-responsive-squeeze-1280x736-s4500/render-mid.png",
    "render_last": "/Users/dennisonbertram/Develop/flipbook-research/outputs/track-c/20260424T165342Z-c2-lite-text-responsive-squeeze-1280x736-s4500/render-last.png",
    "render_512": "/Users/dennisonbertram/Develop/flipbook-research/outputs/track-c/20260424T165342Z-c2-lite-text-responsive-squeeze-1280x736-s4500/render-512.png",
    "crop_2x": "/Users/dennisonbertram/Develop/flipbook-research/outputs/track-c/20260424T165342Z-c2-lite-text-responsive-squeeze-1280x736-s4500/crop-2x.png",
    "text_mask": "/Users/dennisonbertram/Develop/flipbook-research/outputs/track-c/20260424T165342Z-c2-lite-text-responsive-squeeze-1280x736-s4500/text-mask.png",
    "element_alpha_mask": "/Users/dennisonbertram/Develop/flipbook-research/outputs/track-c/20260424T165342Z-c2-lite-text-responsive-squeeze-1280x736-s4500/element-alpha-mask.png",
    "text_boxes": "/Users/dennisonbertram/Develop/flipbook-research/outputs/track-c/20260424T165342Z-c2-lite-text-responsive-squeeze-1280x736-s4500/text-boxes.json",
    "output": "/Users/dennisonbertram/Develop/flipbook-research/outputs/track-c/20260424T165342Z-c2-lite-text-responsive-squeeze-1280x736-s4500/output.mp4",
    "metrics": "/Users/dennisonbertram/Develop/flipbook-research/outputs/track-c/20260424T165342Z-c2-lite-text-responsive-squeeze-1280x736-s4500/metrics.json",
    "quality": "/Users/dennisonbertram/Develop/flipbook-research/outputs/track-c/20260424T165342Z-c2-lite-text-responsive-squeeze-1280x736-s4500/quality.json",
    "render_viewport_mid": "/Users/dennisonbertram/Develop/flipbook-research/outputs/track-c/20260424T165342Z-c2-lite-text-responsive-squeeze-1280x736-s4500/render-viewport-mid.png"
  },
  "ocr_similarity": 0.726457399103139,
  "layout_similarity": 0.9996517787993481,
  "motion_delta": 0.053733017295598984,
  "loop_error": 0.0008773223962634802,
  "status": "pass"
}
DONE 20260424T165342Z-c2-lite-text-responsive-squeeze-1280x736-s4500 quality=0.7265 motion=0.0537
Stopping app - local entrypoint completed.
✓ App completed. View run at 
https://modal.com/apps/dennisonbertram/main/ap-LntsBNuTA3sE58ri3BNxjB
