✓ Initialized. View run at 
https://modal.com/apps/dennisonbertram/main/ap-GrVj7NT0krzR8RzCWqfB3I
✓ Created objects.
├── 🔨 Created mount 
│   /Users/dennisonbertram/Develop/flipbook-research/scripts/track_c/modal_canva
│   s_c2_lite.py
└── 🔨 Created function train_and_render_motion.
Stopping app - uncaught exception raised locally: FileExistsError(17, 'File exists').
╭───────────────────── Traceback (most recent call last) ──────────────────────╮
│ /Users/dennisonbertram/Develop/flipbook-research/scripts/track_c/modal_canva │
│ s_c2_lite.py:879 in main                                                     │
│                                                                              │
│   878 │   run_dir = OUTPUT_ROOT / run_id                                     │
│ ❱ 879 │   run_dir.mkdir(parents=True, exist_ok=False)                        │
│   880 │   input_path = run_dir / "input.png"                                 │
│                                                                              │
│ /opt/homebrew/Cellar/python@3.14/3.14.3_1/Frameworks/Python.framework/Versio │
│ ns/3.14/lib/python3.14/pathlib/__init__.py:1011 in mkdir                     │
│                                                                              │
│   1010 │   │   try:                                                          │
│ ❱ 1011 │   │   │   os.mkdir(self, mode)                                      │
│   1012 │   │   except FileNotFoundError:                                     │
╰──────────────────────────────────────────────────────────────────────────────╯
FileExistsError: [Errno 17] File exists: 
'/Users/dennisonbertram/Develop/flipbook-research/outputs/track-c/20260424T16552
9Z-c2-lite-text-static-layout-element-frame-scale-1280x736-s4500'
