✓ Initialized. View run at 
https://modal.com/apps/dennisonbertram/main/ap-Q1HJRtIosm2s6cqPRzQuqf
✓ Created objects.
├── 🔨 Created mount 
│   /Users/dennisonbertram/Develop/flipbook-research/scripts/track_c/modal_canva
│   s_c2_lite.py
└── 🔨 Created function train_and_render_motion.
START 20260424T174558341805Z-c2-lite-text-responsive-squeeze-c26-responsive-xstrong-1280x736-s4500 config={"batch_size": 131072, "channels": 16, "edge_loss_weight": 1.0, "edge_sample_ratio": 0.1, "element_anchor_mode": "line", "element_anchor_padding": 3, "element_mask_mode": "rectangle", "element_scale_ratio": 0.25, "experiment_label": "c26-responsive-xstrong", "flow_scale": 0.22, "fps": 24, "frames": 33, "freq_bands": 8, "hidden": 96, "layout_transform_pan": 0.0, "layout_transform_strength": 0.0, "lr": 0.01, "min_motion_delta": 0.001, "min_ocr_similarity": 0.25, "motion_mode": "responsive-squeeze", "motion_strength": 0.22, "source_resolution": [1280, 736], "steps": 4500, "text_box_loss_weight": 8.0, "text_box_min_conf": 55.0, "text_box_padding": 4, "text_box_sample_ratio": 0.55, "text_boxes": "105 boxes", "time_bands": 4, "train_resolution": "1280x736", "video_layout_mode": "none", "video_viewport_mode": "zoom-pulse", "viewport_pan": 0.035, "viewport_zoom": 0.16}
{
  "canvas_type": "time-conditioned-latent-feature-grid-learned-flow-mlp-text-box-weighted",
  "train_resolution": "1280x736",
  "steps": 4500,
  "batch_size": 131072,
  "channels": 16,
  "hidden": 96,
  "freq_bands": 8,
  "time_bands": 4,
  "lr": 0.01,
  "flow_scale": 0.22,
  "motion_mode": "responsive-squeeze",
  "motion_strength": 0.22,
  "video_viewport_mode": "zoom-pulse",
  "viewport_zoom": 0.16,
  "viewport_pan": 0.035,
  "video_layout_mode": "none",
  "layout_transform_strength": 0.0,
  "layout_transform_pan": 0.0,
  "element_scale_ratio": 0.25,
  "element_anchor_padding": 3,
  "element_mask_mode": "rectangle",
  "element_anchor_mode": "line",
  "element_line_count": 12,
  "min_ocr_similarity": 0.25,
  "min_motion_delta": 0.001,
  "edge_sample_ratio": 0.1,
  "edge_loss_weight": 1.0,
  "text_box_sample_ratio": 0.55,
  "text_box_loss_weight": 8.0,
  "text_box_padding": 4,
  "text_box_count": 105,
  "text_mask_coverage": 0.15400177240371704,
  "element_alpha_coverage": 0.10876782983541489,
  "compile_ms": 28408.315152,
  "final_mse": 0.0869310274720192,
  "losses": [
    {
      "step": 0,
      "mse": 0.4459460377693176
    },
    {
      "step": 225,
      "mse": 0.13130833208560944
    },
    {
      "step": 450,
      "mse": 0.10024803876876831
    },
    {
      "step": 675,
      "mse": 0.11978528648614883
    },
    {
      "step": 900,
      "mse": 0.09784452617168427
    },
    {
      "step": 1125,
      "mse": 0.09331661462783813
    },
    {
      "step": 1350,
      "mse": 0.06609392166137695
    },
    {
      "step": 1575,
      "mse": 0.05833917111158371
    },
    {
      "step": 1800,
      "mse": 0.054057858884334564
    },
    {
      "step": 2025,
      "mse": 0.05232121795415878
    },
    {
      "step": 2250,
      "mse": 0.05030938610434532
    },
    {
      "step": 2475,
      "mse": 0.04813215881586075
    },
    {
      "step": 2700,
      "mse": 0.046669524163007736
    },
    {
      "step": 2925,
      "mse": 0.04764880612492561
    },
    {
      "step": 3150,
      "mse": 0.06273698806762695
    },
    {
      "step": 3375,
      "mse": 0.08020716905593872
    },
    {
      "step": 3600,
      "mse": 0.12510743737220764
    },
    {
      "step": 3825,
      "mse": 0.10548289120197296
    },
    {
      "step": 4050,
      "mse": 0.09708254784345627
    },
    {
      "step": 4275,
      "mse": 0.09165161848068237
    },
    {
      "step": 4499,
      "mse": 0.0869310274720192
    }
  ],
  "render_times": {
    "render-960.png": 16.693950000004065,
    "render-mid.png": 9.311960000005115,
    "render-last.png": 9.293524000000275,
    "render-512.png": 2.3740070000002333,
    "crop-2x.png": 9.262526000000548,
    "render-viewport-mid.png": 9.290345000003697
  },
  "render_960_ms": 16.693950000004065,
  "render_33_wall_ms": 298.80201400000317,
  "encode_ms": 256.4636659999948,
  "resize_consistency": 0.9980805289309926,
  "temporal_consistency": 0.9987509809434414,
  "motion_delta_model": 0.08392571657896042,
  "loop_error_model": 0.001249019056558609,
  "description": "C2.1 neural canvas: learned responsive-squeeze motion with OCR text-box-weighted sampling/loss",
  "run_id": "20260424T174558341805Z-c2-lite-text-responsive-squeeze-c26-responsive-xstrong-1280x736-s4500",
  "commit": "53a7a33",
  "track": "C",
  "width": 960,
  "height": 544,
  "frames": 33,
  "fps": 24,
  "artifacts": {
    "input": "/Users/dennisonbertram/Develop/flipbook-research/outputs/track-c/20260424T174558341805Z-c2-lite-text-responsive-squeeze-c26-responsive-xstrong-1280x736-s4500/input.png",
    "render_960": "/Users/dennisonbertram/Develop/flipbook-research/outputs/track-c/20260424T174558341805Z-c2-lite-text-responsive-squeeze-c26-responsive-xstrong-1280x736-s4500/render-960.png",
    "render_mid": "/Users/dennisonbertram/Develop/flipbook-research/outputs/track-c/20260424T174558341805Z-c2-lite-text-responsive-squeeze-c26-responsive-xstrong-1280x736-s4500/render-mid.png",
    "render_last": "/Users/dennisonbertram/Develop/flipbook-research/outputs/track-c/20260424T174558341805Z-c2-lite-text-responsive-squeeze-c26-responsive-xstrong-1280x736-s4500/render-last.png",
    "render_512": "/Users/dennisonbertram/Develop/flipbook-research/outputs/track-c/20260424T174558341805Z-c2-lite-text-responsive-squeeze-c26-responsive-xstrong-1280x736-s4500/render-512.png",
    "crop_2x": "/Users/dennisonbertram/Develop/flipbook-research/outputs/track-c/20260424T174558341805Z-c2-lite-text-responsive-squeeze-c26-responsive-xstrong-1280x736-s4500/crop-2x.png",
    "text_mask": "/Users/dennisonbertram/Develop/flipbook-research/outputs/track-c/20260424T174558341805Z-c2-lite-text-responsive-squeeze-c26-responsive-xstrong-1280x736-s4500/text-mask.png",
    "element_alpha_mask": "/Users/dennisonbertram/Develop/flipbook-research/outputs/track-c/20260424T174558341805Z-c2-lite-text-responsive-squeeze-c26-responsive-xstrong-1280x736-s4500/element-alpha-mask.png",
    "text_boxes": "/Users/dennisonbertram/Develop/flipbook-research/outputs/track-c/20260424T174558341805Z-c2-lite-text-responsive-squeeze-c26-responsive-xstrong-1280x736-s4500/text-boxes.json",
    "output": "/Users/dennisonbertram/Develop/flipbook-research/outputs/track-c/20260424T174558341805Z-c2-lite-text-responsive-squeeze-c26-responsive-xstrong-1280x736-s4500/output.mp4",
    "metrics": "/Users/dennisonbertram/Develop/flipbook-research/outputs/track-c/20260424T174558341805Z-c2-lite-text-responsive-squeeze-c26-responsive-xstrong-1280x736-s4500/metrics.json",
    "quality": "/Users/dennisonbertram/Develop/flipbook-research/outputs/track-c/20260424T174558341805Z-c2-lite-text-responsive-squeeze-c26-responsive-xstrong-1280x736-s4500/quality.json",
    "render_viewport_mid": "/Users/dennisonbertram/Develop/flipbook-research/outputs/track-c/20260424T174558341805Z-c2-lite-text-responsive-squeeze-c26-responsive-xstrong-1280x736-s4500/render-viewport-mid.png"
  },
  "ocr_similarity": 0.2,
  "layout_similarity": 0.9980805289309926,
  "motion_delta": 0.06868721544742584,
  "loop_error": 0.0008879130473360419,
  "status": "near_miss"
}
DONE 20260424T174558341805Z-c2-lite-text-responsive-squeeze-c26-responsive-xstrong-1280x736-s4500 quality=0.2000 motion=0.0687
Stopping app - local entrypoint completed.
✓ App completed. View run at 
https://modal.com/apps/dennisonbertram/main/ap-Q1HJRtIosm2s6cqPRzQuqf
