✓ Initialized. View run at 
https://modal.com/apps/dennisonbertram/main/ap-ZZAH4lgnvpKTYsU648su0A
✓ Created objects.
├── 🔨 Created mount 
│   /Users/dennisonbertram/Develop/flipbook-research/scripts/track_c/modal_canva
│   s_c2_lite.py
└── 🔨 Created function train_and_render_motion.
START 20260424T174026078431Z-c2-lite-text-static-layout-element-frame-scale-c26-word-rect-r010-1280x736-s4500 config={"batch_size": 131072, "channels": 16, "edge_loss_weight": 1.0, "edge_sample_ratio": 0.1, "element_anchor_mode": "word", "element_anchor_padding": 3, "element_mask_mode": "rectangle", "element_scale_ratio": 0.1, "experiment_label": "c26-word-rect-r010", "flow_scale": 0.0, "fps": 24, "frames": 33, "freq_bands": 8, "hidden": 96, "layout_transform_pan": 0.035, "layout_transform_strength": 0.18, "lr": 0.01, "min_motion_delta": 0.001, "min_ocr_similarity": 0.35, "motion_mode": "static", "motion_strength": 0.0, "source_resolution": [1280, 736], "steps": 4500, "text_box_loss_weight": 8.0, "text_box_min_conf": 55.0, "text_box_padding": 4, "text_box_sample_ratio": 0.55, "text_boxes": "105 boxes", "time_bands": 4, "train_resolution": "1280x736", "video_layout_mode": "element-frame-scale", "video_viewport_mode": "static", "viewport_pan": 0.0, "viewport_zoom": 0.0}
{
  "canvas_type": "stable-latent-feature-grid-element-anchor-layout-text-box-weighted",
  "train_resolution": "1280x736",
  "steps": 4500,
  "batch_size": 131072,
  "channels": 16,
  "hidden": 96,
  "freq_bands": 8,
  "time_bands": 4,
  "lr": 0.01,
  "flow_scale": 0.0,
  "motion_mode": "static",
  "motion_strength": 0.0,
  "video_viewport_mode": "static",
  "viewport_zoom": 0.0,
  "viewport_pan": 0.0,
  "video_layout_mode": "element-frame-scale",
  "layout_transform_strength": 0.18,
  "layout_transform_pan": 0.035,
  "element_scale_ratio": 0.1,
  "element_anchor_padding": 3,
  "element_mask_mode": "rectangle",
  "element_anchor_mode": "word",
  "element_line_count": 105,
  "min_ocr_similarity": 0.35,
  "min_motion_delta": 0.001,
  "edge_sample_ratio": 0.1,
  "edge_loss_weight": 1.0,
  "text_box_sample_ratio": 0.55,
  "text_box_loss_weight": 8.0,
  "text_box_padding": 4,
  "text_box_count": 105,
  "text_mask_coverage": 0.15400177240371704,
  "element_alpha_coverage": 0.10876782983541489,
  "compile_ms": 29440.505896000002,
  "final_mse": 2.5289020413765684e-05,
  "losses": [
    {
      "step": 0,
      "mse": 0.6672745943069458
    },
    {
      "step": 225,
      "mse": 0.00046820385614410043
    },
    {
      "step": 450,
      "mse": 0.00032669026404619217
    },
    {
      "step": 675,
      "mse": 0.00023590670025441796
    },
    {
      "step": 900,
      "mse": 8.657078433316201e-05
    },
    {
      "step": 1125,
      "mse": 6.490548548754305e-05
    },
    {
      "step": 1350,
      "mse": 5.84967274335213e-05
    },
    {
      "step": 1575,
      "mse": 6.031594966771081e-05
    },
    {
      "step": 1800,
      "mse": 4.08440173487179e-05
    },
    {
      "step": 2025,
      "mse": 8.22008732939139e-05
    },
    {
      "step": 2250,
      "mse": 7.476077735191211e-05
    },
    {
      "step": 2475,
      "mse": 5.103995863464661e-05
    },
    {
      "step": 2700,
      "mse": 5.1149130740668625e-05
    },
    {
      "step": 2925,
      "mse": 3.878978532156907e-05
    },
    {
      "step": 3150,
      "mse": 8.011703175725415e-05
    },
    {
      "step": 3375,
      "mse": 4.926162364427e-05
    },
    {
      "step": 3600,
      "mse": 3.7960569898132235e-05
    },
    {
      "step": 3825,
      "mse": 7.048184488667175e-05
    },
    {
      "step": 4050,
      "mse": 3.194852979504503e-05
    },
    {
      "step": 4275,
      "mse": 3.5922937968280166e-05
    },
    {
      "step": 4499,
      "mse": 2.5289020413765684e-05
    }
  ],
  "render_times": {
    "render-960.png": 15.631431999999279,
    "render-mid.png": 9.643476999997347,
    "render-last.png": 9.464397999998653,
    "render-512.png": 2.5410219999955075,
    "crop-2x.png": 9.398926000002916,
    "render-element-mid.png": 123.32922600000273
  },
  "render_960_ms": 15.631431999999279,
  "render_33_wall_ms": 3172.4521900000013,
  "encode_ms": 526.5063559999987,
  "resize_consistency": 0.9999684616493656,
  "temporal_consistency": 0.9909374257549644,
  "motion_delta_model": 0.07477448880672455,
  "loop_error_model": 0.009062574245035648,
  "description": "C2.6 neural canvas: stable content with OCR word anchors, rectangle masks, and element-frame-scale layout transform",
  "run_id": "20260424T174026078431Z-c2-lite-text-static-layout-element-frame-scale-c26-word-rect-r010-1280x736-s4500",
  "commit": "53a7a33",
  "track": "C",
  "width": 960,
  "height": 544,
  "frames": 33,
  "fps": 24,
  "artifacts": {
    "input": "/Users/dennisonbertram/Develop/flipbook-research/outputs/track-c/20260424T174026078431Z-c2-lite-text-static-layout-element-frame-scale-c26-word-rect-r010-1280x736-s4500/input.png",
    "render_960": "/Users/dennisonbertram/Develop/flipbook-research/outputs/track-c/20260424T174026078431Z-c2-lite-text-static-layout-element-frame-scale-c26-word-rect-r010-1280x736-s4500/render-960.png",
    "render_mid": "/Users/dennisonbertram/Develop/flipbook-research/outputs/track-c/20260424T174026078431Z-c2-lite-text-static-layout-element-frame-scale-c26-word-rect-r010-1280x736-s4500/render-mid.png",
    "render_last": "/Users/dennisonbertram/Develop/flipbook-research/outputs/track-c/20260424T174026078431Z-c2-lite-text-static-layout-element-frame-scale-c26-word-rect-r010-1280x736-s4500/render-last.png",
    "render_512": "/Users/dennisonbertram/Develop/flipbook-research/outputs/track-c/20260424T174026078431Z-c2-lite-text-static-layout-element-frame-scale-c26-word-rect-r010-1280x736-s4500/render-512.png",
    "crop_2x": "/Users/dennisonbertram/Develop/flipbook-research/outputs/track-c/20260424T174026078431Z-c2-lite-text-static-layout-element-frame-scale-c26-word-rect-r010-1280x736-s4500/crop-2x.png",
    "text_mask": "/Users/dennisonbertram/Develop/flipbook-research/outputs/track-c/20260424T174026078431Z-c2-lite-text-static-layout-element-frame-scale-c26-word-rect-r010-1280x736-s4500/text-mask.png",
    "element_alpha_mask": "/Users/dennisonbertram/Develop/flipbook-research/outputs/track-c/20260424T174026078431Z-c2-lite-text-static-layout-element-frame-scale-c26-word-rect-r010-1280x736-s4500/element-alpha-mask.png",
    "text_boxes": "/Users/dennisonbertram/Develop/flipbook-research/outputs/track-c/20260424T174026078431Z-c2-lite-text-static-layout-element-frame-scale-c26-word-rect-r010-1280x736-s4500/text-boxes.json",
    "output": "/Users/dennisonbertram/Develop/flipbook-research/outputs/track-c/20260424T174026078431Z-c2-lite-text-static-layout-element-frame-scale-c26-word-rect-r010-1280x736-s4500/output.mp4",
    "metrics": "/Users/dennisonbertram/Develop/flipbook-research/outputs/track-c/20260424T174026078431Z-c2-lite-text-static-layout-element-frame-scale-c26-word-rect-r010-1280x736-s4500/metrics.json",
    "quality": "/Users/dennisonbertram/Develop/flipbook-research/outputs/track-c/20260424T174026078431Z-c2-lite-text-static-layout-element-frame-scale-c26-word-rect-r010-1280x736-s4500/quality.json",
    "render_element_mid": "/Users/dennisonbertram/Develop/flipbook-research/outputs/track-c/20260424T174026078431Z-c2-lite-text-static-layout-element-frame-scale-c26-word-rect-r010-1280x736-s4500/render-element-mid.png"
  },
  "ocr_similarity": 0.1142857142857143,
  "layout_similarity": 0.9999684616493656,
  "motion_delta": 0.060444656759500504,
  "loop_error": 0.00036443202407099307,
  "status": "near_miss"
}
DONE 20260424T174026078431Z-c2-lite-text-static-layout-element-frame-scale-c26-word-rect-r010-1280x736-s4500 quality=0.1143 motion=0.0604
Stopping app - local entrypoint completed.
✓ App completed. View run at 
https://modal.com/apps/dennisonbertram/main/ap-ZZAH4lgnvpKTYsU648su0A
