✓ Initialized. View run at 
https://modal.com/apps/dennisonbertram/main/ap-Le6lpMZmWTFIJiPwg6jMUU
✓ Created objects.
├── 🔨 Created mount 
│   /Users/dennisonbertram/Develop/flipbook-research/scripts/track_c/modal_canva
│   s_c2_lite.py
└── 🔨 Created function train_and_render_motion.
START 20260424T181541511063Z-c2-lite-text-static-layout-element-frame-scale-c27-line-rect-r0075-1280x736-s4500 config={"batch_size": 131072, "channels": 16, "edge_loss_weight": 1.0, "edge_sample_ratio": 0.1, "element_anchor_mode": "line", "element_anchor_padding": 4, "element_mask_mode": "rectangle", "element_scale_ratio": 0.075, "experiment_label": "c27-line-rect-r0075", "flow_scale": 0.0, "fps": 24, "frames": 33, "freq_bands": 8, "hidden": 96, "layout_transform_pan": 0.035, "layout_transform_strength": 0.18, "lr": 0.01, "min_motion_delta": 0.001, "min_ocr_similarity": 0.35, "motion_mode": "static", "motion_strength": 0.0, "source_resolution": [1280, 736], "steps": 4500, "text_box_loss_weight": 8.0, "text_box_min_conf": 55.0, "text_box_padding": 4, "text_box_sample_ratio": 0.55, "text_boxes": "105 boxes", "time_bands": 4, "train_resolution": "1280x736", "video_layout_mode": "element-frame-scale", "video_viewport_mode": "static", "viewport_pan": 0.0, "viewport_zoom": 0.0}
{
  "canvas_type": "stable-latent-feature-grid-element-anchor-layout-text-box-weighted",
  "train_resolution": "1280x736",
  "steps": 4500,
  "batch_size": 131072,
  "channels": 16,
  "hidden": 96,
  "freq_bands": 8,
  "time_bands": 4,
  "lr": 0.01,
  "flow_scale": 0.0,
  "motion_mode": "static",
  "motion_strength": 0.0,
  "video_viewport_mode": "static",
  "viewport_zoom": 0.0,
  "viewport_pan": 0.0,
  "video_layout_mode": "element-frame-scale",
  "layout_transform_strength": 0.18,
  "layout_transform_pan": 0.035,
  "element_scale_ratio": 0.075,
  "element_anchor_padding": 4,
  "element_mask_mode": "rectangle",
  "element_anchor_mode": "line",
  "element_line_count": 12,
  "min_ocr_similarity": 0.35,
  "min_motion_delta": 0.001,
  "edge_sample_ratio": 0.1,
  "edge_loss_weight": 1.0,
  "text_box_sample_ratio": 0.55,
  "text_box_loss_weight": 8.0,
  "text_box_padding": 4,
  "text_box_count": 105,
  "text_mask_coverage": 0.15400177240371704,
  "element_alpha_coverage": 0.10876782983541489,
  "compile_ms": 29194.599136,
  "final_mse": 1.7967046005651355e-05,
  "losses": [
    {
      "step": 0,
      "mse": 0.6852755546569824
    },
    {
      "step": 225,
      "mse": 0.00045035587390884757
    },
    {
      "step": 450,
      "mse": 0.0003131931589450687
    },
    {
      "step": 675,
      "mse": 0.00017625855980440974
    },
    {
      "step": 900,
      "mse": 6.758388190064579e-05
    },
    {
      "step": 1125,
      "mse": 6.466450577136129e-05
    },
    {
      "step": 1350,
      "mse": 5.4133142839418724e-05
    },
    {
      "step": 1575,
      "mse": 4.674438605434261e-05
    },
    {
      "step": 1800,
      "mse": 4.02939913328737e-05
    },
    {
      "step": 2025,
      "mse": 5.5174969020299613e-05
    },
    {
      "step": 2250,
      "mse": 4.584924317896366e-05
    },
    {
      "step": 2475,
      "mse": 4.923047890770249e-05
    },
    {
      "step": 2700,
      "mse": 3.5200155252823606e-05
    },
    {
      "step": 2925,
      "mse": 2.3150289052864537e-05
    },
    {
      "step": 3150,
      "mse": 5.109647463541478e-05
    },
    {
      "step": 3375,
      "mse": 5.464247442432679e-05
    },
    {
      "step": 3600,
      "mse": 4.398966484586708e-05
    },
    {
      "step": 3825,
      "mse": 4.1766186768654734e-05
    },
    {
      "step": 4050,
      "mse": 4.9721489631338045e-05
    },
    {
      "step": 4275,
      "mse": 2.8842083338531666e-05
    },
    {
      "step": 4499,
      "mse": 1.7967046005651355e-05
    }
  ],
  "render_times": {
    "render-960.png": 14.61794999999455,
    "render-mid.png": 9.333619999999598,
    "render-last.png": 9.307601000003274,
    "render-512.png": 2.420927000002848,
    "crop-2x.png": 9.274443000002464,
    "render-element-mid.png": 27.02668399999908
  },
  "render_960_ms": 14.61794999999455,
  "render_33_wall_ms": 400.65861799999425,
  "encode_ms": 249.37984399999635,
  "resize_consistency": 0.9999721728284191,
  "temporal_consistency": 0.9920416241511703,
  "motion_delta_model": 0.07643328607082367,
  "loop_error_model": 0.007958375848829746,
  "description": "C2.6 neural canvas: stable content with OCR line anchors, rectangle masks, and element-frame-scale layout transform",
  "run_id": "20260424T181541511063Z-c2-lite-text-static-layout-element-frame-scale-c27-line-rect-r0075-1280x736-s4500",
  "commit": "3a9f217",
  "track": "C",
  "width": 960,
  "height": 544,
  "frames": 33,
  "fps": 24,
  "artifacts": {
    "input": "/Users/dennisonbertram/Develop/flipbook-research/outputs/track-c/20260424T181541511063Z-c2-lite-text-static-layout-element-frame-scale-c27-line-rect-r0075-1280x736-s4500/input.png",
    "render_960": "/Users/dennisonbertram/Develop/flipbook-research/outputs/track-c/20260424T181541511063Z-c2-lite-text-static-layout-element-frame-scale-c27-line-rect-r0075-1280x736-s4500/render-960.png",
    "render_mid": "/Users/dennisonbertram/Develop/flipbook-research/outputs/track-c/20260424T181541511063Z-c2-lite-text-static-layout-element-frame-scale-c27-line-rect-r0075-1280x736-s4500/render-mid.png",
    "render_last": "/Users/dennisonbertram/Develop/flipbook-research/outputs/track-c/20260424T181541511063Z-c2-lite-text-static-layout-element-frame-scale-c27-line-rect-r0075-1280x736-s4500/render-last.png",
    "render_512": "/Users/dennisonbertram/Develop/flipbook-research/outputs/track-c/20260424T181541511063Z-c2-lite-text-static-layout-element-frame-scale-c27-line-rect-r0075-1280x736-s4500/render-512.png",
    "crop_2x": "/Users/dennisonbertram/Develop/flipbook-research/outputs/track-c/20260424T181541511063Z-c2-lite-text-static-layout-element-frame-scale-c27-line-rect-r0075-1280x736-s4500/crop-2x.png",
    "text_mask": "/Users/dennisonbertram/Develop/flipbook-research/outputs/track-c/20260424T181541511063Z-c2-lite-text-static-layout-element-frame-scale-c27-line-rect-r0075-1280x736-s4500/text-mask.png",
    "element_alpha_mask": "/Users/dennisonbertram/Develop/flipbook-research/outputs/track-c/20260424T181541511063Z-c2-lite-text-static-layout-element-frame-scale-c27-line-rect-r0075-1280x736-s4500/element-alpha-mask.png",
    "text_boxes": "/Users/dennisonbertram/Develop/flipbook-research/outputs/track-c/20260424T181541511063Z-c2-lite-text-static-layout-element-frame-scale-c27-line-rect-r0075-1280x736-s4500/text-boxes.json",
    "output": "/Users/dennisonbertram/Develop/flipbook-research/outputs/track-c/20260424T181541511063Z-c2-lite-text-static-layout-element-frame-scale-c27-line-rect-r0075-1280x736-s4500/output.mp4",
    "metrics": "/Users/dennisonbertram/Develop/flipbook-research/outputs/track-c/20260424T181541511063Z-c2-lite-text-static-layout-element-frame-scale-c27-line-rect-r0075-1280x736-s4500/metrics.json",
    "quality": "/Users/dennisonbertram/Develop/flipbook-research/outputs/track-c/20260424T181541511063Z-c2-lite-text-static-layout-element-frame-scale-c27-line-rect-r0075-1280x736-s4500/quality.json",
    "render_element_mid": "/Users/dennisonbertram/Develop/flipbook-research/outputs/track-c/20260424T181541511063Z-c2-lite-text-static-layout-element-frame-scale-c27-line-rect-r0075-1280x736-s4500/render-element-mid.png"
  },
  "ocr_similarity": 0.3980582524271844,
  "layout_similarity": 0.9999721728284191,
  "motion_delta": 0.061377767473459244,
  "loop_error": 0.00031412640237249434,
  "status": "pass"
}
DONE 20260424T181541511063Z-c2-lite-text-static-layout-element-frame-scale-c27-line-rect-r0075-1280x736-s4500 quality=0.3981 motion=0.0614
Stopping app - local entrypoint completed.
✓ App completed. View run at 
https://modal.com/apps/dennisonbertram/main/ap-Le6lpMZmWTFIJiPwg6jMUU
