✓ Initialized. View run at 
https://modal.com/apps/dennisonbertram/main/ap-NxKVkfarkejgNJmIJNnerl
✓ Created objects.
├── 🔨 Created mount 
│   /Users/dennisonbertram/Develop/flipbook-research/scripts/track_c/modal_canva
│   s_c2_lite.py
└── 🔨 Created function train_and_render_motion.
START 20260424T182614814241Z-c2-lite-text-static-layout-element-frame-scale-c28-line-batched-r005-1280x736-s4500 config={"batch_size": 131072, "channels": 16, "edge_loss_weight": 1.0, "edge_sample_ratio": 0.1, "element_anchor_mode": "line", "element_anchor_padding": 4, "element_mask_mode": "rectangle", "element_render_mode": "batched", "element_scale_ratio": 0.05, "experiment_label": "c28-line-batched-r005", "flow_scale": 0.0, "fps": 24, "frames": 33, "freq_bands": 8, "hidden": 96, "layout_transform_pan": 0.035, "layout_transform_strength": 0.18, "lr": 0.01, "min_motion_delta": 0.001, "min_ocr_similarity": 0.35, "motion_mode": "static", "motion_strength": 0.0, "source_resolution": [1280, 736], "steps": 4500, "text_box_loss_weight": 8.0, "text_box_min_conf": 55.0, "text_box_padding": 4, "text_box_sample_ratio": 0.55, "text_boxes": "105 boxes", "time_bands": 4, "train_resolution": "1280x736", "video_layout_mode": "element-frame-scale", "video_viewport_mode": "static", "viewport_pan": 0.0, "viewport_zoom": 0.0}
{
  "canvas_type": "stable-latent-feature-grid-element-anchor-layout-text-box-weighted",
  "train_resolution": "1280x736",
  "steps": 4500,
  "batch_size": 131072,
  "channels": 16,
  "hidden": 96,
  "freq_bands": 8,
  "time_bands": 4,
  "lr": 0.01,
  "flow_scale": 0.0,
  "motion_mode": "static",
  "motion_strength": 0.0,
  "video_viewport_mode": "static",
  "viewport_zoom": 0.0,
  "viewport_pan": 0.0,
  "video_layout_mode": "element-frame-scale",
  "layout_transform_strength": 0.18,
  "layout_transform_pan": 0.035,
  "element_scale_ratio": 0.05,
  "element_anchor_padding": 4,
  "element_mask_mode": "rectangle",
  "element_anchor_mode": "line",
  "element_render_mode": "batched",
  "element_line_count": 12,
  "min_ocr_similarity": 0.35,
  "min_motion_delta": 0.001,
  "edge_sample_ratio": 0.1,
  "edge_loss_weight": 1.0,
  "text_box_sample_ratio": 0.55,
  "text_box_loss_weight": 8.0,
  "text_box_padding": 4,
  "text_box_count": 105,
  "text_mask_coverage": 0.15400177240371704,
  "element_alpha_coverage": 0.10876782983541489,
  "compile_ms": 29280.671306000004,
  "final_mse": 2.2948712285142392e-05,
  "losses": [
    {
      "step": 0,
      "mse": 0.6387125253677368
    },
    {
      "step": 225,
      "mse": 0.0004637109232135117
    },
    {
      "step": 450,
      "mse": 0.00034169480204582214
    },
    {
      "step": 675,
      "mse": 0.00027506035985425115
    },
    {
      "step": 900,
      "mse": 0.00010011963604483753
    },
    {
      "step": 1125,
      "mse": 6.547362863784656e-05
    },
    {
      "step": 1350,
      "mse": 5.4824926337460056e-05
    },
    {
      "step": 1575,
      "mse": 6.265006231842563e-05
    },
    {
      "step": 1800,
      "mse": 4.780161179951392e-05
    },
    {
      "step": 2025,
      "mse": 4.928449197905138e-05
    },
    {
      "step": 2250,
      "mse": 8.886436989996582e-05
    },
    {
      "step": 2475,
      "mse": 0.00010425169602967799
    },
    {
      "step": 2700,
      "mse": 4.638583050109446e-05
    },
    {
      "step": 2925,
      "mse": 3.554963041096926e-05
    },
    {
      "step": 3150,
      "mse": 0.0001438100152881816
    },
    {
      "step": 3375,
      "mse": 8.184431499103084e-05
    },
    {
      "step": 3600,
      "mse": 5.7109547924483195e-05
    },
    {
      "step": 3825,
      "mse": 3.016675873368513e-05
    },
    {
      "step": 4050,
      "mse": 0.00013697637768927962
    },
    {
      "step": 4275,
      "mse": 4.3655360059347004e-05
    },
    {
      "step": 4499,
      "mse": 2.2948712285142392e-05
    }
  ],
  "render_times": {
    "render-960.png": 17.54368900000003,
    "render-mid.png": 9.341898999998932,
    "render-last.png": 9.333214999998063,
    "render-512.png": 2.4304419999978677,
    "crop-2x.png": 9.253893000000346,
    "render-element-mid.png": 27.24115799999538
  },
  "render_960_ms": 17.54368900000003,
  "render_33_wall_ms": 384.67761699999414,
  "encode_ms": 256.4897439999996,
  "resize_consistency": 0.9999664629225271,
  "temporal_consistency": 0.9921883186325431,
  "motion_delta_model": 0.07618197053670883,
  "loop_error_model": 0.007811681367456913,
  "description": "C2.6 neural canvas: stable content with OCR line anchors, rectangle masks, and element-frame-scale layout transform",
  "run_id": "20260424T182614814241Z-c2-lite-text-static-layout-element-frame-scale-c28-line-batched-r005-1280x736-s4500",
  "commit": "bed36b7",
  "track": "C",
  "width": 960,
  "height": 544,
  "frames": 33,
  "fps": 24,
  "artifacts": {
    "input": "/Users/dennisonbertram/Develop/flipbook-research/outputs/track-c/20260424T182614814241Z-c2-lite-text-static-layout-element-frame-scale-c28-line-batched-r005-1280x736-s4500/input.png",
    "render_960": "/Users/dennisonbertram/Develop/flipbook-research/outputs/track-c/20260424T182614814241Z-c2-lite-text-static-layout-element-frame-scale-c28-line-batched-r005-1280x736-s4500/render-960.png",
    "render_mid": "/Users/dennisonbertram/Develop/flipbook-research/outputs/track-c/20260424T182614814241Z-c2-lite-text-static-layout-element-frame-scale-c28-line-batched-r005-1280x736-s4500/render-mid.png",
    "render_last": "/Users/dennisonbertram/Develop/flipbook-research/outputs/track-c/20260424T182614814241Z-c2-lite-text-static-layout-element-frame-scale-c28-line-batched-r005-1280x736-s4500/render-last.png",
    "render_512": "/Users/dennisonbertram/Develop/flipbook-research/outputs/track-c/20260424T182614814241Z-c2-lite-text-static-layout-element-frame-scale-c28-line-batched-r005-1280x736-s4500/render-512.png",
    "crop_2x": "/Users/dennisonbertram/Develop/flipbook-research/outputs/track-c/20260424T182614814241Z-c2-lite-text-static-layout-element-frame-scale-c28-line-batched-r005-1280x736-s4500/crop-2x.png",
    "text_mask": "/Users/dennisonbertram/Develop/flipbook-research/outputs/track-c/20260424T182614814241Z-c2-lite-text-static-layout-element-frame-scale-c28-line-batched-r005-1280x736-s4500/text-mask.png",
    "element_alpha_mask": "/Users/dennisonbertram/Develop/flipbook-research/outputs/track-c/20260424T182614814241Z-c2-lite-text-static-layout-element-frame-scale-c28-line-batched-r005-1280x736-s4500/element-alpha-mask.png",
    "text_boxes": "/Users/dennisonbertram/Develop/flipbook-research/outputs/track-c/20260424T182614814241Z-c2-lite-text-static-layout-element-frame-scale-c28-line-batched-r005-1280x736-s4500/text-boxes.json",
    "output": "/Users/dennisonbertram/Develop/flipbook-research/outputs/track-c/20260424T182614814241Z-c2-lite-text-static-layout-element-frame-scale-c28-line-batched-r005-1280x736-s4500/output.mp4",
    "metrics": "/Users/dennisonbertram/Develop/flipbook-research/outputs/track-c/20260424T182614814241Z-c2-lite-text-static-layout-element-frame-scale-c28-line-batched-r005-1280x736-s4500/metrics.json",
    "quality": "/Users/dennisonbertram/Develop/flipbook-research/outputs/track-c/20260424T182614814241Z-c2-lite-text-static-layout-element-frame-scale-c28-line-batched-r005-1280x736-s4500/quality.json",
    "render_element_mid": "/Users/dennisonbertram/Develop/flipbook-research/outputs/track-c/20260424T182614814241Z-c2-lite-text-static-layout-element-frame-scale-c28-line-batched-r005-1280x736-s4500/render-element-mid.png"
  },
  "ocr_similarity": 0.49275362318840576,
  "layout_similarity": 0.9999664629225271,
  "motion_delta": 0.061383821070194244,
  "loop_error": 0.0003517610894050449,
  "status": "pass"
}
DONE 20260424T182614814241Z-c2-lite-text-static-layout-element-frame-scale-c28-line-batched-r005-1280x736-s4500 quality=0.4928 motion=0.0614
Stopping app - local entrypoint completed.
✓ App completed. View run at 
https://modal.com/apps/dennisonbertram/main/ap-NxKVkfarkejgNJmIJNnerl
