✓ Initialized. View run at 
https://modal.com/apps/dennisonbertram/main/ap-eWgLNBSGlYU3vPMcvJwoOz
✓ Created objects.
├── 🔨 Created mount 
│   /Users/dennisonbertram/Develop/flipbook-research/scripts/track_c/modal_canva
│   s_c2_lite.py
└── 🔨 Created function train_and_render_motion.
START 20260424T182113089373Z-c2-lite-text-static-layout-element-frame-scale-c28-word-batched-r010-1280x736-s4500 config={"batch_size": 131072, "channels": 16, "edge_loss_weight": 1.0, "edge_sample_ratio": 0.1, "element_anchor_mode": "word", "element_anchor_padding": 3, "element_mask_mode": "rectangle", "element_render_mode": "batched", "element_scale_ratio": 0.1, "experiment_label": "c28-word-batched-r010", "flow_scale": 0.0, "fps": 24, "frames": 33, "freq_bands": 8, "hidden": 96, "layout_transform_pan": 0.035, "layout_transform_strength": 0.18, "lr": 0.01, "min_motion_delta": 0.001, "min_ocr_similarity": 0.35, "motion_mode": "static", "motion_strength": 0.0, "source_resolution": [1280, 736], "steps": 4500, "text_box_loss_weight": 8.0, "text_box_min_conf": 55.0, "text_box_padding": 4, "text_box_sample_ratio": 0.55, "text_boxes": "105 boxes", "time_bands": 4, "train_resolution": "1280x736", "video_layout_mode": "element-frame-scale", "video_viewport_mode": "static", "viewport_pan": 0.0, "viewport_zoom": 0.0}
{
  "canvas_type": "stable-latent-feature-grid-element-anchor-layout-text-box-weighted",
  "train_resolution": "1280x736",
  "steps": 4500,
  "batch_size": 131072,
  "channels": 16,
  "hidden": 96,
  "freq_bands": 8,
  "time_bands": 4,
  "lr": 0.01,
  "flow_scale": 0.0,
  "motion_mode": "static",
  "motion_strength": 0.0,
  "video_viewport_mode": "static",
  "viewport_zoom": 0.0,
  "viewport_pan": 0.0,
  "video_layout_mode": "element-frame-scale",
  "layout_transform_strength": 0.18,
  "layout_transform_pan": 0.035,
  "element_scale_ratio": 0.1,
  "element_anchor_padding": 3,
  "element_mask_mode": "rectangle",
  "element_anchor_mode": "word",
  "element_render_mode": "batched",
  "element_line_count": 105,
  "min_ocr_similarity": 0.35,
  "min_motion_delta": 0.001,
  "edge_sample_ratio": 0.1,
  "edge_loss_weight": 1.0,
  "text_box_sample_ratio": 0.55,
  "text_box_loss_weight": 8.0,
  "text_box_padding": 4,
  "text_box_count": 105,
  "text_mask_coverage": 0.15400177240371704,
  "element_alpha_coverage": 0.10876782983541489,
  "compile_ms": 29213.676625,
  "final_mse": 5.839904770255089e-05,
  "losses": [
    {
      "step": 0,
      "mse": 0.6405658721923828
    },
    {
      "step": 225,
      "mse": 0.0004552378668449819
    },
    {
      "step": 450,
      "mse": 0.00029009368154220283
    },
    {
      "step": 675,
      "mse": 0.00010196102084591985
    },
    {
      "step": 900,
      "mse": 7.463758811354637e-05
    },
    {
      "step": 1125,
      "mse": 6.278877117438242e-05
    },
    {
      "step": 1350,
      "mse": 5.082618008600548e-05
    },
    {
      "step": 1575,
      "mse": 5.574541864916682e-05
    },
    {
      "step": 1800,
      "mse": 4.0783052099868655e-05
    },
    {
      "step": 2025,
      "mse": 7.023688522167504e-05
    },
    {
      "step": 2250,
      "mse": 5.0517712224973366e-05
    },
    {
      "step": 2475,
      "mse": 4.031373100588098e-05
    },
    {
      "step": 2700,
      "mse": 4.717391493613832e-05
    },
    {
      "step": 2925,
      "mse": 3.6507946788333356e-05
    },
    {
      "step": 3150,
      "mse": 3.387755714356899e-05
    },
    {
      "step": 3375,
      "mse": 5.6694749218877405e-05
    },
    {
      "step": 3600,
      "mse": 2.9927799914730713e-05
    },
    {
      "step": 3825,
      "mse": 5.848663568031043e-05
    },
    {
      "step": 4050,
      "mse": 2.150019099644851e-05
    },
    {
      "step": 4275,
      "mse": 7.444031507475302e-05
    },
    {
      "step": 4499,
      "mse": 5.839904770255089e-05
    }
  ],
  "render_times": {
    "render-960.png": 14.20266200000242,
    "render-mid.png": 9.351459999997758,
    "render-last.png": 9.326141999999038,
    "render-512.png": 2.4140080000023545,
    "crop-2x.png": 9.24707000000069,
    "render-element-mid.png": 26.140761000000623
  },
  "render_960_ms": 14.20266200000242,
  "render_33_wall_ms": 394.8182370000026,
  "encode_ms": 276.89717999999885,
  "resize_consistency": 0.9999705033905457,
  "temporal_consistency": 0.9908486427739263,
  "motion_delta_model": 0.07406847178936005,
  "loop_error_model": 0.009151357226073742,
  "description": "C2.6 neural canvas: stable content with OCR word anchors, rectangle masks, and element-frame-scale layout transform",
  "run_id": "20260424T182113089373Z-c2-lite-text-static-layout-element-frame-scale-c28-word-batched-r010-1280x736-s4500",
  "commit": "bed36b7",
  "track": "C",
  "width": 960,
  "height": 544,
  "frames": 33,
  "fps": 24,
  "artifacts": {
    "input": "/Users/dennisonbertram/Develop/flipbook-research/outputs/track-c/20260424T182113089373Z-c2-lite-text-static-layout-element-frame-scale-c28-word-batched-r010-1280x736-s4500/input.png",
    "render_960": "/Users/dennisonbertram/Develop/flipbook-research/outputs/track-c/20260424T182113089373Z-c2-lite-text-static-layout-element-frame-scale-c28-word-batched-r010-1280x736-s4500/render-960.png",
    "render_mid": "/Users/dennisonbertram/Develop/flipbook-research/outputs/track-c/20260424T182113089373Z-c2-lite-text-static-layout-element-frame-scale-c28-word-batched-r010-1280x736-s4500/render-mid.png",
    "render_last": "/Users/dennisonbertram/Develop/flipbook-research/outputs/track-c/20260424T182113089373Z-c2-lite-text-static-layout-element-frame-scale-c28-word-batched-r010-1280x736-s4500/render-last.png",
    "render_512": "/Users/dennisonbertram/Develop/flipbook-research/outputs/track-c/20260424T182113089373Z-c2-lite-text-static-layout-element-frame-scale-c28-word-batched-r010-1280x736-s4500/render-512.png",
    "crop_2x": "/Users/dennisonbertram/Develop/flipbook-research/outputs/track-c/20260424T182113089373Z-c2-lite-text-static-layout-element-frame-scale-c28-word-batched-r010-1280x736-s4500/crop-2x.png",
    "text_mask": "/Users/dennisonbertram/Develop/flipbook-research/outputs/track-c/20260424T182113089373Z-c2-lite-text-static-layout-element-frame-scale-c28-word-batched-r010-1280x736-s4500/text-mask.png",
    "element_alpha_mask": "/Users/dennisonbertram/Develop/flipbook-research/outputs/track-c/20260424T182113089373Z-c2-lite-text-static-layout-element-frame-scale-c28-word-batched-r010-1280x736-s4500/element-alpha-mask.png",
    "text_boxes": "/Users/dennisonbertram/Develop/flipbook-research/outputs/track-c/20260424T182113089373Z-c2-lite-text-static-layout-element-frame-scale-c28-word-batched-r010-1280x736-s4500/text-boxes.json",
    "output": "/Users/dennisonbertram/Develop/flipbook-research/outputs/track-c/20260424T182113089373Z-c2-lite-text-static-layout-element-frame-scale-c28-word-batched-r010-1280x736-s4500/output.mp4",
    "metrics": "/Users/dennisonbertram/Develop/flipbook-research/outputs/track-c/20260424T182113089373Z-c2-lite-text-static-layout-element-frame-scale-c28-word-batched-r010-1280x736-s4500/metrics.json",
    "quality": "/Users/dennisonbertram/Develop/flipbook-research/outputs/track-c/20260424T182113089373Z-c2-lite-text-static-layout-element-frame-scale-c28-word-batched-r010-1280x736-s4500/quality.json",
    "render_element_mid": "/Users/dennisonbertram/Develop/flipbook-research/outputs/track-c/20260424T182113089373Z-c2-lite-text-static-layout-element-frame-scale-c28-word-batched-r010-1280x736-s4500/render-element-mid.png"
  },
  "ocr_similarity": 0.11347517730496455,
  "layout_similarity": 0.9999705033905457,
  "motion_delta": 0.059829264879226685,
  "loop_error": 0.0001845800143200904,
  "status": "near_miss"
}
DONE 20260424T182113089373Z-c2-lite-text-static-layout-element-frame-scale-c28-word-batched-r010-1280x736-s4500 quality=0.1135 motion=0.0598
Stopping app - local entrypoint completed.
✓ App completed. View run at 
https://modal.com/apps/dennisonbertram/main/ap-eWgLNBSGlYU3vPMcvJwoOz
