✓ Initialized. View run at 
https://modal.com/apps/dennisonbertram/main/ap-6kWq7OfZodItvo7D2aJHCV
✓ Created objects.
├── 🔨 Created mount 
│   /Users/dennisonbertram/Develop/flipbook-research/scripts/track_c/modal_canva
│   s_c2_lite.py
└── 🔨 Created function train_and_render_motion.
START 20260424T183934521841Z-c2-lite-text-static-layout-element-frame-scale-c30-product-layout-r0025-s008-1280x736-s4500 config={"batch_size": 131072, "channels": 16, "edge_loss_weight": 1.0, "edge_sample_ratio": 0.1, "element_anchor_mode": "line", "element_anchor_padding": 4, "element_mask_mode": "rectangle", "element_render_mode": "batched", "element_scale_ratio": 0.025, "experiment_label": "c30-product-layout-r0025-s008", "flow_scale": 0.0, "fps": 24, "frames": 33, "freq_bands": 8, "hidden": 96, "layout_transform_pan": 0.015, "layout_transform_strength": 0.08, "lr": 0.01, "min_motion_delta": 0.025, "min_ocr_similarity": 0.75, "motion_mode": "static", "motion_strength": 0.0, "source_resolution": [1280, 736], "steps": 4500, "text_box_loss_weight": 8.0, "text_box_min_conf": 55.0, "text_box_padding": 4, "text_box_sample_ratio": 0.55, "text_boxes": "105 boxes", "time_bands": 4, "train_resolution": "1280x736", "video_layout_mode": "element-frame-scale", "video_viewport_mode": "static", "viewport_pan": 0.0, "viewport_zoom": 0.0}
{
  "canvas_type": "stable-latent-feature-grid-element-anchor-layout-text-box-weighted",
  "train_resolution": "1280x736",
  "steps": 4500,
  "batch_size": 131072,
  "channels": 16,
  "hidden": 96,
  "freq_bands": 8,
  "time_bands": 4,
  "lr": 0.01,
  "flow_scale": 0.0,
  "motion_mode": "static",
  "motion_strength": 0.0,
  "video_viewport_mode": "static",
  "viewport_zoom": 0.0,
  "viewport_pan": 0.0,
  "video_layout_mode": "element-frame-scale",
  "layout_transform_strength": 0.08,
  "layout_transform_pan": 0.015,
  "element_scale_ratio": 0.025,
  "element_anchor_padding": 4,
  "element_mask_mode": "rectangle",
  "element_anchor_mode": "line",
  "element_render_mode": "batched",
  "element_line_count": 12,
  "min_ocr_similarity": 0.75,
  "min_motion_delta": 0.025,
  "edge_sample_ratio": 0.1,
  "edge_loss_weight": 1.0,
  "text_box_sample_ratio": 0.55,
  "text_box_loss_weight": 8.0,
  "text_box_padding": 4,
  "text_box_count": 105,
  "text_mask_coverage": 0.15400177240371704,
  "element_alpha_coverage": 0.10876782983541489,
  "compile_ms": 30586.763192,
  "final_mse": 4.172151238890365e-05,
  "losses": [
    {
      "step": 0,
      "mse": 0.6590790748596191
    },
    {
      "step": 225,
      "mse": 0.00043277532677166164
    },
    {
      "step": 450,
      "mse": 0.0003094673447776586
    },
    {
      "step": 675,
      "mse": 8.747940592002124e-05
    },
    {
      "step": 900,
      "mse": 6.166484672576189e-05
    },
    {
      "step": 1125,
      "mse": 5.684990537702106e-05
    },
    {
      "step": 1350,
      "mse": 5.4705393267795444e-05
    },
    {
      "step": 1575,
      "mse": 5.276954107102938e-05
    },
    {
      "step": 1800,
      "mse": 4.525312760961242e-05
    },
    {
      "step": 2025,
      "mse": 5.156143379281275e-05
    },
    {
      "step": 2250,
      "mse": 6.415626558009535e-05
    },
    {
      "step": 2475,
      "mse": 4.057504702359438e-05
    },
    {
      "step": 2700,
      "mse": 2.8535760066006333e-05
    },
    {
      "step": 2925,
      "mse": 4.9180911446455866e-05
    },
    {
      "step": 3150,
      "mse": 3.711426688823849e-05
    },
    {
      "step": 3375,
      "mse": 4.828630335396156e-05
    },
    {
      "step": 3600,
      "mse": 3.0006463930476457e-05
    },
    {
      "step": 3825,
      "mse": 6.696558557450771e-05
    },
    {
      "step": 4050,
      "mse": 4.467007238417864e-05
    },
    {
      "step": 4275,
      "mse": 5.742711073253304e-05
    },
    {
      "step": 4499,
      "mse": 4.172151238890365e-05
    }
  ],
  "render_times": {
    "render-960.png": 16.002144999994528,
    "render-mid.png": 9.7173650000002,
    "render-last.png": 9.737835000002804,
    "render-512.png": 2.794844000000296,
    "crop-2x.png": 9.569677999998305,
    "render-element-mid.png": 37.90186199999823
  },
  "render_960_ms": 16.002144999994528,
  "render_33_wall_ms": 386.3579570000013,
  "encode_ms": 245.28407200000402,
  "resize_consistency": 0.9999670562355485,
  "temporal_consistency": 0.9920515911653638,
  "motion_delta_model": 0.06655220687389374,
  "loop_error_model": 0.007948408834636211,
  "description": "C2.6 neural canvas: stable content with OCR line anchors, rectangle masks, and element-frame-scale layout transform",
  "run_id": "20260424T183934521841Z-c2-lite-text-static-layout-element-frame-scale-c30-product-layout-r0025-s008-1280x736-s4500",
  "commit": "952ffcb",
  "track": "C",
  "width": 960,
  "height": 544,
  "frames": 33,
  "fps": 24,
  "artifacts": {
    "input": "/Users/dennisonbertram/Develop/flipbook-research/outputs/track-c/20260424T183934521841Z-c2-lite-text-static-layout-element-frame-scale-c30-product-layout-r0025-s008-1280x736-s4500/input.png",
    "render_960": "/Users/dennisonbertram/Develop/flipbook-research/outputs/track-c/20260424T183934521841Z-c2-lite-text-static-layout-element-frame-scale-c30-product-layout-r0025-s008-1280x736-s4500/render-960.png",
    "render_mid": "/Users/dennisonbertram/Develop/flipbook-research/outputs/track-c/20260424T183934521841Z-c2-lite-text-static-layout-element-frame-scale-c30-product-layout-r0025-s008-1280x736-s4500/render-mid.png",
    "render_last": "/Users/dennisonbertram/Develop/flipbook-research/outputs/track-c/20260424T183934521841Z-c2-lite-text-static-layout-element-frame-scale-c30-product-layout-r0025-s008-1280x736-s4500/render-last.png",
    "render_512": "/Users/dennisonbertram/Develop/flipbook-research/outputs/track-c/20260424T183934521841Z-c2-lite-text-static-layout-element-frame-scale-c30-product-layout-r0025-s008-1280x736-s4500/render-512.png",
    "crop_2x": "/Users/dennisonbertram/Develop/flipbook-research/outputs/track-c/20260424T183934521841Z-c2-lite-text-static-layout-element-frame-scale-c30-product-layout-r0025-s008-1280x736-s4500/crop-2x.png",
    "text_mask": "/Users/dennisonbertram/Develop/flipbook-research/outputs/track-c/20260424T183934521841Z-c2-lite-text-static-layout-element-frame-scale-c30-product-layout-r0025-s008-1280x736-s4500/text-mask.png",
    "element_alpha_mask": "/Users/dennisonbertram/Develop/flipbook-research/outputs/track-c/20260424T183934521841Z-c2-lite-text-static-layout-element-frame-scale-c30-product-layout-r0025-s008-1280x736-s4500/element-alpha-mask.png",
    "text_boxes": "/Users/dennisonbertram/Develop/flipbook-research/outputs/track-c/20260424T183934521841Z-c2-lite-text-static-layout-element-frame-scale-c30-product-layout-r0025-s008-1280x736-s4500/text-boxes.json",
    "output": "/Users/dennisonbertram/Develop/flipbook-research/outputs/track-c/20260424T183934521841Z-c2-lite-text-static-layout-element-frame-scale-c30-product-layout-r0025-s008-1280x736-s4500/output.mp4",
    "metrics": "/Users/dennisonbertram/Develop/flipbook-research/outputs/track-c/20260424T183934521841Z-c2-lite-text-static-layout-element-frame-scale-c30-product-layout-r0025-s008-1280x736-s4500/metrics.json",
    "quality": "/Users/dennisonbertram/Develop/flipbook-research/outputs/track-c/20260424T183934521841Z-c2-lite-text-static-layout-element-frame-scale-c30-product-layout-r0025-s008-1280x736-s4500/quality.json",
    "render_element_mid": "/Users/dennisonbertram/Develop/flipbook-research/outputs/track-c/20260424T183934521841Z-c2-lite-text-static-layout-element-frame-scale-c30-product-layout-r0025-s008-1280x736-s4500/render-element-mid.png"
  },
  "ocr_similarity": 0.7579908675799087,
  "layout_similarity": 0.9999670562355485,
  "motion_delta": 0.045530933886766434,
  "loop_error": 0.0007150584133341908,
  "status": "pass"
}
DONE 20260424T183934521841Z-c2-lite-text-static-layout-element-frame-scale-c30-product-layout-r0025-s008-1280x736-s4500 quality=0.7580 motion=0.0455
Stopping app - local entrypoint completed.
✓ App completed. View run at 
https://modal.com/apps/dennisonbertram/main/ap-6kWq7OfZodItvo7D2aJHCV
