✓ Initialized. View run at 
https://modal.com/apps/dennisonbertram/main/ap-yXa5sKDGDz5lLTJ7YUqZ7n
✓ Created objects.
├── 🔨 Created mount 
│   /Users/dennisonbertram/Develop/flipbook-research/scripts/track_c/modal_canva
│   s_c2_lite.py
└── 🔨 Created function train_and_render_motion.
START 20260424T184407805047Z-c2-lite-text-static-layout-element-frame-scale-c30-line-batched-r0025-strong-1280x736-s4500 config={"batch_size": 131072, "channels": 16, "edge_loss_weight": 1.0, "edge_sample_ratio": 0.1, "element_anchor_mode": "line", "element_anchor_padding": 4, "element_mask_mode": "rectangle", "element_render_mode": "batched", "element_scale_ratio": 0.025, "experiment_label": "c30-line-batched-r0025-strong", "flow_scale": 0.0, "fps": 24, "frames": 33, "freq_bands": 8, "hidden": 96, "layout_transform_pan": 0.035, "layout_transform_strength": 0.18, "lr": 0.01, "min_motion_delta": 0.001, "min_ocr_similarity": 0.65, "motion_mode": "static", "motion_strength": 0.0, "source_resolution": [1280, 736], "steps": 4500, "text_box_loss_weight": 8.0, "text_box_min_conf": 55.0, "text_box_padding": 4, "text_box_sample_ratio": 0.55, "text_boxes": "105 boxes", "time_bands": 4, "train_resolution": "1280x736", "video_layout_mode": "element-frame-scale", "video_viewport_mode": "static", "viewport_pan": 0.0, "viewport_zoom": 0.0}
{
  "canvas_type": "stable-latent-feature-grid-element-anchor-layout-text-box-weighted",
  "train_resolution": "1280x736",
  "steps": 4500,
  "batch_size": 131072,
  "channels": 16,
  "hidden": 96,
  "freq_bands": 8,
  "time_bands": 4,
  "lr": 0.01,
  "flow_scale": 0.0,
  "motion_mode": "static",
  "motion_strength": 0.0,
  "video_viewport_mode": "static",
  "viewport_zoom": 0.0,
  "viewport_pan": 0.0,
  "video_layout_mode": "element-frame-scale",
  "layout_transform_strength": 0.18,
  "layout_transform_pan": 0.035,
  "element_scale_ratio": 0.025,
  "element_anchor_padding": 4,
  "element_mask_mode": "rectangle",
  "element_anchor_mode": "line",
  "element_render_mode": "batched",
  "element_line_count": 12,
  "min_ocr_similarity": 0.65,
  "min_motion_delta": 0.001,
  "edge_sample_ratio": 0.1,
  "edge_loss_weight": 1.0,
  "text_box_sample_ratio": 0.55,
  "text_box_loss_weight": 8.0,
  "text_box_padding": 4,
  "text_box_count": 105,
  "text_mask_coverage": 0.15400177240371704,
  "element_alpha_coverage": 0.10876782983541489,
  "compile_ms": 29265.977006,
  "final_mse": 1.162555145128863e-05,
  "losses": [
    {
      "step": 0,
      "mse": 0.6616067886352539
    },
    {
      "step": 225,
      "mse": 0.00044286390766501427
    },
    {
      "step": 450,
      "mse": 0.0002931946364697069
    },
    {
      "step": 675,
      "mse": 9.984715143218637e-05
    },
    {
      "step": 900,
      "mse": 7.642932905582711e-05
    },
    {
      "step": 1125,
      "mse": 5.8075282140634954e-05
    },
    {
      "step": 1350,
      "mse": 4.7078938223421574e-05
    },
    {
      "step": 1575,
      "mse": 4.514711690717377e-05
    },
    {
      "step": 1800,
      "mse": 4.6685840061400086e-05
    },
    {
      "step": 2025,
      "mse": 6.758738891221583e-05
    },
    {
      "step": 2250,
      "mse": 5.438187508843839e-05
    },
    {
      "step": 2475,
      "mse": 4.048923801747151e-05
    },
    {
      "step": 2700,
      "mse": 4.1356077417731285e-05
    },
    {
      "step": 2925,
      "mse": 4.694214294431731e-05
    },
    {
      "step": 3150,
      "mse": 3.5823031794279814e-05
    },
    {
      "step": 3375,
      "mse": 2.486726953065954e-05
    },
    {
      "step": 3600,
      "mse": 5.037159280618653e-05
    },
    {
      "step": 3825,
      "mse": 5.501858686329797e-05
    },
    {
      "step": 4050,
      "mse": 3.769198519876227e-05
    },
    {
      "step": 4275,
      "mse": 8.994054041977506e-06
    },
    {
      "step": 4499,
      "mse": 1.162555145128863e-05
    }
  ],
  "render_times": {
    "render-960.png": 15.287282999999263,
    "render-mid.png": 9.443756999999664,
    "render-last.png": 9.591130000004,
    "render-512.png": 2.5035090000002924,
    "crop-2x.png": 9.363476000004312,
    "render-element-mid.png": 29.151466999998377
  },
  "render_960_ms": 15.287282999999263,
  "render_33_wall_ms": 385.68083999999914,
  "encode_ms": 242.01124900000082,
  "resize_consistency": 0.999970195609668,
  "temporal_consistency": 0.9920947654172778,
  "motion_delta_model": 0.07689214497804642,
  "loop_error_model": 0.007905234582722187,
  "description": "C2.6 neural canvas: stable content with OCR line anchors, rectangle masks, and element-frame-scale layout transform",
  "run_id": "20260424T184407805047Z-c2-lite-text-static-layout-element-frame-scale-c30-line-batched-r0025-strong-1280x736-s4500",
  "commit": "dirty",
  "track": "C",
  "width": 960,
  "height": 544,
  "frames": 33,
  "fps": 24,
  "artifacts": {
    "input": "/Users/dennisonbertram/Develop/flipbook-research/outputs/track-c/20260424T184407805047Z-c2-lite-text-static-layout-element-frame-scale-c30-line-batched-r0025-strong-1280x736-s4500/input.png",
    "render_960": "/Users/dennisonbertram/Develop/flipbook-research/outputs/track-c/20260424T184407805047Z-c2-lite-text-static-layout-element-frame-scale-c30-line-batched-r0025-strong-1280x736-s4500/render-960.png",
    "render_mid": "/Users/dennisonbertram/Develop/flipbook-research/outputs/track-c/20260424T184407805047Z-c2-lite-text-static-layout-element-frame-scale-c30-line-batched-r0025-strong-1280x736-s4500/render-mid.png",
    "render_last": "/Users/dennisonbertram/Develop/flipbook-research/outputs/track-c/20260424T184407805047Z-c2-lite-text-static-layout-element-frame-scale-c30-line-batched-r0025-strong-1280x736-s4500/render-last.png",
    "render_512": "/Users/dennisonbertram/Develop/flipbook-research/outputs/track-c/20260424T184407805047Z-c2-lite-text-static-layout-element-frame-scale-c30-line-batched-r0025-strong-1280x736-s4500/render-512.png",
    "crop_2x": "/Users/dennisonbertram/Develop/flipbook-research/outputs/track-c/20260424T184407805047Z-c2-lite-text-static-layout-element-frame-scale-c30-line-batched-r0025-strong-1280x736-s4500/crop-2x.png",
    "text_mask": "/Users/dennisonbertram/Develop/flipbook-research/outputs/track-c/20260424T184407805047Z-c2-lite-text-static-layout-element-frame-scale-c30-line-batched-r0025-strong-1280x736-s4500/text-mask.png",
    "element_alpha_mask": "/Users/dennisonbertram/Develop/flipbook-research/outputs/track-c/20260424T184407805047Z-c2-lite-text-static-layout-element-frame-scale-c30-line-batched-r0025-strong-1280x736-s4500/element-alpha-mask.png",
    "text_boxes": "/Users/dennisonbertram/Develop/flipbook-research/outputs/track-c/20260424T184407805047Z-c2-lite-text-static-layout-element-frame-scale-c30-line-batched-r0025-strong-1280x736-s4500/text-boxes.json",
    "output": "/Users/dennisonbertram/Develop/flipbook-research/outputs/track-c/20260424T184407805047Z-c2-lite-text-static-layout-element-frame-scale-c30-line-batched-r0025-strong-1280x736-s4500/output.mp4",
    "metrics": "/Users/dennisonbertram/Develop/flipbook-research/outputs/track-c/20260424T184407805047Z-c2-lite-text-static-layout-element-frame-scale-c30-line-batched-r0025-strong-1280x736-s4500/metrics.json",
    "quality": "/Users/dennisonbertram/Develop/flipbook-research/outputs/track-c/20260424T184407805047Z-c2-lite-text-static-layout-element-frame-scale-c30-line-batched-r0025-strong-1280x736-s4500/quality.json",
    "render_element_mid": "/Users/dennisonbertram/Develop/flipbook-research/outputs/track-c/20260424T184407805047Z-c2-lite-text-static-layout-element-frame-scale-c30-line-batched-r0025-strong-1280x736-s4500/render-element-mid.png"
  },
  "ocr_similarity": 0.49760765550239233,
  "layout_similarity": 0.999970195609668,
  "motion_delta": 0.06163478270173073,
  "loop_error": 0.0006796931265853345,
  "status": "near_miss"
}
DONE 20260424T184407805047Z-c2-lite-text-static-layout-element-frame-scale-c30-line-batched-r0025-strong-1280x736-s4500 quality=0.4976 motion=0.0616
Stopping app - local entrypoint completed.
✓ App completed. View run at 
https://modal.com/apps/dennisonbertram/main/ap-yXa5sKDGDz5lLTJ7YUqZ7n
