✓ Initialized. View run at 
https://modal.com/apps/dennisonbertram/main/ap-xsIA6gEg8C8O0suGOryGfU
✓ Created objects.
├── 🔨 Created mount 
│   /Users/dennisonbertram/Develop/flipbook-research/scripts/track_c/modal_canva
│   s_c2_lite.py
└── 🔨 Created function train_and_render_motion.
START 20260424T183934556364Z-c2-lite-text-c30-gentle-flow-0125-1280x736-s4500 config={"batch_size": 131072, "channels": 16, "edge_loss_weight": 1.0, "edge_sample_ratio": 0.1, "element_anchor_mode": "line", "element_anchor_padding": 3, "element_mask_mode": "rectangle", "element_render_mode": "sequential", "element_scale_ratio": 0.25, "experiment_label": "c30-gentle-flow-0125", "flow_scale": 0.0125, "fps": 24, "frames": 33, "freq_bands": 8, "hidden": 96, "layout_transform_pan": 0.0, "layout_transform_strength": 0.0, "lr": 0.01, "min_motion_delta": 0.012, "min_ocr_similarity": 0.8, "motion_mode": "jiggle", "motion_strength": 0.0125, "source_resolution": [1280, 736], "steps": 4500, "text_box_loss_weight": 8.0, "text_box_min_conf": 55.0, "text_box_padding": 4, "text_box_sample_ratio": 0.55, "text_boxes": "105 boxes", "time_bands": 4, "train_resolution": "1280x736", "video_layout_mode": "none", "video_viewport_mode": "static", "viewport_pan": 0.0, "viewport_zoom": 0.0}
{
  "canvas_type": "time-conditioned-latent-feature-grid-learned-flow-mlp-text-box-weighted",
  "train_resolution": "1280x736",
  "steps": 4500,
  "batch_size": 131072,
  "channels": 16,
  "hidden": 96,
  "freq_bands": 8,
  "time_bands": 4,
  "lr": 0.01,
  "flow_scale": 0.0125,
  "motion_mode": "jiggle",
  "motion_strength": 0.0125,
  "video_viewport_mode": "static",
  "viewport_zoom": 0.0,
  "viewport_pan": 0.0,
  "video_layout_mode": "none",
  "layout_transform_strength": 0.0,
  "layout_transform_pan": 0.0,
  "element_scale_ratio": 0.25,
  "element_anchor_padding": 3,
  "element_mask_mode": "rectangle",
  "element_anchor_mode": "line",
  "element_render_mode": "sequential",
  "element_line_count": 12,
  "min_ocr_similarity": 0.8,
  "min_motion_delta": 0.012,
  "edge_sample_ratio": 0.1,
  "edge_loss_weight": 1.0,
  "text_box_sample_ratio": 0.55,
  "text_box_loss_weight": 8.0,
  "text_box_padding": 4,
  "text_box_count": 105,
  "text_mask_coverage": 0.15400177240371704,
  "element_alpha_coverage": 0.10876782983541489,
  "compile_ms": 29550.569299,
  "final_mse": 0.007352103479206562,
  "losses": [
    {
      "step": 0,
      "mse": 0.5190862417221069
    },
    {
      "step": 225,
      "mse": 0.06491412967443466
    },
    {
      "step": 450,
      "mse": 0.03168553113937378
    },
    {
      "step": 675,
      "mse": 0.019564421847462654
    },
    {
      "step": 900,
      "mse": 0.01663948968052864
    },
    {
      "step": 1125,
      "mse": 0.01275936421006918
    },
    {
      "step": 1350,
      "mse": 0.0142993638291955
    },
    {
      "step": 1575,
      "mse": 0.012866916134953499
    },
    {
      "step": 1800,
      "mse": 0.01102389581501484
    },
    {
      "step": 2025,
      "mse": 0.008875473402440548
    },
    {
      "step": 2250,
      "mse": 0.009025548584759235
    },
    {
      "step": 2475,
      "mse": 0.00817924179136753
    },
    {
      "step": 2700,
      "mse": 0.007256148848682642
    },
    {
      "step": 2925,
      "mse": 0.006696033291518688
    },
    {
      "step": 3150,
      "mse": 0.005921353120356798
    },
    {
      "step": 3375,
      "mse": 0.0060525983572006226
    },
    {
      "step": 3600,
      "mse": 0.005986899137496948
    },
    {
      "step": 3825,
      "mse": 0.006052025593817234
    },
    {
      "step": 4050,
      "mse": 0.005094458349049091
    },
    {
      "step": 4275,
      "mse": 0.005332385655492544
    },
    {
      "step": 4499,
      "mse": 0.007352103479206562
    }
  ],
  "render_times": {
    "render-960.png": 15.668580000003374,
    "render-mid.png": 9.413604000002351,
    "render-last.png": 9.62623899999926,
    "render-512.png": 2.4876049999988936,
    "crop-2x.png": 9.341494999993927
  },
  "render_960_ms": 15.668580000003374,
  "render_33_wall_ms": 299.81077299999725,
  "encode_ms": 225.3419290000025,
  "resize_consistency": 0.9973075979922836,
  "temporal_consistency": 0.9963830898050219,
  "motion_delta_model": 0.05341705307364464,
  "loop_error_model": 0.003616910194978118,
  "description": "C2.1 neural canvas: learned jiggle motion with OCR text-box-weighted sampling/loss",
  "run_id": "20260424T183934556364Z-c2-lite-text-c30-gentle-flow-0125-1280x736-s4500",
  "commit": "952ffcb",
  "track": "C",
  "width": 960,
  "height": 544,
  "frames": 33,
  "fps": 24,
  "artifacts": {
    "input": "/Users/dennisonbertram/Develop/flipbook-research/outputs/track-c/20260424T183934556364Z-c2-lite-text-c30-gentle-flow-0125-1280x736-s4500/input.png",
    "render_960": "/Users/dennisonbertram/Develop/flipbook-research/outputs/track-c/20260424T183934556364Z-c2-lite-text-c30-gentle-flow-0125-1280x736-s4500/render-960.png",
    "render_mid": "/Users/dennisonbertram/Develop/flipbook-research/outputs/track-c/20260424T183934556364Z-c2-lite-text-c30-gentle-flow-0125-1280x736-s4500/render-mid.png",
    "render_last": "/Users/dennisonbertram/Develop/flipbook-research/outputs/track-c/20260424T183934556364Z-c2-lite-text-c30-gentle-flow-0125-1280x736-s4500/render-last.png",
    "render_512": "/Users/dennisonbertram/Develop/flipbook-research/outputs/track-c/20260424T183934556364Z-c2-lite-text-c30-gentle-flow-0125-1280x736-s4500/render-512.png",
    "crop_2x": "/Users/dennisonbertram/Develop/flipbook-research/outputs/track-c/20260424T183934556364Z-c2-lite-text-c30-gentle-flow-0125-1280x736-s4500/crop-2x.png",
    "text_mask": "/Users/dennisonbertram/Develop/flipbook-research/outputs/track-c/20260424T183934556364Z-c2-lite-text-c30-gentle-flow-0125-1280x736-s4500/text-mask.png",
    "element_alpha_mask": "/Users/dennisonbertram/Develop/flipbook-research/outputs/track-c/20260424T183934556364Z-c2-lite-text-c30-gentle-flow-0125-1280x736-s4500/element-alpha-mask.png",
    "text_boxes": "/Users/dennisonbertram/Develop/flipbook-research/outputs/track-c/20260424T183934556364Z-c2-lite-text-c30-gentle-flow-0125-1280x736-s4500/text-boxes.json",
    "output": "/Users/dennisonbertram/Develop/flipbook-research/outputs/track-c/20260424T183934556364Z-c2-lite-text-c30-gentle-flow-0125-1280x736-s4500/output.mp4",
    "metrics": "/Users/dennisonbertram/Develop/flipbook-research/outputs/track-c/20260424T183934556364Z-c2-lite-text-c30-gentle-flow-0125-1280x736-s4500/metrics.json",
    "quality": "/Users/dennisonbertram/Develop/flipbook-research/outputs/track-c/20260424T183934556364Z-c2-lite-text-c30-gentle-flow-0125-1280x736-s4500/quality.json"
  },
  "ocr_similarity": 0.8545454545454546,
  "layout_similarity": 0.9973075979922836,
  "motion_delta": 0.035271044820547104,
  "loop_error": 0.0025351382791996002,
  "status": "pass"
}
DONE 20260424T183934556364Z-c2-lite-text-c30-gentle-flow-0125-1280x736-s4500 quality=0.8545 motion=0.0353
Stopping app - local entrypoint completed.
✓ App completed. View run at 
https://modal.com/apps/dennisonbertram/main/ap-xsIA6gEg8C8O0suGOryGfU
