✓ Initialized. View run at 
https://modal.com/apps/dennisonbertram/main/ap-jx3NS1D320PIPl02LoItes
✓ Created objects.
├── 🔨 Created mount 
│   /Users/dennisonbertram/Develop/flipbook-research/scripts/track_c/modal_canva
│   s_c2_lite.py
└── 🔨 Created function train_and_render_motion.
START 20260424T190840808715Z-c2-lite-text-c31-text-flow-0125-box12-1280x736-s4500 config={"batch_size": 131072, "channels": 16, "edge_loss_weight": 1.0, "edge_sample_ratio": 0.1, "element_anchor_mode": "line", "element_anchor_padding": 3, "element_mask_mode": "rectangle", "element_render_mode": "sequential", "element_scale_ratio": 0.25, "experiment_label": "c31-text-flow-0125-box12", "flow_scale": 0.0125, "fps": 24, "frames": 33, "freq_bands": 8, "hidden": 96, "layout_transform_pan": 0.0, "layout_transform_strength": 0.0, "lr": 0.01, "min_motion_delta": 0.012, "min_ocr_similarity": 0.82, "motion_mode": "jiggle", "motion_strength": 0.0125, "source_resolution": [1280, 736], "steps": 4500, "text_box_loss_weight": 12.0, "text_box_min_conf": 55.0, "text_box_padding": 4, "text_box_sample_ratio": 0.7, "text_boxes": "105 boxes", "time_bands": 4, "train_resolution": "1280x736", "video_layout_mode": "none", "video_viewport_mode": "static", "viewport_pan": 0.0, "viewport_zoom": 0.0}
{
  "canvas_type": "time-conditioned-latent-feature-grid-learned-flow-mlp-text-box-weighted",
  "train_resolution": "1280x736",
  "steps": 4500,
  "batch_size": 131072,
  "channels": 16,
  "hidden": 96,
  "freq_bands": 8,
  "time_bands": 4,
  "lr": 0.01,
  "flow_scale": 0.0125,
  "motion_mode": "jiggle",
  "motion_strength": 0.0125,
  "video_viewport_mode": "static",
  "viewport_zoom": 0.0,
  "viewport_pan": 0.0,
  "video_layout_mode": "none",
  "layout_transform_strength": 0.0,
  "layout_transform_pan": 0.0,
  "element_scale_ratio": 0.25,
  "element_anchor_padding": 3,
  "element_mask_mode": "rectangle",
  "element_anchor_mode": "line",
  "element_render_mode": "sequential",
  "element_line_count": 12,
  "min_ocr_similarity": 0.82,
  "min_motion_delta": 0.012,
  "edge_sample_ratio": 0.1,
  "edge_loss_weight": 1.0,
  "text_box_sample_ratio": 0.7,
  "text_box_loss_weight": 12.0,
  "text_box_padding": 4,
  "text_box_count": 105,
  "text_mask_coverage": 0.15400177240371704,
  "element_alpha_coverage": 0.10876782983541489,
  "compile_ms": 29182.939361000004,
  "final_mse": 0.00844617560505867,
  "losses": [
    {
      "step": 0,
      "mse": 0.7718654870986938
    },
    {
      "step": 225,
      "mse": 0.12548477947711945
    },
    {
      "step": 450,
      "mse": 0.05892340838909149
    },
    {
      "step": 675,
      "mse": 0.03512317314743996
    },
    {
      "step": 900,
      "mse": 0.028116725385189056
    },
    {
      "step": 1125,
      "mse": 0.02389749512076378
    },
    {
      "step": 1350,
      "mse": 0.020310280844569206
    },
    {
      "step": 1575,
      "mse": 0.016899265348911285
    },
    {
      "step": 1800,
      "mse": 0.018168320879340172
    },
    {
      "step": 2025,
      "mse": 0.01763751357793808
    },
    {
      "step": 2250,
      "mse": 0.0139151057228446
    },
    {
      "step": 2475,
      "mse": 0.013755793683230877
    },
    {
      "step": 2700,
      "mse": 0.014314355328679085
    },
    {
      "step": 2925,
      "mse": 0.01179886981844902
    },
    {
      "step": 3150,
      "mse": 0.010275470092892647
    },
    {
      "step": 3375,
      "mse": 0.012970437295734882
    },
    {
      "step": 3600,
      "mse": 0.009623097255825996
    },
    {
      "step": 3825,
      "mse": 0.009025463834404945
    },
    {
      "step": 4050,
      "mse": 0.010051313787698746
    },
    {
      "step": 4275,
      "mse": 0.009126772172749043
    },
    {
      "step": 4499,
      "mse": 0.00844617560505867
    }
  ],
  "render_times": {
    "render-960.png": 15.027900999996291,
    "render-mid.png": 9.652795999997466,
    "render-last.png": 9.637735999994845,
    "render-512.png": 2.7278780000017377,
    "crop-2x.png": 9.410120999994831
  },
  "render_960_ms": 15.027900999996291,
  "render_33_wall_ms": 300.0642629999959,
  "encode_ms": 262.2366350000007,
  "resize_consistency": 0.997419261118395,
  "temporal_consistency": 0.9962301708292216,
  "motion_delta_model": 0.05366794392466545,
  "loop_error_model": 0.0037698291707783937,
  "description": "C2.1 neural canvas: learned jiggle motion with OCR text-box-weighted sampling/loss",
  "run_id": "20260424T190840808715Z-c2-lite-text-c31-text-flow-0125-box12-1280x736-s4500",
  "commit": "6b702a5",
  "track": "C",
  "width": 960,
  "height": 544,
  "frames": 33,
  "fps": 24,
  "artifacts": {
    "input": "/Users/dennisonbertram/Develop/flipbook-research/outputs/track-c/20260424T190840808715Z-c2-lite-text-c31-text-flow-0125-box12-1280x736-s4500/input.png",
    "render_960": "/Users/dennisonbertram/Develop/flipbook-research/outputs/track-c/20260424T190840808715Z-c2-lite-text-c31-text-flow-0125-box12-1280x736-s4500/render-960.png",
    "render_mid": "/Users/dennisonbertram/Develop/flipbook-research/outputs/track-c/20260424T190840808715Z-c2-lite-text-c31-text-flow-0125-box12-1280x736-s4500/render-mid.png",
    "render_last": "/Users/dennisonbertram/Develop/flipbook-research/outputs/track-c/20260424T190840808715Z-c2-lite-text-c31-text-flow-0125-box12-1280x736-s4500/render-last.png",
    "render_512": "/Users/dennisonbertram/Develop/flipbook-research/outputs/track-c/20260424T190840808715Z-c2-lite-text-c31-text-flow-0125-box12-1280x736-s4500/render-512.png",
    "crop_2x": "/Users/dennisonbertram/Develop/flipbook-research/outputs/track-c/20260424T190840808715Z-c2-lite-text-c31-text-flow-0125-box12-1280x736-s4500/crop-2x.png",
    "text_mask": "/Users/dennisonbertram/Develop/flipbook-research/outputs/track-c/20260424T190840808715Z-c2-lite-text-c31-text-flow-0125-box12-1280x736-s4500/text-mask.png",
    "element_alpha_mask": "/Users/dennisonbertram/Develop/flipbook-research/outputs/track-c/20260424T190840808715Z-c2-lite-text-c31-text-flow-0125-box12-1280x736-s4500/element-alpha-mask.png",
    "text_boxes": "/Users/dennisonbertram/Develop/flipbook-research/outputs/track-c/20260424T190840808715Z-c2-lite-text-c31-text-flow-0125-box12-1280x736-s4500/text-boxes.json",
    "output": "/Users/dennisonbertram/Develop/flipbook-research/outputs/track-c/20260424T190840808715Z-c2-lite-text-c31-text-flow-0125-box12-1280x736-s4500/output.mp4",
    "metrics": "/Users/dennisonbertram/Develop/flipbook-research/outputs/track-c/20260424T190840808715Z-c2-lite-text-c31-text-flow-0125-box12-1280x736-s4500/metrics.json",
    "quality": "/Users/dennisonbertram/Develop/flipbook-research/outputs/track-c/20260424T190840808715Z-c2-lite-text-c31-text-flow-0125-box12-1280x736-s4500/quality.json"
  },
  "ocr_similarity": 0.8272727272727272,
  "layout_similarity": 0.997419261118395,
  "motion_delta": 0.0354030504822731,
  "loop_error": 0.0018522301688790321,
  "status": "pass"
}
DONE 20260424T190840808715Z-c2-lite-text-c31-text-flow-0125-box12-1280x736-s4500 quality=0.8273 motion=0.0354
Stopping app - local entrypoint completed.
✓ App completed. View run at 
https://modal.com/apps/dennisonbertram/main/ap-jx3NS1D320PIPl02LoItes
