✓ Initialized. View run at 
https://modal.com/apps/dennisonbertram/main/ap-TiPwiF95YwQROWxJm1Zbd5
✓ Created objects.
├── 🔨 Created mount 
│   /Users/dennisonbertram/Develop/flipbook-research/scripts/track_c/modal_canva
│   s_c2_lite.py
└── 🔨 Created function train_and_render_motion.
START 20260424T190605585385Z-c2-lite-glyph-c31-general-flow-0125-edge8-1280x736-s4500 config={"batch_size": 131072, "channels": 16, "edge_loss_weight": 8.0, "edge_sample_ratio": 0.55, "element_anchor_mode": "line", "element_anchor_padding": 3, "element_mask_mode": "rectangle", "element_render_mode": "sequential", "element_scale_ratio": 0.25, "experiment_label": "c31-general-flow-0125-edge8", "flow_scale": 0.0125, "fps": 24, "frames": 33, "freq_bands": 8, "hidden": 96, "layout_transform_pan": 0.0, "layout_transform_strength": 0.0, "lr": 0.01, "min_motion_delta": 0.012, "min_ocr_similarity": 0.78, "motion_mode": "jiggle", "motion_strength": 0.0125, "source_resolution": [1280, 736], "steps": 4500, "text_box_loss_weight": 0.0, "text_box_min_conf": 55.0, "text_box_padding": 0, "text_box_sample_ratio": 0.0, "text_boxes": "0 boxes", "time_bands": 4, "train_resolution": "1280x736", "video_layout_mode": "none", "video_viewport_mode": "static", "viewport_pan": 0.0, "viewport_zoom": 0.0}
{
  "canvas_type": "time-conditioned-latent-feature-grid-learned-flow-mlp-glyph-weighted",
  "train_resolution": "1280x736",
  "steps": 4500,
  "batch_size": 131072,
  "channels": 16,
  "hidden": 96,
  "freq_bands": 8,
  "time_bands": 4,
  "lr": 0.01,
  "flow_scale": 0.0125,
  "motion_mode": "jiggle",
  "motion_strength": 0.0125,
  "video_viewport_mode": "static",
  "viewport_zoom": 0.0,
  "viewport_pan": 0.0,
  "video_layout_mode": "none",
  "layout_transform_strength": 0.0,
  "layout_transform_pan": 0.0,
  "element_scale_ratio": 0.25,
  "element_anchor_padding": 3,
  "element_mask_mode": "rectangle",
  "element_anchor_mode": "line",
  "element_render_mode": "sequential",
  "element_line_count": 0,
  "min_ocr_similarity": 0.78,
  "min_motion_delta": 0.012,
  "edge_sample_ratio": 0.55,
  "edge_loss_weight": 8.0,
  "text_box_sample_ratio": 0.0,
  "text_box_loss_weight": 0.0,
  "text_box_padding": 0,
  "text_box_count": 0,
  "text_mask_coverage": 0.0,
  "element_alpha_coverage": 0.0,
  "compile_ms": 28202.774676999998,
  "final_mse": 0.0034006694331765175,
  "losses": [
    {
      "step": 0,
      "mse": 0.3717072904109955
    },
    {
      "step": 225,
      "mse": 0.037899576127529144
    },
    {
      "step": 450,
      "mse": 0.02235264517366886
    },
    {
      "step": 675,
      "mse": 0.01579061709344387
    },
    {
      "step": 900,
      "mse": 0.011621166951954365
    },
    {
      "step": 1125,
      "mse": 0.009943680837750435
    },
    {
      "step": 1350,
      "mse": 0.008647419512271881
    },
    {
      "step": 1575,
      "mse": 0.00836039986461401
    },
    {
      "step": 1800,
      "mse": 0.0067605492658913136
    },
    {
      "step": 2025,
      "mse": 0.006006492301821709
    },
    {
      "step": 2250,
      "mse": 0.006947183515876532
    },
    {
      "step": 2475,
      "mse": 0.0077957045286893845
    },
    {
      "step": 2700,
      "mse": 0.005083697848021984
    },
    {
      "step": 2925,
      "mse": 0.004374081734567881
    },
    {
      "step": 3150,
      "mse": 0.004932967945933342
    },
    {
      "step": 3375,
      "mse": 0.004470282234251499
    },
    {
      "step": 3600,
      "mse": 0.0037965141236782074
    },
    {
      "step": 3825,
      "mse": 0.004221662878990173
    },
    {
      "step": 4050,
      "mse": 0.004470396786928177
    },
    {
      "step": 4275,
      "mse": 0.019724171608686447
    },
    {
      "step": 4499,
      "mse": 0.0034006694331765175
    }
  ],
  "render_times": {
    "render-960.png": 16.84038899999507,
    "render-mid.png": 9.787242000001584,
    "render-last.png": 9.754892000003679,
    "render-512.png": 2.526336999999046,
    "crop-2x.png": 9.303854000002332
  },
  "render_960_ms": 16.84038899999507,
  "render_33_wall_ms": 299.88345400000327,
  "encode_ms": 284.1679579999976,
  "resize_consistency": 0.9973702452651174,
  "temporal_consistency": 0.9941290100105107,
  "motion_delta_model": 0.05362095683813095,
  "loop_error_model": 0.005870989989489317,
  "description": "C2-lite neural canvas: learned time-conditioned motion field with glyph-weighted sampling/loss",
  "run_id": "20260424T190605585385Z-c2-lite-glyph-c31-general-flow-0125-edge8-1280x736-s4500",
  "commit": "3c3c271",
  "track": "C",
  "width": 960,
  "height": 544,
  "frames": 33,
  "fps": 24,
  "artifacts": {
    "input": "/Users/dennisonbertram/Develop/flipbook-research/outputs/track-c/20260424T190605585385Z-c2-lite-glyph-c31-general-flow-0125-edge8-1280x736-s4500/input.png",
    "render_960": "/Users/dennisonbertram/Develop/flipbook-research/outputs/track-c/20260424T190605585385Z-c2-lite-glyph-c31-general-flow-0125-edge8-1280x736-s4500/render-960.png",
    "render_mid": "/Users/dennisonbertram/Develop/flipbook-research/outputs/track-c/20260424T190605585385Z-c2-lite-glyph-c31-general-flow-0125-edge8-1280x736-s4500/render-mid.png",
    "render_last": "/Users/dennisonbertram/Develop/flipbook-research/outputs/track-c/20260424T190605585385Z-c2-lite-glyph-c31-general-flow-0125-edge8-1280x736-s4500/render-last.png",
    "render_512": "/Users/dennisonbertram/Develop/flipbook-research/outputs/track-c/20260424T190605585385Z-c2-lite-glyph-c31-general-flow-0125-edge8-1280x736-s4500/render-512.png",
    "crop_2x": "/Users/dennisonbertram/Develop/flipbook-research/outputs/track-c/20260424T190605585385Z-c2-lite-glyph-c31-general-flow-0125-edge8-1280x736-s4500/crop-2x.png",
    "text_mask": "/Users/dennisonbertram/Develop/flipbook-research/outputs/track-c/20260424T190605585385Z-c2-lite-glyph-c31-general-flow-0125-edge8-1280x736-s4500/text-mask.png",
    "element_alpha_mask": "/Users/dennisonbertram/Develop/flipbook-research/outputs/track-c/20260424T190605585385Z-c2-lite-glyph-c31-general-flow-0125-edge8-1280x736-s4500/element-alpha-mask.png",
    "text_boxes": "/Users/dennisonbertram/Develop/flipbook-research/outputs/track-c/20260424T190605585385Z-c2-lite-glyph-c31-general-flow-0125-edge8-1280x736-s4500/text-boxes.json",
    "output": "/Users/dennisonbertram/Develop/flipbook-research/outputs/track-c/20260424T190605585385Z-c2-lite-glyph-c31-general-flow-0125-edge8-1280x736-s4500/output.mp4",
    "metrics": "/Users/dennisonbertram/Develop/flipbook-research/outputs/track-c/20260424T190605585385Z-c2-lite-glyph-c31-general-flow-0125-edge8-1280x736-s4500/metrics.json",
    "quality": "/Users/dennisonbertram/Develop/flipbook-research/outputs/track-c/20260424T190605585385Z-c2-lite-glyph-c31-general-flow-0125-edge8-1280x736-s4500/quality.json"
  },
  "ocr_similarity": 0.7037037037037038,
  "layout_similarity": 0.9973702452651174,
  "motion_delta": 0.0347343273460865,
  "loop_error": 0.0028409434016793966,
  "status": "near_miss"
}
DONE 20260424T190605585385Z-c2-lite-glyph-c31-general-flow-0125-edge8-1280x736-s4500 quality=0.7037 motion=0.0347
Stopping app - local entrypoint completed.
✓ App completed. View run at 
https://modal.com/apps/dennisonbertram/main/ap-TiPwiF95YwQROWxJm1Zbd5
