✓ Initialized. View run at 
https://modal.com/apps/dennisonbertram/main/ap-mad2OLxDF9vDrNncrGrhD1
✓ Created objects.
├── 🔨 Created mount 
│   /Users/dennisonbertram/Develop/flipbook-research/scripts/track_c/modal_canva
│   s_c2_lite.py
└── 🔨 Created function train_and_render_motion.
START 20260424T190840356745Z-c2-lite-text-c31-text-flow-014-box8-1280x736-s4500 config={"batch_size": 131072, "channels": 16, "edge_loss_weight": 1.0, "edge_sample_ratio": 0.1, "element_anchor_mode": "line", "element_anchor_padding": 3, "element_mask_mode": "rectangle", "element_render_mode": "sequential", "element_scale_ratio": 0.25, "experiment_label": "c31-text-flow-014-box8", "flow_scale": 0.014, "fps": 24, "frames": 33, "freq_bands": 8, "hidden": 96, "layout_transform_pan": 0.0, "layout_transform_strength": 0.0, "lr": 0.01, "min_motion_delta": 0.014, "min_ocr_similarity": 0.78, "motion_mode": "jiggle", "motion_strength": 0.014, "source_resolution": [1280, 736], "steps": 4500, "text_box_loss_weight": 8.0, "text_box_min_conf": 55.0, "text_box_padding": 4, "text_box_sample_ratio": 0.55, "text_boxes": "105 boxes", "time_bands": 4, "train_resolution": "1280x736", "video_layout_mode": "none", "video_viewport_mode": "static", "viewport_pan": 0.0, "viewport_zoom": 0.0}
{
  "canvas_type": "time-conditioned-latent-feature-grid-learned-flow-mlp-text-box-weighted",
  "train_resolution": "1280x736",
  "steps": 4500,
  "batch_size": 131072,
  "channels": 16,
  "hidden": 96,
  "freq_bands": 8,
  "time_bands": 4,
  "lr": 0.01,
  "flow_scale": 0.014,
  "motion_mode": "jiggle",
  "motion_strength": 0.014,
  "video_viewport_mode": "static",
  "viewport_zoom": 0.0,
  "viewport_pan": 0.0,
  "video_layout_mode": "none",
  "layout_transform_strength": 0.0,
  "layout_transform_pan": 0.0,
  "element_scale_ratio": 0.25,
  "element_anchor_padding": 3,
  "element_mask_mode": "rectangle",
  "element_anchor_mode": "line",
  "element_render_mode": "sequential",
  "element_line_count": 12,
  "min_ocr_similarity": 0.78,
  "min_motion_delta": 0.014,
  "edge_sample_ratio": 0.1,
  "edge_loss_weight": 1.0,
  "text_box_sample_ratio": 0.55,
  "text_box_loss_weight": 8.0,
  "text_box_padding": 4,
  "text_box_count": 105,
  "text_mask_coverage": 0.15400177240371704,
  "element_alpha_coverage": 0.10876782983541489,
  "compile_ms": 29572.819246000003,
  "final_mse": 0.00559353968128562,
  "losses": [
    {
      "step": 0,
      "mse": 0.5300490260124207
    },
    {
      "step": 225,
      "mse": 0.07942794263362885
    },
    {
      "step": 450,
      "mse": 0.032313987612724304
    },
    {
      "step": 675,
      "mse": 0.024321001023054123
    },
    {
      "step": 900,
      "mse": 0.01906280592083931
    },
    {
      "step": 1125,
      "mse": 0.015068825334310532
    },
    {
      "step": 1350,
      "mse": 0.012579085305333138
    },
    {
      "step": 1575,
      "mse": 0.014671672135591507
    },
    {
      "step": 1800,
      "mse": 0.010355216450989246
    },
    {
      "step": 2025,
      "mse": 0.010531347244977951
    },
    {
      "step": 2250,
      "mse": 0.021430766209959984
    },
    {
      "step": 2475,
      "mse": 0.007500850595533848
    },
    {
      "step": 2700,
      "mse": 0.0071716876700520515
    },
    {
      "step": 2925,
      "mse": 0.009350038133561611
    },
    {
      "step": 3150,
      "mse": 0.007435373030602932
    },
    {
      "step": 3375,
      "mse": 0.009447010233998299
    },
    {
      "step": 3600,
      "mse": 0.00840108934789896
    },
    {
      "step": 3825,
      "mse": 0.006166714243590832
    },
    {
      "step": 4050,
      "mse": 0.00593169778585434
    },
    {
      "step": 4275,
      "mse": 0.005040447227656841
    },
    {
      "step": 4499,
      "mse": 0.00559353968128562
    }
  ],
  "render_times": {
    "render-960.png": 49.208532999998056,
    "render-mid.png": 9.6761129999976,
    "render-last.png": 9.680623000001276,
    "render-512.png": 2.8127510000004463,
    "crop-2x.png": 9.595478999997908
  },
  "render_960_ms": 49.208532999998056,
  "render_33_wall_ms": 300.7767120000011,
  "encode_ms": 973.3650520000054,
  "resize_consistency": 0.9968531629774305,
  "temporal_consistency": 0.9956229077652097,
  "motion_delta_model": 0.056273818016052246,
  "loop_error_model": 0.004377092234790325,
  "description": "C2.1 neural canvas: learned jiggle motion with OCR text-box-weighted sampling/loss",
  "run_id": "20260424T190840356745Z-c2-lite-text-c31-text-flow-014-box8-1280x736-s4500",
  "commit": "6b702a5",
  "track": "C",
  "width": 960,
  "height": 544,
  "frames": 33,
  "fps": 24,
  "artifacts": {
    "input": "/Users/dennisonbertram/Develop/flipbook-research/outputs/track-c/20260424T190840356745Z-c2-lite-text-c31-text-flow-014-box8-1280x736-s4500/input.png",
    "render_960": "/Users/dennisonbertram/Develop/flipbook-research/outputs/track-c/20260424T190840356745Z-c2-lite-text-c31-text-flow-014-box8-1280x736-s4500/render-960.png",
    "render_mid": "/Users/dennisonbertram/Develop/flipbook-research/outputs/track-c/20260424T190840356745Z-c2-lite-text-c31-text-flow-014-box8-1280x736-s4500/render-mid.png",
    "render_last": "/Users/dennisonbertram/Develop/flipbook-research/outputs/track-c/20260424T190840356745Z-c2-lite-text-c31-text-flow-014-box8-1280x736-s4500/render-last.png",
    "render_512": "/Users/dennisonbertram/Develop/flipbook-research/outputs/track-c/20260424T190840356745Z-c2-lite-text-c31-text-flow-014-box8-1280x736-s4500/render-512.png",
    "crop_2x": "/Users/dennisonbertram/Develop/flipbook-research/outputs/track-c/20260424T190840356745Z-c2-lite-text-c31-text-flow-014-box8-1280x736-s4500/crop-2x.png",
    "text_mask": "/Users/dennisonbertram/Develop/flipbook-research/outputs/track-c/20260424T190840356745Z-c2-lite-text-c31-text-flow-014-box8-1280x736-s4500/text-mask.png",
    "element_alpha_mask": "/Users/dennisonbertram/Develop/flipbook-research/outputs/track-c/20260424T190840356745Z-c2-lite-text-c31-text-flow-014-box8-1280x736-s4500/element-alpha-mask.png",
    "text_boxes": "/Users/dennisonbertram/Develop/flipbook-research/outputs/track-c/20260424T190840356745Z-c2-lite-text-c31-text-flow-014-box8-1280x736-s4500/text-boxes.json",
    "output": "/Users/dennisonbertram/Develop/flipbook-research/outputs/track-c/20260424T190840356745Z-c2-lite-text-c31-text-flow-014-box8-1280x736-s4500/output.mp4",
    "metrics": "/Users/dennisonbertram/Develop/flipbook-research/outputs/track-c/20260424T190840356745Z-c2-lite-text-c31-text-flow-014-box8-1280x736-s4500/metrics.json",
    "quality": "/Users/dennisonbertram/Develop/flipbook-research/outputs/track-c/20260424T190840356745Z-c2-lite-text-c31-text-flow-014-box8-1280x736-s4500/quality.json"
  },
  "ocr_similarity": 0.751131221719457,
  "layout_similarity": 0.9968531629774305,
  "motion_delta": 0.03807681053876877,
  "loop_error": 0.0024335815105587244,
  "status": "near_miss"
}
DONE 20260424T190840356745Z-c2-lite-text-c31-text-flow-014-box8-1280x736-s4500 quality=0.7511 motion=0.0381
Stopping app - local entrypoint completed.
✓ App completed. View run at 
https://modal.com/apps/dennisonbertram/main/ap-mad2OLxDF9vDrNncrGrhD1
