✓ Initialized. View run at 
https://modal.com/apps/dennisonbertram/main/ap-CP7BcniCdRY5LPt0zXoYfI
✓ Created objects.
├── 🔨 Created mount 
│   /Users/dennisonbertram/Develop/flipbook-research/scripts/track_c/modal_canva
│   s_c2_lite.py
└── 🔨 Created function train_and_render_motion.
START 20260424T190559154813Z-c2-lite-glyph-c31-general-flow-0125-edge4-1280x736-s4500 config={"batch_size": 131072, "channels": 16, "edge_loss_weight": 4.0, "edge_sample_ratio": 0.35, "element_anchor_mode": "line", "element_anchor_padding": 3, "element_mask_mode": "rectangle", "element_render_mode": "sequential", "element_scale_ratio": 0.25, "experiment_label": "c31-general-flow-0125-edge4", "flow_scale": 0.0125, "fps": 24, "frames": 33, "freq_bands": 8, "hidden": 96, "layout_transform_pan": 0.0, "layout_transform_strength": 0.0, "lr": 0.01, "min_motion_delta": 0.012, "min_ocr_similarity": 0.78, "motion_mode": "jiggle", "motion_strength": 0.0125, "source_resolution": [1280, 736], "steps": 4500, "text_box_loss_weight": 0.0, "text_box_min_conf": 55.0, "text_box_padding": 0, "text_box_sample_ratio": 0.0, "text_boxes": "0 boxes", "time_bands": 4, "train_resolution": "1280x736", "video_layout_mode": "none", "video_viewport_mode": "static", "viewport_pan": 0.0, "viewport_zoom": 0.0}
{
  "canvas_type": "time-conditioned-latent-feature-grid-learned-flow-mlp-glyph-weighted",
  "train_resolution": "1280x736",
  "steps": 4500,
  "batch_size": 131072,
  "channels": 16,
  "hidden": 96,
  "freq_bands": 8,
  "time_bands": 4,
  "lr": 0.01,
  "flow_scale": 0.0125,
  "motion_mode": "jiggle",
  "motion_strength": 0.0125,
  "video_viewport_mode": "static",
  "viewport_zoom": 0.0,
  "viewport_pan": 0.0,
  "video_layout_mode": "none",
  "layout_transform_strength": 0.0,
  "layout_transform_pan": 0.0,
  "element_scale_ratio": 0.25,
  "element_anchor_padding": 3,
  "element_mask_mode": "rectangle",
  "element_anchor_mode": "line",
  "element_render_mode": "sequential",
  "element_line_count": 0,
  "min_ocr_similarity": 0.78,
  "min_motion_delta": 0.012,
  "edge_sample_ratio": 0.35,
  "edge_loss_weight": 4.0,
  "text_box_sample_ratio": 0.0,
  "text_box_loss_weight": 0.0,
  "text_box_padding": 0,
  "text_box_count": 0,
  "text_mask_coverage": 0.0,
  "element_alpha_coverage": 0.0,
  "compile_ms": 28138.936410000002,
  "final_mse": 0.002507342491298914,
  "losses": [
    {
      "step": 0,
      "mse": 0.27009376883506775
    },
    {
      "step": 225,
      "mse": 0.02291981503367424
    },
    {
      "step": 450,
      "mse": 0.013079898431897163
    },
    {
      "step": 675,
      "mse": 0.01315254531800747
    },
    {
      "step": 900,
      "mse": 0.00797179713845253
    },
    {
      "step": 1125,
      "mse": 0.006586449220776558
    },
    {
      "step": 1350,
      "mse": 0.0053731417283415794
    },
    {
      "step": 1575,
      "mse": 0.0048720957711339
    },
    {
      "step": 1800,
      "mse": 0.005256976932287216
    },
    {
      "step": 2025,
      "mse": 0.004075727425515652
    },
    {
      "step": 2250,
      "mse": 0.00364094041287899
    },
    {
      "step": 2475,
      "mse": 0.0034118355251848698
    },
    {
      "step": 2700,
      "mse": 0.0038318720180541277
    },
    {
      "step": 2925,
      "mse": 0.0032825167290866375
    },
    {
      "step": 3150,
      "mse": 0.003062371863052249
    },
    {
      "step": 3375,
      "mse": 0.0029738612938672304
    },
    {
      "step": 3600,
      "mse": 0.002473394153639674
    },
    {
      "step": 3825,
      "mse": 0.0028347582556307316
    },
    {
      "step": 4050,
      "mse": 0.0025985739193856716
    },
    {
      "step": 4275,
      "mse": 0.0026789188850671053
    },
    {
      "step": 4499,
      "mse": 0.002507342491298914
    }
  ],
  "render_times": {
    "render-960.png": 15.64258599999846,
    "render-mid.png": 9.373801000002402,
    "render-last.png": 9.339373000003093,
    "render-512.png": 2.4142930000010665,
    "crop-2x.png": 9.25422600000303
  },
  "render_960_ms": 15.64258599999846,
  "render_33_wall_ms": 299.76833699999617,
  "encode_ms": 244.31859100000253,
  "resize_consistency": 0.9973452058327926,
  "temporal_consistency": 0.9956727405078709,
  "motion_delta_model": 0.05324643477797508,
  "loop_error_model": 0.0043272594921290874,
  "description": "C2-lite neural canvas: learned time-conditioned motion field with glyph-weighted sampling/loss",
  "run_id": "20260424T190559154813Z-c2-lite-glyph-c31-general-flow-0125-edge4-1280x736-s4500",
  "commit": "3c3c271",
  "track": "C",
  "width": 960,
  "height": 544,
  "frames": 33,
  "fps": 24,
  "artifacts": {
    "input": "/Users/dennisonbertram/Develop/flipbook-research/outputs/track-c/20260424T190559154813Z-c2-lite-glyph-c31-general-flow-0125-edge4-1280x736-s4500/input.png",
    "render_960": "/Users/dennisonbertram/Develop/flipbook-research/outputs/track-c/20260424T190559154813Z-c2-lite-glyph-c31-general-flow-0125-edge4-1280x736-s4500/render-960.png",
    "render_mid": "/Users/dennisonbertram/Develop/flipbook-research/outputs/track-c/20260424T190559154813Z-c2-lite-glyph-c31-general-flow-0125-edge4-1280x736-s4500/render-mid.png",
    "render_last": "/Users/dennisonbertram/Develop/flipbook-research/outputs/track-c/20260424T190559154813Z-c2-lite-glyph-c31-general-flow-0125-edge4-1280x736-s4500/render-last.png",
    "render_512": "/Users/dennisonbertram/Develop/flipbook-research/outputs/track-c/20260424T190559154813Z-c2-lite-glyph-c31-general-flow-0125-edge4-1280x736-s4500/render-512.png",
    "crop_2x": "/Users/dennisonbertram/Develop/flipbook-research/outputs/track-c/20260424T190559154813Z-c2-lite-glyph-c31-general-flow-0125-edge4-1280x736-s4500/crop-2x.png",
    "text_mask": "/Users/dennisonbertram/Develop/flipbook-research/outputs/track-c/20260424T190559154813Z-c2-lite-glyph-c31-general-flow-0125-edge4-1280x736-s4500/text-mask.png",
    "element_alpha_mask": "/Users/dennisonbertram/Develop/flipbook-research/outputs/track-c/20260424T190559154813Z-c2-lite-glyph-c31-general-flow-0125-edge4-1280x736-s4500/element-alpha-mask.png",
    "text_boxes": "/Users/dennisonbertram/Develop/flipbook-research/outputs/track-c/20260424T190559154813Z-c2-lite-glyph-c31-general-flow-0125-edge4-1280x736-s4500/text-boxes.json",
    "output": "/Users/dennisonbertram/Develop/flipbook-research/outputs/track-c/20260424T190559154813Z-c2-lite-glyph-c31-general-flow-0125-edge4-1280x736-s4500/output.mp4",
    "metrics": "/Users/dennisonbertram/Develop/flipbook-research/outputs/track-c/20260424T190559154813Z-c2-lite-glyph-c31-general-flow-0125-edge4-1280x736-s4500/metrics.json",
    "quality": "/Users/dennisonbertram/Develop/flipbook-research/outputs/track-c/20260424T190559154813Z-c2-lite-glyph-c31-general-flow-0125-edge4-1280x736-s4500/quality.json"
  },
  "ocr_similarity": 0.46788990825688076,
  "layout_similarity": 0.9973452058327926,
  "motion_delta": 0.03482302278280258,
  "loop_error": 0.0017951162299141288,
  "status": "near_miss"
}
DONE 20260424T190559154813Z-c2-lite-glyph-c31-general-flow-0125-edge4-1280x736-s4500 quality=0.4679 motion=0.0348
Stopping app - local entrypoint completed.
✓ App completed. View run at 
https://modal.com/apps/dennisonbertram/main/ap-CP7BcniCdRY5LPt0zXoYfI
