✓ Initialized. View run at 
https://modal.com/apps/dennisonbertram/main/ap-svPsqhEGXx7hiy2g5XwbEU
✓ Created objects.
├── 🔨 Created mount 
│   /Users/dennisonbertram/Develop/flipbook-research/scripts/track_c/modal_canva
│   s_c2_lite.py
└── 🔨 Created function train_and_render_motion.
START 20260424T190612581831Z-c2-lite-text-c31-text-flow-0135-box8-1280x736-s4500 config={"batch_size": 131072, "channels": 16, "edge_loss_weight": 1.0, "edge_sample_ratio": 0.1, "element_anchor_mode": "line", "element_anchor_padding": 3, "element_mask_mode": "rectangle", "element_render_mode": "sequential", "element_scale_ratio": 0.25, "experiment_label": "c31-text-flow-0135-box8", "flow_scale": 0.0135, "fps": 24, "frames": 33, "freq_bands": 8, "hidden": 96, "layout_transform_pan": 0.0, "layout_transform_strength": 0.0, "lr": 0.01, "min_motion_delta": 0.013, "min_ocr_similarity": 0.8, "motion_mode": "jiggle", "motion_strength": 0.0135, "source_resolution": [1280, 736], "steps": 4500, "text_box_loss_weight": 8.0, "text_box_min_conf": 55.0, "text_box_padding": 4, "text_box_sample_ratio": 0.55, "text_boxes": "105 boxes", "time_bands": 4, "train_resolution": "1280x736", "video_layout_mode": "none", "video_viewport_mode": "static", "viewport_pan": 0.0, "viewport_zoom": 0.0}
{
  "canvas_type": "time-conditioned-latent-feature-grid-learned-flow-mlp-text-box-weighted",
  "train_resolution": "1280x736",
  "steps": 4500,
  "batch_size": 131072,
  "channels": 16,
  "hidden": 96,
  "freq_bands": 8,
  "time_bands": 4,
  "lr": 0.01,
  "flow_scale": 0.0135,
  "motion_mode": "jiggle",
  "motion_strength": 0.0135,
  "video_viewport_mode": "static",
  "viewport_zoom": 0.0,
  "viewport_pan": 0.0,
  "video_layout_mode": "none",
  "layout_transform_strength": 0.0,
  "layout_transform_pan": 0.0,
  "element_scale_ratio": 0.25,
  "element_anchor_padding": 3,
  "element_mask_mode": "rectangle",
  "element_anchor_mode": "line",
  "element_render_mode": "sequential",
  "element_line_count": 12,
  "min_ocr_similarity": 0.8,
  "min_motion_delta": 0.013,
  "edge_sample_ratio": 0.1,
  "edge_loss_weight": 1.0,
  "text_box_sample_ratio": 0.55,
  "text_box_loss_weight": 8.0,
  "text_box_padding": 4,
  "text_box_count": 105,
  "text_mask_coverage": 0.15400177240371704,
  "element_alpha_coverage": 0.10876782983541489,
  "compile_ms": 29543.459741,
  "final_mse": 0.008208991959691048,
  "losses": [
    {
      "step": 0,
      "mse": 0.516142725944519
    },
    {
      "step": 225,
      "mse": 0.07792356610298157
    },
    {
      "step": 450,
      "mse": 0.03296186402440071
    },
    {
      "step": 675,
      "mse": 0.02437923476099968
    },
    {
      "step": 900,
      "mse": 0.019729943946003914
    },
    {
      "step": 1125,
      "mse": 0.017522644251585007
    },
    {
      "step": 1350,
      "mse": 0.01682601496577263
    },
    {
      "step": 1575,
      "mse": 0.014364399015903473
    },
    {
      "step": 1800,
      "mse": 0.012359010055661201
    },
    {
      "step": 2025,
      "mse": 0.013209471479058266
    },
    {
      "step": 2250,
      "mse": 0.012424376793205738
    },
    {
      "step": 2475,
      "mse": 0.013789260759949684
    },
    {
      "step": 2700,
      "mse": 0.012428609654307365
    },
    {
      "step": 2925,
      "mse": 0.009842060506343842
    },
    {
      "step": 3150,
      "mse": 0.009524734690785408
    },
    {
      "step": 3375,
      "mse": 0.00935335922986269
    },
    {
      "step": 3600,
      "mse": 0.009109077975153923
    },
    {
      "step": 3825,
      "mse": 0.009649593383073807
    },
    {
      "step": 4050,
      "mse": 0.008922581560909748
    },
    {
      "step": 4275,
      "mse": 0.008619756437838078
    },
    {
      "step": 4499,
      "mse": 0.008208991959691048
    }
  ],
  "render_times": {
    "render-960.png": 16.161436000004414,
    "render-mid.png": 9.505048000001182,
    "render-last.png": 9.400956999996879,
    "render-512.png": 2.5244740000047727,
    "crop-2x.png": 9.34868499999908
  },
  "render_960_ms": 16.161436000004414,
  "render_33_wall_ms": 300.15433399999836,
  "encode_ms": 246.68680799999976,
  "resize_consistency": 0.9968942597479785,
  "temporal_consistency": 0.9964464863296598,
  "motion_delta_model": 0.057438306510448456,
  "loop_error_model": 0.0035535136703401804,
  "description": "C2.1 neural canvas: learned jiggle motion with OCR text-box-weighted sampling/loss",
  "run_id": "20260424T190612581831Z-c2-lite-text-c31-text-flow-0135-box8-1280x736-s4500",
  "commit": "3c3c271",
  "track": "C",
  "width": 960,
  "height": 544,
  "frames": 33,
  "fps": 24,
  "artifacts": {
    "input": "/Users/dennisonbertram/Develop/flipbook-research/outputs/track-c/20260424T190612581831Z-c2-lite-text-c31-text-flow-0135-box8-1280x736-s4500/input.png",
    "render_960": "/Users/dennisonbertram/Develop/flipbook-research/outputs/track-c/20260424T190612581831Z-c2-lite-text-c31-text-flow-0135-box8-1280x736-s4500/render-960.png",
    "render_mid": "/Users/dennisonbertram/Develop/flipbook-research/outputs/track-c/20260424T190612581831Z-c2-lite-text-c31-text-flow-0135-box8-1280x736-s4500/render-mid.png",
    "render_last": "/Users/dennisonbertram/Develop/flipbook-research/outputs/track-c/20260424T190612581831Z-c2-lite-text-c31-text-flow-0135-box8-1280x736-s4500/render-last.png",
    "render_512": "/Users/dennisonbertram/Develop/flipbook-research/outputs/track-c/20260424T190612581831Z-c2-lite-text-c31-text-flow-0135-box8-1280x736-s4500/render-512.png",
    "crop_2x": "/Users/dennisonbertram/Develop/flipbook-research/outputs/track-c/20260424T190612581831Z-c2-lite-text-c31-text-flow-0135-box8-1280x736-s4500/crop-2x.png",
    "text_mask": "/Users/dennisonbertram/Develop/flipbook-research/outputs/track-c/20260424T190612581831Z-c2-lite-text-c31-text-flow-0135-box8-1280x736-s4500/text-mask.png",
    "element_alpha_mask": "/Users/dennisonbertram/Develop/flipbook-research/outputs/track-c/20260424T190612581831Z-c2-lite-text-c31-text-flow-0135-box8-1280x736-s4500/element-alpha-mask.png",
    "text_boxes": "/Users/dennisonbertram/Develop/flipbook-research/outputs/track-c/20260424T190612581831Z-c2-lite-text-c31-text-flow-0135-box8-1280x736-s4500/text-boxes.json",
    "output": "/Users/dennisonbertram/Develop/flipbook-research/outputs/track-c/20260424T190612581831Z-c2-lite-text-c31-text-flow-0135-box8-1280x736-s4500/output.mp4",
    "metrics": "/Users/dennisonbertram/Develop/flipbook-research/outputs/track-c/20260424T190612581831Z-c2-lite-text-c31-text-flow-0135-box8-1280x736-s4500/metrics.json",
    "quality": "/Users/dennisonbertram/Develop/flipbook-research/outputs/track-c/20260424T190612581831Z-c2-lite-text-c31-text-flow-0135-box8-1280x736-s4500/quality.json"
  },
  "ocr_similarity": 0.8440366972477065,
  "layout_similarity": 0.9968942597479785,
  "motion_delta": 0.038373351097106934,
  "loop_error": 0.002006172901019454,
  "status": "pass"
}
DONE 20260424T190612581831Z-c2-lite-text-c31-text-flow-0135-box8-1280x736-s4500 quality=0.8440 motion=0.0384
Stopping app - local entrypoint completed.
✓ App completed. View run at 
https://modal.com/apps/dennisonbertram/main/ap-svPsqhEGXx7hiy2g5XwbEU
