✓ Initialized. View run at 
https://modal.com/apps/dennisonbertram/main/ap-MhVeU8MbpGcpwRz1sEqmPM
✓ Created objects.
├── 🔨 Created mount 
│   /Users/dennisonbertram/Develop/flipbook-research/scripts/track_c/modal_canva
│   s_c2_lite.py
└── 🔨 Created function train_and_render_motion.
START 20260424T190840784385Z-c2-lite-text-static-layout-element-frame-scale-c31-alpha-layout-r0025-s004-1280x736-s4500 config={"batch_size": 131072, "channels": 16, "edge_loss_weight": 1.0, "edge_sample_ratio": 0.1, "element_anchor_mode": "line", "element_anchor_padding": 4, "element_mask_mode": "text-alpha", "element_render_mode": "batched", "element_scale_ratio": 0.025, "experiment_label": "c31-alpha-layout-r0025-s004", "flow_scale": 0.0, "fps": 24, "frames": 33, "freq_bands": 8, "hidden": 96, "layout_transform_pan": 0.008, "layout_transform_strength": 0.04, "lr": 0.01, "min_motion_delta": 0.015, "min_ocr_similarity": 0.6, "motion_mode": "static", "motion_strength": 0.0, "source_resolution": [1280, 736], "steps": 4500, "text_box_loss_weight": 8.0, "text_box_min_conf": 55.0, "text_box_padding": 4, "text_box_sample_ratio": 0.55, "text_boxes": "105 boxes", "time_bands": 4, "train_resolution": "1280x736", "video_layout_mode": "element-frame-scale", "video_viewport_mode": "static", "viewport_pan": 0.0, "viewport_zoom": 0.0}
{
  "canvas_type": "stable-latent-feature-grid-element-anchor-layout-text-box-weighted",
  "train_resolution": "1280x736",
  "steps": 4500,
  "batch_size": 131072,
  "channels": 16,
  "hidden": 96,
  "freq_bands": 8,
  "time_bands": 4,
  "lr": 0.01,
  "flow_scale": 0.0,
  "motion_mode": "static",
  "motion_strength": 0.0,
  "video_viewport_mode": "static",
  "viewport_zoom": 0.0,
  "viewport_pan": 0.0,
  "video_layout_mode": "element-frame-scale",
  "layout_transform_strength": 0.04,
  "layout_transform_pan": 0.008,
  "element_scale_ratio": 0.025,
  "element_anchor_padding": 4,
  "element_mask_mode": "text-alpha",
  "element_anchor_mode": "line",
  "element_render_mode": "batched",
  "element_line_count": 12,
  "min_ocr_similarity": 0.6,
  "min_motion_delta": 0.015,
  "edge_sample_ratio": 0.1,
  "edge_loss_weight": 1.0,
  "text_box_sample_ratio": 0.55,
  "text_box_loss_weight": 8.0,
  "text_box_padding": 4,
  "text_box_count": 105,
  "text_mask_coverage": 0.15400177240371704,
  "element_alpha_coverage": 0.10876782983541489,
  "compile_ms": 29262.32207,
  "final_mse": 8.845468983054161e-05,
  "losses": [
    {
      "step": 0,
      "mse": 0.6543676853179932
    },
    {
      "step": 225,
      "mse": 0.0004600050742737949
    },
    {
      "step": 450,
      "mse": 0.0003221533843316138
    },
    {
      "step": 675,
      "mse": 9.017661795951426e-05
    },
    {
      "step": 900,
      "mse": 6.85902195982635e-05
    },
    {
      "step": 1125,
      "mse": 5.5654661991866305e-05
    },
    {
      "step": 1350,
      "mse": 6.574109283974394e-05
    },
    {
      "step": 1575,
      "mse": 5.633020191453397e-05
    },
    {
      "step": 1800,
      "mse": 4.931104194838554e-05
    },
    {
      "step": 2025,
      "mse": 7.33724154997617e-05
    },
    {
      "step": 2250,
      "mse": 3.707908763317391e-05
    },
    {
      "step": 2475,
      "mse": 4.558528962661512e-05
    },
    {
      "step": 2700,
      "mse": 3.2067764550447464e-05
    },
    {
      "step": 2925,
      "mse": 2.7037418476538733e-05
    },
    {
      "step": 3150,
      "mse": 4.808560697711073e-05
    },
    {
      "step": 3375,
      "mse": 5.3251358622219414e-05
    },
    {
      "step": 3600,
      "mse": 7.922333315946162e-05
    },
    {
      "step": 3825,
      "mse": 6.45998225081712e-05
    },
    {
      "step": 4050,
      "mse": 6.156325252959505e-05
    },
    {
      "step": 4275,
      "mse": 3.3757492928998545e-05
    },
    {
      "step": 4499,
      "mse": 8.845468983054161e-05
    }
  ],
  "render_times": {
    "render-960.png": 16.760865999998487,
    "render-mid.png": 9.338190999997664,
    "render-last.png": 9.407171999995967,
    "render-512.png": 2.4920870000002537,
    "crop-2x.png": 9.308613000001742,
    "render-element-mid.png": 36.89770300000106
  },
  "render_960_ms": 16.760865999998487,
  "render_33_wall_ms": 389.248594999998,
  "encode_ms": 474.9764210000009,
  "resize_consistency": 0.9999679840312284,
  "temporal_consistency": 0.9959139176644385,
  "motion_delta_model": 0.05532992258667946,
  "loop_error_model": 0.004086082335561514,
  "description": "C2.6 neural canvas: stable content with OCR line anchors, text-alpha masks, and element-frame-scale layout transform",
  "run_id": "20260424T190840784385Z-c2-lite-text-static-layout-element-frame-scale-c31-alpha-layout-r0025-s004-1280x736-s4500",
  "commit": "6b702a5",
  "track": "C",
  "width": 960,
  "height": 544,
  "frames": 33,
  "fps": 24,
  "artifacts": {
    "input": "/Users/dennisonbertram/Develop/flipbook-research/outputs/track-c/20260424T190840784385Z-c2-lite-text-static-layout-element-frame-scale-c31-alpha-layout-r0025-s004-1280x736-s4500/input.png",
    "render_960": "/Users/dennisonbertram/Develop/flipbook-research/outputs/track-c/20260424T190840784385Z-c2-lite-text-static-layout-element-frame-scale-c31-alpha-layout-r0025-s004-1280x736-s4500/render-960.png",
    "render_mid": "/Users/dennisonbertram/Develop/flipbook-research/outputs/track-c/20260424T190840784385Z-c2-lite-text-static-layout-element-frame-scale-c31-alpha-layout-r0025-s004-1280x736-s4500/render-mid.png",
    "render_last": "/Users/dennisonbertram/Develop/flipbook-research/outputs/track-c/20260424T190840784385Z-c2-lite-text-static-layout-element-frame-scale-c31-alpha-layout-r0025-s004-1280x736-s4500/render-last.png",
    "render_512": "/Users/dennisonbertram/Develop/flipbook-research/outputs/track-c/20260424T190840784385Z-c2-lite-text-static-layout-element-frame-scale-c31-alpha-layout-r0025-s004-1280x736-s4500/render-512.png",
    "crop_2x": "/Users/dennisonbertram/Develop/flipbook-research/outputs/track-c/20260424T190840784385Z-c2-lite-text-static-layout-element-frame-scale-c31-alpha-layout-r0025-s004-1280x736-s4500/crop-2x.png",
    "text_mask": "/Users/dennisonbertram/Develop/flipbook-research/outputs/track-c/20260424T190840784385Z-c2-lite-text-static-layout-element-frame-scale-c31-alpha-layout-r0025-s004-1280x736-s4500/text-mask.png",
    "element_alpha_mask": "/Users/dennisonbertram/Develop/flipbook-research/outputs/track-c/20260424T190840784385Z-c2-lite-text-static-layout-element-frame-scale-c31-alpha-layout-r0025-s004-1280x736-s4500/element-alpha-mask.png",
    "text_boxes": "/Users/dennisonbertram/Develop/flipbook-research/outputs/track-c/20260424T190840784385Z-c2-lite-text-static-layout-element-frame-scale-c31-alpha-layout-r0025-s004-1280x736-s4500/text-boxes.json",
    "output": "/Users/dennisonbertram/Develop/flipbook-research/outputs/track-c/20260424T190840784385Z-c2-lite-text-static-layout-element-frame-scale-c31-alpha-layout-r0025-s004-1280x736-s4500/output.mp4",
    "metrics": "/Users/dennisonbertram/Develop/flipbook-research/outputs/track-c/20260424T190840784385Z-c2-lite-text-static-layout-element-frame-scale-c31-alpha-layout-r0025-s004-1280x736-s4500/metrics.json",
    "quality": "/Users/dennisonbertram/Develop/flipbook-research/outputs/track-c/20260424T190840784385Z-c2-lite-text-static-layout-element-frame-scale-c31-alpha-layout-r0025-s004-1280x736-s4500/quality.json",
    "render_element_mid": "/Users/dennisonbertram/Develop/flipbook-research/outputs/track-c/20260424T190840784385Z-c2-lite-text-static-layout-element-frame-scale-c31-alpha-layout-r0025-s004-1280x736-s4500/render-element-mid.png"
  },
  "ocr_similarity": 0.18604651162790697,
  "layout_similarity": 0.9999679840312284,
  "motion_delta": 0.030285684391856194,
  "loop_error": 0.0003716185747180134,
  "status": "near_miss"
}
DONE 20260424T190840784385Z-c2-lite-text-static-layout-element-frame-scale-c31-alpha-layout-r0025-s004-1280x736-s4500 quality=0.1860 motion=0.0303
Stopping app - local entrypoint completed.
✓ App completed. View run at 
https://modal.com/apps/dennisonbertram/main/ap-MhVeU8MbpGcpwRz1sEqmPM
