✓ Initialized. View run at 
https://modal.com/apps/dennisonbertram/main/ap-cujZ94vGHoZqK2FW3iqMBm
✓ Created objects.
├── 🔨 Created mount 
│   /Users/dennisonbertram/Develop/flipbook-research/scripts/track_c/modal_canva
│   s_c2_lite.py
└── 🔨 Created function train_and_render_motion.
START 20260424T191249508614Z-c2-lite-glyph-c32-general-flow-0125-edge05-1280x736-s4500 config={"batch_size": 131072, "channels": 16, "edge_loss_weight": 0.5, "edge_sample_ratio": 0.05, "element_anchor_mode": "line", "element_anchor_padding": 3, "element_mask_mode": "rectangle", "element_render_mode": "sequential", "element_scale_ratio": 0.25, "experiment_label": "c32-general-flow-0125-edge05", "flow_scale": 0.0125, "fps": 24, "frames": 33, "freq_bands": 8, "hidden": 96, "layout_transform_pan": 0.0, "layout_transform_strength": 0.0, "lr": 0.01, "min_motion_delta": 0.012, "min_ocr_similarity": 0.8, "motion_mode": "jiggle", "motion_strength": 0.0125, "source_resolution": [1280, 736], "steps": 4500, "text_box_loss_weight": 0.0, "text_box_min_conf": 55.0, "text_box_padding": 0, "text_box_sample_ratio": 0.0, "text_boxes": "0 boxes", "time_bands": 4, "train_resolution": "1280x736", "video_layout_mode": "none", "video_viewport_mode": "static", "viewport_pan": 0.0, "viewport_zoom": 0.0}
{
  "canvas_type": "time-conditioned-latent-feature-grid-learned-flow-mlp-glyph-weighted",
  "train_resolution": "1280x736",
  "steps": 4500,
  "batch_size": 131072,
  "channels": 16,
  "hidden": 96,
  "freq_bands": 8,
  "time_bands": 4,
  "lr": 0.01,
  "flow_scale": 0.0125,
  "motion_mode": "jiggle",
  "motion_strength": 0.0125,
  "video_viewport_mode": "static",
  "viewport_zoom": 0.0,
  "viewport_pan": 0.0,
  "video_layout_mode": "none",
  "layout_transform_strength": 0.0,
  "layout_transform_pan": 0.0,
  "element_scale_ratio": 0.25,
  "element_anchor_padding": 3,
  "element_mask_mode": "rectangle",
  "element_anchor_mode": "line",
  "element_render_mode": "sequential",
  "element_line_count": 0,
  "min_ocr_similarity": 0.8,
  "min_motion_delta": 0.012,
  "edge_sample_ratio": 0.05,
  "edge_loss_weight": 0.5,
  "text_box_sample_ratio": 0.0,
  "text_box_loss_weight": 0.0,
  "text_box_padding": 0,
  "text_box_count": 0,
  "text_mask_coverage": 0.0,
  "element_alpha_coverage": 0.0,
  "compile_ms": 28268.361723,
  "final_mse": 0.00016115397738758475,
  "losses": [
    {
      "step": 0,
      "mse": 0.2075500190258026
    },
    {
      "step": 225,
      "mse": 0.0061951372772455215
    },
    {
      "step": 450,
      "mse": 0.0008371972944587469
    },
    {
      "step": 675,
      "mse": 0.0004765234189108014
    },
    {
      "step": 900,
      "mse": 0.0003597376635298133
    },
    {
      "step": 1125,
      "mse": 0.0003566049854271114
    },
    {
      "step": 1350,
      "mse": 0.0004480878997128457
    },
    {
      "step": 1575,
      "mse": 0.00029505183920264244
    },
    {
      "step": 1800,
      "mse": 0.0001655821833992377
    },
    {
      "step": 2025,
      "mse": 0.0001757014833856374
    },
    {
      "step": 2250,
      "mse": 0.0002866524155251682
    },
    {
      "step": 2475,
      "mse": 0.00017788464901968837
    },
    {
      "step": 2700,
      "mse": 0.00015746691497042775
    },
    {
      "step": 2925,
      "mse": 0.00014524989819619805
    },
    {
      "step": 3150,
      "mse": 0.00015010841889306903
    },
    {
      "step": 3375,
      "mse": 0.00014912142069078982
    },
    {
      "step": 3600,
      "mse": 0.00010998536890838295
    },
    {
      "step": 3825,
      "mse": 0.0001576316135469824
    },
    {
      "step": 4050,
      "mse": 0.00012174259609309956
    },
    {
      "step": 4275,
      "mse": 0.00012100637832190841
    },
    {
      "step": 4499,
      "mse": 0.00016115397738758475
    }
  ],
  "render_times": {
    "render-960.png": 16.117645999997876,
    "render-mid.png": 9.435768000003009,
    "render-last.png": 9.398236000002669,
    "render-512.png": 2.55354299999766,
    "crop-2x.png": 9.321110000001909
  },
  "render_960_ms": 16.117645999997876,
  "render_33_wall_ms": 299.80400600000223,
  "encode_ms": 275.2716699999951,
  "resize_consistency": 0.9973972877581639,
  "temporal_consistency": 0.9981593034463003,
  "motion_delta_model": 0.050717711448669434,
  "loop_error_model": 0.0018406965536996722,
  "description": "C2-lite neural canvas: learned time-conditioned motion field with glyph-weighted sampling/loss",
  "run_id": "20260424T191249508614Z-c2-lite-glyph-c32-general-flow-0125-edge05-1280x736-s4500",
  "commit": "69a2acd",
  "track": "C",
  "width": 960,
  "height": 544,
  "frames": 33,
  "fps": 24,
  "artifacts": {
    "input": "/Users/dennisonbertram/Develop/flipbook-research/outputs/track-c/20260424T191249508614Z-c2-lite-glyph-c32-general-flow-0125-edge05-1280x736-s4500/input.png",
    "render_960": "/Users/dennisonbertram/Develop/flipbook-research/outputs/track-c/20260424T191249508614Z-c2-lite-glyph-c32-general-flow-0125-edge05-1280x736-s4500/render-960.png",
    "render_mid": "/Users/dennisonbertram/Develop/flipbook-research/outputs/track-c/20260424T191249508614Z-c2-lite-glyph-c32-general-flow-0125-edge05-1280x736-s4500/render-mid.png",
    "render_last": "/Users/dennisonbertram/Develop/flipbook-research/outputs/track-c/20260424T191249508614Z-c2-lite-glyph-c32-general-flow-0125-edge05-1280x736-s4500/render-last.png",
    "render_512": "/Users/dennisonbertram/Develop/flipbook-research/outputs/track-c/20260424T191249508614Z-c2-lite-glyph-c32-general-flow-0125-edge05-1280x736-s4500/render-512.png",
    "crop_2x": "/Users/dennisonbertram/Develop/flipbook-research/outputs/track-c/20260424T191249508614Z-c2-lite-glyph-c32-general-flow-0125-edge05-1280x736-s4500/crop-2x.png",
    "text_mask": "/Users/dennisonbertram/Develop/flipbook-research/outputs/track-c/20260424T191249508614Z-c2-lite-glyph-c32-general-flow-0125-edge05-1280x736-s4500/text-mask.png",
    "element_alpha_mask": "/Users/dennisonbertram/Develop/flipbook-research/outputs/track-c/20260424T191249508614Z-c2-lite-glyph-c32-general-flow-0125-edge05-1280x736-s4500/element-alpha-mask.png",
    "text_boxes": "/Users/dennisonbertram/Develop/flipbook-research/outputs/track-c/20260424T191249508614Z-c2-lite-glyph-c32-general-flow-0125-edge05-1280x736-s4500/text-boxes.json",
    "output": "/Users/dennisonbertram/Develop/flipbook-research/outputs/track-c/20260424T191249508614Z-c2-lite-glyph-c32-general-flow-0125-edge05-1280x736-s4500/output.mp4",
    "metrics": "/Users/dennisonbertram/Develop/flipbook-research/outputs/track-c/20260424T191249508614Z-c2-lite-glyph-c32-general-flow-0125-edge05-1280x736-s4500/metrics.json",
    "quality": "/Users/dennisonbertram/Develop/flipbook-research/outputs/track-c/20260424T191249508614Z-c2-lite-glyph-c32-general-flow-0125-edge05-1280x736-s4500/quality.json"
  },
  "ocr_similarity": 0.8440366972477065,
  "layout_similarity": 0.9973972877581639,
  "motion_delta": 0.034204792231321335,
  "loop_error": 0.001975346589460969,
  "status": "pass"
}
DONE 20260424T191249508614Z-c2-lite-glyph-c32-general-flow-0125-edge05-1280x736-s4500 quality=0.8440 motion=0.0342
Stopping app - local entrypoint completed.
✓ App completed. View run at 
https://modal.com/apps/dennisonbertram/main/ap-cujZ94vGHoZqK2FW3iqMBm
