✓ Initialized. View run at 
https://modal.com/apps/dennisonbertram/main/ap-iIp8Ea2Z5LcdfDqd50QrcP
✓ Created objects.
├── 🔨 Created mount 
│   /Users/dennisonbertram/Develop/flipbook-research/scripts/track_c/modal_canva
│   s_c2_lite.py
└── 🔨 Created function train_and_render_motion.
START 20260424T191249849883Z-c2-lite-text-c32-text-flow-0145-box8-1280x736-s4500 config={"batch_size": 131072, "channels": 16, "edge_loss_weight": 1.0, "edge_sample_ratio": 0.1, "element_anchor_mode": "line", "element_anchor_padding": 3, "element_mask_mode": "rectangle", "element_render_mode": "sequential", "element_scale_ratio": 0.25, "experiment_label": "c32-text-flow-0145-box8", "flow_scale": 0.0145, "fps": 24, "frames": 33, "freq_bands": 8, "hidden": 96, "layout_transform_pan": 0.0, "layout_transform_strength": 0.0, "lr": 0.01, "min_motion_delta": 0.014, "min_ocr_similarity": 0.78, "motion_mode": "jiggle", "motion_strength": 0.0145, "source_resolution": [1280, 736], "steps": 4500, "text_box_loss_weight": 8.0, "text_box_min_conf": 55.0, "text_box_padding": 4, "text_box_sample_ratio": 0.55, "text_boxes": "105 boxes", "time_bands": 4, "train_resolution": "1280x736", "video_layout_mode": "none", "video_viewport_mode": "static", "viewport_pan": 0.0, "viewport_zoom": 0.0}
{
  "canvas_type": "time-conditioned-latent-feature-grid-learned-flow-mlp-text-box-weighted",
  "train_resolution": "1280x736",
  "steps": 4500,
  "batch_size": 131072,
  "channels": 16,
  "hidden": 96,
  "freq_bands": 8,
  "time_bands": 4,
  "lr": 0.01,
  "flow_scale": 0.0145,
  "motion_mode": "jiggle",
  "motion_strength": 0.0145,
  "video_viewport_mode": "static",
  "viewport_zoom": 0.0,
  "viewport_pan": 0.0,
  "video_layout_mode": "none",
  "layout_transform_strength": 0.0,
  "layout_transform_pan": 0.0,
  "element_scale_ratio": 0.25,
  "element_anchor_padding": 3,
  "element_mask_mode": "rectangle",
  "element_anchor_mode": "line",
  "element_render_mode": "sequential",
  "element_line_count": 12,
  "min_ocr_similarity": 0.78,
  "min_motion_delta": 0.014,
  "edge_sample_ratio": 0.1,
  "edge_loss_weight": 1.0,
  "text_box_sample_ratio": 0.55,
  "text_box_loss_weight": 8.0,
  "text_box_padding": 4,
  "text_box_count": 105,
  "text_mask_coverage": 0.15400177240371704,
  "element_alpha_coverage": 0.10876782983541489,
  "compile_ms": 29406.523787000006,
  "final_mse": 0.007089219056069851,
  "losses": [
    {
      "step": 0,
      "mse": 0.5213803648948669
    },
    {
      "step": 225,
      "mse": 0.08800400793552399
    },
    {
      "step": 450,
      "mse": 0.04012991860508919
    },
    {
      "step": 675,
      "mse": 0.02906523272395134
    },
    {
      "step": 900,
      "mse": 0.02067352645099163
    },
    {
      "step": 1125,
      "mse": 0.020717348903417587
    },
    {
      "step": 1350,
      "mse": 0.01766466349363327
    },
    {
      "step": 1575,
      "mse": 0.012529691681265831
    },
    {
      "step": 1800,
      "mse": 0.013740643858909607
    },
    {
      "step": 2025,
      "mse": 0.011270202696323395
    },
    {
      "step": 2250,
      "mse": 0.010695105418562889
    },
    {
      "step": 2475,
      "mse": 0.009857317432761192
    },
    {
      "step": 2700,
      "mse": 0.011739923618733883
    },
    {
      "step": 2925,
      "mse": 0.00970866996794939
    },
    {
      "step": 3150,
      "mse": 0.02405957132577896
    },
    {
      "step": 3375,
      "mse": 0.007242879830300808
    },
    {
      "step": 3600,
      "mse": 0.007121075410395861
    },
    {
      "step": 3825,
      "mse": 0.006721937097609043
    },
    {
      "step": 4050,
      "mse": 0.010082120075821877
    },
    {
      "step": 4275,
      "mse": 0.008703980594873428
    },
    {
      "step": 4499,
      "mse": 0.007089219056069851
    }
  ],
  "render_times": {
    "render-960.png": 14.596382000000574,
    "render-mid.png": 9.34856100000303,
    "render-last.png": 9.323797000000411,
    "render-512.png": 2.4237700000000473,
    "crop-2x.png": 9.242974000002846
  },
  "render_960_ms": 14.596382000000574,
  "render_33_wall_ms": 299.79949599999856,
  "encode_ms": 257.877146999995,
  "resize_consistency": 0.9966941008078323,
  "temporal_consistency": 0.9944701474159956,
  "motion_delta_model": 0.05764773488044739,
  "loop_error_model": 0.005529852584004402,
  "description": "C2.1 neural canvas: learned jiggle motion with OCR text-box-weighted sampling/loss",
  "run_id": "20260424T191249849883Z-c2-lite-text-c32-text-flow-0145-box8-1280x736-s4500",
  "commit": "69a2acd",
  "track": "C",
  "width": 960,
  "height": 544,
  "frames": 33,
  "fps": 24,
  "artifacts": {
    "input": "/Users/dennisonbertram/Develop/flipbook-research/outputs/track-c/20260424T191249849883Z-c2-lite-text-c32-text-flow-0145-box8-1280x736-s4500/input.png",
    "render_960": "/Users/dennisonbertram/Develop/flipbook-research/outputs/track-c/20260424T191249849883Z-c2-lite-text-c32-text-flow-0145-box8-1280x736-s4500/render-960.png",
    "render_mid": "/Users/dennisonbertram/Develop/flipbook-research/outputs/track-c/20260424T191249849883Z-c2-lite-text-c32-text-flow-0145-box8-1280x736-s4500/render-mid.png",
    "render_last": "/Users/dennisonbertram/Develop/flipbook-research/outputs/track-c/20260424T191249849883Z-c2-lite-text-c32-text-flow-0145-box8-1280x736-s4500/render-last.png",
    "render_512": "/Users/dennisonbertram/Develop/flipbook-research/outputs/track-c/20260424T191249849883Z-c2-lite-text-c32-text-flow-0145-box8-1280x736-s4500/render-512.png",
    "crop_2x": "/Users/dennisonbertram/Develop/flipbook-research/outputs/track-c/20260424T191249849883Z-c2-lite-text-c32-text-flow-0145-box8-1280x736-s4500/crop-2x.png",
    "text_mask": "/Users/dennisonbertram/Develop/flipbook-research/outputs/track-c/20260424T191249849883Z-c2-lite-text-c32-text-flow-0145-box8-1280x736-s4500/text-mask.png",
    "element_alpha_mask": "/Users/dennisonbertram/Develop/flipbook-research/outputs/track-c/20260424T191249849883Z-c2-lite-text-c32-text-flow-0145-box8-1280x736-s4500/element-alpha-mask.png",
    "text_boxes": "/Users/dennisonbertram/Develop/flipbook-research/outputs/track-c/20260424T191249849883Z-c2-lite-text-c32-text-flow-0145-box8-1280x736-s4500/text-boxes.json",
    "output": "/Users/dennisonbertram/Develop/flipbook-research/outputs/track-c/20260424T191249849883Z-c2-lite-text-c32-text-flow-0145-box8-1280x736-s4500/output.mp4",
    "metrics": "/Users/dennisonbertram/Develop/flipbook-research/outputs/track-c/20260424T191249849883Z-c2-lite-text-c32-text-flow-0145-box8-1280x736-s4500/metrics.json",
    "quality": "/Users/dennisonbertram/Develop/flipbook-research/outputs/track-c/20260424T191249849883Z-c2-lite-text-c32-text-flow-0145-box8-1280x736-s4500/quality.json"
  },
  "ocr_similarity": 0.7420814479638009,
  "layout_similarity": 0.9966941008078323,
  "motion_delta": 0.0393386147916317,
  "loop_error": 0.0030499198473989964,
  "status": "near_miss"
}
DONE 20260424T191249849883Z-c2-lite-text-c32-text-flow-0145-box8-1280x736-s4500 quality=0.7421 motion=0.0393
Stopping app - local entrypoint completed.
✓ App completed. View run at 
https://modal.com/apps/dennisonbertram/main/ap-iIp8Ea2Z5LcdfDqd50QrcP
