✓ Initialized. View run at 
https://modal.com/apps/dennisonbertram/main/ap-sOiZ98NOdDThnuuC21moQ1
✓ Created objects.
├── 🔨 Created mount 
│   /Users/dennisonbertram/Develop/flipbook-research/scripts/track_c/modal_canva
│   s_c2_lite.py
└── 🔨 Created function train_and_render_motion.
START 20260424T191249618903Z-c2-lite-glyph-c32-general-flow-0135-edge1-1280x736-s4500 config={"batch_size": 131072, "channels": 16, "edge_loss_weight": 1.0, "edge_sample_ratio": 0.1, "element_anchor_mode": "line", "element_anchor_padding": 3, "element_mask_mode": "rectangle", "element_render_mode": "sequential", "element_scale_ratio": 0.25, "experiment_label": "c32-general-flow-0135-edge1", "flow_scale": 0.0135, "fps": 24, "frames": 33, "freq_bands": 8, "hidden": 96, "layout_transform_pan": 0.0, "layout_transform_strength": 0.0, "lr": 0.01, "min_motion_delta": 0.013, "min_ocr_similarity": 0.78, "motion_mode": "jiggle", "motion_strength": 0.0135, "source_resolution": [1280, 736], "steps": 4500, "text_box_loss_weight": 0.0, "text_box_min_conf": 55.0, "text_box_padding": 0, "text_box_sample_ratio": 0.0, "text_boxes": "0 boxes", "time_bands": 4, "train_resolution": "1280x736", "video_layout_mode": "none", "video_viewport_mode": "static", "viewport_pan": 0.0, "viewport_zoom": 0.0}
{
  "canvas_type": "time-conditioned-latent-feature-grid-learned-flow-mlp-glyph-weighted",
  "train_resolution": "1280x736",
  "steps": 4500,
  "batch_size": 131072,
  "channels": 16,
  "hidden": 96,
  "freq_bands": 8,
  "time_bands": 4,
  "lr": 0.01,
  "flow_scale": 0.0135,
  "motion_mode": "jiggle",
  "motion_strength": 0.0135,
  "video_viewport_mode": "static",
  "viewport_zoom": 0.0,
  "viewport_pan": 0.0,
  "video_layout_mode": "none",
  "layout_transform_strength": 0.0,
  "layout_transform_pan": 0.0,
  "element_scale_ratio": 0.25,
  "element_anchor_padding": 3,
  "element_mask_mode": "rectangle",
  "element_anchor_mode": "line",
  "element_render_mode": "sequential",
  "element_line_count": 0,
  "min_ocr_similarity": 0.78,
  "min_motion_delta": 0.013,
  "edge_sample_ratio": 0.1,
  "edge_loss_weight": 1.0,
  "text_box_sample_ratio": 0.0,
  "text_box_loss_weight": 0.0,
  "text_box_padding": 0,
  "text_box_count": 0,
  "text_mask_coverage": 0.0,
  "element_alpha_coverage": 0.0,
  "compile_ms": 28301.859875000006,
  "final_mse": 0.0001786442007869482,
  "losses": [
    {
      "step": 0,
      "mse": 0.22346119582653046
    },
    {
      "step": 225,
      "mse": 0.005289816297590733
    },
    {
      "step": 450,
      "mse": 0.0010410381946712732
    },
    {
      "step": 675,
      "mse": 0.0006834931555204093
    },
    {
      "step": 900,
      "mse": 0.0033912304788827896
    },
    {
      "step": 1125,
      "mse": 0.0003710133023560047
    },
    {
      "step": 1350,
      "mse": 0.0004708735505118966
    },
    {
      "step": 1575,
      "mse": 0.0003396724059712142
    },
    {
      "step": 1800,
      "mse": 0.00043389078928157687
    },
    {
      "step": 2025,
      "mse": 0.0002539977722335607
    },
    {
      "step": 2250,
      "mse": 0.0006693860632367432
    },
    {
      "step": 2475,
      "mse": 0.00018919611466117203
    },
    {
      "step": 2700,
      "mse": 0.00032595841912552714
    },
    {
      "step": 2925,
      "mse": 0.00019959331257268786
    },
    {
      "step": 3150,
      "mse": 0.0002014350611716509
    },
    {
      "step": 3375,
      "mse": 0.0003837925032712519
    },
    {
      "step": 3600,
      "mse": 0.00014452473260462284
    },
    {
      "step": 3825,
      "mse": 0.00018365419236943126
    },
    {
      "step": 4050,
      "mse": 0.00021598055900540203
    },
    {
      "step": 4275,
      "mse": 0.0001522750681033358
    },
    {
      "step": 4499,
      "mse": 0.0001786442007869482
    }
  ],
  "render_times": {
    "render-960.png": 15.29495700000183,
    "render-mid.png": 9.397874999997669,
    "render-last.png": 9.376138999996897,
    "render-512.png": 2.4556119999985526,
    "crop-2x.png": 9.277888999996264
  },
  "render_960_ms": 15.29495700000183,
  "render_33_wall_ms": 299.98880899999847,
  "encode_ms": 260.2203679999988,
  "resize_consistency": 0.9970754496843162,
  "temporal_consistency": 0.9980267218779773,
  "motion_delta_model": 0.05272425711154938,
  "loop_error_model": 0.001973278122022748,
  "description": "C2-lite neural canvas: learned time-conditioned motion field with glyph-weighted sampling/loss",
  "run_id": "20260424T191249618903Z-c2-lite-glyph-c32-general-flow-0135-edge1-1280x736-s4500",
  "commit": "69a2acd",
  "track": "C",
  "width": 960,
  "height": 544,
  "frames": 33,
  "fps": 24,
  "artifacts": {
    "input": "/Users/dennisonbertram/Develop/flipbook-research/outputs/track-c/20260424T191249618903Z-c2-lite-glyph-c32-general-flow-0135-edge1-1280x736-s4500/input.png",
    "render_960": "/Users/dennisonbertram/Develop/flipbook-research/outputs/track-c/20260424T191249618903Z-c2-lite-glyph-c32-general-flow-0135-edge1-1280x736-s4500/render-960.png",
    "render_mid": "/Users/dennisonbertram/Develop/flipbook-research/outputs/track-c/20260424T191249618903Z-c2-lite-glyph-c32-general-flow-0135-edge1-1280x736-s4500/render-mid.png",
    "render_last": "/Users/dennisonbertram/Develop/flipbook-research/outputs/track-c/20260424T191249618903Z-c2-lite-glyph-c32-general-flow-0135-edge1-1280x736-s4500/render-last.png",
    "render_512": "/Users/dennisonbertram/Develop/flipbook-research/outputs/track-c/20260424T191249618903Z-c2-lite-glyph-c32-general-flow-0135-edge1-1280x736-s4500/render-512.png",
    "crop_2x": "/Users/dennisonbertram/Develop/flipbook-research/outputs/track-c/20260424T191249618903Z-c2-lite-glyph-c32-general-flow-0135-edge1-1280x736-s4500/crop-2x.png",
    "text_mask": "/Users/dennisonbertram/Develop/flipbook-research/outputs/track-c/20260424T191249618903Z-c2-lite-glyph-c32-general-flow-0135-edge1-1280x736-s4500/text-mask.png",
    "element_alpha_mask": "/Users/dennisonbertram/Develop/flipbook-research/outputs/track-c/20260424T191249618903Z-c2-lite-glyph-c32-general-flow-0135-edge1-1280x736-s4500/element-alpha-mask.png",
    "text_boxes": "/Users/dennisonbertram/Develop/flipbook-research/outputs/track-c/20260424T191249618903Z-c2-lite-glyph-c32-general-flow-0135-edge1-1280x736-s4500/text-boxes.json",
    "output": "/Users/dennisonbertram/Develop/flipbook-research/outputs/track-c/20260424T191249618903Z-c2-lite-glyph-c32-general-flow-0135-edge1-1280x736-s4500/output.mp4",
    "metrics": "/Users/dennisonbertram/Develop/flipbook-research/outputs/track-c/20260424T191249618903Z-c2-lite-glyph-c32-general-flow-0135-edge1-1280x736-s4500/metrics.json",
    "quality": "/Users/dennisonbertram/Develop/flipbook-research/outputs/track-c/20260424T191249618903Z-c2-lite-glyph-c32-general-flow-0135-edge1-1280x736-s4500/quality.json"
  },
  "ocr_similarity": 0.8518518518518519,
  "layout_similarity": 0.9970754496843162,
  "motion_delta": 0.035802848637104034,
  "loop_error": 0.0009800138650462031,
  "status": "pass"
}
DONE 20260424T191249618903Z-c2-lite-glyph-c32-general-flow-0135-edge1-1280x736-s4500 quality=0.8519 motion=0.0358
Stopping app - local entrypoint completed.
✓ App completed. View run at 
https://modal.com/apps/dennisonbertram/main/ap-sOiZ98NOdDThnuuC21moQ1
