✓ Initialized. View run at 
https://modal.com/apps/dennisonbertram/main/ap-HB92Wa2xPOGkuSkushUgX3
✓ Created objects.
├── 🔨 Created mount 
│   /Users/dennisonbertram/Develop/flipbook-research/scripts/track_c/modal_canva
│   s_c2_lite.py
└── 🔨 Created function train_and_render_motion.
START 20260424T193447159248Z-c2-lite-glyph-c33-general-flow-0135-edge075-1280x736-s4500 config={"batch_size": 131072, "channels": 16, "edge_loss_weight": 0.75, "edge_sample_ratio": 0.075, "element_anchor_mode": "line", "element_anchor_padding": 3, "element_mask_mode": "rectangle", "element_render_mode": "sequential", "element_scale_ratio": 0.25, "experiment_label": "c33-general-flow-0135-edge075", "flow_scale": 0.0135, "fps": 24, "frames": 33, "freq_bands": 8, "hidden": 96, "layout_transform_pan": 0.0, "layout_transform_strength": 0.0, "lr": 0.01, "min_motion_delta": 0.013, "min_ocr_similarity": 0.82, "motion_mode": "jiggle", "motion_strength": 0.0135, "source_resolution": [1280, 736], "steps": 4500, "text_box_loss_weight": 0.0, "text_box_min_conf": 55.0, "text_box_padding": 0, "text_box_sample_ratio": 0.0, "text_boxes": "0 boxes", "time_bands": 4, "train_resolution": "1280x736", "video_layout_mode": "none", "video_viewport_mode": "static", "viewport_pan": 0.0, "viewport_zoom": 0.0}
{
  "canvas_type": "time-conditioned-latent-feature-grid-learned-flow-mlp-glyph-weighted",
  "train_resolution": "1280x736",
  "steps": 4500,
  "batch_size": 131072,
  "channels": 16,
  "hidden": 96,
  "freq_bands": 8,
  "time_bands": 4,
  "lr": 0.01,
  "flow_scale": 0.0135,
  "motion_mode": "jiggle",
  "motion_strength": 0.0135,
  "video_viewport_mode": "static",
  "viewport_zoom": 0.0,
  "viewport_pan": 0.0,
  "video_layout_mode": "none",
  "layout_transform_strength": 0.0,
  "layout_transform_pan": 0.0,
  "element_scale_ratio": 0.25,
  "element_anchor_padding": 3,
  "element_mask_mode": "rectangle",
  "element_anchor_mode": "line",
  "element_render_mode": "sequential",
  "element_line_count": 0,
  "min_ocr_similarity": 0.82,
  "min_motion_delta": 0.013,
  "edge_sample_ratio": 0.075,
  "edge_loss_weight": 0.75,
  "text_box_sample_ratio": 0.0,
  "text_box_loss_weight": 0.0,
  "text_box_padding": 0,
  "text_box_count": 0,
  "text_mask_coverage": 0.0,
  "element_alpha_coverage": 0.0,
  "compile_ms": 28533.819281,
  "final_mse": 0.0003959492314606905,
  "losses": [
    {
      "step": 0,
      "mse": 0.23176100850105286
    },
    {
      "step": 225,
      "mse": 0.009040960110723972
    },
    {
      "step": 450,
      "mse": 0.0029022363014519215
    },
    {
      "step": 675,
      "mse": 0.0014873255277052522
    },
    {
      "step": 900,
      "mse": 0.0010515310568735003
    },
    {
      "step": 1125,
      "mse": 0.0008427500142715871
    },
    {
      "step": 1350,
      "mse": 0.0007321971352212131
    },
    {
      "step": 1575,
      "mse": 0.000700462085660547
    },
    {
      "step": 1800,
      "mse": 0.0006321697728708386
    },
    {
      "step": 2025,
      "mse": 0.0005327065591700375
    },
    {
      "step": 2250,
      "mse": 0.0005065235309302807
    },
    {
      "step": 2475,
      "mse": 0.00043733822531066835
    },
    {
      "step": 2700,
      "mse": 0.00041049954597838223
    },
    {
      "step": 2925,
      "mse": 0.0004221077833790332
    },
    {
      "step": 3150,
      "mse": 0.00031687557930126786
    },
    {
      "step": 3375,
      "mse": 0.0004020446795038879
    },
    {
      "step": 3600,
      "mse": 0.0003644755925051868
    },
    {
      "step": 3825,
      "mse": 0.00044852675637230277
    },
    {
      "step": 4050,
      "mse": 0.000384721060981974
    },
    {
      "step": 4275,
      "mse": 0.0003353951615281403
    },
    {
      "step": 4499,
      "mse": 0.0003959492314606905
    }
  ],
  "render_times": {
    "render-960.png": 16.286577999998997,
    "render-mid.png": 9.689780999998732,
    "render-last.png": 9.687751000001299,
    "render-512.png": 2.7918420000005995,
    "crop-2x.png": 9.607707000000687
  },
  "render_960_ms": 16.286577999998997,
  "render_33_wall_ms": 300.4525189999967,
  "encode_ms": 280.1474259999992,
  "resize_consistency": 0.9970233358451377,
  "temporal_consistency": 0.9974362552165985,
  "motion_delta_model": 0.05364932492375374,
  "loop_error_model": 0.0025637447834014893,
  "description": "C2-lite neural canvas: learned time-conditioned motion field with glyph-weighted sampling/loss",
  "run_id": "20260424T193447159248Z-c2-lite-glyph-c33-general-flow-0135-edge075-1280x736-s4500",
  "commit": "23990c1",
  "track": "C",
  "width": 960,
  "height": 544,
  "frames": 33,
  "fps": 24,
  "artifacts": {
    "input": "/Users/dennisonbertram/Develop/flipbook-research/outputs/track-c/20260424T193447159248Z-c2-lite-glyph-c33-general-flow-0135-edge075-1280x736-s4500/input.png",
    "render_960": "/Users/dennisonbertram/Develop/flipbook-research/outputs/track-c/20260424T193447159248Z-c2-lite-glyph-c33-general-flow-0135-edge075-1280x736-s4500/render-960.png",
    "render_mid": "/Users/dennisonbertram/Develop/flipbook-research/outputs/track-c/20260424T193447159248Z-c2-lite-glyph-c33-general-flow-0135-edge075-1280x736-s4500/render-mid.png",
    "render_last": "/Users/dennisonbertram/Develop/flipbook-research/outputs/track-c/20260424T193447159248Z-c2-lite-glyph-c33-general-flow-0135-edge075-1280x736-s4500/render-last.png",
    "render_512": "/Users/dennisonbertram/Develop/flipbook-research/outputs/track-c/20260424T193447159248Z-c2-lite-glyph-c33-general-flow-0135-edge075-1280x736-s4500/render-512.png",
    "crop_2x": "/Users/dennisonbertram/Develop/flipbook-research/outputs/track-c/20260424T193447159248Z-c2-lite-glyph-c33-general-flow-0135-edge075-1280x736-s4500/crop-2x.png",
    "text_mask": "/Users/dennisonbertram/Develop/flipbook-research/outputs/track-c/20260424T193447159248Z-c2-lite-glyph-c33-general-flow-0135-edge075-1280x736-s4500/text-mask.png",
    "element_alpha_mask": "/Users/dennisonbertram/Develop/flipbook-research/outputs/track-c/20260424T193447159248Z-c2-lite-glyph-c33-general-flow-0135-edge075-1280x736-s4500/element-alpha-mask.png",
    "text_boxes": "/Users/dennisonbertram/Develop/flipbook-research/outputs/track-c/20260424T193447159248Z-c2-lite-glyph-c33-general-flow-0135-edge075-1280x736-s4500/text-boxes.json",
    "output": "/Users/dennisonbertram/Develop/flipbook-research/outputs/track-c/20260424T193447159248Z-c2-lite-glyph-c33-general-flow-0135-edge075-1280x736-s4500/output.mp4",
    "metrics": "/Users/dennisonbertram/Develop/flipbook-research/outputs/track-c/20260424T193447159248Z-c2-lite-glyph-c33-general-flow-0135-edge075-1280x736-s4500/metrics.json",
    "quality": "/Users/dennisonbertram/Develop/flipbook-research/outputs/track-c/20260424T193447159248Z-c2-lite-glyph-c33-general-flow-0135-edge075-1280x736-s4500/quality.json"
  },
  "ocr_similarity": 0.8363636363636364,
  "layout_similarity": 0.9970233358451377,
  "motion_delta": 0.03628245368599892,
  "loop_error": 0.0013684640871360898,
  "status": "pass"
}
DONE 20260424T193447159248Z-c2-lite-glyph-c33-general-flow-0135-edge075-1280x736-s4500 quality=0.8364 motion=0.0363
Stopping app - local entrypoint completed.
✓ App completed. View run at 
https://modal.com/apps/dennisonbertram/main/ap-HB92Wa2xPOGkuSkushUgX3
