✓ Initialized. View run at 
https://modal.com/apps/dennisonbertram/main/ap-VHFwisSkFcSW1Sj9A90fqC
✓ Created objects.
├── 🔨 Created mount 
│   /Users/dennisonbertram/Develop/flipbook-research/scripts/track_c/modal_canva
│   s_c2_lite.py
└── 🔨 Created function train_and_render_motion.
START 20260424T193446279047Z-c2-lite-glyph-c33-general-flow-014-edge1-1280x736-s4500 config={"batch_size": 131072, "channels": 16, "edge_loss_weight": 1.0, "edge_sample_ratio": 0.1, "element_anchor_mode": "line", "element_anchor_padding": 3, "element_mask_mode": "rectangle", "element_render_mode": "sequential", "element_scale_ratio": 0.25, "experiment_label": "c33-general-flow-014-edge1", "flow_scale": 0.014, "fps": 24, "frames": 33, "freq_bands": 8, "hidden": 96, "layout_transform_pan": 0.0, "layout_transform_strength": 0.0, "lr": 0.01, "min_motion_delta": 0.014, "min_ocr_similarity": 0.8, "motion_mode": "jiggle", "motion_strength": 0.014, "source_resolution": [1280, 736], "steps": 4500, "text_box_loss_weight": 0.0, "text_box_min_conf": 55.0, "text_box_padding": 0, "text_box_sample_ratio": 0.0, "text_boxes": "0 boxes", "time_bands": 4, "train_resolution": "1280x736", "video_layout_mode": "none", "video_viewport_mode": "static", "viewport_pan": 0.0, "viewport_zoom": 0.0}
{
  "canvas_type": "time-conditioned-latent-feature-grid-learned-flow-mlp-glyph-weighted",
  "train_resolution": "1280x736",
  "steps": 4500,
  "batch_size": 131072,
  "channels": 16,
  "hidden": 96,
  "freq_bands": 8,
  "time_bands": 4,
  "lr": 0.01,
  "flow_scale": 0.014,
  "motion_mode": "jiggle",
  "motion_strength": 0.014,
  "video_viewport_mode": "static",
  "viewport_zoom": 0.0,
  "viewport_pan": 0.0,
  "video_layout_mode": "none",
  "layout_transform_strength": 0.0,
  "layout_transform_pan": 0.0,
  "element_scale_ratio": 0.25,
  "element_anchor_padding": 3,
  "element_mask_mode": "rectangle",
  "element_anchor_mode": "line",
  "element_render_mode": "sequential",
  "element_line_count": 0,
  "min_ocr_similarity": 0.8,
  "min_motion_delta": 0.014,
  "edge_sample_ratio": 0.1,
  "edge_loss_weight": 1.0,
  "text_box_sample_ratio": 0.0,
  "text_box_loss_weight": 0.0,
  "text_box_padding": 0,
  "text_box_count": 0,
  "text_mask_coverage": 0.0,
  "element_alpha_coverage": 0.0,
  "compile_ms": 28198.807522000003,
  "final_mse": 0.0003469403018243611,
  "losses": [
    {
      "step": 0,
      "mse": 0.22003179788589478
    },
    {
      "step": 225,
      "mse": 0.011897417716681957
    },
    {
      "step": 450,
      "mse": 0.003246181644499302
    },
    {
      "step": 675,
      "mse": 0.0022191544994711876
    },
    {
      "step": 900,
      "mse": 0.0017233421094715595
    },
    {
      "step": 1125,
      "mse": 0.0013506115647032857
    },
    {
      "step": 1350,
      "mse": 0.0011208993382751942
    },
    {
      "step": 1575,
      "mse": 0.0010435511358082294
    },
    {
      "step": 1800,
      "mse": 0.0008601443259976804
    },
    {
      "step": 2025,
      "mse": 0.000704656820744276
    },
    {
      "step": 2250,
      "mse": 0.0008094622753560543
    },
    {
      "step": 2475,
      "mse": 0.0006959382444620132
    },
    {
      "step": 2700,
      "mse": 0.0005860338569618762
    },
    {
      "step": 2925,
      "mse": 0.00058845424791798
    },
    {
      "step": 3150,
      "mse": 0.00046857865527272224
    },
    {
      "step": 3375,
      "mse": 0.0004641890409402549
    },
    {
      "step": 3600,
      "mse": 0.00045113812666386366
    },
    {
      "step": 3825,
      "mse": 0.0004097403143532574
    },
    {
      "step": 4050,
      "mse": 0.00045169738586992025
    },
    {
      "step": 4275,
      "mse": 0.00047574436757713556
    },
    {
      "step": 4499,
      "mse": 0.0003469403018243611
    }
  ],
  "render_times": {
    "render-960.png": 14.620243999999616,
    "render-mid.png": 9.373930000002417,
    "render-last.png": 9.353478000001303,
    "render-512.png": 2.4365490000022305,
    "crop-2x.png": 9.280238999998858
  },
  "render_960_ms": 14.620243999999616,
  "render_33_wall_ms": 299.6722000000034,
  "encode_ms": 265.66092600000246,
  "resize_consistency": 0.9968600396988989,
  "temporal_consistency": 0.9969221001956612,
  "motion_delta_model": 0.05474800989031792,
  "loop_error_model": 0.003077899804338813,
  "description": "C2-lite neural canvas: learned time-conditioned motion field with glyph-weighted sampling/loss",
  "run_id": "20260424T193446279047Z-c2-lite-glyph-c33-general-flow-014-edge1-1280x736-s4500",
  "commit": "23990c1",
  "track": "C",
  "width": 960,
  "height": 544,
  "frames": 33,
  "fps": 24,
  "artifacts": {
    "input": "/Users/dennisonbertram/Develop/flipbook-research/outputs/track-c/20260424T193446279047Z-c2-lite-glyph-c33-general-flow-014-edge1-1280x736-s4500/input.png",
    "render_960": "/Users/dennisonbertram/Develop/flipbook-research/outputs/track-c/20260424T193446279047Z-c2-lite-glyph-c33-general-flow-014-edge1-1280x736-s4500/render-960.png",
    "render_mid": "/Users/dennisonbertram/Develop/flipbook-research/outputs/track-c/20260424T193446279047Z-c2-lite-glyph-c33-general-flow-014-edge1-1280x736-s4500/render-mid.png",
    "render_last": "/Users/dennisonbertram/Develop/flipbook-research/outputs/track-c/20260424T193446279047Z-c2-lite-glyph-c33-general-flow-014-edge1-1280x736-s4500/render-last.png",
    "render_512": "/Users/dennisonbertram/Develop/flipbook-research/outputs/track-c/20260424T193446279047Z-c2-lite-glyph-c33-general-flow-014-edge1-1280x736-s4500/render-512.png",
    "crop_2x": "/Users/dennisonbertram/Develop/flipbook-research/outputs/track-c/20260424T193446279047Z-c2-lite-glyph-c33-general-flow-014-edge1-1280x736-s4500/crop-2x.png",
    "text_mask": "/Users/dennisonbertram/Develop/flipbook-research/outputs/track-c/20260424T193446279047Z-c2-lite-glyph-c33-general-flow-014-edge1-1280x736-s4500/text-mask.png",
    "element_alpha_mask": "/Users/dennisonbertram/Develop/flipbook-research/outputs/track-c/20260424T193446279047Z-c2-lite-glyph-c33-general-flow-014-edge1-1280x736-s4500/element-alpha-mask.png",
    "text_boxes": "/Users/dennisonbertram/Develop/flipbook-research/outputs/track-c/20260424T193446279047Z-c2-lite-glyph-c33-general-flow-014-edge1-1280x736-s4500/text-boxes.json",
    "output": "/Users/dennisonbertram/Develop/flipbook-research/outputs/track-c/20260424T193446279047Z-c2-lite-glyph-c33-general-flow-014-edge1-1280x736-s4500/output.mp4",
    "metrics": "/Users/dennisonbertram/Develop/flipbook-research/outputs/track-c/20260424T193446279047Z-c2-lite-glyph-c33-general-flow-014-edge1-1280x736-s4500/metrics.json",
    "quality": "/Users/dennisonbertram/Develop/flipbook-research/outputs/track-c/20260424T193446279047Z-c2-lite-glyph-c33-general-flow-014-edge1-1280x736-s4500/quality.json"
  },
  "ocr_similarity": 0.8767123287671232,
  "layout_similarity": 0.9968600396988989,
  "motion_delta": 0.037084128707647324,
  "loop_error": 0.001267096376977861,
  "status": "pass"
}
DONE 20260424T193446279047Z-c2-lite-glyph-c33-general-flow-014-edge1-1280x736-s4500 quality=0.8767 motion=0.0371
Stopping app - local entrypoint completed.
✓ App completed. View run at 
https://modal.com/apps/dennisonbertram/main/ap-VHFwisSkFcSW1Sj9A90fqC
