✓ Initialized. View run at 
https://modal.com/apps/dennisonbertram/main/ap-Xon9sLn0Pbxk4DEz2ZObmO
✓ Created objects.
├── 🔨 Created mount 
│   /Users/dennisonbertram/Develop/flipbook-research/scripts/track_c/modal_canva
│   s_c2_lite.py
└── 🔨 Created function train_and_render_motion.
START 20260424T193448553225Z-c2-lite-text-c33-text-flow-0135-box6-1280x736-s4500 config={"batch_size": 131072, "channels": 16, "edge_loss_weight": 1.0, "edge_sample_ratio": 0.1, "element_anchor_mode": "line", "element_anchor_padding": 3, "element_mask_mode": "rectangle", "element_render_mode": "sequential", "element_scale_ratio": 0.25, "experiment_label": "c33-text-flow-0135-box6", "flow_scale": 0.0135, "fps": 24, "frames": 33, "freq_bands": 8, "hidden": 96, "layout_transform_pan": 0.0, "layout_transform_strength": 0.0, "lr": 0.01, "min_motion_delta": 0.013, "min_ocr_similarity": 0.82, "motion_mode": "jiggle", "motion_strength": 0.0135, "source_resolution": [1280, 736], "steps": 4500, "text_box_loss_weight": 6.0, "text_box_min_conf": 55.0, "text_box_padding": 4, "text_box_sample_ratio": 0.45, "text_boxes": "105 boxes", "time_bands": 4, "train_resolution": "1280x736", "video_layout_mode": "none", "video_viewport_mode": "static", "viewport_pan": 0.0, "viewport_zoom": 0.0}
{
  "canvas_type": "time-conditioned-latent-feature-grid-learned-flow-mlp-text-box-weighted",
  "train_resolution": "1280x736",
  "steps": 4500,
  "batch_size": 131072,
  "channels": 16,
  "hidden": 96,
  "freq_bands": 8,
  "time_bands": 4,
  "lr": 0.01,
  "flow_scale": 0.0135,
  "motion_mode": "jiggle",
  "motion_strength": 0.0135,
  "video_viewport_mode": "static",
  "viewport_zoom": 0.0,
  "viewport_pan": 0.0,
  "video_layout_mode": "none",
  "layout_transform_strength": 0.0,
  "layout_transform_pan": 0.0,
  "element_scale_ratio": 0.25,
  "element_anchor_padding": 3,
  "element_mask_mode": "rectangle",
  "element_anchor_mode": "line",
  "element_render_mode": "sequential",
  "element_line_count": 12,
  "min_ocr_similarity": 0.82,
  "min_motion_delta": 0.013,
  "edge_sample_ratio": 0.1,
  "edge_loss_weight": 1.0,
  "text_box_sample_ratio": 0.45,
  "text_box_loss_weight": 6.0,
  "text_box_padding": 4,
  "text_box_count": 105,
  "text_mask_coverage": 0.15400177240371704,
  "element_alpha_coverage": 0.10876782983541489,
  "compile_ms": 29716.998379,
  "final_mse": 0.005104499869048595,
  "losses": [
    {
      "step": 0,
      "mse": 0.4027250111103058
    },
    {
      "step": 225,
      "mse": 0.05947524681687355
    },
    {
      "step": 450,
      "mse": 0.023766756057739258
    },
    {
      "step": 675,
      "mse": 0.01693067140877247
    },
    {
      "step": 900,
      "mse": 0.013859366998076439
    },
    {
      "step": 1125,
      "mse": 0.012761044315993786
    },
    {
      "step": 1350,
      "mse": 0.011154403910040855
    },
    {
      "step": 1575,
      "mse": 0.009557254612445831
    },
    {
      "step": 1800,
      "mse": 0.009244132786989212
    },
    {
      "step": 2025,
      "mse": 0.007063962984830141
    },
    {
      "step": 2250,
      "mse": 0.007302625570446253
    },
    {
      "step": 2475,
      "mse": 0.006055672187358141
    },
    {
      "step": 2700,
      "mse": 0.0065172393806278706
    },
    {
      "step": 2925,
      "mse": 0.005273288115859032
    },
    {
      "step": 3150,
      "mse": 0.006588977761566639
    },
    {
      "step": 3375,
      "mse": 0.006448491010814905
    },
    {
      "step": 3600,
      "mse": 0.005195907317101955
    },
    {
      "step": 3825,
      "mse": 0.005394776351749897
    },
    {
      "step": 4050,
      "mse": 0.004927738569676876
    },
    {
      "step": 4275,
      "mse": 0.0038318256847560406
    },
    {
      "step": 4499,
      "mse": 0.005104499869048595
    }
  ],
  "render_times": {
    "render-960.png": 15.003372000002457,
    "render-mid.png": 9.46141200000028,
    "render-last.png": 9.415525999997953,
    "render-512.png": 2.41787799999571,
    "crop-2x.png": 9.254263000002538
  },
  "render_960_ms": 15.003372000002457,
  "render_33_wall_ms": 299.84891600000196,
  "encode_ms": 245.74006699999984,
  "resize_consistency": 0.9970453812460952,
  "temporal_consistency": 0.9944718214683235,
  "motion_delta_model": 0.05633660778403282,
  "loop_error_model": 0.005528178531676531,
  "description": "C2.1 neural canvas: learned jiggle motion with OCR text-box-weighted sampling/loss",
  "run_id": "20260424T193448553225Z-c2-lite-text-c33-text-flow-0135-box6-1280x736-s4500",
  "commit": "23990c1",
  "track": "C",
  "width": 960,
  "height": 544,
  "frames": 33,
  "fps": 24,
  "artifacts": {
    "input": "/Users/dennisonbertram/Develop/flipbook-research/outputs/track-c/20260424T193448553225Z-c2-lite-text-c33-text-flow-0135-box6-1280x736-s4500/input.png",
    "render_960": "/Users/dennisonbertram/Develop/flipbook-research/outputs/track-c/20260424T193448553225Z-c2-lite-text-c33-text-flow-0135-box6-1280x736-s4500/render-960.png",
    "render_mid": "/Users/dennisonbertram/Develop/flipbook-research/outputs/track-c/20260424T193448553225Z-c2-lite-text-c33-text-flow-0135-box6-1280x736-s4500/render-mid.png",
    "render_last": "/Users/dennisonbertram/Develop/flipbook-research/outputs/track-c/20260424T193448553225Z-c2-lite-text-c33-text-flow-0135-box6-1280x736-s4500/render-last.png",
    "render_512": "/Users/dennisonbertram/Develop/flipbook-research/outputs/track-c/20260424T193448553225Z-c2-lite-text-c33-text-flow-0135-box6-1280x736-s4500/render-512.png",
    "crop_2x": "/Users/dennisonbertram/Develop/flipbook-research/outputs/track-c/20260424T193448553225Z-c2-lite-text-c33-text-flow-0135-box6-1280x736-s4500/crop-2x.png",
    "text_mask": "/Users/dennisonbertram/Develop/flipbook-research/outputs/track-c/20260424T193448553225Z-c2-lite-text-c33-text-flow-0135-box6-1280x736-s4500/text-mask.png",
    "element_alpha_mask": "/Users/dennisonbertram/Develop/flipbook-research/outputs/track-c/20260424T193448553225Z-c2-lite-text-c33-text-flow-0135-box6-1280x736-s4500/element-alpha-mask.png",
    "text_boxes": "/Users/dennisonbertram/Develop/flipbook-research/outputs/track-c/20260424T193448553225Z-c2-lite-text-c33-text-flow-0135-box6-1280x736-s4500/text-boxes.json",
    "output": "/Users/dennisonbertram/Develop/flipbook-research/outputs/track-c/20260424T193448553225Z-c2-lite-text-c33-text-flow-0135-box6-1280x736-s4500/output.mp4",
    "metrics": "/Users/dennisonbertram/Develop/flipbook-research/outputs/track-c/20260424T193448553225Z-c2-lite-text-c33-text-flow-0135-box6-1280x736-s4500/metrics.json",
    "quality": "/Users/dennisonbertram/Develop/flipbook-research/outputs/track-c/20260424T193448553225Z-c2-lite-text-c33-text-flow-0135-box6-1280x736-s4500/quality.json"
  },
  "ocr_similarity": 0.847926267281106,
  "layout_similarity": 0.9970453812460952,
  "motion_delta": 0.03785119578242302,
  "loop_error": 0.001975724706426263,
  "status": "pass"
}
DONE 20260424T193448553225Z-c2-lite-text-c33-text-flow-0135-box6-1280x736-s4500 quality=0.8479 motion=0.0379
Stopping app - local entrypoint completed.
✓ App completed. View run at 
https://modal.com/apps/dennisonbertram/main/ap-Xon9sLn0Pbxk4DEz2ZObmO
