✓ Initialized. View run at 
https://modal.com/apps/dennisonbertram/main/ap-1b5MmJRJ5T8dRCW5AUeqgO
✓ Created objects.
├── 🔨 Created mount 
│   /Users/dennisonbertram/Develop/flipbook-research/scripts/track_c/modal_canva
│   s_c2_lite.py
└── 🔨 Created function train_and_render_motion.
START 20260424T193447214046Z-c2-lite-glyph-c33-general-flow-01425-edge1-1280x736-s4500 config={"batch_size": 131072, "channels": 16, "edge_loss_weight": 1.0, "edge_sample_ratio": 0.1, "element_anchor_mode": "line", "element_anchor_padding": 3, "element_mask_mode": "rectangle", "element_render_mode": "sequential", "element_scale_ratio": 0.25, "experiment_label": "c33-general-flow-01425-edge1", "flow_scale": 0.01425, "fps": 24, "frames": 33, "freq_bands": 8, "hidden": 96, "layout_transform_pan": 0.0, "layout_transform_strength": 0.0, "lr": 0.01, "min_motion_delta": 0.014, "min_ocr_similarity": 0.78, "motion_mode": "jiggle", "motion_strength": 0.01425, "source_resolution": [1280, 736], "steps": 4500, "text_box_loss_weight": 0.0, "text_box_min_conf": 55.0, "text_box_padding": 0, "text_box_sample_ratio": 0.0, "text_boxes": "0 boxes", "time_bands": 4, "train_resolution": "1280x736", "video_layout_mode": "none", "video_viewport_mode": "static", "viewport_pan": 0.0, "viewport_zoom": 0.0}
{
  "canvas_type": "time-conditioned-latent-feature-grid-learned-flow-mlp-glyph-weighted",
  "train_resolution": "1280x736",
  "steps": 4500,
  "batch_size": 131072,
  "channels": 16,
  "hidden": 96,
  "freq_bands": 8,
  "time_bands": 4,
  "lr": 0.01,
  "flow_scale": 0.01425,
  "motion_mode": "jiggle",
  "motion_strength": 0.01425,
  "video_viewport_mode": "static",
  "viewport_zoom": 0.0,
  "viewport_pan": 0.0,
  "video_layout_mode": "none",
  "layout_transform_strength": 0.0,
  "layout_transform_pan": 0.0,
  "element_scale_ratio": 0.25,
  "element_anchor_padding": 3,
  "element_mask_mode": "rectangle",
  "element_anchor_mode": "line",
  "element_render_mode": "sequential",
  "element_line_count": 0,
  "min_ocr_similarity": 0.78,
  "min_motion_delta": 0.014,
  "edge_sample_ratio": 0.1,
  "edge_loss_weight": 1.0,
  "text_box_sample_ratio": 0.0,
  "text_box_loss_weight": 0.0,
  "text_box_padding": 0,
  "text_box_count": 0,
  "text_mask_coverage": 0.0,
  "element_alpha_coverage": 0.0,
  "compile_ms": 28203.454519,
  "final_mse": 0.00023979574325494468,
  "losses": [
    {
      "step": 0,
      "mse": 0.21790075302124023
    },
    {
      "step": 225,
      "mse": 0.0058840615674853325
    },
    {
      "step": 450,
      "mse": 0.0012773657217621803
    },
    {
      "step": 675,
      "mse": 0.0006727420841343701
    },
    {
      "step": 900,
      "mse": 0.0005405277479439974
    },
    {
      "step": 1125,
      "mse": 0.0003547545929905027
    },
    {
      "step": 1350,
      "mse": 0.0004372547846287489
    },
    {
      "step": 1575,
      "mse": 0.00043647870188578963
    },
    {
      "step": 1800,
      "mse": 0.00036248896503821015
    },
    {
      "step": 2025,
      "mse": 0.00024052595836110413
    },
    {
      "step": 2250,
      "mse": 0.0002126650360878557
    },
    {
      "step": 2475,
      "mse": 0.0003011164371855557
    },
    {
      "step": 2700,
      "mse": 0.0002132062945747748
    },
    {
      "step": 2925,
      "mse": 0.0027994904667139053
    },
    {
      "step": 3150,
      "mse": 0.0001478746416978538
    },
    {
      "step": 3375,
      "mse": 0.00013924879021942616
    },
    {
      "step": 3600,
      "mse": 0.00016898114699870348
    },
    {
      "step": 3825,
      "mse": 0.00014526242739520967
    },
    {
      "step": 4050,
      "mse": 0.00016488955589011312
    },
    {
      "step": 4275,
      "mse": 0.00019178229558747262
    },
    {
      "step": 4499,
      "mse": 0.00023979574325494468
    }
  ],
  "render_times": {
    "render-960.png": 13.827858999995613,
    "render-mid.png": 9.334940999998764,
    "render-last.png": 9.317866000003505,
    "render-512.png": 2.421367000003727,
    "crop-2x.png": 9.247988999995016
  },
  "render_960_ms": 13.827858999995613,
  "render_33_wall_ms": 299.63037799999626,
  "encode_ms": 271.31899499999435,
  "resize_consistency": 0.9967064387795559,
  "temporal_consistency": 0.997938072308898,
  "motion_delta_model": 0.054259561002254486,
  "loop_error_model": 0.002061927691102028,
  "description": "C2-lite neural canvas: learned time-conditioned motion field with glyph-weighted sampling/loss",
  "run_id": "20260424T193447214046Z-c2-lite-glyph-c33-general-flow-01425-edge1-1280x736-s4500",
  "commit": "23990c1",
  "track": "C",
  "width": 960,
  "height": 544,
  "frames": 33,
  "fps": 24,
  "artifacts": {
    "input": "/Users/dennisonbertram/Develop/flipbook-research/outputs/track-c/20260424T193447214046Z-c2-lite-glyph-c33-general-flow-01425-edge1-1280x736-s4500/input.png",
    "render_960": "/Users/dennisonbertram/Develop/flipbook-research/outputs/track-c/20260424T193447214046Z-c2-lite-glyph-c33-general-flow-01425-edge1-1280x736-s4500/render-960.png",
    "render_mid": "/Users/dennisonbertram/Develop/flipbook-research/outputs/track-c/20260424T193447214046Z-c2-lite-glyph-c33-general-flow-01425-edge1-1280x736-s4500/render-mid.png",
    "render_last": "/Users/dennisonbertram/Develop/flipbook-research/outputs/track-c/20260424T193447214046Z-c2-lite-glyph-c33-general-flow-01425-edge1-1280x736-s4500/render-last.png",
    "render_512": "/Users/dennisonbertram/Develop/flipbook-research/outputs/track-c/20260424T193447214046Z-c2-lite-glyph-c33-general-flow-01425-edge1-1280x736-s4500/render-512.png",
    "crop_2x": "/Users/dennisonbertram/Develop/flipbook-research/outputs/track-c/20260424T193447214046Z-c2-lite-glyph-c33-general-flow-01425-edge1-1280x736-s4500/crop-2x.png",
    "text_mask": "/Users/dennisonbertram/Develop/flipbook-research/outputs/track-c/20260424T193447214046Z-c2-lite-glyph-c33-general-flow-01425-edge1-1280x736-s4500/text-mask.png",
    "element_alpha_mask": "/Users/dennisonbertram/Develop/flipbook-research/outputs/track-c/20260424T193447214046Z-c2-lite-glyph-c33-general-flow-01425-edge1-1280x736-s4500/element-alpha-mask.png",
    "text_boxes": "/Users/dennisonbertram/Develop/flipbook-research/outputs/track-c/20260424T193447214046Z-c2-lite-glyph-c33-general-flow-01425-edge1-1280x736-s4500/text-boxes.json",
    "output": "/Users/dennisonbertram/Develop/flipbook-research/outputs/track-c/20260424T193447214046Z-c2-lite-glyph-c33-general-flow-01425-edge1-1280x736-s4500/output.mp4",
    "metrics": "/Users/dennisonbertram/Develop/flipbook-research/outputs/track-c/20260424T193447214046Z-c2-lite-glyph-c33-general-flow-01425-edge1-1280x736-s4500/metrics.json",
    "quality": "/Users/dennisonbertram/Develop/flipbook-research/outputs/track-c/20260424T193447214046Z-c2-lite-glyph-c33-general-flow-01425-edge1-1280x736-s4500/quality.json"
  },
  "ocr_similarity": 0.7798165137614678,
  "layout_similarity": 0.9967064387795559,
  "motion_delta": 0.03759550675749779,
  "loop_error": 0.0015889765927568078,
  "status": "near_miss"
}
DONE 20260424T193447214046Z-c2-lite-glyph-c33-general-flow-01425-edge1-1280x736-s4500 quality=0.7798 motion=0.0376
Stopping app - local entrypoint completed.
✓ App completed. View run at 
https://modal.com/apps/dennisonbertram/main/ap-1b5MmJRJ5T8dRCW5AUeqgO
