✓ Initialized. View run at 
https://modal.com/apps/dennisonbertram/main/ap-FkNc8FYwJJ5N8XNOkt1Epx
✓ Created objects.
├── 🔨 Created mount 
│   /Users/dennisonbertram/Develop/flipbook-research/scripts/track_c/modal_canva
│   s_c2_lite.py
└── 🔨 Created function train_and_render_motion.
START 20260424T193448589362Z-c2-lite-text-c33-text-flow-01375-box8-1280x736-s4500 config={"batch_size": 131072, "channels": 16, "edge_loss_weight": 1.0, "edge_sample_ratio": 0.1, "element_anchor_mode": "line", "element_anchor_padding": 3, "element_mask_mode": "rectangle", "element_render_mode": "sequential", "element_scale_ratio": 0.25, "experiment_label": "c33-text-flow-01375-box8", "flow_scale": 0.01375, "fps": 24, "frames": 33, "freq_bands": 8, "hidden": 96, "layout_transform_pan": 0.0, "layout_transform_strength": 0.0, "lr": 0.01, "min_motion_delta": 0.013, "min_ocr_similarity": 0.82, "motion_mode": "jiggle", "motion_strength": 0.01375, "source_resolution": [1280, 736], "steps": 4500, "text_box_loss_weight": 8.0, "text_box_min_conf": 55.0, "text_box_padding": 4, "text_box_sample_ratio": 0.55, "text_boxes": "105 boxes", "time_bands": 4, "train_resolution": "1280x736", "video_layout_mode": "none", "video_viewport_mode": "static", "viewport_pan": 0.0, "viewport_zoom": 0.0}
{
  "canvas_type": "time-conditioned-latent-feature-grid-learned-flow-mlp-text-box-weighted",
  "train_resolution": "1280x736",
  "steps": 4500,
  "batch_size": 131072,
  "channels": 16,
  "hidden": 96,
  "freq_bands": 8,
  "time_bands": 4,
  "lr": 0.01,
  "flow_scale": 0.01375,
  "motion_mode": "jiggle",
  "motion_strength": 0.01375,
  "video_viewport_mode": "static",
  "viewport_zoom": 0.0,
  "viewport_pan": 0.0,
  "video_layout_mode": "none",
  "layout_transform_strength": 0.0,
  "layout_transform_pan": 0.0,
  "element_scale_ratio": 0.25,
  "element_anchor_padding": 3,
  "element_mask_mode": "rectangle",
  "element_anchor_mode": "line",
  "element_render_mode": "sequential",
  "element_line_count": 12,
  "min_ocr_similarity": 0.82,
  "min_motion_delta": 0.013,
  "edge_sample_ratio": 0.1,
  "edge_loss_weight": 1.0,
  "text_box_sample_ratio": 0.55,
  "text_box_loss_weight": 8.0,
  "text_box_padding": 4,
  "text_box_count": 105,
  "text_mask_coverage": 0.15400177240371704,
  "element_alpha_coverage": 0.10876782983541489,
  "compile_ms": 29437.508735000003,
  "final_mse": 0.006156395189464092,
  "losses": [
    {
      "step": 0,
      "mse": 0.4974638521671295
    },
    {
      "step": 225,
      "mse": 0.08354408293962479
    },
    {
      "step": 450,
      "mse": 0.03628406301140785
    },
    {
      "step": 675,
      "mse": 0.028390949591994286
    },
    {
      "step": 900,
      "mse": 0.018889306113123894
    },
    {
      "step": 1125,
      "mse": 0.016568226739764214
    },
    {
      "step": 1350,
      "mse": 0.015079245902597904
    },
    {
      "step": 1575,
      "mse": 0.012701441533863544
    },
    {
      "step": 1800,
      "mse": 0.012656421400606632
    },
    {
      "step": 2025,
      "mse": 0.009883451275527477
    },
    {
      "step": 2250,
      "mse": 0.021257465705275536
    },
    {
      "step": 2475,
      "mse": 0.008832424879074097
    },
    {
      "step": 2700,
      "mse": 0.00823840033262968
    },
    {
      "step": 2925,
      "mse": 0.008052514865994453
    },
    {
      "step": 3150,
      "mse": 0.006620553322136402
    },
    {
      "step": 3375,
      "mse": 0.0076792482286691666
    },
    {
      "step": 3600,
      "mse": 0.009006451815366745
    },
    {
      "step": 3825,
      "mse": 0.0064540281891822815
    },
    {
      "step": 4050,
      "mse": 0.006082509644329548
    },
    {
      "step": 4275,
      "mse": 0.0075195906683802605
    },
    {
      "step": 4499,
      "mse": 0.006156395189464092
    }
  ],
  "render_times": {
    "render-960.png": 15.420382000002064,
    "render-mid.png": 9.515108999998745,
    "render-last.png": 9.66579600000017,
    "render-512.png": 2.800600000000486,
    "crop-2x.png": 9.391393999997888
  },
  "render_960_ms": 15.420382000002064,
  "render_33_wall_ms": 299.82232799999764,
  "encode_ms": 286.8742599999976,
  "resize_consistency": 0.9969983262146771,
  "temporal_consistency": 0.9978236637543887,
  "motion_delta_model": 0.05585412681102753,
  "loop_error_model": 0.00217633624561131,
  "description": "C2.1 neural canvas: learned jiggle motion with OCR text-box-weighted sampling/loss",
  "run_id": "20260424T193448589362Z-c2-lite-text-c33-text-flow-01375-box8-1280x736-s4500",
  "commit": "23990c1",
  "track": "C",
  "width": 960,
  "height": 544,
  "frames": 33,
  "fps": 24,
  "artifacts": {
    "input": "/Users/dennisonbertram/Develop/flipbook-research/outputs/track-c/20260424T193448589362Z-c2-lite-text-c33-text-flow-01375-box8-1280x736-s4500/input.png",
    "render_960": "/Users/dennisonbertram/Develop/flipbook-research/outputs/track-c/20260424T193448589362Z-c2-lite-text-c33-text-flow-01375-box8-1280x736-s4500/render-960.png",
    "render_mid": "/Users/dennisonbertram/Develop/flipbook-research/outputs/track-c/20260424T193448589362Z-c2-lite-text-c33-text-flow-01375-box8-1280x736-s4500/render-mid.png",
    "render_last": "/Users/dennisonbertram/Develop/flipbook-research/outputs/track-c/20260424T193448589362Z-c2-lite-text-c33-text-flow-01375-box8-1280x736-s4500/render-last.png",
    "render_512": "/Users/dennisonbertram/Develop/flipbook-research/outputs/track-c/20260424T193448589362Z-c2-lite-text-c33-text-flow-01375-box8-1280x736-s4500/render-512.png",
    "crop_2x": "/Users/dennisonbertram/Develop/flipbook-research/outputs/track-c/20260424T193448589362Z-c2-lite-text-c33-text-flow-01375-box8-1280x736-s4500/crop-2x.png",
    "text_mask": "/Users/dennisonbertram/Develop/flipbook-research/outputs/track-c/20260424T193448589362Z-c2-lite-text-c33-text-flow-01375-box8-1280x736-s4500/text-mask.png",
    "element_alpha_mask": "/Users/dennisonbertram/Develop/flipbook-research/outputs/track-c/20260424T193448589362Z-c2-lite-text-c33-text-flow-01375-box8-1280x736-s4500/element-alpha-mask.png",
    "text_boxes": "/Users/dennisonbertram/Develop/flipbook-research/outputs/track-c/20260424T193448589362Z-c2-lite-text-c33-text-flow-01375-box8-1280x736-s4500/text-boxes.json",
    "output": "/Users/dennisonbertram/Develop/flipbook-research/outputs/track-c/20260424T193448589362Z-c2-lite-text-c33-text-flow-01375-box8-1280x736-s4500/output.mp4",
    "metrics": "/Users/dennisonbertram/Develop/flipbook-research/outputs/track-c/20260424T193448589362Z-c2-lite-text-c33-text-flow-01375-box8-1280x736-s4500/metrics.json",
    "quality": "/Users/dennisonbertram/Develop/flipbook-research/outputs/track-c/20260424T193448589362Z-c2-lite-text-c33-text-flow-01375-box8-1280x736-s4500/quality.json"
  },
  "ocr_similarity": 0.7945205479452055,
  "layout_similarity": 0.9969983262146771,
  "motion_delta": 0.03743324428796768,
  "loop_error": 0.0010397754376754165,
  "status": "near_miss"
}
DONE 20260424T193448589362Z-c2-lite-text-c33-text-flow-01375-box8-1280x736-s4500 quality=0.7945 motion=0.0374
Stopping app - local entrypoint completed.
✓ App completed. View run at 
https://modal.com/apps/dennisonbertram/main/ap-FkNc8FYwJJ5N8XNOkt1Epx
