✓ Initialized. View run at 
https://modal.com/apps/dennisonbertram/main/ap-cWLvlSK9bKrx4d7dGJI2j5
✓ Created objects.
├── 🔨 Created mount 
│   /Users/dennisonbertram/Develop/flipbook-research/scripts/track_c/modal_canva
│   s_c2_lite.py
└── 🔨 Created function train_and_render_motion.
START 20260424T193447214343Z-c2-lite-glyph-c33-general-flow-0135-edge15-1280x736-s4500 config={"batch_size": 131072, "channels": 16, "edge_loss_weight": 1.5, "edge_sample_ratio": 0.15, "element_anchor_mode": "line", "element_anchor_padding": 3, "element_mask_mode": "rectangle", "element_render_mode": "sequential", "element_scale_ratio": 0.25, "experiment_label": "c33-general-flow-0135-edge15", "flow_scale": 0.0135, "fps": 24, "frames": 33, "freq_bands": 8, "hidden": 96, "layout_transform_pan": 0.0, "layout_transform_strength": 0.0, "lr": 0.01, "min_motion_delta": 0.013, "min_ocr_similarity": 0.82, "motion_mode": "jiggle", "motion_strength": 0.0135, "source_resolution": [1280, 736], "steps": 4500, "text_box_loss_weight": 0.0, "text_box_min_conf": 55.0, "text_box_padding": 0, "text_box_sample_ratio": 0.0, "text_boxes": "0 boxes", "time_bands": 4, "train_resolution": "1280x736", "video_layout_mode": "none", "video_viewport_mode": "static", "viewport_pan": 0.0, "viewport_zoom": 0.0}
{
  "canvas_type": "time-conditioned-latent-feature-grid-learned-flow-mlp-glyph-weighted",
  "train_resolution": "1280x736",
  "steps": 4500,
  "batch_size": 131072,
  "channels": 16,
  "hidden": 96,
  "freq_bands": 8,
  "time_bands": 4,
  "lr": 0.01,
  "flow_scale": 0.0135,
  "motion_mode": "jiggle",
  "motion_strength": 0.0135,
  "video_viewport_mode": "static",
  "viewport_zoom": 0.0,
  "viewport_pan": 0.0,
  "video_layout_mode": "none",
  "layout_transform_strength": 0.0,
  "layout_transform_pan": 0.0,
  "element_scale_ratio": 0.25,
  "element_anchor_padding": 3,
  "element_mask_mode": "rectangle",
  "element_anchor_mode": "line",
  "element_render_mode": "sequential",
  "element_line_count": 0,
  "min_ocr_similarity": 0.82,
  "min_motion_delta": 0.013,
  "edge_sample_ratio": 0.15,
  "edge_loss_weight": 1.5,
  "text_box_sample_ratio": 0.0,
  "text_box_loss_weight": 0.0,
  "text_box_padding": 0,
  "text_box_count": 0,
  "text_mask_coverage": 0.0,
  "element_alpha_coverage": 0.0,
  "compile_ms": 28264.789025,
  "final_mse": 0.0002692202106118202,
  "losses": [
    {
      "step": 0,
      "mse": 0.22696447372436523
    },
    {
      "step": 225,
      "mse": 0.007454033009707928
    },
    {
      "step": 450,
      "mse": 0.0029619536362588406
    },
    {
      "step": 675,
      "mse": 0.0018277036724612117
    },
    {
      "step": 900,
      "mse": 0.0016893104184418917
    },
    {
      "step": 1125,
      "mse": 0.008702369406819344
    },
    {
      "step": 1350,
      "mse": 0.000775232445448637
    },
    {
      "step": 1575,
      "mse": 0.000723370467312634
    },
    {
      "step": 1800,
      "mse": 0.0009690484148450196
    },
    {
      "step": 2025,
      "mse": 0.0005688631208613515
    },
    {
      "step": 2250,
      "mse": 0.0006225224351510406
    },
    {
      "step": 2475,
      "mse": 0.000546025694347918
    },
    {
      "step": 2700,
      "mse": 0.000534469319973141
    },
    {
      "step": 2925,
      "mse": 0.00042608444346114993
    },
    {
      "step": 3150,
      "mse": 0.0004696258110925555
    },
    {
      "step": 3375,
      "mse": 0.00043087726226076484
    },
    {
      "step": 3600,
      "mse": 0.00040801853174343705
    },
    {
      "step": 3825,
      "mse": 0.0005585710750892758
    },
    {
      "step": 4050,
      "mse": 0.00029935588827356696
    },
    {
      "step": 4275,
      "mse": 0.0002511622151359916
    },
    {
      "step": 4499,
      "mse": 0.0002692202106118202
    }
  ],
  "render_times": {
    "render-960.png": 16.552031999999883,
    "render-mid.png": 9.393218999996122,
    "render-last.png": 9.374340000000814,
    "render-512.png": 2.4354860000030953,
    "crop-2x.png": 9.299628999997367
  },
  "render_960_ms": 16.552031999999883,
  "render_33_wall_ms": 300.5488009999979,
  "encode_ms": 267.28292099999607,
  "resize_consistency": 0.9970265190127445,
  "temporal_consistency": 0.9981000971747562,
  "motion_delta_model": 0.053338609635829926,
  "loop_error_model": 0.001899902825243771,
  "description": "C2-lite neural canvas: learned time-conditioned motion field with glyph-weighted sampling/loss",
  "run_id": "20260424T193447214343Z-c2-lite-glyph-c33-general-flow-0135-edge15-1280x736-s4500",
  "commit": "23990c1",
  "track": "C",
  "width": 960,
  "height": 544,
  "frames": 33,
  "fps": 24,
  "artifacts": {
    "input": "/Users/dennisonbertram/Develop/flipbook-research/outputs/track-c/20260424T193447214343Z-c2-lite-glyph-c33-general-flow-0135-edge15-1280x736-s4500/input.png",
    "render_960": "/Users/dennisonbertram/Develop/flipbook-research/outputs/track-c/20260424T193447214343Z-c2-lite-glyph-c33-general-flow-0135-edge15-1280x736-s4500/render-960.png",
    "render_mid": "/Users/dennisonbertram/Develop/flipbook-research/outputs/track-c/20260424T193447214343Z-c2-lite-glyph-c33-general-flow-0135-edge15-1280x736-s4500/render-mid.png",
    "render_last": "/Users/dennisonbertram/Develop/flipbook-research/outputs/track-c/20260424T193447214343Z-c2-lite-glyph-c33-general-flow-0135-edge15-1280x736-s4500/render-last.png",
    "render_512": "/Users/dennisonbertram/Develop/flipbook-research/outputs/track-c/20260424T193447214343Z-c2-lite-glyph-c33-general-flow-0135-edge15-1280x736-s4500/render-512.png",
    "crop_2x": "/Users/dennisonbertram/Develop/flipbook-research/outputs/track-c/20260424T193447214343Z-c2-lite-glyph-c33-general-flow-0135-edge15-1280x736-s4500/crop-2x.png",
    "text_mask": "/Users/dennisonbertram/Develop/flipbook-research/outputs/track-c/20260424T193447214343Z-c2-lite-glyph-c33-general-flow-0135-edge15-1280x736-s4500/text-mask.png",
    "element_alpha_mask": "/Users/dennisonbertram/Develop/flipbook-research/outputs/track-c/20260424T193447214343Z-c2-lite-glyph-c33-general-flow-0135-edge15-1280x736-s4500/element-alpha-mask.png",
    "text_boxes": "/Users/dennisonbertram/Develop/flipbook-research/outputs/track-c/20260424T193447214343Z-c2-lite-glyph-c33-general-flow-0135-edge15-1280x736-s4500/text-boxes.json",
    "output": "/Users/dennisonbertram/Develop/flipbook-research/outputs/track-c/20260424T193447214343Z-c2-lite-glyph-c33-general-flow-0135-edge15-1280x736-s4500/output.mp4",
    "metrics": "/Users/dennisonbertram/Develop/flipbook-research/outputs/track-c/20260424T193447214343Z-c2-lite-glyph-c33-general-flow-0135-edge15-1280x736-s4500/metrics.json",
    "quality": "/Users/dennisonbertram/Develop/flipbook-research/outputs/track-c/20260424T193447214343Z-c2-lite-glyph-c33-general-flow-0135-edge15-1280x736-s4500/quality.json"
  },
  "ocr_similarity": 0.7981651376146789,
  "layout_similarity": 0.9970265190127445,
  "motion_delta": 0.03593523055315018,
  "loop_error": 0.0009274388430640101,
  "status": "near_miss"
}
DONE 20260424T193447214343Z-c2-lite-glyph-c33-general-flow-0135-edge15-1280x736-s4500 quality=0.7982 motion=0.0359
Stopping app - local entrypoint completed.
✓ App completed. View run at 
https://modal.com/apps/dennisonbertram/main/ap-cWLvlSK9bKrx4d7dGJI2j5
