✓ Initialized. View run at 
https://modal.com/apps/dennisonbertram/main/ap-npDobx2S2MYbQTpx5knLnU
✓ Created objects.
├── 🔨 Created mount 
│   /Users/dennisonbertram/Develop/flipbook-research/scripts/track_c/modal_canva
│   s_c2_lite.py
└── 🔨 Created function train_and_render_motion.
START 20260424T193447084082Z-c2-lite-glyph-c33-general-flow-014-edge05-1280x736-s4500 config={"batch_size": 131072, "channels": 16, "edge_loss_weight": 0.5, "edge_sample_ratio": 0.05, "element_anchor_mode": "line", "element_anchor_padding": 3, "element_mask_mode": "rectangle", "element_render_mode": "sequential", "element_scale_ratio": 0.25, "experiment_label": "c33-general-flow-014-edge05", "flow_scale": 0.014, "fps": 24, "frames": 33, "freq_bands": 8, "hidden": 96, "layout_transform_pan": 0.0, "layout_transform_strength": 0.0, "lr": 0.01, "min_motion_delta": 0.014, "min_ocr_similarity": 0.8, "motion_mode": "jiggle", "motion_strength": 0.014, "source_resolution": [1280, 736], "steps": 4500, "text_box_loss_weight": 0.0, "text_box_min_conf": 55.0, "text_box_padding": 0, "text_box_sample_ratio": 0.0, "text_boxes": "0 boxes", "time_bands": 4, "train_resolution": "1280x736", "video_layout_mode": "none", "video_viewport_mode": "static", "viewport_pan": 0.0, "viewport_zoom": 0.0}
{
  "canvas_type": "time-conditioned-latent-feature-grid-learned-flow-mlp-glyph-weighted",
  "train_resolution": "1280x736",
  "steps": 4500,
  "batch_size": 131072,
  "channels": 16,
  "hidden": 96,
  "freq_bands": 8,
  "time_bands": 4,
  "lr": 0.01,
  "flow_scale": 0.014,
  "motion_mode": "jiggle",
  "motion_strength": 0.014,
  "video_viewport_mode": "static",
  "viewport_zoom": 0.0,
  "viewport_pan": 0.0,
  "video_layout_mode": "none",
  "layout_transform_strength": 0.0,
  "layout_transform_pan": 0.0,
  "element_scale_ratio": 0.25,
  "element_anchor_padding": 3,
  "element_mask_mode": "rectangle",
  "element_anchor_mode": "line",
  "element_render_mode": "sequential",
  "element_line_count": 0,
  "min_ocr_similarity": 0.8,
  "min_motion_delta": 0.014,
  "edge_sample_ratio": 0.05,
  "edge_loss_weight": 0.5,
  "text_box_sample_ratio": 0.0,
  "text_box_loss_weight": 0.0,
  "text_box_padding": 0,
  "text_box_count": 0,
  "text_mask_coverage": 0.0,
  "element_alpha_coverage": 0.0,
  "compile_ms": 28270.17763,
  "final_mse": 0.0004733528185170144,
  "losses": [
    {
      "step": 0,
      "mse": 0.21906206011772156
    },
    {
      "step": 225,
      "mse": 0.010860341601073742
    },
    {
      "step": 450,
      "mse": 0.003967739641666412
    },
    {
      "step": 675,
      "mse": 0.002008055103942752
    },
    {
      "step": 900,
      "mse": 0.0015354352071881294
    },
    {
      "step": 1125,
      "mse": 0.0011962447315454483
    },
    {
      "step": 1350,
      "mse": 0.0010448500979691744
    },
    {
      "step": 1575,
      "mse": 0.0010522606316953897
    },
    {
      "step": 1800,
      "mse": 0.0008925209986045957
    },
    {
      "step": 2025,
      "mse": 0.00076997623546049
    },
    {
      "step": 2250,
      "mse": 0.0007833034032955766
    },
    {
      "step": 2475,
      "mse": 0.0007582236430607736
    },
    {
      "step": 2700,
      "mse": 0.0006684387335553765
    },
    {
      "step": 2925,
      "mse": 0.0006596288294531405
    },
    {
      "step": 3150,
      "mse": 0.0006484884070232511
    },
    {
      "step": 3375,
      "mse": 0.0006757294177077711
    },
    {
      "step": 3600,
      "mse": 0.00065379444276914
    },
    {
      "step": 3825,
      "mse": 0.0005841971142217517
    },
    {
      "step": 4050,
      "mse": 0.0005129389464855194
    },
    {
      "step": 4275,
      "mse": 0.00045345540274865925
    },
    {
      "step": 4499,
      "mse": 0.0004733528185170144
    }
  ],
  "render_times": {
    "render-960.png": 15.431947000003277,
    "render-mid.png": 9.42609100000169,
    "render-last.png": 9.529196000002571,
    "render-512.png": 2.4967510000024618,
    "crop-2x.png": 9.288144000002774
  },
  "render_960_ms": 15.431947000003277,
  "render_33_wall_ms": 299.61955699999976,
  "encode_ms": 260.05228900000077,
  "resize_consistency": 0.9968768563980049,
  "temporal_consistency": 0.9965266713406891,
  "motion_delta_model": 0.05458233132958412,
  "loop_error_model": 0.003473328659310937,
  "description": "C2-lite neural canvas: learned time-conditioned motion field with glyph-weighted sampling/loss",
  "run_id": "20260424T193447084082Z-c2-lite-glyph-c33-general-flow-014-edge05-1280x736-s4500",
  "commit": "23990c1",
  "track": "C",
  "width": 960,
  "height": 544,
  "frames": 33,
  "fps": 24,
  "artifacts": {
    "input": "/Users/dennisonbertram/Develop/flipbook-research/outputs/track-c/20260424T193447084082Z-c2-lite-glyph-c33-general-flow-014-edge05-1280x736-s4500/input.png",
    "render_960": "/Users/dennisonbertram/Develop/flipbook-research/outputs/track-c/20260424T193447084082Z-c2-lite-glyph-c33-general-flow-014-edge05-1280x736-s4500/render-960.png",
    "render_mid": "/Users/dennisonbertram/Develop/flipbook-research/outputs/track-c/20260424T193447084082Z-c2-lite-glyph-c33-general-flow-014-edge05-1280x736-s4500/render-mid.png",
    "render_last": "/Users/dennisonbertram/Develop/flipbook-research/outputs/track-c/20260424T193447084082Z-c2-lite-glyph-c33-general-flow-014-edge05-1280x736-s4500/render-last.png",
    "render_512": "/Users/dennisonbertram/Develop/flipbook-research/outputs/track-c/20260424T193447084082Z-c2-lite-glyph-c33-general-flow-014-edge05-1280x736-s4500/render-512.png",
    "crop_2x": "/Users/dennisonbertram/Develop/flipbook-research/outputs/track-c/20260424T193447084082Z-c2-lite-glyph-c33-general-flow-014-edge05-1280x736-s4500/crop-2x.png",
    "text_mask": "/Users/dennisonbertram/Develop/flipbook-research/outputs/track-c/20260424T193447084082Z-c2-lite-glyph-c33-general-flow-014-edge05-1280x736-s4500/text-mask.png",
    "element_alpha_mask": "/Users/dennisonbertram/Develop/flipbook-research/outputs/track-c/20260424T193447084082Z-c2-lite-glyph-c33-general-flow-014-edge05-1280x736-s4500/element-alpha-mask.png",
    "text_boxes": "/Users/dennisonbertram/Develop/flipbook-research/outputs/track-c/20260424T193447084082Z-c2-lite-glyph-c33-general-flow-014-edge05-1280x736-s4500/text-boxes.json",
    "output": "/Users/dennisonbertram/Develop/flipbook-research/outputs/track-c/20260424T193447084082Z-c2-lite-glyph-c33-general-flow-014-edge05-1280x736-s4500/output.mp4",
    "metrics": "/Users/dennisonbertram/Develop/flipbook-research/outputs/track-c/20260424T193447084082Z-c2-lite-glyph-c33-general-flow-014-edge05-1280x736-s4500/metrics.json",
    "quality": "/Users/dennisonbertram/Develop/flipbook-research/outputs/track-c/20260424T193447084082Z-c2-lite-glyph-c33-general-flow-014-edge05-1280x736-s4500/quality.json"
  },
  "ocr_similarity": 0.8430493273542602,
  "layout_similarity": 0.9968768563980049,
  "motion_delta": 0.03699278458952904,
  "loop_error": 0.0016816449351608753,
  "status": "pass"
}
DONE 20260424T193447084082Z-c2-lite-glyph-c33-general-flow-014-edge05-1280x736-s4500 quality=0.8430 motion=0.0370
Stopping app - local entrypoint completed.
✓ App completed. View run at 
https://modal.com/apps/dennisonbertram/main/ap-npDobx2S2MYbQTpx5knLnU
