✓ Initialized. View run at 
https://modal.com/apps/dennisonbertram/main/ap-keqCgAILSypXwhOsQEoZO1
✓ Created objects.
├── 🔨 Created mount 
│   /Users/dennisonbertram/Develop/flipbook-research/scripts/track_c/modal_canva
│   s_c2_lite.py
└── 🔨 Created function train_and_render_motion.
START 20260424T193447170403Z-c2-lite-glyph-c33-general-flow-0135-edge1-cap24h128-1280x736-s4500 config={"batch_size": 131072, "channels": 24, "edge_loss_weight": 1.0, "edge_sample_ratio": 0.1, "element_anchor_mode": "line", "element_anchor_padding": 3, "element_mask_mode": "rectangle", "element_render_mode": "sequential", "element_scale_ratio": 0.25, "experiment_label": "c33-general-flow-0135-edge1-cap24h128", "flow_scale": 0.0135, "fps": 24, "frames": 33, "freq_bands": 8, "hidden": 128, "layout_transform_pan": 0.0, "layout_transform_strength": 0.0, "lr": 0.01, "min_motion_delta": 0.013, "min_ocr_similarity": 0.84, "motion_mode": "jiggle", "motion_strength": 0.0135, "source_resolution": [1280, 736], "steps": 4500, "text_box_loss_weight": 0.0, "text_box_min_conf": 55.0, "text_box_padding": 0, "text_box_sample_ratio": 0.0, "text_boxes": "0 boxes", "time_bands": 4, "train_resolution": "1280x736", "video_layout_mode": "none", "video_viewport_mode": "static", "viewport_pan": 0.0, "viewport_zoom": 0.0}
{
  "canvas_type": "time-conditioned-latent-feature-grid-learned-flow-mlp-glyph-weighted",
  "train_resolution": "1280x736",
  "steps": 4500,
  "batch_size": 131072,
  "channels": 24,
  "hidden": 128,
  "freq_bands": 8,
  "time_bands": 4,
  "lr": 0.01,
  "flow_scale": 0.0135,
  "motion_mode": "jiggle",
  "motion_strength": 0.0135,
  "video_viewport_mode": "static",
  "viewport_zoom": 0.0,
  "viewport_pan": 0.0,
  "video_layout_mode": "none",
  "layout_transform_strength": 0.0,
  "layout_transform_pan": 0.0,
  "element_scale_ratio": 0.25,
  "element_anchor_padding": 3,
  "element_mask_mode": "rectangle",
  "element_anchor_mode": "line",
  "element_render_mode": "sequential",
  "element_line_count": 0,
  "min_ocr_similarity": 0.84,
  "min_motion_delta": 0.013,
  "edge_sample_ratio": 0.1,
  "edge_loss_weight": 1.0,
  "text_box_sample_ratio": 0.0,
  "text_box_loss_weight": 0.0,
  "text_box_padding": 0,
  "text_box_count": 0,
  "text_mask_coverage": 0.0,
  "element_alpha_coverage": 0.0,
  "compile_ms": 43722.098552,
  "final_mse": 0.0002795374020934105,
  "losses": [
    {
      "step": 0,
      "mse": 0.22766095399856567
    },
    {
      "step": 225,
      "mse": 0.007566515356302261
    },
    {
      "step": 450,
      "mse": 0.0011513273930177093
    },
    {
      "step": 675,
      "mse": 0.0006557357264682651
    },
    {
      "step": 900,
      "mse": 0.0004061367944814265
    },
    {
      "step": 1125,
      "mse": 0.0002530529163777828
    },
    {
      "step": 1350,
      "mse": 0.00042033352656289935
    },
    {
      "step": 1575,
      "mse": 0.00042338340426795185
    },
    {
      "step": 1800,
      "mse": 0.00039775919867679477
    },
    {
      "step": 2025,
      "mse": 0.00022017626906745136
    },
    {
      "step": 2250,
      "mse": 0.0003252076276112348
    },
    {
      "step": 2475,
      "mse": 0.00027287137345410883
    },
    {
      "step": 2700,
      "mse": 0.012711802497506142
    },
    {
      "step": 2925,
      "mse": 0.00031566686811856925
    },
    {
      "step": 3150,
      "mse": 0.00015352760965470225
    },
    {
      "step": 3375,
      "mse": 0.0001535506744403392
    },
    {
      "step": 3600,
      "mse": 0.00017482737894169986
    },
    {
      "step": 3825,
      "mse": 0.00017669700901024044
    },
    {
      "step": 4050,
      "mse": 0.00022696625092066824
    },
    {
      "step": 4275,
      "mse": 0.00015433062799274921
    },
    {
      "step": 4499,
      "mse": 0.0002795374020934105
    }
  ],
  "render_times": {
    "render-960.png": 17.433250000003397,
    "render-mid.png": 11.205597999996542,
    "render-last.png": 11.563860000002535,
    "render-512.png": 3.4585229999990474,
    "crop-2x.png": 11.301625999998066
  },
  "render_960_ms": 17.433250000003397,
  "render_33_wall_ms": 359.7145669999975,
  "encode_ms": 262.94964200000237,
  "resize_consistency": 0.9969380203827855,
  "temporal_consistency": 0.9979978338815272,
  "motion_delta_model": 0.05300939828157425,
  "loop_error_model": 0.0020021661184728146,
  "description": "C2-lite neural canvas: learned time-conditioned motion field with glyph-weighted sampling/loss",
  "run_id": "20260424T193447170403Z-c2-lite-glyph-c33-general-flow-0135-edge1-cap24h128-1280x736-s4500",
  "commit": "23990c1",
  "track": "C",
  "width": 960,
  "height": 544,
  "frames": 33,
  "fps": 24,
  "artifacts": {
    "input": "/Users/dennisonbertram/Develop/flipbook-research/outputs/track-c/20260424T193447170403Z-c2-lite-glyph-c33-general-flow-0135-edge1-cap24h128-1280x736-s4500/input.png",
    "render_960": "/Users/dennisonbertram/Develop/flipbook-research/outputs/track-c/20260424T193447170403Z-c2-lite-glyph-c33-general-flow-0135-edge1-cap24h128-1280x736-s4500/render-960.png",
    "render_mid": "/Users/dennisonbertram/Develop/flipbook-research/outputs/track-c/20260424T193447170403Z-c2-lite-glyph-c33-general-flow-0135-edge1-cap24h128-1280x736-s4500/render-mid.png",
    "render_last": "/Users/dennisonbertram/Develop/flipbook-research/outputs/track-c/20260424T193447170403Z-c2-lite-glyph-c33-general-flow-0135-edge1-cap24h128-1280x736-s4500/render-last.png",
    "render_512": "/Users/dennisonbertram/Develop/flipbook-research/outputs/track-c/20260424T193447170403Z-c2-lite-glyph-c33-general-flow-0135-edge1-cap24h128-1280x736-s4500/render-512.png",
    "crop_2x": "/Users/dennisonbertram/Develop/flipbook-research/outputs/track-c/20260424T193447170403Z-c2-lite-glyph-c33-general-flow-0135-edge1-cap24h128-1280x736-s4500/crop-2x.png",
    "text_mask": "/Users/dennisonbertram/Develop/flipbook-research/outputs/track-c/20260424T193447170403Z-c2-lite-glyph-c33-general-flow-0135-edge1-cap24h128-1280x736-s4500/text-mask.png",
    "element_alpha_mask": "/Users/dennisonbertram/Develop/flipbook-research/outputs/track-c/20260424T193447170403Z-c2-lite-glyph-c33-general-flow-0135-edge1-cap24h128-1280x736-s4500/element-alpha-mask.png",
    "text_boxes": "/Users/dennisonbertram/Develop/flipbook-research/outputs/track-c/20260424T193447170403Z-c2-lite-glyph-c33-general-flow-0135-edge1-cap24h128-1280x736-s4500/text-boxes.json",
    "output": "/Users/dennisonbertram/Develop/flipbook-research/outputs/track-c/20260424T193447170403Z-c2-lite-glyph-c33-general-flow-0135-edge1-cap24h128-1280x736-s4500/output.mp4",
    "metrics": "/Users/dennisonbertram/Develop/flipbook-research/outputs/track-c/20260424T193447170403Z-c2-lite-glyph-c33-general-flow-0135-edge1-cap24h128-1280x736-s4500/metrics.json",
    "quality": "/Users/dennisonbertram/Develop/flipbook-research/outputs/track-c/20260424T193447170403Z-c2-lite-glyph-c33-general-flow-0135-edge1-cap24h128-1280x736-s4500/quality.json"
  },
  "ocr_similarity": 0.847926267281106,
  "layout_similarity": 0.9969380203827855,
  "motion_delta": 0.0360717736184597,
  "loop_error": 0.0009976020082831383,
  "status": "pass"
}
DONE 20260424T193447170403Z-c2-lite-glyph-c33-general-flow-0135-edge1-cap24h128-1280x736-s4500 quality=0.8479 motion=0.0361
Stopping app - local entrypoint completed.
✓ App completed. View run at 
https://modal.com/apps/dennisonbertram/main/ap-keqCgAILSypXwhOsQEoZO1
