✓ Initialized. View run at 
https://modal.com/apps/dennisonbertram/main/ap-KCbfiwNhxeiMJ7DLwEYJVb
✓ Created objects.
├── 🔨 Created mount 
│   /Users/dennisonbertram/Develop/flipbook-research/scripts/track_c/modal_canva
│   s_c2_lite.py
└── 🔨 Created function train_and_render_motion.
START 20260424T204146694202Z-c2-lite-glyph-c34-general-flow-014-edge1-seed3-1280x736-s4500 config={"batch_size": 131072, "channels": 16, "edge_loss_weight": 1.0, "edge_sample_ratio": 0.1, "element_anchor_mode": "line", "element_anchor_padding": 3, "element_mask_mode": "rectangle", "element_render_mode": "sequential", "element_scale_ratio": 0.25, "experiment_label": "c34-general-flow-014-edge1-seed3", "flow_scale": 0.014, "fps": 24, "frames": 33, "freq_bands": 8, "grad_clip": 0.0, "hidden": 96, "layout_supersample": 1.0, "layout_transform_pan": 0.0, "layout_transform_strength": 0.0, "lr": 0.01, "lr_schedule": "constant", "min_lr_ratio": 0.1, "min_motion_delta": 0.014, "min_ocr_similarity": 0.84, "motion_mode": "jiggle", "motion_strength": 0.014, "seed": 3, "source_resolution": [1280, 736], "steps": 4500, "text_box_loss_weight": 0.0, "text_box_min_conf": 55.0, "text_box_padding": 0, "text_box_sample_ratio": 0.0, "text_boxes": "0 boxes", "time_bands": 4, "train_resolution": "1280x736", "video_layout_mode": "none", "video_viewport_mode": "static", "viewport_pan": 0.0, "viewport_zoom": 0.0}
{
  "canvas_type": "time-conditioned-latent-feature-grid-learned-flow-mlp-glyph-weighted",
  "train_resolution": "1280x736",
  "steps": 4500,
  "batch_size": 131072,
  "channels": 16,
  "hidden": 96,
  "freq_bands": 8,
  "time_bands": 4,
  "lr": 0.01,
  "lr_schedule": "constant",
  "min_lr_ratio": 0.1,
  "grad_clip": 0.0,
  "seed": 3,
  "flow_scale": 0.014,
  "motion_mode": "jiggle",
  "motion_strength": 0.014,
  "video_viewport_mode": "static",
  "viewport_zoom": 0.0,
  "viewport_pan": 0.0,
  "video_layout_mode": "none",
  "layout_transform_strength": 0.0,
  "layout_transform_pan": 0.0,
  "layout_supersample": 1.0,
  "element_scale_ratio": 0.25,
  "element_anchor_padding": 3,
  "element_mask_mode": "rectangle",
  "element_anchor_mode": "line",
  "element_render_mode": "sequential",
  "element_line_count": 0,
  "min_ocr_similarity": 0.84,
  "min_motion_delta": 0.014,
  "edge_sample_ratio": 0.1,
  "edge_loss_weight": 1.0,
  "text_box_sample_ratio": 0.0,
  "text_box_loss_weight": 0.0,
  "text_box_padding": 0,
  "text_box_count": 0,
  "text_mask_coverage": 0.0,
  "element_alpha_coverage": 0.0,
  "compile_ms": 28237.433201999997,
  "final_mse": 0.0006017518462613225,
  "losses": [
    {
      "step": 0,
      "mse": 0.2088450938463211
    },
    {
      "step": 225,
      "mse": 0.014295198023319244
    },
    {
      "step": 450,
      "mse": 0.0050336136482656
    },
    {
      "step": 675,
      "mse": 0.0028668309096246958
    },
    {
      "step": 900,
      "mse": 0.0018708325223997235
    },
    {
      "step": 1125,
      "mse": 0.0014131269417703152
    },
    {
      "step": 1350,
      "mse": 0.004085325635969639
    },
    {
      "step": 1575,
      "mse": 0.0009619977208785713
    },
    {
      "step": 1800,
      "mse": 0.00122358207590878
    },
    {
      "step": 2025,
      "mse": 0.0008333632722496986
    },
    {
      "step": 2250,
      "mse": 0.0007567370776087046
    },
    {
      "step": 2475,
      "mse": 0.0008201940217986703
    },
    {
      "step": 2700,
      "mse": 0.0008195426780730486
    },
    {
      "step": 2925,
      "mse": 0.0006114507559686899
    },
    {
      "step": 3150,
      "mse": 0.0006789747276343405
    },
    {
      "step": 3375,
      "mse": 0.0005382673698477447
    },
    {
      "step": 3600,
      "mse": 0.007187838666141033
    },
    {
      "step": 3825,
      "mse": 0.0005939174443483353
    },
    {
      "step": 4050,
      "mse": 0.0005726100062020123
    },
    {
      "step": 4275,
      "mse": 0.0004932202864438295
    },
    {
      "step": 4499,
      "mse": 0.0006017518462613225
    }
  ],
  "render_times": {
    "render-960.png": 14.31700600000596,
    "render-mid.png": 9.352094999997007,
    "render-last.png": 9.334979000001908,
    "render-512.png": 2.4227170000017395,
    "crop-2x.png": 9.255163999995375
  },
  "render_960_ms": 14.31700600000596,
  "render_33_wall_ms": 299.83173599999446,
  "encode_ms": 251.1308260000007,
  "resize_consistency": 0.9968688755996041,
  "temporal_consistency": 0.9967934133019298,
  "motion_delta_model": 0.05542927235364914,
  "loop_error_model": 0.0032065866980701685,
  "description": "C2-lite neural canvas: learned time-conditioned motion field with glyph-weighted sampling/loss",
  "run_id": "20260424T204146694202Z-c2-lite-glyph-c34-general-flow-014-edge1-seed3-1280x736-s4500",
  "commit": "6a3ba1d",
  "track": "C",
  "width": 960,
  "height": 544,
  "frames": 33,
  "fps": 24,
  "artifacts": {
    "input": "/Users/dennisonbertram/Develop/flipbook-research/outputs/track-c/20260424T204146694202Z-c2-lite-glyph-c34-general-flow-014-edge1-seed3-1280x736-s4500/input.png",
    "render_960": "/Users/dennisonbertram/Develop/flipbook-research/outputs/track-c/20260424T204146694202Z-c2-lite-glyph-c34-general-flow-014-edge1-seed3-1280x736-s4500/render-960.png",
    "render_mid": "/Users/dennisonbertram/Develop/flipbook-research/outputs/track-c/20260424T204146694202Z-c2-lite-glyph-c34-general-flow-014-edge1-seed3-1280x736-s4500/render-mid.png",
    "render_last": "/Users/dennisonbertram/Develop/flipbook-research/outputs/track-c/20260424T204146694202Z-c2-lite-glyph-c34-general-flow-014-edge1-seed3-1280x736-s4500/render-last.png",
    "render_512": "/Users/dennisonbertram/Develop/flipbook-research/outputs/track-c/20260424T204146694202Z-c2-lite-glyph-c34-general-flow-014-edge1-seed3-1280x736-s4500/render-512.png",
    "crop_2x": "/Users/dennisonbertram/Develop/flipbook-research/outputs/track-c/20260424T204146694202Z-c2-lite-glyph-c34-general-flow-014-edge1-seed3-1280x736-s4500/crop-2x.png",
    "text_mask": "/Users/dennisonbertram/Develop/flipbook-research/outputs/track-c/20260424T204146694202Z-c2-lite-glyph-c34-general-flow-014-edge1-seed3-1280x736-s4500/text-mask.png",
    "element_alpha_mask": "/Users/dennisonbertram/Develop/flipbook-research/outputs/track-c/20260424T204146694202Z-c2-lite-glyph-c34-general-flow-014-edge1-seed3-1280x736-s4500/element-alpha-mask.png",
    "text_boxes": "/Users/dennisonbertram/Develop/flipbook-research/outputs/track-c/20260424T204146694202Z-c2-lite-glyph-c34-general-flow-014-edge1-seed3-1280x736-s4500/text-boxes.json",
    "output": "/Users/dennisonbertram/Develop/flipbook-research/outputs/track-c/20260424T204146694202Z-c2-lite-glyph-c34-general-flow-014-edge1-seed3-1280x736-s4500/output.mp4",
    "metrics": "/Users/dennisonbertram/Develop/flipbook-research/outputs/track-c/20260424T204146694202Z-c2-lite-glyph-c34-general-flow-014-edge1-seed3-1280x736-s4500/metrics.json",
    "quality": "/Users/dennisonbertram/Develop/flipbook-research/outputs/track-c/20260424T204146694202Z-c2-lite-glyph-c34-general-flow-014-edge1-seed3-1280x736-s4500/quality.json"
  },
  "ocr_similarity": 0.7963800904977376,
  "layout_similarity": 0.9968688755996041,
  "motion_delta": 0.0373937152326107,
  "loop_error": 0.0015496398555114865,
  "status": "near_miss"
}
DONE 20260424T204146694202Z-c2-lite-glyph-c34-general-flow-014-edge1-seed3-1280x736-s4500 quality=0.7964 motion=0.0374
Stopping app - local entrypoint completed.
✓ App completed. View run at 
https://modal.com/apps/dennisonbertram/main/ap-KCbfiwNhxeiMJ7DLwEYJVb
