✓ Initialized. View run at 
https://modal.com/apps/dennisonbertram/main/ap-8o4lVs21LkeGWYVe9gJxAQ
✓ Created objects.
├── 🔨 Created mount 
│   /Users/dennisonbertram/Develop/flipbook-research/scripts/track_c/modal_canva
│   s_c2_lite.py
└── 🔨 Created function train_and_render_motion.
START 20260424T204146650554Z-c2-lite-glyph-responsive-squeeze-c34-general-responsive-014-edge1-seed0-1280x736-s4500 config={"batch_size": 131072, "channels": 16, "edge_loss_weight": 1.0, "edge_sample_ratio": 0.1, "element_anchor_mode": "line", "element_anchor_padding": 3, "element_mask_mode": "rectangle", "element_render_mode": "sequential", "element_scale_ratio": 0.25, "experiment_label": "c34-general-responsive-014-edge1-seed0", "flow_scale": 0.014, "fps": 24, "frames": 33, "freq_bands": 8, "grad_clip": 0.0, "hidden": 96, "layout_supersample": 1.0, "layout_transform_pan": 0.0, "layout_transform_strength": 0.0, "lr": 0.01, "lr_schedule": "constant", "min_lr_ratio": 0.1, "min_motion_delta": 0.014, "min_ocr_similarity": 0.8, "motion_mode": "responsive-squeeze", "motion_strength": 0.014, "seed": 0, "source_resolution": [1280, 736], "steps": 4500, "text_box_loss_weight": 0.0, "text_box_min_conf": 55.0, "text_box_padding": 0, "text_box_sample_ratio": 0.0, "text_boxes": "0 boxes", "time_bands": 4, "train_resolution": "1280x736", "video_layout_mode": "none", "video_viewport_mode": "zoom-pulse", "viewport_pan": 0.012, "viewport_zoom": 0.06}
{
  "canvas_type": "time-conditioned-latent-feature-grid-learned-flow-mlp-glyph-weighted",
  "train_resolution": "1280x736",
  "steps": 4500,
  "batch_size": 131072,
  "channels": 16,
  "hidden": 96,
  "freq_bands": 8,
  "time_bands": 4,
  "lr": 0.01,
  "lr_schedule": "constant",
  "min_lr_ratio": 0.1,
  "grad_clip": 0.0,
  "seed": 0,
  "flow_scale": 0.014,
  "motion_mode": "responsive-squeeze",
  "motion_strength": 0.014,
  "video_viewport_mode": "zoom-pulse",
  "viewport_zoom": 0.06,
  "viewport_pan": 0.012,
  "video_layout_mode": "none",
  "layout_transform_strength": 0.0,
  "layout_transform_pan": 0.0,
  "layout_supersample": 1.0,
  "element_scale_ratio": 0.25,
  "element_anchor_padding": 3,
  "element_mask_mode": "rectangle",
  "element_anchor_mode": "line",
  "element_render_mode": "sequential",
  "element_line_count": 0,
  "min_ocr_similarity": 0.8,
  "min_motion_delta": 0.014,
  "edge_sample_ratio": 0.1,
  "edge_loss_weight": 1.0,
  "text_box_sample_ratio": 0.0,
  "text_box_loss_weight": 0.0,
  "text_box_padding": 0,
  "text_box_count": 0,
  "text_mask_coverage": 0.0,
  "element_alpha_coverage": 0.0,
  "compile_ms": 28280.360786,
  "final_mse": 5.878414594917558e-05,
  "losses": [
    {
      "step": 0,
      "mse": 0.22324874997138977
    },
    {
      "step": 225,
      "mse": 0.001187402755022049
    },
    {
      "step": 450,
      "mse": 0.00039886479498818517
    },
    {
      "step": 675,
      "mse": 0.00024384395510423928
    },
    {
      "step": 900,
      "mse": 0.00018426132737658918
    },
    {
      "step": 1125,
      "mse": 0.00016513407172169536
    },
    {
      "step": 1350,
      "mse": 0.000254461367148906
    },
    {
      "step": 1575,
      "mse": 0.00013002887135371566
    },
    {
      "step": 1800,
      "mse": 9.817761019803584e-05
    },
    {
      "step": 2025,
      "mse": 9.83804784482345e-05
    },
    {
      "step": 2250,
      "mse": 8.217018330469728e-05
    },
    {
      "step": 2475,
      "mse": 9.400604176335037e-05
    },
    {
      "step": 2700,
      "mse": 7.500503124902025e-05
    },
    {
      "step": 2925,
      "mse": 7.838508463464677e-05
    },
    {
      "step": 3150,
      "mse": 7.843254570616409e-05
    },
    {
      "step": 3375,
      "mse": 6.29648711765185e-05
    },
    {
      "step": 3600,
      "mse": 6.562232010765001e-05
    },
    {
      "step": 3825,
      "mse": 5.7378430938115343e-05
    },
    {
      "step": 4050,
      "mse": 6.81238088873215e-05
    },
    {
      "step": 4275,
      "mse": 5.1576600526459515e-05
    },
    {
      "step": 4499,
      "mse": 5.878414594917558e-05
    }
  ],
  "render_times": {
    "render-960.png": 14.268601000004821,
    "render-mid.png": 9.347413000000415,
    "render-last.png": 9.331982999995603,
    "render-512.png": 2.4251769999992234,
    "crop-2x.png": 9.250010000002362,
    "render-viewport-mid.png": 9.318065000002207
  },
  "render_960_ms": 14.268601000004821,
  "render_33_wall_ms": 299.6641880000013,
  "encode_ms": 256.859261999999,
  "resize_consistency": 0.999963570517423,
  "temporal_consistency": 0.9990987364435568,
  "motion_delta_model": 0.06435510516166687,
  "loop_error_model": 0.0009012635564431548,
  "description": "C2-lite neural canvas: learned time-conditioned motion field with glyph-weighted sampling/loss",
  "run_id": "20260424T204146650554Z-c2-lite-glyph-responsive-squeeze-c34-general-responsive-014-edge1-seed0-1280x736-s4500",
  "commit": "6a3ba1d",
  "track": "C",
  "width": 960,
  "height": 544,
  "frames": 33,
  "fps": 24,
  "artifacts": {
    "input": "/Users/dennisonbertram/Develop/flipbook-research/outputs/track-c/20260424T204146650554Z-c2-lite-glyph-responsive-squeeze-c34-general-responsive-014-edge1-seed0-1280x736-s4500/input.png",
    "render_960": "/Users/dennisonbertram/Develop/flipbook-research/outputs/track-c/20260424T204146650554Z-c2-lite-glyph-responsive-squeeze-c34-general-responsive-014-edge1-seed0-1280x736-s4500/render-960.png",
    "render_mid": "/Users/dennisonbertram/Develop/flipbook-research/outputs/track-c/20260424T204146650554Z-c2-lite-glyph-responsive-squeeze-c34-general-responsive-014-edge1-seed0-1280x736-s4500/render-mid.png",
    "render_last": "/Users/dennisonbertram/Develop/flipbook-research/outputs/track-c/20260424T204146650554Z-c2-lite-glyph-responsive-squeeze-c34-general-responsive-014-edge1-seed0-1280x736-s4500/render-last.png",
    "render_512": "/Users/dennisonbertram/Develop/flipbook-research/outputs/track-c/20260424T204146650554Z-c2-lite-glyph-responsive-squeeze-c34-general-responsive-014-edge1-seed0-1280x736-s4500/render-512.png",
    "crop_2x": "/Users/dennisonbertram/Develop/flipbook-research/outputs/track-c/20260424T204146650554Z-c2-lite-glyph-responsive-squeeze-c34-general-responsive-014-edge1-seed0-1280x736-s4500/crop-2x.png",
    "text_mask": "/Users/dennisonbertram/Develop/flipbook-research/outputs/track-c/20260424T204146650554Z-c2-lite-glyph-responsive-squeeze-c34-general-responsive-014-edge1-seed0-1280x736-s4500/text-mask.png",
    "element_alpha_mask": "/Users/dennisonbertram/Develop/flipbook-research/outputs/track-c/20260424T204146650554Z-c2-lite-glyph-responsive-squeeze-c34-general-responsive-014-edge1-seed0-1280x736-s4500/element-alpha-mask.png",
    "text_boxes": "/Users/dennisonbertram/Develop/flipbook-research/outputs/track-c/20260424T204146650554Z-c2-lite-glyph-responsive-squeeze-c34-general-responsive-014-edge1-seed0-1280x736-s4500/text-boxes.json",
    "output": "/Users/dennisonbertram/Develop/flipbook-research/outputs/track-c/20260424T204146650554Z-c2-lite-glyph-responsive-squeeze-c34-general-responsive-014-edge1-seed0-1280x736-s4500/output.mp4",
    "metrics": "/Users/dennisonbertram/Develop/flipbook-research/outputs/track-c/20260424T204146650554Z-c2-lite-glyph-responsive-squeeze-c34-general-responsive-014-edge1-seed0-1280x736-s4500/metrics.json",
    "quality": "/Users/dennisonbertram/Develop/flipbook-research/outputs/track-c/20260424T204146650554Z-c2-lite-glyph-responsive-squeeze-c34-general-responsive-014-edge1-seed0-1280x736-s4500/quality.json",
    "render_viewport_mid": "/Users/dennisonbertram/Develop/flipbook-research/outputs/track-c/20260424T204146650554Z-c2-lite-glyph-responsive-squeeze-c34-general-responsive-014-edge1-seed0-1280x736-s4500/render-viewport-mid.png"
  },
  "ocr_similarity": 0.8818181818181818,
  "layout_similarity": 0.999963570517423,
  "motion_delta": 0.04109477251768112,
  "loop_error": 0.0005512814968824387,
  "status": "pass"
}
DONE 20260424T204146650554Z-c2-lite-glyph-responsive-squeeze-c34-general-responsive-014-edge1-seed0-1280x736-s4500 quality=0.8818 motion=0.0411
Stopping app - local entrypoint completed.
✓ App completed. View run at 
https://modal.com/apps/dennisonbertram/main/ap-8o4lVs21LkeGWYVe9gJxAQ
