✓ Initialized. View run at 
https://modal.com/apps/dennisonbertram/main/ap-KwaETEKQLrVDJXgetSWl88
✓ Created objects.
├── 🔨 Created mount 
│   /Users/dennisonbertram/Develop/flipbook-research/scripts/track_c/modal_canva
│   s_c2_lite.py
└── 🔨 Created function train_and_render_motion.
START 20260424T204146630478Z-c2-lite-glyph-c34-general-flow-014-edge1-seed0-1280x736-s4500 config={"batch_size": 131072, "channels": 16, "edge_loss_weight": 1.0, "edge_sample_ratio": 0.1, "element_anchor_mode": "line", "element_anchor_padding": 3, "element_mask_mode": "rectangle", "element_render_mode": "sequential", "element_scale_ratio": 0.25, "experiment_label": "c34-general-flow-014-edge1-seed0", "flow_scale": 0.014, "fps": 24, "frames": 33, "freq_bands": 8, "grad_clip": 0.0, "hidden": 96, "layout_supersample": 1.0, "layout_transform_pan": 0.0, "layout_transform_strength": 0.0, "lr": 0.01, "lr_schedule": "constant", "min_lr_ratio": 0.1, "min_motion_delta": 0.014, "min_ocr_similarity": 0.84, "motion_mode": "jiggle", "motion_strength": 0.014, "seed": 0, "source_resolution": [1280, 736], "steps": 4500, "text_box_loss_weight": 0.0, "text_box_min_conf": 55.0, "text_box_padding": 0, "text_box_sample_ratio": 0.0, "text_boxes": "0 boxes", "time_bands": 4, "train_resolution": "1280x736", "video_layout_mode": "none", "video_viewport_mode": "static", "viewport_pan": 0.0, "viewport_zoom": 0.0}
{
  "canvas_type": "time-conditioned-latent-feature-grid-learned-flow-mlp-glyph-weighted",
  "train_resolution": "1280x736",
  "steps": 4500,
  "batch_size": 131072,
  "channels": 16,
  "hidden": 96,
  "freq_bands": 8,
  "time_bands": 4,
  "lr": 0.01,
  "lr_schedule": "constant",
  "min_lr_ratio": 0.1,
  "grad_clip": 0.0,
  "seed": 0,
  "flow_scale": 0.014,
  "motion_mode": "jiggle",
  "motion_strength": 0.014,
  "video_viewport_mode": "static",
  "viewport_zoom": 0.0,
  "viewport_pan": 0.0,
  "video_layout_mode": "none",
  "layout_transform_strength": 0.0,
  "layout_transform_pan": 0.0,
  "layout_supersample": 1.0,
  "element_scale_ratio": 0.25,
  "element_anchor_padding": 3,
  "element_mask_mode": "rectangle",
  "element_anchor_mode": "line",
  "element_render_mode": "sequential",
  "element_line_count": 0,
  "min_ocr_similarity": 0.84,
  "min_motion_delta": 0.014,
  "edge_sample_ratio": 0.1,
  "edge_loss_weight": 1.0,
  "text_box_sample_ratio": 0.0,
  "text_box_loss_weight": 0.0,
  "text_box_padding": 0,
  "text_box_count": 0,
  "text_mask_coverage": 0.0,
  "element_alpha_coverage": 0.0,
  "compile_ms": 25213.444897999998,
  "final_mse": 0.00018496612028684467,
  "losses": [
    {
      "step": 0,
      "mse": 0.2248266637325287
    },
    {
      "step": 225,
      "mse": 0.008869429118931293
    },
    {
      "step": 450,
      "mse": 0.0020379116758704185
    },
    {
      "step": 675,
      "mse": 0.0011233141412958503
    },
    {
      "step": 900,
      "mse": 0.0007958090864121914
    },
    {
      "step": 1125,
      "mse": 0.0006315467180684209
    },
    {
      "step": 1350,
      "mse": 0.0005752348806709051
    },
    {
      "step": 1575,
      "mse": 0.0004518029454629868
    },
    {
      "step": 1800,
      "mse": 0.0003489570808596909
    },
    {
      "step": 2025,
      "mse": 0.00039791129529476166
    },
    {
      "step": 2250,
      "mse": 0.00033340693335048854
    },
    {
      "step": 2475,
      "mse": 0.0003260934608988464
    },
    {
      "step": 2700,
      "mse": 0.00037127546966075897
    },
    {
      "step": 2925,
      "mse": 0.0003924343327526003
    },
    {
      "step": 3150,
      "mse": 0.0003037499263882637
    },
    {
      "step": 3375,
      "mse": 0.0002723920624703169
    },
    {
      "step": 3600,
      "mse": 0.0003233767347410321
    },
    {
      "step": 3825,
      "mse": 0.00026485108537599444
    },
    {
      "step": 4050,
      "mse": 0.0026425153482705355
    },
    {
      "step": 4275,
      "mse": 0.00024706951808184385
    },
    {
      "step": 4499,
      "mse": 0.00018496612028684467
    }
  ],
  "render_times": {
    "render-960.png": 13.730454000000947,
    "render-mid.png": 8.201954000000455,
    "render-last.png": 8.116539999999617,
    "render-512.png": 2.279839999999922,
    "crop-2x.png": 7.989688000002104
  },
  "render_960_ms": 13.730454000000947,
  "render_33_wall_ms": 257.735542999999,
  "encode_ms": 244.2525819999979,
  "resize_consistency": 0.9969037505857122,
  "temporal_consistency": 0.9957126206718385,
  "motion_delta_model": 0.054472725838422775,
  "loop_error_model": 0.004287379328161478,
  "description": "C2-lite neural canvas: learned time-conditioned motion field with glyph-weighted sampling/loss",
  "run_id": "20260424T204146630478Z-c2-lite-glyph-c34-general-flow-014-edge1-seed0-1280x736-s4500",
  "commit": "6a3ba1d",
  "track": "C",
  "width": 960,
  "height": 544,
  "frames": 33,
  "fps": 24,
  "artifacts": {
    "input": "/Users/dennisonbertram/Develop/flipbook-research/outputs/track-c/20260424T204146630478Z-c2-lite-glyph-c34-general-flow-014-edge1-seed0-1280x736-s4500/input.png",
    "render_960": "/Users/dennisonbertram/Develop/flipbook-research/outputs/track-c/20260424T204146630478Z-c2-lite-glyph-c34-general-flow-014-edge1-seed0-1280x736-s4500/render-960.png",
    "render_mid": "/Users/dennisonbertram/Develop/flipbook-research/outputs/track-c/20260424T204146630478Z-c2-lite-glyph-c34-general-flow-014-edge1-seed0-1280x736-s4500/render-mid.png",
    "render_last": "/Users/dennisonbertram/Develop/flipbook-research/outputs/track-c/20260424T204146630478Z-c2-lite-glyph-c34-general-flow-014-edge1-seed0-1280x736-s4500/render-last.png",
    "render_512": "/Users/dennisonbertram/Develop/flipbook-research/outputs/track-c/20260424T204146630478Z-c2-lite-glyph-c34-general-flow-014-edge1-seed0-1280x736-s4500/render-512.png",
    "crop_2x": "/Users/dennisonbertram/Develop/flipbook-research/outputs/track-c/20260424T204146630478Z-c2-lite-glyph-c34-general-flow-014-edge1-seed0-1280x736-s4500/crop-2x.png",
    "text_mask": "/Users/dennisonbertram/Develop/flipbook-research/outputs/track-c/20260424T204146630478Z-c2-lite-glyph-c34-general-flow-014-edge1-seed0-1280x736-s4500/text-mask.png",
    "element_alpha_mask": "/Users/dennisonbertram/Develop/flipbook-research/outputs/track-c/20260424T204146630478Z-c2-lite-glyph-c34-general-flow-014-edge1-seed0-1280x736-s4500/element-alpha-mask.png",
    "text_boxes": "/Users/dennisonbertram/Develop/flipbook-research/outputs/track-c/20260424T204146630478Z-c2-lite-glyph-c34-general-flow-014-edge1-seed0-1280x736-s4500/text-boxes.json",
    "output": "/Users/dennisonbertram/Develop/flipbook-research/outputs/track-c/20260424T204146630478Z-c2-lite-glyph-c34-general-flow-014-edge1-seed0-1280x736-s4500/output.mp4",
    "metrics": "/Users/dennisonbertram/Develop/flipbook-research/outputs/track-c/20260424T204146630478Z-c2-lite-glyph-c34-general-flow-014-edge1-seed0-1280x736-s4500/metrics.json",
    "quality": "/Users/dennisonbertram/Develop/flipbook-research/outputs/track-c/20260424T204146630478Z-c2-lite-glyph-c34-general-flow-014-edge1-seed0-1280x736-s4500/quality.json"
  },
  "ocr_similarity": 0.776255707762557,
  "layout_similarity": 0.9969037505857122,
  "motion_delta": 0.03723693639039993,
  "loop_error": 0.0028131429571658373,
  "status": "near_miss"
}
DONE 20260424T204146630478Z-c2-lite-glyph-c34-general-flow-014-edge1-seed0-1280x736-s4500 quality=0.7763 motion=0.0372
Stopping app - local entrypoint completed.
✓ App completed. View run at 
https://modal.com/apps/dennisonbertram/main/ap-KwaETEKQLrVDJXgetSWl88
