✓ Initialized. View run at 
https://modal.com/apps/dennisonbertram/main/ap-NWwAxAfROlhMo7UdwzG7zw
✓ Created objects.
├── 🔨 Created mount 
│   /Users/dennisonbertram/Develop/flipbook-research/scripts/track_c/modal_canva
│   s_c2_lite.py
└── 🔨 Created function train_and_render_motion.
START 20260424T204146689527Z-c2-lite-glyph-c34-general-flow-01415-edge1-seed0-1280x736-s4500 config={"batch_size": 131072, "channels": 16, "edge_loss_weight": 1.0, "edge_sample_ratio": 0.1, "element_anchor_mode": "line", "element_anchor_padding": 3, "element_mask_mode": "rectangle", "element_render_mode": "sequential", "element_scale_ratio": 0.25, "experiment_label": "c34-general-flow-01415-edge1-seed0", "flow_scale": 0.01415, "fps": 24, "frames": 33, "freq_bands": 8, "grad_clip": 0.0, "hidden": 96, "layout_supersample": 1.0, "layout_transform_pan": 0.0, "layout_transform_strength": 0.0, "lr": 0.01, "lr_schedule": "constant", "min_lr_ratio": 0.1, "min_motion_delta": 0.014, "min_ocr_similarity": 0.8, "motion_mode": "jiggle", "motion_strength": 0.01415, "seed": 0, "source_resolution": [1280, 736], "steps": 4500, "text_box_loss_weight": 0.0, "text_box_min_conf": 55.0, "text_box_padding": 0, "text_box_sample_ratio": 0.0, "text_boxes": "0 boxes", "time_bands": 4, "train_resolution": "1280x736", "video_layout_mode": "none", "video_viewport_mode": "static", "viewport_pan": 0.0, "viewport_zoom": 0.0}
{
  "canvas_type": "time-conditioned-latent-feature-grid-learned-flow-mlp-glyph-weighted",
  "train_resolution": "1280x736",
  "steps": 4500,
  "batch_size": 131072,
  "channels": 16,
  "hidden": 96,
  "freq_bands": 8,
  "time_bands": 4,
  "lr": 0.01,
  "lr_schedule": "constant",
  "min_lr_ratio": 0.1,
  "grad_clip": 0.0,
  "seed": 0,
  "flow_scale": 0.01415,
  "motion_mode": "jiggle",
  "motion_strength": 0.01415,
  "video_viewport_mode": "static",
  "viewport_zoom": 0.0,
  "viewport_pan": 0.0,
  "video_layout_mode": "none",
  "layout_transform_strength": 0.0,
  "layout_transform_pan": 0.0,
  "layout_supersample": 1.0,
  "element_scale_ratio": 0.25,
  "element_anchor_padding": 3,
  "element_mask_mode": "rectangle",
  "element_anchor_mode": "line",
  "element_render_mode": "sequential",
  "element_line_count": 0,
  "min_ocr_similarity": 0.8,
  "min_motion_delta": 0.014,
  "edge_sample_ratio": 0.1,
  "edge_loss_weight": 1.0,
  "text_box_sample_ratio": 0.0,
  "text_box_loss_weight": 0.0,
  "text_box_padding": 0,
  "text_box_count": 0,
  "text_mask_coverage": 0.0,
  "element_alpha_coverage": 0.0,
  "compile_ms": 28294.365329,
  "final_mse": 0.00523561704903841,
  "losses": [
    {
      "step": 0,
      "mse": 0.22486446797847748
    },
    {
      "step": 225,
      "mse": 0.009265084750950336
    },
    {
      "step": 450,
      "mse": 0.0019414916168898344
    },
    {
      "step": 675,
      "mse": 0.0012180735357105732
    },
    {
      "step": 900,
      "mse": 0.0008504331344738603
    },
    {
      "step": 1125,
      "mse": 0.0007775877602398396
    },
    {
      "step": 1350,
      "mse": 0.0005581715377047658
    },
    {
      "step": 1575,
      "mse": 0.0005086903693154454
    },
    {
      "step": 1800,
      "mse": 0.000528948032297194
    },
    {
      "step": 2025,
      "mse": 0.0004444531223271042
    },
    {
      "step": 2250,
      "mse": 0.00044338320731185377
    },
    {
      "step": 2475,
      "mse": 0.00047004525549709797
    },
    {
      "step": 2700,
      "mse": 0.0003988042881246656
    },
    {
      "step": 2925,
      "mse": 0.0004266543546691537
    },
    {
      "step": 3150,
      "mse": 0.00030340469675138593
    },
    {
      "step": 3375,
      "mse": 0.00038855522871017456
    },
    {
      "step": 3600,
      "mse": 0.000302365719107911
    },
    {
      "step": 3825,
      "mse": 0.0003231481241527945
    },
    {
      "step": 4050,
      "mse": 0.00035226804902777076
    },
    {
      "step": 4275,
      "mse": 0.0002684429055079818
    },
    {
      "step": 4499,
      "mse": 0.00523561704903841
    }
  ],
  "render_times": {
    "render-960.png": 15.496253999998544,
    "render-mid.png": 9.401654999997788,
    "render-last.png": 9.364754000003472,
    "render-512.png": 2.626569000000245,
    "crop-2x.png": 9.340775000005408
  },
  "render_960_ms": 15.496253999998544,
  "render_33_wall_ms": 300.58490999999776,
  "encode_ms": 259.24738099999445,
  "resize_consistency": 0.9966312451566104,
  "temporal_consistency": 0.995192370377481,
  "motion_delta_model": 0.05919228494167328,
  "loop_error_model": 0.004807629622519016,
  "description": "C2-lite neural canvas: learned time-conditioned motion field with glyph-weighted sampling/loss",
  "run_id": "20260424T204146689527Z-c2-lite-glyph-c34-general-flow-01415-edge1-seed0-1280x736-s4500",
  "commit": "6a3ba1d",
  "track": "C",
  "width": 960,
  "height": 544,
  "frames": 33,
  "fps": 24,
  "artifacts": {
    "input": "/Users/dennisonbertram/Develop/flipbook-research/outputs/track-c/20260424T204146689527Z-c2-lite-glyph-c34-general-flow-01415-edge1-seed0-1280x736-s4500/input.png",
    "render_960": "/Users/dennisonbertram/Develop/flipbook-research/outputs/track-c/20260424T204146689527Z-c2-lite-glyph-c34-general-flow-01415-edge1-seed0-1280x736-s4500/render-960.png",
    "render_mid": "/Users/dennisonbertram/Develop/flipbook-research/outputs/track-c/20260424T204146689527Z-c2-lite-glyph-c34-general-flow-01415-edge1-seed0-1280x736-s4500/render-mid.png",
    "render_last": "/Users/dennisonbertram/Develop/flipbook-research/outputs/track-c/20260424T204146689527Z-c2-lite-glyph-c34-general-flow-01415-edge1-seed0-1280x736-s4500/render-last.png",
    "render_512": "/Users/dennisonbertram/Develop/flipbook-research/outputs/track-c/20260424T204146689527Z-c2-lite-glyph-c34-general-flow-01415-edge1-seed0-1280x736-s4500/render-512.png",
    "crop_2x": "/Users/dennisonbertram/Develop/flipbook-research/outputs/track-c/20260424T204146689527Z-c2-lite-glyph-c34-general-flow-01415-edge1-seed0-1280x736-s4500/crop-2x.png",
    "text_mask": "/Users/dennisonbertram/Develop/flipbook-research/outputs/track-c/20260424T204146689527Z-c2-lite-glyph-c34-general-flow-01415-edge1-seed0-1280x736-s4500/text-mask.png",
    "element_alpha_mask": "/Users/dennisonbertram/Develop/flipbook-research/outputs/track-c/20260424T204146689527Z-c2-lite-glyph-c34-general-flow-01415-edge1-seed0-1280x736-s4500/element-alpha-mask.png",
    "text_boxes": "/Users/dennisonbertram/Develop/flipbook-research/outputs/track-c/20260424T204146689527Z-c2-lite-glyph-c34-general-flow-01415-edge1-seed0-1280x736-s4500/text-boxes.json",
    "output": "/Users/dennisonbertram/Develop/flipbook-research/outputs/track-c/20260424T204146689527Z-c2-lite-glyph-c34-general-flow-01415-edge1-seed0-1280x736-s4500/output.mp4",
    "metrics": "/Users/dennisonbertram/Develop/flipbook-research/outputs/track-c/20260424T204146689527Z-c2-lite-glyph-c34-general-flow-01415-edge1-seed0-1280x736-s4500/metrics.json",
    "quality": "/Users/dennisonbertram/Develop/flipbook-research/outputs/track-c/20260424T204146689527Z-c2-lite-glyph-c34-general-flow-01415-edge1-seed0-1280x736-s4500/quality.json"
  },
  "ocr_similarity": 0.8036529680365296,
  "layout_similarity": 0.9966312451566104,
  "motion_delta": 0.04086404666304588,
  "loop_error": 0.0030302514787763357,
  "status": "pass"
}
DONE 20260424T204146689527Z-c2-lite-glyph-c34-general-flow-01415-edge1-seed0-1280x736-s4500 quality=0.8037 motion=0.0409
Stopping app - local entrypoint completed.
✓ App completed. View run at 
https://modal.com/apps/dennisonbertram/main/ap-NWwAxAfROlhMo7UdwzG7zw
