✓ Initialized. View run at 
https://modal.com/apps/dennisonbertram/main/ap-Ndy8CisHl9EhUvLFlL78vS
✓ Created objects.
├── 🔨 Created mount 
│   /Users/dennisonbertram/Develop/flipbook-research/scripts/track_c/modal_canva
│   s_c2_lite.py
└── 🔨 Created function train_and_render_motion.
START 20260424T204146610856Z-c2-lite-glyph-c34-general-flow-014-edge1-seed2-1280x736-s4500 config={"batch_size": 131072, "channels": 16, "edge_loss_weight": 1.0, "edge_sample_ratio": 0.1, "element_anchor_mode": "line", "element_anchor_padding": 3, "element_mask_mode": "rectangle", "element_render_mode": "sequential", "element_scale_ratio": 0.25, "experiment_label": "c34-general-flow-014-edge1-seed2", "flow_scale": 0.014, "fps": 24, "frames": 33, "freq_bands": 8, "grad_clip": 0.0, "hidden": 96, "layout_supersample": 1.0, "layout_transform_pan": 0.0, "layout_transform_strength": 0.0, "lr": 0.01, "lr_schedule": "constant", "min_lr_ratio": 0.1, "min_motion_delta": 0.014, "min_ocr_similarity": 0.84, "motion_mode": "jiggle", "motion_strength": 0.014, "seed": 2, "source_resolution": [1280, 736], "steps": 4500, "text_box_loss_weight": 0.0, "text_box_min_conf": 55.0, "text_box_padding": 0, "text_box_sample_ratio": 0.0, "text_boxes": "0 boxes", "time_bands": 4, "train_resolution": "1280x736", "video_layout_mode": "none", "video_viewport_mode": "static", "viewport_pan": 0.0, "viewport_zoom": 0.0}
{
  "canvas_type": "time-conditioned-latent-feature-grid-learned-flow-mlp-glyph-weighted",
  "train_resolution": "1280x736",
  "steps": 4500,
  "batch_size": 131072,
  "channels": 16,
  "hidden": 96,
  "freq_bands": 8,
  "time_bands": 4,
  "lr": 0.01,
  "lr_schedule": "constant",
  "min_lr_ratio": 0.1,
  "grad_clip": 0.0,
  "seed": 2,
  "flow_scale": 0.014,
  "motion_mode": "jiggle",
  "motion_strength": 0.014,
  "video_viewport_mode": "static",
  "viewport_zoom": 0.0,
  "viewport_pan": 0.0,
  "video_layout_mode": "none",
  "layout_transform_strength": 0.0,
  "layout_transform_pan": 0.0,
  "layout_supersample": 1.0,
  "element_scale_ratio": 0.25,
  "element_anchor_padding": 3,
  "element_mask_mode": "rectangle",
  "element_anchor_mode": "line",
  "element_render_mode": "sequential",
  "element_line_count": 0,
  "min_ocr_similarity": 0.84,
  "min_motion_delta": 0.014,
  "edge_sample_ratio": 0.1,
  "edge_loss_weight": 1.0,
  "text_box_sample_ratio": 0.0,
  "text_box_loss_weight": 0.0,
  "text_box_padding": 0,
  "text_box_count": 0,
  "text_mask_coverage": 0.0,
  "element_alpha_coverage": 0.0,
  "compile_ms": 25214.065679,
  "final_mse": 0.0001151844480773434,
  "losses": [
    {
      "step": 0,
      "mse": 0.22264698147773743
    },
    {
      "step": 225,
      "mse": 0.009491528384387493
    },
    {
      "step": 450,
      "mse": 0.0014053983613848686
    },
    {
      "step": 675,
      "mse": 0.0008553835214115679
    },
    {
      "step": 900,
      "mse": 0.0005434282356873155
    },
    {
      "step": 1125,
      "mse": 0.0005010156310163438
    },
    {
      "step": 1350,
      "mse": 0.0003381673595868051
    },
    {
      "step": 1575,
      "mse": 0.0003749450552277267
    },
    {
      "step": 1800,
      "mse": 0.0002537702093832195
    },
    {
      "step": 2025,
      "mse": 0.0003710284363478422
    },
    {
      "step": 2250,
      "mse": 0.00025841486058197916
    },
    {
      "step": 2475,
      "mse": 0.00024399343237746507
    },
    {
      "step": 2700,
      "mse": 0.00019394632545299828
    },
    {
      "step": 2925,
      "mse": 0.0002767397672869265
    },
    {
      "step": 3150,
      "mse": 0.0003719511441886425
    },
    {
      "step": 3375,
      "mse": 0.00024968606885522604
    },
    {
      "step": 3600,
      "mse": 0.000251572608249262
    },
    {
      "step": 3825,
      "mse": 0.0002593897224869579
    },
    {
      "step": 4050,
      "mse": 0.00020500300161074847
    },
    {
      "step": 4275,
      "mse": 0.0033496813848614693
    },
    {
      "step": 4499,
      "mse": 0.0001151844480773434
    }
  ],
  "render_times": {
    "render-960.png": 13.664252999998183,
    "render-mid.png": 8.077080999999708,
    "render-last.png": 8.083984999998961,
    "render-512.png": 2.23679799999843,
    "crop-2x.png": 7.99893199999957
  },
  "render_960_ms": 13.664252999998183,
  "render_33_wall_ms": 257.96871200000027,
  "encode_ms": 245.8065619999985,
  "resize_consistency": 0.996845176312521,
  "temporal_consistency": 0.9975102271419019,
  "motion_delta_model": 0.053909145295619965,
  "loop_error_model": 0.0024897728580981493,
  "description": "C2-lite neural canvas: learned time-conditioned motion field with glyph-weighted sampling/loss",
  "run_id": "20260424T204146610856Z-c2-lite-glyph-c34-general-flow-014-edge1-seed2-1280x736-s4500",
  "commit": "6a3ba1d",
  "track": "C",
  "width": 960,
  "height": 544,
  "frames": 33,
  "fps": 24,
  "artifacts": {
    "input": "/Users/dennisonbertram/Develop/flipbook-research/outputs/track-c/20260424T204146610856Z-c2-lite-glyph-c34-general-flow-014-edge1-seed2-1280x736-s4500/input.png",
    "render_960": "/Users/dennisonbertram/Develop/flipbook-research/outputs/track-c/20260424T204146610856Z-c2-lite-glyph-c34-general-flow-014-edge1-seed2-1280x736-s4500/render-960.png",
    "render_mid": "/Users/dennisonbertram/Develop/flipbook-research/outputs/track-c/20260424T204146610856Z-c2-lite-glyph-c34-general-flow-014-edge1-seed2-1280x736-s4500/render-mid.png",
    "render_last": "/Users/dennisonbertram/Develop/flipbook-research/outputs/track-c/20260424T204146610856Z-c2-lite-glyph-c34-general-flow-014-edge1-seed2-1280x736-s4500/render-last.png",
    "render_512": "/Users/dennisonbertram/Develop/flipbook-research/outputs/track-c/20260424T204146610856Z-c2-lite-glyph-c34-general-flow-014-edge1-seed2-1280x736-s4500/render-512.png",
    "crop_2x": "/Users/dennisonbertram/Develop/flipbook-research/outputs/track-c/20260424T204146610856Z-c2-lite-glyph-c34-general-flow-014-edge1-seed2-1280x736-s4500/crop-2x.png",
    "text_mask": "/Users/dennisonbertram/Develop/flipbook-research/outputs/track-c/20260424T204146610856Z-c2-lite-glyph-c34-general-flow-014-edge1-seed2-1280x736-s4500/text-mask.png",
    "element_alpha_mask": "/Users/dennisonbertram/Develop/flipbook-research/outputs/track-c/20260424T204146610856Z-c2-lite-glyph-c34-general-flow-014-edge1-seed2-1280x736-s4500/element-alpha-mask.png",
    "text_boxes": "/Users/dennisonbertram/Develop/flipbook-research/outputs/track-c/20260424T204146610856Z-c2-lite-glyph-c34-general-flow-014-edge1-seed2-1280x736-s4500/text-boxes.json",
    "output": "/Users/dennisonbertram/Develop/flipbook-research/outputs/track-c/20260424T204146610856Z-c2-lite-glyph-c34-general-flow-014-edge1-seed2-1280x736-s4500/output.mp4",
    "metrics": "/Users/dennisonbertram/Develop/flipbook-research/outputs/track-c/20260424T204146610856Z-c2-lite-glyph-c34-general-flow-014-edge1-seed2-1280x736-s4500/metrics.json",
    "quality": "/Users/dennisonbertram/Develop/flipbook-research/outputs/track-c/20260424T204146610856Z-c2-lite-glyph-c34-general-flow-014-edge1-seed2-1280x736-s4500/quality.json"
  },
  "ocr_similarity": 0.761467889908257,
  "layout_similarity": 0.996845176312521,
  "motion_delta": 0.03708355873823166,
  "loop_error": 0.0016099688364192843,
  "status": "near_miss"
}
DONE 20260424T204146610856Z-c2-lite-glyph-c34-general-flow-014-edge1-seed2-1280x736-s4500 quality=0.7615 motion=0.0371
Stopping app - local entrypoint completed.
✓ App completed. View run at 
https://modal.com/apps/dennisonbertram/main/ap-Ndy8CisHl9EhUvLFlL78vS
