✓ Initialized. View run at 
https://modal.com/apps/dennisonbertram/main/ap-nIUICcXpJ9wu2ltdaMaHb0
✓ Created objects.
├── 🔨 Created mount 
│   /Users/dennisonbertram/Develop/flipbook-research/scripts/track_c/modal_canva
│   s_c2_lite.py
└── 🔨 Created function train_and_render_motion.
START 20260424T204146655839Z-c2-lite-glyph-c34-general-flow-0141-edge1-seed0-1280x736-s4500 config={"batch_size": 131072, "channels": 16, "edge_loss_weight": 1.0, "edge_sample_ratio": 0.1, "element_anchor_mode": "line", "element_anchor_padding": 3, "element_mask_mode": "rectangle", "element_render_mode": "sequential", "element_scale_ratio": 0.25, "experiment_label": "c34-general-flow-0141-edge1-seed0", "flow_scale": 0.0141, "fps": 24, "frames": 33, "freq_bands": 8, "grad_clip": 0.0, "hidden": 96, "layout_supersample": 1.0, "layout_transform_pan": 0.0, "layout_transform_strength": 0.0, "lr": 0.01, "lr_schedule": "constant", "min_lr_ratio": 0.1, "min_motion_delta": 0.014, "min_ocr_similarity": 0.82, "motion_mode": "jiggle", "motion_strength": 0.0141, "seed": 0, "source_resolution": [1280, 736], "steps": 4500, "text_box_loss_weight": 0.0, "text_box_min_conf": 55.0, "text_box_padding": 0, "text_box_sample_ratio": 0.0, "text_boxes": "0 boxes", "time_bands": 4, "train_resolution": "1280x736", "video_layout_mode": "none", "video_viewport_mode": "static", "viewport_pan": 0.0, "viewport_zoom": 0.0}
{
  "canvas_type": "time-conditioned-latent-feature-grid-learned-flow-mlp-glyph-weighted",
  "train_resolution": "1280x736",
  "steps": 4500,
  "batch_size": 131072,
  "channels": 16,
  "hidden": 96,
  "freq_bands": 8,
  "time_bands": 4,
  "lr": 0.01,
  "lr_schedule": "constant",
  "min_lr_ratio": 0.1,
  "grad_clip": 0.0,
  "seed": 0,
  "flow_scale": 0.0141,
  "motion_mode": "jiggle",
  "motion_strength": 0.0141,
  "video_viewport_mode": "static",
  "viewport_zoom": 0.0,
  "viewport_pan": 0.0,
  "video_layout_mode": "none",
  "layout_transform_strength": 0.0,
  "layout_transform_pan": 0.0,
  "layout_supersample": 1.0,
  "element_scale_ratio": 0.25,
  "element_anchor_padding": 3,
  "element_mask_mode": "rectangle",
  "element_anchor_mode": "line",
  "element_render_mode": "sequential",
  "element_line_count": 0,
  "min_ocr_similarity": 0.82,
  "min_motion_delta": 0.014,
  "edge_sample_ratio": 0.1,
  "edge_loss_weight": 1.0,
  "text_box_sample_ratio": 0.0,
  "text_box_loss_weight": 0.0,
  "text_box_padding": 0,
  "text_box_count": 0,
  "text_mask_coverage": 0.0,
  "element_alpha_coverage": 0.0,
  "compile_ms": 28270.51824,
  "final_mse": 0.000244466180447489,
  "losses": [
    {
      "step": 0,
      "mse": 0.22484827041625977
    },
    {
      "step": 225,
      "mse": 0.006903783418238163
    },
    {
      "step": 450,
      "mse": 0.001957689179107547
    },
    {
      "step": 675,
      "mse": 0.0011561685241758823
    },
    {
      "step": 900,
      "mse": 0.0009439126588404179
    },
    {
      "step": 1125,
      "mse": 0.007292226422578096
    },
    {
      "step": 1350,
      "mse": 0.000560066953767091
    },
    {
      "step": 1575,
      "mse": 0.0005592600209638476
    },
    {
      "step": 1800,
      "mse": 0.00042193682747893035
    },
    {
      "step": 2025,
      "mse": 0.0003882315941154957
    },
    {
      "step": 2250,
      "mse": 0.00041809561662375927
    },
    {
      "step": 2475,
      "mse": 0.0006014668033458292
    },
    {
      "step": 2700,
      "mse": 0.0004611095937434584
    },
    {
      "step": 2925,
      "mse": 0.00035002117510885
    },
    {
      "step": 3150,
      "mse": 0.0003821164427790791
    },
    {
      "step": 3375,
      "mse": 0.0003901674353983253
    },
    {
      "step": 3600,
      "mse": 0.0002804510877467692
    },
    {
      "step": 3825,
      "mse": 0.0002898142265621573
    },
    {
      "step": 4050,
      "mse": 0.00029229139909148216
    },
    {
      "step": 4275,
      "mse": 0.005324399098753929
    },
    {
      "step": 4499,
      "mse": 0.000244466180447489
    }
  ],
  "render_times": {
    "render-960.png": 16.005915999997455,
    "render-mid.png": 9.326495000003376,
    "render-last.png": 9.349673999999197,
    "render-512.png": 2.4085280000036846,
    "crop-2x.png": 9.248231000000828
  },
  "render_960_ms": 16.005915999997455,
  "render_33_wall_ms": 299.83525100000463,
  "encode_ms": 262.7596470000029,
  "resize_consistency": 0.9968513607859657,
  "temporal_consistency": 0.994765562005341,
  "motion_delta_model": 0.05659540742635727,
  "loop_error_model": 0.005234437994658947,
  "description": "C2-lite neural canvas: learned time-conditioned motion field with glyph-weighted sampling/loss",
  "run_id": "20260424T204146655839Z-c2-lite-glyph-c34-general-flow-0141-edge1-seed0-1280x736-s4500",
  "commit": "6a3ba1d",
  "track": "C",
  "width": 960,
  "height": 544,
  "frames": 33,
  "fps": 24,
  "artifacts": {
    "input": "/Users/dennisonbertram/Develop/flipbook-research/outputs/track-c/20260424T204146655839Z-c2-lite-glyph-c34-general-flow-0141-edge1-seed0-1280x736-s4500/input.png",
    "render_960": "/Users/dennisonbertram/Develop/flipbook-research/outputs/track-c/20260424T204146655839Z-c2-lite-glyph-c34-general-flow-0141-edge1-seed0-1280x736-s4500/render-960.png",
    "render_mid": "/Users/dennisonbertram/Develop/flipbook-research/outputs/track-c/20260424T204146655839Z-c2-lite-glyph-c34-general-flow-0141-edge1-seed0-1280x736-s4500/render-mid.png",
    "render_last": "/Users/dennisonbertram/Develop/flipbook-research/outputs/track-c/20260424T204146655839Z-c2-lite-glyph-c34-general-flow-0141-edge1-seed0-1280x736-s4500/render-last.png",
    "render_512": "/Users/dennisonbertram/Develop/flipbook-research/outputs/track-c/20260424T204146655839Z-c2-lite-glyph-c34-general-flow-0141-edge1-seed0-1280x736-s4500/render-512.png",
    "crop_2x": "/Users/dennisonbertram/Develop/flipbook-research/outputs/track-c/20260424T204146655839Z-c2-lite-glyph-c34-general-flow-0141-edge1-seed0-1280x736-s4500/crop-2x.png",
    "text_mask": "/Users/dennisonbertram/Develop/flipbook-research/outputs/track-c/20260424T204146655839Z-c2-lite-glyph-c34-general-flow-0141-edge1-seed0-1280x736-s4500/text-mask.png",
    "element_alpha_mask": "/Users/dennisonbertram/Develop/flipbook-research/outputs/track-c/20260424T204146655839Z-c2-lite-glyph-c34-general-flow-0141-edge1-seed0-1280x736-s4500/element-alpha-mask.png",
    "text_boxes": "/Users/dennisonbertram/Develop/flipbook-research/outputs/track-c/20260424T204146655839Z-c2-lite-glyph-c34-general-flow-0141-edge1-seed0-1280x736-s4500/text-boxes.json",
    "output": "/Users/dennisonbertram/Develop/flipbook-research/outputs/track-c/20260424T204146655839Z-c2-lite-glyph-c34-general-flow-0141-edge1-seed0-1280x736-s4500/output.mp4",
    "metrics": "/Users/dennisonbertram/Develop/flipbook-research/outputs/track-c/20260424T204146655839Z-c2-lite-glyph-c34-general-flow-0141-edge1-seed0-1280x736-s4500/metrics.json",
    "quality": "/Users/dennisonbertram/Develop/flipbook-research/outputs/track-c/20260424T204146655839Z-c2-lite-glyph-c34-general-flow-0141-edge1-seed0-1280x736-s4500/quality.json"
  },
  "ocr_similarity": 0.7818181818181819,
  "layout_similarity": 0.9968513607859657,
  "motion_delta": 0.03844635188579559,
  "loop_error": 0.0033356782514601946,
  "status": "near_miss"
}
DONE 20260424T204146655839Z-c2-lite-glyph-c34-general-flow-0141-edge1-seed0-1280x736-s4500 quality=0.7818 motion=0.0384
Stopping app - local entrypoint completed.
✓ App completed. View run at 
https://modal.com/apps/dennisonbertram/main/ap-nIUICcXpJ9wu2ltdaMaHb0
