✓ Initialized. View run at 
https://modal.com/apps/dennisonbertram/main/ap-2hrpj5BR211SXP3ezESISm
✓ Created objects.
├── 🔨 Created mount 
│   /Users/dennisonbertram/Develop/flipbook-research/scripts/track_c/modal_canva
│   s_c2_lite.py
└── 🔨 Created function train_and_render_motion.
START 20260424T194622697590Z-c2-lite-glyph-responsive-squeeze-c35-responsive-014-edge1-z006-1280x736-s4500 config={"batch_size": 131072, "channels": 16, "edge_loss_weight": 1.0, "edge_sample_ratio": 0.1, "element_anchor_mode": "line", "element_anchor_padding": 3, "element_mask_mode": "rectangle", "element_render_mode": "sequential", "element_scale_ratio": 0.25, "experiment_label": "c35-responsive-014-edge1-z006", "flow_scale": 0.014, "fps": 24, "frames": 33, "freq_bands": 8, "hidden": 96, "layout_transform_pan": 0.0, "layout_transform_strength": 0.0, "lr": 0.01, "min_motion_delta": 0.02, "min_ocr_similarity": 0.78, "motion_mode": "responsive-squeeze", "motion_strength": 0.014, "seed": 0, "source_resolution": [1280, 736], "steps": 4500, "text_box_loss_weight": 0.0, "text_box_min_conf": 55.0, "text_box_padding": 0, "text_box_sample_ratio": 0.0, "text_boxes": "0 boxes", "time_bands": 4, "train_resolution": "1280x736", "video_layout_mode": "none", "video_viewport_mode": "zoom-pulse", "viewport_pan": 0.012, "viewport_zoom": 0.06}
{
  "canvas_type": "time-conditioned-latent-feature-grid-learned-flow-mlp-glyph-weighted",
  "train_resolution": "1280x736",
  "steps": 4500,
  "batch_size": 131072,
  "channels": 16,
  "hidden": 96,
  "freq_bands": 8,
  "time_bands": 4,
  "lr": 0.01,
  "seed": 0,
  "flow_scale": 0.014,
  "motion_mode": "responsive-squeeze",
  "motion_strength": 0.014,
  "video_viewport_mode": "zoom-pulse",
  "viewport_zoom": 0.06,
  "viewport_pan": 0.012,
  "video_layout_mode": "none",
  "layout_transform_strength": 0.0,
  "layout_transform_pan": 0.0,
  "element_scale_ratio": 0.25,
  "element_anchor_padding": 3,
  "element_mask_mode": "rectangle",
  "element_anchor_mode": "line",
  "element_render_mode": "sequential",
  "element_line_count": 0,
  "min_ocr_similarity": 0.78,
  "min_motion_delta": 0.02,
  "edge_sample_ratio": 0.1,
  "edge_loss_weight": 1.0,
  "text_box_sample_ratio": 0.0,
  "text_box_loss_weight": 0.0,
  "text_box_padding": 0,
  "text_box_count": 0,
  "text_mask_coverage": 0.0,
  "element_alpha_coverage": 0.0,
  "compile_ms": 28362.10866,
  "final_mse": 4.425692168297246e-05,
  "losses": [
    {
      "step": 0,
      "mse": 0.22324885427951813
    },
    {
      "step": 225,
      "mse": 0.0011108870385214686
    },
    {
      "step": 450,
      "mse": 0.0003626140533015132
    },
    {
      "step": 675,
      "mse": 0.00021606768132187426
    },
    {
      "step": 900,
      "mse": 0.0002043886051978916
    },
    {
      "step": 1125,
      "mse": 0.00014799358905293047
    },
    {
      "step": 1350,
      "mse": 0.00012844213051721454
    },
    {
      "step": 1575,
      "mse": 0.00018300607916899025
    },
    {
      "step": 1800,
      "mse": 0.00010558548092376441
    },
    {
      "step": 2025,
      "mse": 7.975750486366451e-05
    },
    {
      "step": 2250,
      "mse": 7.375381392193958e-05
    },
    {
      "step": 2475,
      "mse": 0.00011317833559587598
    },
    {
      "step": 2700,
      "mse": 0.00010020819900091738
    },
    {
      "step": 2925,
      "mse": 6.781127012800425e-05
    },
    {
      "step": 3150,
      "mse": 8.132695802487433e-05
    },
    {
      "step": 3375,
      "mse": 5.870101085747592e-05
    },
    {
      "step": 3600,
      "mse": 5.171130032977089e-05
    },
    {
      "step": 3825,
      "mse": 4.6182089135982096e-05
    },
    {
      "step": 4050,
      "mse": 6.197117909323424e-05
    },
    {
      "step": 4275,
      "mse": 5.2889896323904395e-05
    },
    {
      "step": 4499,
      "mse": 4.425692168297246e-05
    }
  ],
  "render_times": {
    "render-960.png": 16.239678000005142,
    "render-mid.png": 9.416594000001055,
    "render-last.png": 9.4741769999942,
    "render-512.png": 2.4883869999996477,
    "crop-2x.png": 9.289078000001894,
    "render-viewport-mid.png": 9.464305000001616
  },
  "render_960_ms": 16.239678000005142,
  "render_33_wall_ms": 299.5456929999989,
  "encode_ms": 272.7925760000005,
  "resize_consistency": 0.9999614879838414,
  "temporal_consistency": 0.9989786484511569,
  "motion_delta_model": 0.06401859223842621,
  "loop_error_model": 0.0010213515488430858,
  "description": "C2-lite neural canvas: learned time-conditioned motion field with glyph-weighted sampling/loss",
  "run_id": "20260424T194622697590Z-c2-lite-glyph-responsive-squeeze-c35-responsive-014-edge1-z006-1280x736-s4500",
  "commit": "2e662e3",
  "track": "C",
  "width": 960,
  "height": 544,
  "frames": 33,
  "fps": 24,
  "artifacts": {
    "input": "/Users/dennisonbertram/Develop/flipbook-research/outputs/track-c/20260424T194622697590Z-c2-lite-glyph-responsive-squeeze-c35-responsive-014-edge1-z006-1280x736-s4500/input.png",
    "render_960": "/Users/dennisonbertram/Develop/flipbook-research/outputs/track-c/20260424T194622697590Z-c2-lite-glyph-responsive-squeeze-c35-responsive-014-edge1-z006-1280x736-s4500/render-960.png",
    "render_mid": "/Users/dennisonbertram/Develop/flipbook-research/outputs/track-c/20260424T194622697590Z-c2-lite-glyph-responsive-squeeze-c35-responsive-014-edge1-z006-1280x736-s4500/render-mid.png",
    "render_last": "/Users/dennisonbertram/Develop/flipbook-research/outputs/track-c/20260424T194622697590Z-c2-lite-glyph-responsive-squeeze-c35-responsive-014-edge1-z006-1280x736-s4500/render-last.png",
    "render_512": "/Users/dennisonbertram/Develop/flipbook-research/outputs/track-c/20260424T194622697590Z-c2-lite-glyph-responsive-squeeze-c35-responsive-014-edge1-z006-1280x736-s4500/render-512.png",
    "crop_2x": "/Users/dennisonbertram/Develop/flipbook-research/outputs/track-c/20260424T194622697590Z-c2-lite-glyph-responsive-squeeze-c35-responsive-014-edge1-z006-1280x736-s4500/crop-2x.png",
    "text_mask": "/Users/dennisonbertram/Develop/flipbook-research/outputs/track-c/20260424T194622697590Z-c2-lite-glyph-responsive-squeeze-c35-responsive-014-edge1-z006-1280x736-s4500/text-mask.png",
    "element_alpha_mask": "/Users/dennisonbertram/Develop/flipbook-research/outputs/track-c/20260424T194622697590Z-c2-lite-glyph-responsive-squeeze-c35-responsive-014-edge1-z006-1280x736-s4500/element-alpha-mask.png",
    "text_boxes": "/Users/dennisonbertram/Develop/flipbook-research/outputs/track-c/20260424T194622697590Z-c2-lite-glyph-responsive-squeeze-c35-responsive-014-edge1-z006-1280x736-s4500/text-boxes.json",
    "output": "/Users/dennisonbertram/Develop/flipbook-research/outputs/track-c/20260424T194622697590Z-c2-lite-glyph-responsive-squeeze-c35-responsive-014-edge1-z006-1280x736-s4500/output.mp4",
    "metrics": "/Users/dennisonbertram/Develop/flipbook-research/outputs/track-c/20260424T194622697590Z-c2-lite-glyph-responsive-squeeze-c35-responsive-014-edge1-z006-1280x736-s4500/metrics.json",
    "quality": "/Users/dennisonbertram/Develop/flipbook-research/outputs/track-c/20260424T194622697590Z-c2-lite-glyph-responsive-squeeze-c35-responsive-014-edge1-z006-1280x736-s4500/quality.json",
    "render_viewport_mid": "/Users/dennisonbertram/Develop/flipbook-research/outputs/track-c/20260424T194622697590Z-c2-lite-glyph-responsive-squeeze-c35-responsive-014-edge1-z006-1280x736-s4500/render-viewport-mid.png"
  },
  "ocr_similarity": 0.8597285067873303,
  "layout_similarity": 0.9999614879838414,
  "motion_delta": 0.041134294122457504,
  "loop_error": 0.0007453173748217523,
  "status": "pass"
}
DONE 20260424T194622697590Z-c2-lite-glyph-responsive-squeeze-c35-responsive-014-edge1-z006-1280x736-s4500 quality=0.8597 motion=0.0411
Stopping app - local entrypoint completed.
✓ App completed. View run at 
https://modal.com/apps/dennisonbertram/main/ap-2hrpj5BR211SXP3ezESISm
