✓ Initialized. View run at 
https://modal.com/apps/dennisonbertram/main/ap-D94nbS7z6ieC1tggGX0HMn
✓ Created objects.
├── 🔨 Created mount 
│   /Users/dennisonbertram/Develop/flipbook-research/scripts/track_c/modal_canva
│   s_c2_lite.py
└── 🔨 Created function train_and_render_motion.
START 20260424T194622643257Z-c2-lite-glyph-static-layout-frame-scale-c35-frame-scale-008-edge1-1280x736-s4500 config={"batch_size": 131072, "channels": 16, "edge_loss_weight": 1.0, "edge_sample_ratio": 0.1, "element_anchor_mode": "line", "element_anchor_padding": 3, "element_mask_mode": "rectangle", "element_render_mode": "sequential", "element_scale_ratio": 0.25, "experiment_label": "c35-frame-scale-008-edge1", "flow_scale": 0.014, "fps": 24, "frames": 33, "freq_bands": 8, "hidden": 96, "layout_transform_pan": 0.018, "layout_transform_strength": 0.08, "lr": 0.01, "min_motion_delta": 0.04, "min_ocr_similarity": 0.62, "motion_mode": "static", "motion_strength": 0.0, "seed": 0, "source_resolution": [1280, 736], "steps": 4500, "text_box_loss_weight": 0.0, "text_box_min_conf": 55.0, "text_box_padding": 0, "text_box_sample_ratio": 0.0, "text_boxes": "0 boxes", "time_bands": 4, "train_resolution": "1280x736", "video_layout_mode": "frame-scale", "video_viewport_mode": "static", "viewport_pan": 0.0, "viewport_zoom": 0.0}
{
  "canvas_type": "time-conditioned-latent-feature-grid-learned-flow-mlp-glyph-weighted",
  "train_resolution": "1280x736",
  "steps": 4500,
  "batch_size": 131072,
  "channels": 16,
  "hidden": 96,
  "freq_bands": 8,
  "time_bands": 4,
  "lr": 0.01,
  "seed": 0,
  "flow_scale": 0.014,
  "motion_mode": "static",
  "motion_strength": 0.0,
  "video_viewport_mode": "static",
  "viewport_zoom": 0.0,
  "viewport_pan": 0.0,
  "video_layout_mode": "frame-scale",
  "layout_transform_strength": 0.08,
  "layout_transform_pan": 0.018,
  "element_scale_ratio": 0.25,
  "element_anchor_padding": 3,
  "element_mask_mode": "rectangle",
  "element_anchor_mode": "line",
  "element_render_mode": "sequential",
  "element_line_count": 0,
  "min_ocr_similarity": 0.62,
  "min_motion_delta": 0.04,
  "edge_sample_ratio": 0.1,
  "edge_loss_weight": 1.0,
  "text_box_sample_ratio": 0.0,
  "text_box_loss_weight": 0.0,
  "text_box_padding": 0,
  "text_box_count": 0,
  "text_mask_coverage": 0.0,
  "element_alpha_coverage": 0.0,
  "compile_ms": 28006.952632999997,
  "final_mse": 3.059670234506484e-06,
  "losses": [
    {
      "step": 0,
      "mse": 0.22722932696342468
    },
    {
      "step": 225,
      "mse": 0.0006948549998924136
    },
    {
      "step": 450,
      "mse": 0.00018342843395657837
    },
    {
      "step": 675,
      "mse": 0.00011899435776285827
    },
    {
      "step": 900,
      "mse": 4.576894571073353e-05
    },
    {
      "step": 1125,
      "mse": 3.9731294236844406e-05
    },
    {
      "step": 1350,
      "mse": 3.2883977837627754e-05
    },
    {
      "step": 1575,
      "mse": 3.740271495189518e-05
    },
    {
      "step": 1800,
      "mse": 0.007278251461684704
    },
    {
      "step": 2025,
      "mse": 7.340128649957478e-05
    },
    {
      "step": 2250,
      "mse": 4.603013803716749e-05
    },
    {
      "step": 2475,
      "mse": 2.8069593099644408e-05
    },
    {
      "step": 2700,
      "mse": 1.8688906493480317e-05
    },
    {
      "step": 2925,
      "mse": 2.4026223400142044e-05
    },
    {
      "step": 3150,
      "mse": 1.4311115592136048e-05
    },
    {
      "step": 3375,
      "mse": 9.431156286154874e-06
    },
    {
      "step": 3600,
      "mse": 2.422722718620207e-05
    },
    {
      "step": 3825,
      "mse": 1.8108024960383773e-05
    },
    {
      "step": 4050,
      "mse": 7.24751953384839e-06
    },
    {
      "step": 4275,
      "mse": 6.213082087924704e-06
    },
    {
      "step": 4499,
      "mse": 3.059670234506484e-06
    }
  ],
  "render_times": {
    "render-960.png": 15.504706000001534,
    "render-mid.png": 9.362633999998593,
    "render-last.png": 9.346407000002444,
    "render-512.png": 2.4256479999991143,
    "crop-2x.png": 9.272090000003175,
    "render-layout-mid.png": 25.444982999999866
  },
  "render_960_ms": 15.504706000001534,
  "render_33_wall_ms": 302.14936200000153,
  "encode_ms": 253.2329450000006,
  "resize_consistency": 0.9999528448822772,
  "temporal_consistency": 0.9999998417219587,
  "motion_delta_model": 0.06644774973392487,
  "loop_error_model": 1.582780413400542e-07,
  "description": "C2-lite neural canvas: learned time-conditioned motion field with glyph-weighted sampling/loss",
  "run_id": "20260424T194622643257Z-c2-lite-glyph-static-layout-frame-scale-c35-frame-scale-008-edge1-1280x736-s4500",
  "commit": "2e662e3",
  "track": "C",
  "width": 960,
  "height": 544,
  "frames": 33,
  "fps": 24,
  "artifacts": {
    "input": "/Users/dennisonbertram/Develop/flipbook-research/outputs/track-c/20260424T194622643257Z-c2-lite-glyph-static-layout-frame-scale-c35-frame-scale-008-edge1-1280x736-s4500/input.png",
    "render_960": "/Users/dennisonbertram/Develop/flipbook-research/outputs/track-c/20260424T194622643257Z-c2-lite-glyph-static-layout-frame-scale-c35-frame-scale-008-edge1-1280x736-s4500/render-960.png",
    "render_mid": "/Users/dennisonbertram/Develop/flipbook-research/outputs/track-c/20260424T194622643257Z-c2-lite-glyph-static-layout-frame-scale-c35-frame-scale-008-edge1-1280x736-s4500/render-mid.png",
    "render_last": "/Users/dennisonbertram/Develop/flipbook-research/outputs/track-c/20260424T194622643257Z-c2-lite-glyph-static-layout-frame-scale-c35-frame-scale-008-edge1-1280x736-s4500/render-last.png",
    "render_512": "/Users/dennisonbertram/Develop/flipbook-research/outputs/track-c/20260424T194622643257Z-c2-lite-glyph-static-layout-frame-scale-c35-frame-scale-008-edge1-1280x736-s4500/render-512.png",
    "crop_2x": "/Users/dennisonbertram/Develop/flipbook-research/outputs/track-c/20260424T194622643257Z-c2-lite-glyph-static-layout-frame-scale-c35-frame-scale-008-edge1-1280x736-s4500/crop-2x.png",
    "text_mask": "/Users/dennisonbertram/Develop/flipbook-research/outputs/track-c/20260424T194622643257Z-c2-lite-glyph-static-layout-frame-scale-c35-frame-scale-008-edge1-1280x736-s4500/text-mask.png",
    "element_alpha_mask": "/Users/dennisonbertram/Develop/flipbook-research/outputs/track-c/20260424T194622643257Z-c2-lite-glyph-static-layout-frame-scale-c35-frame-scale-008-edge1-1280x736-s4500/element-alpha-mask.png",
    "text_boxes": "/Users/dennisonbertram/Develop/flipbook-research/outputs/track-c/20260424T194622643257Z-c2-lite-glyph-static-layout-frame-scale-c35-frame-scale-008-edge1-1280x736-s4500/text-boxes.json",
    "output": "/Users/dennisonbertram/Develop/flipbook-research/outputs/track-c/20260424T194622643257Z-c2-lite-glyph-static-layout-frame-scale-c35-frame-scale-008-edge1-1280x736-s4500/output.mp4",
    "metrics": "/Users/dennisonbertram/Develop/flipbook-research/outputs/track-c/20260424T194622643257Z-c2-lite-glyph-static-layout-frame-scale-c35-frame-scale-008-edge1-1280x736-s4500/metrics.json",
    "quality": "/Users/dennisonbertram/Develop/flipbook-research/outputs/track-c/20260424T194622643257Z-c2-lite-glyph-static-layout-frame-scale-c35-frame-scale-008-edge1-1280x736-s4500/quality.json",
    "render_layout_mid": "/Users/dennisonbertram/Develop/flipbook-research/outputs/track-c/20260424T194622643257Z-c2-lite-glyph-static-layout-frame-scale-c35-frame-scale-008-edge1-1280x736-s4500/render-layout-mid.png"
  },
  "ocr_similarity": 0.7557603686635944,
  "layout_similarity": 0.9999528448822772,
  "motion_delta": 0.047019489109516144,
  "loop_error": 0.0015057643176987767,
  "status": "pass"
}
DONE 20260424T194622643257Z-c2-lite-glyph-static-layout-frame-scale-c35-frame-scale-008-edge1-1280x736-s4500 quality=0.7558 motion=0.0470
Stopping app - local entrypoint completed.
✓ App completed. View run at 
https://modal.com/apps/dennisonbertram/main/ap-D94nbS7z6ieC1tggGX0HMn
