✓ Initialized. View run at 
https://modal.com/apps/dennisonbertram/main/ap-EcIawwEL5icLWB5hIFk5wV
✓ Created objects.
├── 🔨 Created mount 
│   /Users/dennisonbertram/Develop/flipbook-research/scripts/track_c/modal_canva
│   s_c2_lite.py
└── 🔨 Created function train_and_render_motion.
START 20260424T194622953055Z-c2-lite-glyph-static-layout-frame-scale-c35-frame-scale-012-edge09-1280x736-s4500 config={"batch_size": 131072, "channels": 16, "edge_loss_weight": 0.9, "edge_sample_ratio": 0.09, "element_anchor_mode": "line", "element_anchor_padding": 3, "element_mask_mode": "rectangle", "element_render_mode": "sequential", "element_scale_ratio": 0.25, "experiment_label": "c35-frame-scale-012-edge09", "flow_scale": 0.014, "fps": 24, "frames": 33, "freq_bands": 8, "hidden": 96, "layout_transform_pan": 0.024, "layout_transform_strength": 0.12, "lr": 0.01, "min_motion_delta": 0.04, "min_ocr_similarity": 0.52, "motion_mode": "static", "motion_strength": 0.0, "seed": 0, "source_resolution": [1280, 736], "steps": 4500, "text_box_loss_weight": 0.0, "text_box_min_conf": 55.0, "text_box_padding": 0, "text_box_sample_ratio": 0.0, "text_boxes": "0 boxes", "time_bands": 4, "train_resolution": "1280x736", "video_layout_mode": "frame-scale", "video_viewport_mode": "static", "viewport_pan": 0.0, "viewport_zoom": 0.0}
{
  "canvas_type": "time-conditioned-latent-feature-grid-learned-flow-mlp-glyph-weighted",
  "train_resolution": "1280x736",
  "steps": 4500,
  "batch_size": 131072,
  "channels": 16,
  "hidden": 96,
  "freq_bands": 8,
  "time_bands": 4,
  "lr": 0.01,
  "seed": 0,
  "flow_scale": 0.014,
  "motion_mode": "static",
  "motion_strength": 0.0,
  "video_viewport_mode": "static",
  "viewport_zoom": 0.0,
  "viewport_pan": 0.0,
  "video_layout_mode": "frame-scale",
  "layout_transform_strength": 0.12,
  "layout_transform_pan": 0.024,
  "element_scale_ratio": 0.25,
  "element_anchor_padding": 3,
  "element_mask_mode": "rectangle",
  "element_anchor_mode": "line",
  "element_render_mode": "sequential",
  "element_line_count": 0,
  "min_ocr_similarity": 0.52,
  "min_motion_delta": 0.04,
  "edge_sample_ratio": 0.09,
  "edge_loss_weight": 0.9,
  "text_box_sample_ratio": 0.0,
  "text_box_loss_weight": 0.0,
  "text_box_padding": 0,
  "text_box_count": 0,
  "text_mask_coverage": 0.0,
  "element_alpha_coverage": 0.0,
  "compile_ms": 28007.038780000003,
  "final_mse": 4.434652510099113e-06,
  "losses": [
    {
      "step": 0,
      "mse": 0.22562740743160248
    },
    {
      "step": 225,
      "mse": 0.0008201261516660452
    },
    {
      "step": 450,
      "mse": 0.00013139491784386337
    },
    {
      "step": 675,
      "mse": 7.057625043671578e-05
    },
    {
      "step": 900,
      "mse": 0.0013265043962746859
    },
    {
      "step": 1125,
      "mse": 4.191723564872518e-05
    },
    {
      "step": 1350,
      "mse": 2.1180734620429575e-05
    },
    {
      "step": 1575,
      "mse": 1.169721690530423e-05
    },
    {
      "step": 1800,
      "mse": 1.4052204278414138e-05
    },
    {
      "step": 2025,
      "mse": 1.0099740393343382e-05
    },
    {
      "step": 2250,
      "mse": 1.0346311682951637e-05
    },
    {
      "step": 2475,
      "mse": 0.00011956349771935493
    },
    {
      "step": 2700,
      "mse": 3.174163066432811e-05
    },
    {
      "step": 2925,
      "mse": 1.5787249139975756e-05
    },
    {
      "step": 3150,
      "mse": 1.1798649211414158e-05
    },
    {
      "step": 3375,
      "mse": 7.960205039125867e-06
    },
    {
      "step": 3600,
      "mse": 6.406624379451387e-06
    },
    {
      "step": 3825,
      "mse": 7.719769200775772e-06
    },
    {
      "step": 4050,
      "mse": 5.420790330390446e-06
    },
    {
      "step": 4275,
      "mse": 5.2468367357505485e-06
    },
    {
      "step": 4499,
      "mse": 4.434652510099113e-06
    }
  ],
  "render_times": {
    "render-960.png": 14.820540999998855,
    "render-mid.png": 9.492496000000017,
    "render-last.png": 9.505818000000943,
    "render-512.png": 2.6241729999938457,
    "crop-2x.png": 9.30543899999492,
    "render-layout-mid.png": 23.83638499999563
  },
  "render_960_ms": 14.820540999998855,
  "render_33_wall_ms": 302.0402209999986,
  "encode_ms": 256.573594999999,
  "resize_consistency": 0.9999517168443233,
  "temporal_consistency": 0.9999998679020052,
  "motion_delta_model": 0.07364878803491592,
  "loop_error_model": 1.320979947649903e-07,
  "description": "C2-lite neural canvas: learned time-conditioned motion field with glyph-weighted sampling/loss",
  "run_id": "20260424T194622953055Z-c2-lite-glyph-static-layout-frame-scale-c35-frame-scale-012-edge09-1280x736-s4500",
  "commit": "2e662e3",
  "track": "C",
  "width": 960,
  "height": 544,
  "frames": 33,
  "fps": 24,
  "artifacts": {
    "input": "/Users/dennisonbertram/Develop/flipbook-research/outputs/track-c/20260424T194622953055Z-c2-lite-glyph-static-layout-frame-scale-c35-frame-scale-012-edge09-1280x736-s4500/input.png",
    "render_960": "/Users/dennisonbertram/Develop/flipbook-research/outputs/track-c/20260424T194622953055Z-c2-lite-glyph-static-layout-frame-scale-c35-frame-scale-012-edge09-1280x736-s4500/render-960.png",
    "render_mid": "/Users/dennisonbertram/Develop/flipbook-research/outputs/track-c/20260424T194622953055Z-c2-lite-glyph-static-layout-frame-scale-c35-frame-scale-012-edge09-1280x736-s4500/render-mid.png",
    "render_last": "/Users/dennisonbertram/Develop/flipbook-research/outputs/track-c/20260424T194622953055Z-c2-lite-glyph-static-layout-frame-scale-c35-frame-scale-012-edge09-1280x736-s4500/render-last.png",
    "render_512": "/Users/dennisonbertram/Develop/flipbook-research/outputs/track-c/20260424T194622953055Z-c2-lite-glyph-static-layout-frame-scale-c35-frame-scale-012-edge09-1280x736-s4500/render-512.png",
    "crop_2x": "/Users/dennisonbertram/Develop/flipbook-research/outputs/track-c/20260424T194622953055Z-c2-lite-glyph-static-layout-frame-scale-c35-frame-scale-012-edge09-1280x736-s4500/crop-2x.png",
    "text_mask": "/Users/dennisonbertram/Develop/flipbook-research/outputs/track-c/20260424T194622953055Z-c2-lite-glyph-static-layout-frame-scale-c35-frame-scale-012-edge09-1280x736-s4500/text-mask.png",
    "element_alpha_mask": "/Users/dennisonbertram/Develop/flipbook-research/outputs/track-c/20260424T194622953055Z-c2-lite-glyph-static-layout-frame-scale-c35-frame-scale-012-edge09-1280x736-s4500/element-alpha-mask.png",
    "text_boxes": "/Users/dennisonbertram/Develop/flipbook-research/outputs/track-c/20260424T194622953055Z-c2-lite-glyph-static-layout-frame-scale-c35-frame-scale-012-edge09-1280x736-s4500/text-boxes.json",
    "output": "/Users/dennisonbertram/Develop/flipbook-research/outputs/track-c/20260424T194622953055Z-c2-lite-glyph-static-layout-frame-scale-c35-frame-scale-012-edge09-1280x736-s4500/output.mp4",
    "metrics": "/Users/dennisonbertram/Develop/flipbook-research/outputs/track-c/20260424T194622953055Z-c2-lite-glyph-static-layout-frame-scale-c35-frame-scale-012-edge09-1280x736-s4500/metrics.json",
    "quality": "/Users/dennisonbertram/Develop/flipbook-research/outputs/track-c/20260424T194622953055Z-c2-lite-glyph-static-layout-frame-scale-c35-frame-scale-012-edge09-1280x736-s4500/quality.json",
    "render_layout_mid": "/Users/dennisonbertram/Develop/flipbook-research/outputs/track-c/20260424T194622953055Z-c2-lite-glyph-static-layout-frame-scale-c35-frame-scale-012-edge09-1280x736-s4500/render-layout-mid.png"
  },
  "ocr_similarity": 0.6635944700460829,
  "layout_similarity": 0.9999517168443233,
  "motion_delta": 0.05673811584711075,
  "loop_error": 0.0014815571485087276,
  "status": "pass"
}
DONE 20260424T194622953055Z-c2-lite-glyph-static-layout-frame-scale-c35-frame-scale-012-edge09-1280x736-s4500 quality=0.6636 motion=0.0567
Stopping app - local entrypoint completed.
✓ App completed. View run at 
https://modal.com/apps/dennisonbertram/main/ap-EcIawwEL5icLWB5hIFk5wV
