✓ Initialized. View run at 
https://modal.com/apps/dennisonbertram/main/ap-TA8NRQP6wzkHWwLDRxue7R
✓ Created objects.
├── 🔨 Created mount 
│   /Users/dennisonbertram/Develop/flipbook-research/scripts/track_c/modal_canva
│   s_c2_lite.py
└── 🔨 Created function train_and_render_motion.
START 20260424T194622999636Z-c2-lite-glyph-jiggle-c35-viewport-014-edge1-z014-1280x736-s4500 config={"batch_size": 131072, "channels": 16, "edge_loss_weight": 1.0, "edge_sample_ratio": 0.1, "element_anchor_mode": "line", "element_anchor_padding": 3, "element_mask_mode": "rectangle", "element_render_mode": "sequential", "element_scale_ratio": 0.25, "experiment_label": "c35-viewport-014-edge1-z014", "flow_scale": 0.014, "fps": 24, "frames": 33, "freq_bands": 8, "hidden": 96, "layout_transform_pan": 0.0, "layout_transform_strength": 0.0, "lr": 0.01, "min_motion_delta": 0.03, "min_ocr_similarity": 0.7, "motion_mode": "jiggle", "motion_strength": 0.014, "seed": 0, "source_resolution": [1280, 736], "steps": 4500, "text_box_loss_weight": 0.0, "text_box_min_conf": 55.0, "text_box_padding": 0, "text_box_sample_ratio": 0.0, "text_boxes": "0 boxes", "time_bands": 4, "train_resolution": "1280x736", "video_layout_mode": "none", "video_viewport_mode": "zoom-pulse", "viewport_pan": 0.024, "viewport_zoom": 0.14}
{
  "canvas_type": "time-conditioned-latent-feature-grid-learned-flow-mlp-glyph-weighted",
  "train_resolution": "1280x736",
  "steps": 4500,
  "batch_size": 131072,
  "channels": 16,
  "hidden": 96,
  "freq_bands": 8,
  "time_bands": 4,
  "lr": 0.01,
  "seed": 0,
  "flow_scale": 0.014,
  "motion_mode": "jiggle",
  "motion_strength": 0.014,
  "video_viewport_mode": "zoom-pulse",
  "viewport_zoom": 0.14,
  "viewport_pan": 0.024,
  "video_layout_mode": "none",
  "layout_transform_strength": 0.0,
  "layout_transform_pan": 0.0,
  "element_scale_ratio": 0.25,
  "element_anchor_padding": 3,
  "element_mask_mode": "rectangle",
  "element_anchor_mode": "line",
  "element_render_mode": "sequential",
  "element_line_count": 0,
  "min_ocr_similarity": 0.7,
  "min_motion_delta": 0.03,
  "edge_sample_ratio": 0.1,
  "edge_loss_weight": 1.0,
  "text_box_sample_ratio": 0.0,
  "text_box_loss_weight": 0.0,
  "text_box_padding": 0,
  "text_box_count": 0,
  "text_mask_coverage": 0.0,
  "element_alpha_coverage": 0.0,
  "compile_ms": 25315.24938,
  "final_mse": 0.00029883586103096604,
  "losses": [
    {
      "step": 0,
      "mse": 0.22482682764530182
    },
    {
      "step": 225,
      "mse": 0.00840920303016901
    },
    {
      "step": 450,
      "mse": 0.0017169448547065258
    },
    {
      "step": 675,
      "mse": 0.0011582807637751102
    },
    {
      "step": 900,
      "mse": 0.0008029633900150657
    },
    {
      "step": 1125,
      "mse": 0.0006230538128875196
    },
    {
      "step": 1350,
      "mse": 0.0005323081859387457
    },
    {
      "step": 1575,
      "mse": 0.0006043508183211088
    },
    {
      "step": 1800,
      "mse": 0.0004042231012135744
    },
    {
      "step": 2025,
      "mse": 0.00042345531983301044
    },
    {
      "step": 2250,
      "mse": 0.0004055308527313173
    },
    {
      "step": 2475,
      "mse": 0.0003546109946910292
    },
    {
      "step": 2700,
      "mse": 0.00034007104113698006
    },
    {
      "step": 2925,
      "mse": 0.00037974168662913144
    },
    {
      "step": 3150,
      "mse": 0.0002821273519657552
    },
    {
      "step": 3375,
      "mse": 0.00038090068846940994
    },
    {
      "step": 3600,
      "mse": 0.000366059597581625
    },
    {
      "step": 3825,
      "mse": 0.000290828465949744
    },
    {
      "step": 4050,
      "mse": 0.00027065741596743464
    },
    {
      "step": 4275,
      "mse": 0.00029789801919832826
    },
    {
      "step": 4499,
      "mse": 0.00029883586103096604
    }
  ],
  "render_times": {
    "render-960.png": 13.849395000001152,
    "render-mid.png": 8.066120000002286,
    "render-last.png": 8.184107999998247,
    "render-512.png": 2.283667999996908,
    "crop-2x.png": 8.00785599999898,
    "render-viewport-mid.png": 8.068549000000758
  },
  "render_960_ms": 13.849395000001152,
  "render_33_wall_ms": 257.7009140000008,
  "encode_ms": 263.68528900000143,
  "resize_consistency": 0.9969033321863136,
  "temporal_consistency": 0.9967590735759586,
  "motion_delta_model": 0.07834383100271225,
  "loop_error_model": 0.0032409264240413904,
  "description": "C2-lite neural canvas: learned time-conditioned motion field with glyph-weighted sampling/loss",
  "run_id": "20260424T194622999636Z-c2-lite-glyph-jiggle-c35-viewport-014-edge1-z014-1280x736-s4500",
  "commit": "2e662e3",
  "track": "C",
  "width": 960,
  "height": 544,
  "frames": 33,
  "fps": 24,
  "artifacts": {
    "input": "/Users/dennisonbertram/Develop/flipbook-research/outputs/track-c/20260424T194622999636Z-c2-lite-glyph-jiggle-c35-viewport-014-edge1-z014-1280x736-s4500/input.png",
    "render_960": "/Users/dennisonbertram/Develop/flipbook-research/outputs/track-c/20260424T194622999636Z-c2-lite-glyph-jiggle-c35-viewport-014-edge1-z014-1280x736-s4500/render-960.png",
    "render_mid": "/Users/dennisonbertram/Develop/flipbook-research/outputs/track-c/20260424T194622999636Z-c2-lite-glyph-jiggle-c35-viewport-014-edge1-z014-1280x736-s4500/render-mid.png",
    "render_last": "/Users/dennisonbertram/Develop/flipbook-research/outputs/track-c/20260424T194622999636Z-c2-lite-glyph-jiggle-c35-viewport-014-edge1-z014-1280x736-s4500/render-last.png",
    "render_512": "/Users/dennisonbertram/Develop/flipbook-research/outputs/track-c/20260424T194622999636Z-c2-lite-glyph-jiggle-c35-viewport-014-edge1-z014-1280x736-s4500/render-512.png",
    "crop_2x": "/Users/dennisonbertram/Develop/flipbook-research/outputs/track-c/20260424T194622999636Z-c2-lite-glyph-jiggle-c35-viewport-014-edge1-z014-1280x736-s4500/crop-2x.png",
    "text_mask": "/Users/dennisonbertram/Develop/flipbook-research/outputs/track-c/20260424T194622999636Z-c2-lite-glyph-jiggle-c35-viewport-014-edge1-z014-1280x736-s4500/text-mask.png",
    "element_alpha_mask": "/Users/dennisonbertram/Develop/flipbook-research/outputs/track-c/20260424T194622999636Z-c2-lite-glyph-jiggle-c35-viewport-014-edge1-z014-1280x736-s4500/element-alpha-mask.png",
    "text_boxes": "/Users/dennisonbertram/Develop/flipbook-research/outputs/track-c/20260424T194622999636Z-c2-lite-glyph-jiggle-c35-viewport-014-edge1-z014-1280x736-s4500/text-boxes.json",
    "output": "/Users/dennisonbertram/Develop/flipbook-research/outputs/track-c/20260424T194622999636Z-c2-lite-glyph-jiggle-c35-viewport-014-edge1-z014-1280x736-s4500/output.mp4",
    "metrics": "/Users/dennisonbertram/Develop/flipbook-research/outputs/track-c/20260424T194622999636Z-c2-lite-glyph-jiggle-c35-viewport-014-edge1-z014-1280x736-s4500/metrics.json",
    "quality": "/Users/dennisonbertram/Develop/flipbook-research/outputs/track-c/20260424T194622999636Z-c2-lite-glyph-jiggle-c35-viewport-014-edge1-z014-1280x736-s4500/quality.json",
    "render_viewport_mid": "/Users/dennisonbertram/Develop/flipbook-research/outputs/track-c/20260424T194622999636Z-c2-lite-glyph-jiggle-c35-viewport-014-edge1-z014-1280x736-s4500/render-viewport-mid.png"
  },
  "ocr_similarity": 0.8663594470046083,
  "layout_similarity": 0.9969033321863136,
  "motion_delta": 0.0608234629034996,
  "loop_error": 0.0017264661146327853,
  "status": "pass"
}
DONE 20260424T194622999636Z-c2-lite-glyph-jiggle-c35-viewport-014-edge1-z014-1280x736-s4500 quality=0.8664 motion=0.0608
Stopping app - local entrypoint completed.
✓ App completed. View run at 
https://modal.com/apps/dennisonbertram/main/ap-TA8NRQP6wzkHWwLDRxue7R
