✓ Initialized. View run at 
https://modal.com/apps/dennisonbertram/main/ap-LYzAsHzInrOa8nIYHL8iVv
✓ Created objects.
├── 🔨 Created mount 
│   /Users/dennisonbertram/Develop/flipbook-research/scripts/track_c/modal_canva
│   s_c2_lite.py
└── 🔨 Created function train_and_render_motion.
START 20260424T194623277460Z-c2-lite-glyph-jiggle-c35-viewport-014-edge1-z010-1280x736-s4500 config={"batch_size": 131072, "channels": 16, "edge_loss_weight": 1.0, "edge_sample_ratio": 0.1, "element_anchor_mode": "line", "element_anchor_padding": 3, "element_mask_mode": "rectangle", "element_render_mode": "sequential", "element_scale_ratio": 0.25, "experiment_label": "c35-viewport-014-edge1-z010", "flow_scale": 0.014, "fps": 24, "frames": 33, "freq_bands": 8, "hidden": 96, "layout_transform_pan": 0.0, "layout_transform_strength": 0.0, "lr": 0.01, "min_motion_delta": 0.025, "min_ocr_similarity": 0.74, "motion_mode": "jiggle", "motion_strength": 0.014, "seed": 0, "source_resolution": [1280, 736], "steps": 4500, "text_box_loss_weight": 0.0, "text_box_min_conf": 55.0, "text_box_padding": 0, "text_box_sample_ratio": 0.0, "text_boxes": "0 boxes", "time_bands": 4, "train_resolution": "1280x736", "video_layout_mode": "none", "video_viewport_mode": "zoom-pulse", "viewport_pan": 0.018, "viewport_zoom": 0.1}
{
  "canvas_type": "time-conditioned-latent-feature-grid-learned-flow-mlp-glyph-weighted",
  "train_resolution": "1280x736",
  "steps": 4500,
  "batch_size": 131072,
  "channels": 16,
  "hidden": 96,
  "freq_bands": 8,
  "time_bands": 4,
  "lr": 0.01,
  "seed": 0,
  "flow_scale": 0.014,
  "motion_mode": "jiggle",
  "motion_strength": 0.014,
  "video_viewport_mode": "zoom-pulse",
  "viewport_zoom": 0.1,
  "viewport_pan": 0.018,
  "video_layout_mode": "none",
  "layout_transform_strength": 0.0,
  "layout_transform_pan": 0.0,
  "element_scale_ratio": 0.25,
  "element_anchor_padding": 3,
  "element_mask_mode": "rectangle",
  "element_anchor_mode": "line",
  "element_render_mode": "sequential",
  "element_line_count": 0,
  "min_ocr_similarity": 0.74,
  "min_motion_delta": 0.025,
  "edge_sample_ratio": 0.1,
  "edge_loss_weight": 1.0,
  "text_box_sample_ratio": 0.0,
  "text_box_loss_weight": 0.0,
  "text_box_padding": 0,
  "text_box_count": 0,
  "text_mask_coverage": 0.0,
  "element_alpha_coverage": 0.0,
  "compile_ms": 28295.495529999997,
  "final_mse": 0.0003106744843535125,
  "losses": [
    {
      "step": 0,
      "mse": 0.22482328116893768
    },
    {
      "step": 225,
      "mse": 0.00934954546391964
    },
    {
      "step": 450,
      "mse": 0.0030561976600438356
    },
    {
      "step": 675,
      "mse": 0.0015350234461948276
    },
    {
      "step": 900,
      "mse": 0.0010352337267249823
    },
    {
      "step": 1125,
      "mse": 0.0008003466064110398
    },
    {
      "step": 1350,
      "mse": 0.0005878634401597083
    },
    {
      "step": 1575,
      "mse": 0.0006307727308012545
    },
    {
      "step": 1800,
      "mse": 0.0004809963866136968
    },
    {
      "step": 2025,
      "mse": 0.00044651859207078815
    },
    {
      "step": 2250,
      "mse": 0.0005489506293088198
    },
    {
      "step": 2475,
      "mse": 0.00042194713023491204
    },
    {
      "step": 2700,
      "mse": 0.00037797351251356304
    },
    {
      "step": 2925,
      "mse": 0.0009912580717355013
    },
    {
      "step": 3150,
      "mse": 0.00042524811578914523
    },
    {
      "step": 3375,
      "mse": 0.0004053196171298623
    },
    {
      "step": 3600,
      "mse": 0.0004893066361546516
    },
    {
      "step": 3825,
      "mse": 0.00027785764541476965
    },
    {
      "step": 4050,
      "mse": 0.00037391152000054717
    },
    {
      "step": 4275,
      "mse": 0.00036283425288274884
    },
    {
      "step": 4499,
      "mse": 0.0003106744843535125
    }
  ],
  "render_times": {
    "render-960.png": 16.287364000000082,
    "render-mid.png": 9.6801310000032,
    "render-last.png": 9.657840999999223,
    "render-512.png": 2.7973919999979557,
    "crop-2x.png": 9.592368999996381,
    "render-viewport-mid.png": 9.640248999993162
  },
  "render_960_ms": 16.287364000000082,
  "render_33_wall_ms": 299.9581219999996,
  "encode_ms": 261.64523599999967,
  "resize_consistency": 0.9968155692165424,
  "temporal_consistency": 0.9973163111135364,
  "motion_delta_model": 0.07281139492988586,
  "loop_error_model": 0.002683688886463642,
  "description": "C2-lite neural canvas: learned time-conditioned motion field with glyph-weighted sampling/loss",
  "run_id": "20260424T194623277460Z-c2-lite-glyph-jiggle-c35-viewport-014-edge1-z010-1280x736-s4500",
  "commit": "2e662e3",
  "track": "C",
  "width": 960,
  "height": 544,
  "frames": 33,
  "fps": 24,
  "artifacts": {
    "input": "/Users/dennisonbertram/Develop/flipbook-research/outputs/track-c/20260424T194623277460Z-c2-lite-glyph-jiggle-c35-viewport-014-edge1-z010-1280x736-s4500/input.png",
    "render_960": "/Users/dennisonbertram/Develop/flipbook-research/outputs/track-c/20260424T194623277460Z-c2-lite-glyph-jiggle-c35-viewport-014-edge1-z010-1280x736-s4500/render-960.png",
    "render_mid": "/Users/dennisonbertram/Develop/flipbook-research/outputs/track-c/20260424T194623277460Z-c2-lite-glyph-jiggle-c35-viewport-014-edge1-z010-1280x736-s4500/render-mid.png",
    "render_last": "/Users/dennisonbertram/Develop/flipbook-research/outputs/track-c/20260424T194623277460Z-c2-lite-glyph-jiggle-c35-viewport-014-edge1-z010-1280x736-s4500/render-last.png",
    "render_512": "/Users/dennisonbertram/Develop/flipbook-research/outputs/track-c/20260424T194623277460Z-c2-lite-glyph-jiggle-c35-viewport-014-edge1-z010-1280x736-s4500/render-512.png",
    "crop_2x": "/Users/dennisonbertram/Develop/flipbook-research/outputs/track-c/20260424T194623277460Z-c2-lite-glyph-jiggle-c35-viewport-014-edge1-z010-1280x736-s4500/crop-2x.png",
    "text_mask": "/Users/dennisonbertram/Develop/flipbook-research/outputs/track-c/20260424T194623277460Z-c2-lite-glyph-jiggle-c35-viewport-014-edge1-z010-1280x736-s4500/text-mask.png",
    "element_alpha_mask": "/Users/dennisonbertram/Develop/flipbook-research/outputs/track-c/20260424T194623277460Z-c2-lite-glyph-jiggle-c35-viewport-014-edge1-z010-1280x736-s4500/element-alpha-mask.png",
    "text_boxes": "/Users/dennisonbertram/Develop/flipbook-research/outputs/track-c/20260424T194623277460Z-c2-lite-glyph-jiggle-c35-viewport-014-edge1-z010-1280x736-s4500/text-boxes.json",
    "output": "/Users/dennisonbertram/Develop/flipbook-research/outputs/track-c/20260424T194623277460Z-c2-lite-glyph-jiggle-c35-viewport-014-edge1-z010-1280x736-s4500/output.mp4",
    "metrics": "/Users/dennisonbertram/Develop/flipbook-research/outputs/track-c/20260424T194623277460Z-c2-lite-glyph-jiggle-c35-viewport-014-edge1-z010-1280x736-s4500/metrics.json",
    "quality": "/Users/dennisonbertram/Develop/flipbook-research/outputs/track-c/20260424T194623277460Z-c2-lite-glyph-jiggle-c35-viewport-014-edge1-z010-1280x736-s4500/quality.json",
    "render_viewport_mid": "/Users/dennisonbertram/Develop/flipbook-research/outputs/track-c/20260424T194623277460Z-c2-lite-glyph-jiggle-c35-viewport-014-edge1-z010-1280x736-s4500/render-viewport-mid.png"
  },
  "ocr_similarity": 0.8623853211009174,
  "layout_similarity": 0.9968155692165424,
  "motion_delta": 0.05486319214105606,
  "loop_error": 0.0011441691312938929,
  "status": "pass"
}
DONE 20260424T194623277460Z-c2-lite-glyph-jiggle-c35-viewport-014-edge1-z010-1280x736-s4500 quality=0.8624 motion=0.0549
Stopping app - local entrypoint completed.
✓ App completed. View run at 
https://modal.com/apps/dennisonbertram/main/ap-LYzAsHzInrOa8nIYHL8iVv
