✓ Initialized. View run at 
https://modal.com/apps/dennisonbertram/main/ap-oXLKjLwhVgsUkRBXNxBf8z
✓ Created objects.
├── 🔨 Created mount 
│   /Users/dennisonbertram/Develop/flipbook-research/scripts/track_c/modal_canva
│   s_c2_lite.py
└── 🔨 Created function train_and_render_motion.
START 20260424T194622252635Z-c2-lite-glyph-c35-control-wiggle-014-edge1-1280x736-s4500 config={"batch_size": 131072, "channels": 16, "edge_loss_weight": 1.0, "edge_sample_ratio": 0.1, "element_anchor_mode": "line", "element_anchor_padding": 3, "element_mask_mode": "rectangle", "element_render_mode": "sequential", "element_scale_ratio": 0.25, "experiment_label": "c35-control-wiggle-014-edge1", "flow_scale": 0.014, "fps": 24, "frames": 33, "freq_bands": 8, "hidden": 96, "layout_transform_pan": 0.0, "layout_transform_strength": 0.0, "lr": 0.01, "min_motion_delta": 0.014, "min_ocr_similarity": 0.84, "motion_mode": "jiggle", "motion_strength": 0.014, "seed": 0, "source_resolution": [1280, 736], "steps": 4500, "text_box_loss_weight": 0.0, "text_box_min_conf": 55.0, "text_box_padding": 0, "text_box_sample_ratio": 0.0, "text_boxes": "0 boxes", "time_bands": 4, "train_resolution": "1280x736", "video_layout_mode": "none", "video_viewport_mode": "static", "viewport_pan": 0.0, "viewport_zoom": 0.0}
{
  "canvas_type": "time-conditioned-latent-feature-grid-learned-flow-mlp-glyph-weighted",
  "train_resolution": "1280x736",
  "steps": 4500,
  "batch_size": 131072,
  "channels": 16,
  "hidden": 96,
  "freq_bands": 8,
  "time_bands": 4,
  "lr": 0.01,
  "seed": 0,
  "flow_scale": 0.014,
  "motion_mode": "jiggle",
  "motion_strength": 0.014,
  "video_viewport_mode": "static",
  "viewport_zoom": 0.0,
  "viewport_pan": 0.0,
  "video_layout_mode": "none",
  "layout_transform_strength": 0.0,
  "layout_transform_pan": 0.0,
  "element_scale_ratio": 0.25,
  "element_anchor_padding": 3,
  "element_mask_mode": "rectangle",
  "element_anchor_mode": "line",
  "element_render_mode": "sequential",
  "element_line_count": 0,
  "min_ocr_similarity": 0.84,
  "min_motion_delta": 0.014,
  "edge_sample_ratio": 0.1,
  "edge_loss_weight": 1.0,
  "text_box_sample_ratio": 0.0,
  "text_box_loss_weight": 0.0,
  "text_box_padding": 0,
  "text_box_count": 0,
  "text_mask_coverage": 0.0,
  "element_alpha_coverage": 0.0,
  "compile_ms": 28229.886946000002,
  "final_mse": 0.00012412082287482917,
  "losses": [
    {
      "step": 0,
      "mse": 0.22482480108737946
    },
    {
      "step": 225,
      "mse": 0.006835071835666895
    },
    {
      "step": 450,
      "mse": 0.0019509332487359643
    },
    {
      "step": 675,
      "mse": 0.0005504883592948318
    },
    {
      "step": 900,
      "mse": 0.0007932056905701756
    },
    {
      "step": 1125,
      "mse": 0.0002921687555499375
    },
    {
      "step": 1350,
      "mse": 0.0003186417743563652
    },
    {
      "step": 1575,
      "mse": 0.0003073071129620075
    },
    {
      "step": 1800,
      "mse": 0.000322443142067641
    },
    {
      "step": 2025,
      "mse": 0.00020351874991320074
    },
    {
      "step": 2250,
      "mse": 0.00021772412583231926
    },
    {
      "step": 2475,
      "mse": 0.00042560382280498743
    },
    {
      "step": 2700,
      "mse": 0.0001209102338179946
    },
    {
      "step": 2925,
      "mse": 0.00016061381029430777
    },
    {
      "step": 3150,
      "mse": 0.00026708844234235585
    },
    {
      "step": 3375,
      "mse": 0.00017119632684625685
    },
    {
      "step": 3600,
      "mse": 0.0002511112252250314
    },
    {
      "step": 3825,
      "mse": 0.00012270449951756746
    },
    {
      "step": 4050,
      "mse": 0.000127964056446217
    },
    {
      "step": 4275,
      "mse": 0.0001507458509877324
    },
    {
      "step": 4499,
      "mse": 0.00012412082287482917
    }
  ],
  "render_times": {
    "render-960.png": 13.895595999997568,
    "render-mid.png": 9.426794999995991,
    "render-last.png": 9.395918999999253,
    "render-512.png": 2.5043989999957716,
    "crop-2x.png": 9.27139499999896
  },
  "render_960_ms": 13.895595999997568,
  "render_33_wall_ms": 299.7074300000051,
  "encode_ms": 271.3562980000006,
  "resize_consistency": 0.9968643996881458,
  "temporal_consistency": 0.998047856031917,
  "motion_delta_model": 0.05401146784424782,
  "loop_error_model": 0.0019521439680829644,
  "description": "C2-lite neural canvas: learned time-conditioned motion field with glyph-weighted sampling/loss",
  "run_id": "20260424T194622252635Z-c2-lite-glyph-c35-control-wiggle-014-edge1-1280x736-s4500",
  "commit": "2e662e3",
  "track": "C",
  "width": 960,
  "height": 544,
  "frames": 33,
  "fps": 24,
  "artifacts": {
    "input": "/Users/dennisonbertram/Develop/flipbook-research/outputs/track-c/20260424T194622252635Z-c2-lite-glyph-c35-control-wiggle-014-edge1-1280x736-s4500/input.png",
    "render_960": "/Users/dennisonbertram/Develop/flipbook-research/outputs/track-c/20260424T194622252635Z-c2-lite-glyph-c35-control-wiggle-014-edge1-1280x736-s4500/render-960.png",
    "render_mid": "/Users/dennisonbertram/Develop/flipbook-research/outputs/track-c/20260424T194622252635Z-c2-lite-glyph-c35-control-wiggle-014-edge1-1280x736-s4500/render-mid.png",
    "render_last": "/Users/dennisonbertram/Develop/flipbook-research/outputs/track-c/20260424T194622252635Z-c2-lite-glyph-c35-control-wiggle-014-edge1-1280x736-s4500/render-last.png",
    "render_512": "/Users/dennisonbertram/Develop/flipbook-research/outputs/track-c/20260424T194622252635Z-c2-lite-glyph-c35-control-wiggle-014-edge1-1280x736-s4500/render-512.png",
    "crop_2x": "/Users/dennisonbertram/Develop/flipbook-research/outputs/track-c/20260424T194622252635Z-c2-lite-glyph-c35-control-wiggle-014-edge1-1280x736-s4500/crop-2x.png",
    "text_mask": "/Users/dennisonbertram/Develop/flipbook-research/outputs/track-c/20260424T194622252635Z-c2-lite-glyph-c35-control-wiggle-014-edge1-1280x736-s4500/text-mask.png",
    "element_alpha_mask": "/Users/dennisonbertram/Develop/flipbook-research/outputs/track-c/20260424T194622252635Z-c2-lite-glyph-c35-control-wiggle-014-edge1-1280x736-s4500/element-alpha-mask.png",
    "text_boxes": "/Users/dennisonbertram/Develop/flipbook-research/outputs/track-c/20260424T194622252635Z-c2-lite-glyph-c35-control-wiggle-014-edge1-1280x736-s4500/text-boxes.json",
    "output": "/Users/dennisonbertram/Develop/flipbook-research/outputs/track-c/20260424T194622252635Z-c2-lite-glyph-c35-control-wiggle-014-edge1-1280x736-s4500/output.mp4",
    "metrics": "/Users/dennisonbertram/Develop/flipbook-research/outputs/track-c/20260424T194622252635Z-c2-lite-glyph-c35-control-wiggle-014-edge1-1280x736-s4500/metrics.json",
    "quality": "/Users/dennisonbertram/Develop/flipbook-research/outputs/track-c/20260424T194622252635Z-c2-lite-glyph-c35-control-wiggle-014-edge1-1280x736-s4500/quality.json"
  },
  "ocr_similarity": 0.7853881278538813,
  "layout_similarity": 0.9968643996881458,
  "motion_delta": 0.037276461720466614,
  "loop_error": 0.0017094452632591128,
  "status": "near_miss"
}
DONE 20260424T194622252635Z-c2-lite-glyph-c35-control-wiggle-014-edge1-1280x736-s4500 quality=0.7854 motion=0.0373
Stopping app - local entrypoint completed.
✓ App completed. View run at 
https://modal.com/apps/dennisonbertram/main/ap-oXLKjLwhVgsUkRBXNxBf8z
