✓ Initialized. View run at 
https://modal.com/apps/dennisonbertram/main/ap-m1f3JW7GrXftbcDs9O9D4y
✓ Created objects.
├── 🔨 Created mount 
│   /Users/dennisonbertram/Develop/flipbook-research/scripts/track_c/modal_canva
│   s_c2_lite.py
└── 🔨 Created function train_and_render_motion.
START 20260424T195138625188Z-c2-lite-glyph-static-layout-frame-scale-c36-frame-scale-016-edge09-s6000-1280x736-s6000 config={"batch_size": 131072, "channels": 16, "edge_loss_weight": 0.9, "edge_sample_ratio": 0.09, "element_anchor_mode": "line", "element_anchor_padding": 3, "element_mask_mode": "rectangle", "element_render_mode": "sequential", "element_scale_ratio": 0.25, "experiment_label": "c36-frame-scale-016-edge09-s6000", "flow_scale": 0.014, "fps": 24, "frames": 33, "freq_bands": 8, "hidden": 96, "layout_transform_pan": 0.03, "layout_transform_strength": 0.16, "lr": 0.01, "min_motion_delta": 0.04, "min_ocr_similarity": 0.44, "motion_mode": "static", "motion_strength": 0.0, "seed": 0, "source_resolution": [1280, 736], "steps": 6000, "text_box_loss_weight": 0.0, "text_box_min_conf": 55.0, "text_box_padding": 0, "text_box_sample_ratio": 0.0, "text_boxes": "0 boxes", "time_bands": 4, "train_resolution": "1280x736", "video_layout_mode": "frame-scale", "video_viewport_mode": "static", "viewport_pan": 0.0, "viewport_zoom": 0.0}
{
  "canvas_type": "time-conditioned-latent-feature-grid-learned-flow-mlp-glyph-weighted",
  "train_resolution": "1280x736",
  "steps": 6000,
  "batch_size": 131072,
  "channels": 16,
  "hidden": 96,
  "freq_bands": 8,
  "time_bands": 4,
  "lr": 0.01,
  "seed": 0,
  "flow_scale": 0.014,
  "motion_mode": "static",
  "motion_strength": 0.0,
  "video_viewport_mode": "static",
  "viewport_zoom": 0.0,
  "viewport_pan": 0.0,
  "video_layout_mode": "frame-scale",
  "layout_transform_strength": 0.16,
  "layout_transform_pan": 0.03,
  "element_scale_ratio": 0.25,
  "element_anchor_padding": 3,
  "element_mask_mode": "rectangle",
  "element_anchor_mode": "line",
  "element_render_mode": "sequential",
  "element_line_count": 0,
  "min_ocr_similarity": 0.44,
  "min_motion_delta": 0.04,
  "edge_sample_ratio": 0.09,
  "edge_loss_weight": 0.9,
  "text_box_sample_ratio": 0.0,
  "text_box_loss_weight": 0.0,
  "text_box_padding": 0,
  "text_box_count": 0,
  "text_mask_coverage": 0.0,
  "element_alpha_coverage": 0.0,
  "compile_ms": 37210.136056999996,
  "final_mse": 0.0015022726729512215,
  "losses": [
    {
      "step": 0,
      "mse": 0.22562818229198456
    },
    {
      "step": 300,
      "mse": 0.00036596160498447716
    },
    {
      "step": 600,
      "mse": 6.043378380127251e-05
    },
    {
      "step": 900,
      "mse": 5.358056660043076e-05
    },
    {
      "step": 1200,
      "mse": 2.750249404925853e-05
    },
    {
      "step": 1500,
      "mse": 7.178173109423369e-05
    },
    {
      "step": 1800,
      "mse": 1.4631706108048093e-05
    },
    {
      "step": 2100,
      "mse": 7.4959471021429636e-06
    },
    {
      "step": 2400,
      "mse": 4.670070666179527e-06
    },
    {
      "step": 2700,
      "mse": 0.0009601792553439736
    },
    {
      "step": 3000,
      "mse": 1.595702451595571e-05
    },
    {
      "step": 3300,
      "mse": 6.752331046300242e-06
    },
    {
      "step": 3600,
      "mse": 4.2199135350529104e-06
    },
    {
      "step": 3900,
      "mse": 3.094645308010513e-06
    },
    {
      "step": 4200,
      "mse": 4.110198460693937e-06
    },
    {
      "step": 4500,
      "mse": 8.402910680160858e-06
    },
    {
      "step": 4800,
      "mse": 2.263837359350873e-06
    },
    {
      "step": 5100,
      "mse": 5.969883659417974e-06
    },
    {
      "step": 5400,
      "mse": 2.7518290153238922e-06
    },
    {
      "step": 5700,
      "mse": 0.001081507420167327
    },
    {
      "step": 5999,
      "mse": 0.0015022726729512215
    }
  ],
  "render_times": {
    "render-960.png": 15.645564999999806,
    "render-mid.png": 9.383141000000705,
    "render-last.png": 9.41600299999834,
    "render-512.png": 2.4432980000028692,
    "crop-2x.png": 9.289766999998506,
    "render-layout-mid.png": 25.787956999998585
  },
  "render_960_ms": 15.645564999999806,
  "render_33_wall_ms": 301.93126500000034,
  "encode_ms": 252.6588130000036,
  "resize_consistency": 0.9998955233250155,
  "temporal_consistency": 0.9999993871346646,
  "motion_delta_model": 0.07539649307727814,
  "loop_error_model": 6.12865335369861e-07,
  "description": "C2-lite neural canvas: learned time-conditioned motion field with glyph-weighted sampling/loss",
  "run_id": "20260424T195138625188Z-c2-lite-glyph-static-layout-frame-scale-c36-frame-scale-016-edge09-s6000-1280x736-s6000",
  "commit": "78b8526",
  "track": "C",
  "width": 960,
  "height": 544,
  "frames": 33,
  "fps": 24,
  "artifacts": {
    "input": "/Users/dennisonbertram/Develop/flipbook-research/outputs/track-c/20260424T195138625188Z-c2-lite-glyph-static-layout-frame-scale-c36-frame-scale-016-edge09-s6000-1280x736-s6000/input.png",
    "render_960": "/Users/dennisonbertram/Develop/flipbook-research/outputs/track-c/20260424T195138625188Z-c2-lite-glyph-static-layout-frame-scale-c36-frame-scale-016-edge09-s6000-1280x736-s6000/render-960.png",
    "render_mid": "/Users/dennisonbertram/Develop/flipbook-research/outputs/track-c/20260424T195138625188Z-c2-lite-glyph-static-layout-frame-scale-c36-frame-scale-016-edge09-s6000-1280x736-s6000/render-mid.png",
    "render_last": "/Users/dennisonbertram/Develop/flipbook-research/outputs/track-c/20260424T195138625188Z-c2-lite-glyph-static-layout-frame-scale-c36-frame-scale-016-edge09-s6000-1280x736-s6000/render-last.png",
    "render_512": "/Users/dennisonbertram/Develop/flipbook-research/outputs/track-c/20260424T195138625188Z-c2-lite-glyph-static-layout-frame-scale-c36-frame-scale-016-edge09-s6000-1280x736-s6000/render-512.png",
    "crop_2x": "/Users/dennisonbertram/Develop/flipbook-research/outputs/track-c/20260424T195138625188Z-c2-lite-glyph-static-layout-frame-scale-c36-frame-scale-016-edge09-s6000-1280x736-s6000/crop-2x.png",
    "text_mask": "/Users/dennisonbertram/Develop/flipbook-research/outputs/track-c/20260424T195138625188Z-c2-lite-glyph-static-layout-frame-scale-c36-frame-scale-016-edge09-s6000-1280x736-s6000/text-mask.png",
    "element_alpha_mask": "/Users/dennisonbertram/Develop/flipbook-research/outputs/track-c/20260424T195138625188Z-c2-lite-glyph-static-layout-frame-scale-c36-frame-scale-016-edge09-s6000-1280x736-s6000/element-alpha-mask.png",
    "text_boxes": "/Users/dennisonbertram/Develop/flipbook-research/outputs/track-c/20260424T195138625188Z-c2-lite-glyph-static-layout-frame-scale-c36-frame-scale-016-edge09-s6000-1280x736-s6000/text-boxes.json",
    "output": "/Users/dennisonbertram/Develop/flipbook-research/outputs/track-c/20260424T195138625188Z-c2-lite-glyph-static-layout-frame-scale-c36-frame-scale-016-edge09-s6000-1280x736-s6000/output.mp4",
    "metrics": "/Users/dennisonbertram/Develop/flipbook-research/outputs/track-c/20260424T195138625188Z-c2-lite-glyph-static-layout-frame-scale-c36-frame-scale-016-edge09-s6000-1280x736-s6000/metrics.json",
    "quality": "/Users/dennisonbertram/Develop/flipbook-research/outputs/track-c/20260424T195138625188Z-c2-lite-glyph-static-layout-frame-scale-c36-frame-scale-016-edge09-s6000-1280x736-s6000/quality.json",
    "render_layout_mid": "/Users/dennisonbertram/Develop/flipbook-research/outputs/track-c/20260424T195138625188Z-c2-lite-glyph-static-layout-frame-scale-c36-frame-scale-016-edge09-s6000-1280x736-s6000/render-layout-mid.png"
  },
  "ocr_similarity": 0.46073298429319365,
  "layout_similarity": 0.9998955233250155,
  "motion_delta": 0.058761876076459885,
  "loop_error": 0.005572387482970953,
  "status": "pass"
}
DONE 20260424T195138625188Z-c2-lite-glyph-static-layout-frame-scale-c36-frame-scale-016-edge09-s6000-1280x736-s6000 quality=0.4607 motion=0.0588
Stopping app - local entrypoint completed.
✓ App completed. View run at 
https://modal.com/apps/dennisonbertram/main/ap-m1f3JW7GrXftbcDs9O9D4y
