✓ Initialized. View run at 
https://modal.com/apps/dennisonbertram/main/ap-mF4TNnuUopoeshYs39wfOT
✓ Created objects.
├── 🔨 Created mount 
│   /Users/dennisonbertram/Develop/flipbook-research/scripts/track_c/modal_canva
│   s_c2_lite.py
└── 🔨 Created function train_and_render_motion.
START 20260424T195138646118Z-c2-lite-glyph-frame-scale-c36-learned-frame-scale-008-flow05-1280x736-s4500 config={"batch_size": 131072, "channels": 16, "edge_loss_weight": 1.0, "edge_sample_ratio": 0.1, "element_anchor_mode": "line", "element_anchor_padding": 3, "element_mask_mode": "rectangle", "element_render_mode": "sequential", "element_scale_ratio": 0.25, "experiment_label": "c36-learned-frame-scale-008-flow05", "flow_scale": 0.05, "fps": 24, "frames": 33, "freq_bands": 8, "hidden": 96, "layout_transform_pan": 0.0, "layout_transform_strength": 0.0, "lr": 0.01, "min_motion_delta": 0.04, "min_ocr_similarity": 0.42, "motion_mode": "frame-scale", "motion_strength": 0.08, "seed": 0, "source_resolution": [1280, 736], "steps": 4500, "text_box_loss_weight": 0.0, "text_box_min_conf": 55.0, "text_box_padding": 0, "text_box_sample_ratio": 0.0, "text_boxes": "0 boxes", "time_bands": 4, "train_resolution": "1280x736", "video_layout_mode": "none", "video_viewport_mode": "static", "viewport_pan": 0.0, "viewport_zoom": 0.0}
{
  "canvas_type": "time-conditioned-latent-feature-grid-learned-flow-mlp-glyph-weighted",
  "train_resolution": "1280x736",
  "steps": 4500,
  "batch_size": 131072,
  "channels": 16,
  "hidden": 96,
  "freq_bands": 8,
  "time_bands": 4,
  "lr": 0.01,
  "seed": 0,
  "flow_scale": 0.05,
  "motion_mode": "frame-scale",
  "motion_strength": 0.08,
  "video_viewport_mode": "static",
  "viewport_zoom": 0.0,
  "viewport_pan": 0.0,
  "video_layout_mode": "none",
  "layout_transform_strength": 0.0,
  "layout_transform_pan": 0.0,
  "element_scale_ratio": 0.25,
  "element_anchor_padding": 3,
  "element_mask_mode": "rectangle",
  "element_anchor_mode": "line",
  "element_render_mode": "sequential",
  "element_line_count": 0,
  "min_ocr_similarity": 0.42,
  "min_motion_delta": 0.04,
  "edge_sample_ratio": 0.1,
  "edge_loss_weight": 1.0,
  "text_box_sample_ratio": 0.0,
  "text_box_loss_weight": 0.0,
  "text_box_padding": 0,
  "text_box_count": 0,
  "text_mask_coverage": 0.0,
  "element_alpha_coverage": 0.0,
  "compile_ms": 27862.968440000004,
  "final_mse": 0.004383172374218702,
  "losses": [
    {
      "step": 0,
      "mse": 0.2239612638950348
    },
    {
      "step": 225,
      "mse": 0.0164794884622097
    },
    {
      "step": 450,
      "mse": 0.01256515085697174
    },
    {
      "step": 675,
      "mse": 0.010486922226846218
    },
    {
      "step": 900,
      "mse": 0.00907392892986536
    },
    {
      "step": 1125,
      "mse": 0.00848706066608429
    },
    {
      "step": 1350,
      "mse": 0.008082646876573563
    },
    {
      "step": 1575,
      "mse": 0.006754452362656593
    },
    {
      "step": 1800,
      "mse": 0.005998683162033558
    },
    {
      "step": 2025,
      "mse": 0.00582963228225708
    },
    {
      "step": 2250,
      "mse": 0.005464023910462856
    },
    {
      "step": 2475,
      "mse": 0.005267043597996235
    },
    {
      "step": 2700,
      "mse": 0.005267886910587549
    },
    {
      "step": 2925,
      "mse": 0.005079157650470734
    },
    {
      "step": 3150,
      "mse": 0.004797406494617462
    },
    {
      "step": 3375,
      "mse": 0.00491180457174778
    },
    {
      "step": 3600,
      "mse": 0.00479502510279417
    },
    {
      "step": 3825,
      "mse": 0.004638003651052713
    },
    {
      "step": 4050,
      "mse": 0.004526608623564243
    },
    {
      "step": 4275,
      "mse": 0.0043324073776602745
    },
    {
      "step": 4499,
      "mse": 0.004383172374218702
    }
  ],
  "render_times": {
    "render-960.png": 15.971932999995886,
    "render-mid.png": 9.424119999998481,
    "render-last.png": 9.386218000003055,
    "render-512.png": 2.4722900000000436,
    "crop-2x.png": 9.341046999999492
  },
  "render_960_ms": 15.971932999995886,
  "render_33_wall_ms": 299.31808900000334,
  "encode_ms": 248.33915299999632,
  "resize_consistency": 0.9998022417525336,
  "temporal_consistency": 0.9957658820785582,
  "motion_delta_model": 0.07487998902797699,
  "loop_error_model": 0.0042341179214417934,
  "description": "C2-lite neural canvas: learned time-conditioned motion field with glyph-weighted sampling/loss",
  "run_id": "20260424T195138646118Z-c2-lite-glyph-frame-scale-c36-learned-frame-scale-008-flow05-1280x736-s4500",
  "commit": "78b8526",
  "track": "C",
  "width": 960,
  "height": 544,
  "frames": 33,
  "fps": 24,
  "artifacts": {
    "input": "/Users/dennisonbertram/Develop/flipbook-research/outputs/track-c/20260424T195138646118Z-c2-lite-glyph-frame-scale-c36-learned-frame-scale-008-flow05-1280x736-s4500/input.png",
    "render_960": "/Users/dennisonbertram/Develop/flipbook-research/outputs/track-c/20260424T195138646118Z-c2-lite-glyph-frame-scale-c36-learned-frame-scale-008-flow05-1280x736-s4500/render-960.png",
    "render_mid": "/Users/dennisonbertram/Develop/flipbook-research/outputs/track-c/20260424T195138646118Z-c2-lite-glyph-frame-scale-c36-learned-frame-scale-008-flow05-1280x736-s4500/render-mid.png",
    "render_last": "/Users/dennisonbertram/Develop/flipbook-research/outputs/track-c/20260424T195138646118Z-c2-lite-glyph-frame-scale-c36-learned-frame-scale-008-flow05-1280x736-s4500/render-last.png",
    "render_512": "/Users/dennisonbertram/Develop/flipbook-research/outputs/track-c/20260424T195138646118Z-c2-lite-glyph-frame-scale-c36-learned-frame-scale-008-flow05-1280x736-s4500/render-512.png",
    "crop_2x": "/Users/dennisonbertram/Develop/flipbook-research/outputs/track-c/20260424T195138646118Z-c2-lite-glyph-frame-scale-c36-learned-frame-scale-008-flow05-1280x736-s4500/crop-2x.png",
    "text_mask": "/Users/dennisonbertram/Develop/flipbook-research/outputs/track-c/20260424T195138646118Z-c2-lite-glyph-frame-scale-c36-learned-frame-scale-008-flow05-1280x736-s4500/text-mask.png",
    "element_alpha_mask": "/Users/dennisonbertram/Develop/flipbook-research/outputs/track-c/20260424T195138646118Z-c2-lite-glyph-frame-scale-c36-learned-frame-scale-008-flow05-1280x736-s4500/element-alpha-mask.png",
    "text_boxes": "/Users/dennisonbertram/Develop/flipbook-research/outputs/track-c/20260424T195138646118Z-c2-lite-glyph-frame-scale-c36-learned-frame-scale-008-flow05-1280x736-s4500/text-boxes.json",
    "output": "/Users/dennisonbertram/Develop/flipbook-research/outputs/track-c/20260424T195138646118Z-c2-lite-glyph-frame-scale-c36-learned-frame-scale-008-flow05-1280x736-s4500/output.mp4",
    "metrics": "/Users/dennisonbertram/Develop/flipbook-research/outputs/track-c/20260424T195138646118Z-c2-lite-glyph-frame-scale-c36-learned-frame-scale-008-flow05-1280x736-s4500/metrics.json",
    "quality": "/Users/dennisonbertram/Develop/flipbook-research/outputs/track-c/20260424T195138646118Z-c2-lite-glyph-frame-scale-c36-learned-frame-scale-008-flow05-1280x736-s4500/quality.json"
  },
  "ocr_similarity": 0.05128205128205128,
  "layout_similarity": 0.9998022417525336,
  "motion_delta": 0.05125707387924194,
  "loop_error": 0.002894085831940174,
  "status": "near_miss"
}
DONE 20260424T195138646118Z-c2-lite-glyph-frame-scale-c36-learned-frame-scale-008-flow05-1280x736-s4500 quality=0.0513 motion=0.0513
Stopping app - local entrypoint completed.
✓ App completed. View run at 
https://modal.com/apps/dennisonbertram/main/ap-mF4TNnuUopoeshYs39wfOT
