✓ Initialized. View run at 
https://modal.com/apps/dennisonbertram/main/ap-HwExPqQWraF6iuxoXPb7S1
✓ Created objects.
├── 🔨 Created mount 
│   /Users/dennisonbertram/Develop/flipbook-research/scripts/track_c/modal_canva
│   s_c2_lite.py
└── 🔨 Created function train_and_render_motion.
START 20260424T195138593473Z-c2-lite-glyph-static-layout-frame-scale-c36-frame-scale-014-edge09-1280x736-s4500 config={"batch_size": 131072, "channels": 16, "edge_loss_weight": 0.9, "edge_sample_ratio": 0.09, "element_anchor_mode": "line", "element_anchor_padding": 3, "element_mask_mode": "rectangle", "element_render_mode": "sequential", "element_scale_ratio": 0.25, "experiment_label": "c36-frame-scale-014-edge09", "flow_scale": 0.014, "fps": 24, "frames": 33, "freq_bands": 8, "hidden": 96, "layout_transform_pan": 0.027, "layout_transform_strength": 0.14, "lr": 0.01, "min_motion_delta": 0.04, "min_ocr_similarity": 0.5, "motion_mode": "static", "motion_strength": 0.0, "seed": 0, "source_resolution": [1280, 736], "steps": 4500, "text_box_loss_weight": 0.0, "text_box_min_conf": 55.0, "text_box_padding": 0, "text_box_sample_ratio": 0.0, "text_boxes": "0 boxes", "time_bands": 4, "train_resolution": "1280x736", "video_layout_mode": "frame-scale", "video_viewport_mode": "static", "viewport_pan": 0.0, "viewport_zoom": 0.0}
{
  "canvas_type": "time-conditioned-latent-feature-grid-learned-flow-mlp-glyph-weighted",
  "train_resolution": "1280x736",
  "steps": 4500,
  "batch_size": 131072,
  "channels": 16,
  "hidden": 96,
  "freq_bands": 8,
  "time_bands": 4,
  "lr": 0.01,
  "seed": 0,
  "flow_scale": 0.014,
  "motion_mode": "static",
  "motion_strength": 0.0,
  "video_viewport_mode": "static",
  "viewport_zoom": 0.0,
  "viewport_pan": 0.0,
  "video_layout_mode": "frame-scale",
  "layout_transform_strength": 0.14,
  "layout_transform_pan": 0.027,
  "element_scale_ratio": 0.25,
  "element_anchor_padding": 3,
  "element_mask_mode": "rectangle",
  "element_anchor_mode": "line",
  "element_render_mode": "sequential",
  "element_line_count": 0,
  "min_ocr_similarity": 0.5,
  "min_motion_delta": 0.04,
  "edge_sample_ratio": 0.09,
  "edge_loss_weight": 0.9,
  "text_box_sample_ratio": 0.0,
  "text_box_loss_weight": 0.0,
  "text_box_padding": 0,
  "text_box_count": 0,
  "text_mask_coverage": 0.0,
  "element_alpha_coverage": 0.0,
  "compile_ms": 28056.479048999998,
  "final_mse": 8.404947948292829e-06,
  "losses": [
    {
      "step": 0,
      "mse": 0.22562938928604126
    },
    {
      "step": 225,
      "mse": 0.0007798546575941145
    },
    {
      "step": 450,
      "mse": 0.00015910385991446674
    },
    {
      "step": 675,
      "mse": 5.0415263103786856e-05
    },
    {
      "step": 900,
      "mse": 4.5718192268395796e-05
    },
    {
      "step": 1125,
      "mse": 2.2432446712628007e-05
    },
    {
      "step": 1350,
      "mse": 3.4219661756651476e-05
    },
    {
      "step": 1575,
      "mse": 1.5290926967281848e-05
    },
    {
      "step": 1800,
      "mse": 0.00011497703962959349
    },
    {
      "step": 2025,
      "mse": 2.377673808950931e-05
    },
    {
      "step": 2250,
      "mse": 1.2348075870249886e-05
    },
    {
      "step": 2475,
      "mse": 2.306374881300144e-05
    },
    {
      "step": 2700,
      "mse": 7.632070264662616e-06
    },
    {
      "step": 2925,
      "mse": 6.362143722071778e-06
    },
    {
      "step": 3150,
      "mse": 5.205148681852734e-06
    },
    {
      "step": 3375,
      "mse": 3.815354830294382e-06
    },
    {
      "step": 3600,
      "mse": 3.567943394955364e-06
    },
    {
      "step": 3825,
      "mse": 0.00014529627515003085
    },
    {
      "step": 4050,
      "mse": 2.475826295267325e-05
    },
    {
      "step": 4275,
      "mse": 1.5198793335002847e-05
    },
    {
      "step": 4499,
      "mse": 8.404947948292829e-06
    }
  ],
  "render_times": {
    "render-960.png": 15.452764999999147,
    "render-mid.png": 9.414908000003663,
    "render-last.png": 9.415036000000043,
    "render-512.png": 2.48610199999888,
    "crop-2x.png": 9.286131000003195,
    "render-layout-mid.png": 25.443555000002505
  },
  "render_960_ms": 15.452764999999147,
  "render_33_wall_ms": 302.30636499999974,
  "encode_ms": 245.07193399999494,
  "resize_consistency": 0.9999504768183853,
  "temporal_consistency": 0.9999998578407769,
  "motion_delta_model": 0.07426371425390244,
  "loop_error_model": 1.4215922305993445e-07,
  "description": "C2-lite neural canvas: learned time-conditioned motion field with glyph-weighted sampling/loss",
  "run_id": "20260424T195138593473Z-c2-lite-glyph-static-layout-frame-scale-c36-frame-scale-014-edge09-1280x736-s4500",
  "commit": "78b8526",
  "track": "C",
  "width": 960,
  "height": 544,
  "frames": 33,
  "fps": 24,
  "artifacts": {
    "input": "/Users/dennisonbertram/Develop/flipbook-research/outputs/track-c/20260424T195138593473Z-c2-lite-glyph-static-layout-frame-scale-c36-frame-scale-014-edge09-1280x736-s4500/input.png",
    "render_960": "/Users/dennisonbertram/Develop/flipbook-research/outputs/track-c/20260424T195138593473Z-c2-lite-glyph-static-layout-frame-scale-c36-frame-scale-014-edge09-1280x736-s4500/render-960.png",
    "render_mid": "/Users/dennisonbertram/Develop/flipbook-research/outputs/track-c/20260424T195138593473Z-c2-lite-glyph-static-layout-frame-scale-c36-frame-scale-014-edge09-1280x736-s4500/render-mid.png",
    "render_last": "/Users/dennisonbertram/Develop/flipbook-research/outputs/track-c/20260424T195138593473Z-c2-lite-glyph-static-layout-frame-scale-c36-frame-scale-014-edge09-1280x736-s4500/render-last.png",
    "render_512": "/Users/dennisonbertram/Develop/flipbook-research/outputs/track-c/20260424T195138593473Z-c2-lite-glyph-static-layout-frame-scale-c36-frame-scale-014-edge09-1280x736-s4500/render-512.png",
    "crop_2x": "/Users/dennisonbertram/Develop/flipbook-research/outputs/track-c/20260424T195138593473Z-c2-lite-glyph-static-layout-frame-scale-c36-frame-scale-014-edge09-1280x736-s4500/crop-2x.png",
    "text_mask": "/Users/dennisonbertram/Develop/flipbook-research/outputs/track-c/20260424T195138593473Z-c2-lite-glyph-static-layout-frame-scale-c36-frame-scale-014-edge09-1280x736-s4500/text-mask.png",
    "element_alpha_mask": "/Users/dennisonbertram/Develop/flipbook-research/outputs/track-c/20260424T195138593473Z-c2-lite-glyph-static-layout-frame-scale-c36-frame-scale-014-edge09-1280x736-s4500/element-alpha-mask.png",
    "text_boxes": "/Users/dennisonbertram/Develop/flipbook-research/outputs/track-c/20260424T195138593473Z-c2-lite-glyph-static-layout-frame-scale-c36-frame-scale-014-edge09-1280x736-s4500/text-boxes.json",
    "output": "/Users/dennisonbertram/Develop/flipbook-research/outputs/track-c/20260424T195138593473Z-c2-lite-glyph-static-layout-frame-scale-c36-frame-scale-014-edge09-1280x736-s4500/output.mp4",
    "metrics": "/Users/dennisonbertram/Develop/flipbook-research/outputs/track-c/20260424T195138593473Z-c2-lite-glyph-static-layout-frame-scale-c36-frame-scale-014-edge09-1280x736-s4500/metrics.json",
    "quality": "/Users/dennisonbertram/Develop/flipbook-research/outputs/track-c/20260424T195138593473Z-c2-lite-glyph-static-layout-frame-scale-c36-frame-scale-014-edge09-1280x736-s4500/quality.json",
    "render_layout_mid": "/Users/dennisonbertram/Develop/flipbook-research/outputs/track-c/20260424T195138593473Z-c2-lite-glyph-static-layout-frame-scale-c36-frame-scale-014-edge09-1280x736-s4500/render-layout-mid.png"
  },
  "ocr_similarity": 0.5633802816901409,
  "layout_similarity": 0.9999504768183853,
  "motion_delta": 0.05923372879624367,
  "loop_error": 0.0019783724565058947,
  "status": "pass"
}
DONE 20260424T195138593473Z-c2-lite-glyph-static-layout-frame-scale-c36-frame-scale-014-edge09-1280x736-s4500 quality=0.5634 motion=0.0592
Stopping app - local entrypoint completed.
✓ App completed. View run at 
https://modal.com/apps/dennisonbertram/main/ap-HwExPqQWraF6iuxoXPb7S1
