✓ Initialized. View run at 
https://modal.com/apps/dennisonbertram/main/ap-HY1VT2vrhF01NKmsxV5brM
✓ Created objects.
├── 🔨 Created mount 
│   /Users/dennisonbertram/Develop/flipbook-research/scripts/track_c/modal_canva
│   s_c2_lite.py
└── 🔨 Created function train_and_render_motion.
START 20260424T195138605349Z-c2-lite-glyph-static-layout-frame-scale-c36-frame-scale-018-edge05-1280x736-s4500 config={"batch_size": 131072, "channels": 16, "edge_loss_weight": 0.5, "edge_sample_ratio": 0.05, "element_anchor_mode": "line", "element_anchor_padding": 3, "element_mask_mode": "rectangle", "element_render_mode": "sequential", "element_scale_ratio": 0.25, "experiment_label": "c36-frame-scale-018-edge05", "flow_scale": 0.014, "fps": 24, "frames": 33, "freq_bands": 8, "hidden": 96, "layout_transform_pan": 0.034, "layout_transform_strength": 0.18, "lr": 0.01, "min_motion_delta": 0.04, "min_ocr_similarity": 0.35, "motion_mode": "static", "motion_strength": 0.0, "seed": 0, "source_resolution": [1280, 736], "steps": 4500, "text_box_loss_weight": 0.0, "text_box_min_conf": 55.0, "text_box_padding": 0, "text_box_sample_ratio": 0.0, "text_boxes": "0 boxes", "time_bands": 4, "train_resolution": "1280x736", "video_layout_mode": "frame-scale", "video_viewport_mode": "static", "viewport_pan": 0.0, "viewport_zoom": 0.0}
{
  "canvas_type": "time-conditioned-latent-feature-grid-learned-flow-mlp-glyph-weighted",
  "train_resolution": "1280x736",
  "steps": 4500,
  "batch_size": 131072,
  "channels": 16,
  "hidden": 96,
  "freq_bands": 8,
  "time_bands": 4,
  "lr": 0.01,
  "seed": 0,
  "flow_scale": 0.014,
  "motion_mode": "static",
  "motion_strength": 0.0,
  "video_viewport_mode": "static",
  "viewport_zoom": 0.0,
  "viewport_pan": 0.0,
  "video_layout_mode": "frame-scale",
  "layout_transform_strength": 0.18,
  "layout_transform_pan": 0.034,
  "element_scale_ratio": 0.25,
  "element_anchor_padding": 3,
  "element_mask_mode": "rectangle",
  "element_anchor_mode": "line",
  "element_render_mode": "sequential",
  "element_line_count": 0,
  "min_ocr_similarity": 0.35,
  "min_motion_delta": 0.04,
  "edge_sample_ratio": 0.05,
  "edge_loss_weight": 0.5,
  "text_box_sample_ratio": 0.0,
  "text_box_loss_weight": 0.0,
  "text_box_padding": 0,
  "text_box_count": 0,
  "text_mask_coverage": 0.0,
  "element_alpha_coverage": 0.0,
  "compile_ms": 28030.026532,
  "final_mse": 1.0544637916609645e-05,
  "losses": [
    {
      "step": 0,
      "mse": 0.21945898234844208
    },
    {
      "step": 225,
      "mse": 0.0014870695304125547
    },
    {
      "step": 450,
      "mse": 0.00012285758566576988
    },
    {
      "step": 675,
      "mse": 6.044055407983251e-05
    },
    {
      "step": 900,
      "mse": 5.5264030379476026e-05
    },
    {
      "step": 1125,
      "mse": 2.898549792007543e-05
    },
    {
      "step": 1350,
      "mse": 4.072360752616078e-05
    },
    {
      "step": 1575,
      "mse": 7.024590740911663e-05
    },
    {
      "step": 1800,
      "mse": 2.3411892470903695e-05
    },
    {
      "step": 2025,
      "mse": 1.577438524691388e-05
    },
    {
      "step": 2250,
      "mse": 1.9336057448526844e-05
    },
    {
      "step": 2475,
      "mse": 0.004234801046550274
    },
    {
      "step": 2700,
      "mse": 2.036849946307484e-05
    },
    {
      "step": 2925,
      "mse": 1.8275773982168175e-05
    },
    {
      "step": 3150,
      "mse": 8.941711712395772e-06
    },
    {
      "step": 3375,
      "mse": 1.347237230220344e-05
    },
    {
      "step": 3600,
      "mse": 1.1972798347414937e-05
    },
    {
      "step": 3825,
      "mse": 2.0651037630159408e-05
    },
    {
      "step": 4050,
      "mse": 4.717884621641133e-06
    },
    {
      "step": 4275,
      "mse": 1.8014867237070575e-05
    },
    {
      "step": 4499,
      "mse": 1.0544637916609645e-05
    }
  ],
  "render_times": {
    "render-960.png": 14.156673000002229,
    "render-mid.png": 9.398509999996918,
    "render-last.png": 9.372003999999379,
    "render-512.png": 2.449431000002278,
    "crop-2x.png": 9.321856999996214,
    "render-layout-mid.png": 23.29233999999758
  },
  "render_960_ms": 14.156673000002229,
  "render_33_wall_ms": 302.87448600000033,
  "encode_ms": 252.75110199999773,
  "resize_consistency": 0.9999501156357791,
  "temporal_consistency": 0.9999998769221179,
  "motion_delta_model": 0.07559698075056076,
  "loop_error_model": 1.2307788210819126e-07,
  "description": "C2-lite neural canvas: learned time-conditioned motion field with glyph-weighted sampling/loss",
  "run_id": "20260424T195138605349Z-c2-lite-glyph-static-layout-frame-scale-c36-frame-scale-018-edge05-1280x736-s4500",
  "commit": "78b8526",
  "track": "C",
  "width": 960,
  "height": 544,
  "frames": 33,
  "fps": 24,
  "artifacts": {
    "input": "/Users/dennisonbertram/Develop/flipbook-research/outputs/track-c/20260424T195138605349Z-c2-lite-glyph-static-layout-frame-scale-c36-frame-scale-018-edge05-1280x736-s4500/input.png",
    "render_960": "/Users/dennisonbertram/Develop/flipbook-research/outputs/track-c/20260424T195138605349Z-c2-lite-glyph-static-layout-frame-scale-c36-frame-scale-018-edge05-1280x736-s4500/render-960.png",
    "render_mid": "/Users/dennisonbertram/Develop/flipbook-research/outputs/track-c/20260424T195138605349Z-c2-lite-glyph-static-layout-frame-scale-c36-frame-scale-018-edge05-1280x736-s4500/render-mid.png",
    "render_last": "/Users/dennisonbertram/Develop/flipbook-research/outputs/track-c/20260424T195138605349Z-c2-lite-glyph-static-layout-frame-scale-c36-frame-scale-018-edge05-1280x736-s4500/render-last.png",
    "render_512": "/Users/dennisonbertram/Develop/flipbook-research/outputs/track-c/20260424T195138605349Z-c2-lite-glyph-static-layout-frame-scale-c36-frame-scale-018-edge05-1280x736-s4500/render-512.png",
    "crop_2x": "/Users/dennisonbertram/Develop/flipbook-research/outputs/track-c/20260424T195138605349Z-c2-lite-glyph-static-layout-frame-scale-c36-frame-scale-018-edge05-1280x736-s4500/crop-2x.png",
    "text_mask": "/Users/dennisonbertram/Develop/flipbook-research/outputs/track-c/20260424T195138605349Z-c2-lite-glyph-static-layout-frame-scale-c36-frame-scale-018-edge05-1280x736-s4500/text-mask.png",
    "element_alpha_mask": "/Users/dennisonbertram/Develop/flipbook-research/outputs/track-c/20260424T195138605349Z-c2-lite-glyph-static-layout-frame-scale-c36-frame-scale-018-edge05-1280x736-s4500/element-alpha-mask.png",
    "text_boxes": "/Users/dennisonbertram/Develop/flipbook-research/outputs/track-c/20260424T195138605349Z-c2-lite-glyph-static-layout-frame-scale-c36-frame-scale-018-edge05-1280x736-s4500/text-boxes.json",
    "output": "/Users/dennisonbertram/Develop/flipbook-research/outputs/track-c/20260424T195138605349Z-c2-lite-glyph-static-layout-frame-scale-c36-frame-scale-018-edge05-1280x736-s4500/output.mp4",
    "metrics": "/Users/dennisonbertram/Develop/flipbook-research/outputs/track-c/20260424T195138605349Z-c2-lite-glyph-static-layout-frame-scale-c36-frame-scale-018-edge05-1280x736-s4500/metrics.json",
    "quality": "/Users/dennisonbertram/Develop/flipbook-research/outputs/track-c/20260424T195138605349Z-c2-lite-glyph-static-layout-frame-scale-c36-frame-scale-018-edge05-1280x736-s4500/quality.json",
    "render_layout_mid": "/Users/dennisonbertram/Develop/flipbook-research/outputs/track-c/20260424T195138605349Z-c2-lite-glyph-static-layout-frame-scale-c36-frame-scale-018-edge05-1280x736-s4500/render-layout-mid.png"
  },
  "ocr_similarity": 0.39252336448598135,
  "layout_similarity": 0.9999501156357791,
  "motion_delta": 0.06108217313885689,
  "loop_error": 0.001607888494618237,
  "status": "pass"
}
DONE 20260424T195138605349Z-c2-lite-glyph-static-layout-frame-scale-c36-frame-scale-018-edge05-1280x736-s4500 quality=0.3925 motion=0.0611
Stopping app - local entrypoint completed.
✓ App completed. View run at 
https://modal.com/apps/dennisonbertram/main/ap-HY1VT2vrhF01NKmsxV5brM
