✓ Initialized. View run at 
https://modal.com/apps/dennisonbertram/main/ap-DiTwKu6wvsabrlPTYMVCC3
✓ Created objects.
├── 🔨 Created mount 
│   /Users/dennisonbertram/Develop/flipbook-research/scripts/track_c/modal_canva
│   s_c2_lite.py
└── 🔨 Created function train_and_render_motion.
START 20260424T195138627909Z-c2-lite-glyph-static-layout-frame-scale-c36-frame-scale-016-edge09-1280x736-s4500 config={"batch_size": 131072, "channels": 16, "edge_loss_weight": 0.9, "edge_sample_ratio": 0.09, "element_anchor_mode": "line", "element_anchor_padding": 3, "element_mask_mode": "rectangle", "element_render_mode": "sequential", "element_scale_ratio": 0.25, "experiment_label": "c36-frame-scale-016-edge09", "flow_scale": 0.014, "fps": 24, "frames": 33, "freq_bands": 8, "hidden": 96, "layout_transform_pan": 0.03, "layout_transform_strength": 0.16, "lr": 0.01, "min_motion_delta": 0.04, "min_ocr_similarity": 0.42, "motion_mode": "static", "motion_strength": 0.0, "seed": 0, "source_resolution": [1280, 736], "steps": 4500, "text_box_loss_weight": 0.0, "text_box_min_conf": 55.0, "text_box_padding": 0, "text_box_sample_ratio": 0.0, "text_boxes": "0 boxes", "time_bands": 4, "train_resolution": "1280x736", "video_layout_mode": "frame-scale", "video_viewport_mode": "static", "viewport_pan": 0.0, "viewport_zoom": 0.0}
{
  "canvas_type": "time-conditioned-latent-feature-grid-learned-flow-mlp-glyph-weighted",
  "train_resolution": "1280x736",
  "steps": 4500,
  "batch_size": 131072,
  "channels": 16,
  "hidden": 96,
  "freq_bands": 8,
  "time_bands": 4,
  "lr": 0.01,
  "seed": 0,
  "flow_scale": 0.014,
  "motion_mode": "static",
  "motion_strength": 0.0,
  "video_viewport_mode": "static",
  "viewport_zoom": 0.0,
  "viewport_pan": 0.0,
  "video_layout_mode": "frame-scale",
  "layout_transform_strength": 0.16,
  "layout_transform_pan": 0.03,
  "element_scale_ratio": 0.25,
  "element_anchor_padding": 3,
  "element_mask_mode": "rectangle",
  "element_anchor_mode": "line",
  "element_render_mode": "sequential",
  "element_line_count": 0,
  "min_ocr_similarity": 0.42,
  "min_motion_delta": 0.04,
  "edge_sample_ratio": 0.09,
  "edge_loss_weight": 0.9,
  "text_box_sample_ratio": 0.0,
  "text_box_loss_weight": 0.0,
  "text_box_padding": 0,
  "text_box_count": 0,
  "text_mask_coverage": 0.0,
  "element_alpha_coverage": 0.0,
  "compile_ms": 28085.257444999996,
  "final_mse": 3.418871074245544e-06,
  "losses": [
    {
      "step": 0,
      "mse": 0.22562940418720245
    },
    {
      "step": 225,
      "mse": 0.0008278449531644583
    },
    {
      "step": 450,
      "mse": 0.0001423676440026611
    },
    {
      "step": 675,
      "mse": 4.823073322768323e-05
    },
    {
      "step": 900,
      "mse": 3.5462471714708954e-05
    },
    {
      "step": 1125,
      "mse": 2.773293454083614e-05
    },
    {
      "step": 1350,
      "mse": 2.359248355787713e-05
    },
    {
      "step": 1575,
      "mse": 4.944339161738753e-05
    },
    {
      "step": 1800,
      "mse": 0.03216082602739334
    },
    {
      "step": 2025,
      "mse": 6.732945621479303e-05
    },
    {
      "step": 2250,
      "mse": 2.174673500121571e-05
    },
    {
      "step": 2475,
      "mse": 1.2424909982655663e-05
    },
    {
      "step": 2700,
      "mse": 9.234739081875887e-06
    },
    {
      "step": 2925,
      "mse": 6.2833569245412946e-06
    },
    {
      "step": 3150,
      "mse": 1.3567600035457872e-05
    },
    {
      "step": 3375,
      "mse": 1.175402485387167e-05
    },
    {
      "step": 3600,
      "mse": 7.814642231096514e-06
    },
    {
      "step": 3825,
      "mse": 1.1878551958943717e-05
    },
    {
      "step": 4050,
      "mse": 4.5045430852042045e-06
    },
    {
      "step": 4275,
      "mse": 6.339657375065144e-06
    },
    {
      "step": 4499,
      "mse": 3.418871074245544e-06
    }
  ],
  "render_times": {
    "render-960.png": 14.798548999998218,
    "render-mid.png": 9.408608999997625,
    "render-last.png": 9.404179000000568,
    "render-512.png": 2.4625900000003753,
    "crop-2x.png": 9.319734999998275,
    "render-layout-mid.png": 27.735934999995493
  },
  "render_960_ms": 14.798548999998218,
  "render_33_wall_ms": 302.2998369999996,
  "encode_ms": 242.62962099999896,
  "resize_consistency": 0.9999322998959117,
  "temporal_consistency": 0.9999998533684362,
  "motion_delta_model": 0.07717477530241013,
  "loop_error_model": 1.4663156377991982e-07,
  "description": "C2-lite neural canvas: learned time-conditioned motion field with glyph-weighted sampling/loss",
  "run_id": "20260424T195138627909Z-c2-lite-glyph-static-layout-frame-scale-c36-frame-scale-016-edge09-1280x736-s4500",
  "commit": "78b8526",
  "track": "C",
  "width": 960,
  "height": 544,
  "frames": 33,
  "fps": 24,
  "artifacts": {
    "input": "/Users/dennisonbertram/Develop/flipbook-research/outputs/track-c/20260424T195138627909Z-c2-lite-glyph-static-layout-frame-scale-c36-frame-scale-016-edge09-1280x736-s4500/input.png",
    "render_960": "/Users/dennisonbertram/Develop/flipbook-research/outputs/track-c/20260424T195138627909Z-c2-lite-glyph-static-layout-frame-scale-c36-frame-scale-016-edge09-1280x736-s4500/render-960.png",
    "render_mid": "/Users/dennisonbertram/Develop/flipbook-research/outputs/track-c/20260424T195138627909Z-c2-lite-glyph-static-layout-frame-scale-c36-frame-scale-016-edge09-1280x736-s4500/render-mid.png",
    "render_last": "/Users/dennisonbertram/Develop/flipbook-research/outputs/track-c/20260424T195138627909Z-c2-lite-glyph-static-layout-frame-scale-c36-frame-scale-016-edge09-1280x736-s4500/render-last.png",
    "render_512": "/Users/dennisonbertram/Develop/flipbook-research/outputs/track-c/20260424T195138627909Z-c2-lite-glyph-static-layout-frame-scale-c36-frame-scale-016-edge09-1280x736-s4500/render-512.png",
    "crop_2x": "/Users/dennisonbertram/Develop/flipbook-research/outputs/track-c/20260424T195138627909Z-c2-lite-glyph-static-layout-frame-scale-c36-frame-scale-016-edge09-1280x736-s4500/crop-2x.png",
    "text_mask": "/Users/dennisonbertram/Develop/flipbook-research/outputs/track-c/20260424T195138627909Z-c2-lite-glyph-static-layout-frame-scale-c36-frame-scale-016-edge09-1280x736-s4500/text-mask.png",
    "element_alpha_mask": "/Users/dennisonbertram/Develop/flipbook-research/outputs/track-c/20260424T195138627909Z-c2-lite-glyph-static-layout-frame-scale-c36-frame-scale-016-edge09-1280x736-s4500/element-alpha-mask.png",
    "text_boxes": "/Users/dennisonbertram/Develop/flipbook-research/outputs/track-c/20260424T195138627909Z-c2-lite-glyph-static-layout-frame-scale-c36-frame-scale-016-edge09-1280x736-s4500/text-boxes.json",
    "output": "/Users/dennisonbertram/Develop/flipbook-research/outputs/track-c/20260424T195138627909Z-c2-lite-glyph-static-layout-frame-scale-c36-frame-scale-016-edge09-1280x736-s4500/output.mp4",
    "metrics": "/Users/dennisonbertram/Develop/flipbook-research/outputs/track-c/20260424T195138627909Z-c2-lite-glyph-static-layout-frame-scale-c36-frame-scale-016-edge09-1280x736-s4500/metrics.json",
    "quality": "/Users/dennisonbertram/Develop/flipbook-research/outputs/track-c/20260424T195138627909Z-c2-lite-glyph-static-layout-frame-scale-c36-frame-scale-016-edge09-1280x736-s4500/quality.json",
    "render_layout_mid": "/Users/dennisonbertram/Develop/flipbook-research/outputs/track-c/20260424T195138627909Z-c2-lite-glyph-static-layout-frame-scale-c36-frame-scale-016-edge09-1280x736-s4500/render-layout-mid.png"
  },
  "ocr_similarity": 0.26573426573426573,
  "layout_similarity": 0.9999322998959117,
  "motion_delta": 0.061503343284130096,
  "loop_error": 0.0015432098880410194,
  "status": "near_miss"
}
DONE 20260424T195138627909Z-c2-lite-glyph-static-layout-frame-scale-c36-frame-scale-016-edge09-1280x736-s4500 quality=0.2657 motion=0.0615
Stopping app - local entrypoint completed.
✓ App completed. View run at 
https://modal.com/apps/dennisonbertram/main/ap-DiTwKu6wvsabrlPTYMVCC3
