✓ Initialized. View run at 
https://modal.com/apps/dennisonbertram/main/ap-4sj4r8TnV7lggxLnPGixc6
✓ Created objects.
├── 🔨 Created mount 
│   /Users/dennisonbertram/Develop/flipbook-research/scripts/track_c/modal_canva
│   s_c2_lite.py
└── 🔨 Created function train_and_render_motion.
START 20260424T195138643453Z-c2-lite-glyph-frame-scale-c36-learned-frame-scale-006-flow04-1280x736-s4500 config={"batch_size": 131072, "channels": 16, "edge_loss_weight": 1.0, "edge_sample_ratio": 0.1, "element_anchor_mode": "line", "element_anchor_padding": 3, "element_mask_mode": "rectangle", "element_render_mode": "sequential", "element_scale_ratio": 0.25, "experiment_label": "c36-learned-frame-scale-006-flow04", "flow_scale": 0.04, "fps": 24, "frames": 33, "freq_bands": 8, "hidden": 96, "layout_transform_pan": 0.0, "layout_transform_strength": 0.0, "lr": 0.01, "min_motion_delta": 0.04, "min_ocr_similarity": 0.48, "motion_mode": "frame-scale", "motion_strength": 0.06, "seed": 0, "source_resolution": [1280, 736], "steps": 4500, "text_box_loss_weight": 0.0, "text_box_min_conf": 55.0, "text_box_padding": 0, "text_box_sample_ratio": 0.0, "text_boxes": "0 boxes", "time_bands": 4, "train_resolution": "1280x736", "video_layout_mode": "none", "video_viewport_mode": "static", "viewport_pan": 0.0, "viewport_zoom": 0.0}
{
  "canvas_type": "time-conditioned-latent-feature-grid-learned-flow-mlp-glyph-weighted",
  "train_resolution": "1280x736",
  "steps": 4500,
  "batch_size": 131072,
  "channels": 16,
  "hidden": 96,
  "freq_bands": 8,
  "time_bands": 4,
  "lr": 0.01,
  "seed": 0,
  "flow_scale": 0.04,
  "motion_mode": "frame-scale",
  "motion_strength": 0.06,
  "video_viewport_mode": "static",
  "viewport_zoom": 0.0,
  "viewport_pan": 0.0,
  "video_layout_mode": "none",
  "layout_transform_strength": 0.0,
  "layout_transform_pan": 0.0,
  "element_scale_ratio": 0.25,
  "element_anchor_padding": 3,
  "element_mask_mode": "rectangle",
  "element_anchor_mode": "line",
  "element_render_mode": "sequential",
  "element_line_count": 0,
  "min_ocr_similarity": 0.48,
  "min_motion_delta": 0.04,
  "edge_sample_ratio": 0.1,
  "edge_loss_weight": 1.0,
  "text_box_sample_ratio": 0.0,
  "text_box_loss_weight": 0.0,
  "text_box_padding": 0,
  "text_box_count": 0,
  "text_mask_coverage": 0.0,
  "element_alpha_coverage": 0.0,
  "compile_ms": 27899.37958,
  "final_mse": 0.003747547511011362,
  "losses": [
    {
      "step": 0,
      "mse": 0.22350093722343445
    },
    {
      "step": 225,
      "mse": 0.020707683637738228
    },
    {
      "step": 450,
      "mse": 0.016087587922811508
    },
    {
      "step": 675,
      "mse": 0.011874718591570854
    },
    {
      "step": 900,
      "mse": 0.010110617615282536
    },
    {
      "step": 1125,
      "mse": 0.009120768867433071
    },
    {
      "step": 1350,
      "mse": 0.007920295000076294
    },
    {
      "step": 1575,
      "mse": 0.0066426158882677555
    },
    {
      "step": 1800,
      "mse": 0.005876003298908472
    },
    {
      "step": 2025,
      "mse": 0.00534195126965642
    },
    {
      "step": 2250,
      "mse": 0.00507303886115551
    },
    {
      "step": 2475,
      "mse": 0.004692277871072292
    },
    {
      "step": 2700,
      "mse": 0.004678737372159958
    },
    {
      "step": 2925,
      "mse": 0.00438554584980011
    },
    {
      "step": 3150,
      "mse": 0.004218731541186571
    },
    {
      "step": 3375,
      "mse": 0.004188940394669771
    },
    {
      "step": 3600,
      "mse": 0.003967764787375927
    },
    {
      "step": 3825,
      "mse": 0.0038918773643672466
    },
    {
      "step": 4050,
      "mse": 0.003779584774747491
    },
    {
      "step": 4275,
      "mse": 0.0037397402338683605
    },
    {
      "step": 4499,
      "mse": 0.003747547511011362
    }
  ],
  "render_times": {
    "render-960.png": 14.591047000003243,
    "render-mid.png": 9.419083000004491,
    "render-last.png": 9.381101999998975,
    "render-512.png": 2.4720440000010058,
    "crop-2x.png": 9.46755399999688
  },
  "render_960_ms": 14.591047000003243,
  "render_33_wall_ms": 299.6346089999946,
  "encode_ms": 253.97498999999613,
  "resize_consistency": 0.9998908087053192,
  "temporal_consistency": 0.9955208557657897,
  "motion_delta_model": 0.06968095898628235,
  "loop_error_model": 0.004479144234210253,
  "description": "C2-lite neural canvas: learned time-conditioned motion field with glyph-weighted sampling/loss",
  "run_id": "20260424T195138643453Z-c2-lite-glyph-frame-scale-c36-learned-frame-scale-006-flow04-1280x736-s4500",
  "commit": "78b8526",
  "track": "C",
  "width": 960,
  "height": 544,
  "frames": 33,
  "fps": 24,
  "artifacts": {
    "input": "/Users/dennisonbertram/Develop/flipbook-research/outputs/track-c/20260424T195138643453Z-c2-lite-glyph-frame-scale-c36-learned-frame-scale-006-flow04-1280x736-s4500/input.png",
    "render_960": "/Users/dennisonbertram/Develop/flipbook-research/outputs/track-c/20260424T195138643453Z-c2-lite-glyph-frame-scale-c36-learned-frame-scale-006-flow04-1280x736-s4500/render-960.png",
    "render_mid": "/Users/dennisonbertram/Develop/flipbook-research/outputs/track-c/20260424T195138643453Z-c2-lite-glyph-frame-scale-c36-learned-frame-scale-006-flow04-1280x736-s4500/render-mid.png",
    "render_last": "/Users/dennisonbertram/Develop/flipbook-research/outputs/track-c/20260424T195138643453Z-c2-lite-glyph-frame-scale-c36-learned-frame-scale-006-flow04-1280x736-s4500/render-last.png",
    "render_512": "/Users/dennisonbertram/Develop/flipbook-research/outputs/track-c/20260424T195138643453Z-c2-lite-glyph-frame-scale-c36-learned-frame-scale-006-flow04-1280x736-s4500/render-512.png",
    "crop_2x": "/Users/dennisonbertram/Develop/flipbook-research/outputs/track-c/20260424T195138643453Z-c2-lite-glyph-frame-scale-c36-learned-frame-scale-006-flow04-1280x736-s4500/crop-2x.png",
    "text_mask": "/Users/dennisonbertram/Develop/flipbook-research/outputs/track-c/20260424T195138643453Z-c2-lite-glyph-frame-scale-c36-learned-frame-scale-006-flow04-1280x736-s4500/text-mask.png",
    "element_alpha_mask": "/Users/dennisonbertram/Develop/flipbook-research/outputs/track-c/20260424T195138643453Z-c2-lite-glyph-frame-scale-c36-learned-frame-scale-006-flow04-1280x736-s4500/element-alpha-mask.png",
    "text_boxes": "/Users/dennisonbertram/Develop/flipbook-research/outputs/track-c/20260424T195138643453Z-c2-lite-glyph-frame-scale-c36-learned-frame-scale-006-flow04-1280x736-s4500/text-boxes.json",
    "output": "/Users/dennisonbertram/Develop/flipbook-research/outputs/track-c/20260424T195138643453Z-c2-lite-glyph-frame-scale-c36-learned-frame-scale-006-flow04-1280x736-s4500/output.mp4",
    "metrics": "/Users/dennisonbertram/Develop/flipbook-research/outputs/track-c/20260424T195138643453Z-c2-lite-glyph-frame-scale-c36-learned-frame-scale-006-flow04-1280x736-s4500/metrics.json",
    "quality": "/Users/dennisonbertram/Develop/flipbook-research/outputs/track-c/20260424T195138643453Z-c2-lite-glyph-frame-scale-c36-learned-frame-scale-006-flow04-1280x736-s4500/quality.json"
  },
  "ocr_similarity": 0.12154696132596685,
  "layout_similarity": 0.9998908087053192,
  "motion_delta": 0.04461408406496048,
  "loop_error": 0.003157906699925661,
  "status": "near_miss"
}
DONE 20260424T195138643453Z-c2-lite-glyph-frame-scale-c36-learned-frame-scale-006-flow04-1280x736-s4500 quality=0.1215 motion=0.0446
Stopping app - local entrypoint completed.
✓ App completed. View run at 
https://modal.com/apps/dennisonbertram/main/ap-4sj4r8TnV7lggxLnPGixc6
