✓ Initialized. View run at 
https://modal.com/apps/dennisonbertram/main/ap-32l1lZi3g84S4ysTx2rKH3
✓ Created objects.
├── 🔨 Created mount 
│   /Users/dennisonbertram/Develop/flipbook-research/scripts/track_c/modal_canva
│   s_c2_lite.py
└── 🔨 Created function train_and_render_motion.
START 20260424T195138623761Z-c2-lite-glyph-static-layout-frame-scale-c36-frame-scale-014-edge075-1280x736-s4500 config={"batch_size": 131072, "channels": 16, "edge_loss_weight": 0.75, "edge_sample_ratio": 0.075, "element_anchor_mode": "line", "element_anchor_padding": 3, "element_mask_mode": "rectangle", "element_render_mode": "sequential", "element_scale_ratio": 0.25, "experiment_label": "c36-frame-scale-014-edge075", "flow_scale": 0.014, "fps": 24, "frames": 33, "freq_bands": 8, "hidden": 96, "layout_transform_pan": 0.027, "layout_transform_strength": 0.14, "lr": 0.01, "min_motion_delta": 0.04, "min_ocr_similarity": 0.48, "motion_mode": "static", "motion_strength": 0.0, "seed": 0, "source_resolution": [1280, 736], "steps": 4500, "text_box_loss_weight": 0.0, "text_box_min_conf": 55.0, "text_box_padding": 0, "text_box_sample_ratio": 0.0, "text_boxes": "0 boxes", "time_bands": 4, "train_resolution": "1280x736", "video_layout_mode": "frame-scale", "video_viewport_mode": "static", "viewport_pan": 0.0, "viewport_zoom": 0.0}
{
  "canvas_type": "time-conditioned-latent-feature-grid-learned-flow-mlp-glyph-weighted",
  "train_resolution": "1280x736",
  "steps": 4500,
  "batch_size": 131072,
  "channels": 16,
  "hidden": 96,
  "freq_bands": 8,
  "time_bands": 4,
  "lr": 0.01,
  "seed": 0,
  "flow_scale": 0.014,
  "motion_mode": "static",
  "motion_strength": 0.0,
  "video_viewport_mode": "static",
  "viewport_zoom": 0.0,
  "viewport_pan": 0.0,
  "video_layout_mode": "frame-scale",
  "layout_transform_strength": 0.14,
  "layout_transform_pan": 0.027,
  "element_scale_ratio": 0.25,
  "element_anchor_padding": 3,
  "element_mask_mode": "rectangle",
  "element_anchor_mode": "line",
  "element_render_mode": "sequential",
  "element_line_count": 0,
  "min_ocr_similarity": 0.48,
  "min_motion_delta": 0.04,
  "edge_sample_ratio": 0.075,
  "edge_loss_weight": 0.75,
  "text_box_sample_ratio": 0.0,
  "text_box_loss_weight": 0.0,
  "text_box_padding": 0,
  "text_box_count": 0,
  "text_mask_coverage": 0.0,
  "element_alpha_coverage": 0.0,
  "compile_ms": 28003.292172,
  "final_mse": 5.870285349374171e-06,
  "losses": [
    {
      "step": 0,
      "mse": 0.22318366169929504
    },
    {
      "step": 225,
      "mse": 0.0015174603322520852
    },
    {
      "step": 450,
      "mse": 0.00017207616474479437
    },
    {
      "step": 675,
      "mse": 6.484148616436869e-05
    },
    {
      "step": 900,
      "mse": 0.014277065172791481
    },
    {
      "step": 1125,
      "mse": 7.709537021582946e-05
    },
    {
      "step": 1350,
      "mse": 2.3194019377115183e-05
    },
    {
      "step": 1575,
      "mse": 0.005418901331722736
    },
    {
      "step": 1800,
      "mse": 1.4354727682075463e-05
    },
    {
      "step": 2025,
      "mse": 7.198864295787644e-06
    },
    {
      "step": 2250,
      "mse": 6.00353905610973e-06
    },
    {
      "step": 2475,
      "mse": 6.206532816577237e-06
    },
    {
      "step": 2700,
      "mse": 9.29389898374211e-06
    },
    {
      "step": 2925,
      "mse": 4.4734379116562195e-06
    },
    {
      "step": 3150,
      "mse": 4.796418124897173e-06
    },
    {
      "step": 3375,
      "mse": 3.758246748475358e-05
    },
    {
      "step": 3600,
      "mse": 8.626276212453377e-06
    },
    {
      "step": 3825,
      "mse": 4.643600277631776e-06
    },
    {
      "step": 4050,
      "mse": 4.109868768864544e-06
    },
    {
      "step": 4275,
      "mse": 2.844697064574575e-06
    },
    {
      "step": 4499,
      "mse": 5.870285349374171e-06
    }
  ],
  "render_times": {
    "render-960.png": 15.083726999996827,
    "render-mid.png": 9.36493700000085,
    "render-last.png": 9.374104999999133,
    "render-512.png": 2.4476589999977705,
    "crop-2x.png": 9.272823999999957,
    "render-layout-mid.png": 24.164329999997847
  },
  "render_960_ms": 15.083726999996827,
  "render_33_wall_ms": 302.2924850000024,
  "encode_ms": 254.29492100000317,
  "resize_consistency": 0.9999403133487664,
  "temporal_consistency": 0.9999998555465339,
  "motion_delta_model": 0.07438009232282639,
  "loop_error_model": 1.444534660777208e-07,
  "description": "C2-lite neural canvas: learned time-conditioned motion field with glyph-weighted sampling/loss",
  "run_id": "20260424T195138623761Z-c2-lite-glyph-static-layout-frame-scale-c36-frame-scale-014-edge075-1280x736-s4500",
  "commit": "78b8526",
  "track": "C",
  "width": 960,
  "height": 544,
  "frames": 33,
  "fps": 24,
  "artifacts": {
    "input": "/Users/dennisonbertram/Develop/flipbook-research/outputs/track-c/20260424T195138623761Z-c2-lite-glyph-static-layout-frame-scale-c36-frame-scale-014-edge075-1280x736-s4500/input.png",
    "render_960": "/Users/dennisonbertram/Develop/flipbook-research/outputs/track-c/20260424T195138623761Z-c2-lite-glyph-static-layout-frame-scale-c36-frame-scale-014-edge075-1280x736-s4500/render-960.png",
    "render_mid": "/Users/dennisonbertram/Develop/flipbook-research/outputs/track-c/20260424T195138623761Z-c2-lite-glyph-static-layout-frame-scale-c36-frame-scale-014-edge075-1280x736-s4500/render-mid.png",
    "render_last": "/Users/dennisonbertram/Develop/flipbook-research/outputs/track-c/20260424T195138623761Z-c2-lite-glyph-static-layout-frame-scale-c36-frame-scale-014-edge075-1280x736-s4500/render-last.png",
    "render_512": "/Users/dennisonbertram/Develop/flipbook-research/outputs/track-c/20260424T195138623761Z-c2-lite-glyph-static-layout-frame-scale-c36-frame-scale-014-edge075-1280x736-s4500/render-512.png",
    "crop_2x": "/Users/dennisonbertram/Develop/flipbook-research/outputs/track-c/20260424T195138623761Z-c2-lite-glyph-static-layout-frame-scale-c36-frame-scale-014-edge075-1280x736-s4500/crop-2x.png",
    "text_mask": "/Users/dennisonbertram/Develop/flipbook-research/outputs/track-c/20260424T195138623761Z-c2-lite-glyph-static-layout-frame-scale-c36-frame-scale-014-edge075-1280x736-s4500/text-mask.png",
    "element_alpha_mask": "/Users/dennisonbertram/Develop/flipbook-research/outputs/track-c/20260424T195138623761Z-c2-lite-glyph-static-layout-frame-scale-c36-frame-scale-014-edge075-1280x736-s4500/element-alpha-mask.png",
    "text_boxes": "/Users/dennisonbertram/Develop/flipbook-research/outputs/track-c/20260424T195138623761Z-c2-lite-glyph-static-layout-frame-scale-c36-frame-scale-014-edge075-1280x736-s4500/text-boxes.json",
    "output": "/Users/dennisonbertram/Develop/flipbook-research/outputs/track-c/20260424T195138623761Z-c2-lite-glyph-static-layout-frame-scale-c36-frame-scale-014-edge075-1280x736-s4500/output.mp4",
    "metrics": "/Users/dennisonbertram/Develop/flipbook-research/outputs/track-c/20260424T195138623761Z-c2-lite-glyph-static-layout-frame-scale-c36-frame-scale-014-edge075-1280x736-s4500/metrics.json",
    "quality": "/Users/dennisonbertram/Develop/flipbook-research/outputs/track-c/20260424T195138623761Z-c2-lite-glyph-static-layout-frame-scale-c36-frame-scale-014-edge075-1280x736-s4500/quality.json",
    "render_layout_mid": "/Users/dennisonbertram/Develop/flipbook-research/outputs/track-c/20260424T195138623761Z-c2-lite-glyph-static-layout-frame-scale-c36-frame-scale-014-edge075-1280x736-s4500/render-layout-mid.png"
  },
  "ocr_similarity": 0.5504587155963302,
  "layout_similarity": 0.9999403133487664,
  "motion_delta": 0.05934833362698555,
  "loop_error": 0.0016646242002025247,
  "status": "pass"
}
DONE 20260424T195138623761Z-c2-lite-glyph-static-layout-frame-scale-c36-frame-scale-014-edge075-1280x736-s4500 quality=0.5505 motion=0.0593
Stopping app - local entrypoint completed.
✓ App completed. View run at 
https://modal.com/apps/dennisonbertram/main/ap-32l1lZi3g84S4ysTx2rKH3
