✓ Initialized. View run at 
https://modal.com/apps/dennisonbertram/main/ap-Ob125o789P8jtsrozQdTjl
✓ Created objects.
├── 🔨 Created mount 
│   /Users/dennisonbertram/Develop/flipbook-research/scripts/track_c/modal_canva
│   s_c2_lite.py
└── 🔨 Created function train_and_render_motion.
START 20260424T195856707993Z-c2-lite-glyph-static-layout-frame-scale-c37-frame-scale-014-edge09-pan000-1280x736-s4500 config={"batch_size": 131072, "channels": 16, "edge_loss_weight": 0.9, "edge_sample_ratio": 0.09, "element_anchor_mode": "line", "element_anchor_padding": 3, "element_mask_mode": "rectangle", "element_render_mode": "sequential", "element_scale_ratio": 0.25, "experiment_label": "c37-frame-scale-014-edge09-pan000", "flow_scale": 0.014, "fps": 24, "frames": 33, "freq_bands": 8, "hidden": 96, "layout_transform_pan": 0.0, "layout_transform_strength": 0.14, "lr": 0.01, "min_motion_delta": 0.04, "min_ocr_similarity": 0.56, "motion_mode": "static", "motion_strength": 0.0, "seed": 0, "source_resolution": [1280, 736], "steps": 4500, "text_box_loss_weight": 0.0, "text_box_min_conf": 55.0, "text_box_padding": 0, "text_box_sample_ratio": 0.0, "text_boxes": "0 boxes", "time_bands": 4, "train_resolution": "1280x736", "video_layout_mode": "frame-scale", "video_viewport_mode": "static", "viewport_pan": 0.0, "viewport_zoom": 0.0}
{
  "canvas_type": "time-conditioned-latent-feature-grid-learned-flow-mlp-glyph-weighted",
  "train_resolution": "1280x736",
  "steps": 4500,
  "batch_size": 131072,
  "channels": 16,
  "hidden": 96,
  "freq_bands": 8,
  "time_bands": 4,
  "lr": 0.01,
  "seed": 0,
  "flow_scale": 0.014,
  "motion_mode": "static",
  "motion_strength": 0.0,
  "video_viewport_mode": "static",
  "viewport_zoom": 0.0,
  "viewport_pan": 0.0,
  "video_layout_mode": "frame-scale",
  "layout_transform_strength": 0.14,
  "layout_transform_pan": 0.0,
  "element_scale_ratio": 0.25,
  "element_anchor_padding": 3,
  "element_mask_mode": "rectangle",
  "element_anchor_mode": "line",
  "element_render_mode": "sequential",
  "element_line_count": 0,
  "min_ocr_similarity": 0.56,
  "min_motion_delta": 0.04,
  "edge_sample_ratio": 0.09,
  "edge_loss_weight": 0.9,
  "text_box_sample_ratio": 0.0,
  "text_box_loss_weight": 0.0,
  "text_box_padding": 0,
  "text_box_count": 0,
  "text_mask_coverage": 0.0,
  "element_alpha_coverage": 0.0,
  "compile_ms": 27956.168485,
  "final_mse": 0.00030443829018622637,
  "losses": [
    {
      "step": 0,
      "mse": 0.22562628984451294
    },
    {
      "step": 225,
      "mse": 0.0008331183926202357
    },
    {
      "step": 450,
      "mse": 0.00011761449422920123
    },
    {
      "step": 675,
      "mse": 6.067805225029588e-05
    },
    {
      "step": 900,
      "mse": 3.583242869353853e-05
    },
    {
      "step": 1125,
      "mse": 0.017755482345819473
    },
    {
      "step": 1350,
      "mse": 5.4212625400396064e-05
    },
    {
      "step": 1575,
      "mse": 1.946803240571171e-05
    },
    {
      "step": 1800,
      "mse": 1.007729133561952e-05
    },
    {
      "step": 2025,
      "mse": 7.807649126334582e-06
    },
    {
      "step": 2250,
      "mse": 7.149901648517698e-06
    },
    {
      "step": 2475,
      "mse": 5.530181624635588e-06
    },
    {
      "step": 2700,
      "mse": 7.950771760079078e-06
    },
    {
      "step": 2925,
      "mse": 8.790524589130655e-06
    },
    {
      "step": 3150,
      "mse": 3.643687477961066e-06
    },
    {
      "step": 3375,
      "mse": 0.005576750263571739
    },
    {
      "step": 3600,
      "mse": 0.0022417688742280006
    },
    {
      "step": 3825,
      "mse": 0.0005520782433450222
    },
    {
      "step": 4050,
      "mse": 0.0005032349145039916
    },
    {
      "step": 4275,
      "mse": 0.00017983620637096465
    },
    {
      "step": 4499,
      "mse": 0.00030443829018622637
    }
  ],
  "render_times": {
    "render-960.png": 15.023243999998215,
    "render-mid.png": 9.353654000001654,
    "render-last.png": 9.343299000001082,
    "render-512.png": 2.413560999997344,
    "crop-2x.png": 9.258164000002012,
    "render-layout-mid.png": 22.69066299999878
  },
  "render_960_ms": 15.023243999998215,
  "render_33_wall_ms": 302.3369260000024,
  "encode_ms": 252.42869499999898,
  "resize_consistency": 0.9999522248693082,
  "temporal_consistency": 0.999999686772469,
  "motion_delta_model": 0.07640457898378372,
  "loop_error_model": 3.1322753102358547e-07,
  "description": "C2-lite neural canvas: learned time-conditioned motion field with glyph-weighted sampling/loss",
  "run_id": "20260424T195856707993Z-c2-lite-glyph-static-layout-frame-scale-c37-frame-scale-014-edge09-pan000-1280x736-s4500",
  "commit": "6ad08f2",
  "track": "C",
  "width": 960,
  "height": 544,
  "frames": 33,
  "fps": 24,
  "artifacts": {
    "input": "/Users/dennisonbertram/Develop/flipbook-research/outputs/track-c/20260424T195856707993Z-c2-lite-glyph-static-layout-frame-scale-c37-frame-scale-014-edge09-pan000-1280x736-s4500/input.png",
    "render_960": "/Users/dennisonbertram/Develop/flipbook-research/outputs/track-c/20260424T195856707993Z-c2-lite-glyph-static-layout-frame-scale-c37-frame-scale-014-edge09-pan000-1280x736-s4500/render-960.png",
    "render_mid": "/Users/dennisonbertram/Develop/flipbook-research/outputs/track-c/20260424T195856707993Z-c2-lite-glyph-static-layout-frame-scale-c37-frame-scale-014-edge09-pan000-1280x736-s4500/render-mid.png",
    "render_last": "/Users/dennisonbertram/Develop/flipbook-research/outputs/track-c/20260424T195856707993Z-c2-lite-glyph-static-layout-frame-scale-c37-frame-scale-014-edge09-pan000-1280x736-s4500/render-last.png",
    "render_512": "/Users/dennisonbertram/Develop/flipbook-research/outputs/track-c/20260424T195856707993Z-c2-lite-glyph-static-layout-frame-scale-c37-frame-scale-014-edge09-pan000-1280x736-s4500/render-512.png",
    "crop_2x": "/Users/dennisonbertram/Develop/flipbook-research/outputs/track-c/20260424T195856707993Z-c2-lite-glyph-static-layout-frame-scale-c37-frame-scale-014-edge09-pan000-1280x736-s4500/crop-2x.png",
    "text_mask": "/Users/dennisonbertram/Develop/flipbook-research/outputs/track-c/20260424T195856707993Z-c2-lite-glyph-static-layout-frame-scale-c37-frame-scale-014-edge09-pan000-1280x736-s4500/text-mask.png",
    "element_alpha_mask": "/Users/dennisonbertram/Develop/flipbook-research/outputs/track-c/20260424T195856707993Z-c2-lite-glyph-static-layout-frame-scale-c37-frame-scale-014-edge09-pan000-1280x736-s4500/element-alpha-mask.png",
    "text_boxes": "/Users/dennisonbertram/Develop/flipbook-research/outputs/track-c/20260424T195856707993Z-c2-lite-glyph-static-layout-frame-scale-c37-frame-scale-014-edge09-pan000-1280x736-s4500/text-boxes.json",
    "output": "/Users/dennisonbertram/Develop/flipbook-research/outputs/track-c/20260424T195856707993Z-c2-lite-glyph-static-layout-frame-scale-c37-frame-scale-014-edge09-pan000-1280x736-s4500/output.mp4",
    "metrics": "/Users/dennisonbertram/Develop/flipbook-research/outputs/track-c/20260424T195856707993Z-c2-lite-glyph-static-layout-frame-scale-c37-frame-scale-014-edge09-pan000-1280x736-s4500/metrics.json",
    "quality": "/Users/dennisonbertram/Develop/flipbook-research/outputs/track-c/20260424T195856707993Z-c2-lite-glyph-static-layout-frame-scale-c37-frame-scale-014-edge09-pan000-1280x736-s4500/quality.json",
    "render_layout_mid": "/Users/dennisonbertram/Develop/flipbook-research/outputs/track-c/20260424T195856707993Z-c2-lite-glyph-static-layout-frame-scale-c37-frame-scale-014-edge09-pan000-1280x736-s4500/render-layout-mid.png"
  },
  "ocr_similarity": 0.5023696682464455,
  "layout_similarity": 0.9999522248693082,
  "motion_delta": 0.05940468981862068,
  "loop_error": 0.0014692643890157342,
  "status": "near_miss"
}
DONE 20260424T195856707993Z-c2-lite-glyph-static-layout-frame-scale-c37-frame-scale-014-edge09-pan000-1280x736-s4500 quality=0.5024 motion=0.0594
Stopping app - local entrypoint completed.
✓ App completed. View run at 
https://modal.com/apps/dennisonbertram/main/ap-Ob125o789P8jtsrozQdTjl
