✓ Initialized. View run at 
https://modal.com/apps/dennisonbertram/main/ap-S86v0bbojVOwLvzeq0k8oq
✓ Created objects.
├── 🔨 Created mount 
│   /Users/dennisonbertram/Develop/flipbook-research/scripts/track_c/modal_canva
│   s_c2_lite.py
└── 🔨 Created function train_and_render_motion.
START 20260424T195856172404Z-c2-lite-glyph-static-layout-frame-scale-c37-frame-scale-014-edge075-pan000-1280x736-s4500 config={"batch_size": 131072, "channels": 16, "edge_loss_weight": 0.75, "edge_sample_ratio": 0.075, "element_anchor_mode": "line", "element_anchor_padding": 3, "element_mask_mode": "rectangle", "element_render_mode": "sequential", "element_scale_ratio": 0.25, "experiment_label": "c37-frame-scale-014-edge075-pan000", "flow_scale": 0.014, "fps": 24, "frames": 33, "freq_bands": 8, "hidden": 96, "layout_transform_pan": 0.0, "layout_transform_strength": 0.14, "lr": 0.01, "min_motion_delta": 0.04, "min_ocr_similarity": 0.54, "motion_mode": "static", "motion_strength": 0.0, "seed": 0, "source_resolution": [1280, 736], "steps": 4500, "text_box_loss_weight": 0.0, "text_box_min_conf": 55.0, "text_box_padding": 0, "text_box_sample_ratio": 0.0, "text_boxes": "0 boxes", "time_bands": 4, "train_resolution": "1280x736", "video_layout_mode": "frame-scale", "video_viewport_mode": "static", "viewport_pan": 0.0, "viewport_zoom": 0.0}
{
  "canvas_type": "time-conditioned-latent-feature-grid-learned-flow-mlp-glyph-weighted",
  "train_resolution": "1280x736",
  "steps": 4500,
  "batch_size": 131072,
  "channels": 16,
  "hidden": 96,
  "freq_bands": 8,
  "time_bands": 4,
  "lr": 0.01,
  "seed": 0,
  "flow_scale": 0.014,
  "motion_mode": "static",
  "motion_strength": 0.0,
  "video_viewport_mode": "static",
  "viewport_zoom": 0.0,
  "viewport_pan": 0.0,
  "video_layout_mode": "frame-scale",
  "layout_transform_strength": 0.14,
  "layout_transform_pan": 0.0,
  "element_scale_ratio": 0.25,
  "element_anchor_padding": 3,
  "element_mask_mode": "rectangle",
  "element_anchor_mode": "line",
  "element_render_mode": "sequential",
  "element_line_count": 0,
  "min_ocr_similarity": 0.54,
  "min_motion_delta": 0.04,
  "edge_sample_ratio": 0.075,
  "edge_loss_weight": 0.75,
  "text_box_sample_ratio": 0.0,
  "text_box_loss_weight": 0.0,
  "text_box_padding": 0,
  "text_box_count": 0,
  "text_mask_coverage": 0.0,
  "element_alpha_coverage": 0.0,
  "compile_ms": 27895.304275000002,
  "final_mse": 4.409674875205383e-05,
  "losses": [
    {
      "step": 0,
      "mse": 0.22318455576896667
    },
    {
      "step": 225,
      "mse": 0.001306968624703586
    },
    {
      "step": 450,
      "mse": 0.00014820790966041386
    },
    {
      "step": 675,
      "mse": 5.60998305445537e-05
    },
    {
      "step": 900,
      "mse": 3.751911935978569e-05
    },
    {
      "step": 1125,
      "mse": 2.5821798772085458e-05
    },
    {
      "step": 1350,
      "mse": 0.009805653244256973
    },
    {
      "step": 1575,
      "mse": 0.0002519581466913223
    },
    {
      "step": 1800,
      "mse": 9.622004290577024e-05
    },
    {
      "step": 2025,
      "mse": 7.015962182777002e-05
    },
    {
      "step": 2250,
      "mse": 6.910796946613118e-05
    },
    {
      "step": 2475,
      "mse": 6.502694304799661e-05
    },
    {
      "step": 2700,
      "mse": 4.632615309674293e-05
    },
    {
      "step": 2925,
      "mse": 6.731818575644866e-05
    },
    {
      "step": 3150,
      "mse": 4.6683875552844256e-05
    },
    {
      "step": 3375,
      "mse": 5.1152383093722165e-05
    },
    {
      "step": 3600,
      "mse": 4.545046977000311e-05
    },
    {
      "step": 3825,
      "mse": 5.207105277804658e-05
    },
    {
      "step": 4050,
      "mse": 4.211789564578794e-05
    },
    {
      "step": 4275,
      "mse": 6.52509115752764e-05
    },
    {
      "step": 4499,
      "mse": 4.409674875205383e-05
    }
  ],
  "render_times": {
    "render-960.png": 15.08320499999627,
    "render-mid.png": 9.33995900000184,
    "render-last.png": 9.334553000002188,
    "render-512.png": 2.410493999995822,
    "crop-2x.png": 9.249609999997688,
    "render-layout-mid.png": 23.091833000002282
  },
  "render_960_ms": 15.08320499999627,
  "render_33_wall_ms": 302.04294899999695,
  "encode_ms": 275.2041669999983,
  "resize_consistency": 0.9999505324402207,
  "temporal_consistency": 0.9999997707415815,
  "motion_delta_model": 0.07690697908401489,
  "loop_error_model": 2.2925841847154516e-07,
  "description": "C2-lite neural canvas: learned time-conditioned motion field with glyph-weighted sampling/loss",
  "run_id": "20260424T195856172404Z-c2-lite-glyph-static-layout-frame-scale-c37-frame-scale-014-edge075-pan000-1280x736-s4500",
  "commit": "6ad08f2",
  "track": "C",
  "width": 960,
  "height": 544,
  "frames": 33,
  "fps": 24,
  "artifacts": {
    "input": "/Users/dennisonbertram/Develop/flipbook-research/outputs/track-c/20260424T195856172404Z-c2-lite-glyph-static-layout-frame-scale-c37-frame-scale-014-edge075-pan000-1280x736-s4500/input.png",
    "render_960": "/Users/dennisonbertram/Develop/flipbook-research/outputs/track-c/20260424T195856172404Z-c2-lite-glyph-static-layout-frame-scale-c37-frame-scale-014-edge075-pan000-1280x736-s4500/render-960.png",
    "render_mid": "/Users/dennisonbertram/Develop/flipbook-research/outputs/track-c/20260424T195856172404Z-c2-lite-glyph-static-layout-frame-scale-c37-frame-scale-014-edge075-pan000-1280x736-s4500/render-mid.png",
    "render_last": "/Users/dennisonbertram/Develop/flipbook-research/outputs/track-c/20260424T195856172404Z-c2-lite-glyph-static-layout-frame-scale-c37-frame-scale-014-edge075-pan000-1280x736-s4500/render-last.png",
    "render_512": "/Users/dennisonbertram/Develop/flipbook-research/outputs/track-c/20260424T195856172404Z-c2-lite-glyph-static-layout-frame-scale-c37-frame-scale-014-edge075-pan000-1280x736-s4500/render-512.png",
    "crop_2x": "/Users/dennisonbertram/Develop/flipbook-research/outputs/track-c/20260424T195856172404Z-c2-lite-glyph-static-layout-frame-scale-c37-frame-scale-014-edge075-pan000-1280x736-s4500/crop-2x.png",
    "text_mask": "/Users/dennisonbertram/Develop/flipbook-research/outputs/track-c/20260424T195856172404Z-c2-lite-glyph-static-layout-frame-scale-c37-frame-scale-014-edge075-pan000-1280x736-s4500/text-mask.png",
    "element_alpha_mask": "/Users/dennisonbertram/Develop/flipbook-research/outputs/track-c/20260424T195856172404Z-c2-lite-glyph-static-layout-frame-scale-c37-frame-scale-014-edge075-pan000-1280x736-s4500/element-alpha-mask.png",
    "text_boxes": "/Users/dennisonbertram/Develop/flipbook-research/outputs/track-c/20260424T195856172404Z-c2-lite-glyph-static-layout-frame-scale-c37-frame-scale-014-edge075-pan000-1280x736-s4500/text-boxes.json",
    "output": "/Users/dennisonbertram/Develop/flipbook-research/outputs/track-c/20260424T195856172404Z-c2-lite-glyph-static-layout-frame-scale-c37-frame-scale-014-edge075-pan000-1280x736-s4500/output.mp4",
    "metrics": "/Users/dennisonbertram/Develop/flipbook-research/outputs/track-c/20260424T195856172404Z-c2-lite-glyph-static-layout-frame-scale-c37-frame-scale-014-edge075-pan000-1280x736-s4500/metrics.json",
    "quality": "/Users/dennisonbertram/Develop/flipbook-research/outputs/track-c/20260424T195856172404Z-c2-lite-glyph-static-layout-frame-scale-c37-frame-scale-014-edge075-pan000-1280x736-s4500/quality.json",
    "render_layout_mid": "/Users/dennisonbertram/Develop/flipbook-research/outputs/track-c/20260424T195856172404Z-c2-lite-glyph-static-layout-frame-scale-c37-frame-scale-014-edge075-pan000-1280x736-s4500/render-layout-mid.png"
  },
  "ocr_similarity": 0.5833333333333333,
  "layout_similarity": 0.9999505324402207,
  "motion_delta": 0.06022055074572563,
  "loop_error": 0.0007158148800954223,
  "status": "pass"
}
DONE 20260424T195856172404Z-c2-lite-glyph-static-layout-frame-scale-c37-frame-scale-014-edge075-pan000-1280x736-s4500 quality=0.5833 motion=0.0602
Stopping app - local entrypoint completed.
✓ App completed. View run at 
https://modal.com/apps/dennisonbertram/main/ap-S86v0bbojVOwLvzeq0k8oq
