✓ Initialized. View run at 
https://modal.com/apps/dennisonbertram/main/ap-EWr98xHKCHbWOo4YZcgQ1A
✓ Created objects.
├── 🔨 Created mount 
│   /Users/dennisonbertram/Develop/flipbook-research/scripts/track_c/modal_canva
│   s_c2_lite.py
└── 🔨 Created function train_and_render_motion.
START 20260424T195856158795Z-c2-lite-glyph-static-layout-frame-scale-c37-frame-scale-0125-edge09-1280x736-s4500 config={"batch_size": 131072, "channels": 16, "edge_loss_weight": 0.9, "edge_sample_ratio": 0.09, "element_anchor_mode": "line", "element_anchor_padding": 3, "element_mask_mode": "rectangle", "element_render_mode": "sequential", "element_scale_ratio": 0.25, "experiment_label": "c37-frame-scale-0125-edge09", "flow_scale": 0.014, "fps": 24, "frames": 33, "freq_bands": 8, "hidden": 96, "layout_transform_pan": 0.024, "layout_transform_strength": 0.125, "lr": 0.01, "min_motion_delta": 0.04, "min_ocr_similarity": 0.58, "motion_mode": "static", "motion_strength": 0.0, "seed": 0, "source_resolution": [1280, 736], "steps": 4500, "text_box_loss_weight": 0.0, "text_box_min_conf": 55.0, "text_box_padding": 0, "text_box_sample_ratio": 0.0, "text_boxes": "0 boxes", "time_bands": 4, "train_resolution": "1280x736", "video_layout_mode": "frame-scale", "video_viewport_mode": "static", "viewport_pan": 0.0, "viewport_zoom": 0.0}
{
  "canvas_type": "time-conditioned-latent-feature-grid-learned-flow-mlp-glyph-weighted",
  "train_resolution": "1280x736",
  "steps": 4500,
  "batch_size": 131072,
  "channels": 16,
  "hidden": 96,
  "freq_bands": 8,
  "time_bands": 4,
  "lr": 0.01,
  "seed": 0,
  "flow_scale": 0.014,
  "motion_mode": "static",
  "motion_strength": 0.0,
  "video_viewport_mode": "static",
  "viewport_zoom": 0.0,
  "viewport_pan": 0.0,
  "video_layout_mode": "frame-scale",
  "layout_transform_strength": 0.125,
  "layout_transform_pan": 0.024,
  "element_scale_ratio": 0.25,
  "element_anchor_padding": 3,
  "element_mask_mode": "rectangle",
  "element_anchor_mode": "line",
  "element_render_mode": "sequential",
  "element_line_count": 0,
  "min_ocr_similarity": 0.58,
  "min_motion_delta": 0.04,
  "edge_sample_ratio": 0.09,
  "edge_loss_weight": 0.9,
  "text_box_sample_ratio": 0.0,
  "text_box_loss_weight": 0.0,
  "text_box_padding": 0,
  "text_box_count": 0,
  "text_mask_coverage": 0.0,
  "element_alpha_coverage": 0.0,
  "compile_ms": 28020.580294000003,
  "final_mse": 6.9177476689219475e-06,
  "losses": [
    {
      "step": 0,
      "mse": 0.2256259322166443
    },
    {
      "step": 225,
      "mse": 0.0007999672088772058
    },
    {
      "step": 450,
      "mse": 0.00014903725241310894
    },
    {
      "step": 675,
      "mse": 4.423162681632675e-05
    },
    {
      "step": 900,
      "mse": 3.5929246223531663e-05
    },
    {
      "step": 1125,
      "mse": 5.119864363223314e-05
    },
    {
      "step": 1350,
      "mse": 1.7992042558034882e-05
    },
    {
      "step": 1575,
      "mse": 1.4326088603411335e-05
    },
    {
      "step": 1800,
      "mse": 1.6331778169842437e-05
    },
    {
      "step": 2025,
      "mse": 7.291398560482776e-06
    },
    {
      "step": 2250,
      "mse": 7.109830221452285e-06
    },
    {
      "step": 2475,
      "mse": 7.574179562652716e-06
    },
    {
      "step": 2700,
      "mse": 7.127716799004702e-06
    },
    {
      "step": 2925,
      "mse": 5.701992449758109e-06
    },
    {
      "step": 3150,
      "mse": 7.223220109153772e-06
    },
    {
      "step": 3375,
      "mse": 1.3029306501266547e-05
    },
    {
      "step": 3600,
      "mse": 4.763938704854809e-06
    },
    {
      "step": 3825,
      "mse": 1.3549835784942843e-05
    },
    {
      "step": 4050,
      "mse": 6.664592547167558e-06
    },
    {
      "step": 4275,
      "mse": 5.137497737450758e-06
    },
    {
      "step": 4499,
      "mse": 6.9177476689219475e-06
    }
  ],
  "render_times": {
    "render-960.png": 15.040308999999752,
    "render-mid.png": 9.355853999998942,
    "render-last.png": 9.315404000005856,
    "render-512.png": 2.4035360000027595,
    "crop-2x.png": 9.249647999993726,
    "render-layout-mid.png": 24.014599000004466
  },
  "render_960_ms": 15.040308999999752,
  "render_33_wall_ms": 301.88284999999837,
  "encode_ms": 259.1005239999973,
  "resize_consistency": 0.9999416379220941,
  "temporal_consistency": 0.999999864864364,
  "motion_delta_model": 0.0741724893450737,
  "loop_error_model": 1.351356360146383e-07,
  "description": "C2-lite neural canvas: learned time-conditioned motion field with glyph-weighted sampling/loss",
  "run_id": "20260424T195856158795Z-c2-lite-glyph-static-layout-frame-scale-c37-frame-scale-0125-edge09-1280x736-s4500",
  "commit": "6ad08f2",
  "track": "C",
  "width": 960,
  "height": 544,
  "frames": 33,
  "fps": 24,
  "artifacts": {
    "input": "/Users/dennisonbertram/Develop/flipbook-research/outputs/track-c/20260424T195856158795Z-c2-lite-glyph-static-layout-frame-scale-c37-frame-scale-0125-edge09-1280x736-s4500/input.png",
    "render_960": "/Users/dennisonbertram/Develop/flipbook-research/outputs/track-c/20260424T195856158795Z-c2-lite-glyph-static-layout-frame-scale-c37-frame-scale-0125-edge09-1280x736-s4500/render-960.png",
    "render_mid": "/Users/dennisonbertram/Develop/flipbook-research/outputs/track-c/20260424T195856158795Z-c2-lite-glyph-static-layout-frame-scale-c37-frame-scale-0125-edge09-1280x736-s4500/render-mid.png",
    "render_last": "/Users/dennisonbertram/Develop/flipbook-research/outputs/track-c/20260424T195856158795Z-c2-lite-glyph-static-layout-frame-scale-c37-frame-scale-0125-edge09-1280x736-s4500/render-last.png",
    "render_512": "/Users/dennisonbertram/Develop/flipbook-research/outputs/track-c/20260424T195856158795Z-c2-lite-glyph-static-layout-frame-scale-c37-frame-scale-0125-edge09-1280x736-s4500/render-512.png",
    "crop_2x": "/Users/dennisonbertram/Develop/flipbook-research/outputs/track-c/20260424T195856158795Z-c2-lite-glyph-static-layout-frame-scale-c37-frame-scale-0125-edge09-1280x736-s4500/crop-2x.png",
    "text_mask": "/Users/dennisonbertram/Develop/flipbook-research/outputs/track-c/20260424T195856158795Z-c2-lite-glyph-static-layout-frame-scale-c37-frame-scale-0125-edge09-1280x736-s4500/text-mask.png",
    "element_alpha_mask": "/Users/dennisonbertram/Develop/flipbook-research/outputs/track-c/20260424T195856158795Z-c2-lite-glyph-static-layout-frame-scale-c37-frame-scale-0125-edge09-1280x736-s4500/element-alpha-mask.png",
    "text_boxes": "/Users/dennisonbertram/Develop/flipbook-research/outputs/track-c/20260424T195856158795Z-c2-lite-glyph-static-layout-frame-scale-c37-frame-scale-0125-edge09-1280x736-s4500/text-boxes.json",
    "output": "/Users/dennisonbertram/Develop/flipbook-research/outputs/track-c/20260424T195856158795Z-c2-lite-glyph-static-layout-frame-scale-c37-frame-scale-0125-edge09-1280x736-s4500/output.mp4",
    "metrics": "/Users/dennisonbertram/Develop/flipbook-research/outputs/track-c/20260424T195856158795Z-c2-lite-glyph-static-layout-frame-scale-c37-frame-scale-0125-edge09-1280x736-s4500/metrics.json",
    "quality": "/Users/dennisonbertram/Develop/flipbook-research/outputs/track-c/20260424T195856158795Z-c2-lite-glyph-static-layout-frame-scale-c37-frame-scale-0125-edge09-1280x736-s4500/quality.json",
    "render_layout_mid": "/Users/dennisonbertram/Develop/flipbook-research/outputs/track-c/20260424T195856158795Z-c2-lite-glyph-static-layout-frame-scale-c37-frame-scale-0125-edge09-1280x736-s4500/render-layout-mid.png"
  },
  "ocr_similarity": 0.6572769953051643,
  "layout_similarity": 0.9999416379220941,
  "motion_delta": 0.05744976922869682,
  "loop_error": 0.000636763172224164,
  "status": "pass"
}
DONE 20260424T195856158795Z-c2-lite-glyph-static-layout-frame-scale-c37-frame-scale-0125-edge09-1280x736-s4500 quality=0.6573 motion=0.0574
Stopping app - local entrypoint completed.
✓ App completed. View run at 
https://modal.com/apps/dennisonbertram/main/ap-EWr98xHKCHbWOo4YZcgQ1A
