✓ Initialized. View run at 
https://modal.com/apps/dennisonbertram/main/ap-0jc7tGARi5f7M4Fd2ZIsvN
✓ Created objects.
├── 🔨 Created mount 
│   /Users/dennisonbertram/Develop/flipbook-research/scripts/track_c/modal_canva
│   s_c2_lite.py
└── 🔨 Created function train_and_render_motion.
START 20260424T195856238673Z-c2-lite-glyph-static-layout-frame-scale-c37-frame-scale-013-edge09-1280x736-s4500 config={"batch_size": 131072, "channels": 16, "edge_loss_weight": 0.9, "edge_sample_ratio": 0.09, "element_anchor_mode": "line", "element_anchor_padding": 3, "element_mask_mode": "rectangle", "element_render_mode": "sequential", "element_scale_ratio": 0.25, "experiment_label": "c37-frame-scale-013-edge09", "flow_scale": 0.014, "fps": 24, "frames": 33, "freq_bands": 8, "hidden": 96, "layout_transform_pan": 0.025, "layout_transform_strength": 0.13, "lr": 0.01, "min_motion_delta": 0.04, "min_ocr_similarity": 0.56, "motion_mode": "static", "motion_strength": 0.0, "seed": 0, "source_resolution": [1280, 736], "steps": 4500, "text_box_loss_weight": 0.0, "text_box_min_conf": 55.0, "text_box_padding": 0, "text_box_sample_ratio": 0.0, "text_boxes": "0 boxes", "time_bands": 4, "train_resolution": "1280x736", "video_layout_mode": "frame-scale", "video_viewport_mode": "static", "viewport_pan": 0.0, "viewport_zoom": 0.0}
{
  "canvas_type": "time-conditioned-latent-feature-grid-learned-flow-mlp-glyph-weighted",
  "train_resolution": "1280x736",
  "steps": 4500,
  "batch_size": 131072,
  "channels": 16,
  "hidden": 96,
  "freq_bands": 8,
  "time_bands": 4,
  "lr": 0.01,
  "seed": 0,
  "flow_scale": 0.014,
  "motion_mode": "static",
  "motion_strength": 0.0,
  "video_viewport_mode": "static",
  "viewport_zoom": 0.0,
  "viewport_pan": 0.0,
  "video_layout_mode": "frame-scale",
  "layout_transform_strength": 0.13,
  "layout_transform_pan": 0.025,
  "element_scale_ratio": 0.25,
  "element_anchor_padding": 3,
  "element_mask_mode": "rectangle",
  "element_anchor_mode": "line",
  "element_render_mode": "sequential",
  "element_line_count": 0,
  "min_ocr_similarity": 0.56,
  "min_motion_delta": 0.04,
  "edge_sample_ratio": 0.09,
  "edge_loss_weight": 0.9,
  "text_box_sample_ratio": 0.0,
  "text_box_loss_weight": 0.0,
  "text_box_padding": 0,
  "text_box_count": 0,
  "text_mask_coverage": 0.0,
  "element_alpha_coverage": 0.0,
  "compile_ms": 25019.830923,
  "final_mse": 0.00023907293507363647,
  "losses": [
    {
      "step": 0,
      "mse": 0.22562995553016663
    },
    {
      "step": 225,
      "mse": 0.0012212162837386131
    },
    {
      "step": 450,
      "mse": 0.00012388646428007632
    },
    {
      "step": 675,
      "mse": 4.7066889237612486e-05
    },
    {
      "step": 900,
      "mse": 0.0005454623606055975
    },
    {
      "step": 1125,
      "mse": 3.999985347036272e-05
    },
    {
      "step": 1350,
      "mse": 1.8739025108516216e-05
    },
    {
      "step": 1575,
      "mse": 1.163091747002909e-05
    },
    {
      "step": 1800,
      "mse": 1.3332200069271494e-05
    },
    {
      "step": 2025,
      "mse": 1.0248963917547371e-05
    },
    {
      "step": 2250,
      "mse": 1.5318924852181226e-05
    },
    {
      "step": 2475,
      "mse": 5.57517159904819e-06
    },
    {
      "step": 2700,
      "mse": 5.596037681243615e-06
    },
    {
      "step": 2925,
      "mse": 8.966921086539514e-06
    },
    {
      "step": 3150,
      "mse": 7.1876297624839935e-06
    },
    {
      "step": 3375,
      "mse": 0.002257975749671459
    },
    {
      "step": 3600,
      "mse": 0.0005315211019478738
    },
    {
      "step": 3825,
      "mse": 0.00045741425128653646
    },
    {
      "step": 4050,
      "mse": 0.00028501087217591703
    },
    {
      "step": 4275,
      "mse": 0.00025743423611856997
    },
    {
      "step": 4499,
      "mse": 0.00023907293507363647
    }
  ],
  "render_times": {
    "render-960.png": 14.3749040000003,
    "render-mid.png": 8.280514999999156,
    "render-last.png": 8.184413000002166,
    "render-512.png": 2.418742000003249,
    "crop-2x.png": 8.041049999999217,
    "render-layout-mid.png": 24.224000000000245
  },
  "render_960_ms": 14.3749040000003,
  "render_33_wall_ms": 260.2447209999994,
  "encode_ms": 264.95188599999864,
  "resize_consistency": 0.9999328457452114,
  "temporal_consistency": 0.9999996790454304,
  "motion_delta_model": 0.07487012445926666,
  "loop_error_model": 3.2095456958813884e-07,
  "description": "C2-lite neural canvas: learned time-conditioned motion field with glyph-weighted sampling/loss",
  "run_id": "20260424T195856238673Z-c2-lite-glyph-static-layout-frame-scale-c37-frame-scale-013-edge09-1280x736-s4500",
  "commit": "6ad08f2",
  "track": "C",
  "width": 960,
  "height": 544,
  "frames": 33,
  "fps": 24,
  "artifacts": {
    "input": "/Users/dennisonbertram/Develop/flipbook-research/outputs/track-c/20260424T195856238673Z-c2-lite-glyph-static-layout-frame-scale-c37-frame-scale-013-edge09-1280x736-s4500/input.png",
    "render_960": "/Users/dennisonbertram/Develop/flipbook-research/outputs/track-c/20260424T195856238673Z-c2-lite-glyph-static-layout-frame-scale-c37-frame-scale-013-edge09-1280x736-s4500/render-960.png",
    "render_mid": "/Users/dennisonbertram/Develop/flipbook-research/outputs/track-c/20260424T195856238673Z-c2-lite-glyph-static-layout-frame-scale-c37-frame-scale-013-edge09-1280x736-s4500/render-mid.png",
    "render_last": "/Users/dennisonbertram/Develop/flipbook-research/outputs/track-c/20260424T195856238673Z-c2-lite-glyph-static-layout-frame-scale-c37-frame-scale-013-edge09-1280x736-s4500/render-last.png",
    "render_512": "/Users/dennisonbertram/Develop/flipbook-research/outputs/track-c/20260424T195856238673Z-c2-lite-glyph-static-layout-frame-scale-c37-frame-scale-013-edge09-1280x736-s4500/render-512.png",
    "crop_2x": "/Users/dennisonbertram/Develop/flipbook-research/outputs/track-c/20260424T195856238673Z-c2-lite-glyph-static-layout-frame-scale-c37-frame-scale-013-edge09-1280x736-s4500/crop-2x.png",
    "text_mask": "/Users/dennisonbertram/Develop/flipbook-research/outputs/track-c/20260424T195856238673Z-c2-lite-glyph-static-layout-frame-scale-c37-frame-scale-013-edge09-1280x736-s4500/text-mask.png",
    "element_alpha_mask": "/Users/dennisonbertram/Develop/flipbook-research/outputs/track-c/20260424T195856238673Z-c2-lite-glyph-static-layout-frame-scale-c37-frame-scale-013-edge09-1280x736-s4500/element-alpha-mask.png",
    "text_boxes": "/Users/dennisonbertram/Develop/flipbook-research/outputs/track-c/20260424T195856238673Z-c2-lite-glyph-static-layout-frame-scale-c37-frame-scale-013-edge09-1280x736-s4500/text-boxes.json",
    "output": "/Users/dennisonbertram/Develop/flipbook-research/outputs/track-c/20260424T195856238673Z-c2-lite-glyph-static-layout-frame-scale-c37-frame-scale-013-edge09-1280x736-s4500/output.mp4",
    "metrics": "/Users/dennisonbertram/Develop/flipbook-research/outputs/track-c/20260424T195856238673Z-c2-lite-glyph-static-layout-frame-scale-c37-frame-scale-013-edge09-1280x736-s4500/metrics.json",
    "quality": "/Users/dennisonbertram/Develop/flipbook-research/outputs/track-c/20260424T195856238673Z-c2-lite-glyph-static-layout-frame-scale-c37-frame-scale-013-edge09-1280x736-s4500/quality.json",
    "render_layout_mid": "/Users/dennisonbertram/Develop/flipbook-research/outputs/track-c/20260424T195856238673Z-c2-lite-glyph-static-layout-frame-scale-c37-frame-scale-013-edge09-1280x736-s4500/render-layout-mid.png"
  },
  "ocr_similarity": 0.5110132158590308,
  "layout_similarity": 0.9999328457452114,
  "motion_delta": 0.05760655179619789,
  "loop_error": 0.0028831169474869967,
  "status": "near_miss"
}
DONE 20260424T195856238673Z-c2-lite-glyph-static-layout-frame-scale-c37-frame-scale-013-edge09-1280x736-s4500 quality=0.5110 motion=0.0576
Stopping app - local entrypoint completed.
✓ App completed. View run at 
https://modal.com/apps/dennisonbertram/main/ap-0jc7tGARi5f7M4Fd2ZIsvN
