✓ Initialized. View run at 
https://modal.com/apps/dennisonbertram/main/ap-SU9FKj1XYYYRXPvxlbJZiW
✓ Created objects.
├── 🔨 Created mount 
│   /Users/dennisonbertram/Develop/flipbook-research/scripts/track_c/modal_canva
│   s_c2_lite.py
└── 🔨 Created function train_and_render_motion.
START 20260424T195856187345Z-c2-lite-glyph-static-layout-frame-scale-c37-frame-scale-0135-edge09-1280x736-s4500 config={"batch_size": 131072, "channels": 16, "edge_loss_weight": 0.9, "edge_sample_ratio": 0.09, "element_anchor_mode": "line", "element_anchor_padding": 3, "element_mask_mode": "rectangle", "element_render_mode": "sequential", "element_scale_ratio": 0.25, "experiment_label": "c37-frame-scale-0135-edge09", "flow_scale": 0.014, "fps": 24, "frames": 33, "freq_bands": 8, "hidden": 96, "layout_transform_pan": 0.026, "layout_transform_strength": 0.135, "lr": 0.01, "min_motion_delta": 0.04, "min_ocr_similarity": 0.54, "motion_mode": "static", "motion_strength": 0.0, "seed": 0, "source_resolution": [1280, 736], "steps": 4500, "text_box_loss_weight": 0.0, "text_box_min_conf": 55.0, "text_box_padding": 0, "text_box_sample_ratio": 0.0, "text_boxes": "0 boxes", "time_bands": 4, "train_resolution": "1280x736", "video_layout_mode": "frame-scale", "video_viewport_mode": "static", "viewport_pan": 0.0, "viewport_zoom": 0.0}
{
  "canvas_type": "time-conditioned-latent-feature-grid-learned-flow-mlp-glyph-weighted",
  "train_resolution": "1280x736",
  "steps": 4500,
  "batch_size": 131072,
  "channels": 16,
  "hidden": 96,
  "freq_bands": 8,
  "time_bands": 4,
  "lr": 0.01,
  "seed": 0,
  "flow_scale": 0.014,
  "motion_mode": "static",
  "motion_strength": 0.0,
  "video_viewport_mode": "static",
  "viewport_zoom": 0.0,
  "viewport_pan": 0.0,
  "video_layout_mode": "frame-scale",
  "layout_transform_strength": 0.135,
  "layout_transform_pan": 0.026,
  "element_scale_ratio": 0.25,
  "element_anchor_padding": 3,
  "element_mask_mode": "rectangle",
  "element_anchor_mode": "line",
  "element_render_mode": "sequential",
  "element_line_count": 0,
  "min_ocr_similarity": 0.54,
  "min_motion_delta": 0.04,
  "edge_sample_ratio": 0.09,
  "edge_loss_weight": 0.9,
  "text_box_sample_ratio": 0.0,
  "text_box_loss_weight": 0.0,
  "text_box_padding": 0,
  "text_box_count": 0,
  "text_mask_coverage": 0.0,
  "element_alpha_coverage": 0.0,
  "compile_ms": 28057.481296,
  "final_mse": 1.3171655155019835e-05,
  "losses": [
    {
      "step": 0,
      "mse": 0.22562547028064728
    },
    {
      "step": 225,
      "mse": 0.0008767890394665301
    },
    {
      "step": 450,
      "mse": 0.00014191308582667261
    },
    {
      "step": 675,
      "mse": 4.806304787052795e-05
    },
    {
      "step": 900,
      "mse": 3.858605123241432e-05
    },
    {
      "step": 1125,
      "mse": 4.477411857806146e-05
    },
    {
      "step": 1350,
      "mse": 2.362356462981552e-05
    },
    {
      "step": 1575,
      "mse": 2.322498767171055e-05
    },
    {
      "step": 1800,
      "mse": 1.9418141164351255e-05
    },
    {
      "step": 2025,
      "mse": 0.006217650603502989
    },
    {
      "step": 2250,
      "mse": 0.003892755601555109
    },
    {
      "step": 2475,
      "mse": 0.000123938312754035
    },
    {
      "step": 2700,
      "mse": 7.483872468583286e-05
    },
    {
      "step": 2925,
      "mse": 0.00029281899333000183
    },
    {
      "step": 3150,
      "mse": 2.3570519260829315e-05
    },
    {
      "step": 3375,
      "mse": 1.6500438505318016e-05
    },
    {
      "step": 3600,
      "mse": 1.5020204045868013e-05
    },
    {
      "step": 3825,
      "mse": 1.15236562123755e-05
    },
    {
      "step": 4050,
      "mse": 1.2199358934594784e-05
    },
    {
      "step": 4275,
      "mse": 1.0498452866158914e-05
    },
    {
      "step": 4499,
      "mse": 1.3171655155019835e-05
    }
  ],
  "render_times": {
    "render-960.png": 15.797575999997093,
    "render-mid.png": 9.706950999998298,
    "render-last.png": 9.62768800000191,
    "render-512.png": 2.825272999999129,
    "crop-2x.png": 9.530523999998763,
    "render-layout-mid.png": 26.683857999998395
  },
  "render_960_ms": 15.797575999997093,
  "render_33_wall_ms": 302.5163699999993,
  "encode_ms": 291.9216800000015,
  "resize_consistency": 0.9999578302046832,
  "temporal_consistency": 0.9999997228449331,
  "motion_delta_model": 0.07391826063394547,
  "loop_error_model": 2.771550668967393e-07,
  "description": "C2-lite neural canvas: learned time-conditioned motion field with glyph-weighted sampling/loss",
  "run_id": "20260424T195856187345Z-c2-lite-glyph-static-layout-frame-scale-c37-frame-scale-0135-edge09-1280x736-s4500",
  "commit": "6ad08f2",
  "track": "C",
  "width": 960,
  "height": 544,
  "frames": 33,
  "fps": 24,
  "artifacts": {
    "input": "/Users/dennisonbertram/Develop/flipbook-research/outputs/track-c/20260424T195856187345Z-c2-lite-glyph-static-layout-frame-scale-c37-frame-scale-0135-edge09-1280x736-s4500/input.png",
    "render_960": "/Users/dennisonbertram/Develop/flipbook-research/outputs/track-c/20260424T195856187345Z-c2-lite-glyph-static-layout-frame-scale-c37-frame-scale-0135-edge09-1280x736-s4500/render-960.png",
    "render_mid": "/Users/dennisonbertram/Develop/flipbook-research/outputs/track-c/20260424T195856187345Z-c2-lite-glyph-static-layout-frame-scale-c37-frame-scale-0135-edge09-1280x736-s4500/render-mid.png",
    "render_last": "/Users/dennisonbertram/Develop/flipbook-research/outputs/track-c/20260424T195856187345Z-c2-lite-glyph-static-layout-frame-scale-c37-frame-scale-0135-edge09-1280x736-s4500/render-last.png",
    "render_512": "/Users/dennisonbertram/Develop/flipbook-research/outputs/track-c/20260424T195856187345Z-c2-lite-glyph-static-layout-frame-scale-c37-frame-scale-0135-edge09-1280x736-s4500/render-512.png",
    "crop_2x": "/Users/dennisonbertram/Develop/flipbook-research/outputs/track-c/20260424T195856187345Z-c2-lite-glyph-static-layout-frame-scale-c37-frame-scale-0135-edge09-1280x736-s4500/crop-2x.png",
    "text_mask": "/Users/dennisonbertram/Develop/flipbook-research/outputs/track-c/20260424T195856187345Z-c2-lite-glyph-static-layout-frame-scale-c37-frame-scale-0135-edge09-1280x736-s4500/text-mask.png",
    "element_alpha_mask": "/Users/dennisonbertram/Develop/flipbook-research/outputs/track-c/20260424T195856187345Z-c2-lite-glyph-static-layout-frame-scale-c37-frame-scale-0135-edge09-1280x736-s4500/element-alpha-mask.png",
    "text_boxes": "/Users/dennisonbertram/Develop/flipbook-research/outputs/track-c/20260424T195856187345Z-c2-lite-glyph-static-layout-frame-scale-c37-frame-scale-0135-edge09-1280x736-s4500/text-boxes.json",
    "output": "/Users/dennisonbertram/Develop/flipbook-research/outputs/track-c/20260424T195856187345Z-c2-lite-glyph-static-layout-frame-scale-c37-frame-scale-0135-edge09-1280x736-s4500/output.mp4",
    "metrics": "/Users/dennisonbertram/Develop/flipbook-research/outputs/track-c/20260424T195856187345Z-c2-lite-glyph-static-layout-frame-scale-c37-frame-scale-0135-edge09-1280x736-s4500/metrics.json",
    "quality": "/Users/dennisonbertram/Develop/flipbook-research/outputs/track-c/20260424T195856187345Z-c2-lite-glyph-static-layout-frame-scale-c37-frame-scale-0135-edge09-1280x736-s4500/quality.json",
    "render_layout_mid": "/Users/dennisonbertram/Develop/flipbook-research/outputs/track-c/20260424T195856187345Z-c2-lite-glyph-static-layout-frame-scale-c37-frame-scale-0135-edge09-1280x736-s4500/render-layout-mid.png"
  },
  "ocr_similarity": 0.4766355140186916,
  "layout_similarity": 0.9999578302046832,
  "motion_delta": 0.057964932173490524,
  "loop_error": 0.0009688559221103787,
  "status": "near_miss"
}
DONE 20260424T195856187345Z-c2-lite-glyph-static-layout-frame-scale-c37-frame-scale-0135-edge09-1280x736-s4500 quality=0.4766 motion=0.0580
Stopping app - local entrypoint completed.
✓ App completed. View run at 
https://modal.com/apps/dennisonbertram/main/ap-SU9FKj1XYYYRXPvxlbJZiW
