✓ Initialized. View run at 
https://modal.com/apps/dennisonbertram/main/ap-ICC14qn74K7HIrbvc40UAh
✓ Created objects.
├── 🔨 Created mount 
│   /Users/dennisonbertram/Develop/flipbook-research/scripts/track_c/modal_canva
│   s_c2_lite.py
└── 🔨 Created function train_and_render_motion.
START 20260424T200521382062Z-c2-lite-glyph-static-layout-frame-scale-c38-frame-scale-014-edge09-aa15-1280x736-s4500 config={"batch_size": 131072, "channels": 16, "edge_loss_weight": 0.9, "edge_sample_ratio": 0.09, "element_anchor_mode": "line", "element_anchor_padding": 3, "element_mask_mode": "rectangle", "element_render_mode": "sequential", "element_scale_ratio": 0.25, "experiment_label": "c38-frame-scale-014-edge09-aa15", "flow_scale": 0.014, "fps": 24, "frames": 33, "freq_bands": 8, "hidden": 96, "layout_supersample": 1.5, "layout_transform_pan": 0.027, "layout_transform_strength": 0.14, "lr": 0.01, "min_motion_delta": 0.04, "min_ocr_similarity": 0.56, "motion_mode": "static", "motion_strength": 0.0, "seed": 0, "source_resolution": [1280, 736], "steps": 4500, "text_box_loss_weight": 0.0, "text_box_min_conf": 55.0, "text_box_padding": 0, "text_box_sample_ratio": 0.0, "text_boxes": "0 boxes", "time_bands": 4, "train_resolution": "1280x736", "video_layout_mode": "frame-scale", "video_viewport_mode": "static", "viewport_pan": 0.0, "viewport_zoom": 0.0}
{
  "canvas_type": "time-conditioned-latent-feature-grid-learned-flow-mlp-glyph-weighted",
  "train_resolution": "1280x736",
  "steps": 4500,
  "batch_size": 131072,
  "channels": 16,
  "hidden": 96,
  "freq_bands": 8,
  "time_bands": 4,
  "lr": 0.01,
  "seed": 0,
  "flow_scale": 0.014,
  "motion_mode": "static",
  "motion_strength": 0.0,
  "video_viewport_mode": "static",
  "viewport_zoom": 0.0,
  "viewport_pan": 0.0,
  "video_layout_mode": "frame-scale",
  "layout_transform_strength": 0.14,
  "layout_transform_pan": 0.027,
  "layout_supersample": 1.5,
  "element_scale_ratio": 0.25,
  "element_anchor_padding": 3,
  "element_mask_mode": "rectangle",
  "element_anchor_mode": "line",
  "element_render_mode": "sequential",
  "element_line_count": 0,
  "min_ocr_similarity": 0.56,
  "min_motion_delta": 0.04,
  "edge_sample_ratio": 0.09,
  "edge_loss_weight": 0.9,
  "text_box_sample_ratio": 0.0,
  "text_box_loss_weight": 0.0,
  "text_box_padding": 0,
  "text_box_count": 0,
  "text_mask_coverage": 0.0,
  "element_alpha_coverage": 0.0,
  "compile_ms": 28007.740433,
  "final_mse": 0.0008089857292361557,
  "losses": [
    {
      "step": 0,
      "mse": 0.2256249189376831
    },
    {
      "step": 225,
      "mse": 0.0009167238604277372
    },
    {
      "step": 450,
      "mse": 0.00012799928663298488
    },
    {
      "step": 675,
      "mse": 5.657785732182674e-05
    },
    {
      "step": 900,
      "mse": 2.725172453210689e-05
    },
    {
      "step": 1125,
      "mse": 3.126010415144265e-05
    },
    {
      "step": 1350,
      "mse": 2.1957643184578046e-05
    },
    {
      "step": 1575,
      "mse": 2.183178730774671e-05
    },
    {
      "step": 1800,
      "mse": 2.4060384021140635e-05
    },
    {
      "step": 2025,
      "mse": 1.5196770618786104e-05
    },
    {
      "step": 2250,
      "mse": 1.2884094758192077e-05
    },
    {
      "step": 2475,
      "mse": 1.691173565632198e-05
    },
    {
      "step": 2700,
      "mse": 1.237454853253439e-05
    },
    {
      "step": 2925,
      "mse": 0.005827884189784527
    },
    {
      "step": 3150,
      "mse": 0.0004436665622051805
    },
    {
      "step": 3375,
      "mse": 0.0003502728359308094
    },
    {
      "step": 3600,
      "mse": 0.00044025795068591833
    },
    {
      "step": 3825,
      "mse": 0.0003243757819291204
    },
    {
      "step": 4050,
      "mse": 0.00046885982737876475
    },
    {
      "step": 4275,
      "mse": 0.001506536966189742
    },
    {
      "step": 4499,
      "mse": 0.0008089857292361557
    }
  ],
  "render_times": {
    "render-960.png": 15.482319999996719,
    "render-mid.png": 9.667459999995742,
    "render-last.png": 9.679120000001262,
    "render-512.png": 2.7768970000039417,
    "crop-2x.png": 9.481112999999652,
    "render-layout-mid.png": 35.69780099999775
  },
  "render_960_ms": 15.482319999996719,
  "render_33_wall_ms": 664.9743369999967,
  "encode_ms": 262.94702500000255,
  "resize_consistency": 0.9999080274215986,
  "temporal_consistency": 0.9875078573822975,
  "motion_delta_model": 0.07298734784126282,
  "loop_error_model": 0.012492142617702484,
  "description": "C2-lite neural canvas: learned time-conditioned motion field with glyph-weighted sampling/loss",
  "run_id": "20260424T200521382062Z-c2-lite-glyph-static-layout-frame-scale-c38-frame-scale-014-edge09-aa15-1280x736-s4500",
  "commit": "7e454ac",
  "track": "C",
  "width": 960,
  "height": 544,
  "frames": 33,
  "fps": 24,
  "artifacts": {
    "input": "/Users/dennisonbertram/Develop/flipbook-research/outputs/track-c/20260424T200521382062Z-c2-lite-glyph-static-layout-frame-scale-c38-frame-scale-014-edge09-aa15-1280x736-s4500/input.png",
    "render_960": "/Users/dennisonbertram/Develop/flipbook-research/outputs/track-c/20260424T200521382062Z-c2-lite-glyph-static-layout-frame-scale-c38-frame-scale-014-edge09-aa15-1280x736-s4500/render-960.png",
    "render_mid": "/Users/dennisonbertram/Develop/flipbook-research/outputs/track-c/20260424T200521382062Z-c2-lite-glyph-static-layout-frame-scale-c38-frame-scale-014-edge09-aa15-1280x736-s4500/render-mid.png",
    "render_last": "/Users/dennisonbertram/Develop/flipbook-research/outputs/track-c/20260424T200521382062Z-c2-lite-glyph-static-layout-frame-scale-c38-frame-scale-014-edge09-aa15-1280x736-s4500/render-last.png",
    "render_512": "/Users/dennisonbertram/Develop/flipbook-research/outputs/track-c/20260424T200521382062Z-c2-lite-glyph-static-layout-frame-scale-c38-frame-scale-014-edge09-aa15-1280x736-s4500/render-512.png",
    "crop_2x": "/Users/dennisonbertram/Develop/flipbook-research/outputs/track-c/20260424T200521382062Z-c2-lite-glyph-static-layout-frame-scale-c38-frame-scale-014-edge09-aa15-1280x736-s4500/crop-2x.png",
    "text_mask": "/Users/dennisonbertram/Develop/flipbook-research/outputs/track-c/20260424T200521382062Z-c2-lite-glyph-static-layout-frame-scale-c38-frame-scale-014-edge09-aa15-1280x736-s4500/text-mask.png",
    "element_alpha_mask": "/Users/dennisonbertram/Develop/flipbook-research/outputs/track-c/20260424T200521382062Z-c2-lite-glyph-static-layout-frame-scale-c38-frame-scale-014-edge09-aa15-1280x736-s4500/element-alpha-mask.png",
    "text_boxes": "/Users/dennisonbertram/Develop/flipbook-research/outputs/track-c/20260424T200521382062Z-c2-lite-glyph-static-layout-frame-scale-c38-frame-scale-014-edge09-aa15-1280x736-s4500/text-boxes.json",
    "output": "/Users/dennisonbertram/Develop/flipbook-research/outputs/track-c/20260424T200521382062Z-c2-lite-glyph-static-layout-frame-scale-c38-frame-scale-014-edge09-aa15-1280x736-s4500/output.mp4",
    "metrics": "/Users/dennisonbertram/Develop/flipbook-research/outputs/track-c/20260424T200521382062Z-c2-lite-glyph-static-layout-frame-scale-c38-frame-scale-014-edge09-aa15-1280x736-s4500/metrics.json",
    "quality": "/Users/dennisonbertram/Develop/flipbook-research/outputs/track-c/20260424T200521382062Z-c2-lite-glyph-static-layout-frame-scale-c38-frame-scale-014-edge09-aa15-1280x736-s4500/quality.json",
    "render_layout_mid": "/Users/dennisonbertram/Develop/flipbook-research/outputs/track-c/20260424T200521382062Z-c2-lite-glyph-static-layout-frame-scale-c38-frame-scale-014-edge09-aa15-1280x736-s4500/render-layout-mid.png"
  },
  "ocr_similarity": 0.5142857142857142,
  "layout_similarity": 0.9999080274215986,
  "motion_delta": 0.0579344816505909,
  "loop_error": 0.002463840413838625,
  "status": "near_miss"
}
DONE 20260424T200521382062Z-c2-lite-glyph-static-layout-frame-scale-c38-frame-scale-014-edge09-aa15-1280x736-s4500 quality=0.5143 motion=0.0579
Stopping app - local entrypoint completed.
✓ App completed. View run at 
https://modal.com/apps/dennisonbertram/main/ap-ICC14qn74K7HIrbvc40UAh
