✓ Initialized. View run at 
https://modal.com/apps/dennisonbertram/main/ap-gLHJYrFtSBTnKxJ8piuaI3
✓ Created objects.
├── 🔨 Created mount 
│   /Users/dennisonbertram/Develop/flipbook-research/scripts/track_c/modal_canva
│   s_c2_lite.py
└── 🔨 Created function train_and_render_motion.
START 20260424T200522358885Z-c2-lite-glyph-static-layout-frame-scale-c38-frame-scale-0125-edge09-freq10-1280x736-s4500 config={"batch_size": 131072, "channels": 16, "edge_loss_weight": 0.9, "edge_sample_ratio": 0.09, "element_anchor_mode": "line", "element_anchor_padding": 3, "element_mask_mode": "rectangle", "element_render_mode": "sequential", "element_scale_ratio": 0.25, "experiment_label": "c38-frame-scale-0125-edge09-freq10", "flow_scale": 0.014, "fps": 24, "frames": 33, "freq_bands": 10, "hidden": 96, "layout_supersample": 1.0, "layout_transform_pan": 0.024, "layout_transform_strength": 0.125, "lr": 0.01, "min_motion_delta": 0.04, "min_ocr_similarity": 0.62, "motion_mode": "static", "motion_strength": 0.0, "seed": 0, "source_resolution": [1280, 736], "steps": 4500, "text_box_loss_weight": 0.0, "text_box_min_conf": 55.0, "text_box_padding": 0, "text_box_sample_ratio": 0.0, "text_boxes": "0 boxes", "time_bands": 4, "train_resolution": "1280x736", "video_layout_mode": "frame-scale", "video_viewport_mode": "static", "viewport_pan": 0.0, "viewport_zoom": 0.0}
{
  "canvas_type": "time-conditioned-latent-feature-grid-learned-flow-mlp-glyph-weighted",
  "train_resolution": "1280x736",
  "steps": 4500,
  "batch_size": 131072,
  "channels": 16,
  "hidden": 96,
  "freq_bands": 10,
  "time_bands": 4,
  "lr": 0.01,
  "seed": 0,
  "flow_scale": 0.014,
  "motion_mode": "static",
  "motion_strength": 0.0,
  "video_viewport_mode": "static",
  "viewport_zoom": 0.0,
  "viewport_pan": 0.0,
  "video_layout_mode": "frame-scale",
  "layout_transform_strength": 0.125,
  "layout_transform_pan": 0.024,
  "layout_supersample": 1.0,
  "element_scale_ratio": 0.25,
  "element_anchor_padding": 3,
  "element_mask_mode": "rectangle",
  "element_anchor_mode": "line",
  "element_render_mode": "sequential",
  "element_line_count": 0,
  "min_ocr_similarity": 0.62,
  "min_motion_delta": 0.04,
  "edge_sample_ratio": 0.09,
  "edge_loss_weight": 0.9,
  "text_box_sample_ratio": 0.0,
  "text_box_loss_weight": 0.0,
  "text_box_padding": 0,
  "text_box_count": 0,
  "text_mask_coverage": 0.0,
  "element_alpha_coverage": 0.0,
  "compile_ms": 28563.596604,
  "final_mse": 1.0485988241271116e-05,
  "losses": [
    {
      "step": 0,
      "mse": 0.2229805290699005
    },
    {
      "step": 225,
      "mse": 0.0006159060867503285
    },
    {
      "step": 450,
      "mse": 0.00013503074296750128
    },
    {
      "step": 675,
      "mse": 6.967860099393874e-05
    },
    {
      "step": 900,
      "mse": 6.775603105779737e-05
    },
    {
      "step": 1125,
      "mse": 3.431409641052596e-05
    },
    {
      "step": 1350,
      "mse": 1.7326363376923837e-05
    },
    {
      "step": 1575,
      "mse": 2.7755217161029577e-05
    },
    {
      "step": 1800,
      "mse": 1.030994735629065e-05
    },
    {
      "step": 2025,
      "mse": 0.01077873446047306
    },
    {
      "step": 2250,
      "mse": 0.000499080924782902
    },
    {
      "step": 2475,
      "mse": 5.618821523967199e-05
    },
    {
      "step": 2700,
      "mse": 3.375473170308396e-05
    },
    {
      "step": 2925,
      "mse": 3.163303335895762e-05
    },
    {
      "step": 3150,
      "mse": 1.756641358952038e-05
    },
    {
      "step": 3375,
      "mse": 1.2131255061831325e-05
    },
    {
      "step": 3600,
      "mse": 1.117998363042716e-05
    },
    {
      "step": 3825,
      "mse": 9.946343197952956e-06
    },
    {
      "step": 4050,
      "mse": 1.2110171155654825e-05
    },
    {
      "step": 4275,
      "mse": 8.471005457977299e-06
    },
    {
      "step": 4499,
      "mse": 1.0485988241271116e-05
    }
  ],
  "render_times": {
    "render-960.png": 14.874030999997956,
    "render-mid.png": 9.418293999999605,
    "render-last.png": 9.394779000004405,
    "render-512.png": 2.5673889999993094,
    "crop-2x.png": 9.30356900000362,
    "render-layout-mid.png": 24.12742699999626
  },
  "render_960_ms": 14.874030999997956,
  "render_33_wall_ms": 304.1590019999987,
  "encode_ms": 257.97040099999435,
  "resize_consistency": 0.9999483505279823,
  "temporal_consistency": 0.9999996486480427,
  "motion_delta_model": 0.07350924611091614,
  "loop_error_model": 3.513519573061785e-07,
  "description": "C2-lite neural canvas: learned time-conditioned motion field with glyph-weighted sampling/loss",
  "run_id": "20260424T200522358885Z-c2-lite-glyph-static-layout-frame-scale-c38-frame-scale-0125-edge09-freq10-1280x736-s4500",
  "commit": "7e454ac",
  "track": "C",
  "width": 960,
  "height": 544,
  "frames": 33,
  "fps": 24,
  "artifacts": {
    "input": "/Users/dennisonbertram/Develop/flipbook-research/outputs/track-c/20260424T200522358885Z-c2-lite-glyph-static-layout-frame-scale-c38-frame-scale-0125-edge09-freq10-1280x736-s4500/input.png",
    "render_960": "/Users/dennisonbertram/Develop/flipbook-research/outputs/track-c/20260424T200522358885Z-c2-lite-glyph-static-layout-frame-scale-c38-frame-scale-0125-edge09-freq10-1280x736-s4500/render-960.png",
    "render_mid": "/Users/dennisonbertram/Develop/flipbook-research/outputs/track-c/20260424T200522358885Z-c2-lite-glyph-static-layout-frame-scale-c38-frame-scale-0125-edge09-freq10-1280x736-s4500/render-mid.png",
    "render_last": "/Users/dennisonbertram/Develop/flipbook-research/outputs/track-c/20260424T200522358885Z-c2-lite-glyph-static-layout-frame-scale-c38-frame-scale-0125-edge09-freq10-1280x736-s4500/render-last.png",
    "render_512": "/Users/dennisonbertram/Develop/flipbook-research/outputs/track-c/20260424T200522358885Z-c2-lite-glyph-static-layout-frame-scale-c38-frame-scale-0125-edge09-freq10-1280x736-s4500/render-512.png",
    "crop_2x": "/Users/dennisonbertram/Develop/flipbook-research/outputs/track-c/20260424T200522358885Z-c2-lite-glyph-static-layout-frame-scale-c38-frame-scale-0125-edge09-freq10-1280x736-s4500/crop-2x.png",
    "text_mask": "/Users/dennisonbertram/Develop/flipbook-research/outputs/track-c/20260424T200522358885Z-c2-lite-glyph-static-layout-frame-scale-c38-frame-scale-0125-edge09-freq10-1280x736-s4500/text-mask.png",
    "element_alpha_mask": "/Users/dennisonbertram/Develop/flipbook-research/outputs/track-c/20260424T200522358885Z-c2-lite-glyph-static-layout-frame-scale-c38-frame-scale-0125-edge09-freq10-1280x736-s4500/element-alpha-mask.png",
    "text_boxes": "/Users/dennisonbertram/Develop/flipbook-research/outputs/track-c/20260424T200522358885Z-c2-lite-glyph-static-layout-frame-scale-c38-frame-scale-0125-edge09-freq10-1280x736-s4500/text-boxes.json",
    "output": "/Users/dennisonbertram/Develop/flipbook-research/outputs/track-c/20260424T200522358885Z-c2-lite-glyph-static-layout-frame-scale-c38-frame-scale-0125-edge09-freq10-1280x736-s4500/output.mp4",
    "metrics": "/Users/dennisonbertram/Develop/flipbook-research/outputs/track-c/20260424T200522358885Z-c2-lite-glyph-static-layout-frame-scale-c38-frame-scale-0125-edge09-freq10-1280x736-s4500/metrics.json",
    "quality": "/Users/dennisonbertram/Develop/flipbook-research/outputs/track-c/20260424T200522358885Z-c2-lite-glyph-static-layout-frame-scale-c38-frame-scale-0125-edge09-freq10-1280x736-s4500/quality.json",
    "render_layout_mid": "/Users/dennisonbertram/Develop/flipbook-research/outputs/track-c/20260424T200522358885Z-c2-lite-glyph-static-layout-frame-scale-c38-frame-scale-0125-edge09-freq10-1280x736-s4500/render-layout-mid.png"
  },
  "ocr_similarity": 0.6912442396313364,
  "layout_similarity": 0.9999483505279823,
  "motion_delta": 0.056249622255563736,
  "loop_error": 0.0015014145756140351,
  "status": "pass"
}
DONE 20260424T200522358885Z-c2-lite-glyph-static-layout-frame-scale-c38-frame-scale-0125-edge09-freq10-1280x736-s4500 quality=0.6912 motion=0.0562
Stopping app - local entrypoint completed.
✓ App completed. View run at 
https://modal.com/apps/dennisonbertram/main/ap-gLHJYrFtSBTnKxJ8piuaI3
