✓ Initialized. View run at 
https://modal.com/apps/dennisonbertram/main/ap-CJ2GtOPwwal2vATjQAHr87
✓ Created objects.
├── 🔨 Created mount 
│   /Users/dennisonbertram/Develop/flipbook-research/scripts/track_c/modal_canva
│   s_c2_lite.py
└── 🔨 Created function train_and_render_motion.
START 20260424T200521536221Z-c2-lite-glyph-static-layout-frame-scale-c38-frame-scale-014-edge09-aa2-1280x736-s4500 config={"batch_size": 131072, "channels": 16, "edge_loss_weight": 0.9, "edge_sample_ratio": 0.09, "element_anchor_mode": "line", "element_anchor_padding": 3, "element_mask_mode": "rectangle", "element_render_mode": "sequential", "element_scale_ratio": 0.25, "experiment_label": "c38-frame-scale-014-edge09-aa2", "flow_scale": 0.014, "fps": 24, "frames": 33, "freq_bands": 8, "hidden": 96, "layout_supersample": 2.0, "layout_transform_pan": 0.027, "layout_transform_strength": 0.14, "lr": 0.01, "min_motion_delta": 0.04, "min_ocr_similarity": 0.58, "motion_mode": "static", "motion_strength": 0.0, "seed": 0, "source_resolution": [1280, 736], "steps": 4500, "text_box_loss_weight": 0.0, "text_box_min_conf": 55.0, "text_box_padding": 0, "text_box_sample_ratio": 0.0, "text_boxes": "0 boxes", "time_bands": 4, "train_resolution": "1280x736", "video_layout_mode": "frame-scale", "video_viewport_mode": "static", "viewport_pan": 0.0, "viewport_zoom": 0.0}
{
  "canvas_type": "time-conditioned-latent-feature-grid-learned-flow-mlp-glyph-weighted",
  "train_resolution": "1280x736",
  "steps": 4500,
  "batch_size": 131072,
  "channels": 16,
  "hidden": 96,
  "freq_bands": 8,
  "time_bands": 4,
  "lr": 0.01,
  "seed": 0,
  "flow_scale": 0.014,
  "motion_mode": "static",
  "motion_strength": 0.0,
  "video_viewport_mode": "static",
  "viewport_zoom": 0.0,
  "viewport_pan": 0.0,
  "video_layout_mode": "frame-scale",
  "layout_transform_strength": 0.14,
  "layout_transform_pan": 0.027,
  "layout_supersample": 2.0,
  "element_scale_ratio": 0.25,
  "element_anchor_padding": 3,
  "element_mask_mode": "rectangle",
  "element_anchor_mode": "line",
  "element_render_mode": "sequential",
  "element_line_count": 0,
  "min_ocr_similarity": 0.58,
  "min_motion_delta": 0.04,
  "edge_sample_ratio": 0.09,
  "edge_loss_weight": 0.9,
  "text_box_sample_ratio": 0.0,
  "text_box_loss_weight": 0.0,
  "text_box_padding": 0,
  "text_box_count": 0,
  "text_mask_coverage": 0.0,
  "element_alpha_coverage": 0.0,
  "compile_ms": 27994.911233999996,
  "final_mse": 1.4079987522563897e-05,
  "losses": [
    {
      "step": 0,
      "mse": 0.22562538087368011
    },
    {
      "step": 225,
      "mse": 0.0009187369141727686
    },
    {
      "step": 450,
      "mse": 0.00012598087778314948
    },
    {
      "step": 675,
      "mse": 6.573827704414725e-05
    },
    {
      "step": 900,
      "mse": 3.114408900728449e-05
    },
    {
      "step": 1125,
      "mse": 2.5314435333712026e-05
    },
    {
      "step": 1350,
      "mse": 2.5957006073440425e-05
    },
    {
      "step": 1575,
      "mse": 0.02610359713435173
    },
    {
      "step": 1800,
      "mse": 0.0014436561614274979
    },
    {
      "step": 2025,
      "mse": 4.332435128162615e-05
    },
    {
      "step": 2250,
      "mse": 2.6580401026876643e-05
    },
    {
      "step": 2475,
      "mse": 1.5167213859967887e-05
    },
    {
      "step": 2700,
      "mse": 1.5948400687193498e-05
    },
    {
      "step": 2925,
      "mse": 1.2617998436326161e-05
    },
    {
      "step": 3150,
      "mse": 8.381313818972558e-06
    },
    {
      "step": 3375,
      "mse": 1.0337164894735906e-05
    },
    {
      "step": 3600,
      "mse": 6.574057806574274e-06
    },
    {
      "step": 3825,
      "mse": 1.1879525118274614e-05
    },
    {
      "step": 4050,
      "mse": 5.934943146712612e-06
    },
    {
      "step": 4275,
      "mse": 4.6200078941183165e-05
    },
    {
      "step": 4499,
      "mse": 1.4079987522563897e-05
    }
  ],
  "render_times": {
    "render-960.png": 15.409918000003131,
    "render-mid.png": 9.523766000000933,
    "render-last.png": 9.631179000002987,
    "render-512.png": 2.5073049999946306,
    "crop-2x.png": 9.352311999997198,
    "render-layout-mid.png": 53.44018199999567
  },
  "render_960_ms": 15.409918000003131,
  "render_33_wall_ms": 1206.7333319999989,
  "encode_ms": 249.8848649999985,
  "resize_consistency": 0.9999518147416868,
  "temporal_consistency": 0.9918914036825299,
  "motion_delta_model": 0.07375089824199677,
  "loop_error_model": 0.008108596317470074,
  "description": "C2-lite neural canvas: learned time-conditioned motion field with glyph-weighted sampling/loss",
  "run_id": "20260424T200521536221Z-c2-lite-glyph-static-layout-frame-scale-c38-frame-scale-014-edge09-aa2-1280x736-s4500",
  "commit": "7e454ac",
  "track": "C",
  "width": 960,
  "height": 544,
  "frames": 33,
  "fps": 24,
  "artifacts": {
    "input": "/Users/dennisonbertram/Develop/flipbook-research/outputs/track-c/20260424T200521536221Z-c2-lite-glyph-static-layout-frame-scale-c38-frame-scale-014-edge09-aa2-1280x736-s4500/input.png",
    "render_960": "/Users/dennisonbertram/Develop/flipbook-research/outputs/track-c/20260424T200521536221Z-c2-lite-glyph-static-layout-frame-scale-c38-frame-scale-014-edge09-aa2-1280x736-s4500/render-960.png",
    "render_mid": "/Users/dennisonbertram/Develop/flipbook-research/outputs/track-c/20260424T200521536221Z-c2-lite-glyph-static-layout-frame-scale-c38-frame-scale-014-edge09-aa2-1280x736-s4500/render-mid.png",
    "render_last": "/Users/dennisonbertram/Develop/flipbook-research/outputs/track-c/20260424T200521536221Z-c2-lite-glyph-static-layout-frame-scale-c38-frame-scale-014-edge09-aa2-1280x736-s4500/render-last.png",
    "render_512": "/Users/dennisonbertram/Develop/flipbook-research/outputs/track-c/20260424T200521536221Z-c2-lite-glyph-static-layout-frame-scale-c38-frame-scale-014-edge09-aa2-1280x736-s4500/render-512.png",
    "crop_2x": "/Users/dennisonbertram/Develop/flipbook-research/outputs/track-c/20260424T200521536221Z-c2-lite-glyph-static-layout-frame-scale-c38-frame-scale-014-edge09-aa2-1280x736-s4500/crop-2x.png",
    "text_mask": "/Users/dennisonbertram/Develop/flipbook-research/outputs/track-c/20260424T200521536221Z-c2-lite-glyph-static-layout-frame-scale-c38-frame-scale-014-edge09-aa2-1280x736-s4500/text-mask.png",
    "element_alpha_mask": "/Users/dennisonbertram/Develop/flipbook-research/outputs/track-c/20260424T200521536221Z-c2-lite-glyph-static-layout-frame-scale-c38-frame-scale-014-edge09-aa2-1280x736-s4500/element-alpha-mask.png",
    "text_boxes": "/Users/dennisonbertram/Develop/flipbook-research/outputs/track-c/20260424T200521536221Z-c2-lite-glyph-static-layout-frame-scale-c38-frame-scale-014-edge09-aa2-1280x736-s4500/text-boxes.json",
    "output": "/Users/dennisonbertram/Develop/flipbook-research/outputs/track-c/20260424T200521536221Z-c2-lite-glyph-static-layout-frame-scale-c38-frame-scale-014-edge09-aa2-1280x736-s4500/output.mp4",
    "metrics": "/Users/dennisonbertram/Develop/flipbook-research/outputs/track-c/20260424T200521536221Z-c2-lite-glyph-static-layout-frame-scale-c38-frame-scale-014-edge09-aa2-1280x736-s4500/metrics.json",
    "quality": "/Users/dennisonbertram/Develop/flipbook-research/outputs/track-c/20260424T200521536221Z-c2-lite-glyph-static-layout-frame-scale-c38-frame-scale-014-edge09-aa2-1280x736-s4500/quality.json",
    "render_layout_mid": "/Users/dennisonbertram/Develop/flipbook-research/outputs/track-c/20260424T200521536221Z-c2-lite-glyph-static-layout-frame-scale-c38-frame-scale-014-edge09-aa2-1280x736-s4500/render-layout-mid.png"
  },
  "ocr_similarity": 0.6820276497695852,
  "layout_similarity": 0.9999518147416868,
  "motion_delta": 0.05867336690425873,
  "loop_error": 0.002125695813447237,
  "status": "near_miss"
}
DONE 20260424T200521536221Z-c2-lite-glyph-static-layout-frame-scale-c38-frame-scale-014-edge09-aa2-1280x736-s4500 quality=0.6820 motion=0.0587
Stopping app - local entrypoint completed.
✓ App completed. View run at 
https://modal.com/apps/dennisonbertram/main/ap-CJ2GtOPwwal2vATjQAHr87
