✓ Initialized. View run at 
https://modal.com/apps/dennisonbertram/main/ap-LYFdT2jmtJGxzHgRPStyC6
✓ Created objects.
├── 🔨 Created mount 
│   /Users/dennisonbertram/Develop/flipbook-research/scripts/track_c/modal_canva
│   s_c2_lite.py
└── 🔨 Created function train_and_render_motion.
START 20260424T200523455197Z-c2-lite-glyph-static-layout-frame-scale-c38-frame-scale-0125-edge09-aa15-1280x736-s4500 config={"batch_size": 131072, "channels": 16, "edge_loss_weight": 0.9, "edge_sample_ratio": 0.09, "element_anchor_mode": "line", "element_anchor_padding": 3, "element_mask_mode": "rectangle", "element_render_mode": "sequential", "element_scale_ratio": 0.25, "experiment_label": "c38-frame-scale-0125-edge09-aa15", "flow_scale": 0.014, "fps": 24, "frames": 33, "freq_bands": 8, "hidden": 96, "layout_supersample": 1.5, "layout_transform_pan": 0.024, "layout_transform_strength": 0.125, "lr": 0.01, "min_motion_delta": 0.04, "min_ocr_similarity": 0.62, "motion_mode": "static", "motion_strength": 0.0, "seed": 0, "source_resolution": [1280, 736], "steps": 4500, "text_box_loss_weight": 0.0, "text_box_min_conf": 55.0, "text_box_padding": 0, "text_box_sample_ratio": 0.0, "text_boxes": "0 boxes", "time_bands": 4, "train_resolution": "1280x736", "video_layout_mode": "frame-scale", "video_viewport_mode": "static", "viewport_pan": 0.0, "viewport_zoom": 0.0}
{
  "canvas_type": "time-conditioned-latent-feature-grid-learned-flow-mlp-glyph-weighted",
  "train_resolution": "1280x736",
  "steps": 4500,
  "batch_size": 131072,
  "channels": 16,
  "hidden": 96,
  "freq_bands": 8,
  "time_bands": 4,
  "lr": 0.01,
  "seed": 0,
  "flow_scale": 0.014,
  "motion_mode": "static",
  "motion_strength": 0.0,
  "video_viewport_mode": "static",
  "viewport_zoom": 0.0,
  "viewport_pan": 0.0,
  "video_layout_mode": "frame-scale",
  "layout_transform_strength": 0.125,
  "layout_transform_pan": 0.024,
  "layout_supersample": 1.5,
  "element_scale_ratio": 0.25,
  "element_anchor_padding": 3,
  "element_mask_mode": "rectangle",
  "element_anchor_mode": "line",
  "element_render_mode": "sequential",
  "element_line_count": 0,
  "min_ocr_similarity": 0.62,
  "min_motion_delta": 0.04,
  "edge_sample_ratio": 0.09,
  "edge_loss_weight": 0.9,
  "text_box_sample_ratio": 0.0,
  "text_box_loss_weight": 0.0,
  "text_box_padding": 0,
  "text_box_count": 0,
  "text_mask_coverage": 0.0,
  "element_alpha_coverage": 0.0,
  "compile_ms": 28030.520397000004,
  "final_mse": 1.9709232219611295e-06,
  "losses": [
    {
      "step": 0,
      "mse": 0.2256285399198532
    },
    {
      "step": 225,
      "mse": 0.0009696715278550982
    },
    {
      "step": 450,
      "mse": 0.00021331495372578502
    },
    {
      "step": 675,
      "mse": 4.8875066568143666e-05
    },
    {
      "step": 900,
      "mse": 3.168541661580093e-05
    },
    {
      "step": 1125,
      "mse": 2.444600613671355e-05
    },
    {
      "step": 1350,
      "mse": 2.4294917238876224e-05
    },
    {
      "step": 1575,
      "mse": 2.1226425815257244e-05
    },
    {
      "step": 1800,
      "mse": 1.3207089068600908e-05
    },
    {
      "step": 2025,
      "mse": 6.218706403160468e-05
    },
    {
      "step": 2250,
      "mse": 1.77382244146429e-05
    },
    {
      "step": 2475,
      "mse": 9.57115480559878e-06
    },
    {
      "step": 2700,
      "mse": 7.0382716330641415e-06
    },
    {
      "step": 2925,
      "mse": 5.641707957693143e-06
    },
    {
      "step": 3150,
      "mse": 6.010347533447202e-06
    },
    {
      "step": 3375,
      "mse": 5.565801075135823e-06
    },
    {
      "step": 3600,
      "mse": 2.2197577891347464e-06
    },
    {
      "step": 3825,
      "mse": 2.274063263030257e-06
    },
    {
      "step": 4050,
      "mse": 1.4513226233248133e-05
    },
    {
      "step": 4275,
      "mse": 1.5650952263968065e-05
    },
    {
      "step": 4499,
      "mse": 1.9709232219611295e-06
    }
  ],
  "render_times": {
    "render-960.png": 15.039737000002162,
    "render-mid.png": 9.347805000004428,
    "render-last.png": 9.34401600000001,
    "render-512.png": 2.429592000005698,
    "crop-2x.png": 9.263891000003355,
    "render-layout-mid.png": 36.05549099999905
  },
  "render_960_ms": 15.039737000002162,
  "render_33_wall_ms": 664.1376639999947,
  "encode_ms": 348.08999400000573,
  "resize_consistency": 0.9999464066823324,
  "temporal_consistency": 0.9886235678568482,
  "motion_delta_model": 0.07297161966562271,
  "loop_error_model": 0.01137643214315176,
  "description": "C2-lite neural canvas: learned time-conditioned motion field with glyph-weighted sampling/loss",
  "run_id": "20260424T200523455197Z-c2-lite-glyph-static-layout-frame-scale-c38-frame-scale-0125-edge09-aa15-1280x736-s4500",
  "commit": "7e454ac",
  "track": "C",
  "width": 960,
  "height": 544,
  "frames": 33,
  "fps": 24,
  "artifacts": {
    "input": "/Users/dennisonbertram/Develop/flipbook-research/outputs/track-c/20260424T200523455197Z-c2-lite-glyph-static-layout-frame-scale-c38-frame-scale-0125-edge09-aa15-1280x736-s4500/input.png",
    "render_960": "/Users/dennisonbertram/Develop/flipbook-research/outputs/track-c/20260424T200523455197Z-c2-lite-glyph-static-layout-frame-scale-c38-frame-scale-0125-edge09-aa15-1280x736-s4500/render-960.png",
    "render_mid": "/Users/dennisonbertram/Develop/flipbook-research/outputs/track-c/20260424T200523455197Z-c2-lite-glyph-static-layout-frame-scale-c38-frame-scale-0125-edge09-aa15-1280x736-s4500/render-mid.png",
    "render_last": "/Users/dennisonbertram/Develop/flipbook-research/outputs/track-c/20260424T200523455197Z-c2-lite-glyph-static-layout-frame-scale-c38-frame-scale-0125-edge09-aa15-1280x736-s4500/render-last.png",
    "render_512": "/Users/dennisonbertram/Develop/flipbook-research/outputs/track-c/20260424T200523455197Z-c2-lite-glyph-static-layout-frame-scale-c38-frame-scale-0125-edge09-aa15-1280x736-s4500/render-512.png",
    "crop_2x": "/Users/dennisonbertram/Develop/flipbook-research/outputs/track-c/20260424T200523455197Z-c2-lite-glyph-static-layout-frame-scale-c38-frame-scale-0125-edge09-aa15-1280x736-s4500/crop-2x.png",
    "text_mask": "/Users/dennisonbertram/Develop/flipbook-research/outputs/track-c/20260424T200523455197Z-c2-lite-glyph-static-layout-frame-scale-c38-frame-scale-0125-edge09-aa15-1280x736-s4500/text-mask.png",
    "element_alpha_mask": "/Users/dennisonbertram/Develop/flipbook-research/outputs/track-c/20260424T200523455197Z-c2-lite-glyph-static-layout-frame-scale-c38-frame-scale-0125-edge09-aa15-1280x736-s4500/element-alpha-mask.png",
    "text_boxes": "/Users/dennisonbertram/Develop/flipbook-research/outputs/track-c/20260424T200523455197Z-c2-lite-glyph-static-layout-frame-scale-c38-frame-scale-0125-edge09-aa15-1280x736-s4500/text-boxes.json",
    "output": "/Users/dennisonbertram/Develop/flipbook-research/outputs/track-c/20260424T200523455197Z-c2-lite-glyph-static-layout-frame-scale-c38-frame-scale-0125-edge09-aa15-1280x736-s4500/output.mp4",
    "metrics": "/Users/dennisonbertram/Develop/flipbook-research/outputs/track-c/20260424T200523455197Z-c2-lite-glyph-static-layout-frame-scale-c38-frame-scale-0125-edge09-aa15-1280x736-s4500/metrics.json",
    "quality": "/Users/dennisonbertram/Develop/flipbook-research/outputs/track-c/20260424T200523455197Z-c2-lite-glyph-static-layout-frame-scale-c38-frame-scale-0125-edge09-aa15-1280x736-s4500/quality.json",
    "render_layout_mid": "/Users/dennisonbertram/Develop/flipbook-research/outputs/track-c/20260424T200523455197Z-c2-lite-glyph-static-layout-frame-scale-c38-frame-scale-0125-edge09-aa15-1280x736-s4500/render-layout-mid.png"
  },
  "ocr_similarity": 0.5740740740740741,
  "layout_similarity": 0.9999464066823324,
  "motion_delta": 0.05753998085856438,
  "loop_error": 0.001415743725374341,
  "status": "near_miss"
}
DONE 20260424T200523455197Z-c2-lite-glyph-static-layout-frame-scale-c38-frame-scale-0125-edge09-aa15-1280x736-s4500 quality=0.5741 motion=0.0575
Stopping app - local entrypoint completed.
✓ App completed. View run at 
https://modal.com/apps/dennisonbertram/main/ap-LYFdT2jmtJGxzHgRPStyC6
