✓ Initialized. View run at 
https://modal.com/apps/dennisonbertram/main/ap-DUeWZ0PGxoJyxfsA9oWF70
✓ Created objects.
├── 🔨 Created mount 
│   /Users/dennisonbertram/Develop/flipbook-research/scripts/track_c/modal_canva
│   s_c2_lite.py
└── 🔨 Created function train_and_render_motion.
START 20260424T200523125074Z-c2-lite-glyph-static-layout-frame-scale-c38-frame-scale-0125-edge09-seed1-1280x736-s4500 config={"batch_size": 131072, "channels": 16, "edge_loss_weight": 0.9, "edge_sample_ratio": 0.09, "element_anchor_mode": "line", "element_anchor_padding": 3, "element_mask_mode": "rectangle", "element_render_mode": "sequential", "element_scale_ratio": 0.25, "experiment_label": "c38-frame-scale-0125-edge09-seed1", "flow_scale": 0.014, "fps": 24, "frames": 33, "freq_bands": 8, "hidden": 96, "layout_supersample": 1.0, "layout_transform_pan": 0.024, "layout_transform_strength": 0.125, "lr": 0.01, "min_motion_delta": 0.04, "min_ocr_similarity": 0.58, "motion_mode": "static", "motion_strength": 0.0, "seed": 1, "source_resolution": [1280, 736], "steps": 4500, "text_box_loss_weight": 0.0, "text_box_min_conf": 55.0, "text_box_padding": 0, "text_box_sample_ratio": 0.0, "text_boxes": "0 boxes", "time_bands": 4, "train_resolution": "1280x736", "video_layout_mode": "frame-scale", "video_viewport_mode": "static", "viewport_pan": 0.0, "viewport_zoom": 0.0}
{
  "canvas_type": "time-conditioned-latent-feature-grid-learned-flow-mlp-glyph-weighted",
  "train_resolution": "1280x736",
  "steps": 4500,
  "batch_size": 131072,
  "channels": 16,
  "hidden": 96,
  "freq_bands": 8,
  "time_bands": 4,
  "lr": 0.01,
  "seed": 1,
  "flow_scale": 0.014,
  "motion_mode": "static",
  "motion_strength": 0.0,
  "video_viewport_mode": "static",
  "viewport_zoom": 0.0,
  "viewport_pan": 0.0,
  "video_layout_mode": "frame-scale",
  "layout_transform_strength": 0.125,
  "layout_transform_pan": 0.024,
  "layout_supersample": 1.0,
  "element_scale_ratio": 0.25,
  "element_anchor_padding": 3,
  "element_mask_mode": "rectangle",
  "element_anchor_mode": "line",
  "element_render_mode": "sequential",
  "element_line_count": 0,
  "min_ocr_similarity": 0.58,
  "min_motion_delta": 0.04,
  "edge_sample_ratio": 0.09,
  "edge_loss_weight": 0.9,
  "text_box_sample_ratio": 0.0,
  "text_box_loss_weight": 0.0,
  "text_box_padding": 0,
  "text_box_count": 0,
  "text_mask_coverage": 0.0,
  "element_alpha_coverage": 0.0,
  "compile_ms": 27971.467400999998,
  "final_mse": 1.2253552085894626e-05,
  "losses": [
    {
      "step": 0,
      "mse": 0.22833600640296936
    },
    {
      "step": 225,
      "mse": 0.0007174692000262439
    },
    {
      "step": 450,
      "mse": 0.00011215859558433294
    },
    {
      "step": 675,
      "mse": 0.0003168134717270732
    },
    {
      "step": 900,
      "mse": 5.999823406455107e-05
    },
    {
      "step": 1125,
      "mse": 4.8142475861823186e-05
    },
    {
      "step": 1350,
      "mse": 1.3779468645225279e-05
    },
    {
      "step": 1575,
      "mse": 9.601517376722768e-06
    },
    {
      "step": 1800,
      "mse": 1.3642178601003252e-05
    },
    {
      "step": 2025,
      "mse": 1.1338956028339453e-05
    },
    {
      "step": 2250,
      "mse": 1.4224213373381644e-05
    },
    {
      "step": 2475,
      "mse": 1.4726888366567437e-05
    },
    {
      "step": 2700,
      "mse": 0.00022641284158453345
    },
    {
      "step": 2925,
      "mse": 6.443696474889293e-05
    },
    {
      "step": 3150,
      "mse": 4.0845323383109644e-05
    },
    {
      "step": 3375,
      "mse": 3.102070331806317e-05
    },
    {
      "step": 3600,
      "mse": 2.7547537683858536e-05
    },
    {
      "step": 3825,
      "mse": 1.859930307546165e-05
    },
    {
      "step": 4050,
      "mse": 3.985532384831458e-05
    },
    {
      "step": 4275,
      "mse": 1.5390854969155043e-05
    },
    {
      "step": 4499,
      "mse": 1.2253552085894626e-05
    }
  ],
  "render_times": {
    "render-960.png": 14.10865499999403,
    "render-mid.png": 9.351087000005975,
    "render-last.png": 9.354817000001958,
    "render-512.png": 2.426389999996559,
    "crop-2x.png": 9.28316000000251,
    "render-layout-mid.png": 23.330708999999672
  },
  "render_960_ms": 14.10865499999403,
  "render_33_wall_ms": 302.1532380000025,
  "encode_ms": 245.222566999999,
  "resize_consistency": 0.9999480123384235,
  "temporal_consistency": 0.9999998504134737,
  "motion_delta_model": 0.0744553655385971,
  "loop_error_model": 1.4958652627683477e-07,
  "description": "C2-lite neural canvas: learned time-conditioned motion field with glyph-weighted sampling/loss",
  "run_id": "20260424T200523125074Z-c2-lite-glyph-static-layout-frame-scale-c38-frame-scale-0125-edge09-seed1-1280x736-s4500",
  "commit": "7e454ac",
  "track": "C",
  "width": 960,
  "height": 544,
  "frames": 33,
  "fps": 24,
  "artifacts": {
    "input": "/Users/dennisonbertram/Develop/flipbook-research/outputs/track-c/20260424T200523125074Z-c2-lite-glyph-static-layout-frame-scale-c38-frame-scale-0125-edge09-seed1-1280x736-s4500/input.png",
    "render_960": "/Users/dennisonbertram/Develop/flipbook-research/outputs/track-c/20260424T200523125074Z-c2-lite-glyph-static-layout-frame-scale-c38-frame-scale-0125-edge09-seed1-1280x736-s4500/render-960.png",
    "render_mid": "/Users/dennisonbertram/Develop/flipbook-research/outputs/track-c/20260424T200523125074Z-c2-lite-glyph-static-layout-frame-scale-c38-frame-scale-0125-edge09-seed1-1280x736-s4500/render-mid.png",
    "render_last": "/Users/dennisonbertram/Develop/flipbook-research/outputs/track-c/20260424T200523125074Z-c2-lite-glyph-static-layout-frame-scale-c38-frame-scale-0125-edge09-seed1-1280x736-s4500/render-last.png",
    "render_512": "/Users/dennisonbertram/Develop/flipbook-research/outputs/track-c/20260424T200523125074Z-c2-lite-glyph-static-layout-frame-scale-c38-frame-scale-0125-edge09-seed1-1280x736-s4500/render-512.png",
    "crop_2x": "/Users/dennisonbertram/Develop/flipbook-research/outputs/track-c/20260424T200523125074Z-c2-lite-glyph-static-layout-frame-scale-c38-frame-scale-0125-edge09-seed1-1280x736-s4500/crop-2x.png",
    "text_mask": "/Users/dennisonbertram/Develop/flipbook-research/outputs/track-c/20260424T200523125074Z-c2-lite-glyph-static-layout-frame-scale-c38-frame-scale-0125-edge09-seed1-1280x736-s4500/text-mask.png",
    "element_alpha_mask": "/Users/dennisonbertram/Develop/flipbook-research/outputs/track-c/20260424T200523125074Z-c2-lite-glyph-static-layout-frame-scale-c38-frame-scale-0125-edge09-seed1-1280x736-s4500/element-alpha-mask.png",
    "text_boxes": "/Users/dennisonbertram/Develop/flipbook-research/outputs/track-c/20260424T200523125074Z-c2-lite-glyph-static-layout-frame-scale-c38-frame-scale-0125-edge09-seed1-1280x736-s4500/text-boxes.json",
    "output": "/Users/dennisonbertram/Develop/flipbook-research/outputs/track-c/20260424T200523125074Z-c2-lite-glyph-static-layout-frame-scale-c38-frame-scale-0125-edge09-seed1-1280x736-s4500/output.mp4",
    "metrics": "/Users/dennisonbertram/Develop/flipbook-research/outputs/track-c/20260424T200523125074Z-c2-lite-glyph-static-layout-frame-scale-c38-frame-scale-0125-edge09-seed1-1280x736-s4500/metrics.json",
    "quality": "/Users/dennisonbertram/Develop/flipbook-research/outputs/track-c/20260424T200523125074Z-c2-lite-glyph-static-layout-frame-scale-c38-frame-scale-0125-edge09-seed1-1280x736-s4500/quality.json",
    "render_layout_mid": "/Users/dennisonbertram/Develop/flipbook-research/outputs/track-c/20260424T200523125074Z-c2-lite-glyph-static-layout-frame-scale-c38-frame-scale-0125-edge09-seed1-1280x736-s4500/render-layout-mid.png"
  },
  "ocr_similarity": 0.608294930875576,
  "layout_similarity": 0.9999480123384235,
  "motion_delta": 0.05761884152889252,
  "loop_error": 0.0020700949244201183,
  "status": "pass"
}
DONE 20260424T200523125074Z-c2-lite-glyph-static-layout-frame-scale-c38-frame-scale-0125-edge09-seed1-1280x736-s4500 quality=0.6083 motion=0.0576
Stopping app - local entrypoint completed.
✓ App completed. View run at 
https://modal.com/apps/dennisonbertram/main/ap-DUeWZ0PGxoJyxfsA9oWF70
