✓ Initialized. View run at 
https://modal.com/apps/dennisonbertram/main/ap-tgeiRRelr1UJD7QhXIKFnm
✓ Created objects.
├── 🔨 Created mount 
│   /Users/dennisonbertram/Develop/flipbook-research/scripts/track_c/modal_canva
│   s_c2_lite.py
└── 🔨 Created function train_and_render_motion.
START 20260424T200523977867Z-c2-lite-glyph-static-layout-frame-scale-c38-frame-scale-016-edge075-aa15-1280x736-s4500 config={"batch_size": 131072, "channels": 16, "edge_loss_weight": 0.75, "edge_sample_ratio": 0.075, "element_anchor_mode": "line", "element_anchor_padding": 3, "element_mask_mode": "rectangle", "element_render_mode": "sequential", "element_scale_ratio": 0.25, "experiment_label": "c38-frame-scale-016-edge075-aa15", "flow_scale": 0.014, "fps": 24, "frames": 33, "freq_bands": 8, "hidden": 96, "layout_supersample": 1.5, "layout_transform_pan": 0.03, "layout_transform_strength": 0.16, "lr": 0.01, "min_motion_delta": 0.04, "min_ocr_similarity": 0.46, "motion_mode": "static", "motion_strength": 0.0, "seed": 0, "source_resolution": [1280, 736], "steps": 4500, "text_box_loss_weight": 0.0, "text_box_min_conf": 55.0, "text_box_padding": 0, "text_box_sample_ratio": 0.0, "text_boxes": "0 boxes", "time_bands": 4, "train_resolution": "1280x736", "video_layout_mode": "frame-scale", "video_viewport_mode": "static", "viewport_pan": 0.0, "viewport_zoom": 0.0}
{
  "canvas_type": "time-conditioned-latent-feature-grid-learned-flow-mlp-glyph-weighted",
  "train_resolution": "1280x736",
  "steps": 4500,
  "batch_size": 131072,
  "channels": 16,
  "hidden": 96,
  "freq_bands": 8,
  "time_bands": 4,
  "lr": 0.01,
  "seed": 0,
  "flow_scale": 0.014,
  "motion_mode": "static",
  "motion_strength": 0.0,
  "video_viewport_mode": "static",
  "viewport_zoom": 0.0,
  "viewport_pan": 0.0,
  "video_layout_mode": "frame-scale",
  "layout_transform_strength": 0.16,
  "layout_transform_pan": 0.03,
  "layout_supersample": 1.5,
  "element_scale_ratio": 0.25,
  "element_anchor_padding": 3,
  "element_mask_mode": "rectangle",
  "element_anchor_mode": "line",
  "element_render_mode": "sequential",
  "element_line_count": 0,
  "min_ocr_similarity": 0.46,
  "min_motion_delta": 0.04,
  "edge_sample_ratio": 0.075,
  "edge_loss_weight": 0.75,
  "text_box_sample_ratio": 0.0,
  "text_box_loss_weight": 0.0,
  "text_box_padding": 0,
  "text_box_count": 0,
  "text_mask_coverage": 0.0,
  "element_alpha_coverage": 0.0,
  "compile_ms": 28153.637251999997,
  "final_mse": 7.441353227477521e-05,
  "losses": [
    {
      "step": 0,
      "mse": 0.22318923473358154
    },
    {
      "step": 225,
      "mse": 0.0015715191839262843
    },
    {
      "step": 450,
      "mse": 0.00015220639761537313
    },
    {
      "step": 675,
      "mse": 6.70487352181226e-05
    },
    {
      "step": 900,
      "mse": 4.5664444769499823e-05
    },
    {
      "step": 1125,
      "mse": 3.606331301853061e-05
    },
    {
      "step": 1350,
      "mse": 0.01744696870446205
    },
    {
      "step": 1575,
      "mse": 0.0012019439600408077
    },
    {
      "step": 1800,
      "mse": 0.0002898205420933664
    },
    {
      "step": 2025,
      "mse": 0.00018881527648773044
    },
    {
      "step": 2250,
      "mse": 0.00015821789565961808
    },
    {
      "step": 2475,
      "mse": 9.674353350419551e-05
    },
    {
      "step": 2700,
      "mse": 0.00012926809722557664
    },
    {
      "step": 2925,
      "mse": 0.0004450511187314987
    },
    {
      "step": 3150,
      "mse": 0.0002515423984732479
    },
    {
      "step": 3375,
      "mse": 0.003069333964958787
    },
    {
      "step": 3600,
      "mse": 8.022137626539916e-05
    },
    {
      "step": 3825,
      "mse": 6.115807627793401e-05
    },
    {
      "step": 4050,
      "mse": 4.271487341611646e-05
    },
    {
      "step": 4275,
      "mse": 0.00018508353969082236
    },
    {
      "step": 4499,
      "mse": 7.441353227477521e-05
    }
  ],
  "render_times": {
    "render-960.png": 21.284530000002633,
    "render-mid.png": 9.410639000002163,
    "render-last.png": 9.381044000001282,
    "render-512.png": 2.476173000005133,
    "crop-2x.png": 9.318432000000598,
    "render-layout-mid.png": 42.79045300000206
  },
  "render_960_ms": 21.284530000002633,
  "render_33_wall_ms": 664.9806369999993,
  "encode_ms": 436.70287300000155,
  "resize_consistency": 0.999945369124275,
  "temporal_consistency": 0.988646999001503,
  "motion_delta_model": 0.07367884367704391,
  "loop_error_model": 0.01135300099849701,
  "description": "C2-lite neural canvas: learned time-conditioned motion field with glyph-weighted sampling/loss",
  "run_id": "20260424T200523977867Z-c2-lite-glyph-static-layout-frame-scale-c38-frame-scale-016-edge075-aa15-1280x736-s4500",
  "commit": "7e454ac",
  "track": "C",
  "width": 960,
  "height": 544,
  "frames": 33,
  "fps": 24,
  "artifacts": {
    "input": "/Users/dennisonbertram/Develop/flipbook-research/outputs/track-c/20260424T200523977867Z-c2-lite-glyph-static-layout-frame-scale-c38-frame-scale-016-edge075-aa15-1280x736-s4500/input.png",
    "render_960": "/Users/dennisonbertram/Develop/flipbook-research/outputs/track-c/20260424T200523977867Z-c2-lite-glyph-static-layout-frame-scale-c38-frame-scale-016-edge075-aa15-1280x736-s4500/render-960.png",
    "render_mid": "/Users/dennisonbertram/Develop/flipbook-research/outputs/track-c/20260424T200523977867Z-c2-lite-glyph-static-layout-frame-scale-c38-frame-scale-016-edge075-aa15-1280x736-s4500/render-mid.png",
    "render_last": "/Users/dennisonbertram/Develop/flipbook-research/outputs/track-c/20260424T200523977867Z-c2-lite-glyph-static-layout-frame-scale-c38-frame-scale-016-edge075-aa15-1280x736-s4500/render-last.png",
    "render_512": "/Users/dennisonbertram/Develop/flipbook-research/outputs/track-c/20260424T200523977867Z-c2-lite-glyph-static-layout-frame-scale-c38-frame-scale-016-edge075-aa15-1280x736-s4500/render-512.png",
    "crop_2x": "/Users/dennisonbertram/Develop/flipbook-research/outputs/track-c/20260424T200523977867Z-c2-lite-glyph-static-layout-frame-scale-c38-frame-scale-016-edge075-aa15-1280x736-s4500/crop-2x.png",
    "text_mask": "/Users/dennisonbertram/Develop/flipbook-research/outputs/track-c/20260424T200523977867Z-c2-lite-glyph-static-layout-frame-scale-c38-frame-scale-016-edge075-aa15-1280x736-s4500/text-mask.png",
    "element_alpha_mask": "/Users/dennisonbertram/Develop/flipbook-research/outputs/track-c/20260424T200523977867Z-c2-lite-glyph-static-layout-frame-scale-c38-frame-scale-016-edge075-aa15-1280x736-s4500/element-alpha-mask.png",
    "text_boxes": "/Users/dennisonbertram/Develop/flipbook-research/outputs/track-c/20260424T200523977867Z-c2-lite-glyph-static-layout-frame-scale-c38-frame-scale-016-edge075-aa15-1280x736-s4500/text-boxes.json",
    "output": "/Users/dennisonbertram/Develop/flipbook-research/outputs/track-c/20260424T200523977867Z-c2-lite-glyph-static-layout-frame-scale-c38-frame-scale-016-edge075-aa15-1280x736-s4500/output.mp4",
    "metrics": "/Users/dennisonbertram/Develop/flipbook-research/outputs/track-c/20260424T200523977867Z-c2-lite-glyph-static-layout-frame-scale-c38-frame-scale-016-edge075-aa15-1280x736-s4500/metrics.json",
    "quality": "/Users/dennisonbertram/Develop/flipbook-research/outputs/track-c/20260424T200523977867Z-c2-lite-glyph-static-layout-frame-scale-c38-frame-scale-016-edge075-aa15-1280x736-s4500/quality.json",
    "render_layout_mid": "/Users/dennisonbertram/Develop/flipbook-research/outputs/track-c/20260424T200523977867Z-c2-lite-glyph-static-layout-frame-scale-c38-frame-scale-016-edge075-aa15-1280x736-s4500/render-layout-mid.png"
  },
  "ocr_similarity": 0.37583892617449666,
  "layout_similarity": 0.999945369124275,
  "motion_delta": 0.05927325412631035,
  "loop_error": 0.00143370998557657,
  "status": "near_miss"
}
DONE 20260424T200523977867Z-c2-lite-glyph-static-layout-frame-scale-c38-frame-scale-016-edge075-aa15-1280x736-s4500 quality=0.3758 motion=0.0593
Stopping app - local entrypoint completed.
✓ App completed. View run at 
https://modal.com/apps/dennisonbertram/main/ap-tgeiRRelr1UJD7QhXIKFnm
