✓ Initialized. View run at 
https://modal.com/apps/dennisonbertram/main/ap-PL0GADRLAhowNbLdNvgOsv
✓ Created objects.
├── 🔨 Created mount 
│   /Users/dennisonbertram/Develop/flipbook-research/scripts/track_c/modal_canva
│   s_c2_lite.py
└── 🔨 Created function train_and_render_motion.
START 20260424T200522598368Z-c2-lite-glyph-static-layout-frame-scale-c38-frame-scale-014-edge09-seed1-1280x736-s4500 config={"batch_size": 131072, "channels": 16, "edge_loss_weight": 0.9, "edge_sample_ratio": 0.09, "element_anchor_mode": "line", "element_anchor_padding": 3, "element_mask_mode": "rectangle", "element_render_mode": "sequential", "element_scale_ratio": 0.25, "experiment_label": "c38-frame-scale-014-edge09-seed1", "flow_scale": 0.014, "fps": 24, "frames": 33, "freq_bands": 8, "hidden": 96, "layout_supersample": 1.0, "layout_transform_pan": 0.027, "layout_transform_strength": 0.14, "lr": 0.01, "min_motion_delta": 0.04, "min_ocr_similarity": 0.54, "motion_mode": "static", "motion_strength": 0.0, "seed": 1, "source_resolution": [1280, 736], "steps": 4500, "text_box_loss_weight": 0.0, "text_box_min_conf": 55.0, "text_box_padding": 0, "text_box_sample_ratio": 0.0, "text_boxes": "0 boxes", "time_bands": 4, "train_resolution": "1280x736", "video_layout_mode": "frame-scale", "video_viewport_mode": "static", "viewport_pan": 0.0, "viewport_zoom": 0.0}
{
  "canvas_type": "time-conditioned-latent-feature-grid-learned-flow-mlp-glyph-weighted",
  "train_resolution": "1280x736",
  "steps": 4500,
  "batch_size": 131072,
  "channels": 16,
  "hidden": 96,
  "freq_bands": 8,
  "time_bands": 4,
  "lr": 0.01,
  "seed": 1,
  "flow_scale": 0.014,
  "motion_mode": "static",
  "motion_strength": 0.0,
  "video_viewport_mode": "static",
  "viewport_zoom": 0.0,
  "viewport_pan": 0.0,
  "video_layout_mode": "frame-scale",
  "layout_transform_strength": 0.14,
  "layout_transform_pan": 0.027,
  "layout_supersample": 1.0,
  "element_scale_ratio": 0.25,
  "element_anchor_padding": 3,
  "element_mask_mode": "rectangle",
  "element_anchor_mode": "line",
  "element_render_mode": "sequential",
  "element_line_count": 0,
  "min_ocr_similarity": 0.54,
  "min_motion_delta": 0.04,
  "edge_sample_ratio": 0.09,
  "edge_loss_weight": 0.9,
  "text_box_sample_ratio": 0.0,
  "text_box_loss_weight": 0.0,
  "text_box_padding": 0,
  "text_box_count": 0,
  "text_mask_coverage": 0.0,
  "element_alpha_coverage": 0.0,
  "compile_ms": 28026.941154999997,
  "final_mse": 7.683008152525872e-05,
  "losses": [
    {
      "step": 0,
      "mse": 0.2283349335193634
    },
    {
      "step": 225,
      "mse": 0.0005042689736001194
    },
    {
      "step": 450,
      "mse": 7.572832691948861e-05
    },
    {
      "step": 675,
      "mse": 5.040938049205579e-05
    },
    {
      "step": 900,
      "mse": 8.568979683332145e-05
    },
    {
      "step": 1125,
      "mse": 5.036359652876854e-05
    },
    {
      "step": 1350,
      "mse": 0.0006130917463451624
    },
    {
      "step": 1575,
      "mse": 9.410907296114601e-06
    },
    {
      "step": 1800,
      "mse": 8.73274439072702e-06
    },
    {
      "step": 2025,
      "mse": 6.044765541446395e-06
    },
    {
      "step": 2250,
      "mse": 4.381376584206009e-06
    },
    {
      "step": 2475,
      "mse": 8.910860742616933e-06
    },
    {
      "step": 2700,
      "mse": 5.69374924452859e-06
    },
    {
      "step": 2925,
      "mse": 7.327245839405805e-06
    },
    {
      "step": 3150,
      "mse": 9.925252015818842e-06
    },
    {
      "step": 3375,
      "mse": 8.456116120214574e-06
    },
    {
      "step": 3600,
      "mse": 1.4253218978410587e-05
    },
    {
      "step": 3825,
      "mse": 0.02968723699450493
    },
    {
      "step": 4050,
      "mse": 0.0003652017330750823
    },
    {
      "step": 4275,
      "mse": 0.00011362141231074929
    },
    {
      "step": 4499,
      "mse": 7.683008152525872e-05
    }
  ],
  "render_times": {
    "render-960.png": 15.398972999996374,
    "render-mid.png": 9.430394999995428,
    "render-last.png": 9.412484999998583,
    "render-512.png": 2.485868999997365,
    "crop-2x.png": 9.333931000000462,
    "render-layout-mid.png": 24.135870000002058
  },
  "render_960_ms": 15.398972999996374,
  "render_33_wall_ms": 302.0149549999971,
  "encode_ms": 226.06717100000395,
  "resize_consistency": 0.999943503893508,
  "temporal_consistency": 0.9999997294996206,
  "motion_delta_model": 0.0753326416015625,
  "loop_error_model": 2.705003794289951e-07,
  "description": "C2-lite neural canvas: learned time-conditioned motion field with glyph-weighted sampling/loss",
  "run_id": "20260424T200522598368Z-c2-lite-glyph-static-layout-frame-scale-c38-frame-scale-014-edge09-seed1-1280x736-s4500",
  "commit": "7e454ac",
  "track": "C",
  "width": 960,
  "height": 544,
  "frames": 33,
  "fps": 24,
  "artifacts": {
    "input": "/Users/dennisonbertram/Develop/flipbook-research/outputs/track-c/20260424T200522598368Z-c2-lite-glyph-static-layout-frame-scale-c38-frame-scale-014-edge09-seed1-1280x736-s4500/input.png",
    "render_960": "/Users/dennisonbertram/Develop/flipbook-research/outputs/track-c/20260424T200522598368Z-c2-lite-glyph-static-layout-frame-scale-c38-frame-scale-014-edge09-seed1-1280x736-s4500/render-960.png",
    "render_mid": "/Users/dennisonbertram/Develop/flipbook-research/outputs/track-c/20260424T200522598368Z-c2-lite-glyph-static-layout-frame-scale-c38-frame-scale-014-edge09-seed1-1280x736-s4500/render-mid.png",
    "render_last": "/Users/dennisonbertram/Develop/flipbook-research/outputs/track-c/20260424T200522598368Z-c2-lite-glyph-static-layout-frame-scale-c38-frame-scale-014-edge09-seed1-1280x736-s4500/render-last.png",
    "render_512": "/Users/dennisonbertram/Develop/flipbook-research/outputs/track-c/20260424T200522598368Z-c2-lite-glyph-static-layout-frame-scale-c38-frame-scale-014-edge09-seed1-1280x736-s4500/render-512.png",
    "crop_2x": "/Users/dennisonbertram/Develop/flipbook-research/outputs/track-c/20260424T200522598368Z-c2-lite-glyph-static-layout-frame-scale-c38-frame-scale-014-edge09-seed1-1280x736-s4500/crop-2x.png",
    "text_mask": "/Users/dennisonbertram/Develop/flipbook-research/outputs/track-c/20260424T200522598368Z-c2-lite-glyph-static-layout-frame-scale-c38-frame-scale-014-edge09-seed1-1280x736-s4500/text-mask.png",
    "element_alpha_mask": "/Users/dennisonbertram/Develop/flipbook-research/outputs/track-c/20260424T200522598368Z-c2-lite-glyph-static-layout-frame-scale-c38-frame-scale-014-edge09-seed1-1280x736-s4500/element-alpha-mask.png",
    "text_boxes": "/Users/dennisonbertram/Develop/flipbook-research/outputs/track-c/20260424T200522598368Z-c2-lite-glyph-static-layout-frame-scale-c38-frame-scale-014-edge09-seed1-1280x736-s4500/text-boxes.json",
    "output": "/Users/dennisonbertram/Develop/flipbook-research/outputs/track-c/20260424T200522598368Z-c2-lite-glyph-static-layout-frame-scale-c38-frame-scale-014-edge09-seed1-1280x736-s4500/output.mp4",
    "metrics": "/Users/dennisonbertram/Develop/flipbook-research/outputs/track-c/20260424T200522598368Z-c2-lite-glyph-static-layout-frame-scale-c38-frame-scale-014-edge09-seed1-1280x736-s4500/metrics.json",
    "quality": "/Users/dennisonbertram/Develop/flipbook-research/outputs/track-c/20260424T200522598368Z-c2-lite-glyph-static-layout-frame-scale-c38-frame-scale-014-edge09-seed1-1280x736-s4500/quality.json",
    "render_layout_mid": "/Users/dennisonbertram/Develop/flipbook-research/outputs/track-c/20260424T200522598368Z-c2-lite-glyph-static-layout-frame-scale-c38-frame-scale-014-edge09-seed1-1280x736-s4500/render-layout-mid.png"
  },
  "ocr_similarity": 0.5674418604651162,
  "layout_similarity": 0.999943503893508,
  "motion_delta": 0.05902191624045372,
  "loop_error": 0.0029075134079903364,
  "status": "pass"
}
DONE 20260424T200522598368Z-c2-lite-glyph-static-layout-frame-scale-c38-frame-scale-014-edge09-seed1-1280x736-s4500 quality=0.5674 motion=0.0590
Stopping app - local entrypoint completed.
✓ App completed. View run at 
https://modal.com/apps/dennisonbertram/main/ap-PL0GADRLAhowNbLdNvgOsv
