✓ Initialized. View run at 
https://modal.com/apps/dennisonbertram/main/ap-MPS1lnLZcpss8qYVytrwzb
✓ Created objects.
├── 🔨 Created mount 
│   /Users/dennisonbertram/Develop/flipbook-research/scripts/track_c/modal_canva
│   s_c2_lite.py
└── 🔨 Created function train_and_render_motion.
START 20260424T200523658661Z-c2-lite-glyph-static-layout-frame-scale-c38-frame-scale-014-edge09-cap24h128-1280x736-s4500 config={"batch_size": 131072, "channels": 24, "edge_loss_weight": 0.9, "edge_sample_ratio": 0.09, "element_anchor_mode": "line", "element_anchor_padding": 3, "element_mask_mode": "rectangle", "element_render_mode": "sequential", "element_scale_ratio": 0.25, "experiment_label": "c38-frame-scale-014-edge09-cap24h128", "flow_scale": 0.014, "fps": 24, "frames": 33, "freq_bands": 8, "hidden": 128, "layout_supersample": 1.0, "layout_transform_pan": 0.027, "layout_transform_strength": 0.14, "lr": 0.01, "min_motion_delta": 0.04, "min_ocr_similarity": 0.56, "motion_mode": "static", "motion_strength": 0.0, "seed": 0, "source_resolution": [1280, 736], "steps": 4500, "text_box_loss_weight": 0.0, "text_box_min_conf": 55.0, "text_box_padding": 0, "text_box_sample_ratio": 0.0, "text_boxes": "0 boxes", "time_bands": 4, "train_resolution": "1280x736", "video_layout_mode": "frame-scale", "video_viewport_mode": "static", "viewport_pan": 0.0, "viewport_zoom": 0.0}
{
  "canvas_type": "time-conditioned-latent-feature-grid-learned-flow-mlp-glyph-weighted",
  "train_resolution": "1280x736",
  "steps": 4500,
  "batch_size": 131072,
  "channels": 24,
  "hidden": 128,
  "freq_bands": 8,
  "time_bands": 4,
  "lr": 0.01,
  "seed": 0,
  "flow_scale": 0.014,
  "motion_mode": "static",
  "motion_strength": 0.0,
  "video_viewport_mode": "static",
  "viewport_zoom": 0.0,
  "viewport_pan": 0.0,
  "video_layout_mode": "frame-scale",
  "layout_transform_strength": 0.14,
  "layout_transform_pan": 0.027,
  "layout_supersample": 1.0,
  "element_scale_ratio": 0.25,
  "element_anchor_padding": 3,
  "element_mask_mode": "rectangle",
  "element_anchor_mode": "line",
  "element_render_mode": "sequential",
  "element_line_count": 0,
  "min_ocr_similarity": 0.56,
  "min_motion_delta": 0.04,
  "edge_sample_ratio": 0.09,
  "edge_loss_weight": 0.9,
  "text_box_sample_ratio": 0.0,
  "text_box_loss_weight": 0.0,
  "text_box_padding": 0,
  "text_box_count": 0,
  "text_mask_coverage": 0.0,
  "element_alpha_coverage": 0.0,
  "compile_ms": 43454.650726,
  "final_mse": 5.622647222480737e-06,
  "losses": [
    {
      "step": 0,
      "mse": 0.22264443337917328
    },
    {
      "step": 225,
      "mse": 0.0003714632766786963
    },
    {
      "step": 450,
      "mse": 0.00011431540042394772
    },
    {
      "step": 675,
      "mse": 6.284256232902408e-05
    },
    {
      "step": 900,
      "mse": 6.587977986782789e-05
    },
    {
      "step": 1125,
      "mse": 2.308612056367565e-05
    },
    {
      "step": 1350,
      "mse": 3.367435056134127e-05
    },
    {
      "step": 1575,
      "mse": 1.8740747691481374e-05
    },
    {
      "step": 1800,
      "mse": 3.9907721657073125e-05
    },
    {
      "step": 2025,
      "mse": 1.3598451914731413e-05
    },
    {
      "step": 2250,
      "mse": 1.6656895240885206e-05
    },
    {
      "step": 2475,
      "mse": 1.4478424418484792e-05
    },
    {
      "step": 2700,
      "mse": 0.014487373642623425
    },
    {
      "step": 2925,
      "mse": 7.332021050387993e-05
    },
    {
      "step": 3150,
      "mse": 2.4868924811016768e-05
    },
    {
      "step": 3375,
      "mse": 0.0024860929697752
    },
    {
      "step": 3600,
      "mse": 2.351014882151503e-05
    },
    {
      "step": 3825,
      "mse": 1.9383236576686613e-05
    },
    {
      "step": 4050,
      "mse": 7.392516636173241e-06
    },
    {
      "step": 4275,
      "mse": 1.2402724678395316e-05
    },
    {
      "step": 4499,
      "mse": 5.622647222480737e-06
    }
  ],
  "render_times": {
    "render-960.png": 17.62432299999972,
    "render-mid.png": 11.262356999999668,
    "render-last.png": 11.243415999999229,
    "render-512.png": 2.991463000000749,
    "crop-2x.png": 11.092359000002716,
    "render-layout-mid.png": 26.717030000000364
  },
  "render_960_ms": 17.62432299999972,
  "render_33_wall_ms": 362.34612200000527,
  "encode_ms": 238.7696180000063,
  "resize_consistency": 0.9999295217080649,
  "temporal_consistency": 0.9999998605153877,
  "motion_delta_model": 0.07352196425199509,
  "loop_error_model": 1.39484612304841e-07,
  "description": "C2-lite neural canvas: learned time-conditioned motion field with glyph-weighted sampling/loss",
  "run_id": "20260424T200523658661Z-c2-lite-glyph-static-layout-frame-scale-c38-frame-scale-014-edge09-cap24h128-1280x736-s4500",
  "commit": "7e454ac",
  "track": "C",
  "width": 960,
  "height": 544,
  "frames": 33,
  "fps": 24,
  "artifacts": {
    "input": "/Users/dennisonbertram/Develop/flipbook-research/outputs/track-c/20260424T200523658661Z-c2-lite-glyph-static-layout-frame-scale-c38-frame-scale-014-edge09-cap24h128-1280x736-s4500/input.png",
    "render_960": "/Users/dennisonbertram/Develop/flipbook-research/outputs/track-c/20260424T200523658661Z-c2-lite-glyph-static-layout-frame-scale-c38-frame-scale-014-edge09-cap24h128-1280x736-s4500/render-960.png",
    "render_mid": "/Users/dennisonbertram/Develop/flipbook-research/outputs/track-c/20260424T200523658661Z-c2-lite-glyph-static-layout-frame-scale-c38-frame-scale-014-edge09-cap24h128-1280x736-s4500/render-mid.png",
    "render_last": "/Users/dennisonbertram/Develop/flipbook-research/outputs/track-c/20260424T200523658661Z-c2-lite-glyph-static-layout-frame-scale-c38-frame-scale-014-edge09-cap24h128-1280x736-s4500/render-last.png",
    "render_512": "/Users/dennisonbertram/Develop/flipbook-research/outputs/track-c/20260424T200523658661Z-c2-lite-glyph-static-layout-frame-scale-c38-frame-scale-014-edge09-cap24h128-1280x736-s4500/render-512.png",
    "crop_2x": "/Users/dennisonbertram/Develop/flipbook-research/outputs/track-c/20260424T200523658661Z-c2-lite-glyph-static-layout-frame-scale-c38-frame-scale-014-edge09-cap24h128-1280x736-s4500/crop-2x.png",
    "text_mask": "/Users/dennisonbertram/Develop/flipbook-research/outputs/track-c/20260424T200523658661Z-c2-lite-glyph-static-layout-frame-scale-c38-frame-scale-014-edge09-cap24h128-1280x736-s4500/text-mask.png",
    "element_alpha_mask": "/Users/dennisonbertram/Develop/flipbook-research/outputs/track-c/20260424T200523658661Z-c2-lite-glyph-static-layout-frame-scale-c38-frame-scale-014-edge09-cap24h128-1280x736-s4500/element-alpha-mask.png",
    "text_boxes": "/Users/dennisonbertram/Develop/flipbook-research/outputs/track-c/20260424T200523658661Z-c2-lite-glyph-static-layout-frame-scale-c38-frame-scale-014-edge09-cap24h128-1280x736-s4500/text-boxes.json",
    "output": "/Users/dennisonbertram/Develop/flipbook-research/outputs/track-c/20260424T200523658661Z-c2-lite-glyph-static-layout-frame-scale-c38-frame-scale-014-edge09-cap24h128-1280x736-s4500/output.mp4",
    "metrics": "/Users/dennisonbertram/Develop/flipbook-research/outputs/track-c/20260424T200523658661Z-c2-lite-glyph-static-layout-frame-scale-c38-frame-scale-014-edge09-cap24h128-1280x736-s4500/metrics.json",
    "quality": "/Users/dennisonbertram/Develop/flipbook-research/outputs/track-c/20260424T200523658661Z-c2-lite-glyph-static-layout-frame-scale-c38-frame-scale-014-edge09-cap24h128-1280x736-s4500/quality.json",
    "render_layout_mid": "/Users/dennisonbertram/Develop/flipbook-research/outputs/track-c/20260424T200523658661Z-c2-lite-glyph-static-layout-frame-scale-c38-frame-scale-014-edge09-cap24h128-1280x736-s4500/render-layout-mid.png"
  },
  "ocr_similarity": 0.46445497630331756,
  "layout_similarity": 0.9999295217080649,
  "motion_delta": 0.058878373354673386,
  "loop_error": 0.0021152945701032877,
  "status": "near_miss"
}
DONE 20260424T200523658661Z-c2-lite-glyph-static-layout-frame-scale-c38-frame-scale-014-edge09-cap24h128-1280x736-s4500 quality=0.4645 motion=0.0589
Stopping app - local entrypoint completed.
✓ App completed. View run at 
https://modal.com/apps/dennisonbertram/main/ap-MPS1lnLZcpss8qYVytrwzb
