✓ Initialized. View run at 
https://modal.com/apps/dennisonbertram/main/ap-AWdYR7gcyhdPhcmikXGA9q
✓ Created objects.
├── 🔨 Created mount 
│   /Users/dennisonbertram/Develop/flipbook-research/scripts/track_c/modal_canva
│   s_c2_lite.py
└── 🔨 Created function train_and_render_motion.
START 20260424T201039018420Z-c2-lite-glyph-static-layout-frame-scale-c39-frame-scale-014-edge09-freq10-cap24h128-1280x736-s4500 config={"batch_size": 131072, "channels": 24, "edge_loss_weight": 0.9, "edge_sample_ratio": 0.09, "element_anchor_mode": "line", "element_anchor_padding": 3, "element_mask_mode": "rectangle", "element_render_mode": "sequential", "element_scale_ratio": 0.25, "experiment_label": "c39-frame-scale-014-edge09-freq10-cap24h128", "flow_scale": 0.014, "fps": 24, "frames": 33, "freq_bands": 10, "hidden": 128, "layout_supersample": 1.0, "layout_transform_pan": 0.027, "layout_transform_strength": 0.14, "lr": 0.01, "min_motion_delta": 0.04, "min_ocr_similarity": 0.54, "motion_mode": "static", "motion_strength": 0.0, "seed": 0, "source_resolution": [1280, 736], "steps": 4500, "text_box_loss_weight": 0.0, "text_box_min_conf": 55.0, "text_box_padding": 0, "text_box_sample_ratio": 0.0, "text_boxes": "0 boxes", "time_bands": 4, "train_resolution": "1280x736", "video_layout_mode": "frame-scale", "video_viewport_mode": "static", "viewport_pan": 0.0, "viewport_zoom": 0.0}
{
  "canvas_type": "time-conditioned-latent-feature-grid-learned-flow-mlp-glyph-weighted",
  "train_resolution": "1280x736",
  "steps": 4500,
  "batch_size": 131072,
  "channels": 24,
  "hidden": 128,
  "freq_bands": 10,
  "time_bands": 4,
  "lr": 0.01,
  "seed": 0,
  "flow_scale": 0.014,
  "motion_mode": "static",
  "motion_strength": 0.0,
  "video_viewport_mode": "static",
  "viewport_zoom": 0.0,
  "viewport_pan": 0.0,
  "video_layout_mode": "frame-scale",
  "layout_transform_strength": 0.14,
  "layout_transform_pan": 0.027,
  "layout_supersample": 1.0,
  "element_scale_ratio": 0.25,
  "element_anchor_padding": 3,
  "element_mask_mode": "rectangle",
  "element_anchor_mode": "line",
  "element_render_mode": "sequential",
  "element_line_count": 0,
  "min_ocr_similarity": 0.54,
  "min_motion_delta": 0.04,
  "edge_sample_ratio": 0.09,
  "edge_loss_weight": 0.9,
  "text_box_sample_ratio": 0.0,
  "text_box_loss_weight": 0.0,
  "text_box_padding": 0,
  "text_box_count": 0,
  "text_mask_coverage": 0.0,
  "element_alpha_coverage": 0.0,
  "compile_ms": 43899.556188,
  "final_mse": 5.348549620975973e-06,
  "losses": [
    {
      "step": 0,
      "mse": 0.2308577001094818
    },
    {
      "step": 225,
      "mse": 0.0003302085096947849
    },
    {
      "step": 450,
      "mse": 0.0002676168514881283
    },
    {
      "step": 675,
      "mse": 2.018324266828131e-05
    },
    {
      "step": 900,
      "mse": 2.2679185349261388e-05
    },
    {
      "step": 1125,
      "mse": 0.0007843154016882181
    },
    {
      "step": 1350,
      "mse": 0.00044258800335228443
    },
    {
      "step": 1575,
      "mse": 0.000283790344838053
    },
    {
      "step": 1800,
      "mse": 3.343693242641166e-05
    },
    {
      "step": 2025,
      "mse": 2.2515607270179316e-05
    },
    {
      "step": 2250,
      "mse": 1.307342063228134e-05
    },
    {
      "step": 2475,
      "mse": 1.6666137526044622e-05
    },
    {
      "step": 2700,
      "mse": 1.3470655176206492e-05
    },
    {
      "step": 2925,
      "mse": 1.3019348443776835e-05
    },
    {
      "step": 3150,
      "mse": 9.678217793407384e-06
    },
    {
      "step": 3375,
      "mse": 1.1304090548946988e-05
    },
    {
      "step": 3600,
      "mse": 1.2494188922573812e-05
    },
    {
      "step": 3825,
      "mse": 6.0901247707079165e-06
    },
    {
      "step": 4050,
      "mse": 1.8045255274046212e-05
    },
    {
      "step": 4275,
      "mse": 1.5076702766236849e-05
    },
    {
      "step": 4499,
      "mse": 5.348549620975973e-06
    }
  ],
  "render_times": {
    "render-960.png": 17.359370000001206,
    "render-mid.png": 11.882853999999554,
    "render-last.png": 11.879956000001357,
    "render-512.png": 3.2508339999992586,
    "crop-2x.png": 11.705901000006236,
    "render-layout-mid.png": 28.554578000004938
  },
  "render_960_ms": 17.359370000001206,
  "render_33_wall_ms": 381.40854899999965,
  "encode_ms": 264.66806499999507,
  "resize_consistency": 0.9999426739951914,
  "temporal_consistency": 0.9999997422684999,
  "motion_delta_model": 0.074722521007061,
  "loop_error_model": 2.577315001417446e-07,
  "description": "C2-lite neural canvas: learned time-conditioned motion field with glyph-weighted sampling/loss",
  "run_id": "20260424T201039018420Z-c2-lite-glyph-static-layout-frame-scale-c39-frame-scale-014-edge09-freq10-cap24h128-1280x736-s4500",
  "commit": "314e6df",
  "track": "C",
  "width": 960,
  "height": 544,
  "frames": 33,
  "fps": 24,
  "artifacts": {
    "input": "/Users/dennisonbertram/Develop/flipbook-research/outputs/track-c/20260424T201039018420Z-c2-lite-glyph-static-layout-frame-scale-c39-frame-scale-014-edge09-freq10-cap24h128-1280x736-s4500/input.png",
    "render_960": "/Users/dennisonbertram/Develop/flipbook-research/outputs/track-c/20260424T201039018420Z-c2-lite-glyph-static-layout-frame-scale-c39-frame-scale-014-edge09-freq10-cap24h128-1280x736-s4500/render-960.png",
    "render_mid": "/Users/dennisonbertram/Develop/flipbook-research/outputs/track-c/20260424T201039018420Z-c2-lite-glyph-static-layout-frame-scale-c39-frame-scale-014-edge09-freq10-cap24h128-1280x736-s4500/render-mid.png",
    "render_last": "/Users/dennisonbertram/Develop/flipbook-research/outputs/track-c/20260424T201039018420Z-c2-lite-glyph-static-layout-frame-scale-c39-frame-scale-014-edge09-freq10-cap24h128-1280x736-s4500/render-last.png",
    "render_512": "/Users/dennisonbertram/Develop/flipbook-research/outputs/track-c/20260424T201039018420Z-c2-lite-glyph-static-layout-frame-scale-c39-frame-scale-014-edge09-freq10-cap24h128-1280x736-s4500/render-512.png",
    "crop_2x": "/Users/dennisonbertram/Develop/flipbook-research/outputs/track-c/20260424T201039018420Z-c2-lite-glyph-static-layout-frame-scale-c39-frame-scale-014-edge09-freq10-cap24h128-1280x736-s4500/crop-2x.png",
    "text_mask": "/Users/dennisonbertram/Develop/flipbook-research/outputs/track-c/20260424T201039018420Z-c2-lite-glyph-static-layout-frame-scale-c39-frame-scale-014-edge09-freq10-cap24h128-1280x736-s4500/text-mask.png",
    "element_alpha_mask": "/Users/dennisonbertram/Develop/flipbook-research/outputs/track-c/20260424T201039018420Z-c2-lite-glyph-static-layout-frame-scale-c39-frame-scale-014-edge09-freq10-cap24h128-1280x736-s4500/element-alpha-mask.png",
    "text_boxes": "/Users/dennisonbertram/Develop/flipbook-research/outputs/track-c/20260424T201039018420Z-c2-lite-glyph-static-layout-frame-scale-c39-frame-scale-014-edge09-freq10-cap24h128-1280x736-s4500/text-boxes.json",
    "output": "/Users/dennisonbertram/Develop/flipbook-research/outputs/track-c/20260424T201039018420Z-c2-lite-glyph-static-layout-frame-scale-c39-frame-scale-014-edge09-freq10-cap24h128-1280x736-s4500/output.mp4",
    "metrics": "/Users/dennisonbertram/Develop/flipbook-research/outputs/track-c/20260424T201039018420Z-c2-lite-glyph-static-layout-frame-scale-c39-frame-scale-014-edge09-freq10-cap24h128-1280x736-s4500/metrics.json",
    "quality": "/Users/dennisonbertram/Develop/flipbook-research/outputs/track-c/20260424T201039018420Z-c2-lite-glyph-static-layout-frame-scale-c39-frame-scale-014-edge09-freq10-cap24h128-1280x736-s4500/quality.json",
    "render_layout_mid": "/Users/dennisonbertram/Develop/flipbook-research/outputs/track-c/20260424T201039018420Z-c2-lite-glyph-static-layout-frame-scale-c39-frame-scale-014-edge09-freq10-cap24h128-1280x736-s4500/render-layout-mid.png"
  },
  "ocr_similarity": 0.5555555555555555,
  "layout_similarity": 0.9999426739951914,
  "motion_delta": 0.059445351362228394,
  "loop_error": 0.00151181616820395,
  "status": "pass"
}
DONE 20260424T201039018420Z-c2-lite-glyph-static-layout-frame-scale-c39-frame-scale-014-edge09-freq10-cap24h128-1280x736-s4500 quality=0.5556 motion=0.0594
Stopping app - local entrypoint completed.
✓ App completed. View run at 
https://modal.com/apps/dennisonbertram/main/ap-AWdYR7gcyhdPhcmikXGA9q
