✓ Initialized. View run at 
https://modal.com/apps/dennisonbertram/main/ap-D8eNqpVbD4OlGQCBpAZdlW
✓ Created objects.
├── 🔨 Created mount 
│   /Users/dennisonbertram/Develop/flipbook-research/scripts/track_c/modal_canva
│   s_c2_lite.py
└── 🔨 Created function train_and_render_motion.
START 20260424T201039018288Z-c2-lite-glyph-static-layout-frame-scale-c39-frame-scale-0125-edge09-freq10-aa15-1280x736-s4500 config={"batch_size": 131072, "channels": 16, "edge_loss_weight": 0.9, "edge_sample_ratio": 0.09, "element_anchor_mode": "line", "element_anchor_padding": 3, "element_mask_mode": "rectangle", "element_render_mode": "sequential", "element_scale_ratio": 0.25, "experiment_label": "c39-frame-scale-0125-edge09-freq10-aa15", "flow_scale": 0.014, "fps": 24, "frames": 33, "freq_bands": 10, "hidden": 96, "layout_supersample": 1.5, "layout_transform_pan": 0.024, "layout_transform_strength": 0.125, "lr": 0.01, "min_motion_delta": 0.04, "min_ocr_similarity": 0.68, "motion_mode": "static", "motion_strength": 0.0, "seed": 0, "source_resolution": [1280, 736], "steps": 4500, "text_box_loss_weight": 0.0, "text_box_min_conf": 55.0, "text_box_padding": 0, "text_box_sample_ratio": 0.0, "text_boxes": "0 boxes", "time_bands": 4, "train_resolution": "1280x736", "video_layout_mode": "frame-scale", "video_viewport_mode": "static", "viewport_pan": 0.0, "viewport_zoom": 0.0}
{
  "canvas_type": "time-conditioned-latent-feature-grid-learned-flow-mlp-glyph-weighted",
  "train_resolution": "1280x736",
  "steps": 4500,
  "batch_size": 131072,
  "channels": 16,
  "hidden": 96,
  "freq_bands": 10,
  "time_bands": 4,
  "lr": 0.01,
  "seed": 0,
  "flow_scale": 0.014,
  "motion_mode": "static",
  "motion_strength": 0.0,
  "video_viewport_mode": "static",
  "viewport_zoom": 0.0,
  "viewport_pan": 0.0,
  "video_layout_mode": "frame-scale",
  "layout_transform_strength": 0.125,
  "layout_transform_pan": 0.024,
  "layout_supersample": 1.5,
  "element_scale_ratio": 0.25,
  "element_anchor_padding": 3,
  "element_mask_mode": "rectangle",
  "element_anchor_mode": "line",
  "element_render_mode": "sequential",
  "element_line_count": 0,
  "min_ocr_similarity": 0.68,
  "min_motion_delta": 0.04,
  "edge_sample_ratio": 0.09,
  "edge_loss_weight": 0.9,
  "text_box_sample_ratio": 0.0,
  "text_box_loss_weight": 0.0,
  "text_box_padding": 0,
  "text_box_count": 0,
  "text_mask_coverage": 0.0,
  "element_alpha_coverage": 0.0,
  "compile_ms": 28561.750901999996,
  "final_mse": 8.414494004682638e-06,
  "losses": [
    {
      "step": 0,
      "mse": 0.2229788452386856
    },
    {
      "step": 225,
      "mse": 0.0005314581794664264
    },
    {
      "step": 450,
      "mse": 0.00014501484110951424
    },
    {
      "step": 675,
      "mse": 4.9861479055834934e-05
    },
    {
      "step": 900,
      "mse": 3.794347503571771e-05
    },
    {
      "step": 1125,
      "mse": 0.03463297337293625
    },
    {
      "step": 1350,
      "mse": 0.00027226092061027884
    },
    {
      "step": 1575,
      "mse": 6.380134436767548e-05
    },
    {
      "step": 1800,
      "mse": 3.8444140955107287e-05
    },
    {
      "step": 2025,
      "mse": 5.254156712908298e-05
    },
    {
      "step": 2250,
      "mse": 2.7105310437036678e-05
    },
    {
      "step": 2475,
      "mse": 2.4104463591356762e-05
    },
    {
      "step": 2700,
      "mse": 1.5392883142339997e-05
    },
    {
      "step": 2925,
      "mse": 2.381906597292982e-05
    },
    {
      "step": 3150,
      "mse": 1.3797830433759373e-05
    },
    {
      "step": 3375,
      "mse": 1.2937394785694778e-05
    },
    {
      "step": 3600,
      "mse": 2.2306499886326492e-05
    },
    {
      "step": 3825,
      "mse": 1.3096570000925567e-05
    },
    {
      "step": 4050,
      "mse": 1.2976017387700267e-05
    },
    {
      "step": 4275,
      "mse": 1.1119487680844031e-05
    },
    {
      "step": 4499,
      "mse": 8.414494004682638e-06
    }
  ],
  "render_times": {
    "render-960.png": 17.66831499999455,
    "render-mid.png": 9.404988999996533,
    "render-last.png": 9.402408999996226,
    "render-512.png": 2.5989150000000905,
    "crop-2x.png": 9.308303000004514,
    "render-layout-mid.png": 34.912572999999725
  },
  "render_960_ms": 17.66831499999455,
  "render_33_wall_ms": 673.8838429999987,
  "encode_ms": 246.36397300000112,
  "resize_consistency": 0.9999510063514577,
  "temporal_consistency": 0.9880508342757821,
  "motion_delta_model": 0.07318229228258133,
  "loop_error_model": 0.011949165724217892,
  "description": "C2-lite neural canvas: learned time-conditioned motion field with glyph-weighted sampling/loss",
  "run_id": "20260424T201039018288Z-c2-lite-glyph-static-layout-frame-scale-c39-frame-scale-0125-edge09-freq10-aa15-1280x736-s4500",
  "commit": "314e6df",
  "track": "C",
  "width": 960,
  "height": 544,
  "frames": 33,
  "fps": 24,
  "artifacts": {
    "input": "/Users/dennisonbertram/Develop/flipbook-research/outputs/track-c/20260424T201039018288Z-c2-lite-glyph-static-layout-frame-scale-c39-frame-scale-0125-edge09-freq10-aa15-1280x736-s4500/input.png",
    "render_960": "/Users/dennisonbertram/Develop/flipbook-research/outputs/track-c/20260424T201039018288Z-c2-lite-glyph-static-layout-frame-scale-c39-frame-scale-0125-edge09-freq10-aa15-1280x736-s4500/render-960.png",
    "render_mid": "/Users/dennisonbertram/Develop/flipbook-research/outputs/track-c/20260424T201039018288Z-c2-lite-glyph-static-layout-frame-scale-c39-frame-scale-0125-edge09-freq10-aa15-1280x736-s4500/render-mid.png",
    "render_last": "/Users/dennisonbertram/Develop/flipbook-research/outputs/track-c/20260424T201039018288Z-c2-lite-glyph-static-layout-frame-scale-c39-frame-scale-0125-edge09-freq10-aa15-1280x736-s4500/render-last.png",
    "render_512": "/Users/dennisonbertram/Develop/flipbook-research/outputs/track-c/20260424T201039018288Z-c2-lite-glyph-static-layout-frame-scale-c39-frame-scale-0125-edge09-freq10-aa15-1280x736-s4500/render-512.png",
    "crop_2x": "/Users/dennisonbertram/Develop/flipbook-research/outputs/track-c/20260424T201039018288Z-c2-lite-glyph-static-layout-frame-scale-c39-frame-scale-0125-edge09-freq10-aa15-1280x736-s4500/crop-2x.png",
    "text_mask": "/Users/dennisonbertram/Develop/flipbook-research/outputs/track-c/20260424T201039018288Z-c2-lite-glyph-static-layout-frame-scale-c39-frame-scale-0125-edge09-freq10-aa15-1280x736-s4500/text-mask.png",
    "element_alpha_mask": "/Users/dennisonbertram/Develop/flipbook-research/outputs/track-c/20260424T201039018288Z-c2-lite-glyph-static-layout-frame-scale-c39-frame-scale-0125-edge09-freq10-aa15-1280x736-s4500/element-alpha-mask.png",
    "text_boxes": "/Users/dennisonbertram/Develop/flipbook-research/outputs/track-c/20260424T201039018288Z-c2-lite-glyph-static-layout-frame-scale-c39-frame-scale-0125-edge09-freq10-aa15-1280x736-s4500/text-boxes.json",
    "output": "/Users/dennisonbertram/Develop/flipbook-research/outputs/track-c/20260424T201039018288Z-c2-lite-glyph-static-layout-frame-scale-c39-frame-scale-0125-edge09-freq10-aa15-1280x736-s4500/output.mp4",
    "metrics": "/Users/dennisonbertram/Develop/flipbook-research/outputs/track-c/20260424T201039018288Z-c2-lite-glyph-static-layout-frame-scale-c39-frame-scale-0125-edge09-freq10-aa15-1280x736-s4500/metrics.json",
    "quality": "/Users/dennisonbertram/Develop/flipbook-research/outputs/track-c/20260424T201039018288Z-c2-lite-glyph-static-layout-frame-scale-c39-frame-scale-0125-edge09-freq10-aa15-1280x736-s4500/quality.json",
    "render_layout_mid": "/Users/dennisonbertram/Develop/flipbook-research/outputs/track-c/20260424T201039018288Z-c2-lite-glyph-static-layout-frame-scale-c39-frame-scale-0125-edge09-freq10-aa15-1280x736-s4500/render-layout-mid.png"
  },
  "ocr_similarity": 0.6574074074074074,
  "layout_similarity": 0.9999510063514577,
  "motion_delta": 0.057299986481666565,
  "loop_error": 0.0015547461807727814,
  "status": "near_miss"
}
DONE 20260424T201039018288Z-c2-lite-glyph-static-layout-frame-scale-c39-frame-scale-0125-edge09-freq10-aa15-1280x736-s4500 quality=0.6574 motion=0.0573
Stopping app - local entrypoint completed.
✓ App completed. View run at 
https://modal.com/apps/dennisonbertram/main/ap-D8eNqpVbD4OlGQCBpAZdlW
