✓ Initialized. View run at 
https://modal.com/apps/dennisonbertram/main/ap-sIEZGxpkrmEFIdkQwrsuKC
✓ Created objects.
├── 🔨 Created mount 
│   /Users/dennisonbertram/Develop/flipbook-research/scripts/track_c/modal_canva
│   s_c2_lite.py
└── 🔨 Created function train_and_render_motion.
START 20260424T201039133519Z-c2-lite-glyph-static-layout-frame-scale-c39-frame-scale-014-edge09-freq10-train1536-1536x864-s5500 config={"batch_size": 131072, "channels": 16, "edge_loss_weight": 0.9, "edge_sample_ratio": 0.09, "element_anchor_mode": "line", "element_anchor_padding": 3, "element_mask_mode": "rectangle", "element_render_mode": "sequential", "element_scale_ratio": 0.25, "experiment_label": "c39-frame-scale-014-edge09-freq10-train1536", "flow_scale": 0.014, "fps": 24, "frames": 33, "freq_bands": 10, "hidden": 96, "layout_supersample": 1.0, "layout_transform_pan": 0.027, "layout_transform_strength": 0.14, "lr": 0.01, "min_motion_delta": 0.04, "min_ocr_similarity": 0.54, "motion_mode": "static", "motion_strength": 0.0, "seed": 0, "source_resolution": [1280, 736], "steps": 5500, "text_box_loss_weight": 0.0, "text_box_min_conf": 55.0, "text_box_padding": 0, "text_box_sample_ratio": 0.0, "text_boxes": "0 boxes", "time_bands": 4, "train_resolution": "1536x864", "video_layout_mode": "frame-scale", "video_viewport_mode": "static", "viewport_pan": 0.0, "viewport_zoom": 0.0}
{
  "canvas_type": "time-conditioned-latent-feature-grid-learned-flow-mlp-glyph-weighted",
  "train_resolution": "1536x864",
  "steps": 5500,
  "batch_size": 131072,
  "channels": 16,
  "hidden": 96,
  "freq_bands": 10,
  "time_bands": 4,
  "lr": 0.01,
  "seed": 0,
  "flow_scale": 0.014,
  "motion_mode": "static",
  "motion_strength": 0.0,
  "video_viewport_mode": "static",
  "viewport_zoom": 0.0,
  "viewport_pan": 0.0,
  "video_layout_mode": "frame-scale",
  "layout_transform_strength": 0.14,
  "layout_transform_pan": 0.027,
  "layout_supersample": 1.0,
  "element_scale_ratio": 0.25,
  "element_anchor_padding": 3,
  "element_mask_mode": "rectangle",
  "element_anchor_mode": "line",
  "element_render_mode": "sequential",
  "element_line_count": 0,
  "min_ocr_similarity": 0.54,
  "min_motion_delta": 0.04,
  "edge_sample_ratio": 0.09,
  "edge_loss_weight": 0.9,
  "text_box_sample_ratio": 0.0,
  "text_box_loss_weight": 0.0,
  "text_box_padding": 0,
  "text_box_count": 0,
  "text_mask_coverage": 0.0,
  "element_alpha_coverage": 0.0,
  "compile_ms": 43495.05600899999,
  "final_mse": 4.040024123241892e-06,
  "losses": [
    {
      "step": 0,
      "mse": 0.22641775012016296
    },
    {
      "step": 275,
      "mse": 0.0007969385478645563
    },
    {
      "step": 550,
      "mse": 0.0002929791226051748
    },
    {
      "step": 825,
      "mse": 0.0001484515960328281
    },
    {
      "step": 1100,
      "mse": 8.450856694253162e-05
    },
    {
      "step": 1375,
      "mse": 0.00034888574737124145
    },
    {
      "step": 1650,
      "mse": 0.00022680973052047193
    },
    {
      "step": 1925,
      "mse": 2.1640200429828838e-05
    },
    {
      "step": 2200,
      "mse": 3.318442031741142e-05
    },
    {
      "step": 2475,
      "mse": 2.7675247110892087e-05
    },
    {
      "step": 2750,
      "mse": 1.2427351975929923e-05
    },
    {
      "step": 3025,
      "mse": 1.3278536243888084e-05
    },
    {
      "step": 3300,
      "mse": 3.745572757907212e-05
    },
    {
      "step": 3575,
      "mse": 1.182333471660968e-05
    },
    {
      "step": 3850,
      "mse": 7.527475645474624e-06
    },
    {
      "step": 4125,
      "mse": 6.413064511434641e-06
    },
    {
      "step": 4400,
      "mse": 6.024082722433377e-06
    },
    {
      "step": 4675,
      "mse": 6.277091415540781e-06
    },
    {
      "step": 4950,
      "mse": 5.53429663341376e-06
    },
    {
      "step": 5225,
      "mse": 7.4159652285743505e-06
    },
    {
      "step": 5499,
      "mse": 4.040024123241892e-06
    }
  ],
  "render_times": {
    "render-960.png": 14.612267000003953,
    "render-mid.png": 9.467670999995903,
    "render-last.png": 9.424867999996422,
    "render-512.png": 2.627644999996903,
    "crop-2x.png": 9.327328000004798,
    "render-layout-mid.png": 23.770673000001352
  },
  "render_960_ms": 14.612267000003953,
  "render_33_wall_ms": 305.2115240000006,
  "encode_ms": 255.61822899999953,
  "resize_consistency": 0.999960316189066,
  "temporal_consistency": 0.999999543573665,
  "motion_delta_model": 0.07617009431123734,
  "loop_error_model": 4.564263349493558e-07,
  "description": "C2-lite neural canvas: learned time-conditioned motion field with glyph-weighted sampling/loss",
  "run_id": "20260424T201039133519Z-c2-lite-glyph-static-layout-frame-scale-c39-frame-scale-014-edge09-freq10-train1536-1536x864-s5500",
  "commit": "314e6df",
  "track": "C",
  "width": 960,
  "height": 544,
  "frames": 33,
  "fps": 24,
  "artifacts": {
    "input": "/Users/dennisonbertram/Develop/flipbook-research/outputs/track-c/20260424T201039133519Z-c2-lite-glyph-static-layout-frame-scale-c39-frame-scale-014-edge09-freq10-train1536-1536x864-s5500/input.png",
    "render_960": "/Users/dennisonbertram/Develop/flipbook-research/outputs/track-c/20260424T201039133519Z-c2-lite-glyph-static-layout-frame-scale-c39-frame-scale-014-edge09-freq10-train1536-1536x864-s5500/render-960.png",
    "render_mid": "/Users/dennisonbertram/Develop/flipbook-research/outputs/track-c/20260424T201039133519Z-c2-lite-glyph-static-layout-frame-scale-c39-frame-scale-014-edge09-freq10-train1536-1536x864-s5500/render-mid.png",
    "render_last": "/Users/dennisonbertram/Develop/flipbook-research/outputs/track-c/20260424T201039133519Z-c2-lite-glyph-static-layout-frame-scale-c39-frame-scale-014-edge09-freq10-train1536-1536x864-s5500/render-last.png",
    "render_512": "/Users/dennisonbertram/Develop/flipbook-research/outputs/track-c/20260424T201039133519Z-c2-lite-glyph-static-layout-frame-scale-c39-frame-scale-014-edge09-freq10-train1536-1536x864-s5500/render-512.png",
    "crop_2x": "/Users/dennisonbertram/Develop/flipbook-research/outputs/track-c/20260424T201039133519Z-c2-lite-glyph-static-layout-frame-scale-c39-frame-scale-014-edge09-freq10-train1536-1536x864-s5500/crop-2x.png",
    "text_mask": "/Users/dennisonbertram/Develop/flipbook-research/outputs/track-c/20260424T201039133519Z-c2-lite-glyph-static-layout-frame-scale-c39-frame-scale-014-edge09-freq10-train1536-1536x864-s5500/text-mask.png",
    "element_alpha_mask": "/Users/dennisonbertram/Develop/flipbook-research/outputs/track-c/20260424T201039133519Z-c2-lite-glyph-static-layout-frame-scale-c39-frame-scale-014-edge09-freq10-train1536-1536x864-s5500/element-alpha-mask.png",
    "text_boxes": "/Users/dennisonbertram/Develop/flipbook-research/outputs/track-c/20260424T201039133519Z-c2-lite-glyph-static-layout-frame-scale-c39-frame-scale-014-edge09-freq10-train1536-1536x864-s5500/text-boxes.json",
    "output": "/Users/dennisonbertram/Develop/flipbook-research/outputs/track-c/20260424T201039133519Z-c2-lite-glyph-static-layout-frame-scale-c39-frame-scale-014-edge09-freq10-train1536-1536x864-s5500/output.mp4",
    "metrics": "/Users/dennisonbertram/Develop/flipbook-research/outputs/track-c/20260424T201039133519Z-c2-lite-glyph-static-layout-frame-scale-c39-frame-scale-014-edge09-freq10-train1536-1536x864-s5500/metrics.json",
    "quality": "/Users/dennisonbertram/Develop/flipbook-research/outputs/track-c/20260424T201039133519Z-c2-lite-glyph-static-layout-frame-scale-c39-frame-scale-014-edge09-freq10-train1536-1536x864-s5500/quality.json",
    "render_layout_mid": "/Users/dennisonbertram/Develop/flipbook-research/outputs/track-c/20260424T201039133519Z-c2-lite-glyph-static-layout-frame-scale-c39-frame-scale-014-edge09-freq10-train1536-1536x864-s5500/render-layout-mid.png"
  },
  "ocr_similarity": 0.6666666666666667,
  "layout_similarity": 0.999960316189066,
  "motion_delta": 0.059738676995038986,
  "loop_error": 0.0010936744511127472,
  "status": "pass"
}
DONE 20260424T201039133519Z-c2-lite-glyph-static-layout-frame-scale-c39-frame-scale-014-edge09-freq10-train1536-1536x864-s5500 quality=0.6667 motion=0.0597
Stopping app - local entrypoint completed.
✓ App completed. View run at 
https://modal.com/apps/dennisonbertram/main/ap-sIEZGxpkrmEFIdkQwrsuKC
