✓ Initialized. View run at 
https://modal.com/apps/dennisonbertram/main/ap-oKE9RzEoRPbKK2AcGmNazi
✓ Created objects.
├── 🔨 Created mount 
│   /Users/dennisonbertram/Develop/flipbook-research/scripts/track_c/modal_canva
│   s_c2_lite.py
└── 🔨 Created function train_and_render_motion.
START 20260424T201700848726Z-c2-lite-glyph-static-layout-frame-scale-c40-frame-scale-0125-edge075-freq10-train1536-1536x864-s5500 config={"batch_size": 131072, "channels": 16, "edge_loss_weight": 0.75, "edge_sample_ratio": 0.075, "element_anchor_mode": "line", "element_anchor_padding": 3, "element_mask_mode": "rectangle", "element_render_mode": "sequential", "element_scale_ratio": 0.25, "experiment_label": "c40-frame-scale-0125-edge075-freq10-train1536", "flow_scale": 0.014, "fps": 24, "frames": 33, "freq_bands": 10, "hidden": 96, "layout_supersample": 1.0, "layout_transform_pan": 0.024, "layout_transform_strength": 0.125, "lr": 0.01, "min_motion_delta": 0.04, "min_ocr_similarity": 0.68, "motion_mode": "static", "motion_strength": 0.0, "seed": 0, "source_resolution": [1280, 736], "steps": 5500, "text_box_loss_weight": 0.0, "text_box_min_conf": 55.0, "text_box_padding": 0, "text_box_sample_ratio": 0.0, "text_boxes": "0 boxes", "time_bands": 4, "train_resolution": "1536x864", "video_layout_mode": "frame-scale", "video_viewport_mode": "static", "viewport_pan": 0.0, "viewport_zoom": 0.0}
{
  "canvas_type": "time-conditioned-latent-feature-grid-learned-flow-mlp-glyph-weighted",
  "train_resolution": "1536x864",
  "steps": 5500,
  "batch_size": 131072,
  "channels": 16,
  "hidden": 96,
  "freq_bands": 10,
  "time_bands": 4,
  "lr": 0.01,
  "seed": 0,
  "flow_scale": 0.014,
  "motion_mode": "static",
  "motion_strength": 0.0,
  "video_viewport_mode": "static",
  "viewport_zoom": 0.0,
  "viewport_pan": 0.0,
  "video_layout_mode": "frame-scale",
  "layout_transform_strength": 0.125,
  "layout_transform_pan": 0.024,
  "layout_supersample": 1.0,
  "element_scale_ratio": 0.25,
  "element_anchor_padding": 3,
  "element_mask_mode": "rectangle",
  "element_anchor_mode": "line",
  "element_render_mode": "sequential",
  "element_line_count": 0,
  "min_ocr_similarity": 0.68,
  "min_motion_delta": 0.04,
  "edge_sample_ratio": 0.075,
  "edge_loss_weight": 0.75,
  "text_box_sample_ratio": 0.0,
  "text_box_loss_weight": 0.0,
  "text_box_padding": 0,
  "text_box_count": 0,
  "text_mask_coverage": 0.0,
  "element_alpha_coverage": 0.0,
  "compile_ms": 43764.705539,
  "final_mse": 6.394708179868758e-06,
  "losses": [
    {
      "step": 0,
      "mse": 0.2243330478668213
    },
    {
      "step": 275,
      "mse": 0.000690450135152787
    },
    {
      "step": 550,
      "mse": 0.00020493210467975587
    },
    {
      "step": 825,
      "mse": 0.00012481908197514713
    },
    {
      "step": 1100,
      "mse": 0.013498393818736076
    },
    {
      "step": 1375,
      "mse": 0.00010479100455995649
    },
    {
      "step": 1650,
      "mse": 5.155452527105808e-05
    },
    {
      "step": 1925,
      "mse": 3.3358002838213e-05
    },
    {
      "step": 2200,
      "mse": 4.898453698842786e-05
    },
    {
      "step": 2475,
      "mse": 0.0009089321829378605
    },
    {
      "step": 2750,
      "mse": 1.8978953448822722e-05
    },
    {
      "step": 3025,
      "mse": 1.091761532734381e-05
    },
    {
      "step": 3300,
      "mse": 1.4160863429424353e-05
    },
    {
      "step": 3575,
      "mse": 9.370924999529961e-06
    },
    {
      "step": 3850,
      "mse": 7.2643797466298565e-06
    },
    {
      "step": 4125,
      "mse": 8.265249562100507e-06
    },
    {
      "step": 4400,
      "mse": 2.9920201995992102e-05
    },
    {
      "step": 4675,
      "mse": 2.9181901481933892e-05
    },
    {
      "step": 4950,
      "mse": 1.2307797078392468e-05
    },
    {
      "step": 5225,
      "mse": 8.16907595435623e-06
    },
    {
      "step": 5499,
      "mse": 6.394708179868758e-06
    }
  ],
  "render_times": {
    "render-960.png": 15.751549000000864,
    "render-mid.png": 9.508644000000288,
    "render-last.png": 9.645310000003349,
    "render-512.png": 2.7980110000029867,
    "crop-2x.png": 9.351636000005215,
    "render-layout-mid.png": 24.850327000002892
  },
  "render_960_ms": 15.751549000000864,
  "render_33_wall_ms": 305.5147070000004,
  "encode_ms": 257.14224499999716,
  "resize_consistency": 0.9999621962511003,
  "temporal_consistency": 0.9999996010216137,
  "motion_delta_model": 0.07629773020744324,
  "loop_error_model": 3.989783863289631e-07,
  "description": "C2-lite neural canvas: learned time-conditioned motion field with glyph-weighted sampling/loss",
  "run_id": "20260424T201700848726Z-c2-lite-glyph-static-layout-frame-scale-c40-frame-scale-0125-edge075-freq10-train1536-1536x864-s5500",
  "commit": "d57c4e0",
  "track": "C",
  "width": 960,
  "height": 544,
  "frames": 33,
  "fps": 24,
  "artifacts": {
    "input": "/Users/dennisonbertram/Develop/flipbook-research/outputs/track-c/20260424T201700848726Z-c2-lite-glyph-static-layout-frame-scale-c40-frame-scale-0125-edge075-freq10-train1536-1536x864-s5500/input.png",
    "render_960": "/Users/dennisonbertram/Develop/flipbook-research/outputs/track-c/20260424T201700848726Z-c2-lite-glyph-static-layout-frame-scale-c40-frame-scale-0125-edge075-freq10-train1536-1536x864-s5500/render-960.png",
    "render_mid": "/Users/dennisonbertram/Develop/flipbook-research/outputs/track-c/20260424T201700848726Z-c2-lite-glyph-static-layout-frame-scale-c40-frame-scale-0125-edge075-freq10-train1536-1536x864-s5500/render-mid.png",
    "render_last": "/Users/dennisonbertram/Develop/flipbook-research/outputs/track-c/20260424T201700848726Z-c2-lite-glyph-static-layout-frame-scale-c40-frame-scale-0125-edge075-freq10-train1536-1536x864-s5500/render-last.png",
    "render_512": "/Users/dennisonbertram/Develop/flipbook-research/outputs/track-c/20260424T201700848726Z-c2-lite-glyph-static-layout-frame-scale-c40-frame-scale-0125-edge075-freq10-train1536-1536x864-s5500/render-512.png",
    "crop_2x": "/Users/dennisonbertram/Develop/flipbook-research/outputs/track-c/20260424T201700848726Z-c2-lite-glyph-static-layout-frame-scale-c40-frame-scale-0125-edge075-freq10-train1536-1536x864-s5500/crop-2x.png",
    "text_mask": "/Users/dennisonbertram/Develop/flipbook-research/outputs/track-c/20260424T201700848726Z-c2-lite-glyph-static-layout-frame-scale-c40-frame-scale-0125-edge075-freq10-train1536-1536x864-s5500/text-mask.png",
    "element_alpha_mask": "/Users/dennisonbertram/Develop/flipbook-research/outputs/track-c/20260424T201700848726Z-c2-lite-glyph-static-layout-frame-scale-c40-frame-scale-0125-edge075-freq10-train1536-1536x864-s5500/element-alpha-mask.png",
    "text_boxes": "/Users/dennisonbertram/Develop/flipbook-research/outputs/track-c/20260424T201700848726Z-c2-lite-glyph-static-layout-frame-scale-c40-frame-scale-0125-edge075-freq10-train1536-1536x864-s5500/text-boxes.json",
    "output": "/Users/dennisonbertram/Develop/flipbook-research/outputs/track-c/20260424T201700848726Z-c2-lite-glyph-static-layout-frame-scale-c40-frame-scale-0125-edge075-freq10-train1536-1536x864-s5500/output.mp4",
    "metrics": "/Users/dennisonbertram/Develop/flipbook-research/outputs/track-c/20260424T201700848726Z-c2-lite-glyph-static-layout-frame-scale-c40-frame-scale-0125-edge075-freq10-train1536-1536x864-s5500/metrics.json",
    "quality": "/Users/dennisonbertram/Develop/flipbook-research/outputs/track-c/20260424T201700848726Z-c2-lite-glyph-static-layout-frame-scale-c40-frame-scale-0125-edge075-freq10-train1536-1536x864-s5500/quality.json",
    "render_layout_mid": "/Users/dennisonbertram/Develop/flipbook-research/outputs/track-c/20260424T201700848726Z-c2-lite-glyph-static-layout-frame-scale-c40-frame-scale-0125-edge075-freq10-train1536-1536x864-s5500/render-layout-mid.png"
  },
  "ocr_similarity": 0.6972477064220183,
  "layout_similarity": 0.9999621962511003,
  "motion_delta": 0.05785675346851349,
  "loop_error": 0.0015851942589506507,
  "status": "pass"
}
DONE 20260424T201700848726Z-c2-lite-glyph-static-layout-frame-scale-c40-frame-scale-0125-edge075-freq10-train1536-1536x864-s5500 quality=0.6972 motion=0.0579
Stopping app - local entrypoint completed.
✓ App completed. View run at 
https://modal.com/apps/dennisonbertram/main/ap-oKE9RzEoRPbKK2AcGmNazi
