✓ Initialized. View run at 
https://modal.com/apps/dennisonbertram/main/ap-34ahqu0WTTXTNguKLmEfDu
✓ Created objects.
├── 🔨 Created mount 
│   /Users/dennisonbertram/Develop/flipbook-research/scripts/track_c/modal_canva
│   s_c2_lite.py
└── 🔨 Created function train_and_render_motion.
START 20260424T201700811688Z-c2-lite-glyph-static-layout-frame-scale-c40-frame-scale-014-edge09-freq10-train1536-seed1-1536x864-s5500 config={"batch_size": 131072, "channels": 16, "edge_loss_weight": 0.9, "edge_sample_ratio": 0.09, "element_anchor_mode": "line", "element_anchor_padding": 3, "element_mask_mode": "rectangle", "element_render_mode": "sequential", "element_scale_ratio": 0.25, "experiment_label": "c40-frame-scale-014-edge09-freq10-train1536-seed1", "flow_scale": 0.014, "fps": 24, "frames": 33, "freq_bands": 10, "hidden": 96, "layout_supersample": 1.0, "layout_transform_pan": 0.027, "layout_transform_strength": 0.14, "lr": 0.01, "min_motion_delta": 0.04, "min_ocr_similarity": 0.64, "motion_mode": "static", "motion_strength": 0.0, "seed": 1, "source_resolution": [1280, 736], "steps": 5500, "text_box_loss_weight": 0.0, "text_box_min_conf": 55.0, "text_box_padding": 0, "text_box_sample_ratio": 0.0, "text_boxes": "0 boxes", "time_bands": 4, "train_resolution": "1536x864", "video_layout_mode": "frame-scale", "video_viewport_mode": "static", "viewport_pan": 0.0, "viewport_zoom": 0.0}
{
  "canvas_type": "time-conditioned-latent-feature-grid-learned-flow-mlp-glyph-weighted",
  "train_resolution": "1536x864",
  "steps": 5500,
  "batch_size": 131072,
  "channels": 16,
  "hidden": 96,
  "freq_bands": 10,
  "time_bands": 4,
  "lr": 0.01,
  "seed": 1,
  "flow_scale": 0.014,
  "motion_mode": "static",
  "motion_strength": 0.0,
  "video_viewport_mode": "static",
  "viewport_zoom": 0.0,
  "viewport_pan": 0.0,
  "video_layout_mode": "frame-scale",
  "layout_transform_strength": 0.14,
  "layout_transform_pan": 0.027,
  "layout_supersample": 1.0,
  "element_scale_ratio": 0.25,
  "element_anchor_padding": 3,
  "element_mask_mode": "rectangle",
  "element_anchor_mode": "line",
  "element_render_mode": "sequential",
  "element_line_count": 0,
  "min_ocr_similarity": 0.64,
  "min_motion_delta": 0.04,
  "edge_sample_ratio": 0.09,
  "edge_loss_weight": 0.9,
  "text_box_sample_ratio": 0.0,
  "text_box_loss_weight": 0.0,
  "text_box_padding": 0,
  "text_box_count": 0,
  "text_mask_coverage": 0.0,
  "element_alpha_coverage": 0.0,
  "compile_ms": 43681.106049999995,
  "final_mse": 1.889818668132648e-05,
  "losses": [
    {
      "step": 0,
      "mse": 0.21064141392707825
    },
    {
      "step": 275,
      "mse": 0.00026933581102639437
    },
    {
      "step": 550,
      "mse": 0.00010558638314250857
    },
    {
      "step": 825,
      "mse": 6.144939106889069e-05
    },
    {
      "step": 1100,
      "mse": 6.547167140524834e-05
    },
    {
      "step": 1375,
      "mse": 3.628934791777283e-05
    },
    {
      "step": 1650,
      "mse": 0.0001872171851573512
    },
    {
      "step": 1925,
      "mse": 3.817787364823744e-05
    },
    {
      "step": 2200,
      "mse": 1.7243120964849368e-05
    },
    {
      "step": 2475,
      "mse": 1.212964707519859e-05
    },
    {
      "step": 2750,
      "mse": 1.229218287335243e-05
    },
    {
      "step": 3025,
      "mse": 9.419733032700606e-06
    },
    {
      "step": 3300,
      "mse": 1.2180281373730395e-05
    },
    {
      "step": 3575,
      "mse": 7.3990986493299715e-06
    },
    {
      "step": 3850,
      "mse": 1.119753324019257e-05
    },
    {
      "step": 4125,
      "mse": 9.141091140918434e-06
    },
    {
      "step": 4400,
      "mse": 0.0012104026973247528
    },
    {
      "step": 4675,
      "mse": 4.591521428665146e-05
    },
    {
      "step": 4950,
      "mse": 2.2863798221806064e-05
    },
    {
      "step": 5225,
      "mse": 4.023998917546123e-05
    },
    {
      "step": 5499,
      "mse": 1.889818668132648e-05
    }
  ],
  "render_times": {
    "render-960.png": 15.816131000001121,
    "render-mid.png": 9.5316359999984,
    "render-last.png": 9.617038000001799,
    "render-512.png": 2.7299079999991704,
    "crop-2x.png": 9.43023399999987,
    "render-layout-mid.png": 23.433100000005425
  },
  "render_960_ms": 15.816131000001121,
  "render_33_wall_ms": 305.3225270000013,
  "encode_ms": 239.94473700000185,
  "resize_consistency": 0.9999560131782845,
  "temporal_consistency": 0.9999996866484935,
  "motion_delta_model": 0.07675455510616302,
  "loop_error_model": 3.133515065201209e-07,
  "description": "C2-lite neural canvas: learned time-conditioned motion field with glyph-weighted sampling/loss",
  "run_id": "20260424T201700811688Z-c2-lite-glyph-static-layout-frame-scale-c40-frame-scale-014-edge09-freq10-train1536-seed1-1536x864-s5500",
  "commit": "d57c4e0",
  "track": "C",
  "width": 960,
  "height": 544,
  "frames": 33,
  "fps": 24,
  "artifacts": {
    "input": "/Users/dennisonbertram/Develop/flipbook-research/outputs/track-c/20260424T201700811688Z-c2-lite-glyph-static-layout-frame-scale-c40-frame-scale-014-edge09-freq10-train1536-seed1-1536x864-s5500/input.png",
    "render_960": "/Users/dennisonbertram/Develop/flipbook-research/outputs/track-c/20260424T201700811688Z-c2-lite-glyph-static-layout-frame-scale-c40-frame-scale-014-edge09-freq10-train1536-seed1-1536x864-s5500/render-960.png",
    "render_mid": "/Users/dennisonbertram/Develop/flipbook-research/outputs/track-c/20260424T201700811688Z-c2-lite-glyph-static-layout-frame-scale-c40-frame-scale-014-edge09-freq10-train1536-seed1-1536x864-s5500/render-mid.png",
    "render_last": "/Users/dennisonbertram/Develop/flipbook-research/outputs/track-c/20260424T201700811688Z-c2-lite-glyph-static-layout-frame-scale-c40-frame-scale-014-edge09-freq10-train1536-seed1-1536x864-s5500/render-last.png",
    "render_512": "/Users/dennisonbertram/Develop/flipbook-research/outputs/track-c/20260424T201700811688Z-c2-lite-glyph-static-layout-frame-scale-c40-frame-scale-014-edge09-freq10-train1536-seed1-1536x864-s5500/render-512.png",
    "crop_2x": "/Users/dennisonbertram/Develop/flipbook-research/outputs/track-c/20260424T201700811688Z-c2-lite-glyph-static-layout-frame-scale-c40-frame-scale-014-edge09-freq10-train1536-seed1-1536x864-s5500/crop-2x.png",
    "text_mask": "/Users/dennisonbertram/Develop/flipbook-research/outputs/track-c/20260424T201700811688Z-c2-lite-glyph-static-layout-frame-scale-c40-frame-scale-014-edge09-freq10-train1536-seed1-1536x864-s5500/text-mask.png",
    "element_alpha_mask": "/Users/dennisonbertram/Develop/flipbook-research/outputs/track-c/20260424T201700811688Z-c2-lite-glyph-static-layout-frame-scale-c40-frame-scale-014-edge09-freq10-train1536-seed1-1536x864-s5500/element-alpha-mask.png",
    "text_boxes": "/Users/dennisonbertram/Develop/flipbook-research/outputs/track-c/20260424T201700811688Z-c2-lite-glyph-static-layout-frame-scale-c40-frame-scale-014-edge09-freq10-train1536-seed1-1536x864-s5500/text-boxes.json",
    "output": "/Users/dennisonbertram/Develop/flipbook-research/outputs/track-c/20260424T201700811688Z-c2-lite-glyph-static-layout-frame-scale-c40-frame-scale-014-edge09-freq10-train1536-seed1-1536x864-s5500/output.mp4",
    "metrics": "/Users/dennisonbertram/Develop/flipbook-research/outputs/track-c/20260424T201700811688Z-c2-lite-glyph-static-layout-frame-scale-c40-frame-scale-014-edge09-freq10-train1536-seed1-1536x864-s5500/metrics.json",
    "quality": "/Users/dennisonbertram/Develop/flipbook-research/outputs/track-c/20260424T201700811688Z-c2-lite-glyph-static-layout-frame-scale-c40-frame-scale-014-edge09-freq10-train1536-seed1-1536x864-s5500/quality.json",
    "render_layout_mid": "/Users/dennisonbertram/Develop/flipbook-research/outputs/track-c/20260424T201700811688Z-c2-lite-glyph-static-layout-frame-scale-c40-frame-scale-014-edge09-freq10-train1536-seed1-1536x864-s5500/render-layout-mid.png"
  },
  "ocr_similarity": 0.3142857142857143,
  "layout_similarity": 0.9999560131782845,
  "motion_delta": 0.05998717620968819,
  "loop_error": 0.0014047748409211636,
  "status": "near_miss"
}
DONE 20260424T201700811688Z-c2-lite-glyph-static-layout-frame-scale-c40-frame-scale-014-edge09-freq10-train1536-seed1-1536x864-s5500 quality=0.3143 motion=0.0600
Stopping app - local entrypoint completed.
✓ App completed. View run at 
https://modal.com/apps/dennisonbertram/main/ap-34ahqu0WTTXTNguKLmEfDu
