✓ Initialized. View run at 
https://modal.com/apps/dennisonbertram/main/ap-ANdAYdPDcg95r4mjUY2F5W
✓ Created objects.
├── 🔨 Created mount 
│   /Users/dennisonbertram/Develop/flipbook-research/scripts/track_c/modal_canva
│   s_c2_lite.py
└── 🔨 Created function train_and_render_motion.
START 20260424T201700825834Z-c2-lite-glyph-static-layout-frame-scale-c40-frame-scale-016-edge09-freq10-train1536-1536x864-s5500 config={"batch_size": 131072, "channels": 16, "edge_loss_weight": 0.9, "edge_sample_ratio": 0.09, "element_anchor_mode": "line", "element_anchor_padding": 3, "element_mask_mode": "rectangle", "element_render_mode": "sequential", "element_scale_ratio": 0.25, "experiment_label": "c40-frame-scale-016-edge09-freq10-train1536", "flow_scale": 0.014, "fps": 24, "frames": 33, "freq_bands": 10, "hidden": 96, "layout_supersample": 1.0, "layout_transform_pan": 0.03, "layout_transform_strength": 0.16, "lr": 0.01, "min_motion_delta": 0.04, "min_ocr_similarity": 0.54, "motion_mode": "static", "motion_strength": 0.0, "seed": 0, "source_resolution": [1280, 736], "steps": 5500, "text_box_loss_weight": 0.0, "text_box_min_conf": 55.0, "text_box_padding": 0, "text_box_sample_ratio": 0.0, "text_boxes": "0 boxes", "time_bands": 4, "train_resolution": "1536x864", "video_layout_mode": "frame-scale", "video_viewport_mode": "static", "viewport_pan": 0.0, "viewport_zoom": 0.0}
{
  "canvas_type": "time-conditioned-latent-feature-grid-learned-flow-mlp-glyph-weighted",
  "train_resolution": "1536x864",
  "steps": 5500,
  "batch_size": 131072,
  "channels": 16,
  "hidden": 96,
  "freq_bands": 10,
  "time_bands": 4,
  "lr": 0.01,
  "seed": 0,
  "flow_scale": 0.014,
  "motion_mode": "static",
  "motion_strength": 0.0,
  "video_viewport_mode": "static",
  "viewport_zoom": 0.0,
  "viewport_pan": 0.0,
  "video_layout_mode": "frame-scale",
  "layout_transform_strength": 0.16,
  "layout_transform_pan": 0.03,
  "layout_supersample": 1.0,
  "element_scale_ratio": 0.25,
  "element_anchor_padding": 3,
  "element_mask_mode": "rectangle",
  "element_anchor_mode": "line",
  "element_render_mode": "sequential",
  "element_line_count": 0,
  "min_ocr_similarity": 0.54,
  "min_motion_delta": 0.04,
  "edge_sample_ratio": 0.09,
  "edge_loss_weight": 0.9,
  "text_box_sample_ratio": 0.0,
  "text_box_loss_weight": 0.0,
  "text_box_padding": 0,
  "text_box_count": 0,
  "text_mask_coverage": 0.0,
  "element_alpha_coverage": 0.0,
  "compile_ms": 43735.783165,
  "final_mse": 6.533410669362638e-06,
  "losses": [
    {
      "step": 0,
      "mse": 0.22641688585281372
    },
    {
      "step": 275,
      "mse": 0.0004817249719053507
    },
    {
      "step": 550,
      "mse": 0.0001421963970642537
    },
    {
      "step": 825,
      "mse": 0.0001926072291098535
    },
    {
      "step": 1100,
      "mse": 4.392403570818715e-05
    },
    {
      "step": 1375,
      "mse": 3.838126576738432e-05
    },
    {
      "step": 1650,
      "mse": 2.9933937184978276e-05
    },
    {
      "step": 1925,
      "mse": 1.4154535165289417e-05
    },
    {
      "step": 2200,
      "mse": 1.2995515135116875e-05
    },
    {
      "step": 2475,
      "mse": 5.5812863138271496e-05
    },
    {
      "step": 2750,
      "mse": 2.2186097339726985e-05
    },
    {
      "step": 3025,
      "mse": 2.3766213416820392e-05
    },
    {
      "step": 3300,
      "mse": 1.3510465578292497e-05
    },
    {
      "step": 3575,
      "mse": 2.3208631318993866e-05
    },
    {
      "step": 3850,
      "mse": 9.503795808996074e-06
    },
    {
      "step": 4125,
      "mse": 9.40707468544133e-06
    },
    {
      "step": 4400,
      "mse": 0.0009679091745056212
    },
    {
      "step": 4675,
      "mse": 2.5863548216875643e-05
    },
    {
      "step": 4950,
      "mse": 1.3716180546907708e-05
    },
    {
      "step": 5225,
      "mse": 9.686631528893486e-06
    },
    {
      "step": 5499,
      "mse": 6.533410669362638e-06
    }
  ],
  "render_times": {
    "render-960.png": 15.477232000002061,
    "render-mid.png": 9.495837999999424,
    "render-last.png": 9.475079000004882,
    "render-512.png": 2.6773230000003423,
    "crop-2x.png": 9.3821829999996,
    "render-layout-mid.png": 23.9807110000001
  },
  "render_960_ms": 15.477232000002061,
  "render_33_wall_ms": 305.42197100000124,
  "encode_ms": 270.5165530000002,
  "resize_consistency": 0.9999609161789076,
  "temporal_consistency": 0.9999996592476919,
  "motion_delta_model": 0.07728550583124161,
  "loop_error_model": 3.407523081477848e-07,
  "description": "C2-lite neural canvas: learned time-conditioned motion field with glyph-weighted sampling/loss",
  "run_id": "20260424T201700825834Z-c2-lite-glyph-static-layout-frame-scale-c40-frame-scale-016-edge09-freq10-train1536-1536x864-s5500",
  "commit": "d57c4e0",
  "track": "C",
  "width": 960,
  "height": 544,
  "frames": 33,
  "fps": 24,
  "artifacts": {
    "input": "/Users/dennisonbertram/Develop/flipbook-research/outputs/track-c/20260424T201700825834Z-c2-lite-glyph-static-layout-frame-scale-c40-frame-scale-016-edge09-freq10-train1536-1536x864-s5500/input.png",
    "render_960": "/Users/dennisonbertram/Develop/flipbook-research/outputs/track-c/20260424T201700825834Z-c2-lite-glyph-static-layout-frame-scale-c40-frame-scale-016-edge09-freq10-train1536-1536x864-s5500/render-960.png",
    "render_mid": "/Users/dennisonbertram/Develop/flipbook-research/outputs/track-c/20260424T201700825834Z-c2-lite-glyph-static-layout-frame-scale-c40-frame-scale-016-edge09-freq10-train1536-1536x864-s5500/render-mid.png",
    "render_last": "/Users/dennisonbertram/Develop/flipbook-research/outputs/track-c/20260424T201700825834Z-c2-lite-glyph-static-layout-frame-scale-c40-frame-scale-016-edge09-freq10-train1536-1536x864-s5500/render-last.png",
    "render_512": "/Users/dennisonbertram/Develop/flipbook-research/outputs/track-c/20260424T201700825834Z-c2-lite-glyph-static-layout-frame-scale-c40-frame-scale-016-edge09-freq10-train1536-1536x864-s5500/render-512.png",
    "crop_2x": "/Users/dennisonbertram/Develop/flipbook-research/outputs/track-c/20260424T201700825834Z-c2-lite-glyph-static-layout-frame-scale-c40-frame-scale-016-edge09-freq10-train1536-1536x864-s5500/crop-2x.png",
    "text_mask": "/Users/dennisonbertram/Develop/flipbook-research/outputs/track-c/20260424T201700825834Z-c2-lite-glyph-static-layout-frame-scale-c40-frame-scale-016-edge09-freq10-train1536-1536x864-s5500/text-mask.png",
    "element_alpha_mask": "/Users/dennisonbertram/Develop/flipbook-research/outputs/track-c/20260424T201700825834Z-c2-lite-glyph-static-layout-frame-scale-c40-frame-scale-016-edge09-freq10-train1536-1536x864-s5500/element-alpha-mask.png",
    "text_boxes": "/Users/dennisonbertram/Develop/flipbook-research/outputs/track-c/20260424T201700825834Z-c2-lite-glyph-static-layout-frame-scale-c40-frame-scale-016-edge09-freq10-train1536-1536x864-s5500/text-boxes.json",
    "output": "/Users/dennisonbertram/Develop/flipbook-research/outputs/track-c/20260424T201700825834Z-c2-lite-glyph-static-layout-frame-scale-c40-frame-scale-016-edge09-freq10-train1536-1536x864-s5500/output.mp4",
    "metrics": "/Users/dennisonbertram/Develop/flipbook-research/outputs/track-c/20260424T201700825834Z-c2-lite-glyph-static-layout-frame-scale-c40-frame-scale-016-edge09-freq10-train1536-1536x864-s5500/metrics.json",
    "quality": "/Users/dennisonbertram/Develop/flipbook-research/outputs/track-c/20260424T201700825834Z-c2-lite-glyph-static-layout-frame-scale-c40-frame-scale-016-edge09-freq10-train1536-1536x864-s5500/quality.json",
    "render_layout_mid": "/Users/dennisonbertram/Develop/flipbook-research/outputs/track-c/20260424T201700825834Z-c2-lite-glyph-static-layout-frame-scale-c40-frame-scale-016-edge09-freq10-train1536-1536x864-s5500/render-layout-mid.png"
  },
  "ocr_similarity": 0.5660377358490566,
  "layout_similarity": 0.9999609161789076,
  "motion_delta": 0.06060200557112694,
  "loop_error": 0.001620559487491846,
  "status": "pass"
}
DONE 20260424T201700825834Z-c2-lite-glyph-static-layout-frame-scale-c40-frame-scale-016-edge09-freq10-train1536-1536x864-s5500 quality=0.5660 motion=0.0606
Stopping app - local entrypoint completed.
✓ App completed. View run at 
https://modal.com/apps/dennisonbertram/main/ap-ANdAYdPDcg95r4mjUY2F5W
