✓ Initialized. View run at 
https://modal.com/apps/dennisonbertram/main/ap-Jc6bNGy6dXgnMMCtWPN49O
✓ Created objects.
├── 🔨 Created mount 
│   /Users/dennisonbertram/Develop/flipbook-research/scripts/track_c/modal_canva
│   s_c2_lite.py
└── 🔨 Created function train_and_render_motion.
START 20260424T201700816102Z-c2-lite-glyph-static-layout-frame-scale-c40-frame-scale-0145-edge09-freq10-train1536-1536x864-s5500 config={"batch_size": 131072, "channels": 16, "edge_loss_weight": 0.9, "edge_sample_ratio": 0.09, "element_anchor_mode": "line", "element_anchor_padding": 3, "element_mask_mode": "rectangle", "element_render_mode": "sequential", "element_scale_ratio": 0.25, "experiment_label": "c40-frame-scale-0145-edge09-freq10-train1536", "flow_scale": 0.014, "fps": 24, "frames": 33, "freq_bands": 10, "hidden": 96, "layout_supersample": 1.0, "layout_transform_pan": 0.028, "layout_transform_strength": 0.145, "lr": 0.01, "min_motion_delta": 0.04, "min_ocr_similarity": 0.62, "motion_mode": "static", "motion_strength": 0.0, "seed": 0, "source_resolution": [1280, 736], "steps": 5500, "text_box_loss_weight": 0.0, "text_box_min_conf": 55.0, "text_box_padding": 0, "text_box_sample_ratio": 0.0, "text_boxes": "0 boxes", "time_bands": 4, "train_resolution": "1536x864", "video_layout_mode": "frame-scale", "video_viewport_mode": "static", "viewport_pan": 0.0, "viewport_zoom": 0.0}
{
  "canvas_type": "time-conditioned-latent-feature-grid-learned-flow-mlp-glyph-weighted",
  "train_resolution": "1536x864",
  "steps": 5500,
  "batch_size": 131072,
  "channels": 16,
  "hidden": 96,
  "freq_bands": 10,
  "time_bands": 4,
  "lr": 0.01,
  "seed": 0,
  "flow_scale": 0.014,
  "motion_mode": "static",
  "motion_strength": 0.0,
  "video_viewport_mode": "static",
  "viewport_zoom": 0.0,
  "viewport_pan": 0.0,
  "video_layout_mode": "frame-scale",
  "layout_transform_strength": 0.145,
  "layout_transform_pan": 0.028,
  "layout_supersample": 1.0,
  "element_scale_ratio": 0.25,
  "element_anchor_padding": 3,
  "element_mask_mode": "rectangle",
  "element_anchor_mode": "line",
  "element_render_mode": "sequential",
  "element_line_count": 0,
  "min_ocr_similarity": 0.62,
  "min_motion_delta": 0.04,
  "edge_sample_ratio": 0.09,
  "edge_loss_weight": 0.9,
  "text_box_sample_ratio": 0.0,
  "text_box_loss_weight": 0.0,
  "text_box_padding": 0,
  "text_box_count": 0,
  "text_mask_coverage": 0.0,
  "element_alpha_coverage": 0.0,
  "compile_ms": 43747.459437000005,
  "final_mse": 1.5026673281681724e-05,
  "losses": [
    {
      "step": 0,
      "mse": 0.22641298174858093
    },
    {
      "step": 275,
      "mse": 0.0005228498484939337
    },
    {
      "step": 550,
      "mse": 0.00017386050603818148
    },
    {
      "step": 825,
      "mse": 0.00013595851487480104
    },
    {
      "step": 1100,
      "mse": 6.526721699628979e-05
    },
    {
      "step": 1375,
      "mse": 5.3827119700144976e-05
    },
    {
      "step": 1650,
      "mse": 0.00028596410993486643
    },
    {
      "step": 1925,
      "mse": 4.04244965466205e-05
    },
    {
      "step": 2200,
      "mse": 2.740118361543864e-05
    },
    {
      "step": 2475,
      "mse": 1.713031088002026e-05
    },
    {
      "step": 2750,
      "mse": 1.8829752661986277e-05
    },
    {
      "step": 3025,
      "mse": 1.2376115591905545e-05
    },
    {
      "step": 3300,
      "mse": 1.1398781680327374e-05
    },
    {
      "step": 3575,
      "mse": 5.800762210128596e-06
    },
    {
      "step": 3850,
      "mse": 6.0957769164815545e-05
    },
    {
      "step": 4125,
      "mse": 2.877019505831413e-05
    },
    {
      "step": 4400,
      "mse": 1.348724981653504e-05
    },
    {
      "step": 4675,
      "mse": 1.2147880624979734e-05
    },
    {
      "step": 4950,
      "mse": 1.1500221262394916e-05
    },
    {
      "step": 5225,
      "mse": 1.0839126844075508e-05
    },
    {
      "step": 5499,
      "mse": 1.5026673281681724e-05
    }
  ],
  "render_times": {
    "render-960.png": 15.243869000002519,
    "render-mid.png": 9.559668000001409,
    "render-last.png": 9.518376999999134,
    "render-512.png": 2.740199000001553,
    "crop-2x.png": 9.37997000000479,
    "render-layout-mid.png": 26.08511199999697
  },
  "render_960_ms": 15.243869000002519,
  "render_33_wall_ms": 305.6890439999975,
  "encode_ms": 268.6086450000005,
  "resize_consistency": 0.999960723350434,
  "temporal_consistency": 0.9999996508144307,
  "motion_delta_model": 0.07674848288297653,
  "loop_error_model": 3.4918556934826483e-07,
  "description": "C2-lite neural canvas: learned time-conditioned motion field with glyph-weighted sampling/loss",
  "run_id": "20260424T201700816102Z-c2-lite-glyph-static-layout-frame-scale-c40-frame-scale-0145-edge09-freq10-train1536-1536x864-s5500",
  "commit": "d57c4e0",
  "track": "C",
  "width": 960,
  "height": 544,
  "frames": 33,
  "fps": 24,
  "artifacts": {
    "input": "/Users/dennisonbertram/Develop/flipbook-research/outputs/track-c/20260424T201700816102Z-c2-lite-glyph-static-layout-frame-scale-c40-frame-scale-0145-edge09-freq10-train1536-1536x864-s5500/input.png",
    "render_960": "/Users/dennisonbertram/Develop/flipbook-research/outputs/track-c/20260424T201700816102Z-c2-lite-glyph-static-layout-frame-scale-c40-frame-scale-0145-edge09-freq10-train1536-1536x864-s5500/render-960.png",
    "render_mid": "/Users/dennisonbertram/Develop/flipbook-research/outputs/track-c/20260424T201700816102Z-c2-lite-glyph-static-layout-frame-scale-c40-frame-scale-0145-edge09-freq10-train1536-1536x864-s5500/render-mid.png",
    "render_last": "/Users/dennisonbertram/Develop/flipbook-research/outputs/track-c/20260424T201700816102Z-c2-lite-glyph-static-layout-frame-scale-c40-frame-scale-0145-edge09-freq10-train1536-1536x864-s5500/render-last.png",
    "render_512": "/Users/dennisonbertram/Develop/flipbook-research/outputs/track-c/20260424T201700816102Z-c2-lite-glyph-static-layout-frame-scale-c40-frame-scale-0145-edge09-freq10-train1536-1536x864-s5500/render-512.png",
    "crop_2x": "/Users/dennisonbertram/Develop/flipbook-research/outputs/track-c/20260424T201700816102Z-c2-lite-glyph-static-layout-frame-scale-c40-frame-scale-0145-edge09-freq10-train1536-1536x864-s5500/crop-2x.png",
    "text_mask": "/Users/dennisonbertram/Develop/flipbook-research/outputs/track-c/20260424T201700816102Z-c2-lite-glyph-static-layout-frame-scale-c40-frame-scale-0145-edge09-freq10-train1536-1536x864-s5500/text-mask.png",
    "element_alpha_mask": "/Users/dennisonbertram/Develop/flipbook-research/outputs/track-c/20260424T201700816102Z-c2-lite-glyph-static-layout-frame-scale-c40-frame-scale-0145-edge09-freq10-train1536-1536x864-s5500/element-alpha-mask.png",
    "text_boxes": "/Users/dennisonbertram/Develop/flipbook-research/outputs/track-c/20260424T201700816102Z-c2-lite-glyph-static-layout-frame-scale-c40-frame-scale-0145-edge09-freq10-train1536-1536x864-s5500/text-boxes.json",
    "output": "/Users/dennisonbertram/Develop/flipbook-research/outputs/track-c/20260424T201700816102Z-c2-lite-glyph-static-layout-frame-scale-c40-frame-scale-0145-edge09-freq10-train1536-1536x864-s5500/output.mp4",
    "metrics": "/Users/dennisonbertram/Develop/flipbook-research/outputs/track-c/20260424T201700816102Z-c2-lite-glyph-static-layout-frame-scale-c40-frame-scale-0145-edge09-freq10-train1536-1536x864-s5500/metrics.json",
    "quality": "/Users/dennisonbertram/Develop/flipbook-research/outputs/track-c/20260424T201700816102Z-c2-lite-glyph-static-layout-frame-scale-c40-frame-scale-0145-edge09-freq10-train1536-1536x864-s5500/quality.json",
    "render_layout_mid": "/Users/dennisonbertram/Develop/flipbook-research/outputs/track-c/20260424T201700816102Z-c2-lite-glyph-static-layout-frame-scale-c40-frame-scale-0145-edge09-freq10-train1536-1536x864-s5500/render-layout-mid.png"
  },
  "ocr_similarity": 0.5566037735849056,
  "layout_similarity": 0.999960723350434,
  "motion_delta": 0.05999039113521576,
  "loop_error": 0.0014738033059984446,
  "status": "near_miss"
}
DONE 20260424T201700816102Z-c2-lite-glyph-static-layout-frame-scale-c40-frame-scale-0145-edge09-freq10-train1536-1536x864-s5500 quality=0.5566 motion=0.0600
Stopping app - local entrypoint completed.
✓ App completed. View run at 
https://modal.com/apps/dennisonbertram/main/ap-Jc6bNGy6dXgnMMCtWPN49O
