✓ Initialized. View run at 
https://modal.com/apps/dennisonbertram/main/ap-rzIBfylKKSllI25qQXmc4Y
✓ Created objects.
├── 🔨 Created mount 
│   /Users/dennisonbertram/Develop/flipbook-research/scripts/track_c/modal_canva
│   s_c2_lite.py
└── 🔨 Created function train_and_render_motion.
START 20260424T201700805586Z-c2-lite-glyph-static-layout-frame-scale-c40-frame-scale-014-edge09-freq12-train1536-1536x864-s5500 config={"batch_size": 131072, "channels": 16, "edge_loss_weight": 0.9, "edge_sample_ratio": 0.09, "element_anchor_mode": "line", "element_anchor_padding": 3, "element_mask_mode": "rectangle", "element_render_mode": "sequential", "element_scale_ratio": 0.25, "experiment_label": "c40-frame-scale-014-edge09-freq12-train1536", "flow_scale": 0.014, "fps": 24, "frames": 33, "freq_bands": 12, "hidden": 96, "layout_supersample": 1.0, "layout_transform_pan": 0.027, "layout_transform_strength": 0.14, "lr": 0.01, "min_motion_delta": 0.04, "min_ocr_similarity": 0.64, "motion_mode": "static", "motion_strength": 0.0, "seed": 0, "source_resolution": [1280, 736], "steps": 5500, "text_box_loss_weight": 0.0, "text_box_min_conf": 55.0, "text_box_padding": 0, "text_box_sample_ratio": 0.0, "text_boxes": "0 boxes", "time_bands": 4, "train_resolution": "1536x864", "video_layout_mode": "frame-scale", "video_viewport_mode": "static", "viewport_pan": 0.0, "viewport_zoom": 0.0}
{
  "canvas_type": "time-conditioned-latent-feature-grid-learned-flow-mlp-glyph-weighted",
  "train_resolution": "1536x864",
  "steps": 5500,
  "batch_size": 131072,
  "channels": 16,
  "hidden": 96,
  "freq_bands": 12,
  "time_bands": 4,
  "lr": 0.01,
  "seed": 0,
  "flow_scale": 0.014,
  "motion_mode": "static",
  "motion_strength": 0.0,
  "video_viewport_mode": "static",
  "viewport_zoom": 0.0,
  "viewport_pan": 0.0,
  "video_layout_mode": "frame-scale",
  "layout_transform_strength": 0.14,
  "layout_transform_pan": 0.027,
  "layout_supersample": 1.0,
  "element_scale_ratio": 0.25,
  "element_anchor_padding": 3,
  "element_mask_mode": "rectangle",
  "element_anchor_mode": "line",
  "element_render_mode": "sequential",
  "element_line_count": 0,
  "min_ocr_similarity": 0.64,
  "min_motion_delta": 0.04,
  "edge_sample_ratio": 0.09,
  "edge_loss_weight": 0.9,
  "text_box_sample_ratio": 0.0,
  "text_box_loss_weight": 0.0,
  "text_box_padding": 0,
  "text_box_count": 0,
  "text_mask_coverage": 0.0,
  "element_alpha_coverage": 0.0,
  "compile_ms": 44352.945888,
  "final_mse": 6.7234773268864956e-06,
  "losses": [
    {
      "step": 0,
      "mse": 0.21064308285713196
    },
    {
      "step": 275,
      "mse": 0.00047763169277459383
    },
    {
      "step": 550,
      "mse": 0.00016546282859053463
    },
    {
      "step": 825,
      "mse": 8.392470044782385e-05
    },
    {
      "step": 1100,
      "mse": 0.0064829252660274506
    },
    {
      "step": 1375,
      "mse": 6.897150888107717e-05
    },
    {
      "step": 1650,
      "mse": 4.2470692278584465e-05
    },
    {
      "step": 1925,
      "mse": 2.9314163839444518e-05
    },
    {
      "step": 2200,
      "mse": 1.4399274732568301e-05
    },
    {
      "step": 2475,
      "mse": 8.709360372449737e-06
    },
    {
      "step": 2750,
      "mse": 9.824852895690128e-06
    },
    {
      "step": 3025,
      "mse": 9.353338100481778e-06
    },
    {
      "step": 3300,
      "mse": 9.759613931237254e-06
    },
    {
      "step": 3575,
      "mse": 6.154915354272816e-06
    },
    {
      "step": 3850,
      "mse": 6.894507532706484e-05
    },
    {
      "step": 4125,
      "mse": 2.4061995645752177e-05
    },
    {
      "step": 4400,
      "mse": 1.8386661395197734e-05
    },
    {
      "step": 4675,
      "mse": 1.4332425052998587e-05
    },
    {
      "step": 4950,
      "mse": 1.4553574146702886e-05
    },
    {
      "step": 5225,
      "mse": 9.846382454270497e-06
    },
    {
      "step": 5499,
      "mse": 6.7234773268864956e-06
    }
  ],
  "render_times": {
    "render-960.png": 25.50709199999801,
    "render-mid.png": 10.455731000000412,
    "render-last.png": 10.284677000001352,
    "render-512.png": 3.104099999994503,
    "crop-2x.png": 10.41955000000172,
    "render-layout-mid.png": 33.009848999995484
  },
  "render_960_ms": 25.50709199999801,
  "render_33_wall_ms": 330.92877500000384,
  "encode_ms": 346.0210929999974,
  "resize_consistency": 0.9999521202951246,
  "temporal_consistency": 0.9999993227141886,
  "motion_delta_model": 0.0770823284983635,
  "loop_error_model": 6.772858114345581e-07,
  "description": "C2-lite neural canvas: learned time-conditioned motion field with glyph-weighted sampling/loss",
  "run_id": "20260424T201700805586Z-c2-lite-glyph-static-layout-frame-scale-c40-frame-scale-014-edge09-freq12-train1536-1536x864-s5500",
  "commit": "d57c4e0",
  "track": "C",
  "width": 960,
  "height": 544,
  "frames": 33,
  "fps": 24,
  "artifacts": {
    "input": "/Users/dennisonbertram/Develop/flipbook-research/outputs/track-c/20260424T201700805586Z-c2-lite-glyph-static-layout-frame-scale-c40-frame-scale-014-edge09-freq12-train1536-1536x864-s5500/input.png",
    "render_960": "/Users/dennisonbertram/Develop/flipbook-research/outputs/track-c/20260424T201700805586Z-c2-lite-glyph-static-layout-frame-scale-c40-frame-scale-014-edge09-freq12-train1536-1536x864-s5500/render-960.png",
    "render_mid": "/Users/dennisonbertram/Develop/flipbook-research/outputs/track-c/20260424T201700805586Z-c2-lite-glyph-static-layout-frame-scale-c40-frame-scale-014-edge09-freq12-train1536-1536x864-s5500/render-mid.png",
    "render_last": "/Users/dennisonbertram/Develop/flipbook-research/outputs/track-c/20260424T201700805586Z-c2-lite-glyph-static-layout-frame-scale-c40-frame-scale-014-edge09-freq12-train1536-1536x864-s5500/render-last.png",
    "render_512": "/Users/dennisonbertram/Develop/flipbook-research/outputs/track-c/20260424T201700805586Z-c2-lite-glyph-static-layout-frame-scale-c40-frame-scale-014-edge09-freq12-train1536-1536x864-s5500/render-512.png",
    "crop_2x": "/Users/dennisonbertram/Develop/flipbook-research/outputs/track-c/20260424T201700805586Z-c2-lite-glyph-static-layout-frame-scale-c40-frame-scale-014-edge09-freq12-train1536-1536x864-s5500/crop-2x.png",
    "text_mask": "/Users/dennisonbertram/Develop/flipbook-research/outputs/track-c/20260424T201700805586Z-c2-lite-glyph-static-layout-frame-scale-c40-frame-scale-014-edge09-freq12-train1536-1536x864-s5500/text-mask.png",
    "element_alpha_mask": "/Users/dennisonbertram/Develop/flipbook-research/outputs/track-c/20260424T201700805586Z-c2-lite-glyph-static-layout-frame-scale-c40-frame-scale-014-edge09-freq12-train1536-1536x864-s5500/element-alpha-mask.png",
    "text_boxes": "/Users/dennisonbertram/Develop/flipbook-research/outputs/track-c/20260424T201700805586Z-c2-lite-glyph-static-layout-frame-scale-c40-frame-scale-014-edge09-freq12-train1536-1536x864-s5500/text-boxes.json",
    "output": "/Users/dennisonbertram/Develop/flipbook-research/outputs/track-c/20260424T201700805586Z-c2-lite-glyph-static-layout-frame-scale-c40-frame-scale-014-edge09-freq12-train1536-1536x864-s5500/output.mp4",
    "metrics": "/Users/dennisonbertram/Develop/flipbook-research/outputs/track-c/20260424T201700805586Z-c2-lite-glyph-static-layout-frame-scale-c40-frame-scale-014-edge09-freq12-train1536-1536x864-s5500/metrics.json",
    "quality": "/Users/dennisonbertram/Develop/flipbook-research/outputs/track-c/20260424T201700805586Z-c2-lite-glyph-static-layout-frame-scale-c40-frame-scale-014-edge09-freq12-train1536-1536x864-s5500/quality.json",
    "render_layout_mid": "/Users/dennisonbertram/Develop/flipbook-research/outputs/track-c/20260424T201700805586Z-c2-lite-glyph-static-layout-frame-scale-c40-frame-scale-014-edge09-freq12-train1536-1536x864-s5500/render-layout-mid.png"
  },
  "ocr_similarity": 0.5981308411214953,
  "layout_similarity": 0.9999521202951246,
  "motion_delta": 0.05945896729826927,
  "loop_error": 0.0006460300064645708,
  "status": "near_miss"
}
DONE 20260424T201700805586Z-c2-lite-glyph-static-layout-frame-scale-c40-frame-scale-014-edge09-freq12-train1536-1536x864-s5500 quality=0.5981 motion=0.0595
Stopping app - local entrypoint completed.
✓ App completed. View run at 
https://modal.com/apps/dennisonbertram/main/ap-rzIBfylKKSllI25qQXmc4Y
