✓ Initialized. View run at 
https://modal.com/apps/dennisonbertram/main/ap-GbKjw4P8t0GYuJNnCSOVrR
✓ Created objects.
├── 🔨 Created mount 
│   /Users/dennisonbertram/Develop/flipbook-research/scripts/track_c/modal_canva
│   s_c2_lite.py
└── 🔨 Created function train_and_render_motion.
START 20260424T202326534337Z-c2-lite-glyph-static-layout-frame-scale-c41-frame-scale-014-edge09-freq10-train1536-seed3-1536x864-s5500 config={"batch_size": 131072, "channels": 16, "edge_loss_weight": 0.9, "edge_sample_ratio": 0.09, "element_anchor_mode": "line", "element_anchor_padding": 3, "element_mask_mode": "rectangle", "element_render_mode": "sequential", "element_scale_ratio": 0.25, "experiment_label": "c41-frame-scale-014-edge09-freq10-train1536-seed3", "flow_scale": 0.014, "fps": 24, "frames": 33, "freq_bands": 10, "hidden": 96, "layout_supersample": 1.0, "layout_transform_pan": 0.027, "layout_transform_strength": 0.14, "lr": 0.01, "min_motion_delta": 0.04, "min_ocr_similarity": 0.62, "motion_mode": "static", "motion_strength": 0.0, "seed": 3, "source_resolution": [1280, 736], "steps": 5500, "text_box_loss_weight": 0.0, "text_box_min_conf": 55.0, "text_box_padding": 0, "text_box_sample_ratio": 0.0, "text_boxes": "0 boxes", "time_bands": 4, "train_resolution": "1536x864", "video_layout_mode": "frame-scale", "video_viewport_mode": "static", "viewport_pan": 0.0, "viewport_zoom": 0.0}
{
  "canvas_type": "time-conditioned-latent-feature-grid-learned-flow-mlp-glyph-weighted",
  "train_resolution": "1536x864",
  "steps": 5500,
  "batch_size": 131072,
  "channels": 16,
  "hidden": 96,
  "freq_bands": 10,
  "time_bands": 4,
  "lr": 0.01,
  "seed": 3,
  "flow_scale": 0.014,
  "motion_mode": "static",
  "motion_strength": 0.0,
  "video_viewport_mode": "static",
  "viewport_zoom": 0.0,
  "viewport_pan": 0.0,
  "video_layout_mode": "frame-scale",
  "layout_transform_strength": 0.14,
  "layout_transform_pan": 0.027,
  "layout_supersample": 1.0,
  "element_scale_ratio": 0.25,
  "element_anchor_padding": 3,
  "element_mask_mode": "rectangle",
  "element_anchor_mode": "line",
  "element_render_mode": "sequential",
  "element_line_count": 0,
  "min_ocr_similarity": 0.62,
  "min_motion_delta": 0.04,
  "edge_sample_ratio": 0.09,
  "edge_loss_weight": 0.9,
  "text_box_sample_ratio": 0.0,
  "text_box_loss_weight": 0.0,
  "text_box_padding": 0,
  "text_box_count": 0,
  "text_mask_coverage": 0.0,
  "element_alpha_coverage": 0.0,
  "compile_ms": 43761.832055,
  "final_mse": 8.521167910657823e-05,
  "losses": [
    {
      "step": 0,
      "mse": 0.22880034148693085
    },
    {
      "step": 275,
      "mse": 0.0004574627964757383
    },
    {
      "step": 550,
      "mse": 0.00015476143744308501
    },
    {
      "step": 825,
      "mse": 0.0002577881678007543
    },
    {
      "step": 1100,
      "mse": 7.228035246953368e-05
    },
    {
      "step": 1375,
      "mse": 0.007985765114426613
    },
    {
      "step": 1650,
      "mse": 8.858213550411165e-05
    },
    {
      "step": 1925,
      "mse": 2.8510690754046664e-05
    },
    {
      "step": 2200,
      "mse": 4.762830212712288e-05
    },
    {
      "step": 2475,
      "mse": 2.248326563858427e-05
    },
    {
      "step": 2750,
      "mse": 2.447708902764134e-05
    },
    {
      "step": 3025,
      "mse": 1.398888707626611e-05
    },
    {
      "step": 3300,
      "mse": 5.248928118817275e-06
    },
    {
      "step": 3575,
      "mse": 1.191671981359832e-05
    },
    {
      "step": 3850,
      "mse": 7.87160752224736e-06
    },
    {
      "step": 4125,
      "mse": 0.00013255453086458147
    },
    {
      "step": 4400,
      "mse": 2.5859419110929593e-05
    },
    {
      "step": 4675,
      "mse": 1.3176983884477522e-05
    },
    {
      "step": 4950,
      "mse": 1.0299178029526956e-05
    },
    {
      "step": 5225,
      "mse": 1.6707461327314377e-05
    },
    {
      "step": 5499,
      "mse": 8.521167910657823e-05
    }
  ],
  "render_times": {
    "render-960.png": 15.205442000002733,
    "render-mid.png": 9.567670999999223,
    "render-last.png": 9.474064000002613,
    "render-512.png": 2.680775999998275,
    "crop-2x.png": 9.316226999999344,
    "render-layout-mid.png": 24.537977999997906
  },
  "render_960_ms": 15.205442000002733,
  "render_33_wall_ms": 305.7286889999986,
  "encode_ms": 279.92709000000104,
  "resize_consistency": 0.9999595745450394,
  "temporal_consistency": 0.9999996904269608,
  "motion_delta_model": 0.07578980922698975,
  "loop_error_model": 3.095730392033147e-07,
  "description": "C2-lite neural canvas: learned time-conditioned motion field with glyph-weighted sampling/loss",
  "run_id": "20260424T202326534337Z-c2-lite-glyph-static-layout-frame-scale-c41-frame-scale-014-edge09-freq10-train1536-seed3-1536x864-s5500",
  "commit": "6a1ea45",
  "track": "C",
  "width": 960,
  "height": 544,
  "frames": 33,
  "fps": 24,
  "artifacts": {
    "input": "/Users/dennisonbertram/Develop/flipbook-research/outputs/track-c/20260424T202326534337Z-c2-lite-glyph-static-layout-frame-scale-c41-frame-scale-014-edge09-freq10-train1536-seed3-1536x864-s5500/input.png",
    "render_960": "/Users/dennisonbertram/Develop/flipbook-research/outputs/track-c/20260424T202326534337Z-c2-lite-glyph-static-layout-frame-scale-c41-frame-scale-014-edge09-freq10-train1536-seed3-1536x864-s5500/render-960.png",
    "render_mid": "/Users/dennisonbertram/Develop/flipbook-research/outputs/track-c/20260424T202326534337Z-c2-lite-glyph-static-layout-frame-scale-c41-frame-scale-014-edge09-freq10-train1536-seed3-1536x864-s5500/render-mid.png",
    "render_last": "/Users/dennisonbertram/Develop/flipbook-research/outputs/track-c/20260424T202326534337Z-c2-lite-glyph-static-layout-frame-scale-c41-frame-scale-014-edge09-freq10-train1536-seed3-1536x864-s5500/render-last.png",
    "render_512": "/Users/dennisonbertram/Develop/flipbook-research/outputs/track-c/20260424T202326534337Z-c2-lite-glyph-static-layout-frame-scale-c41-frame-scale-014-edge09-freq10-train1536-seed3-1536x864-s5500/render-512.png",
    "crop_2x": "/Users/dennisonbertram/Develop/flipbook-research/outputs/track-c/20260424T202326534337Z-c2-lite-glyph-static-layout-frame-scale-c41-frame-scale-014-edge09-freq10-train1536-seed3-1536x864-s5500/crop-2x.png",
    "text_mask": "/Users/dennisonbertram/Develop/flipbook-research/outputs/track-c/20260424T202326534337Z-c2-lite-glyph-static-layout-frame-scale-c41-frame-scale-014-edge09-freq10-train1536-seed3-1536x864-s5500/text-mask.png",
    "element_alpha_mask": "/Users/dennisonbertram/Develop/flipbook-research/outputs/track-c/20260424T202326534337Z-c2-lite-glyph-static-layout-frame-scale-c41-frame-scale-014-edge09-freq10-train1536-seed3-1536x864-s5500/element-alpha-mask.png",
    "text_boxes": "/Users/dennisonbertram/Develop/flipbook-research/outputs/track-c/20260424T202326534337Z-c2-lite-glyph-static-layout-frame-scale-c41-frame-scale-014-edge09-freq10-train1536-seed3-1536x864-s5500/text-boxes.json",
    "output": "/Users/dennisonbertram/Develop/flipbook-research/outputs/track-c/20260424T202326534337Z-c2-lite-glyph-static-layout-frame-scale-c41-frame-scale-014-edge09-freq10-train1536-seed3-1536x864-s5500/output.mp4",
    "metrics": "/Users/dennisonbertram/Develop/flipbook-research/outputs/track-c/20260424T202326534337Z-c2-lite-glyph-static-layout-frame-scale-c41-frame-scale-014-edge09-freq10-train1536-seed3-1536x864-s5500/metrics.json",
    "quality": "/Users/dennisonbertram/Develop/flipbook-research/outputs/track-c/20260424T202326534337Z-c2-lite-glyph-static-layout-frame-scale-c41-frame-scale-014-edge09-freq10-train1536-seed3-1536x864-s5500/quality.json",
    "render_layout_mid": "/Users/dennisonbertram/Develop/flipbook-research/outputs/track-c/20260424T202326534337Z-c2-lite-glyph-static-layout-frame-scale-c41-frame-scale-014-edge09-freq10-train1536-seed3-1536x864-s5500/render-layout-mid.png"
  },
  "ocr_similarity": 0.6267281105990784,
  "layout_similarity": 0.9999595745450394,
  "motion_delta": 0.05928800627589226,
  "loop_error": 0.001018405077047646,
  "status": "pass"
}
DONE 20260424T202326534337Z-c2-lite-glyph-static-layout-frame-scale-c41-frame-scale-014-edge09-freq10-train1536-seed3-1536x864-s5500 quality=0.6267 motion=0.0593
Stopping app - local entrypoint completed.
✓ App completed. View run at 
https://modal.com/apps/dennisonbertram/main/ap-GbKjw4P8t0GYuJNnCSOVrR
