✓ Initialized. View run at 
https://modal.com/apps/dennisonbertram/main/ap-zl7nu2jVCtAWl7VwdHIeFE
✓ Created objects.
├── 🔨 Created mount 
│   /Users/dennisonbertram/Develop/flipbook-research/scripts/track_c/modal_canva
│   s_c2_lite.py
└── 🔨 Created function train_and_render_motion.
START 20260424T202326428456Z-c2-lite-glyph-static-layout-frame-scale-c41-frame-scale-014-edge09-freq10-train1536-lr005-1536x864-s5500 config={"batch_size": 131072, "channels": 16, "edge_loss_weight": 0.9, "edge_sample_ratio": 0.09, "element_anchor_mode": "line", "element_anchor_padding": 3, "element_mask_mode": "rectangle", "element_render_mode": "sequential", "element_scale_ratio": 0.25, "experiment_label": "c41-frame-scale-014-edge09-freq10-train1536-lr005", "flow_scale": 0.014, "fps": 24, "frames": 33, "freq_bands": 10, "hidden": 96, "layout_supersample": 1.0, "layout_transform_pan": 0.027, "layout_transform_strength": 0.14, "lr": 0.005, "min_motion_delta": 0.04, "min_ocr_similarity": 0.62, "motion_mode": "static", "motion_strength": 0.0, "seed": 0, "source_resolution": [1280, 736], "steps": 5500, "text_box_loss_weight": 0.0, "text_box_min_conf": 55.0, "text_box_padding": 0, "text_box_sample_ratio": 0.0, "text_boxes": "0 boxes", "time_bands": 4, "train_resolution": "1536x864", "video_layout_mode": "frame-scale", "video_viewport_mode": "static", "viewport_pan": 0.0, "viewport_zoom": 0.0}
{
  "canvas_type": "time-conditioned-latent-feature-grid-learned-flow-mlp-glyph-weighted",
  "train_resolution": "1536x864",
  "steps": 5500,
  "batch_size": 131072,
  "channels": 16,
  "hidden": 96,
  "freq_bands": 10,
  "time_bands": 4,
  "lr": 0.005,
  "seed": 0,
  "flow_scale": 0.014,
  "motion_mode": "static",
  "motion_strength": 0.0,
  "video_viewport_mode": "static",
  "viewport_zoom": 0.0,
  "viewport_pan": 0.0,
  "video_layout_mode": "frame-scale",
  "layout_transform_strength": 0.14,
  "layout_transform_pan": 0.027,
  "layout_supersample": 1.0,
  "element_scale_ratio": 0.25,
  "element_anchor_padding": 3,
  "element_mask_mode": "rectangle",
  "element_anchor_mode": "line",
  "element_render_mode": "sequential",
  "element_line_count": 0,
  "min_ocr_similarity": 0.62,
  "min_motion_delta": 0.04,
  "edge_sample_ratio": 0.09,
  "edge_loss_weight": 0.9,
  "text_box_sample_ratio": 0.0,
  "text_box_loss_weight": 0.0,
  "text_box_padding": 0,
  "text_box_count": 0,
  "text_mask_coverage": 0.0,
  "element_alpha_coverage": 0.0,
  "compile_ms": 43697.37847,
  "final_mse": 1.3086490071145818e-05,
  "losses": [
    {
      "step": 0,
      "mse": 0.22641484439373016
    },
    {
      "step": 275,
      "mse": 0.0009172189747914672
    },
    {
      "step": 550,
      "mse": 0.00036697910400107503
    },
    {
      "step": 825,
      "mse": 0.0002418261137790978
    },
    {
      "step": 1100,
      "mse": 0.0001815795840229839
    },
    {
      "step": 1375,
      "mse": 0.00011818363418569788
    },
    {
      "step": 1650,
      "mse": 7.041772187221795e-05
    },
    {
      "step": 1925,
      "mse": 5.706578303943388e-05
    },
    {
      "step": 2200,
      "mse": 4.8305955715477467e-05
    },
    {
      "step": 2475,
      "mse": 0.0003978706372436136
    },
    {
      "step": 2750,
      "mse": 2.823842987709213e-05
    },
    {
      "step": 3025,
      "mse": 2.1424075384857133e-05
    },
    {
      "step": 3300,
      "mse": 8.60972359078005e-05
    },
    {
      "step": 3575,
      "mse": 2.802807284751907e-05
    },
    {
      "step": 3850,
      "mse": 3.172138531226665e-05
    },
    {
      "step": 4125,
      "mse": 4.088661808054894e-05
    },
    {
      "step": 4400,
      "mse": 0.00018507777713239193
    },
    {
      "step": 4675,
      "mse": 1.0075081263494212e-05
    },
    {
      "step": 4950,
      "mse": 1.614499524293933e-05
    },
    {
      "step": 5225,
      "mse": 0.00018326574354432523
    },
    {
      "step": 5499,
      "mse": 1.3086490071145818e-05
    }
  ],
  "render_times": {
    "render-960.png": 14.479258000001494,
    "render-mid.png": 9.440069000000051,
    "render-last.png": 9.420746000003533,
    "render-512.png": 2.6408700000004615,
    "crop-2x.png": 9.315090000001192,
    "render-layout-mid.png": 22.941623999997773
  },
  "render_960_ms": 14.479258000001494,
  "render_33_wall_ms": 305.2926280000037,
  "encode_ms": 258.9355340000026,
  "resize_consistency": 0.9999569654483055,
  "temporal_consistency": 0.9999996188238924,
  "motion_delta_model": 0.07720368355512619,
  "loop_error_model": 3.811761075667164e-07,
  "description": "C2-lite neural canvas: learned time-conditioned motion field with glyph-weighted sampling/loss",
  "run_id": "20260424T202326428456Z-c2-lite-glyph-static-layout-frame-scale-c41-frame-scale-014-edge09-freq10-train1536-lr005-1536x864-s5500",
  "commit": "6a1ea45",
  "track": "C",
  "width": 960,
  "height": 544,
  "frames": 33,
  "fps": 24,
  "artifacts": {
    "input": "/Users/dennisonbertram/Develop/flipbook-research/outputs/track-c/20260424T202326428456Z-c2-lite-glyph-static-layout-frame-scale-c41-frame-scale-014-edge09-freq10-train1536-lr005-1536x864-s5500/input.png",
    "render_960": "/Users/dennisonbertram/Develop/flipbook-research/outputs/track-c/20260424T202326428456Z-c2-lite-glyph-static-layout-frame-scale-c41-frame-scale-014-edge09-freq10-train1536-lr005-1536x864-s5500/render-960.png",
    "render_mid": "/Users/dennisonbertram/Develop/flipbook-research/outputs/track-c/20260424T202326428456Z-c2-lite-glyph-static-layout-frame-scale-c41-frame-scale-014-edge09-freq10-train1536-lr005-1536x864-s5500/render-mid.png",
    "render_last": "/Users/dennisonbertram/Develop/flipbook-research/outputs/track-c/20260424T202326428456Z-c2-lite-glyph-static-layout-frame-scale-c41-frame-scale-014-edge09-freq10-train1536-lr005-1536x864-s5500/render-last.png",
    "render_512": "/Users/dennisonbertram/Develop/flipbook-research/outputs/track-c/20260424T202326428456Z-c2-lite-glyph-static-layout-frame-scale-c41-frame-scale-014-edge09-freq10-train1536-lr005-1536x864-s5500/render-512.png",
    "crop_2x": "/Users/dennisonbertram/Develop/flipbook-research/outputs/track-c/20260424T202326428456Z-c2-lite-glyph-static-layout-frame-scale-c41-frame-scale-014-edge09-freq10-train1536-lr005-1536x864-s5500/crop-2x.png",
    "text_mask": "/Users/dennisonbertram/Develop/flipbook-research/outputs/track-c/20260424T202326428456Z-c2-lite-glyph-static-layout-frame-scale-c41-frame-scale-014-edge09-freq10-train1536-lr005-1536x864-s5500/text-mask.png",
    "element_alpha_mask": "/Users/dennisonbertram/Develop/flipbook-research/outputs/track-c/20260424T202326428456Z-c2-lite-glyph-static-layout-frame-scale-c41-frame-scale-014-edge09-freq10-train1536-lr005-1536x864-s5500/element-alpha-mask.png",
    "text_boxes": "/Users/dennisonbertram/Develop/flipbook-research/outputs/track-c/20260424T202326428456Z-c2-lite-glyph-static-layout-frame-scale-c41-frame-scale-014-edge09-freq10-train1536-lr005-1536x864-s5500/text-boxes.json",
    "output": "/Users/dennisonbertram/Develop/flipbook-research/outputs/track-c/20260424T202326428456Z-c2-lite-glyph-static-layout-frame-scale-c41-frame-scale-014-edge09-freq10-train1536-lr005-1536x864-s5500/output.mp4",
    "metrics": "/Users/dennisonbertram/Develop/flipbook-research/outputs/track-c/20260424T202326428456Z-c2-lite-glyph-static-layout-frame-scale-c41-frame-scale-014-edge09-freq10-train1536-lr005-1536x864-s5500/metrics.json",
    "quality": "/Users/dennisonbertram/Develop/flipbook-research/outputs/track-c/20260424T202326428456Z-c2-lite-glyph-static-layout-frame-scale-c41-frame-scale-014-edge09-freq10-train1536-lr005-1536x864-s5500/quality.json",
    "render_layout_mid": "/Users/dennisonbertram/Develop/flipbook-research/outputs/track-c/20260424T202326428456Z-c2-lite-glyph-static-layout-frame-scale-c41-frame-scale-014-edge09-freq10-train1536-lr005-1536x864-s5500/render-layout-mid.png"
  },
  "ocr_similarity": 0.45714285714285713,
  "layout_similarity": 0.9999569654483055,
  "motion_delta": 0.06018461659550667,
  "loop_error": 0.0008419571677222848,
  "status": "near_miss"
}
DONE 20260424T202326428456Z-c2-lite-glyph-static-layout-frame-scale-c41-frame-scale-014-edge09-freq10-train1536-lr005-1536x864-s5500 quality=0.4571 motion=0.0602
Stopping app - local entrypoint completed.
✓ App completed. View run at 
https://modal.com/apps/dennisonbertram/main/ap-zl7nu2jVCtAWl7VwdHIeFE
