✓ Initialized. View run at 
https://modal.com/apps/dennisonbertram/main/ap-DVg65P1jDaS7syCCZSPIhm
✓ Created objects.
├── 🔨 Created mount 
│   /Users/dennisonbertram/Develop/flipbook-research/scripts/track_c/modal_canva
│   s_c2_lite.py
└── 🔨 Created function train_and_render_motion.
START 20260424T202326441295Z-c2-lite-glyph-static-layout-frame-scale-c41-frame-scale-0125-edge09-freq10-train1536-seed3-1536x864-s5500 config={"batch_size": 131072, "channels": 16, "edge_loss_weight": 0.9, "edge_sample_ratio": 0.09, "element_anchor_mode": "line", "element_anchor_padding": 3, "element_mask_mode": "rectangle", "element_render_mode": "sequential", "element_scale_ratio": 0.25, "experiment_label": "c41-frame-scale-0125-edge09-freq10-train1536-seed3", "flow_scale": 0.014, "fps": 24, "frames": 33, "freq_bands": 10, "hidden": 96, "layout_supersample": 1.0, "layout_transform_pan": 0.024, "layout_transform_strength": 0.125, "lr": 0.01, "min_motion_delta": 0.04, "min_ocr_similarity": 0.68, "motion_mode": "static", "motion_strength": 0.0, "seed": 3, "source_resolution": [1280, 736], "steps": 5500, "text_box_loss_weight": 0.0, "text_box_min_conf": 55.0, "text_box_padding": 0, "text_box_sample_ratio": 0.0, "text_boxes": "0 boxes", "time_bands": 4, "train_resolution": "1536x864", "video_layout_mode": "frame-scale", "video_viewport_mode": "static", "viewport_pan": 0.0, "viewport_zoom": 0.0}
{
  "canvas_type": "time-conditioned-latent-feature-grid-learned-flow-mlp-glyph-weighted",
  "train_resolution": "1536x864",
  "steps": 5500,
  "batch_size": 131072,
  "channels": 16,
  "hidden": 96,
  "freq_bands": 10,
  "time_bands": 4,
  "lr": 0.01,
  "seed": 3,
  "flow_scale": 0.014,
  "motion_mode": "static",
  "motion_strength": 0.0,
  "video_viewport_mode": "static",
  "viewport_zoom": 0.0,
  "viewport_pan": 0.0,
  "video_layout_mode": "frame-scale",
  "layout_transform_strength": 0.125,
  "layout_transform_pan": 0.024,
  "layout_supersample": 1.0,
  "element_scale_ratio": 0.25,
  "element_anchor_padding": 3,
  "element_mask_mode": "rectangle",
  "element_anchor_mode": "line",
  "element_render_mode": "sequential",
  "element_line_count": 0,
  "min_ocr_similarity": 0.68,
  "min_motion_delta": 0.04,
  "edge_sample_ratio": 0.09,
  "edge_loss_weight": 0.9,
  "text_box_sample_ratio": 0.0,
  "text_box_loss_weight": 0.0,
  "text_box_padding": 0,
  "text_box_count": 0,
  "text_mask_coverage": 0.0,
  "element_alpha_coverage": 0.0,
  "compile_ms": 43737.24674,
  "final_mse": 5.5996384617174044e-05,
  "losses": [
    {
      "step": 0,
      "mse": 0.2287994623184204
    },
    {
      "step": 275,
      "mse": 0.000747423036955297
    },
    {
      "step": 550,
      "mse": 0.0003418293490540236
    },
    {
      "step": 825,
      "mse": 0.0001243597362190485
    },
    {
      "step": 1100,
      "mse": 0.0021684993989765644
    },
    {
      "step": 1375,
      "mse": 9.63014826993458e-05
    },
    {
      "step": 1650,
      "mse": 5.531584611162543e-05
    },
    {
      "step": 1925,
      "mse": 2.639287049532868e-05
    },
    {
      "step": 2200,
      "mse": 3.857841147691943e-05
    },
    {
      "step": 2475,
      "mse": 4.3684365664375946e-05
    },
    {
      "step": 2750,
      "mse": 0.0002786865516100079
    },
    {
      "step": 3025,
      "mse": 3.4063035855069757e-05
    },
    {
      "step": 3300,
      "mse": 3.030060906894505e-05
    },
    {
      "step": 3575,
      "mse": 3.2311214454239234e-05
    },
    {
      "step": 3850,
      "mse": 2.627764297358226e-05
    },
    {
      "step": 4125,
      "mse": 1.886872632894665e-05
    },
    {
      "step": 4400,
      "mse": 1.087774035113398e-05
    },
    {
      "step": 4675,
      "mse": 1.274722035304876e-05
    },
    {
      "step": 4950,
      "mse": 1.0617135558277369e-05
    },
    {
      "step": 5225,
      "mse": 0.002622034400701523
    },
    {
      "step": 5499,
      "mse": 5.5996384617174044e-05
    }
  ],
  "render_times": {
    "render-960.png": 15.450075000003949,
    "render-mid.png": 9.49201999999616,
    "render-last.png": 9.440222000002052,
    "render-512.png": 2.6550949999943896,
    "crop-2x.png": 9.336281000003055,
    "render-layout-mid.png": 25.17318299999971
  },
  "render_960_ms": 15.450075000003949,
  "render_33_wall_ms": 305.5535749999976,
  "encode_ms": 257.6787160000009,
  "resize_consistency": 0.9999606795936123,
  "temporal_consistency": 0.9999995438769531,
  "motion_delta_model": 0.07642441987991333,
  "loop_error_model": 4.5612304688802396e-07,
  "description": "C2-lite neural canvas: learned time-conditioned motion field with glyph-weighted sampling/loss",
  "run_id": "20260424T202326441295Z-c2-lite-glyph-static-layout-frame-scale-c41-frame-scale-0125-edge09-freq10-train1536-seed3-1536x864-s5500",
  "commit": "6a1ea45",
  "track": "C",
  "width": 960,
  "height": 544,
  "frames": 33,
  "fps": 24,
  "artifacts": {
    "input": "/Users/dennisonbertram/Develop/flipbook-research/outputs/track-c/20260424T202326441295Z-c2-lite-glyph-static-layout-frame-scale-c41-frame-scale-0125-edge09-freq10-train1536-seed3-1536x864-s5500/input.png",
    "render_960": "/Users/dennisonbertram/Develop/flipbook-research/outputs/track-c/20260424T202326441295Z-c2-lite-glyph-static-layout-frame-scale-c41-frame-scale-0125-edge09-freq10-train1536-seed3-1536x864-s5500/render-960.png",
    "render_mid": "/Users/dennisonbertram/Develop/flipbook-research/outputs/track-c/20260424T202326441295Z-c2-lite-glyph-static-layout-frame-scale-c41-frame-scale-0125-edge09-freq10-train1536-seed3-1536x864-s5500/render-mid.png",
    "render_last": "/Users/dennisonbertram/Develop/flipbook-research/outputs/track-c/20260424T202326441295Z-c2-lite-glyph-static-layout-frame-scale-c41-frame-scale-0125-edge09-freq10-train1536-seed3-1536x864-s5500/render-last.png",
    "render_512": "/Users/dennisonbertram/Develop/flipbook-research/outputs/track-c/20260424T202326441295Z-c2-lite-glyph-static-layout-frame-scale-c41-frame-scale-0125-edge09-freq10-train1536-seed3-1536x864-s5500/render-512.png",
    "crop_2x": "/Users/dennisonbertram/Develop/flipbook-research/outputs/track-c/20260424T202326441295Z-c2-lite-glyph-static-layout-frame-scale-c41-frame-scale-0125-edge09-freq10-train1536-seed3-1536x864-s5500/crop-2x.png",
    "text_mask": "/Users/dennisonbertram/Develop/flipbook-research/outputs/track-c/20260424T202326441295Z-c2-lite-glyph-static-layout-frame-scale-c41-frame-scale-0125-edge09-freq10-train1536-seed3-1536x864-s5500/text-mask.png",
    "element_alpha_mask": "/Users/dennisonbertram/Develop/flipbook-research/outputs/track-c/20260424T202326441295Z-c2-lite-glyph-static-layout-frame-scale-c41-frame-scale-0125-edge09-freq10-train1536-seed3-1536x864-s5500/element-alpha-mask.png",
    "text_boxes": "/Users/dennisonbertram/Develop/flipbook-research/outputs/track-c/20260424T202326441295Z-c2-lite-glyph-static-layout-frame-scale-c41-frame-scale-0125-edge09-freq10-train1536-seed3-1536x864-s5500/text-boxes.json",
    "output": "/Users/dennisonbertram/Develop/flipbook-research/outputs/track-c/20260424T202326441295Z-c2-lite-glyph-static-layout-frame-scale-c41-frame-scale-0125-edge09-freq10-train1536-seed3-1536x864-s5500/output.mp4",
    "metrics": "/Users/dennisonbertram/Develop/flipbook-research/outputs/track-c/20260424T202326441295Z-c2-lite-glyph-static-layout-frame-scale-c41-frame-scale-0125-edge09-freq10-train1536-seed3-1536x864-s5500/metrics.json",
    "quality": "/Users/dennisonbertram/Develop/flipbook-research/outputs/track-c/20260424T202326441295Z-c2-lite-glyph-static-layout-frame-scale-c41-frame-scale-0125-edge09-freq10-train1536-seed3-1536x864-s5500/quality.json",
    "render_layout_mid": "/Users/dennisonbertram/Develop/flipbook-research/outputs/track-c/20260424T202326441295Z-c2-lite-glyph-static-layout-frame-scale-c41-frame-scale-0125-edge09-freq10-train1536-seed3-1536x864-s5500/render-layout-mid.png"
  },
  "ocr_similarity": 0.6636363636363637,
  "layout_similarity": 0.9999606795936123,
  "motion_delta": 0.057843513786792755,
  "loop_error": 0.0017001786036416888,
  "status": "near_miss"
}
DONE 20260424T202326441295Z-c2-lite-glyph-static-layout-frame-scale-c41-frame-scale-0125-edge09-freq10-train1536-seed3-1536x864-s5500 quality=0.6636 motion=0.0578
Stopping app - local entrypoint completed.
✓ App completed. View run at 
https://modal.com/apps/dennisonbertram/main/ap-DVg65P1jDaS7syCCZSPIhm
