✓ Initialized. View run at 
https://modal.com/apps/dennisonbertram/main/ap-GPlt2UOyeXFkVUrCGiv84f
✓ Created objects.
├── 🔨 Created mount 
│   /Users/dennisonbertram/Develop/flipbook-research/scripts/track_c/modal_canva
│   s_c2_lite.py
└── 🔨 Created function train_and_render_motion.
START 20260424T202326441159Z-c2-lite-glyph-static-layout-frame-scale-c41-frame-scale-014-edge09-freq12-train1536-seed1-1536x864-s5500 config={"batch_size": 131072, "channels": 16, "edge_loss_weight": 0.9, "edge_sample_ratio": 0.09, "element_anchor_mode": "line", "element_anchor_padding": 3, "element_mask_mode": "rectangle", "element_render_mode": "sequential", "element_scale_ratio": 0.25, "experiment_label": "c41-frame-scale-014-edge09-freq12-train1536-seed1", "flow_scale": 0.014, "fps": 24, "frames": 33, "freq_bands": 12, "hidden": 96, "layout_supersample": 1.0, "layout_transform_pan": 0.027, "layout_transform_strength": 0.14, "lr": 0.01, "min_motion_delta": 0.04, "min_ocr_similarity": 0.6, "motion_mode": "static", "motion_strength": 0.0, "seed": 1, "source_resolution": [1280, 736], "steps": 5500, "text_box_loss_weight": 0.0, "text_box_min_conf": 55.0, "text_box_padding": 0, "text_box_sample_ratio": 0.0, "text_boxes": "0 boxes", "time_bands": 4, "train_resolution": "1536x864", "video_layout_mode": "frame-scale", "video_viewport_mode": "static", "viewport_pan": 0.0, "viewport_zoom": 0.0}
{
  "canvas_type": "time-conditioned-latent-feature-grid-learned-flow-mlp-glyph-weighted",
  "train_resolution": "1536x864",
  "steps": 5500,
  "batch_size": 131072,
  "channels": 16,
  "hidden": 96,
  "freq_bands": 12,
  "time_bands": 4,
  "lr": 0.01,
  "seed": 1,
  "flow_scale": 0.014,
  "motion_mode": "static",
  "motion_strength": 0.0,
  "video_viewport_mode": "static",
  "viewport_zoom": 0.0,
  "viewport_pan": 0.0,
  "video_layout_mode": "frame-scale",
  "layout_transform_strength": 0.14,
  "layout_transform_pan": 0.027,
  "layout_supersample": 1.0,
  "element_scale_ratio": 0.25,
  "element_anchor_padding": 3,
  "element_mask_mode": "rectangle",
  "element_anchor_mode": "line",
  "element_render_mode": "sequential",
  "element_line_count": 0,
  "min_ocr_similarity": 0.6,
  "min_motion_delta": 0.04,
  "edge_sample_ratio": 0.09,
  "edge_loss_weight": 0.9,
  "text_box_sample_ratio": 0.0,
  "text_box_loss_weight": 0.0,
  "text_box_padding": 0,
  "text_box_count": 0,
  "text_mask_coverage": 0.0,
  "element_alpha_coverage": 0.0,
  "compile_ms": 44279.065582,
  "final_mse": 5.638808579533361e-05,
  "losses": [
    {
      "step": 0,
      "mse": 0.23721915483474731
    },
    {
      "step": 275,
      "mse": 0.00041808313108049333
    },
    {
      "step": 550,
      "mse": 0.0001527881104266271
    },
    {
      "step": 825,
      "mse": 6.972271512495354e-05
    },
    {
      "step": 1100,
      "mse": 4.208826430840418e-05
    },
    {
      "step": 1375,
      "mse": 7.677511894144118e-05
    },
    {
      "step": 1650,
      "mse": 3.156389720970765e-05
    },
    {
      "step": 1925,
      "mse": 2.4894397938624024e-05
    },
    {
      "step": 2200,
      "mse": 2.1613646822515875e-05
    },
    {
      "step": 2475,
      "mse": 2.0365514501463622e-05
    },
    {
      "step": 2750,
      "mse": 2.344664972042665e-05
    },
    {
      "step": 3025,
      "mse": 2.7785574275185354e-05
    },
    {
      "step": 3300,
      "mse": 1.1680105671985075e-05
    },
    {
      "step": 3575,
      "mse": 0.0010978765785694122
    },
    {
      "step": 3850,
      "mse": 7.306634506676346e-05
    },
    {
      "step": 4125,
      "mse": 4.2849365854635835e-05
    },
    {
      "step": 4400,
      "mse": 2.6728410375653766e-05
    },
    {
      "step": 4675,
      "mse": 1.5910629372228868e-05
    },
    {
      "step": 4950,
      "mse": 1.736629019433167e-05
    },
    {
      "step": 5225,
      "mse": 0.0001851975393947214
    },
    {
      "step": 5499,
      "mse": 5.638808579533361e-05
    }
  ],
  "render_times": {
    "render-960.png": 16.40420700000078,
    "render-mid.png": 10.376614999998424,
    "render-last.png": 10.334064000005583,
    "render-512.png": 2.8523809999967398,
    "crop-2x.png": 10.220814000000189,
    "render-layout-mid.png": 23.712459999998714
  },
  "render_960_ms": 16.40420700000078,
  "render_33_wall_ms": 330.807888999999,
  "encode_ms": 233.91244100000108,
  "resize_consistency": 0.9999534330034384,
  "temporal_consistency": 0.9999992702031477,
  "motion_delta_model": 0.07485829293727875,
  "loop_error_model": 7.297968522834708e-07,
  "description": "C2-lite neural canvas: learned time-conditioned motion field with glyph-weighted sampling/loss",
  "run_id": "20260424T202326441159Z-c2-lite-glyph-static-layout-frame-scale-c41-frame-scale-014-edge09-freq12-train1536-seed1-1536x864-s5500",
  "commit": "6a1ea45",
  "track": "C",
  "width": 960,
  "height": 544,
  "frames": 33,
  "fps": 24,
  "artifacts": {
    "input": "/Users/dennisonbertram/Develop/flipbook-research/outputs/track-c/20260424T202326441159Z-c2-lite-glyph-static-layout-frame-scale-c41-frame-scale-014-edge09-freq12-train1536-seed1-1536x864-s5500/input.png",
    "render_960": "/Users/dennisonbertram/Develop/flipbook-research/outputs/track-c/20260424T202326441159Z-c2-lite-glyph-static-layout-frame-scale-c41-frame-scale-014-edge09-freq12-train1536-seed1-1536x864-s5500/render-960.png",
    "render_mid": "/Users/dennisonbertram/Develop/flipbook-research/outputs/track-c/20260424T202326441159Z-c2-lite-glyph-static-layout-frame-scale-c41-frame-scale-014-edge09-freq12-train1536-seed1-1536x864-s5500/render-mid.png",
    "render_last": "/Users/dennisonbertram/Develop/flipbook-research/outputs/track-c/20260424T202326441159Z-c2-lite-glyph-static-layout-frame-scale-c41-frame-scale-014-edge09-freq12-train1536-seed1-1536x864-s5500/render-last.png",
    "render_512": "/Users/dennisonbertram/Develop/flipbook-research/outputs/track-c/20260424T202326441159Z-c2-lite-glyph-static-layout-frame-scale-c41-frame-scale-014-edge09-freq12-train1536-seed1-1536x864-s5500/render-512.png",
    "crop_2x": "/Users/dennisonbertram/Develop/flipbook-research/outputs/track-c/20260424T202326441159Z-c2-lite-glyph-static-layout-frame-scale-c41-frame-scale-014-edge09-freq12-train1536-seed1-1536x864-s5500/crop-2x.png",
    "text_mask": "/Users/dennisonbertram/Develop/flipbook-research/outputs/track-c/20260424T202326441159Z-c2-lite-glyph-static-layout-frame-scale-c41-frame-scale-014-edge09-freq12-train1536-seed1-1536x864-s5500/text-mask.png",
    "element_alpha_mask": "/Users/dennisonbertram/Develop/flipbook-research/outputs/track-c/20260424T202326441159Z-c2-lite-glyph-static-layout-frame-scale-c41-frame-scale-014-edge09-freq12-train1536-seed1-1536x864-s5500/element-alpha-mask.png",
    "text_boxes": "/Users/dennisonbertram/Develop/flipbook-research/outputs/track-c/20260424T202326441159Z-c2-lite-glyph-static-layout-frame-scale-c41-frame-scale-014-edge09-freq12-train1536-seed1-1536x864-s5500/text-boxes.json",
    "output": "/Users/dennisonbertram/Develop/flipbook-research/outputs/track-c/20260424T202326441159Z-c2-lite-glyph-static-layout-frame-scale-c41-frame-scale-014-edge09-freq12-train1536-seed1-1536x864-s5500/output.mp4",
    "metrics": "/Users/dennisonbertram/Develop/flipbook-research/outputs/track-c/20260424T202326441159Z-c2-lite-glyph-static-layout-frame-scale-c41-frame-scale-014-edge09-freq12-train1536-seed1-1536x864-s5500/metrics.json",
    "quality": "/Users/dennisonbertram/Develop/flipbook-research/outputs/track-c/20260424T202326441159Z-c2-lite-glyph-static-layout-frame-scale-c41-frame-scale-014-edge09-freq12-train1536-seed1-1536x864-s5500/quality.json",
    "render_layout_mid": "/Users/dennisonbertram/Develop/flipbook-research/outputs/track-c/20260424T202326441159Z-c2-lite-glyph-static-layout-frame-scale-c41-frame-scale-014-edge09-freq12-train1536-seed1-1536x864-s5500/render-layout-mid.png"
  },
  "ocr_similarity": 0.6451612903225806,
  "layout_similarity": 0.9999534330034384,
  "motion_delta": 0.058584295213222504,
  "loop_error": 0.0008436592179350555,
  "status": "pass"
}
DONE 20260424T202326441159Z-c2-lite-glyph-static-layout-frame-scale-c41-frame-scale-014-edge09-freq12-train1536-seed1-1536x864-s5500 quality=0.6452 motion=0.0586
Stopping app - local entrypoint completed.
✓ App completed. View run at 
https://modal.com/apps/dennisonbertram/main/ap-GPlt2UOyeXFkVUrCGiv84f
