✓ Initialized. View run at 
https://modal.com/apps/dennisonbertram/main/ap-ymSl8szh0pZjuO5up2V8XR
✓ Created objects.
├── 🔨 Created mount 
│   /Users/dennisonbertram/Develop/flipbook-research/scripts/track_c/modal_canva
│   s_c2_lite.py
└── 🔨 Created function train_and_render_motion.
START 20260424T202326449149Z-c2-lite-glyph-static-layout-frame-scale-c41-frame-scale-014-edge09-freq10-train1536-lr007-seed1-1536x864-s5500 config={"batch_size": 131072, "channels": 16, "edge_loss_weight": 0.9, "edge_sample_ratio": 0.09, "element_anchor_mode": "line", "element_anchor_padding": 3, "element_mask_mode": "rectangle", "element_render_mode": "sequential", "element_scale_ratio": 0.25, "experiment_label": "c41-frame-scale-014-edge09-freq10-train1536-lr007-seed1", "flow_scale": 0.014, "fps": 24, "frames": 33, "freq_bands": 10, "hidden": 96, "layout_supersample": 1.0, "layout_transform_pan": 0.027, "layout_transform_strength": 0.14, "lr": 0.007, "min_motion_delta": 0.04, "min_ocr_similarity": 0.62, "motion_mode": "static", "motion_strength": 0.0, "seed": 1, "source_resolution": [1280, 736], "steps": 5500, "text_box_loss_weight": 0.0, "text_box_min_conf": 55.0, "text_box_padding": 0, "text_box_sample_ratio": 0.0, "text_boxes": "0 boxes", "time_bands": 4, "train_resolution": "1536x864", "video_layout_mode": "frame-scale", "video_viewport_mode": "static", "viewport_pan": 0.0, "viewport_zoom": 0.0}
{
  "canvas_type": "time-conditioned-latent-feature-grid-learned-flow-mlp-glyph-weighted",
  "train_resolution": "1536x864",
  "steps": 5500,
  "batch_size": 131072,
  "channels": 16,
  "hidden": 96,
  "freq_bands": 10,
  "time_bands": 4,
  "lr": 0.007,
  "seed": 1,
  "flow_scale": 0.014,
  "motion_mode": "static",
  "motion_strength": 0.0,
  "video_viewport_mode": "static",
  "viewport_zoom": 0.0,
  "viewport_pan": 0.0,
  "video_layout_mode": "frame-scale",
  "layout_transform_strength": 0.14,
  "layout_transform_pan": 0.027,
  "layout_supersample": 1.0,
  "element_scale_ratio": 0.25,
  "element_anchor_padding": 3,
  "element_mask_mode": "rectangle",
  "element_anchor_mode": "line",
  "element_render_mode": "sequential",
  "element_line_count": 0,
  "min_ocr_similarity": 0.62,
  "min_motion_delta": 0.04,
  "edge_sample_ratio": 0.09,
  "edge_loss_weight": 0.9,
  "text_box_sample_ratio": 0.0,
  "text_box_loss_weight": 0.0,
  "text_box_padding": 0,
  "text_box_count": 0,
  "text_mask_coverage": 0.0,
  "element_alpha_coverage": 0.0,
  "compile_ms": 43685.559387,
  "final_mse": 1.2440981663530692e-05,
  "losses": [
    {
      "step": 0,
      "mse": 0.2106453776359558
    },
    {
      "step": 275,
      "mse": 0.0005473971832543612
    },
    {
      "step": 550,
      "mse": 0.00020641570154111832
    },
    {
      "step": 825,
      "mse": 0.00015204734518192708
    },
    {
      "step": 1100,
      "mse": 7.83519062679261e-05
    },
    {
      "step": 1375,
      "mse": 5.5186275858432055e-05
    },
    {
      "step": 1650,
      "mse": 3.9961349102668464e-05
    },
    {
      "step": 1925,
      "mse": 4.9986920203082263e-05
    },
    {
      "step": 2200,
      "mse": 4.064045788254589e-05
    },
    {
      "step": 2475,
      "mse": 6.228199345059693e-05
    },
    {
      "step": 2750,
      "mse": 3.5769880923908204e-05
    },
    {
      "step": 3025,
      "mse": 2.0945675714756362e-05
    },
    {
      "step": 3300,
      "mse": 2.966006832139101e-05
    },
    {
      "step": 3575,
      "mse": 1.489703845436452e-05
    },
    {
      "step": 3850,
      "mse": 1.1929746506211814e-05
    },
    {
      "step": 4125,
      "mse": 1.4330290468933526e-05
    },
    {
      "step": 4400,
      "mse": 1.476148099754937e-05
    },
    {
      "step": 4675,
      "mse": 1.1623011232586578e-05
    },
    {
      "step": 4950,
      "mse": 4.6320266847033054e-05
    },
    {
      "step": 5225,
      "mse": 1.9597820937633514e-05
    },
    {
      "step": 5499,
      "mse": 1.2440981663530692e-05
    }
  ],
  "render_times": {
    "render-960.png": 14.640956000000926,
    "render-mid.png": 9.455174999999372,
    "render-last.png": 9.42844700000478,
    "render-512.png": 2.6536190000001625,
    "crop-2x.png": 9.326820000005398,
    "render-layout-mid.png": 22.26408100000299
  },
  "render_960_ms": 14.640956000000926,
  "render_33_wall_ms": 305.515512999996,
  "encode_ms": 256.1102450000021,
  "resize_consistency": 0.9999611082630678,
  "temporal_consistency": 0.9999997001870042,
  "motion_delta_model": 0.07676050066947937,
  "loop_error_model": 2.998129957632045e-07,
  "description": "C2-lite neural canvas: learned time-conditioned motion field with glyph-weighted sampling/loss",
  "run_id": "20260424T202326449149Z-c2-lite-glyph-static-layout-frame-scale-c41-frame-scale-014-edge09-freq10-train1536-lr007-seed1-1536x864-s5500",
  "commit": "6a1ea45",
  "track": "C",
  "width": 960,
  "height": 544,
  "frames": 33,
  "fps": 24,
  "artifacts": {
    "input": "/Users/dennisonbertram/Develop/flipbook-research/outputs/track-c/20260424T202326449149Z-c2-lite-glyph-static-layout-frame-scale-c41-frame-scale-014-edge09-freq10-train1536-lr007-seed1-1536x864-s5500/input.png",
    "render_960": "/Users/dennisonbertram/Develop/flipbook-research/outputs/track-c/20260424T202326449149Z-c2-lite-glyph-static-layout-frame-scale-c41-frame-scale-014-edge09-freq10-train1536-lr007-seed1-1536x864-s5500/render-960.png",
    "render_mid": "/Users/dennisonbertram/Develop/flipbook-research/outputs/track-c/20260424T202326449149Z-c2-lite-glyph-static-layout-frame-scale-c41-frame-scale-014-edge09-freq10-train1536-lr007-seed1-1536x864-s5500/render-mid.png",
    "render_last": "/Users/dennisonbertram/Develop/flipbook-research/outputs/track-c/20260424T202326449149Z-c2-lite-glyph-static-layout-frame-scale-c41-frame-scale-014-edge09-freq10-train1536-lr007-seed1-1536x864-s5500/render-last.png",
    "render_512": "/Users/dennisonbertram/Develop/flipbook-research/outputs/track-c/20260424T202326449149Z-c2-lite-glyph-static-layout-frame-scale-c41-frame-scale-014-edge09-freq10-train1536-lr007-seed1-1536x864-s5500/render-512.png",
    "crop_2x": "/Users/dennisonbertram/Develop/flipbook-research/outputs/track-c/20260424T202326449149Z-c2-lite-glyph-static-layout-frame-scale-c41-frame-scale-014-edge09-freq10-train1536-lr007-seed1-1536x864-s5500/crop-2x.png",
    "text_mask": "/Users/dennisonbertram/Develop/flipbook-research/outputs/track-c/20260424T202326449149Z-c2-lite-glyph-static-layout-frame-scale-c41-frame-scale-014-edge09-freq10-train1536-lr007-seed1-1536x864-s5500/text-mask.png",
    "element_alpha_mask": "/Users/dennisonbertram/Develop/flipbook-research/outputs/track-c/20260424T202326449149Z-c2-lite-glyph-static-layout-frame-scale-c41-frame-scale-014-edge09-freq10-train1536-lr007-seed1-1536x864-s5500/element-alpha-mask.png",
    "text_boxes": "/Users/dennisonbertram/Develop/flipbook-research/outputs/track-c/20260424T202326449149Z-c2-lite-glyph-static-layout-frame-scale-c41-frame-scale-014-edge09-freq10-train1536-lr007-seed1-1536x864-s5500/text-boxes.json",
    "output": "/Users/dennisonbertram/Develop/flipbook-research/outputs/track-c/20260424T202326449149Z-c2-lite-glyph-static-layout-frame-scale-c41-frame-scale-014-edge09-freq10-train1536-lr007-seed1-1536x864-s5500/output.mp4",
    "metrics": "/Users/dennisonbertram/Develop/flipbook-research/outputs/track-c/20260424T202326449149Z-c2-lite-glyph-static-layout-frame-scale-c41-frame-scale-014-edge09-freq10-train1536-lr007-seed1-1536x864-s5500/metrics.json",
    "quality": "/Users/dennisonbertram/Develop/flipbook-research/outputs/track-c/20260424T202326449149Z-c2-lite-glyph-static-layout-frame-scale-c41-frame-scale-014-edge09-freq10-train1536-lr007-seed1-1536x864-s5500/quality.json",
    "render_layout_mid": "/Users/dennisonbertram/Develop/flipbook-research/outputs/track-c/20260424T202326449149Z-c2-lite-glyph-static-layout-frame-scale-c41-frame-scale-014-edge09-freq10-train1536-lr007-seed1-1536x864-s5500/render-layout-mid.png"
  },
  "ocr_similarity": 0.6849315068493149,
  "layout_similarity": 0.9999611082630678,
  "motion_delta": 0.05971314385533333,
  "loop_error": 0.00138888880610466,
  "status": "pass"
}
DONE 20260424T202326449149Z-c2-lite-glyph-static-layout-frame-scale-c41-frame-scale-014-edge09-freq10-train1536-lr007-seed1-1536x864-s5500 quality=0.6849 motion=0.0597
Stopping app - local entrypoint completed.
✓ App completed. View run at 
https://modal.com/apps/dennisonbertram/main/ap-ymSl8szh0pZjuO5up2V8XR
