✓ Initialized. View run at 
https://modal.com/apps/dennisonbertram/main/ap-QJ3xacpTIZoDLVmJ5ylSKm
✓ Created objects.
├── 🔨 Created mount 
│   /Users/dennisonbertram/Develop/flipbook-research/scripts/track_c/modal_canva
│   s_c2_lite.py
└── 🔨 Created function train_and_render_motion.
START 20260424T202326447249Z-c2-lite-glyph-static-layout-frame-scale-c41-frame-scale-016-edge09-freq10-train1536-lr007-1536x864-s5500 config={"batch_size": 131072, "channels": 16, "edge_loss_weight": 0.9, "edge_sample_ratio": 0.09, "element_anchor_mode": "line", "element_anchor_padding": 3, "element_mask_mode": "rectangle", "element_render_mode": "sequential", "element_scale_ratio": 0.25, "experiment_label": "c41-frame-scale-016-edge09-freq10-train1536-lr007", "flow_scale": 0.014, "fps": 24, "frames": 33, "freq_bands": 10, "hidden": 96, "layout_supersample": 1.0, "layout_transform_pan": 0.03, "layout_transform_strength": 0.16, "lr": 0.007, "min_motion_delta": 0.04, "min_ocr_similarity": 0.54, "motion_mode": "static", "motion_strength": 0.0, "seed": 0, "source_resolution": [1280, 736], "steps": 5500, "text_box_loss_weight": 0.0, "text_box_min_conf": 55.0, "text_box_padding": 0, "text_box_sample_ratio": 0.0, "text_boxes": "0 boxes", "time_bands": 4, "train_resolution": "1536x864", "video_layout_mode": "frame-scale", "video_viewport_mode": "static", "viewport_pan": 0.0, "viewport_zoom": 0.0}
{
  "canvas_type": "time-conditioned-latent-feature-grid-learned-flow-mlp-glyph-weighted",
  "train_resolution": "1536x864",
  "steps": 5500,
  "batch_size": 131072,
  "channels": 16,
  "hidden": 96,
  "freq_bands": 10,
  "time_bands": 4,
  "lr": 0.007,
  "seed": 0,
  "flow_scale": 0.014,
  "motion_mode": "static",
  "motion_strength": 0.0,
  "video_viewport_mode": "static",
  "viewport_zoom": 0.0,
  "viewport_pan": 0.0,
  "video_layout_mode": "frame-scale",
  "layout_transform_strength": 0.16,
  "layout_transform_pan": 0.03,
  "layout_supersample": 1.0,
  "element_scale_ratio": 0.25,
  "element_anchor_padding": 3,
  "element_mask_mode": "rectangle",
  "element_anchor_mode": "line",
  "element_render_mode": "sequential",
  "element_line_count": 0,
  "min_ocr_similarity": 0.54,
  "min_motion_delta": 0.04,
  "edge_sample_ratio": 0.09,
  "edge_loss_weight": 0.9,
  "text_box_sample_ratio": 0.0,
  "text_box_loss_weight": 0.0,
  "text_box_padding": 0,
  "text_box_count": 0,
  "text_mask_coverage": 0.0,
  "element_alpha_coverage": 0.0,
  "compile_ms": 43644.99398199999,
  "final_mse": 2.6169922421104275e-05,
  "losses": [
    {
      "step": 0,
      "mse": 0.22641626000404358
    },
    {
      "step": 275,
      "mse": 0.0005666177021339536
    },
    {
      "step": 550,
      "mse": 0.00019349719514138997
    },
    {
      "step": 825,
      "mse": 0.0001507456472609192
    },
    {
      "step": 1100,
      "mse": 7.839688623789698e-05
    },
    {
      "step": 1375,
      "mse": 7.392160478048027e-05
    },
    {
      "step": 1650,
      "mse": 8.983346924651414e-05
    },
    {
      "step": 1925,
      "mse": 3.6835597711615264e-05
    },
    {
      "step": 2200,
      "mse": 3.339410250191577e-05
    },
    {
      "step": 2475,
      "mse": 3.306637518107891e-05
    },
    {
      "step": 2750,
      "mse": 2.5376291887369007e-05
    },
    {
      "step": 3025,
      "mse": 3.8293983379844576e-05
    },
    {
      "step": 3300,
      "mse": 1.763239924912341e-05
    },
    {
      "step": 3575,
      "mse": 1.3889980436943006e-05
    },
    {
      "step": 3850,
      "mse": 8.966732821136247e-06
    },
    {
      "step": 4125,
      "mse": 2.4056302208919078e-05
    },
    {
      "step": 4400,
      "mse": 2.5906194423441775e-05
    },
    {
      "step": 4675,
      "mse": 2.332085023226682e-05
    },
    {
      "step": 4950,
      "mse": 1.4445613487623632e-05
    },
    {
      "step": 5225,
      "mse": 0.00010809354716911912
    },
    {
      "step": 5499,
      "mse": 2.6169922421104275e-05
    }
  ],
  "render_times": {
    "render-960.png": 14.972488999994482,
    "render-mid.png": 9.466258999999866,
    "render-last.png": 9.523868999998797,
    "render-512.png": 2.667377999998166,
    "crop-2x.png": 9.311609000000942,
    "render-layout-mid.png": 24.096766999996078
  },
  "render_960_ms": 14.972488999994482,
  "render_33_wall_ms": 305.64468600000083,
  "encode_ms": 257.6307530000008,
  "resize_consistency": 0.9999551677043875,
  "temporal_consistency": 0.999999667191787,
  "motion_delta_model": 0.07712142914533615,
  "loop_error_model": 3.328082129883114e-07,
  "description": "C2-lite neural canvas: learned time-conditioned motion field with glyph-weighted sampling/loss",
  "run_id": "20260424T202326447249Z-c2-lite-glyph-static-layout-frame-scale-c41-frame-scale-016-edge09-freq10-train1536-lr007-1536x864-s5500",
  "commit": "6a1ea45",
  "track": "C",
  "width": 960,
  "height": 544,
  "frames": 33,
  "fps": 24,
  "artifacts": {
    "input": "/Users/dennisonbertram/Develop/flipbook-research/outputs/track-c/20260424T202326447249Z-c2-lite-glyph-static-layout-frame-scale-c41-frame-scale-016-edge09-freq10-train1536-lr007-1536x864-s5500/input.png",
    "render_960": "/Users/dennisonbertram/Develop/flipbook-research/outputs/track-c/20260424T202326447249Z-c2-lite-glyph-static-layout-frame-scale-c41-frame-scale-016-edge09-freq10-train1536-lr007-1536x864-s5500/render-960.png",
    "render_mid": "/Users/dennisonbertram/Develop/flipbook-research/outputs/track-c/20260424T202326447249Z-c2-lite-glyph-static-layout-frame-scale-c41-frame-scale-016-edge09-freq10-train1536-lr007-1536x864-s5500/render-mid.png",
    "render_last": "/Users/dennisonbertram/Develop/flipbook-research/outputs/track-c/20260424T202326447249Z-c2-lite-glyph-static-layout-frame-scale-c41-frame-scale-016-edge09-freq10-train1536-lr007-1536x864-s5500/render-last.png",
    "render_512": "/Users/dennisonbertram/Develop/flipbook-research/outputs/track-c/20260424T202326447249Z-c2-lite-glyph-static-layout-frame-scale-c41-frame-scale-016-edge09-freq10-train1536-lr007-1536x864-s5500/render-512.png",
    "crop_2x": "/Users/dennisonbertram/Develop/flipbook-research/outputs/track-c/20260424T202326447249Z-c2-lite-glyph-static-layout-frame-scale-c41-frame-scale-016-edge09-freq10-train1536-lr007-1536x864-s5500/crop-2x.png",
    "text_mask": "/Users/dennisonbertram/Develop/flipbook-research/outputs/track-c/20260424T202326447249Z-c2-lite-glyph-static-layout-frame-scale-c41-frame-scale-016-edge09-freq10-train1536-lr007-1536x864-s5500/text-mask.png",
    "element_alpha_mask": "/Users/dennisonbertram/Develop/flipbook-research/outputs/track-c/20260424T202326447249Z-c2-lite-glyph-static-layout-frame-scale-c41-frame-scale-016-edge09-freq10-train1536-lr007-1536x864-s5500/element-alpha-mask.png",
    "text_boxes": "/Users/dennisonbertram/Develop/flipbook-research/outputs/track-c/20260424T202326447249Z-c2-lite-glyph-static-layout-frame-scale-c41-frame-scale-016-edge09-freq10-train1536-lr007-1536x864-s5500/text-boxes.json",
    "output": "/Users/dennisonbertram/Develop/flipbook-research/outputs/track-c/20260424T202326447249Z-c2-lite-glyph-static-layout-frame-scale-c41-frame-scale-016-edge09-freq10-train1536-lr007-1536x864-s5500/output.mp4",
    "metrics": "/Users/dennisonbertram/Develop/flipbook-research/outputs/track-c/20260424T202326447249Z-c2-lite-glyph-static-layout-frame-scale-c41-frame-scale-016-edge09-freq10-train1536-lr007-1536x864-s5500/metrics.json",
    "quality": "/Users/dennisonbertram/Develop/flipbook-research/outputs/track-c/20260424T202326447249Z-c2-lite-glyph-static-layout-frame-scale-c41-frame-scale-016-edge09-freq10-train1536-lr007-1536x864-s5500/quality.json",
    "render_layout_mid": "/Users/dennisonbertram/Develop/flipbook-research/outputs/track-c/20260424T202326447249Z-c2-lite-glyph-static-layout-frame-scale-c41-frame-scale-016-edge09-freq10-train1536-lr007-1536x864-s5500/render-layout-mid.png"
  },
  "ocr_similarity": 0.5673076923076924,
  "layout_similarity": 0.9999551677043875,
  "motion_delta": 0.06043954938650131,
  "loop_error": 0.001719468622468412,
  "status": "pass"
}
DONE 20260424T202326447249Z-c2-lite-glyph-static-layout-frame-scale-c41-frame-scale-016-edge09-freq10-train1536-lr007-1536x864-s5500 quality=0.5673 motion=0.0604
Stopping app - local entrypoint completed.
✓ App completed. View run at 
https://modal.com/apps/dennisonbertram/main/ap-QJ3xacpTIZoDLVmJ5ylSKm
