✓ Initialized. View run at 
https://modal.com/apps/dennisonbertram/main/ap-KToDKrmnEtc6DiZwZemgxo
✓ Created objects.
├── 🔨 Created mount 
│   /Users/dennisonbertram/Develop/flipbook-research/scripts/track_c/modal_canva
│   s_c2_lite.py
└── 🔨 Created function train_and_render_motion.
START 20260424T203025041834Z-c2-lite-glyph-static-layout-frame-scale-c42-frame-scale-014-edge09-freq12-train1536-lr007-cosine-1536x864-s5500 config={"batch_size": 131072, "channels": 16, "edge_loss_weight": 0.9, "edge_sample_ratio": 0.09, "element_anchor_mode": "line", "element_anchor_padding": 3, "element_mask_mode": "rectangle", "element_render_mode": "sequential", "element_scale_ratio": 0.25, "experiment_label": "c42-frame-scale-014-edge09-freq12-train1536-lr007-cosine", "flow_scale": 0.014, "fps": 24, "frames": 33, "freq_bands": 12, "grad_clip": 0.0, "hidden": 96, "layout_supersample": 1.0, "layout_transform_pan": 0.027, "layout_transform_strength": 0.14, "lr": 0.007, "lr_schedule": "cosine", "min_lr_ratio": 0.1, "min_motion_delta": 0.04, "min_ocr_similarity": 0.6, "motion_mode": "static", "motion_strength": 0.0, "seed": 0, "source_resolution": [1280, 736], "steps": 5500, "text_box_loss_weight": 0.0, "text_box_min_conf": 55.0, "text_box_padding": 0, "text_box_sample_ratio": 0.0, "text_boxes": "0 boxes", "time_bands": 4, "train_resolution": "1536x864", "video_layout_mode": "frame-scale", "video_viewport_mode": "static", "viewport_pan": 0.0, "viewport_zoom": 0.0}
{
  "canvas_type": "time-conditioned-latent-feature-grid-learned-flow-mlp-glyph-weighted",
  "train_resolution": "1536x864",
  "steps": 5500,
  "batch_size": 131072,
  "channels": 16,
  "hidden": 96,
  "freq_bands": 12,
  "time_bands": 4,
  "lr": 0.007,
  "lr_schedule": "cosine",
  "min_lr_ratio": 0.1,
  "grad_clip": 0.0,
  "seed": 0,
  "flow_scale": 0.014,
  "motion_mode": "static",
  "motion_strength": 0.0,
  "video_viewport_mode": "static",
  "viewport_zoom": 0.0,
  "viewport_pan": 0.0,
  "video_layout_mode": "frame-scale",
  "layout_transform_strength": 0.14,
  "layout_transform_pan": 0.027,
  "layout_supersample": 1.0,
  "element_scale_ratio": 0.25,
  "element_anchor_padding": 3,
  "element_mask_mode": "rectangle",
  "element_anchor_mode": "line",
  "element_render_mode": "sequential",
  "element_line_count": 0,
  "min_ocr_similarity": 0.6,
  "min_motion_delta": 0.04,
  "edge_sample_ratio": 0.09,
  "edge_loss_weight": 0.9,
  "text_box_sample_ratio": 0.0,
  "text_box_loss_weight": 0.0,
  "text_box_padding": 0,
  "text_box_count": 0,
  "text_mask_coverage": 0.0,
  "element_alpha_coverage": 0.0,
  "compile_ms": 44443.07339799999,
  "final_mse": 4.439218628249364e-06,
  "losses": [
    {
      "step": 0,
      "mse": 0.2106471061706543
    },
    {
      "step": 275,
      "mse": 0.0006153596914373338
    },
    {
      "step": 550,
      "mse": 0.00017664922052063048
    },
    {
      "step": 825,
      "mse": 0.00011663057375699282
    },
    {
      "step": 1100,
      "mse": 7.115433982107788e-05
    },
    {
      "step": 1375,
      "mse": 4.4338863517623395e-05
    },
    {
      "step": 1650,
      "mse": 3.3073025406338274e-05
    },
    {
      "step": 1925,
      "mse": 2.9059539883746766e-05
    },
    {
      "step": 2200,
      "mse": 2.40032695728587e-05
    },
    {
      "step": 2475,
      "mse": 1.8785143765853718e-05
    },
    {
      "step": 2750,
      "mse": 1.3196189684094861e-05
    },
    {
      "step": 3025,
      "mse": 1.0415375072625466e-05
    },
    {
      "step": 3300,
      "mse": 8.223158147302456e-06
    },
    {
      "step": 3575,
      "mse": 6.749362000846304e-06
    },
    {
      "step": 3850,
      "mse": 5.6992776080733165e-06
    },
    {
      "step": 4125,
      "mse": 5.359808710636571e-06
    },
    {
      "step": 4400,
      "mse": 5.307051651470829e-06
    },
    {
      "step": 4675,
      "mse": 4.380295195005601e-06
    },
    {
      "step": 4950,
      "mse": 4.2421065700182226e-06
    },
    {
      "step": 5225,
      "mse": 4.584642738336697e-06
    },
    {
      "step": 5499,
      "mse": 4.439218628249364e-06
    }
  ],
  "render_times": {
    "render-960.png": 15.5689670000001,
    "render-mid.png": 10.239351000002728,
    "render-last.png": 10.2255729999996,
    "render-512.png": 2.716125999995711,
    "crop-2x.png": 10.083518000001845,
    "render-layout-mid.png": 24.61785899999569
  },
  "render_960_ms": 15.5689670000001,
  "render_33_wall_ms": 330.8960170000006,
  "encode_ms": 258.783569000002,
  "resize_consistency": 0.9999237710116048,
  "temporal_consistency": 0.9999991909538153,
  "motion_delta_model": 0.07944808900356293,
  "loop_error_model": 8.090461847132246e-07,
  "description": "C2-lite neural canvas: learned time-conditioned motion field with glyph-weighted sampling/loss",
  "run_id": "20260424T203025041834Z-c2-lite-glyph-static-layout-frame-scale-c42-frame-scale-014-edge09-freq12-train1536-lr007-cosine-1536x864-s5500",
  "commit": "0b435e1",
  "track": "C",
  "width": 960,
  "height": 544,
  "frames": 33,
  "fps": 24,
  "artifacts": {
    "input": "/Users/dennisonbertram/Develop/flipbook-research/outputs/track-c/20260424T203025041834Z-c2-lite-glyph-static-layout-frame-scale-c42-frame-scale-014-edge09-freq12-train1536-lr007-cosine-1536x864-s5500/input.png",
    "render_960": "/Users/dennisonbertram/Develop/flipbook-research/outputs/track-c/20260424T203025041834Z-c2-lite-glyph-static-layout-frame-scale-c42-frame-scale-014-edge09-freq12-train1536-lr007-cosine-1536x864-s5500/render-960.png",
    "render_mid": "/Users/dennisonbertram/Develop/flipbook-research/outputs/track-c/20260424T203025041834Z-c2-lite-glyph-static-layout-frame-scale-c42-frame-scale-014-edge09-freq12-train1536-lr007-cosine-1536x864-s5500/render-mid.png",
    "render_last": "/Users/dennisonbertram/Develop/flipbook-research/outputs/track-c/20260424T203025041834Z-c2-lite-glyph-static-layout-frame-scale-c42-frame-scale-014-edge09-freq12-train1536-lr007-cosine-1536x864-s5500/render-last.png",
    "render_512": "/Users/dennisonbertram/Develop/flipbook-research/outputs/track-c/20260424T203025041834Z-c2-lite-glyph-static-layout-frame-scale-c42-frame-scale-014-edge09-freq12-train1536-lr007-cosine-1536x864-s5500/render-512.png",
    "crop_2x": "/Users/dennisonbertram/Develop/flipbook-research/outputs/track-c/20260424T203025041834Z-c2-lite-glyph-static-layout-frame-scale-c42-frame-scale-014-edge09-freq12-train1536-lr007-cosine-1536x864-s5500/crop-2x.png",
    "text_mask": "/Users/dennisonbertram/Develop/flipbook-research/outputs/track-c/20260424T203025041834Z-c2-lite-glyph-static-layout-frame-scale-c42-frame-scale-014-edge09-freq12-train1536-lr007-cosine-1536x864-s5500/text-mask.png",
    "element_alpha_mask": "/Users/dennisonbertram/Develop/flipbook-research/outputs/track-c/20260424T203025041834Z-c2-lite-glyph-static-layout-frame-scale-c42-frame-scale-014-edge09-freq12-train1536-lr007-cosine-1536x864-s5500/element-alpha-mask.png",
    "text_boxes": "/Users/dennisonbertram/Develop/flipbook-research/outputs/track-c/20260424T203025041834Z-c2-lite-glyph-static-layout-frame-scale-c42-frame-scale-014-edge09-freq12-train1536-lr007-cosine-1536x864-s5500/text-boxes.json",
    "output": "/Users/dennisonbertram/Develop/flipbook-research/outputs/track-c/20260424T203025041834Z-c2-lite-glyph-static-layout-frame-scale-c42-frame-scale-014-edge09-freq12-train1536-lr007-cosine-1536x864-s5500/output.mp4",
    "metrics": "/Users/dennisonbertram/Develop/flipbook-research/outputs/track-c/20260424T203025041834Z-c2-lite-glyph-static-layout-frame-scale-c42-frame-scale-014-edge09-freq12-train1536-lr007-cosine-1536x864-s5500/metrics.json",
    "quality": "/Users/dennisonbertram/Develop/flipbook-research/outputs/track-c/20260424T203025041834Z-c2-lite-glyph-static-layout-frame-scale-c42-frame-scale-014-edge09-freq12-train1536-lr007-cosine-1536x864-s5500/quality.json",
    "render_layout_mid": "/Users/dennisonbertram/Develop/flipbook-research/outputs/track-c/20260424T203025041834Z-c2-lite-glyph-static-layout-frame-scale-c42-frame-scale-014-edge09-freq12-train1536-lr007-cosine-1536x864-s5500/render-layout-mid.png"
  },
  "ocr_similarity": 0.5495495495495496,
  "layout_similarity": 0.9999237710116048,
  "motion_delta": 0.06020863354206085,
  "loop_error": 0.0004245718300808221,
  "status": "near_miss"
}
DONE 20260424T203025041834Z-c2-lite-glyph-static-layout-frame-scale-c42-frame-scale-014-edge09-freq12-train1536-lr007-cosine-1536x864-s5500 quality=0.5495 motion=0.0602
Stopping app - local entrypoint completed.
✓ App completed. View run at 
https://modal.com/apps/dennisonbertram/main/ap-KToDKrmnEtc6DiZwZemgxo
