✓ Initialized. View run at 
https://modal.com/apps/dennisonbertram/main/ap-jfpColEYQT6VYiX86MMPYy
✓ Created objects.
├── 🔨 Created mount 
│   /Users/dennisonbertram/Develop/flipbook-research/scripts/track_c/modal_canva
│   s_c2_lite.py
└── 🔨 Created function train_and_render_motion.
START 20260424T203025406737Z-c2-lite-glyph-static-layout-frame-scale-c42-frame-scale-014-edge09-freq10-train1536-lr007-cosine-seed1-1536x864-s5500 config={"batch_size": 131072, "channels": 16, "edge_loss_weight": 0.9, "edge_sample_ratio": 0.09, "element_anchor_mode": "line", "element_anchor_padding": 3, "element_mask_mode": "rectangle", "element_render_mode": "sequential", "element_scale_ratio": 0.25, "experiment_label": "c42-frame-scale-014-edge09-freq10-train1536-lr007-cosine-seed1", "flow_scale": 0.014, "fps": 24, "frames": 33, "freq_bands": 10, "grad_clip": 0.0, "hidden": 96, "layout_supersample": 1.0, "layout_transform_pan": 0.027, "layout_transform_strength": 0.14, "lr": 0.007, "lr_schedule": "cosine", "min_lr_ratio": 0.1, "min_motion_delta": 0.04, "min_ocr_similarity": 0.62, "motion_mode": "static", "motion_strength": 0.0, "seed": 1, "source_resolution": [1280, 736], "steps": 5500, "text_box_loss_weight": 0.0, "text_box_min_conf": 55.0, "text_box_padding": 0, "text_box_sample_ratio": 0.0, "text_boxes": "0 boxes", "time_bands": 4, "train_resolution": "1536x864", "video_layout_mode": "frame-scale", "video_viewport_mode": "static", "viewport_pan": 0.0, "viewport_zoom": 0.0}
{
  "canvas_type": "time-conditioned-latent-feature-grid-learned-flow-mlp-glyph-weighted",
  "train_resolution": "1536x864",
  "steps": 5500,
  "batch_size": 131072,
  "channels": 16,
  "hidden": 96,
  "freq_bands": 10,
  "time_bands": 4,
  "lr": 0.007,
  "lr_schedule": "cosine",
  "min_lr_ratio": 0.1,
  "grad_clip": 0.0,
  "seed": 1,
  "flow_scale": 0.014,
  "motion_mode": "static",
  "motion_strength": 0.0,
  "video_viewport_mode": "static",
  "viewport_zoom": 0.0,
  "viewport_pan": 0.0,
  "video_layout_mode": "frame-scale",
  "layout_transform_strength": 0.14,
  "layout_transform_pan": 0.027,
  "layout_supersample": 1.0,
  "element_scale_ratio": 0.25,
  "element_anchor_padding": 3,
  "element_mask_mode": "rectangle",
  "element_anchor_mode": "line",
  "element_render_mode": "sequential",
  "element_line_count": 0,
  "min_ocr_similarity": 0.62,
  "min_motion_delta": 0.04,
  "edge_sample_ratio": 0.09,
  "edge_loss_weight": 0.9,
  "text_box_sample_ratio": 0.0,
  "text_box_loss_weight": 0.0,
  "text_box_padding": 0,
  "text_box_count": 0,
  "text_mask_coverage": 0.0,
  "element_alpha_coverage": 0.0,
  "compile_ms": 43561.562582,
  "final_mse": 6.123642378952354e-06,
  "losses": [
    {
      "step": 0,
      "mse": 0.210639089345932
    },
    {
      "step": 275,
      "mse": 0.0006316504441201687
    },
    {
      "step": 550,
      "mse": 0.00020623969612643123
    },
    {
      "step": 825,
      "mse": 0.00010951473086606711
    },
    {
      "step": 1100,
      "mse": 9.040292206918821e-05
    },
    {
      "step": 1375,
      "mse": 7.719980931142345e-05
    },
    {
      "step": 1650,
      "mse": 0.0003143659560009837
    },
    {
      "step": 1925,
      "mse": 2.6173642254434526e-05
    },
    {
      "step": 2200,
      "mse": 2.2809785150457174e-05
    },
    {
      "step": 2475,
      "mse": 1.894807064672932e-05
    },
    {
      "step": 2750,
      "mse": 1.1363494195393287e-05
    },
    {
      "step": 3025,
      "mse": 1.11409663077211e-05
    },
    {
      "step": 3300,
      "mse": 1.0624993592500687e-05
    },
    {
      "step": 3575,
      "mse": 1.0177110198128503e-05
    },
    {
      "step": 3850,
      "mse": 7.642653145012446e-06
    },
    {
      "step": 4125,
      "mse": 7.3777905527094845e-06
    },
    {
      "step": 4400,
      "mse": 7.752237252134364e-06
    },
    {
      "step": 4675,
      "mse": 6.835743988631293e-06
    },
    {
      "step": 4950,
      "mse": 6.23023970547365e-06
    },
    {
      "step": 5225,
      "mse": 6.137212949397508e-06
    },
    {
      "step": 5499,
      "mse": 6.123642378952354e-06
    }
  ],
  "render_times": {
    "render-960.png": 14.788817999999537,
    "render-mid.png": 9.460980000000063,
    "render-last.png": 9.43021100000152,
    "render-512.png": 2.648913999998115,
    "crop-2x.png": 9.322517999997615,
    "render-layout-mid.png": 23.106244000004494
  },
  "render_960_ms": 14.788817999999537,
  "render_33_wall_ms": 305.1892200000026,
  "encode_ms": 249.29155799999592,
  "resize_consistency": 0.9999451228995728,
  "temporal_consistency": 0.9999995502135732,
  "motion_delta_model": 0.07797973603010178,
  "loop_error_model": 4.497864267705154e-07,
  "description": "C2-lite neural canvas: learned time-conditioned motion field with glyph-weighted sampling/loss",
  "run_id": "20260424T203025406737Z-c2-lite-glyph-static-layout-frame-scale-c42-frame-scale-014-edge09-freq10-train1536-lr007-cosine-seed1-1536x864-s5500",
  "commit": "0b435e1",
  "track": "C",
  "width": 960,
  "height": 544,
  "frames": 33,
  "fps": 24,
  "artifacts": {
    "input": "/Users/dennisonbertram/Develop/flipbook-research/outputs/track-c/20260424T203025406737Z-c2-lite-glyph-static-layout-frame-scale-c42-frame-scale-014-edge09-freq10-train1536-lr007-cosine-seed1-1536x864-s5500/input.png",
    "render_960": "/Users/dennisonbertram/Develop/flipbook-research/outputs/track-c/20260424T203025406737Z-c2-lite-glyph-static-layout-frame-scale-c42-frame-scale-014-edge09-freq10-train1536-lr007-cosine-seed1-1536x864-s5500/render-960.png",
    "render_mid": "/Users/dennisonbertram/Develop/flipbook-research/outputs/track-c/20260424T203025406737Z-c2-lite-glyph-static-layout-frame-scale-c42-frame-scale-014-edge09-freq10-train1536-lr007-cosine-seed1-1536x864-s5500/render-mid.png",
    "render_last": "/Users/dennisonbertram/Develop/flipbook-research/outputs/track-c/20260424T203025406737Z-c2-lite-glyph-static-layout-frame-scale-c42-frame-scale-014-edge09-freq10-train1536-lr007-cosine-seed1-1536x864-s5500/render-last.png",
    "render_512": "/Users/dennisonbertram/Develop/flipbook-research/outputs/track-c/20260424T203025406737Z-c2-lite-glyph-static-layout-frame-scale-c42-frame-scale-014-edge09-freq10-train1536-lr007-cosine-seed1-1536x864-s5500/render-512.png",
    "crop_2x": "/Users/dennisonbertram/Develop/flipbook-research/outputs/track-c/20260424T203025406737Z-c2-lite-glyph-static-layout-frame-scale-c42-frame-scale-014-edge09-freq10-train1536-lr007-cosine-seed1-1536x864-s5500/crop-2x.png",
    "text_mask": "/Users/dennisonbertram/Develop/flipbook-research/outputs/track-c/20260424T203025406737Z-c2-lite-glyph-static-layout-frame-scale-c42-frame-scale-014-edge09-freq10-train1536-lr007-cosine-seed1-1536x864-s5500/text-mask.png",
    "element_alpha_mask": "/Users/dennisonbertram/Develop/flipbook-research/outputs/track-c/20260424T203025406737Z-c2-lite-glyph-static-layout-frame-scale-c42-frame-scale-014-edge09-freq10-train1536-lr007-cosine-seed1-1536x864-s5500/element-alpha-mask.png",
    "text_boxes": "/Users/dennisonbertram/Develop/flipbook-research/outputs/track-c/20260424T203025406737Z-c2-lite-glyph-static-layout-frame-scale-c42-frame-scale-014-edge09-freq10-train1536-lr007-cosine-seed1-1536x864-s5500/text-boxes.json",
    "output": "/Users/dennisonbertram/Develop/flipbook-research/outputs/track-c/20260424T203025406737Z-c2-lite-glyph-static-layout-frame-scale-c42-frame-scale-014-edge09-freq10-train1536-lr007-cosine-seed1-1536x864-s5500/output.mp4",
    "metrics": "/Users/dennisonbertram/Develop/flipbook-research/outputs/track-c/20260424T203025406737Z-c2-lite-glyph-static-layout-frame-scale-c42-frame-scale-014-edge09-freq10-train1536-lr007-cosine-seed1-1536x864-s5500/metrics.json",
    "quality": "/Users/dennisonbertram/Develop/flipbook-research/outputs/track-c/20260424T203025406737Z-c2-lite-glyph-static-layout-frame-scale-c42-frame-scale-014-edge09-freq10-train1536-lr007-cosine-seed1-1536x864-s5500/quality.json",
    "render_layout_mid": "/Users/dennisonbertram/Develop/flipbook-research/outputs/track-c/20260424T203025406737Z-c2-lite-glyph-static-layout-frame-scale-c42-frame-scale-014-edge09-freq10-train1536-lr007-cosine-seed1-1536x864-s5500/render-layout-mid.png"
  },
  "ocr_similarity": 0.6018518518518519,
  "layout_similarity": 0.9999451228995728,
  "motion_delta": 0.06035879626870155,
  "loop_error": 0.0010382625041529536,
  "status": "near_miss"
}
DONE 20260424T203025406737Z-c2-lite-glyph-static-layout-frame-scale-c42-frame-scale-014-edge09-freq10-train1536-lr007-cosine-seed1-1536x864-s5500 quality=0.6019 motion=0.0604
Stopping app - local entrypoint completed.
✓ App completed. View run at 
https://modal.com/apps/dennisonbertram/main/ap-jfpColEYQT6VYiX86MMPYy
