✓ Initialized. View run at 
https://modal.com/apps/dennisonbertram/main/ap-h3TGZV0M7bcXKsb1Hd8j2z
✓ Created objects.
├── 🔨 Created mount 
│   /Users/dennisonbertram/Develop/flipbook-research/scripts/track_c/modal_canva
│   s_c2_lite.py
└── 🔨 Created function train_and_render_motion.
START 20260424T203024600757Z-c2-lite-glyph-static-layout-frame-scale-c42-frame-scale-014-edge09-freq10-train1536-cosine-seed1-1536x864-s5500 config={"batch_size": 131072, "channels": 16, "edge_loss_weight": 0.9, "edge_sample_ratio": 0.09, "element_anchor_mode": "line", "element_anchor_padding": 3, "element_mask_mode": "rectangle", "element_render_mode": "sequential", "element_scale_ratio": 0.25, "experiment_label": "c42-frame-scale-014-edge09-freq10-train1536-cosine-seed1", "flow_scale": 0.014, "fps": 24, "frames": 33, "freq_bands": 10, "grad_clip": 0.0, "hidden": 96, "layout_supersample": 1.0, "layout_transform_pan": 0.027, "layout_transform_strength": 0.14, "lr": 0.01, "lr_schedule": "cosine", "min_lr_ratio": 0.1, "min_motion_delta": 0.04, "min_ocr_similarity": 0.62, "motion_mode": "static", "motion_strength": 0.0, "seed": 1, "source_resolution": [1280, 736], "steps": 5500, "text_box_loss_weight": 0.0, "text_box_min_conf": 55.0, "text_box_padding": 0, "text_box_sample_ratio": 0.0, "text_boxes": "0 boxes", "time_bands": 4, "train_resolution": "1536x864", "video_layout_mode": "frame-scale", "video_viewport_mode": "static", "viewport_pan": 0.0, "viewport_zoom": 0.0}
{
  "canvas_type": "time-conditioned-latent-feature-grid-learned-flow-mlp-glyph-weighted",
  "train_resolution": "1536x864",
  "steps": 5500,
  "batch_size": 131072,
  "channels": 16,
  "hidden": 96,
  "freq_bands": 10,
  "time_bands": 4,
  "lr": 0.01,
  "lr_schedule": "cosine",
  "min_lr_ratio": 0.1,
  "grad_clip": 0.0,
  "seed": 1,
  "flow_scale": 0.014,
  "motion_mode": "static",
  "motion_strength": 0.0,
  "video_viewport_mode": "static",
  "viewport_zoom": 0.0,
  "viewport_pan": 0.0,
  "video_layout_mode": "frame-scale",
  "layout_transform_strength": 0.14,
  "layout_transform_pan": 0.027,
  "layout_supersample": 1.0,
  "element_scale_ratio": 0.25,
  "element_anchor_padding": 3,
  "element_mask_mode": "rectangle",
  "element_anchor_mode": "line",
  "element_render_mode": "sequential",
  "element_line_count": 0,
  "min_ocr_similarity": 0.62,
  "min_motion_delta": 0.04,
  "edge_sample_ratio": 0.09,
  "edge_loss_weight": 0.9,
  "text_box_sample_ratio": 0.0,
  "text_box_loss_weight": 0.0,
  "text_box_padding": 0,
  "text_box_count": 0,
  "text_mask_coverage": 0.0,
  "element_alpha_coverage": 0.0,
  "compile_ms": 43617.726724,
  "final_mse": 1.5378523130493704e-06,
  "losses": [
    {
      "step": 0,
      "mse": 0.21063381433486938
    },
    {
      "step": 275,
      "mse": 0.00023907252762001008
    },
    {
      "step": 550,
      "mse": 0.00010815389396157116
    },
    {
      "step": 825,
      "mse": 0.004459954798221588
    },
    {
      "step": 1100,
      "mse": 4.282257577870041e-05
    },
    {
      "step": 1375,
      "mse": 2.523663715692237e-05
    },
    {
      "step": 1650,
      "mse": 1.739185790938791e-05
    },
    {
      "step": 1925,
      "mse": 1.4199253200786188e-05
    },
    {
      "step": 2200,
      "mse": 1.333084401267115e-05
    },
    {
      "step": 2475,
      "mse": 1.009052084555151e-05
    },
    {
      "step": 2750,
      "mse": 6.574690814886708e-06
    },
    {
      "step": 3025,
      "mse": 4.896553036815021e-06
    },
    {
      "step": 3300,
      "mse": 3.888139872287866e-06
    },
    {
      "step": 3575,
      "mse": 2.9523548619181383e-06
    },
    {
      "step": 3850,
      "mse": 2.7535893423191737e-06
    },
    {
      "step": 4125,
      "mse": 2.2605322556046303e-06
    },
    {
      "step": 4400,
      "mse": 2.157072685804451e-06
    },
    {
      "step": 4675,
      "mse": 1.9677995624078903e-06
    },
    {
      "step": 4950,
      "mse": 1.7571762782608857e-06
    },
    {
      "step": 5225,
      "mse": 1.53170390149171e-06
    },
    {
      "step": 5499,
      "mse": 1.5378523130493704e-06
    }
  ],
  "render_times": {
    "render-960.png": 14.88524400000557,
    "render-mid.png": 9.439370000002612,
    "render-last.png": 9.423461000004352,
    "render-512.png": 2.6668260000022315,
    "crop-2x.png": 9.328069999995137,
    "render-layout-mid.png": 22.586947000000634
  },
  "render_960_ms": 14.88524400000557,
  "render_33_wall_ms": 305.5048069999984,
  "encode_ms": 257.20117200000203,
  "resize_consistency": 0.9999506459131647,
  "temporal_consistency": 0.9999995854520307,
  "motion_delta_model": 0.07751245051622391,
  "loop_error_model": 4.14547969285195e-07,
  "description": "C2-lite neural canvas: learned time-conditioned motion field with glyph-weighted sampling/loss",
  "run_id": "20260424T203024600757Z-c2-lite-glyph-static-layout-frame-scale-c42-frame-scale-014-edge09-freq10-train1536-cosine-seed1-1536x864-s5500",
  "commit": "0b435e1",
  "track": "C",
  "width": 960,
  "height": 544,
  "frames": 33,
  "fps": 24,
  "artifacts": {
    "input": "/Users/dennisonbertram/Develop/flipbook-research/outputs/track-c/20260424T203024600757Z-c2-lite-glyph-static-layout-frame-scale-c42-frame-scale-014-edge09-freq10-train1536-cosine-seed1-1536x864-s5500/input.png",
    "render_960": "/Users/dennisonbertram/Develop/flipbook-research/outputs/track-c/20260424T203024600757Z-c2-lite-glyph-static-layout-frame-scale-c42-frame-scale-014-edge09-freq10-train1536-cosine-seed1-1536x864-s5500/render-960.png",
    "render_mid": "/Users/dennisonbertram/Develop/flipbook-research/outputs/track-c/20260424T203024600757Z-c2-lite-glyph-static-layout-frame-scale-c42-frame-scale-014-edge09-freq10-train1536-cosine-seed1-1536x864-s5500/render-mid.png",
    "render_last": "/Users/dennisonbertram/Develop/flipbook-research/outputs/track-c/20260424T203024600757Z-c2-lite-glyph-static-layout-frame-scale-c42-frame-scale-014-edge09-freq10-train1536-cosine-seed1-1536x864-s5500/render-last.png",
    "render_512": "/Users/dennisonbertram/Develop/flipbook-research/outputs/track-c/20260424T203024600757Z-c2-lite-glyph-static-layout-frame-scale-c42-frame-scale-014-edge09-freq10-train1536-cosine-seed1-1536x864-s5500/render-512.png",
    "crop_2x": "/Users/dennisonbertram/Develop/flipbook-research/outputs/track-c/20260424T203024600757Z-c2-lite-glyph-static-layout-frame-scale-c42-frame-scale-014-edge09-freq10-train1536-cosine-seed1-1536x864-s5500/crop-2x.png",
    "text_mask": "/Users/dennisonbertram/Develop/flipbook-research/outputs/track-c/20260424T203024600757Z-c2-lite-glyph-static-layout-frame-scale-c42-frame-scale-014-edge09-freq10-train1536-cosine-seed1-1536x864-s5500/text-mask.png",
    "element_alpha_mask": "/Users/dennisonbertram/Develop/flipbook-research/outputs/track-c/20260424T203024600757Z-c2-lite-glyph-static-layout-frame-scale-c42-frame-scale-014-edge09-freq10-train1536-cosine-seed1-1536x864-s5500/element-alpha-mask.png",
    "text_boxes": "/Users/dennisonbertram/Develop/flipbook-research/outputs/track-c/20260424T203024600757Z-c2-lite-glyph-static-layout-frame-scale-c42-frame-scale-014-edge09-freq10-train1536-cosine-seed1-1536x864-s5500/text-boxes.json",
    "output": "/Users/dennisonbertram/Develop/flipbook-research/outputs/track-c/20260424T203024600757Z-c2-lite-glyph-static-layout-frame-scale-c42-frame-scale-014-edge09-freq10-train1536-cosine-seed1-1536x864-s5500/output.mp4",
    "metrics": "/Users/dennisonbertram/Develop/flipbook-research/outputs/track-c/20260424T203024600757Z-c2-lite-glyph-static-layout-frame-scale-c42-frame-scale-014-edge09-freq10-train1536-cosine-seed1-1536x864-s5500/metrics.json",
    "quality": "/Users/dennisonbertram/Develop/flipbook-research/outputs/track-c/20260424T203024600757Z-c2-lite-glyph-static-layout-frame-scale-c42-frame-scale-014-edge09-freq10-train1536-cosine-seed1-1536x864-s5500/quality.json",
    "render_layout_mid": "/Users/dennisonbertram/Develop/flipbook-research/outputs/track-c/20260424T203024600757Z-c2-lite-glyph-static-layout-frame-scale-c42-frame-scale-014-edge09-freq10-train1536-cosine-seed1-1536x864-s5500/render-layout-mid.png"
  },
  "ocr_similarity": 0.38341968911917096,
  "layout_similarity": 0.9999506459131647,
  "motion_delta": 0.0602625347673893,
  "loop_error": 0.0011802908265963197,
  "status": "near_miss"
}
DONE 20260424T203024600757Z-c2-lite-glyph-static-layout-frame-scale-c42-frame-scale-014-edge09-freq10-train1536-cosine-seed1-1536x864-s5500 quality=0.3834 motion=0.0603
Stopping app - local entrypoint completed.
✓ App completed. View run at 
https://modal.com/apps/dennisonbertram/main/ap-h3TGZV0M7bcXKsb1Hd8j2z
