✓ Initialized. View run at 
https://modal.com/apps/dennisonbertram/main/ap-q8C3MFfuLe7O7DesY3s0JO
✓ Created objects.
├── 🔨 Created mount 
│   /Users/dennisonbertram/Develop/flipbook-research/scripts/track_c/modal_canva
│   s_c2_lite.py
└── 🔨 Created function train_and_render_motion.
START 20260424T203024597035Z-c2-lite-glyph-static-layout-frame-scale-c42-frame-scale-0125-edge09-freq10-train1536-seed3-cosine-1536x864-s5500 config={"batch_size": 131072, "channels": 16, "edge_loss_weight": 0.9, "edge_sample_ratio": 0.09, "element_anchor_mode": "line", "element_anchor_padding": 3, "element_mask_mode": "rectangle", "element_render_mode": "sequential", "element_scale_ratio": 0.25, "experiment_label": "c42-frame-scale-0125-edge09-freq10-train1536-seed3-cosine", "flow_scale": 0.014, "fps": 24, "frames": 33, "freq_bands": 10, "grad_clip": 0.0, "hidden": 96, "layout_supersample": 1.0, "layout_transform_pan": 0.024, "layout_transform_strength": 0.125, "lr": 0.01, "lr_schedule": "cosine", "min_lr_ratio": 0.1, "min_motion_delta": 0.04, "min_ocr_similarity": 0.68, "motion_mode": "static", "motion_strength": 0.0, "seed": 3, "source_resolution": [1280, 736], "steps": 5500, "text_box_loss_weight": 0.0, "text_box_min_conf": 55.0, "text_box_padding": 0, "text_box_sample_ratio": 0.0, "text_boxes": "0 boxes", "time_bands": 4, "train_resolution": "1536x864", "video_layout_mode": "frame-scale", "video_viewport_mode": "static", "viewport_pan": 0.0, "viewport_zoom": 0.0}
{
  "canvas_type": "time-conditioned-latent-feature-grid-learned-flow-mlp-glyph-weighted",
  "train_resolution": "1536x864",
  "steps": 5500,
  "batch_size": 131072,
  "channels": 16,
  "hidden": 96,
  "freq_bands": 10,
  "time_bands": 4,
  "lr": 0.01,
  "lr_schedule": "cosine",
  "min_lr_ratio": 0.1,
  "grad_clip": 0.0,
  "seed": 3,
  "flow_scale": 0.014,
  "motion_mode": "static",
  "motion_strength": 0.0,
  "video_viewport_mode": "static",
  "viewport_zoom": 0.0,
  "viewport_pan": 0.0,
  "video_layout_mode": "frame-scale",
  "layout_transform_strength": 0.125,
  "layout_transform_pan": 0.024,
  "layout_supersample": 1.0,
  "element_scale_ratio": 0.25,
  "element_anchor_padding": 3,
  "element_mask_mode": "rectangle",
  "element_anchor_mode": "line",
  "element_render_mode": "sequential",
  "element_line_count": 0,
  "min_ocr_similarity": 0.68,
  "min_motion_delta": 0.04,
  "edge_sample_ratio": 0.09,
  "edge_loss_weight": 0.9,
  "text_box_sample_ratio": 0.0,
  "text_box_loss_weight": 0.0,
  "text_box_padding": 0,
  "text_box_count": 0,
  "text_mask_coverage": 0.0,
  "element_alpha_coverage": 0.0,
  "compile_ms": 43684.755611,
  "final_mse": 2.635639248182997e-06,
  "losses": [
    {
      "step": 0,
      "mse": 0.22878888249397278
    },
    {
      "step": 275,
      "mse": 0.0005609361105598509
    },
    {
      "step": 550,
      "mse": 0.00021340041712392122
    },
    {
      "step": 825,
      "mse": 0.00011790256394306198
    },
    {
      "step": 1100,
      "mse": 7.10280510247685e-05
    },
    {
      "step": 1375,
      "mse": 0.00010274666419718415
    },
    {
      "step": 1650,
      "mse": 7.444695802405477e-05
    },
    {
      "step": 1925,
      "mse": 3.2443571399198845e-05
    },
    {
      "step": 2200,
      "mse": 1.7529542674310505e-05
    },
    {
      "step": 2475,
      "mse": 1.5899102436378598e-05
    },
    {
      "step": 2750,
      "mse": 1.0637320883688517e-05
    },
    {
      "step": 3025,
      "mse": 9.830482667894103e-06
    },
    {
      "step": 3300,
      "mse": 6.027340077707777e-06
    },
    {
      "step": 3575,
      "mse": 5.582588528341148e-06
    },
    {
      "step": 3850,
      "mse": 4.440823886397993e-06
    },
    {
      "step": 4125,
      "mse": 3.7283925848896615e-06
    },
    {
      "step": 4400,
      "mse": 3.6440981148189167e-06
    },
    {
      "step": 4675,
      "mse": 3.131666744593531e-06
    },
    {
      "step": 4950,
      "mse": 3.24134612128546e-06
    },
    {
      "step": 5225,
      "mse": 2.7619421416602563e-06
    },
    {
      "step": 5499,
      "mse": 2.635639248182997e-06
    }
  ],
  "render_times": {
    "render-960.png": 16.381008999999835,
    "render-mid.png": 9.42570699999834,
    "render-last.png": 9.410770000002344,
    "render-512.png": 2.625727999998162,
    "crop-2x.png": 9.302726999997901,
    "render-layout-mid.png": 24.582743000003404
  },
  "render_960_ms": 16.381008999999835,
  "render_33_wall_ms": 305.33256600000414,
  "encode_ms": 252.45088999999865,
  "resize_consistency": 0.9999497989543077,
  "temporal_consistency": 0.9999996276999923,
  "motion_delta_model": 0.0772002786397934,
  "loop_error_model": 3.723000077116012e-07,
  "description": "C2-lite neural canvas: learned time-conditioned motion field with glyph-weighted sampling/loss",
  "run_id": "20260424T203024597035Z-c2-lite-glyph-static-layout-frame-scale-c42-frame-scale-0125-edge09-freq10-train1536-seed3-cosine-1536x864-s5500",
  "commit": "0b435e1",
  "track": "C",
  "width": 960,
  "height": 544,
  "frames": 33,
  "fps": 24,
  "artifacts": {
    "input": "/Users/dennisonbertram/Develop/flipbook-research/outputs/track-c/20260424T203024597035Z-c2-lite-glyph-static-layout-frame-scale-c42-frame-scale-0125-edge09-freq10-train1536-seed3-cosine-1536x864-s5500/input.png",
    "render_960": "/Users/dennisonbertram/Develop/flipbook-research/outputs/track-c/20260424T203024597035Z-c2-lite-glyph-static-layout-frame-scale-c42-frame-scale-0125-edge09-freq10-train1536-seed3-cosine-1536x864-s5500/render-960.png",
    "render_mid": "/Users/dennisonbertram/Develop/flipbook-research/outputs/track-c/20260424T203024597035Z-c2-lite-glyph-static-layout-frame-scale-c42-frame-scale-0125-edge09-freq10-train1536-seed3-cosine-1536x864-s5500/render-mid.png",
    "render_last": "/Users/dennisonbertram/Develop/flipbook-research/outputs/track-c/20260424T203024597035Z-c2-lite-glyph-static-layout-frame-scale-c42-frame-scale-0125-edge09-freq10-train1536-seed3-cosine-1536x864-s5500/render-last.png",
    "render_512": "/Users/dennisonbertram/Develop/flipbook-research/outputs/track-c/20260424T203024597035Z-c2-lite-glyph-static-layout-frame-scale-c42-frame-scale-0125-edge09-freq10-train1536-seed3-cosine-1536x864-s5500/render-512.png",
    "crop_2x": "/Users/dennisonbertram/Develop/flipbook-research/outputs/track-c/20260424T203024597035Z-c2-lite-glyph-static-layout-frame-scale-c42-frame-scale-0125-edge09-freq10-train1536-seed3-cosine-1536x864-s5500/crop-2x.png",
    "text_mask": "/Users/dennisonbertram/Develop/flipbook-research/outputs/track-c/20260424T203024597035Z-c2-lite-glyph-static-layout-frame-scale-c42-frame-scale-0125-edge09-freq10-train1536-seed3-cosine-1536x864-s5500/text-mask.png",
    "element_alpha_mask": "/Users/dennisonbertram/Develop/flipbook-research/outputs/track-c/20260424T203024597035Z-c2-lite-glyph-static-layout-frame-scale-c42-frame-scale-0125-edge09-freq10-train1536-seed3-cosine-1536x864-s5500/element-alpha-mask.png",
    "text_boxes": "/Users/dennisonbertram/Develop/flipbook-research/outputs/track-c/20260424T203024597035Z-c2-lite-glyph-static-layout-frame-scale-c42-frame-scale-0125-edge09-freq10-train1536-seed3-cosine-1536x864-s5500/text-boxes.json",
    "output": "/Users/dennisonbertram/Develop/flipbook-research/outputs/track-c/20260424T203024597035Z-c2-lite-glyph-static-layout-frame-scale-c42-frame-scale-0125-edge09-freq10-train1536-seed3-cosine-1536x864-s5500/output.mp4",
    "metrics": "/Users/dennisonbertram/Develop/flipbook-research/outputs/track-c/20260424T203024597035Z-c2-lite-glyph-static-layout-frame-scale-c42-frame-scale-0125-edge09-freq10-train1536-seed3-cosine-1536x864-s5500/metrics.json",
    "quality": "/Users/dennisonbertram/Develop/flipbook-research/outputs/track-c/20260424T203024597035Z-c2-lite-glyph-static-layout-frame-scale-c42-frame-scale-0125-edge09-freq10-train1536-seed3-cosine-1536x864-s5500/quality.json",
    "render_layout_mid": "/Users/dennisonbertram/Develop/flipbook-research/outputs/track-c/20260424T203024597035Z-c2-lite-glyph-static-layout-frame-scale-c42-frame-scale-0125-edge09-freq10-train1536-seed3-cosine-1536x864-s5500/render-layout-mid.png"
  },
  "ocr_similarity": 0.7064220183486238,
  "layout_similarity": 0.9999497989543077,
  "motion_delta": 0.05833333358168602,
  "loop_error": 0.001095376443117857,
  "status": "pass"
}
DONE 20260424T203024597035Z-c2-lite-glyph-static-layout-frame-scale-c42-frame-scale-0125-edge09-freq10-train1536-seed3-cosine-1536x864-s5500 quality=0.7064 motion=0.0583
Stopping app - local entrypoint completed.
✓ App completed. View run at 
https://modal.com/apps/dennisonbertram/main/ap-q8C3MFfuLe7O7DesY3s0JO
