✓ Initialized. View run at 
https://modal.com/apps/dennisonbertram/main/ap-LpNPK0mfc3q2C9TL9AvKVz
✓ Created objects.
├── 🔨 Created mount 
│   /Users/dennisonbertram/Develop/flipbook-research/scripts/track_c/modal_canva
│   s_c2_lite.py
└── 🔨 Created function train_and_render_motion.
START 20260424T203024484340Z-c2-lite-glyph-static-layout-frame-scale-c42-frame-scale-016-edge09-freq10-train1536-lr007-cosine-1536x864-s5500 config={"batch_size": 131072, "channels": 16, "edge_loss_weight": 0.9, "edge_sample_ratio": 0.09, "element_anchor_mode": "line", "element_anchor_padding": 3, "element_mask_mode": "rectangle", "element_render_mode": "sequential", "element_scale_ratio": 0.25, "experiment_label": "c42-frame-scale-016-edge09-freq10-train1536-lr007-cosine", "flow_scale": 0.014, "fps": 24, "frames": 33, "freq_bands": 10, "grad_clip": 0.0, "hidden": 96, "layout_supersample": 1.0, "layout_transform_pan": 0.03, "layout_transform_strength": 0.16, "lr": 0.007, "lr_schedule": "cosine", "min_lr_ratio": 0.1, "min_motion_delta": 0.04, "min_ocr_similarity": 0.54, "motion_mode": "static", "motion_strength": 0.0, "seed": 0, "source_resolution": [1280, 736], "steps": 5500, "text_box_loss_weight": 0.0, "text_box_min_conf": 55.0, "text_box_padding": 0, "text_box_sample_ratio": 0.0, "text_boxes": "0 boxes", "time_bands": 4, "train_resolution": "1536x864", "video_layout_mode": "frame-scale", "video_viewport_mode": "static", "viewport_pan": 0.0, "viewport_zoom": 0.0}
{
  "canvas_type": "time-conditioned-latent-feature-grid-learned-flow-mlp-glyph-weighted",
  "train_resolution": "1536x864",
  "steps": 5500,
  "batch_size": 131072,
  "channels": 16,
  "hidden": 96,
  "freq_bands": 10,
  "time_bands": 4,
  "lr": 0.007,
  "lr_schedule": "cosine",
  "min_lr_ratio": 0.1,
  "grad_clip": 0.0,
  "seed": 0,
  "flow_scale": 0.014,
  "motion_mode": "static",
  "motion_strength": 0.0,
  "video_viewport_mode": "static",
  "viewport_zoom": 0.0,
  "viewport_pan": 0.0,
  "video_layout_mode": "frame-scale",
  "layout_transform_strength": 0.16,
  "layout_transform_pan": 0.03,
  "layout_supersample": 1.0,
  "element_scale_ratio": 0.25,
  "element_anchor_padding": 3,
  "element_mask_mode": "rectangle",
  "element_anchor_mode": "line",
  "element_render_mode": "sequential",
  "element_line_count": 0,
  "min_ocr_similarity": 0.54,
  "min_motion_delta": 0.04,
  "edge_sample_ratio": 0.09,
  "edge_loss_weight": 0.9,
  "text_box_sample_ratio": 0.0,
  "text_box_loss_weight": 0.0,
  "text_box_padding": 0,
  "text_box_count": 0,
  "text_mask_coverage": 0.0,
  "element_alpha_coverage": 0.0,
  "compile_ms": 43800.487825,
  "final_mse": 7.131049642339349e-06,
  "losses": [
    {
      "step": 0,
      "mse": 0.2264125794172287
    },
    {
      "step": 275,
      "mse": 0.0007048452389426529
    },
    {
      "step": 550,
      "mse": 0.00022673688363283873
    },
    {
      "step": 825,
      "mse": 0.0001665796007728204
    },
    {
      "step": 1100,
      "mse": 8.232214895542711e-05
    },
    {
      "step": 1375,
      "mse": 5.504315049620345e-05
    },
    {
      "step": 1650,
      "mse": 4.480053758015856e-05
    },
    {
      "step": 1925,
      "mse": 4.08327323384583e-05
    },
    {
      "step": 2200,
      "mse": 2.535456769692246e-05
    },
    {
      "step": 2475,
      "mse": 3.488776201265864e-05
    },
    {
      "step": 2750,
      "mse": 2.3148899344960228e-05
    },
    {
      "step": 3025,
      "mse": 1.656162567087449e-05
    },
    {
      "step": 3300,
      "mse": 1.3497116924554575e-05
    },
    {
      "step": 3575,
      "mse": 1.1160974281665403e-05
    },
    {
      "step": 3850,
      "mse": 1.0489826308912598e-05
    },
    {
      "step": 4125,
      "mse": 8.047223673202097e-06
    },
    {
      "step": 4400,
      "mse": 8.08353979664389e-06
    },
    {
      "step": 4675,
      "mse": 8.10414621810196e-06
    },
    {
      "step": 4950,
      "mse": 7.647696293133777e-06
    },
    {
      "step": 5225,
      "mse": 7.169038326537702e-06
    },
    {
      "step": 5499,
      "mse": 7.131049642339349e-06
    }
  ],
  "render_times": {
    "render-960.png": 15.817580000003773,
    "render-mid.png": 9.823408999999117,
    "render-last.png": 9.595023999999341,
    "render-512.png": 2.9583099999968,
    "crop-2x.png": 9.443311000005394,
    "render-layout-mid.png": 27.537146000000234
  },
  "render_960_ms": 15.817580000003773,
  "render_33_wall_ms": 305.7084689999954,
  "encode_ms": 244.46232100000032,
  "resize_consistency": 0.9999401516677874,
  "temporal_consistency": 0.9999994868884414,
  "motion_delta_model": 0.07867899537086487,
  "loop_error_model": 5.131115585754742e-07,
  "description": "C2-lite neural canvas: learned time-conditioned motion field with glyph-weighted sampling/loss",
  "run_id": "20260424T203024484340Z-c2-lite-glyph-static-layout-frame-scale-c42-frame-scale-016-edge09-freq10-train1536-lr007-cosine-1536x864-s5500",
  "commit": "0b435e1",
  "track": "C",
  "width": 960,
  "height": 544,
  "frames": 33,
  "fps": 24,
  "artifacts": {
    "input": "/Users/dennisonbertram/Develop/flipbook-research/outputs/track-c/20260424T203024484340Z-c2-lite-glyph-static-layout-frame-scale-c42-frame-scale-016-edge09-freq10-train1536-lr007-cosine-1536x864-s5500/input.png",
    "render_960": "/Users/dennisonbertram/Develop/flipbook-research/outputs/track-c/20260424T203024484340Z-c2-lite-glyph-static-layout-frame-scale-c42-frame-scale-016-edge09-freq10-train1536-lr007-cosine-1536x864-s5500/render-960.png",
    "render_mid": "/Users/dennisonbertram/Develop/flipbook-research/outputs/track-c/20260424T203024484340Z-c2-lite-glyph-static-layout-frame-scale-c42-frame-scale-016-edge09-freq10-train1536-lr007-cosine-1536x864-s5500/render-mid.png",
    "render_last": "/Users/dennisonbertram/Develop/flipbook-research/outputs/track-c/20260424T203024484340Z-c2-lite-glyph-static-layout-frame-scale-c42-frame-scale-016-edge09-freq10-train1536-lr007-cosine-1536x864-s5500/render-last.png",
    "render_512": "/Users/dennisonbertram/Develop/flipbook-research/outputs/track-c/20260424T203024484340Z-c2-lite-glyph-static-layout-frame-scale-c42-frame-scale-016-edge09-freq10-train1536-lr007-cosine-1536x864-s5500/render-512.png",
    "crop_2x": "/Users/dennisonbertram/Develop/flipbook-research/outputs/track-c/20260424T203024484340Z-c2-lite-glyph-static-layout-frame-scale-c42-frame-scale-016-edge09-freq10-train1536-lr007-cosine-1536x864-s5500/crop-2x.png",
    "text_mask": "/Users/dennisonbertram/Develop/flipbook-research/outputs/track-c/20260424T203024484340Z-c2-lite-glyph-static-layout-frame-scale-c42-frame-scale-016-edge09-freq10-train1536-lr007-cosine-1536x864-s5500/text-mask.png",
    "element_alpha_mask": "/Users/dennisonbertram/Develop/flipbook-research/outputs/track-c/20260424T203024484340Z-c2-lite-glyph-static-layout-frame-scale-c42-frame-scale-016-edge09-freq10-train1536-lr007-cosine-1536x864-s5500/element-alpha-mask.png",
    "text_boxes": "/Users/dennisonbertram/Develop/flipbook-research/outputs/track-c/20260424T203024484340Z-c2-lite-glyph-static-layout-frame-scale-c42-frame-scale-016-edge09-freq10-train1536-lr007-cosine-1536x864-s5500/text-boxes.json",
    "output": "/Users/dennisonbertram/Develop/flipbook-research/outputs/track-c/20260424T203024484340Z-c2-lite-glyph-static-layout-frame-scale-c42-frame-scale-016-edge09-freq10-train1536-lr007-cosine-1536x864-s5500/output.mp4",
    "metrics": "/Users/dennisonbertram/Develop/flipbook-research/outputs/track-c/20260424T203024484340Z-c2-lite-glyph-static-layout-frame-scale-c42-frame-scale-016-edge09-freq10-train1536-lr007-cosine-1536x864-s5500/metrics.json",
    "quality": "/Users/dennisonbertram/Develop/flipbook-research/outputs/track-c/20260424T203024484340Z-c2-lite-glyph-static-layout-frame-scale-c42-frame-scale-016-edge09-freq10-train1536-lr007-cosine-1536x864-s5500/quality.json",
    "render_layout_mid": "/Users/dennisonbertram/Develop/flipbook-research/outputs/track-c/20260424T203024484340Z-c2-lite-glyph-static-layout-frame-scale-c42-frame-scale-016-edge09-freq10-train1536-lr007-cosine-1536x864-s5500/render-layout-mid.png"
  },
  "ocr_similarity": 0.5395348837209303,
  "layout_similarity": 0.9999401516677874,
  "motion_delta": 0.06095829978585243,
  "loop_error": 0.0008837524219416082,
  "status": "near_miss"
}
DONE 20260424T203024484340Z-c2-lite-glyph-static-layout-frame-scale-c42-frame-scale-016-edge09-freq10-train1536-lr007-cosine-1536x864-s5500 quality=0.5395 motion=0.0610
Stopping app - local entrypoint completed.
✓ App completed. View run at 
https://modal.com/apps/dennisonbertram/main/ap-LpNPK0mfc3q2C9TL9AvKVz
