✓ Initialized. View run at 
https://modal.com/apps/dennisonbertram/main/ap-8rs2F104b182Vz3CaKf6gP
✓ Created objects.
├── 🔨 Created mount 
│   /Users/dennisonbertram/Develop/flipbook-research/scripts/track_c/modal_canva
│   s_c2_lite.py
└── 🔨 Created function train_and_render_motion.
START 20260424T203025406720Z-c2-lite-glyph-static-layout-frame-scale-c42-frame-scale-014-edge09-freq10-train1536-cosine-1536x864-s5500 config={"batch_size": 131072, "channels": 16, "edge_loss_weight": 0.9, "edge_sample_ratio": 0.09, "element_anchor_mode": "line", "element_anchor_padding": 3, "element_mask_mode": "rectangle", "element_render_mode": "sequential", "element_scale_ratio": 0.25, "experiment_label": "c42-frame-scale-014-edge09-freq10-train1536-cosine", "flow_scale": 0.014, "fps": 24, "frames": 33, "freq_bands": 10, "grad_clip": 0.0, "hidden": 96, "layout_supersample": 1.0, "layout_transform_pan": 0.027, "layout_transform_strength": 0.14, "lr": 0.01, "lr_schedule": "cosine", "min_lr_ratio": 0.1, "min_motion_delta": 0.04, "min_ocr_similarity": 0.62, "motion_mode": "static", "motion_strength": 0.0, "seed": 0, "source_resolution": [1280, 736], "steps": 5500, "text_box_loss_weight": 0.0, "text_box_min_conf": 55.0, "text_box_padding": 0, "text_box_sample_ratio": 0.0, "text_boxes": "0 boxes", "time_bands": 4, "train_resolution": "1536x864", "video_layout_mode": "frame-scale", "video_viewport_mode": "static", "viewport_pan": 0.0, "viewport_zoom": 0.0}
{
  "canvas_type": "time-conditioned-latent-feature-grid-learned-flow-mlp-glyph-weighted",
  "train_resolution": "1536x864",
  "steps": 5500,
  "batch_size": 131072,
  "channels": 16,
  "hidden": 96,
  "freq_bands": 10,
  "time_bands": 4,
  "lr": 0.01,
  "lr_schedule": "cosine",
  "min_lr_ratio": 0.1,
  "grad_clip": 0.0,
  "seed": 0,
  "flow_scale": 0.014,
  "motion_mode": "static",
  "motion_strength": 0.0,
  "video_viewport_mode": "static",
  "viewport_zoom": 0.0,
  "viewport_pan": 0.0,
  "video_layout_mode": "frame-scale",
  "layout_transform_strength": 0.14,
  "layout_transform_pan": 0.027,
  "layout_supersample": 1.0,
  "element_scale_ratio": 0.25,
  "element_anchor_padding": 3,
  "element_mask_mode": "rectangle",
  "element_anchor_mode": "line",
  "element_render_mode": "sequential",
  "element_line_count": 0,
  "min_ocr_similarity": 0.62,
  "min_motion_delta": 0.04,
  "edge_sample_ratio": 0.09,
  "edge_loss_weight": 0.9,
  "text_box_sample_ratio": 0.0,
  "text_box_loss_weight": 0.0,
  "text_box_padding": 0,
  "text_box_count": 0,
  "text_mask_coverage": 0.0,
  "element_alpha_coverage": 0.0,
  "compile_ms": 43917.803692,
  "final_mse": 1.960157305802568e-06,
  "losses": [
    {
      "step": 0,
      "mse": 0.22641205787658691
    },
    {
      "step": 275,
      "mse": 0.00046321391710080206
    },
    {
      "step": 550,
      "mse": 0.00015839136904105544
    },
    {
      "step": 825,
      "mse": 6.600952474400401e-05
    },
    {
      "step": 1100,
      "mse": 7.668411126360297e-05
    },
    {
      "step": 1375,
      "mse": 2.977221811306663e-05
    },
    {
      "step": 1650,
      "mse": 2.273862628499046e-05
    },
    {
      "step": 1925,
      "mse": 2.1016445316490717e-05
    },
    {
      "step": 2200,
      "mse": 1.169301503978204e-05
    },
    {
      "step": 2475,
      "mse": 9.53051585383946e-06
    },
    {
      "step": 2750,
      "mse": 7.93620347394608e-06
    },
    {
      "step": 3025,
      "mse": 4.697077201853972e-06
    },
    {
      "step": 3300,
      "mse": 3.7573847748717526e-06
    },
    {
      "step": 3575,
      "mse": 3.517630375426961e-06
    },
    {
      "step": 3850,
      "mse": 3.0499431886710227e-06
    },
    {
      "step": 4125,
      "mse": 2.8303961698838975e-06
    },
    {
      "step": 4400,
      "mse": 2.3578240870847367e-06
    },
    {
      "step": 4675,
      "mse": 2.2065628400014248e-06
    },
    {
      "step": 4950,
      "mse": 2.0395034425746417e-06
    },
    {
      "step": 5225,
      "mse": 2.208932528446894e-06
    },
    {
      "step": 5499,
      "mse": 1.960157305802568e-06
    }
  ],
  "render_times": {
    "render-960.png": 70.50979899999987,
    "render-mid.png": 9.691365999998425,
    "render-last.png": 9.770357000000729,
    "render-512.png": 2.9854939999935937,
    "crop-2x.png": 9.462870999996653,
    "render-layout-mid.png": 47.12055100000612
  },
  "render_960_ms": 70.50979899999987,
  "render_33_wall_ms": 305.82274399999676,
  "encode_ms": 425.18923299999756,
  "resize_consistency": 0.9999513297060828,
  "temporal_consistency": 0.9999996445286286,
  "motion_delta_model": 0.07732054591178894,
  "loop_error_model": 3.5547137144931185e-07,
  "description": "C2-lite neural canvas: learned time-conditioned motion field with glyph-weighted sampling/loss",
  "run_id": "20260424T203025406720Z-c2-lite-glyph-static-layout-frame-scale-c42-frame-scale-014-edge09-freq10-train1536-cosine-1536x864-s5500",
  "commit": "0b435e1",
  "track": "C",
  "width": 960,
  "height": 544,
  "frames": 33,
  "fps": 24,
  "artifacts": {
    "input": "/Users/dennisonbertram/Develop/flipbook-research/outputs/track-c/20260424T203025406720Z-c2-lite-glyph-static-layout-frame-scale-c42-frame-scale-014-edge09-freq10-train1536-cosine-1536x864-s5500/input.png",
    "render_960": "/Users/dennisonbertram/Develop/flipbook-research/outputs/track-c/20260424T203025406720Z-c2-lite-glyph-static-layout-frame-scale-c42-frame-scale-014-edge09-freq10-train1536-cosine-1536x864-s5500/render-960.png",
    "render_mid": "/Users/dennisonbertram/Develop/flipbook-research/outputs/track-c/20260424T203025406720Z-c2-lite-glyph-static-layout-frame-scale-c42-frame-scale-014-edge09-freq10-train1536-cosine-1536x864-s5500/render-mid.png",
    "render_last": "/Users/dennisonbertram/Develop/flipbook-research/outputs/track-c/20260424T203025406720Z-c2-lite-glyph-static-layout-frame-scale-c42-frame-scale-014-edge09-freq10-train1536-cosine-1536x864-s5500/render-last.png",
    "render_512": "/Users/dennisonbertram/Develop/flipbook-research/outputs/track-c/20260424T203025406720Z-c2-lite-glyph-static-layout-frame-scale-c42-frame-scale-014-edge09-freq10-train1536-cosine-1536x864-s5500/render-512.png",
    "crop_2x": "/Users/dennisonbertram/Develop/flipbook-research/outputs/track-c/20260424T203025406720Z-c2-lite-glyph-static-layout-frame-scale-c42-frame-scale-014-edge09-freq10-train1536-cosine-1536x864-s5500/crop-2x.png",
    "text_mask": "/Users/dennisonbertram/Develop/flipbook-research/outputs/track-c/20260424T203025406720Z-c2-lite-glyph-static-layout-frame-scale-c42-frame-scale-014-edge09-freq10-train1536-cosine-1536x864-s5500/text-mask.png",
    "element_alpha_mask": "/Users/dennisonbertram/Develop/flipbook-research/outputs/track-c/20260424T203025406720Z-c2-lite-glyph-static-layout-frame-scale-c42-frame-scale-014-edge09-freq10-train1536-cosine-1536x864-s5500/element-alpha-mask.png",
    "text_boxes": "/Users/dennisonbertram/Develop/flipbook-research/outputs/track-c/20260424T203025406720Z-c2-lite-glyph-static-layout-frame-scale-c42-frame-scale-014-edge09-freq10-train1536-cosine-1536x864-s5500/text-boxes.json",
    "output": "/Users/dennisonbertram/Develop/flipbook-research/outputs/track-c/20260424T203025406720Z-c2-lite-glyph-static-layout-frame-scale-c42-frame-scale-014-edge09-freq10-train1536-cosine-1536x864-s5500/output.mp4",
    "metrics": "/Users/dennisonbertram/Develop/flipbook-research/outputs/track-c/20260424T203025406720Z-c2-lite-glyph-static-layout-frame-scale-c42-frame-scale-014-edge09-freq10-train1536-cosine-1536x864-s5500/metrics.json",
    "quality": "/Users/dennisonbertram/Develop/flipbook-research/outputs/track-c/20260424T203025406720Z-c2-lite-glyph-static-layout-frame-scale-c42-frame-scale-014-edge09-freq10-train1536-cosine-1536x864-s5500/quality.json",
    "render_layout_mid": "/Users/dennisonbertram/Develop/flipbook-research/outputs/track-c/20260424T203025406720Z-c2-lite-glyph-static-layout-frame-scale-c42-frame-scale-014-edge09-freq10-train1536-cosine-1536x864-s5500/render-layout-mid.png"
  },
  "ocr_similarity": 0.5833333333333333,
  "layout_similarity": 0.9999513297060828,
  "motion_delta": 0.06047302484512329,
  "loop_error": 0.0011564617743715644,
  "status": "near_miss"
}
DONE 20260424T203025406720Z-c2-lite-glyph-static-layout-frame-scale-c42-frame-scale-014-edge09-freq10-train1536-cosine-1536x864-s5500 quality=0.5833 motion=0.0605
Stopping app - local entrypoint completed.
✓ App completed. View run at 
https://modal.com/apps/dennisonbertram/main/ap-8rs2F104b182Vz3CaKf6gP
