✓ Initialized. View run at 
https://modal.com/apps/dennisonbertram/main/ap-nzBdtdEttwmo8ixLkPIs13
✓ Created objects.
├── 🔨 Created mount 
│   /Users/dennisonbertram/Develop/flipbook-research/scripts/track_c/modal_canva
│   s_c2_lite.py
└── 🔨 Created function train_and_render_motion.
START 20260424T203024751979Z-c2-lite-glyph-static-layout-frame-scale-c42-frame-scale-014-edge09-freq10-train1536-clip1-seed1-1536x864-s5500 config={"batch_size": 131072, "channels": 16, "edge_loss_weight": 0.9, "edge_sample_ratio": 0.09, "element_anchor_mode": "line", "element_anchor_padding": 3, "element_mask_mode": "rectangle", "element_render_mode": "sequential", "element_scale_ratio": 0.25, "experiment_label": "c42-frame-scale-014-edge09-freq10-train1536-clip1-seed1", "flow_scale": 0.014, "fps": 24, "frames": 33, "freq_bands": 10, "grad_clip": 1.0, "hidden": 96, "layout_supersample": 1.0, "layout_transform_pan": 0.027, "layout_transform_strength": 0.14, "lr": 0.01, "lr_schedule": "constant", "min_lr_ratio": 0.1, "min_motion_delta": 0.04, "min_ocr_similarity": 0.62, "motion_mode": "static", "motion_strength": 0.0, "seed": 1, "source_resolution": [1280, 736], "steps": 5500, "text_box_loss_weight": 0.0, "text_box_min_conf": 55.0, "text_box_padding": 0, "text_box_sample_ratio": 0.0, "text_boxes": "0 boxes", "time_bands": 4, "train_resolution": "1536x864", "video_layout_mode": "frame-scale", "video_viewport_mode": "static", "viewport_pan": 0.0, "viewport_zoom": 0.0}
{
  "canvas_type": "time-conditioned-latent-feature-grid-learned-flow-mlp-glyph-weighted",
  "train_resolution": "1536x864",
  "steps": 5500,
  "batch_size": 131072,
  "channels": 16,
  "hidden": 96,
  "freq_bands": 10,
  "time_bands": 4,
  "lr": 0.01,
  "lr_schedule": "constant",
  "min_lr_ratio": 0.1,
  "grad_clip": 1.0,
  "seed": 1,
  "flow_scale": 0.014,
  "motion_mode": "static",
  "motion_strength": 0.0,
  "video_viewport_mode": "static",
  "viewport_zoom": 0.0,
  "viewport_pan": 0.0,
  "video_layout_mode": "frame-scale",
  "layout_transform_strength": 0.14,
  "layout_transform_pan": 0.027,
  "layout_supersample": 1.0,
  "element_scale_ratio": 0.25,
  "element_anchor_padding": 3,
  "element_mask_mode": "rectangle",
  "element_anchor_mode": "line",
  "element_render_mode": "sequential",
  "element_line_count": 0,
  "min_ocr_similarity": 0.62,
  "min_motion_delta": 0.04,
  "edge_sample_ratio": 0.09,
  "edge_loss_weight": 0.9,
  "text_box_sample_ratio": 0.0,
  "text_box_loss_weight": 0.0,
  "text_box_padding": 0,
  "text_box_count": 0,
  "text_mask_coverage": 0.0,
  "element_alpha_coverage": 0.0,
  "compile_ms": 45282.015318,
  "final_mse": 2.8265174478292465e-05,
  "losses": [
    {
      "step": 0,
      "mse": 0.21064215898513794
    },
    {
      "step": 275,
      "mse": 0.00043506751535460353
    },
    {
      "step": 550,
      "mse": 0.00014822371304035187
    },
    {
      "step": 825,
      "mse": 8.459891250822693e-05
    },
    {
      "step": 1100,
      "mse": 5.762371438322589e-05
    },
    {
      "step": 1375,
      "mse": 0.00010138709330931306
    },
    {
      "step": 1650,
      "mse": 4.639599865186028e-05
    },
    {
      "step": 1925,
      "mse": 2.4259608835563995e-05
    },
    {
      "step": 2200,
      "mse": 1.5106154933164362e-05
    },
    {
      "step": 2475,
      "mse": 3.290297172497958e-05
    },
    {
      "step": 2750,
      "mse": 2.3545740987174213e-05
    },
    {
      "step": 3025,
      "mse": 0.00021336015197448432
    },
    {
      "step": 3300,
      "mse": 1.4316294254967943e-05
    },
    {
      "step": 3575,
      "mse": 8.289380275527947e-06
    },
    {
      "step": 3850,
      "mse": 7.508883754780982e-06
    },
    {
      "step": 4125,
      "mse": 5.96214067627443e-06
    },
    {
      "step": 4400,
      "mse": 1.5972631445038132e-05
    },
    {
      "step": 4675,
      "mse": 3.643941818154417e-05
    },
    {
      "step": 4950,
      "mse": 4.5991005208634306e-06
    },
    {
      "step": 5225,
      "mse": 7.510987779824063e-05
    },
    {
      "step": 5499,
      "mse": 2.8265174478292465e-05
    }
  ],
  "render_times": {
    "render-960.png": 14.951889999998969,
    "render-mid.png": 9.437560000002065,
    "render-last.png": 9.416538000003527,
    "render-512.png": 2.6329310000008377,
    "crop-2x.png": 9.32793599999826,
    "render-layout-mid.png": 24.507257999999865
  },
  "render_960_ms": 14.951889999998969,
  "render_33_wall_ms": 305.64042700000016,
  "encode_ms": 260.1793319999999,
  "resize_consistency": 0.9999632011803697,
  "temporal_consistency": 0.9999996869263441,
  "motion_delta_model": 0.07654286175966263,
  "loop_error_model": 3.1307365588872926e-07,
  "description": "C2-lite neural canvas: learned time-conditioned motion field with glyph-weighted sampling/loss",
  "run_id": "20260424T203024751979Z-c2-lite-glyph-static-layout-frame-scale-c42-frame-scale-014-edge09-freq10-train1536-clip1-seed1-1536x864-s5500",
  "commit": "0b435e1",
  "track": "C",
  "width": 960,
  "height": 544,
  "frames": 33,
  "fps": 24,
  "artifacts": {
    "input": "/Users/dennisonbertram/Develop/flipbook-research/outputs/track-c/20260424T203024751979Z-c2-lite-glyph-static-layout-frame-scale-c42-frame-scale-014-edge09-freq10-train1536-clip1-seed1-1536x864-s5500/input.png",
    "render_960": "/Users/dennisonbertram/Develop/flipbook-research/outputs/track-c/20260424T203024751979Z-c2-lite-glyph-static-layout-frame-scale-c42-frame-scale-014-edge09-freq10-train1536-clip1-seed1-1536x864-s5500/render-960.png",
    "render_mid": "/Users/dennisonbertram/Develop/flipbook-research/outputs/track-c/20260424T203024751979Z-c2-lite-glyph-static-layout-frame-scale-c42-frame-scale-014-edge09-freq10-train1536-clip1-seed1-1536x864-s5500/render-mid.png",
    "render_last": "/Users/dennisonbertram/Develop/flipbook-research/outputs/track-c/20260424T203024751979Z-c2-lite-glyph-static-layout-frame-scale-c42-frame-scale-014-edge09-freq10-train1536-clip1-seed1-1536x864-s5500/render-last.png",
    "render_512": "/Users/dennisonbertram/Develop/flipbook-research/outputs/track-c/20260424T203024751979Z-c2-lite-glyph-static-layout-frame-scale-c42-frame-scale-014-edge09-freq10-train1536-clip1-seed1-1536x864-s5500/render-512.png",
    "crop_2x": "/Users/dennisonbertram/Develop/flipbook-research/outputs/track-c/20260424T203024751979Z-c2-lite-glyph-static-layout-frame-scale-c42-frame-scale-014-edge09-freq10-train1536-clip1-seed1-1536x864-s5500/crop-2x.png",
    "text_mask": "/Users/dennisonbertram/Develop/flipbook-research/outputs/track-c/20260424T203024751979Z-c2-lite-glyph-static-layout-frame-scale-c42-frame-scale-014-edge09-freq10-train1536-clip1-seed1-1536x864-s5500/text-mask.png",
    "element_alpha_mask": "/Users/dennisonbertram/Develop/flipbook-research/outputs/track-c/20260424T203024751979Z-c2-lite-glyph-static-layout-frame-scale-c42-frame-scale-014-edge09-freq10-train1536-clip1-seed1-1536x864-s5500/element-alpha-mask.png",
    "text_boxes": "/Users/dennisonbertram/Develop/flipbook-research/outputs/track-c/20260424T203024751979Z-c2-lite-glyph-static-layout-frame-scale-c42-frame-scale-014-edge09-freq10-train1536-clip1-seed1-1536x864-s5500/text-boxes.json",
    "output": "/Users/dennisonbertram/Develop/flipbook-research/outputs/track-c/20260424T203024751979Z-c2-lite-glyph-static-layout-frame-scale-c42-frame-scale-014-edge09-freq10-train1536-clip1-seed1-1536x864-s5500/output.mp4",
    "metrics": "/Users/dennisonbertram/Develop/flipbook-research/outputs/track-c/20260424T203024751979Z-c2-lite-glyph-static-layout-frame-scale-c42-frame-scale-014-edge09-freq10-train1536-clip1-seed1-1536x864-s5500/metrics.json",
    "quality": "/Users/dennisonbertram/Develop/flipbook-research/outputs/track-c/20260424T203024751979Z-c2-lite-glyph-static-layout-frame-scale-c42-frame-scale-014-edge09-freq10-train1536-clip1-seed1-1536x864-s5500/quality.json",
    "render_layout_mid": "/Users/dennisonbertram/Develop/flipbook-research/outputs/track-c/20260424T203024751979Z-c2-lite-glyph-static-layout-frame-scale-c42-frame-scale-014-edge09-freq10-train1536-clip1-seed1-1536x864-s5500/render-layout-mid.png"
  },
  "ocr_similarity": 0.6944444444444444,
  "layout_similarity": 0.9999632011803697,
  "motion_delta": 0.06008949130773544,
  "loop_error": 0.002441713586449623,
  "status": "pass"
}
DONE 20260424T203024751979Z-c2-lite-glyph-static-layout-frame-scale-c42-frame-scale-014-edge09-freq10-train1536-clip1-seed1-1536x864-s5500 quality=0.6944 motion=0.0601
Stopping app - local entrypoint completed.
✓ App completed. View run at 
https://modal.com/apps/dennisonbertram/main/ap-nzBdtdEttwmo8ixLkPIs13
