✓ Initialized. View run at 
https://modal.com/apps/dennisonbertram/main/ap-tKJwSdWO6csdSq5CeglY3Y
✓ Created objects.
├── 🔨 Created mount 
│   /Users/dennisonbertram/Develop/flipbook-research/scripts/track_c/modal_canva
│   s_c2_lite.py
└── 🔨 Created function train_and_render_motion.
START 20260424T203639958498Z-c2-lite-glyph-static-layout-frame-scale-c43-frame-scale-014-edge09-freq10-train1536-lr007-clip1-seed1-1536x864-s5500 config={"batch_size": 131072, "channels": 16, "edge_loss_weight": 0.9, "edge_sample_ratio": 0.09, "element_anchor_mode": "line", "element_anchor_padding": 3, "element_mask_mode": "rectangle", "element_render_mode": "sequential", "element_scale_ratio": 0.25, "experiment_label": "c43-frame-scale-014-edge09-freq10-train1536-lr007-clip1-seed1", "flow_scale": 0.014, "fps": 24, "frames": 33, "freq_bands": 10, "grad_clip": 1.0, "hidden": 96, "layout_supersample": 1.0, "layout_transform_pan": 0.027, "layout_transform_strength": 0.14, "lr": 0.007, "lr_schedule": "constant", "min_lr_ratio": 0.1, "min_motion_delta": 0.04, "min_ocr_similarity": 0.62, "motion_mode": "static", "motion_strength": 0.0, "seed": 1, "source_resolution": [1280, 736], "steps": 5500, "text_box_loss_weight": 0.0, "text_box_min_conf": 55.0, "text_box_padding": 0, "text_box_sample_ratio": 0.0, "text_boxes": "0 boxes", "time_bands": 4, "train_resolution": "1536x864", "video_layout_mode": "frame-scale", "video_viewport_mode": "static", "viewport_pan": 0.0, "viewport_zoom": 0.0}
{
  "canvas_type": "time-conditioned-latent-feature-grid-learned-flow-mlp-glyph-weighted",
  "train_resolution": "1536x864",
  "steps": 5500,
  "batch_size": 131072,
  "channels": 16,
  "hidden": 96,
  "freq_bands": 10,
  "time_bands": 4,
  "lr": 0.007,
  "lr_schedule": "constant",
  "min_lr_ratio": 0.1,
  "grad_clip": 1.0,
  "seed": 1,
  "flow_scale": 0.014,
  "motion_mode": "static",
  "motion_strength": 0.0,
  "video_viewport_mode": "static",
  "viewport_zoom": 0.0,
  "viewport_pan": 0.0,
  "video_layout_mode": "frame-scale",
  "layout_transform_strength": 0.14,
  "layout_transform_pan": 0.027,
  "layout_supersample": 1.0,
  "element_scale_ratio": 0.25,
  "element_anchor_padding": 3,
  "element_mask_mode": "rectangle",
  "element_anchor_mode": "line",
  "element_render_mode": "sequential",
  "element_line_count": 0,
  "min_ocr_similarity": 0.62,
  "min_motion_delta": 0.04,
  "edge_sample_ratio": 0.09,
  "edge_loss_weight": 0.9,
  "text_box_sample_ratio": 0.0,
  "text_box_loss_weight": 0.0,
  "text_box_padding": 0,
  "text_box_count": 0,
  "text_mask_coverage": 0.0,
  "element_alpha_coverage": 0.0,
  "compile_ms": 39963.118137,
  "final_mse": 5.7765601013670675e-06,
  "losses": [
    {
      "step": 0,
      "mse": 0.21063748002052307
    },
    {
      "step": 275,
      "mse": 0.0005599209107458591
    },
    {
      "step": 550,
      "mse": 0.00019345367036294192
    },
    {
      "step": 825,
      "mse": 0.00011537571117514744
    },
    {
      "step": 1100,
      "mse": 6.766137084923685e-05
    },
    {
      "step": 1375,
      "mse": 4.9562313506612554e-05
    },
    {
      "step": 1650,
      "mse": 6.408619810827076e-05
    },
    {
      "step": 1925,
      "mse": 5.654481356032193e-05
    },
    {
      "step": 2200,
      "mse": 3.678355278680101e-05
    },
    {
      "step": 2475,
      "mse": 3.451952215982601e-05
    },
    {
      "step": 2750,
      "mse": 2.7155521820532158e-05
    },
    {
      "step": 3025,
      "mse": 1.3575131561083253e-05
    },
    {
      "step": 3300,
      "mse": 2.8001419195788912e-05
    },
    {
      "step": 3575,
      "mse": 1.619555041543208e-05
    },
    {
      "step": 3850,
      "mse": 2.0198542188154534e-05
    },
    {
      "step": 4125,
      "mse": 1.6569774743402377e-05
    },
    {
      "step": 4400,
      "mse": 9.374736691825092e-06
    },
    {
      "step": 4675,
      "mse": 6.504244993266184e-06
    },
    {
      "step": 4950,
      "mse": 1.0180261597270146e-05
    },
    {
      "step": 5225,
      "mse": 5.201999556447845e-06
    },
    {
      "step": 5499,
      "mse": 5.7765601013670675e-06
    }
  ],
  "render_times": {
    "render-960.png": 12.932229999996991,
    "render-mid.png": 7.766875000001505,
    "render-last.png": 7.73764899999918,
    "render-512.png": 2.3440570000019534,
    "crop-2x.png": 7.644266999996319,
    "render-layout-mid.png": 21.529181999994762
  },
  "render_960_ms": 12.932229999996991,
  "render_33_wall_ms": 249.29776300000128,
  "encode_ms": 248.4304669999986,
  "resize_consistency": 0.999959171094238,
  "temporal_consistency": 0.9999996440550376,
  "motion_delta_model": 0.07703101634979248,
  "loop_error_model": 3.5594496239355067e-07,
  "description": "C2-lite neural canvas: learned time-conditioned motion field with glyph-weighted sampling/loss",
  "run_id": "20260424T203639958498Z-c2-lite-glyph-static-layout-frame-scale-c43-frame-scale-014-edge09-freq10-train1536-lr007-clip1-seed1-1536x864-s5500",
  "commit": "6a3ba1d",
  "track": "C",
  "width": 960,
  "height": 544,
  "frames": 33,
  "fps": 24,
  "artifacts": {
    "input": "/Users/dennisonbertram/Develop/flipbook-research/outputs/track-c/20260424T203639958498Z-c2-lite-glyph-static-layout-frame-scale-c43-frame-scale-014-edge09-freq10-train1536-lr007-clip1-seed1-1536x864-s5500/input.png",
    "render_960": "/Users/dennisonbertram/Develop/flipbook-research/outputs/track-c/20260424T203639958498Z-c2-lite-glyph-static-layout-frame-scale-c43-frame-scale-014-edge09-freq10-train1536-lr007-clip1-seed1-1536x864-s5500/render-960.png",
    "render_mid": "/Users/dennisonbertram/Develop/flipbook-research/outputs/track-c/20260424T203639958498Z-c2-lite-glyph-static-layout-frame-scale-c43-frame-scale-014-edge09-freq10-train1536-lr007-clip1-seed1-1536x864-s5500/render-mid.png",
    "render_last": "/Users/dennisonbertram/Develop/flipbook-research/outputs/track-c/20260424T203639958498Z-c2-lite-glyph-static-layout-frame-scale-c43-frame-scale-014-edge09-freq10-train1536-lr007-clip1-seed1-1536x864-s5500/render-last.png",
    "render_512": "/Users/dennisonbertram/Develop/flipbook-research/outputs/track-c/20260424T203639958498Z-c2-lite-glyph-static-layout-frame-scale-c43-frame-scale-014-edge09-freq10-train1536-lr007-clip1-seed1-1536x864-s5500/render-512.png",
    "crop_2x": "/Users/dennisonbertram/Develop/flipbook-research/outputs/track-c/20260424T203639958498Z-c2-lite-glyph-static-layout-frame-scale-c43-frame-scale-014-edge09-freq10-train1536-lr007-clip1-seed1-1536x864-s5500/crop-2x.png",
    "text_mask": "/Users/dennisonbertram/Develop/flipbook-research/outputs/track-c/20260424T203639958498Z-c2-lite-glyph-static-layout-frame-scale-c43-frame-scale-014-edge09-freq10-train1536-lr007-clip1-seed1-1536x864-s5500/text-mask.png",
    "element_alpha_mask": "/Users/dennisonbertram/Develop/flipbook-research/outputs/track-c/20260424T203639958498Z-c2-lite-glyph-static-layout-frame-scale-c43-frame-scale-014-edge09-freq10-train1536-lr007-clip1-seed1-1536x864-s5500/element-alpha-mask.png",
    "text_boxes": "/Users/dennisonbertram/Develop/flipbook-research/outputs/track-c/20260424T203639958498Z-c2-lite-glyph-static-layout-frame-scale-c43-frame-scale-014-edge09-freq10-train1536-lr007-clip1-seed1-1536x864-s5500/text-boxes.json",
    "output": "/Users/dennisonbertram/Develop/flipbook-research/outputs/track-c/20260424T203639958498Z-c2-lite-glyph-static-layout-frame-scale-c43-frame-scale-014-edge09-freq10-train1536-lr007-clip1-seed1-1536x864-s5500/output.mp4",
    "metrics": "/Users/dennisonbertram/Develop/flipbook-research/outputs/track-c/20260424T203639958498Z-c2-lite-glyph-static-layout-frame-scale-c43-frame-scale-014-edge09-freq10-train1536-lr007-clip1-seed1-1536x864-s5500/metrics.json",
    "quality": "/Users/dennisonbertram/Develop/flipbook-research/outputs/track-c/20260424T203639958498Z-c2-lite-glyph-static-layout-frame-scale-c43-frame-scale-014-edge09-freq10-train1536-lr007-clip1-seed1-1536x864-s5500/quality.json",
    "render_layout_mid": "/Users/dennisonbertram/Develop/flipbook-research/outputs/track-c/20260424T203639958498Z-c2-lite-glyph-static-layout-frame-scale-c43-frame-scale-014-edge09-freq10-train1536-lr007-clip1-seed1-1536x864-s5500/render-layout-mid.png"
  },
  "ocr_similarity": 0.5754716981132075,
  "layout_similarity": 0.999959171094238,
  "motion_delta": 0.059961456805467606,
  "loop_error": 0.0007511801086366177,
  "status": "near_miss"
}
DONE 20260424T203639958498Z-c2-lite-glyph-static-layout-frame-scale-c43-frame-scale-014-edge09-freq10-train1536-lr007-clip1-seed1-1536x864-s5500 quality=0.5755 motion=0.0600
Stopping app - local entrypoint completed.
✓ App completed. View run at 
https://modal.com/apps/dennisonbertram/main/ap-tKJwSdWO6csdSq5CeglY3Y
