✓ Initialized. View run at 
https://modal.com/apps/dennisonbertram/main/ap-inmLXvDmJozBJnmcUvFwBT
✓ Created objects.
├── 🔨 Created mount 
│   /Users/dennisonbertram/Develop/flipbook-research/scripts/track_c/modal_canva
│   s_c2_lite.py
└── 🔨 Created function train_and_render_motion.
START 20260424T203639905471Z-c2-lite-glyph-static-layout-frame-scale-c43-frame-scale-014-edge09-freq10-train1536-clip1-seed3-1536x864-s5500 config={"batch_size": 131072, "channels": 16, "edge_loss_weight": 0.9, "edge_sample_ratio": 0.09, "element_anchor_mode": "line", "element_anchor_padding": 3, "element_mask_mode": "rectangle", "element_render_mode": "sequential", "element_scale_ratio": 0.25, "experiment_label": "c43-frame-scale-014-edge09-freq10-train1536-clip1-seed3", "flow_scale": 0.014, "fps": 24, "frames": 33, "freq_bands": 10, "grad_clip": 1.0, "hidden": 96, "layout_supersample": 1.0, "layout_transform_pan": 0.027, "layout_transform_strength": 0.14, "lr": 0.01, "lr_schedule": "constant", "min_lr_ratio": 0.1, "min_motion_delta": 0.04, "min_ocr_similarity": 0.62, "motion_mode": "static", "motion_strength": 0.0, "seed": 3, "source_resolution": [1280, 736], "steps": 5500, "text_box_loss_weight": 0.0, "text_box_min_conf": 55.0, "text_box_padding": 0, "text_box_sample_ratio": 0.0, "text_boxes": "0 boxes", "time_bands": 4, "train_resolution": "1536x864", "video_layout_mode": "frame-scale", "video_viewport_mode": "static", "viewport_pan": 0.0, "viewport_zoom": 0.0}
{
  "canvas_type": "time-conditioned-latent-feature-grid-learned-flow-mlp-glyph-weighted",
  "train_resolution": "1536x864",
  "steps": 5500,
  "batch_size": 131072,
  "channels": 16,
  "hidden": 96,
  "freq_bands": 10,
  "time_bands": 4,
  "lr": 0.01,
  "lr_schedule": "constant",
  "min_lr_ratio": 0.1,
  "grad_clip": 1.0,
  "seed": 3,
  "flow_scale": 0.014,
  "motion_mode": "static",
  "motion_strength": 0.0,
  "video_viewport_mode": "static",
  "viewport_zoom": 0.0,
  "viewport_pan": 0.0,
  "video_layout_mode": "frame-scale",
  "layout_transform_strength": 0.14,
  "layout_transform_pan": 0.027,
  "layout_supersample": 1.0,
  "element_scale_ratio": 0.25,
  "element_anchor_padding": 3,
  "element_mask_mode": "rectangle",
  "element_anchor_mode": "line",
  "element_render_mode": "sequential",
  "element_line_count": 0,
  "min_ocr_similarity": 0.62,
  "min_motion_delta": 0.04,
  "edge_sample_ratio": 0.09,
  "edge_loss_weight": 0.9,
  "text_box_sample_ratio": 0.0,
  "text_box_loss_weight": 0.0,
  "text_box_padding": 0,
  "text_box_count": 0,
  "text_mask_coverage": 0.0,
  "element_alpha_coverage": 0.0,
  "compile_ms": 45239.72186400001,
  "final_mse": 0.002738408511504531,
  "losses": [
    {
      "step": 0,
      "mse": 0.22880087792873383
    },
    {
      "step": 275,
      "mse": 0.0004823223571293056
    },
    {
      "step": 550,
      "mse": 0.00013352249516174197
    },
    {
      "step": 825,
      "mse": 8.050826727412641e-05
    },
    {
      "step": 1100,
      "mse": 6.614784797420725e-05
    },
    {
      "step": 1375,
      "mse": 8.790867286734283e-05
    },
    {
      "step": 1650,
      "mse": 6.108223169576377e-05
    },
    {
      "step": 1925,
      "mse": 3.593855944927782e-05
    },
    {
      "step": 2200,
      "mse": 4.570211604004726e-05
    },
    {
      "step": 2475,
      "mse": 2.019194835156668e-05
    },
    {
      "step": 2750,
      "mse": 0.002557140775024891
    },
    {
      "step": 3025,
      "mse": 3.3743581298040226e-05
    },
    {
      "step": 3300,
      "mse": 1.5094744412635919e-05
    },
    {
      "step": 3575,
      "mse": 1.1484738024591934e-05
    },
    {
      "step": 3850,
      "mse": 3.447802737355232e-05
    },
    {
      "step": 4125,
      "mse": 3.692295285873115e-05
    },
    {
      "step": 4400,
      "mse": 4.118440301681403e-06
    },
    {
      "step": 4675,
      "mse": 4.191356310911942e-06
    },
    {
      "step": 4950,
      "mse": 1.9103405065834522e-05
    },
    {
      "step": 5225,
      "mse": 1.1614349205046892e-05
    },
    {
      "step": 5499,
      "mse": 0.002738408511504531
    }
  ],
  "render_times": {
    "render-960.png": 15.25916900000368,
    "render-mid.png": 9.677763999995648,
    "render-last.png": 9.697937000005652,
    "render-512.png": 2.8934239999998113,
    "crop-2x.png": 9.489387999998655,
    "render-layout-mid.png": 25.22704000000431
  },
  "render_960_ms": 15.25916900000368,
  "render_33_wall_ms": 305.3775619999968,
  "encode_ms": 257.9567900000015,
  "resize_consistency": 0.9996456468898212,
  "temporal_consistency": 0.9999988357971006,
  "motion_delta_model": 0.06809452921152115,
  "loop_error_model": 1.1642028994174325e-06,
  "description": "C2-lite neural canvas: learned time-conditioned motion field with glyph-weighted sampling/loss",
  "run_id": "20260424T203639905471Z-c2-lite-glyph-static-layout-frame-scale-c43-frame-scale-014-edge09-freq10-train1536-clip1-seed3-1536x864-s5500",
  "commit": "6a3ba1d",
  "track": "C",
  "width": 960,
  "height": 544,
  "frames": 33,
  "fps": 24,
  "artifacts": {
    "input": "/Users/dennisonbertram/Develop/flipbook-research/outputs/track-c/20260424T203639905471Z-c2-lite-glyph-static-layout-frame-scale-c43-frame-scale-014-edge09-freq10-train1536-clip1-seed3-1536x864-s5500/input.png",
    "render_960": "/Users/dennisonbertram/Develop/flipbook-research/outputs/track-c/20260424T203639905471Z-c2-lite-glyph-static-layout-frame-scale-c43-frame-scale-014-edge09-freq10-train1536-clip1-seed3-1536x864-s5500/render-960.png",
    "render_mid": "/Users/dennisonbertram/Develop/flipbook-research/outputs/track-c/20260424T203639905471Z-c2-lite-glyph-static-layout-frame-scale-c43-frame-scale-014-edge09-freq10-train1536-clip1-seed3-1536x864-s5500/render-mid.png",
    "render_last": "/Users/dennisonbertram/Develop/flipbook-research/outputs/track-c/20260424T203639905471Z-c2-lite-glyph-static-layout-frame-scale-c43-frame-scale-014-edge09-freq10-train1536-clip1-seed3-1536x864-s5500/render-last.png",
    "render_512": "/Users/dennisonbertram/Develop/flipbook-research/outputs/track-c/20260424T203639905471Z-c2-lite-glyph-static-layout-frame-scale-c43-frame-scale-014-edge09-freq10-train1536-clip1-seed3-1536x864-s5500/render-512.png",
    "crop_2x": "/Users/dennisonbertram/Develop/flipbook-research/outputs/track-c/20260424T203639905471Z-c2-lite-glyph-static-layout-frame-scale-c43-frame-scale-014-edge09-freq10-train1536-clip1-seed3-1536x864-s5500/crop-2x.png",
    "text_mask": "/Users/dennisonbertram/Develop/flipbook-research/outputs/track-c/20260424T203639905471Z-c2-lite-glyph-static-layout-frame-scale-c43-frame-scale-014-edge09-freq10-train1536-clip1-seed3-1536x864-s5500/text-mask.png",
    "element_alpha_mask": "/Users/dennisonbertram/Develop/flipbook-research/outputs/track-c/20260424T203639905471Z-c2-lite-glyph-static-layout-frame-scale-c43-frame-scale-014-edge09-freq10-train1536-clip1-seed3-1536x864-s5500/element-alpha-mask.png",
    "text_boxes": "/Users/dennisonbertram/Develop/flipbook-research/outputs/track-c/20260424T203639905471Z-c2-lite-glyph-static-layout-frame-scale-c43-frame-scale-014-edge09-freq10-train1536-clip1-seed3-1536x864-s5500/text-boxes.json",
    "output": "/Users/dennisonbertram/Develop/flipbook-research/outputs/track-c/20260424T203639905471Z-c2-lite-glyph-static-layout-frame-scale-c43-frame-scale-014-edge09-freq10-train1536-clip1-seed3-1536x864-s5500/output.mp4",
    "metrics": "/Users/dennisonbertram/Develop/flipbook-research/outputs/track-c/20260424T203639905471Z-c2-lite-glyph-static-layout-frame-scale-c43-frame-scale-014-edge09-freq10-train1536-clip1-seed3-1536x864-s5500/metrics.json",
    "quality": "/Users/dennisonbertram/Develop/flipbook-research/outputs/track-c/20260424T203639905471Z-c2-lite-glyph-static-layout-frame-scale-c43-frame-scale-014-edge09-freq10-train1536-clip1-seed3-1536x864-s5500/quality.json",
    "render_layout_mid": "/Users/dennisonbertram/Develop/flipbook-research/outputs/track-c/20260424T203639905471Z-c2-lite-glyph-static-layout-frame-scale-c43-frame-scale-014-edge09-freq10-train1536-clip1-seed3-1536x864-s5500/render-layout-mid.png"
  },
  "ocr_similarity": 0.35532994923857864,
  "layout_similarity": 0.9996456468898212,
  "motion_delta": 0.052372872829437256,
  "loop_error": 0.007123918272554874,
  "status": "near_miss"
}
DONE 20260424T203639905471Z-c2-lite-glyph-static-layout-frame-scale-c43-frame-scale-014-edge09-freq10-train1536-clip1-seed3-1536x864-s5500 quality=0.3553 motion=0.0524
Stopping app - local entrypoint completed.
✓ App completed. View run at 
https://modal.com/apps/dennisonbertram/main/ap-inmLXvDmJozBJnmcUvFwBT
