✓ Initialized. View run at 
https://modal.com/apps/dennisonbertram/main/ap-lD5x5q8iyOQXdKZFfmzIIz
✓ Created objects.
├── 🔨 Created mount 
│   /Users/dennisonbertram/Develop/flipbook-research/scripts/track_c/modal_canva
│   s_c2_lite.py
└── 🔨 Created function train_and_render_motion.
START 20260424T203639910964Z-c2-lite-glyph-static-layout-frame-scale-c43-frame-scale-014-edge09-freq10-train1536-clip05-seed1-1536x864-s5500 config={"batch_size": 131072, "channels": 16, "edge_loss_weight": 0.9, "edge_sample_ratio": 0.09, "element_anchor_mode": "line", "element_anchor_padding": 3, "element_mask_mode": "rectangle", "element_render_mode": "sequential", "element_scale_ratio": 0.25, "experiment_label": "c43-frame-scale-014-edge09-freq10-train1536-clip05-seed1", "flow_scale": 0.014, "fps": 24, "frames": 33, "freq_bands": 10, "grad_clip": 0.5, "hidden": 96, "layout_supersample": 1.0, "layout_transform_pan": 0.027, "layout_transform_strength": 0.14, "lr": 0.01, "lr_schedule": "constant", "min_lr_ratio": 0.1, "min_motion_delta": 0.04, "min_ocr_similarity": 0.62, "motion_mode": "static", "motion_strength": 0.0, "seed": 1, "source_resolution": [1280, 736], "steps": 5500, "text_box_loss_weight": 0.0, "text_box_min_conf": 55.0, "text_box_padding": 0, "text_box_sample_ratio": 0.0, "text_boxes": "0 boxes", "time_bands": 4, "train_resolution": "1536x864", "video_layout_mode": "frame-scale", "video_viewport_mode": "static", "viewport_pan": 0.0, "viewport_zoom": 0.0}
{
  "canvas_type": "time-conditioned-latent-feature-grid-learned-flow-mlp-glyph-weighted",
  "train_resolution": "1536x864",
  "steps": 5500,
  "batch_size": 131072,
  "channels": 16,
  "hidden": 96,
  "freq_bands": 10,
  "time_bands": 4,
  "lr": 0.01,
  "lr_schedule": "constant",
  "min_lr_ratio": 0.1,
  "grad_clip": 0.5,
  "seed": 1,
  "flow_scale": 0.014,
  "motion_mode": "static",
  "motion_strength": 0.0,
  "video_viewport_mode": "static",
  "viewport_zoom": 0.0,
  "viewport_pan": 0.0,
  "video_layout_mode": "frame-scale",
  "layout_transform_strength": 0.14,
  "layout_transform_pan": 0.027,
  "layout_supersample": 1.0,
  "element_scale_ratio": 0.25,
  "element_anchor_padding": 3,
  "element_mask_mode": "rectangle",
  "element_anchor_mode": "line",
  "element_render_mode": "sequential",
  "element_line_count": 0,
  "min_ocr_similarity": 0.62,
  "min_motion_delta": 0.04,
  "edge_sample_ratio": 0.09,
  "edge_loss_weight": 0.9,
  "text_box_sample_ratio": 0.0,
  "text_box_loss_weight": 0.0,
  "text_box_padding": 0,
  "text_box_count": 0,
  "text_mask_coverage": 0.0,
  "element_alpha_coverage": 0.0,
  "compile_ms": 45529.53067099999,
  "final_mse": 2.892720203817589e-06,
  "losses": [
    {
      "step": 0,
      "mse": 0.21064603328704834
    },
    {
      "step": 275,
      "mse": 0.0002846566494554281
    },
    {
      "step": 550,
      "mse": 0.0001021627540467307
    },
    {
      "step": 825,
      "mse": 8.814393368083984e-05
    },
    {
      "step": 1100,
      "mse": 8.452443580608815e-05
    },
    {
      "step": 1375,
      "mse": 5.687868906534277e-05
    },
    {
      "step": 1650,
      "mse": 2.68858639174141e-05
    },
    {
      "step": 1925,
      "mse": 1.4172849660099018e-05
    },
    {
      "step": 2200,
      "mse": 1.3629971363116056e-05
    },
    {
      "step": 2475,
      "mse": 1.8176986486651003e-05
    },
    {
      "step": 2750,
      "mse": 9.67217783909291e-06
    },
    {
      "step": 3025,
      "mse": 1.4459594240179285e-05
    },
    {
      "step": 3300,
      "mse": 3.658834611997008e-05
    },
    {
      "step": 3575,
      "mse": 4.215200897306204e-05
    },
    {
      "step": 3850,
      "mse": 2.1405081497505307e-05
    },
    {
      "step": 4125,
      "mse": 8.211518434109166e-06
    },
    {
      "step": 4400,
      "mse": 7.141636160667986e-06
    },
    {
      "step": 4675,
      "mse": 5.379677986638853e-06
    },
    {
      "step": 4950,
      "mse": 3.913225100404816e-06
    },
    {
      "step": 5225,
      "mse": 8.224716111726593e-06
    },
    {
      "step": 5499,
      "mse": 2.892720203817589e-06
    }
  ],
  "render_times": {
    "render-960.png": 73.51187699999429,
    "render-mid.png": 9.795166000003519,
    "render-last.png": 9.732304000003467,
    "render-512.png": 2.9421569999996677,
    "crop-2x.png": 9.504384000003085,
    "render-layout-mid.png": 54.83999600000544
  },
  "render_960_ms": 73.51187699999429,
  "render_33_wall_ms": 305.815305000003,
  "encode_ms": 540.4282360000038,
  "resize_consistency": 0.999960930269528,
  "temporal_consistency": 0.9999996828667861,
  "motion_delta_model": 0.0765286460518837,
  "loop_error_model": 3.1713321391180216e-07,
  "description": "C2-lite neural canvas: learned time-conditioned motion field with glyph-weighted sampling/loss",
  "run_id": "20260424T203639910964Z-c2-lite-glyph-static-layout-frame-scale-c43-frame-scale-014-edge09-freq10-train1536-clip05-seed1-1536x864-s5500",
  "commit": "6a3ba1d",
  "track": "C",
  "width": 960,
  "height": 544,
  "frames": 33,
  "fps": 24,
  "artifacts": {
    "input": "/Users/dennisonbertram/Develop/flipbook-research/outputs/track-c/20260424T203639910964Z-c2-lite-glyph-static-layout-frame-scale-c43-frame-scale-014-edge09-freq10-train1536-clip05-seed1-1536x864-s5500/input.png",
    "render_960": "/Users/dennisonbertram/Develop/flipbook-research/outputs/track-c/20260424T203639910964Z-c2-lite-glyph-static-layout-frame-scale-c43-frame-scale-014-edge09-freq10-train1536-clip05-seed1-1536x864-s5500/render-960.png",
    "render_mid": "/Users/dennisonbertram/Develop/flipbook-research/outputs/track-c/20260424T203639910964Z-c2-lite-glyph-static-layout-frame-scale-c43-frame-scale-014-edge09-freq10-train1536-clip05-seed1-1536x864-s5500/render-mid.png",
    "render_last": "/Users/dennisonbertram/Develop/flipbook-research/outputs/track-c/20260424T203639910964Z-c2-lite-glyph-static-layout-frame-scale-c43-frame-scale-014-edge09-freq10-train1536-clip05-seed1-1536x864-s5500/render-last.png",
    "render_512": "/Users/dennisonbertram/Develop/flipbook-research/outputs/track-c/20260424T203639910964Z-c2-lite-glyph-static-layout-frame-scale-c43-frame-scale-014-edge09-freq10-train1536-clip05-seed1-1536x864-s5500/render-512.png",
    "crop_2x": "/Users/dennisonbertram/Develop/flipbook-research/outputs/track-c/20260424T203639910964Z-c2-lite-glyph-static-layout-frame-scale-c43-frame-scale-014-edge09-freq10-train1536-clip05-seed1-1536x864-s5500/crop-2x.png",
    "text_mask": "/Users/dennisonbertram/Develop/flipbook-research/outputs/track-c/20260424T203639910964Z-c2-lite-glyph-static-layout-frame-scale-c43-frame-scale-014-edge09-freq10-train1536-clip05-seed1-1536x864-s5500/text-mask.png",
    "element_alpha_mask": "/Users/dennisonbertram/Develop/flipbook-research/outputs/track-c/20260424T203639910964Z-c2-lite-glyph-static-layout-frame-scale-c43-frame-scale-014-edge09-freq10-train1536-clip05-seed1-1536x864-s5500/element-alpha-mask.png",
    "text_boxes": "/Users/dennisonbertram/Develop/flipbook-research/outputs/track-c/20260424T203639910964Z-c2-lite-glyph-static-layout-frame-scale-c43-frame-scale-014-edge09-freq10-train1536-clip05-seed1-1536x864-s5500/text-boxes.json",
    "output": "/Users/dennisonbertram/Develop/flipbook-research/outputs/track-c/20260424T203639910964Z-c2-lite-glyph-static-layout-frame-scale-c43-frame-scale-014-edge09-freq10-train1536-clip05-seed1-1536x864-s5500/output.mp4",
    "metrics": "/Users/dennisonbertram/Develop/flipbook-research/outputs/track-c/20260424T203639910964Z-c2-lite-glyph-static-layout-frame-scale-c43-frame-scale-014-edge09-freq10-train1536-clip05-seed1-1536x864-s5500/metrics.json",
    "quality": "/Users/dennisonbertram/Develop/flipbook-research/outputs/track-c/20260424T203639910964Z-c2-lite-glyph-static-layout-frame-scale-c43-frame-scale-014-edge09-freq10-train1536-clip05-seed1-1536x864-s5500/quality.json",
    "render_layout_mid": "/Users/dennisonbertram/Develop/flipbook-research/outputs/track-c/20260424T203639910964Z-c2-lite-glyph-static-layout-frame-scale-c43-frame-scale-014-edge09-freq10-train1536-clip05-seed1-1536x864-s5500/render-layout-mid.png"
  },
  "ocr_similarity": 0.6912442396313364,
  "layout_similarity": 0.999960930269528,
  "motion_delta": 0.059927038848400116,
  "loop_error": 0.001205254578962922,
  "status": "pass"
}
DONE 20260424T203639910964Z-c2-lite-glyph-static-layout-frame-scale-c43-frame-scale-014-edge09-freq10-train1536-clip05-seed1-1536x864-s5500 quality=0.6912 motion=0.0599
Stopping app - local entrypoint completed.
✓ App completed. View run at 
https://modal.com/apps/dennisonbertram/main/ap-lD5x5q8iyOQXdKZFfmzIIz
