✓ Initialized. View run at 
https://modal.com/apps/dennisonbertram/main/ap-EXsnfvjKf0kCsRlFHYLJez
✓ Created objects.
├── 🔨 Created mount 
│   /Users/dennisonbertram/Develop/flipbook-research/scripts/track_c/modal_canva
│   s_c2_lite.py
└── 🔨 Created function train_and_render_motion.
START 20260424T203639915770Z-c2-lite-glyph-static-layout-frame-scale-c43-frame-scale-014-edge09-freq10-train1536-clip05-1536x864-s5500 config={"batch_size": 131072, "channels": 16, "edge_loss_weight": 0.9, "edge_sample_ratio": 0.09, "element_anchor_mode": "line", "element_anchor_padding": 3, "element_mask_mode": "rectangle", "element_render_mode": "sequential", "element_scale_ratio": 0.25, "experiment_label": "c43-frame-scale-014-edge09-freq10-train1536-clip05", "flow_scale": 0.014, "fps": 24, "frames": 33, "freq_bands": 10, "grad_clip": 0.5, "hidden": 96, "layout_supersample": 1.0, "layout_transform_pan": 0.027, "layout_transform_strength": 0.14, "lr": 0.01, "lr_schedule": "constant", "min_lr_ratio": 0.1, "min_motion_delta": 0.04, "min_ocr_similarity": 0.62, "motion_mode": "static", "motion_strength": 0.0, "seed": 0, "source_resolution": [1280, 736], "steps": 5500, "text_box_loss_weight": 0.0, "text_box_min_conf": 55.0, "text_box_padding": 0, "text_box_sample_ratio": 0.0, "text_boxes": "0 boxes", "time_bands": 4, "train_resolution": "1536x864", "video_layout_mode": "frame-scale", "video_viewport_mode": "static", "viewport_pan": 0.0, "viewport_zoom": 0.0}
{
  "canvas_type": "time-conditioned-latent-feature-grid-learned-flow-mlp-glyph-weighted",
  "train_resolution": "1536x864",
  "steps": 5500,
  "batch_size": 131072,
  "channels": 16,
  "hidden": 96,
  "freq_bands": 10,
  "time_bands": 4,
  "lr": 0.01,
  "lr_schedule": "constant",
  "min_lr_ratio": 0.1,
  "grad_clip": 0.5,
  "seed": 0,
  "flow_scale": 0.014,
  "motion_mode": "static",
  "motion_strength": 0.0,
  "video_viewport_mode": "static",
  "viewport_zoom": 0.0,
  "viewport_pan": 0.0,
  "video_layout_mode": "frame-scale",
  "layout_transform_strength": 0.14,
  "layout_transform_pan": 0.027,
  "layout_supersample": 1.0,
  "element_scale_ratio": 0.25,
  "element_anchor_padding": 3,
  "element_mask_mode": "rectangle",
  "element_anchor_mode": "line",
  "element_render_mode": "sequential",
  "element_line_count": 0,
  "min_ocr_similarity": 0.62,
  "min_motion_delta": 0.04,
  "edge_sample_ratio": 0.09,
  "edge_loss_weight": 0.9,
  "text_box_sample_ratio": 0.0,
  "text_box_loss_weight": 0.0,
  "text_box_padding": 0,
  "text_box_count": 0,
  "text_mask_coverage": 0.0,
  "element_alpha_coverage": 0.0,
  "compile_ms": 45218.635846,
  "final_mse": 8.71345582709182e-06,
  "losses": [
    {
      "step": 0,
      "mse": 0.22640874981880188
    },
    {
      "step": 275,
      "mse": 0.0007691426435485482
    },
    {
      "step": 550,
      "mse": 0.0002636649878695607
    },
    {
      "step": 825,
      "mse": 0.00012125326611567289
    },
    {
      "step": 1100,
      "mse": 5.867206346010789e-05
    },
    {
      "step": 1375,
      "mse": 5.9080106439068913e-05
    },
    {
      "step": 1650,
      "mse": 0.00010352754907216877
    },
    {
      "step": 1925,
      "mse": 2.6949323000735603e-05
    },
    {
      "step": 2200,
      "mse": 1.8384562281426042e-05
    },
    {
      "step": 2475,
      "mse": 0.00020587435574270785
    },
    {
      "step": 2750,
      "mse": 8.876528227119707e-06
    },
    {
      "step": 3025,
      "mse": 1.5371704648714513e-05
    },
    {
      "step": 3300,
      "mse": 7.99381268734578e-06
    },
    {
      "step": 3575,
      "mse": 1.2108852388337255e-05
    },
    {
      "step": 3850,
      "mse": 1.3067641702946275e-05
    },
    {
      "step": 4125,
      "mse": 8.653336408315226e-05
    },
    {
      "step": 4400,
      "mse": 1.8536909919930622e-05
    },
    {
      "step": 4675,
      "mse": 9.915243936120532e-06
    },
    {
      "step": 4950,
      "mse": 7.910858585091773e-06
    },
    {
      "step": 5225,
      "mse": 7.608975465700496e-06
    },
    {
      "step": 5499,
      "mse": 8.71345582709182e-06
    }
  ],
  "render_times": {
    "render-960.png": 19.48783899999995,
    "render-mid.png": 9.4378579999983,
    "render-last.png": 9.403917000000206,
    "render-512.png": 2.6309540000042375,
    "crop-2x.png": 9.31349000000381,
    "render-layout-mid.png": 23.265100999999788
  },
  "render_960_ms": 19.48783899999995,
  "render_33_wall_ms": 305.432047999993,
  "encode_ms": 260.8021810000025,
  "resize_consistency": 0.9999686255522848,
  "temporal_consistency": 0.999999583251622,
  "motion_delta_model": 0.07586812973022461,
  "loop_error_model": 4.1674837802929687e-07,
  "description": "C2-lite neural canvas: learned time-conditioned motion field with glyph-weighted sampling/loss",
  "run_id": "20260424T203639915770Z-c2-lite-glyph-static-layout-frame-scale-c43-frame-scale-014-edge09-freq10-train1536-clip05-1536x864-s5500",
  "commit": "6a3ba1d",
  "track": "C",
  "width": 960,
  "height": 544,
  "frames": 33,
  "fps": 24,
  "artifacts": {
    "input": "/Users/dennisonbertram/Develop/flipbook-research/outputs/track-c/20260424T203639915770Z-c2-lite-glyph-static-layout-frame-scale-c43-frame-scale-014-edge09-freq10-train1536-clip05-1536x864-s5500/input.png",
    "render_960": "/Users/dennisonbertram/Develop/flipbook-research/outputs/track-c/20260424T203639915770Z-c2-lite-glyph-static-layout-frame-scale-c43-frame-scale-014-edge09-freq10-train1536-clip05-1536x864-s5500/render-960.png",
    "render_mid": "/Users/dennisonbertram/Develop/flipbook-research/outputs/track-c/20260424T203639915770Z-c2-lite-glyph-static-layout-frame-scale-c43-frame-scale-014-edge09-freq10-train1536-clip05-1536x864-s5500/render-mid.png",
    "render_last": "/Users/dennisonbertram/Develop/flipbook-research/outputs/track-c/20260424T203639915770Z-c2-lite-glyph-static-layout-frame-scale-c43-frame-scale-014-edge09-freq10-train1536-clip05-1536x864-s5500/render-last.png",
    "render_512": "/Users/dennisonbertram/Develop/flipbook-research/outputs/track-c/20260424T203639915770Z-c2-lite-glyph-static-layout-frame-scale-c43-frame-scale-014-edge09-freq10-train1536-clip05-1536x864-s5500/render-512.png",
    "crop_2x": "/Users/dennisonbertram/Develop/flipbook-research/outputs/track-c/20260424T203639915770Z-c2-lite-glyph-static-layout-frame-scale-c43-frame-scale-014-edge09-freq10-train1536-clip05-1536x864-s5500/crop-2x.png",
    "text_mask": "/Users/dennisonbertram/Develop/flipbook-research/outputs/track-c/20260424T203639915770Z-c2-lite-glyph-static-layout-frame-scale-c43-frame-scale-014-edge09-freq10-train1536-clip05-1536x864-s5500/text-mask.png",
    "element_alpha_mask": "/Users/dennisonbertram/Develop/flipbook-research/outputs/track-c/20260424T203639915770Z-c2-lite-glyph-static-layout-frame-scale-c43-frame-scale-014-edge09-freq10-train1536-clip05-1536x864-s5500/element-alpha-mask.png",
    "text_boxes": "/Users/dennisonbertram/Develop/flipbook-research/outputs/track-c/20260424T203639915770Z-c2-lite-glyph-static-layout-frame-scale-c43-frame-scale-014-edge09-freq10-train1536-clip05-1536x864-s5500/text-boxes.json",
    "output": "/Users/dennisonbertram/Develop/flipbook-research/outputs/track-c/20260424T203639915770Z-c2-lite-glyph-static-layout-frame-scale-c43-frame-scale-014-edge09-freq10-train1536-clip05-1536x864-s5500/output.mp4",
    "metrics": "/Users/dennisonbertram/Develop/flipbook-research/outputs/track-c/20260424T203639915770Z-c2-lite-glyph-static-layout-frame-scale-c43-frame-scale-014-edge09-freq10-train1536-clip05-1536x864-s5500/metrics.json",
    "quality": "/Users/dennisonbertram/Develop/flipbook-research/outputs/track-c/20260424T203639915770Z-c2-lite-glyph-static-layout-frame-scale-c43-frame-scale-014-edge09-freq10-train1536-clip05-1536x864-s5500/quality.json",
    "render_layout_mid": "/Users/dennisonbertram/Develop/flipbook-research/outputs/track-c/20260424T203639915770Z-c2-lite-glyph-static-layout-frame-scale-c43-frame-scale-014-edge09-freq10-train1536-clip05-1536x864-s5500/render-layout-mid.png"
  },
  "ocr_similarity": 0.7281105990783412,
  "layout_similarity": 0.9999686255522848,
  "motion_delta": 0.05917093902826309,
  "loop_error": 0.000718651688657701,
  "status": "pass"
}
DONE 20260424T203639915770Z-c2-lite-glyph-static-layout-frame-scale-c43-frame-scale-014-edge09-freq10-train1536-clip05-1536x864-s5500 quality=0.7281 motion=0.0592
Stopping app - local entrypoint completed.
✓ App completed. View run at 
https://modal.com/apps/dennisonbertram/main/ap-EXsnfvjKf0kCsRlFHYLJez
