✓ Initialized. View run at 
https://modal.com/apps/dennisonbertram/main/ap-JlfUrbuIW3Sp76vnIyjvBL
✓ Created objects.
├── 🔨 Created mount 
│   /Users/dennisonbertram/Develop/flipbook-research/scripts/track_c/modal_canva
│   s_c2_lite.py
└── 🔨 Created function train_and_render_motion.
START 20260424T205231547391Z-c2-lite-glyph-static-layout-independent-regions-c44-regions-010-pan024-clip05-seed1-1536x864-s5500 config={"batch_size": 131072, "channels": 16, "edge_loss_weight": 0.9, "edge_sample_ratio": 0.09, "element_anchor_mode": "line", "element_anchor_padding": 3, "element_mask_mode": "rectangle", "element_render_mode": "sequential", "element_scale_ratio": 0.25, "experiment_label": "c44-regions-010-pan024-clip05-seed1", "flow_scale": 0.014, "fps": 24, "frames": 33, "freq_bands": 10, "grad_clip": 0.5, "hidden": 96, "layout_supersample": 1.0, "layout_transform_pan": 0.024, "layout_transform_strength": 0.1, "lr": 0.01, "lr_schedule": "constant", "min_lr_ratio": 0.1, "min_motion_delta": 0.04, "min_ocr_similarity": 0.56, "motion_mode": "static", "motion_strength": 0.0, "seed": 1, "source_resolution": [1280, 736], "steps": 5500, "text_box_loss_weight": 0.0, "text_box_min_conf": 55.0, "text_box_padding": 0, "text_box_sample_ratio": 0.0, "text_boxes": "0 boxes", "time_bands": 4, "train_resolution": "1536x864", "video_layout_mode": "independent-regions", "video_viewport_mode": "static", "viewport_pan": 0.0, "viewport_zoom": 0.0}
{
  "canvas_type": "time-conditioned-latent-feature-grid-learned-flow-mlp-glyph-weighted",
  "train_resolution": "1536x864",
  "steps": 5500,
  "batch_size": 131072,
  "channels": 16,
  "hidden": 96,
  "freq_bands": 10,
  "time_bands": 4,
  "lr": 0.01,
  "lr_schedule": "constant",
  "min_lr_ratio": 0.1,
  "grad_clip": 0.5,
  "seed": 1,
  "flow_scale": 0.014,
  "motion_mode": "static",
  "motion_strength": 0.0,
  "video_viewport_mode": "static",
  "viewport_zoom": 0.0,
  "viewport_pan": 0.0,
  "video_layout_mode": "independent-regions",
  "layout_transform_strength": 0.1,
  "layout_transform_pan": 0.024,
  "layout_supersample": 1.0,
  "layout_region_count": 5,
  "element_scale_ratio": 0.25,
  "element_anchor_padding": 3,
  "element_mask_mode": "rectangle",
  "element_anchor_mode": "line",
  "element_render_mode": "sequential",
  "element_line_count": 0,
  "min_ocr_similarity": 0.56,
  "min_motion_delta": 0.04,
  "edge_sample_ratio": 0.09,
  "edge_loss_weight": 0.9,
  "text_box_sample_ratio": 0.0,
  "text_box_loss_weight": 0.0,
  "text_box_padding": 0,
  "text_box_count": 0,
  "text_mask_coverage": 0.0,
  "element_alpha_coverage": 0.0,
  "compile_ms": 45302.687014,
  "final_mse": 2.9435679607558995e-05,
  "losses": [
    {
      "step": 0,
      "mse": 0.21064110100269318
    },
    {
      "step": 275,
      "mse": 0.00024038729316089302
    },
    {
      "step": 550,
      "mse": 0.00012507055362220854
    },
    {
      "step": 825,
      "mse": 0.00012014371168334037
    },
    {
      "step": 1100,
      "mse": 8.586137846577913e-05
    },
    {
      "step": 1375,
      "mse": 3.350598126417026e-05
    },
    {
      "step": 1650,
      "mse": 2.0165338355582207e-05
    },
    {
      "step": 1925,
      "mse": 1.582744880579412e-05
    },
    {
      "step": 2200,
      "mse": 7.311267108889297e-05
    },
    {
      "step": 2475,
      "mse": 1.0472322173882276e-05
    },
    {
      "step": 2750,
      "mse": 1.5421197531395592e-05
    },
    {
      "step": 3025,
      "mse": 1.5251454897224903e-05
    },
    {
      "step": 3300,
      "mse": 9.029019565787166e-06
    },
    {
      "step": 3575,
      "mse": 7.16773911335622e-06
    },
    {
      "step": 3850,
      "mse": 2.5625207854318433e-05
    },
    {
      "step": 4125,
      "mse": 7.176636700023664e-06
    },
    {
      "step": 4400,
      "mse": 1.6387355572078377e-05
    },
    {
      "step": 4675,
      "mse": 0.0019468504469841719
    },
    {
      "step": 4950,
      "mse": 8.45405666041188e-05
    },
    {
      "step": 5225,
      "mse": 5.03320770803839e-05
    },
    {
      "step": 5499,
      "mse": 2.9435679607558995e-05
    }
  ],
  "render_times": {
    "render-960.png": 15.521446000001049,
    "render-mid.png": 9.775642000001028,
    "render-last.png": 9.73856200000256,
    "render-512.png": 2.92918800000308,
    "crop-2x.png": 9.497967999998025,
    "render-layout-mid.png": 147.71617299999917
  },
  "render_960_ms": 15.521446000001049,
  "render_33_wall_ms": 386.7211120000036,
  "encode_ms": 248.2698529999965,
  "resize_consistency": 0.999957434908329,
  "temporal_consistency": 0.9999999621374798,
  "motion_delta_model": 0.05563465878367424,
  "loop_error_model": 3.7862520230191876e-08,
  "description": "C4.4 neural canvas: stable content with independent coarse regions moving on separate timelines",
  "run_id": "20260424T205231547391Z-c2-lite-glyph-static-layout-independent-regions-c44-regions-010-pan024-clip05-seed1-1536x864-s5500",
  "commit": "61c927a",
  "track": "C",
  "width": 960,
  "height": 544,
  "frames": 33,
  "fps": 24,
  "artifacts": {
    "input": "/Users/dennisonbertram/Develop/flipbook-research/outputs/track-c/20260424T205231547391Z-c2-lite-glyph-static-layout-independent-regions-c44-regions-010-pan024-clip05-seed1-1536x864-s5500/input.png",
    "render_960": "/Users/dennisonbertram/Develop/flipbook-research/outputs/track-c/20260424T205231547391Z-c2-lite-glyph-static-layout-independent-regions-c44-regions-010-pan024-clip05-seed1-1536x864-s5500/render-960.png",
    "render_mid": "/Users/dennisonbertram/Develop/flipbook-research/outputs/track-c/20260424T205231547391Z-c2-lite-glyph-static-layout-independent-regions-c44-regions-010-pan024-clip05-seed1-1536x864-s5500/render-mid.png",
    "render_last": "/Users/dennisonbertram/Develop/flipbook-research/outputs/track-c/20260424T205231547391Z-c2-lite-glyph-static-layout-independent-regions-c44-regions-010-pan024-clip05-seed1-1536x864-s5500/render-last.png",
    "render_512": "/Users/dennisonbertram/Develop/flipbook-research/outputs/track-c/20260424T205231547391Z-c2-lite-glyph-static-layout-independent-regions-c44-regions-010-pan024-clip05-seed1-1536x864-s5500/render-512.png",
    "crop_2x": "/Users/dennisonbertram/Develop/flipbook-research/outputs/track-c/20260424T205231547391Z-c2-lite-glyph-static-layout-independent-regions-c44-regions-010-pan024-clip05-seed1-1536x864-s5500/crop-2x.png",
    "text_mask": "/Users/dennisonbertram/Develop/flipbook-research/outputs/track-c/20260424T205231547391Z-c2-lite-glyph-static-layout-independent-regions-c44-regions-010-pan024-clip05-seed1-1536x864-s5500/text-mask.png",
    "element_alpha_mask": "/Users/dennisonbertram/Develop/flipbook-research/outputs/track-c/20260424T205231547391Z-c2-lite-glyph-static-layout-independent-regions-c44-regions-010-pan024-clip05-seed1-1536x864-s5500/element-alpha-mask.png",
    "text_boxes": "/Users/dennisonbertram/Develop/flipbook-research/outputs/track-c/20260424T205231547391Z-c2-lite-glyph-static-layout-independent-regions-c44-regions-010-pan024-clip05-seed1-1536x864-s5500/text-boxes.json",
    "output": "/Users/dennisonbertram/Develop/flipbook-research/outputs/track-c/20260424T205231547391Z-c2-lite-glyph-static-layout-independent-regions-c44-regions-010-pan024-clip05-seed1-1536x864-s5500/output.mp4",
    "metrics": "/Users/dennisonbertram/Develop/flipbook-research/outputs/track-c/20260424T205231547391Z-c2-lite-glyph-static-layout-independent-regions-c44-regions-010-pan024-clip05-seed1-1536x864-s5500/metrics.json",
    "quality": "/Users/dennisonbertram/Develop/flipbook-research/outputs/track-c/20260424T205231547391Z-c2-lite-glyph-static-layout-independent-regions-c44-regions-010-pan024-clip05-seed1-1536x864-s5500/quality.json",
    "render_layout_mid": "/Users/dennisonbertram/Develop/flipbook-research/outputs/track-c/20260424T205231547391Z-c2-lite-glyph-static-layout-independent-regions-c44-regions-010-pan024-clip05-seed1-1536x864-s5500/render-layout-mid.png"
  },
  "ocr_similarity": 0.5054945054945055,
  "layout_similarity": 0.999957434908329,
  "motion_delta": 0.03298478573560715,
  "loop_error": 0.002483887132257223,
  "status": "near_miss"
}
DONE 20260424T205231547391Z-c2-lite-glyph-static-layout-independent-regions-c44-regions-010-pan024-clip05-seed1-1536x864-s5500 quality=0.5055 motion=0.0330
Stopping app - local entrypoint completed.
✓ App completed. View run at 
https://modal.com/apps/dennisonbertram/main/ap-JlfUrbuIW3Sp76vnIyjvBL
