✓ Initialized. View run at 
https://modal.com/apps/dennisonbertram/main/ap-k8zIEMGHxvUrxMyJECcY7O
✓ Created objects.
├── 🔨 Created mount 
│   /Users/dennisonbertram/Develop/flipbook-research/scripts/track_c/modal_canva
│   s_c2_lite.py
└── 🔨 Created function train_and_render_motion.
START 20260424T205232202630Z-c2-lite-glyph-static-layout-independent-regions-c44-regions-010-pan024-clip1-1536x864-s5500 config={"batch_size": 131072, "channels": 16, "edge_loss_weight": 0.9, "edge_sample_ratio": 0.09, "element_anchor_mode": "line", "element_anchor_padding": 3, "element_mask_mode": "rectangle", "element_render_mode": "sequential", "element_scale_ratio": 0.25, "experiment_label": "c44-regions-010-pan024-clip1", "flow_scale": 0.014, "fps": 24, "frames": 33, "freq_bands": 10, "grad_clip": 1.0, "hidden": 96, "layout_supersample": 1.0, "layout_transform_pan": 0.024, "layout_transform_strength": 0.1, "lr": 0.01, "lr_schedule": "constant", "min_lr_ratio": 0.1, "min_motion_delta": 0.04, "min_ocr_similarity": 0.58, "motion_mode": "static", "motion_strength": 0.0, "seed": 0, "source_resolution": [1280, 736], "steps": 5500, "text_box_loss_weight": 0.0, "text_box_min_conf": 55.0, "text_box_padding": 0, "text_box_sample_ratio": 0.0, "text_boxes": "0 boxes", "time_bands": 4, "train_resolution": "1536x864", "video_layout_mode": "independent-regions", "video_viewport_mode": "static", "viewport_pan": 0.0, "viewport_zoom": 0.0}
{
  "canvas_type": "time-conditioned-latent-feature-grid-learned-flow-mlp-glyph-weighted",
  "train_resolution": "1536x864",
  "steps": 5500,
  "batch_size": 131072,
  "channels": 16,
  "hidden": 96,
  "freq_bands": 10,
  "time_bands": 4,
  "lr": 0.01,
  "lr_schedule": "constant",
  "min_lr_ratio": 0.1,
  "grad_clip": 1.0,
  "seed": 0,
  "flow_scale": 0.014,
  "motion_mode": "static",
  "motion_strength": 0.0,
  "video_viewport_mode": "static",
  "viewport_zoom": 0.0,
  "viewport_pan": 0.0,
  "video_layout_mode": "independent-regions",
  "layout_transform_strength": 0.1,
  "layout_transform_pan": 0.024,
  "layout_supersample": 1.0,
  "layout_region_count": 5,
  "element_scale_ratio": 0.25,
  "element_anchor_padding": 3,
  "element_mask_mode": "rectangle",
  "element_anchor_mode": "line",
  "element_render_mode": "sequential",
  "element_line_count": 0,
  "min_ocr_similarity": 0.58,
  "min_motion_delta": 0.04,
  "edge_sample_ratio": 0.09,
  "edge_loss_weight": 0.9,
  "text_box_sample_ratio": 0.0,
  "text_box_loss_weight": 0.0,
  "text_box_padding": 0,
  "text_box_count": 0,
  "text_mask_coverage": 0.0,
  "element_alpha_coverage": 0.0,
  "compile_ms": 45320.969666000005,
  "final_mse": 8.015554158191662e-06,
  "losses": [
    {
      "step": 0,
      "mse": 0.2264149934053421
    },
    {
      "step": 275,
      "mse": 0.0004932541633024812
    },
    {
      "step": 550,
      "mse": 0.00016677728854119778
    },
    {
      "step": 825,
      "mse": 0.0002882898261304945
    },
    {
      "step": 1100,
      "mse": 8.800668001640588e-05
    },
    {
      "step": 1375,
      "mse": 5.757014514529146e-05
    },
    {
      "step": 1650,
      "mse": 9.267388668376952e-05
    },
    {
      "step": 1925,
      "mse": 8.344090747414157e-05
    },
    {
      "step": 2200,
      "mse": 1.4659558473795187e-05
    },
    {
      "step": 2475,
      "mse": 1.4266192920331378e-05
    },
    {
      "step": 2750,
      "mse": 1.7319354810751975e-05
    },
    {
      "step": 3025,
      "mse": 5.053805580246262e-05
    },
    {
      "step": 3300,
      "mse": 1.965715091500897e-05
    },
    {
      "step": 3575,
      "mse": 1.7131093045463786e-05
    },
    {
      "step": 3850,
      "mse": 1.2780843462678604e-05
    },
    {
      "step": 4125,
      "mse": 2.6878609787672758e-05
    },
    {
      "step": 4400,
      "mse": 7.812486728653312e-06
    },
    {
      "step": 4675,
      "mse": 3.852019290206954e-06
    },
    {
      "step": 4950,
      "mse": 0.00012852263171225786
    },
    {
      "step": 5225,
      "mse": 1.2820471965824254e-05
    },
    {
      "step": 5499,
      "mse": 8.015554158191662e-06
    }
  ],
  "render_times": {
    "render-960.png": 15.606847000000812,
    "render-mid.png": 9.476292999998748,
    "render-last.png": 9.598442999994461,
    "render-512.png": 3.0284329999972215,
    "crop-2x.png": 9.571010000001934,
    "render-layout-mid.png": 176.3283139999956
  },
  "render_960_ms": 15.606847000000812,
  "render_33_wall_ms": 359.12278600000036,
  "encode_ms": 325.76795500000344,
  "resize_consistency": 0.999963227136004,
  "temporal_consistency": 0.9999999521076113,
  "motion_delta_model": 0.055512793362140656,
  "loop_error_model": 4.789238872149326e-08,
  "description": "C4.4 neural canvas: stable content with independent coarse regions moving on separate timelines",
  "run_id": "20260424T205232202630Z-c2-lite-glyph-static-layout-independent-regions-c44-regions-010-pan024-clip1-1536x864-s5500",
  "commit": "61c927a",
  "track": "C",
  "width": 960,
  "height": 544,
  "frames": 33,
  "fps": 24,
  "artifacts": {
    "input": "/Users/dennisonbertram/Develop/flipbook-research/outputs/track-c/20260424T205232202630Z-c2-lite-glyph-static-layout-independent-regions-c44-regions-010-pan024-clip1-1536x864-s5500/input.png",
    "render_960": "/Users/dennisonbertram/Develop/flipbook-research/outputs/track-c/20260424T205232202630Z-c2-lite-glyph-static-layout-independent-regions-c44-regions-010-pan024-clip1-1536x864-s5500/render-960.png",
    "render_mid": "/Users/dennisonbertram/Develop/flipbook-research/outputs/track-c/20260424T205232202630Z-c2-lite-glyph-static-layout-independent-regions-c44-regions-010-pan024-clip1-1536x864-s5500/render-mid.png",
    "render_last": "/Users/dennisonbertram/Develop/flipbook-research/outputs/track-c/20260424T205232202630Z-c2-lite-glyph-static-layout-independent-regions-c44-regions-010-pan024-clip1-1536x864-s5500/render-last.png",
    "render_512": "/Users/dennisonbertram/Develop/flipbook-research/outputs/track-c/20260424T205232202630Z-c2-lite-glyph-static-layout-independent-regions-c44-regions-010-pan024-clip1-1536x864-s5500/render-512.png",
    "crop_2x": "/Users/dennisonbertram/Develop/flipbook-research/outputs/track-c/20260424T205232202630Z-c2-lite-glyph-static-layout-independent-regions-c44-regions-010-pan024-clip1-1536x864-s5500/crop-2x.png",
    "text_mask": "/Users/dennisonbertram/Develop/flipbook-research/outputs/track-c/20260424T205232202630Z-c2-lite-glyph-static-layout-independent-regions-c44-regions-010-pan024-clip1-1536x864-s5500/text-mask.png",
    "element_alpha_mask": "/Users/dennisonbertram/Develop/flipbook-research/outputs/track-c/20260424T205232202630Z-c2-lite-glyph-static-layout-independent-regions-c44-regions-010-pan024-clip1-1536x864-s5500/element-alpha-mask.png",
    "text_boxes": "/Users/dennisonbertram/Develop/flipbook-research/outputs/track-c/20260424T205232202630Z-c2-lite-glyph-static-layout-independent-regions-c44-regions-010-pan024-clip1-1536x864-s5500/text-boxes.json",
    "output": "/Users/dennisonbertram/Develop/flipbook-research/outputs/track-c/20260424T205232202630Z-c2-lite-glyph-static-layout-independent-regions-c44-regions-010-pan024-clip1-1536x864-s5500/output.mp4",
    "metrics": "/Users/dennisonbertram/Develop/flipbook-research/outputs/track-c/20260424T205232202630Z-c2-lite-glyph-static-layout-independent-regions-c44-regions-010-pan024-clip1-1536x864-s5500/metrics.json",
    "quality": "/Users/dennisonbertram/Develop/flipbook-research/outputs/track-c/20260424T205232202630Z-c2-lite-glyph-static-layout-independent-regions-c44-regions-010-pan024-clip1-1536x864-s5500/quality.json",
    "render_layout_mid": "/Users/dennisonbertram/Develop/flipbook-research/outputs/track-c/20260424T205232202630Z-c2-lite-glyph-static-layout-independent-regions-c44-regions-010-pan024-clip1-1536x864-s5500/render-layout-mid.png"
  },
  "ocr_similarity": 0.4606741573033708,
  "layout_similarity": 0.999963227136004,
  "motion_delta": 0.03314289078116417,
  "loop_error": 0.0013764071045443416,
  "status": "near_miss"
}
DONE 20260424T205232202630Z-c2-lite-glyph-static-layout-independent-regions-c44-regions-010-pan024-clip1-1536x864-s5500 quality=0.4607 motion=0.0331
Stopping app - local entrypoint completed.
✓ App completed. View run at 
https://modal.com/apps/dennisonbertram/main/ap-k8zIEMGHxvUrxMyJECcY7O
