✓ Initialized. View run at 
https://modal.com/apps/dennisonbertram/main/ap-bwkZZWAqWDzhbyFFma8Bzn
✓ Created objects.
├── 🔨 Created mount 
│   /Users/dennisonbertram/Develop/flipbook-research/scripts/track_c/modal_canva
│   s_c2_lite.py
└── 🔨 Created function train_and_render_motion.
START 20260424T205231702725Z-c2-lite-glyph-static-layout-independent-regions-c44-regions-016-pan036-clip05-1536x864-s5500 config={"batch_size": 131072, "channels": 16, "edge_loss_weight": 0.9, "edge_sample_ratio": 0.09, "element_anchor_mode": "line", "element_anchor_padding": 3, "element_mask_mode": "rectangle", "element_render_mode": "sequential", "element_scale_ratio": 0.25, "experiment_label": "c44-regions-016-pan036-clip05", "flow_scale": 0.014, "fps": 24, "frames": 33, "freq_bands": 10, "grad_clip": 0.5, "hidden": 96, "layout_supersample": 1.0, "layout_transform_pan": 0.036, "layout_transform_strength": 0.16, "lr": 0.01, "lr_schedule": "constant", "min_lr_ratio": 0.1, "min_motion_delta": 0.045, "min_ocr_similarity": 0.42, "motion_mode": "static", "motion_strength": 0.0, "seed": 0, "source_resolution": [1280, 736], "steps": 5500, "text_box_loss_weight": 0.0, "text_box_min_conf": 55.0, "text_box_padding": 0, "text_box_sample_ratio": 0.0, "text_boxes": "0 boxes", "time_bands": 4, "train_resolution": "1536x864", "video_layout_mode": "independent-regions", "video_viewport_mode": "static", "viewport_pan": 0.0, "viewport_zoom": 0.0}
{
  "canvas_type": "time-conditioned-latent-feature-grid-learned-flow-mlp-glyph-weighted",
  "train_resolution": "1536x864",
  "steps": 5500,
  "batch_size": 131072,
  "channels": 16,
  "hidden": 96,
  "freq_bands": 10,
  "time_bands": 4,
  "lr": 0.01,
  "lr_schedule": "constant",
  "min_lr_ratio": 0.1,
  "grad_clip": 0.5,
  "seed": 0,
  "flow_scale": 0.014,
  "motion_mode": "static",
  "motion_strength": 0.0,
  "video_viewport_mode": "static",
  "viewport_zoom": 0.0,
  "viewport_pan": 0.0,
  "video_layout_mode": "independent-regions",
  "layout_transform_strength": 0.16,
  "layout_transform_pan": 0.036,
  "layout_supersample": 1.0,
  "layout_region_count": 5,
  "element_scale_ratio": 0.25,
  "element_anchor_padding": 3,
  "element_mask_mode": "rectangle",
  "element_anchor_mode": "line",
  "element_render_mode": "sequential",
  "element_line_count": 0,
  "min_ocr_similarity": 0.42,
  "min_motion_delta": 0.045,
  "edge_sample_ratio": 0.09,
  "edge_loss_weight": 0.9,
  "text_box_sample_ratio": 0.0,
  "text_box_loss_weight": 0.0,
  "text_box_padding": 0,
  "text_box_count": 0,
  "text_mask_coverage": 0.0,
  "element_alpha_coverage": 0.0,
  "compile_ms": 45262.186389,
  "final_mse": 0.0002654169511515647,
  "losses": [
    {
      "step": 0,
      "mse": 0.22641097009181976
    },
    {
      "step": 275,
      "mse": 0.0005179665749892592
    },
    {
      "step": 550,
      "mse": 0.00016631014295853674
    },
    {
      "step": 825,
      "mse": 0.00012587349920067936
    },
    {
      "step": 1100,
      "mse": 5.145700561115518e-05
    },
    {
      "step": 1375,
      "mse": 4.673507282859646e-05
    },
    {
      "step": 1650,
      "mse": 9.070517990039662e-05
    },
    {
      "step": 1925,
      "mse": 3.936701250495389e-05
    },
    {
      "step": 2200,
      "mse": 2.027623304456938e-05
    },
    {
      "step": 2475,
      "mse": 4.1538522054906934e-05
    },
    {
      "step": 2750,
      "mse": 8.689507012604736e-06
    },
    {
      "step": 3025,
      "mse": 5.150063952896744e-05
    },
    {
      "step": 3300,
      "mse": 0.000684392754919827
    },
    {
      "step": 3575,
      "mse": 4.100859223399311e-05
    },
    {
      "step": 3850,
      "mse": 1.86660181498155e-05
    },
    {
      "step": 4125,
      "mse": 2.5131947040790692e-05
    },
    {
      "step": 4400,
      "mse": 1.5644493032596074e-05
    },
    {
      "step": 4675,
      "mse": 9.048037100001238e-06
    },
    {
      "step": 4950,
      "mse": 7.636375812580809e-06
    },
    {
      "step": 5225,
      "mse": 1.0245870726066642e-05
    },
    {
      "step": 5499,
      "mse": 0.0002654169511515647
    }
  ],
  "render_times": {
    "render-960.png": 48.00974300000149,
    "render-mid.png": 9.634253999998066,
    "render-last.png": 9.648814000001948,
    "render-512.png": 2.7606390000016745,
    "crop-2x.png": 9.388671000003512,
    "render-layout-mid.png": 170.5249719999955
  },
  "render_960_ms": 48.00974300000149,
  "render_33_wall_ms": 358.3744419999988,
  "encode_ms": 481.76828500000113,
  "resize_consistency": 0.9999656285729971,
  "temporal_consistency": 0.9999999524804899,
  "motion_delta_model": 0.056274157017469406,
  "loop_error_model": 4.7519510104621077e-08,
  "description": "C4.4 neural canvas: stable content with independent coarse regions moving on separate timelines",
  "run_id": "20260424T205231702725Z-c2-lite-glyph-static-layout-independent-regions-c44-regions-016-pan036-clip05-1536x864-s5500",
  "commit": "61c927a",
  "track": "C",
  "width": 960,
  "height": 544,
  "frames": 33,
  "fps": 24,
  "artifacts": {
    "input": "/Users/dennisonbertram/Develop/flipbook-research/outputs/track-c/20260424T205231702725Z-c2-lite-glyph-static-layout-independent-regions-c44-regions-016-pan036-clip05-1536x864-s5500/input.png",
    "render_960": "/Users/dennisonbertram/Develop/flipbook-research/outputs/track-c/20260424T205231702725Z-c2-lite-glyph-static-layout-independent-regions-c44-regions-016-pan036-clip05-1536x864-s5500/render-960.png",
    "render_mid": "/Users/dennisonbertram/Develop/flipbook-research/outputs/track-c/20260424T205231702725Z-c2-lite-glyph-static-layout-independent-regions-c44-regions-016-pan036-clip05-1536x864-s5500/render-mid.png",
    "render_last": "/Users/dennisonbertram/Develop/flipbook-research/outputs/track-c/20260424T205231702725Z-c2-lite-glyph-static-layout-independent-regions-c44-regions-016-pan036-clip05-1536x864-s5500/render-last.png",
    "render_512": "/Users/dennisonbertram/Develop/flipbook-research/outputs/track-c/20260424T205231702725Z-c2-lite-glyph-static-layout-independent-regions-c44-regions-016-pan036-clip05-1536x864-s5500/render-512.png",
    "crop_2x": "/Users/dennisonbertram/Develop/flipbook-research/outputs/track-c/20260424T205231702725Z-c2-lite-glyph-static-layout-independent-regions-c44-regions-016-pan036-clip05-1536x864-s5500/crop-2x.png",
    "text_mask": "/Users/dennisonbertram/Develop/flipbook-research/outputs/track-c/20260424T205231702725Z-c2-lite-glyph-static-layout-independent-regions-c44-regions-016-pan036-clip05-1536x864-s5500/text-mask.png",
    "element_alpha_mask": "/Users/dennisonbertram/Develop/flipbook-research/outputs/track-c/20260424T205231702725Z-c2-lite-glyph-static-layout-independent-regions-c44-regions-016-pan036-clip05-1536x864-s5500/element-alpha-mask.png",
    "text_boxes": "/Users/dennisonbertram/Develop/flipbook-research/outputs/track-c/20260424T205231702725Z-c2-lite-glyph-static-layout-independent-regions-c44-regions-016-pan036-clip05-1536x864-s5500/text-boxes.json",
    "output": "/Users/dennisonbertram/Develop/flipbook-research/outputs/track-c/20260424T205231702725Z-c2-lite-glyph-static-layout-independent-regions-c44-regions-016-pan036-clip05-1536x864-s5500/output.mp4",
    "metrics": "/Users/dennisonbertram/Develop/flipbook-research/outputs/track-c/20260424T205231702725Z-c2-lite-glyph-static-layout-independent-regions-c44-regions-016-pan036-clip05-1536x864-s5500/metrics.json",
    "quality": "/Users/dennisonbertram/Develop/flipbook-research/outputs/track-c/20260424T205231702725Z-c2-lite-glyph-static-layout-independent-regions-c44-regions-016-pan036-clip05-1536x864-s5500/quality.json",
    "render_layout_mid": "/Users/dennisonbertram/Develop/flipbook-research/outputs/track-c/20260424T205231702725Z-c2-lite-glyph-static-layout-independent-regions-c44-regions-016-pan036-clip05-1536x864-s5500/render-layout-mid.png"
  },
  "ocr_similarity": 0.4025157232704402,
  "layout_similarity": 0.9999656285729971,
  "motion_delta": 0.03815208002924919,
  "loop_error": 0.0014346556272357702,
  "status": "near_miss"
}
DONE 20260424T205231702725Z-c2-lite-glyph-static-layout-independent-regions-c44-regions-016-pan036-clip05-1536x864-s5500 quality=0.4025 motion=0.0382
Stopping app - local entrypoint completed.
✓ App completed. View run at 
https://modal.com/apps/dennisonbertram/main/ap-bwkZZWAqWDzhbyFFma8Bzn
