✓ Initialized. View run at 
https://modal.com/apps/dennisonbertram/main/ap-Qo8IhZAiVwsxdPkfenW9mA
✓ Created objects.
├── 🔨 Created mount 
│   /Users/dennisonbertram/Develop/flipbook-research/scripts/track_c/modal_canva
│   s_c2_lite.py
└── 🔨 Created function train_and_render_motion.
START 20260424T205231919086Z-c2-lite-glyph-static-layout-independent-regions-c44-regions-010-pan024-clip05-seed2-1536x864-s5500 config={"batch_size": 131072, "channels": 16, "edge_loss_weight": 0.9, "edge_sample_ratio": 0.09, "element_anchor_mode": "line", "element_anchor_padding": 3, "element_mask_mode": "rectangle", "element_render_mode": "sequential", "element_scale_ratio": 0.25, "experiment_label": "c44-regions-010-pan024-clip05-seed2", "flow_scale": 0.014, "fps": 24, "frames": 33, "freq_bands": 10, "grad_clip": 0.5, "hidden": 96, "layout_supersample": 1.0, "layout_transform_pan": 0.024, "layout_transform_strength": 0.1, "lr": 0.01, "lr_schedule": "constant", "min_lr_ratio": 0.1, "min_motion_delta": 0.04, "min_ocr_similarity": 0.56, "motion_mode": "static", "motion_strength": 0.0, "seed": 2, "source_resolution": [1280, 736], "steps": 5500, "text_box_loss_weight": 0.0, "text_box_min_conf": 55.0, "text_box_padding": 0, "text_box_sample_ratio": 0.0, "text_boxes": "0 boxes", "time_bands": 4, "train_resolution": "1536x864", "video_layout_mode": "independent-regions", "video_viewport_mode": "static", "viewport_pan": 0.0, "viewport_zoom": 0.0}
{
  "canvas_type": "time-conditioned-latent-feature-grid-learned-flow-mlp-glyph-weighted",
  "train_resolution": "1536x864",
  "steps": 5500,
  "batch_size": 131072,
  "channels": 16,
  "hidden": 96,
  "freq_bands": 10,
  "time_bands": 4,
  "lr": 0.01,
  "lr_schedule": "constant",
  "min_lr_ratio": 0.1,
  "grad_clip": 0.5,
  "seed": 2,
  "flow_scale": 0.014,
  "motion_mode": "static",
  "motion_strength": 0.0,
  "video_viewport_mode": "static",
  "viewport_zoom": 0.0,
  "viewport_pan": 0.0,
  "video_layout_mode": "independent-regions",
  "layout_transform_strength": 0.1,
  "layout_transform_pan": 0.024,
  "layout_supersample": 1.0,
  "layout_region_count": 5,
  "element_scale_ratio": 0.25,
  "element_anchor_padding": 3,
  "element_mask_mode": "rectangle",
  "element_anchor_mode": "line",
  "element_render_mode": "sequential",
  "element_line_count": 0,
  "min_ocr_similarity": 0.56,
  "min_motion_delta": 0.04,
  "edge_sample_ratio": 0.09,
  "edge_loss_weight": 0.9,
  "text_box_sample_ratio": 0.0,
  "text_box_loss_weight": 0.0,
  "text_box_padding": 0,
  "text_box_count": 0,
  "text_mask_coverage": 0.0,
  "element_alpha_coverage": 0.0,
  "compile_ms": 45288.38645499999,
  "final_mse": 7.667144927836489e-06,
  "losses": [
    {
      "step": 0,
      "mse": 0.22599272429943085
    },
    {
      "step": 275,
      "mse": 0.0003427390183787793
    },
    {
      "step": 550,
      "mse": 0.00015211140271276236
    },
    {
      "step": 825,
      "mse": 0.00012910075020045042
    },
    {
      "step": 1100,
      "mse": 0.0002799529756885022
    },
    {
      "step": 1375,
      "mse": 6.272403697948903e-05
    },
    {
      "step": 1650,
      "mse": 3.410146746318787e-05
    },
    {
      "step": 1925,
      "mse": 2.376921838731505e-05
    },
    {
      "step": 2200,
      "mse": 5.4741565691074356e-05
    },
    {
      "step": 2475,
      "mse": 1.4535188711306546e-05
    },
    {
      "step": 2750,
      "mse": 3.990366531070322e-05
    },
    {
      "step": 3025,
      "mse": 0.0015262385131791234
    },
    {
      "step": 3300,
      "mse": 3.306510916445404e-05
    },
    {
      "step": 3575,
      "mse": 1.6273415894829668e-05
    },
    {
      "step": 3850,
      "mse": 1.3622346159536391e-05
    },
    {
      "step": 4125,
      "mse": 1.2240698197274469e-05
    },
    {
      "step": 4400,
      "mse": 1.0536521585891023e-05
    },
    {
      "step": 4675,
      "mse": 2.8306561944191344e-05
    },
    {
      "step": 4950,
      "mse": 1.0600975656416267e-05
    },
    {
      "step": 5225,
      "mse": 1.092302227334585e-05
    },
    {
      "step": 5499,
      "mse": 7.667144927836489e-06
    }
  ],
  "render_times": {
    "render-960.png": 15.194970999999668,
    "render-mid.png": 9.507583999997848,
    "render-last.png": 9.503619999996715,
    "render-512.png": 2.6683980000044016,
    "crop-2x.png": 9.3340270000013,
    "render-layout-mid.png": 124.04555100000181
  },
  "render_960_ms": 15.194970999999668,
  "render_33_wall_ms": 362.0957430000047,
  "encode_ms": 275.7226800000012,
  "resize_consistency": 0.9999627191110191,
  "temporal_consistency": 0.9999999629187286,
  "motion_delta_model": 0.05576999858021736,
  "loop_error_model": 3.708127138679629e-08,
  "description": "C4.4 neural canvas: stable content with independent coarse regions moving on separate timelines",
  "run_id": "20260424T205231919086Z-c2-lite-glyph-static-layout-independent-regions-c44-regions-010-pan024-clip05-seed2-1536x864-s5500",
  "commit": "61c927a",
  "track": "C",
  "width": 960,
  "height": 544,
  "frames": 33,
  "fps": 24,
  "artifacts": {
    "input": "/Users/dennisonbertram/Develop/flipbook-research/outputs/track-c/20260424T205231919086Z-c2-lite-glyph-static-layout-independent-regions-c44-regions-010-pan024-clip05-seed2-1536x864-s5500/input.png",
    "render_960": "/Users/dennisonbertram/Develop/flipbook-research/outputs/track-c/20260424T205231919086Z-c2-lite-glyph-static-layout-independent-regions-c44-regions-010-pan024-clip05-seed2-1536x864-s5500/render-960.png",
    "render_mid": "/Users/dennisonbertram/Develop/flipbook-research/outputs/track-c/20260424T205231919086Z-c2-lite-glyph-static-layout-independent-regions-c44-regions-010-pan024-clip05-seed2-1536x864-s5500/render-mid.png",
    "render_last": "/Users/dennisonbertram/Develop/flipbook-research/outputs/track-c/20260424T205231919086Z-c2-lite-glyph-static-layout-independent-regions-c44-regions-010-pan024-clip05-seed2-1536x864-s5500/render-last.png",
    "render_512": "/Users/dennisonbertram/Develop/flipbook-research/outputs/track-c/20260424T205231919086Z-c2-lite-glyph-static-layout-independent-regions-c44-regions-010-pan024-clip05-seed2-1536x864-s5500/render-512.png",
    "crop_2x": "/Users/dennisonbertram/Develop/flipbook-research/outputs/track-c/20260424T205231919086Z-c2-lite-glyph-static-layout-independent-regions-c44-regions-010-pan024-clip05-seed2-1536x864-s5500/crop-2x.png",
    "text_mask": "/Users/dennisonbertram/Develop/flipbook-research/outputs/track-c/20260424T205231919086Z-c2-lite-glyph-static-layout-independent-regions-c44-regions-010-pan024-clip05-seed2-1536x864-s5500/text-mask.png",
    "element_alpha_mask": "/Users/dennisonbertram/Develop/flipbook-research/outputs/track-c/20260424T205231919086Z-c2-lite-glyph-static-layout-independent-regions-c44-regions-010-pan024-clip05-seed2-1536x864-s5500/element-alpha-mask.png",
    "text_boxes": "/Users/dennisonbertram/Develop/flipbook-research/outputs/track-c/20260424T205231919086Z-c2-lite-glyph-static-layout-independent-regions-c44-regions-010-pan024-clip05-seed2-1536x864-s5500/text-boxes.json",
    "output": "/Users/dennisonbertram/Develop/flipbook-research/outputs/track-c/20260424T205231919086Z-c2-lite-glyph-static-layout-independent-regions-c44-regions-010-pan024-clip05-seed2-1536x864-s5500/output.mp4",
    "metrics": "/Users/dennisonbertram/Develop/flipbook-research/outputs/track-c/20260424T205231919086Z-c2-lite-glyph-static-layout-independent-regions-c44-regions-010-pan024-clip05-seed2-1536x864-s5500/metrics.json",
    "quality": "/Users/dennisonbertram/Develop/flipbook-research/outputs/track-c/20260424T205231919086Z-c2-lite-glyph-static-layout-independent-regions-c44-regions-010-pan024-clip05-seed2-1536x864-s5500/quality.json",
    "render_layout_mid": "/Users/dennisonbertram/Develop/flipbook-research/outputs/track-c/20260424T205231919086Z-c2-lite-glyph-static-layout-independent-regions-c44-regions-010-pan024-clip05-seed2-1536x864-s5500/render-layout-mid.png"
  },
  "ocr_similarity": 0.47916666666666663,
  "layout_similarity": 0.9999627191110191,
  "motion_delta": 0.03323385491967201,
  "loop_error": 0.0010091381845995784,
  "status": "near_miss"
}
DONE 20260424T205231919086Z-c2-lite-glyph-static-layout-independent-regions-c44-regions-010-pan024-clip05-seed2-1536x864-s5500 quality=0.4792 motion=0.0332
Stopping app - local entrypoint completed.
✓ App completed. View run at 
https://modal.com/apps/dennisonbertram/main/ap-Qo8IhZAiVwsxdPkfenW9mA
