✓ Initialized. View run at 
https://modal.com/apps/dennisonbertram/main/ap-roNtnctn5uFjXp9TyWGtam
✓ Created objects.
├── 🔨 Created mount 
│   /Users/dennisonbertram/Develop/flipbook-research/scripts/track_c/modal_canva
│   s_c2_lite.py
└── 🔨 Created function train_and_render_motion.
START 20260424T210149185798Z-c2-lite-glyph-static-layout-independent-field-c45-field-014-pan030-clip05-1536x864-s5500 config={"batch_size": 131072, "channels": 16, "edge_loss_weight": 0.9, "edge_sample_ratio": 0.09, "element_anchor_mode": "line", "element_anchor_padding": 3, "element_mask_mode": "rectangle", "element_render_mode": "sequential", "element_scale_ratio": 0.25, "experiment_label": "c45-field-014-pan030-clip05", "flow_scale": 0.014, "fps": 24, "frames": 33, "freq_bands": 10, "grad_clip": 0.5, "hidden": 96, "layout_supersample": 1.0, "layout_transform_pan": 0.03, "layout_transform_strength": 0.14, "lr": 0.01, "lr_schedule": "constant", "min_lr_ratio": 0.1, "min_motion_delta": 0.035, "min_ocr_similarity": 0.5, "motion_mode": "static", "motion_strength": 0.0, "seed": 0, "source_resolution": [1280, 736], "steps": 5500, "text_box_loss_weight": 0.0, "text_box_min_conf": 55.0, "text_box_padding": 0, "text_box_sample_ratio": 0.0, "text_boxes": "0 boxes", "time_bands": 4, "train_resolution": "1536x864", "video_layout_mode": "independent-field", "video_viewport_mode": "static", "viewport_pan": 0.0, "viewport_zoom": 0.0}
{
  "canvas_type": "time-conditioned-latent-feature-grid-learned-flow-mlp-glyph-weighted",
  "train_resolution": "1536x864",
  "steps": 5500,
  "batch_size": 131072,
  "channels": 16,
  "hidden": 96,
  "freq_bands": 10,
  "time_bands": 4,
  "lr": 0.01,
  "lr_schedule": "constant",
  "min_lr_ratio": 0.1,
  "grad_clip": 0.5,
  "seed": 0,
  "flow_scale": 0.014,
  "motion_mode": "static",
  "motion_strength": 0.0,
  "video_viewport_mode": "static",
  "viewport_zoom": 0.0,
  "viewport_pan": 0.0,
  "video_layout_mode": "independent-field",
  "layout_transform_strength": 0.14,
  "layout_transform_pan": 0.03,
  "layout_supersample": 1.0,
  "layout_region_count": 5,
  "element_scale_ratio": 0.25,
  "element_anchor_padding": 3,
  "element_mask_mode": "rectangle",
  "element_anchor_mode": "line",
  "element_render_mode": "sequential",
  "element_line_count": 0,
  "min_ocr_similarity": 0.5,
  "min_motion_delta": 0.035,
  "edge_sample_ratio": 0.09,
  "edge_loss_weight": 0.9,
  "text_box_sample_ratio": 0.0,
  "text_box_loss_weight": 0.0,
  "text_box_padding": 0,
  "text_box_count": 0,
  "text_mask_coverage": 0.0,
  "element_alpha_coverage": 0.0,
  "compile_ms": 45219.15801,
  "final_mse": 1.4375367754837498e-05,
  "losses": [
    {
      "step": 0,
      "mse": 0.22641593217849731
    },
    {
      "step": 275,
      "mse": 0.0005704034119844437
    },
    {
      "step": 550,
      "mse": 0.00011998123954981565
    },
    {
      "step": 825,
      "mse": 8.409965084865689e-05
    },
    {
      "step": 1100,
      "mse": 4.646415254683234e-05
    },
    {
      "step": 1375,
      "mse": 3.896531416103244e-05
    },
    {
      "step": 1650,
      "mse": 2.0793677322217263e-05
    },
    {
      "step": 1925,
      "mse": 0.0004990423331037164
    },
    {
      "step": 2200,
      "mse": 4.515320688369684e-05
    },
    {
      "step": 2475,
      "mse": 2.7863487048307434e-05
    },
    {
      "step": 2750,
      "mse": 1.8061509763356298e-05
    },
    {
      "step": 3025,
      "mse": 1.0857568668143358e-05
    },
    {
      "step": 3300,
      "mse": 1.988564144994598e-05
    },
    {
      "step": 3575,
      "mse": 0.00010606862633721903
    },
    {
      "step": 3850,
      "mse": 2.4164917704183608e-05
    },
    {
      "step": 4125,
      "mse": 2.4595057766418904e-05
    },
    {
      "step": 4400,
      "mse": 2.080809645121917e-05
    },
    {
      "step": 4675,
      "mse": 1.0080542779178359e-05
    },
    {
      "step": 4950,
      "mse": 1.011988479149295e-05
    },
    {
      "step": 5225,
      "mse": 0.0003608115657698363
    },
    {
      "step": 5499,
      "mse": 1.4375367754837498e-05
    }
  ],
  "render_times": {
    "render-960.png": 16.031284999996842,
    "render-mid.png": 9.57352300000025,
    "render-last.png": 9.948256000001265,
    "render-512.png": 3.096311999996715,
    "crop-2x.png": 9.388026000003435,
    "render-layout-mid.png": 11.102270000002079
  },
  "render_960_ms": 16.031284999996842,
  "render_33_wall_ms": 325.2690209999969,
  "encode_ms": 267.89268599999616,
  "resize_consistency": 0.9999628822732916,
  "temporal_consistency": 0.9999999996101989,
  "motion_delta_model": 0.04623343423008919,
  "loop_error_model": 3.898011080583075e-10,
  "description": "C4.5 neural canvas: stable content with smooth independent region field",
  "run_id": "20260424T210149185798Z-c2-lite-glyph-static-layout-independent-field-c45-field-014-pan030-clip05-1536x864-s5500",
  "commit": "d0d98e4",
  "track": "C",
  "width": 960,
  "height": 544,
  "frames": 33,
  "fps": 24,
  "artifacts": {
    "input": "/Users/dennisonbertram/Develop/flipbook-research/outputs/track-c/20260424T210149185798Z-c2-lite-glyph-static-layout-independent-field-c45-field-014-pan030-clip05-1536x864-s5500/input.png",
    "render_960": "/Users/dennisonbertram/Develop/flipbook-research/outputs/track-c/20260424T210149185798Z-c2-lite-glyph-static-layout-independent-field-c45-field-014-pan030-clip05-1536x864-s5500/render-960.png",
    "render_mid": "/Users/dennisonbertram/Develop/flipbook-research/outputs/track-c/20260424T210149185798Z-c2-lite-glyph-static-layout-independent-field-c45-field-014-pan030-clip05-1536x864-s5500/render-mid.png",
    "render_last": "/Users/dennisonbertram/Develop/flipbook-research/outputs/track-c/20260424T210149185798Z-c2-lite-glyph-static-layout-independent-field-c45-field-014-pan030-clip05-1536x864-s5500/render-last.png",
    "render_512": "/Users/dennisonbertram/Develop/flipbook-research/outputs/track-c/20260424T210149185798Z-c2-lite-glyph-static-layout-independent-field-c45-field-014-pan030-clip05-1536x864-s5500/render-512.png",
    "crop_2x": "/Users/dennisonbertram/Develop/flipbook-research/outputs/track-c/20260424T210149185798Z-c2-lite-glyph-static-layout-independent-field-c45-field-014-pan030-clip05-1536x864-s5500/crop-2x.png",
    "text_mask": "/Users/dennisonbertram/Develop/flipbook-research/outputs/track-c/20260424T210149185798Z-c2-lite-glyph-static-layout-independent-field-c45-field-014-pan030-clip05-1536x864-s5500/text-mask.png",
    "element_alpha_mask": "/Users/dennisonbertram/Develop/flipbook-research/outputs/track-c/20260424T210149185798Z-c2-lite-glyph-static-layout-independent-field-c45-field-014-pan030-clip05-1536x864-s5500/element-alpha-mask.png",
    "text_boxes": "/Users/dennisonbertram/Develop/flipbook-research/outputs/track-c/20260424T210149185798Z-c2-lite-glyph-static-layout-independent-field-c45-field-014-pan030-clip05-1536x864-s5500/text-boxes.json",
    "output": "/Users/dennisonbertram/Develop/flipbook-research/outputs/track-c/20260424T210149185798Z-c2-lite-glyph-static-layout-independent-field-c45-field-014-pan030-clip05-1536x864-s5500/output.mp4",
    "metrics": "/Users/dennisonbertram/Develop/flipbook-research/outputs/track-c/20260424T210149185798Z-c2-lite-glyph-static-layout-independent-field-c45-field-014-pan030-clip05-1536x864-s5500/metrics.json",
    "quality": "/Users/dennisonbertram/Develop/flipbook-research/outputs/track-c/20260424T210149185798Z-c2-lite-glyph-static-layout-independent-field-c45-field-014-pan030-clip05-1536x864-s5500/quality.json",
    "render_layout_mid": "/Users/dennisonbertram/Develop/flipbook-research/outputs/track-c/20260424T210149185798Z-c2-lite-glyph-static-layout-independent-field-c45-field-014-pan030-clip05-1536x864-s5500/render-layout-mid.png"
  },
  "ocr_similarity": 0.6912442396313364,
  "layout_similarity": 0.9999628822732916,
  "motion_delta": 0.019696351140737534,
  "loop_error": 0.0019301470601931214,
  "status": "near_miss"
}
DONE 20260424T210149185798Z-c2-lite-glyph-static-layout-independent-field-c45-field-014-pan030-clip05-1536x864-s5500 quality=0.6912 motion=0.0197
Stopping app - local entrypoint completed.
✓ App completed. View run at 
https://modal.com/apps/dennisonbertram/main/ap-roNtnctn5uFjXp9TyWGtam
