✓ Initialized. View run at 
https://modal.com/apps/dennisonbertram/main/ap-LiKbUNBNtEe9947VMvfiEM
✓ Created objects.
├── 🔨 Created mount 
│   /Users/dennisonbertram/Develop/flipbook-research/scripts/track_c/modal_canva
│   s_c2_lite.py
└── 🔨 Created function train_and_render_motion.
START 20260424T210149133376Z-c2-lite-glyph-independent-field-c45-learned-field-008-flow08-1536x864-s5500 config={"batch_size": 131072, "channels": 16, "edge_loss_weight": 0.9, "edge_sample_ratio": 0.09, "element_anchor_mode": "line", "element_anchor_padding": 3, "element_mask_mode": "rectangle", "element_render_mode": "sequential", "element_scale_ratio": 0.25, "experiment_label": "c45-learned-field-008-flow08", "flow_scale": 0.08, "fps": 24, "frames": 33, "freq_bands": 10, "grad_clip": 0.0, "hidden": 96, "layout_supersample": 1.0, "layout_transform_pan": 0.0, "layout_transform_strength": 0.0, "lr": 0.01, "lr_schedule": "constant", "min_lr_ratio": 0.1, "min_motion_delta": 0.03, "min_ocr_similarity": 0.3, "motion_mode": "independent-field", "motion_strength": 0.08, "seed": 0, "source_resolution": [1280, 736], "steps": 5500, "text_box_loss_weight": 0.0, "text_box_min_conf": 55.0, "text_box_padding": 0, "text_box_sample_ratio": 0.0, "text_boxes": "0 boxes", "time_bands": 4, "train_resolution": "1536x864", "video_layout_mode": "none", "video_viewport_mode": "static", "viewport_pan": 0.0, "viewport_zoom": 0.0}
{
  "canvas_type": "time-conditioned-latent-feature-grid-learned-flow-mlp-glyph-weighted",
  "train_resolution": "1536x864",
  "steps": 5500,
  "batch_size": 131072,
  "channels": 16,
  "hidden": 96,
  "freq_bands": 10,
  "time_bands": 4,
  "lr": 0.01,
  "lr_schedule": "constant",
  "min_lr_ratio": 0.1,
  "grad_clip": 0.0,
  "seed": 0,
  "flow_scale": 0.08,
  "motion_mode": "independent-field",
  "motion_strength": 0.08,
  "video_viewport_mode": "static",
  "viewport_zoom": 0.0,
  "viewport_pan": 0.0,
  "video_layout_mode": "none",
  "layout_transform_strength": 0.0,
  "layout_transform_pan": 0.0,
  "layout_supersample": 1.0,
  "layout_region_count": 5,
  "element_scale_ratio": 0.25,
  "element_anchor_padding": 3,
  "element_mask_mode": "rectangle",
  "element_anchor_mode": "line",
  "element_render_mode": "sequential",
  "element_line_count": 0,
  "min_ocr_similarity": 0.3,
  "min_motion_delta": 0.03,
  "edge_sample_ratio": 0.09,
  "edge_loss_weight": 0.9,
  "text_box_sample_ratio": 0.0,
  "text_box_loss_weight": 0.0,
  "text_box_padding": 0,
  "text_box_count": 0,
  "text_mask_coverage": 0.0,
  "element_alpha_coverage": 0.0,
  "compile_ms": 44867.447642,
  "final_mse": 0.003144538030028343,
  "losses": [
    {
      "step": 0,
      "mse": 0.2249201536178589
    },
    {
      "step": 275,
      "mse": 0.009905819781124592
    },
    {
      "step": 550,
      "mse": 0.007434244733303785
    },
    {
      "step": 825,
      "mse": 0.00503197219222784
    },
    {
      "step": 1100,
      "mse": 0.00407769251614809
    },
    {
      "step": 1375,
      "mse": 0.003557903692126274
    },
    {
      "step": 1650,
      "mse": 0.00313858175650239
    },
    {
      "step": 1925,
      "mse": 0.0030817026272416115
    },
    {
      "step": 2200,
      "mse": 0.004686002153903246
    },
    {
      "step": 2475,
      "mse": 0.004023498855531216
    },
    {
      "step": 2750,
      "mse": 0.004536904860287905
    },
    {
      "step": 3025,
      "mse": 0.003973766230046749
    },
    {
      "step": 3300,
      "mse": 0.0033147656358778477
    },
    {
      "step": 3575,
      "mse": 0.0029997313395142555
    },
    {
      "step": 3850,
      "mse": 0.0030694312881678343
    },
    {
      "step": 4125,
      "mse": 0.003130017314106226
    },
    {
      "step": 4400,
      "mse": 0.0026572118513286114
    },
    {
      "step": 4675,
      "mse": 0.0028598573990166187
    },
    {
      "step": 4950,
      "mse": 0.0026964405551552773
    },
    {
      "step": 5225,
      "mse": 0.0027402909472584724
    },
    {
      "step": 5499,
      "mse": 0.003144538030028343
    }
  ],
  "render_times": {
    "render-960.png": 14.361781999994605,
    "render-mid.png": 9.476022999997724,
    "render-last.png": 9.412455999999736,
    "render-512.png": 2.6169650000014144,
    "crop-2x.png": 9.304801999995505
  },
  "render_960_ms": 14.361781999994605,
  "render_33_wall_ms": 302.4735469999982,
  "encode_ms": 262.68998599999804,
  "resize_consistency": 0.999893153035517,
  "temporal_consistency": 0.9947836245410144,
  "motion_delta_model": 0.041085775941610336,
  "loop_error_model": 0.005216375458985567,
  "description": "C4.5 neural canvas: learned independent region field from x,y,t",
  "run_id": "20260424T210149133376Z-c2-lite-glyph-independent-field-c45-learned-field-008-flow08-1536x864-s5500",
  "commit": "d0d98e4",
  "track": "C",
  "width": 960,
  "height": 544,
  "frames": 33,
  "fps": 24,
  "artifacts": {
    "input": "/Users/dennisonbertram/Develop/flipbook-research/outputs/track-c/20260424T210149133376Z-c2-lite-glyph-independent-field-c45-learned-field-008-flow08-1536x864-s5500/input.png",
    "render_960": "/Users/dennisonbertram/Develop/flipbook-research/outputs/track-c/20260424T210149133376Z-c2-lite-glyph-independent-field-c45-learned-field-008-flow08-1536x864-s5500/render-960.png",
    "render_mid": "/Users/dennisonbertram/Develop/flipbook-research/outputs/track-c/20260424T210149133376Z-c2-lite-glyph-independent-field-c45-learned-field-008-flow08-1536x864-s5500/render-mid.png",
    "render_last": "/Users/dennisonbertram/Develop/flipbook-research/outputs/track-c/20260424T210149133376Z-c2-lite-glyph-independent-field-c45-learned-field-008-flow08-1536x864-s5500/render-last.png",
    "render_512": "/Users/dennisonbertram/Develop/flipbook-research/outputs/track-c/20260424T210149133376Z-c2-lite-glyph-independent-field-c45-learned-field-008-flow08-1536x864-s5500/render-512.png",
    "crop_2x": "/Users/dennisonbertram/Develop/flipbook-research/outputs/track-c/20260424T210149133376Z-c2-lite-glyph-independent-field-c45-learned-field-008-flow08-1536x864-s5500/crop-2x.png",
    "text_mask": "/Users/dennisonbertram/Develop/flipbook-research/outputs/track-c/20260424T210149133376Z-c2-lite-glyph-independent-field-c45-learned-field-008-flow08-1536x864-s5500/text-mask.png",
    "element_alpha_mask": "/Users/dennisonbertram/Develop/flipbook-research/outputs/track-c/20260424T210149133376Z-c2-lite-glyph-independent-field-c45-learned-field-008-flow08-1536x864-s5500/element-alpha-mask.png",
    "text_boxes": "/Users/dennisonbertram/Develop/flipbook-research/outputs/track-c/20260424T210149133376Z-c2-lite-glyph-independent-field-c45-learned-field-008-flow08-1536x864-s5500/text-boxes.json",
    "output": "/Users/dennisonbertram/Develop/flipbook-research/outputs/track-c/20260424T210149133376Z-c2-lite-glyph-independent-field-c45-learned-field-008-flow08-1536x864-s5500/output.mp4",
    "metrics": "/Users/dennisonbertram/Develop/flipbook-research/outputs/track-c/20260424T210149133376Z-c2-lite-glyph-independent-field-c45-learned-field-008-flow08-1536x864-s5500/metrics.json",
    "quality": "/Users/dennisonbertram/Develop/flipbook-research/outputs/track-c/20260424T210149133376Z-c2-lite-glyph-independent-field-c45-learned-field-008-flow08-1536x864-s5500/quality.json"
  },
  "ocr_similarity": 0.2288557213930348,
  "layout_similarity": 0.999893153035517,
  "motion_delta": 0.01700613461434841,
  "loop_error": 0.0036951934453099966,
  "status": "near_miss"
}
DONE 20260424T210149133376Z-c2-lite-glyph-independent-field-c45-learned-field-008-flow08-1536x864-s5500 quality=0.2289 motion=0.0170
Stopping app - local entrypoint completed.
✓ App completed. View run at 
https://modal.com/apps/dennisonbertram/main/ap-LiKbUNBNtEe9947VMvfiEM
