✓ Initialized. View run at 
https://modal.com/apps/dennisonbertram/main/ap-7LsVTJqwFzA5HiHqoxKbmu
✓ Created objects.
├── 🔨 Created mount 
│   /Users/dennisonbertram/Develop/flipbook-research/scripts/track_c/modal_canva
│   s_c2_lite.py
└── 🔨 Created function train_and_render_motion.
START 20260424T210149530881Z-c2-lite-glyph-static-layout-independent-field-c45-field-014-pan036-clip05-1536x864-s5500 config={"batch_size": 131072, "channels": 16, "edge_loss_weight": 0.9, "edge_sample_ratio": 0.09, "element_anchor_mode": "line", "element_anchor_padding": 3, "element_mask_mode": "rectangle", "element_render_mode": "sequential", "element_scale_ratio": 0.25, "experiment_label": "c45-field-014-pan036-clip05", "flow_scale": 0.014, "fps": 24, "frames": 33, "freq_bands": 10, "grad_clip": 0.5, "hidden": 96, "layout_supersample": 1.0, "layout_transform_pan": 0.036, "layout_transform_strength": 0.14, "lr": 0.01, "lr_schedule": "constant", "min_lr_ratio": 0.1, "min_motion_delta": 0.04, "min_ocr_similarity": 0.48, "motion_mode": "static", "motion_strength": 0.0, "seed": 0, "source_resolution": [1280, 736], "steps": 5500, "text_box_loss_weight": 0.0, "text_box_min_conf": 55.0, "text_box_padding": 0, "text_box_sample_ratio": 0.0, "text_boxes": "0 boxes", "time_bands": 4, "train_resolution": "1536x864", "video_layout_mode": "independent-field", "video_viewport_mode": "static", "viewport_pan": 0.0, "viewport_zoom": 0.0}
{
  "canvas_type": "time-conditioned-latent-feature-grid-learned-flow-mlp-glyph-weighted",
  "train_resolution": "1536x864",
  "steps": 5500,
  "batch_size": 131072,
  "channels": 16,
  "hidden": 96,
  "freq_bands": 10,
  "time_bands": 4,
  "lr": 0.01,
  "lr_schedule": "constant",
  "min_lr_ratio": 0.1,
  "grad_clip": 0.5,
  "seed": 0,
  "flow_scale": 0.014,
  "motion_mode": "static",
  "motion_strength": 0.0,
  "video_viewport_mode": "static",
  "viewport_zoom": 0.0,
  "viewport_pan": 0.0,
  "video_layout_mode": "independent-field",
  "layout_transform_strength": 0.14,
  "layout_transform_pan": 0.036,
  "layout_supersample": 1.0,
  "layout_region_count": 5,
  "element_scale_ratio": 0.25,
  "element_anchor_padding": 3,
  "element_mask_mode": "rectangle",
  "element_anchor_mode": "line",
  "element_render_mode": "sequential",
  "element_line_count": 0,
  "min_ocr_similarity": 0.48,
  "min_motion_delta": 0.04,
  "edge_sample_ratio": 0.09,
  "edge_loss_weight": 0.9,
  "text_box_sample_ratio": 0.0,
  "text_box_loss_weight": 0.0,
  "text_box_padding": 0,
  "text_box_count": 0,
  "text_mask_coverage": 0.0,
  "element_alpha_coverage": 0.0,
  "compile_ms": 45333.734778,
  "final_mse": 5.2917084758519195e-06,
  "losses": [
    {
      "step": 0,
      "mse": 0.22641576826572418
    },
    {
      "step": 275,
      "mse": 0.00043344878940843046
    },
    {
      "step": 550,
      "mse": 0.0032203325536102057
    },
    {
      "step": 825,
      "mse": 7.660433766432106e-05
    },
    {
      "step": 1100,
      "mse": 0.0002031498443102464
    },
    {
      "step": 1375,
      "mse": 4.611379699781537e-05
    },
    {
      "step": 1650,
      "mse": 5.327957478584722e-05
    },
    {
      "step": 1925,
      "mse": 1.5920801160973497e-05
    },
    {
      "step": 2200,
      "mse": 2.4821378246997483e-05
    },
    {
      "step": 2475,
      "mse": 0.0001683548471191898
    },
    {
      "step": 2750,
      "mse": 2.806438715197146e-05
    },
    {
      "step": 3025,
      "mse": 1.4402638043975458e-05
    },
    {
      "step": 3300,
      "mse": 9.902209058054723e-06
    },
    {
      "step": 3575,
      "mse": 2.761319774435833e-05
    },
    {
      "step": 3850,
      "mse": 8.687681838637218e-05
    },
    {
      "step": 4125,
      "mse": 1.6164887711056508e-05
    },
    {
      "step": 4400,
      "mse": 9.79363358055707e-06
    },
    {
      "step": 4675,
      "mse": 1.053349296853412e-05
    },
    {
      "step": 4950,
      "mse": 6.124912033556029e-06
    },
    {
      "step": 5225,
      "mse": 1.6802980098873377e-05
    },
    {
      "step": 5499,
      "mse": 5.2917084758519195e-06
    }
  ],
  "render_times": {
    "render-960.png": 15.396625999997582,
    "render-mid.png": 9.442391000000327,
    "render-last.png": 9.389124000001914,
    "render-512.png": 2.620481999997537,
    "crop-2x.png": 9.298416000000032,
    "render-layout-mid.png": 10.716432000002385
  },
  "render_960_ms": 15.396625999997582,
  "render_33_wall_ms": 324.92677500000156,
  "encode_ms": 263.35263200000014,
  "resize_consistency": 0.9999586015112443,
  "temporal_consistency": 0.9999999996428028,
  "motion_delta_model": 0.04862991347908974,
  "loop_error_model": 3.571972162497161e-10,
  "description": "C4.5 neural canvas: stable content with smooth independent region field",
  "run_id": "20260424T210149530881Z-c2-lite-glyph-static-layout-independent-field-c45-field-014-pan036-clip05-1536x864-s5500",
  "commit": "d0d98e4",
  "track": "C",
  "width": 960,
  "height": 544,
  "frames": 33,
  "fps": 24,
  "artifacts": {
    "input": "/Users/dennisonbertram/Develop/flipbook-research/outputs/track-c/20260424T210149530881Z-c2-lite-glyph-static-layout-independent-field-c45-field-014-pan036-clip05-1536x864-s5500/input.png",
    "render_960": "/Users/dennisonbertram/Develop/flipbook-research/outputs/track-c/20260424T210149530881Z-c2-lite-glyph-static-layout-independent-field-c45-field-014-pan036-clip05-1536x864-s5500/render-960.png",
    "render_mid": "/Users/dennisonbertram/Develop/flipbook-research/outputs/track-c/20260424T210149530881Z-c2-lite-glyph-static-layout-independent-field-c45-field-014-pan036-clip05-1536x864-s5500/render-mid.png",
    "render_last": "/Users/dennisonbertram/Develop/flipbook-research/outputs/track-c/20260424T210149530881Z-c2-lite-glyph-static-layout-independent-field-c45-field-014-pan036-clip05-1536x864-s5500/render-last.png",
    "render_512": "/Users/dennisonbertram/Develop/flipbook-research/outputs/track-c/20260424T210149530881Z-c2-lite-glyph-static-layout-independent-field-c45-field-014-pan036-clip05-1536x864-s5500/render-512.png",
    "crop_2x": "/Users/dennisonbertram/Develop/flipbook-research/outputs/track-c/20260424T210149530881Z-c2-lite-glyph-static-layout-independent-field-c45-field-014-pan036-clip05-1536x864-s5500/crop-2x.png",
    "text_mask": "/Users/dennisonbertram/Develop/flipbook-research/outputs/track-c/20260424T210149530881Z-c2-lite-glyph-static-layout-independent-field-c45-field-014-pan036-clip05-1536x864-s5500/text-mask.png",
    "element_alpha_mask": "/Users/dennisonbertram/Develop/flipbook-research/outputs/track-c/20260424T210149530881Z-c2-lite-glyph-static-layout-independent-field-c45-field-014-pan036-clip05-1536x864-s5500/element-alpha-mask.png",
    "text_boxes": "/Users/dennisonbertram/Develop/flipbook-research/outputs/track-c/20260424T210149530881Z-c2-lite-glyph-static-layout-independent-field-c45-field-014-pan036-clip05-1536x864-s5500/text-boxes.json",
    "output": "/Users/dennisonbertram/Develop/flipbook-research/outputs/track-c/20260424T210149530881Z-c2-lite-glyph-static-layout-independent-field-c45-field-014-pan036-clip05-1536x864-s5500/output.mp4",
    "metrics": "/Users/dennisonbertram/Develop/flipbook-research/outputs/track-c/20260424T210149530881Z-c2-lite-glyph-static-layout-independent-field-c45-field-014-pan036-clip05-1536x864-s5500/metrics.json",
    "quality": "/Users/dennisonbertram/Develop/flipbook-research/outputs/track-c/20260424T210149530881Z-c2-lite-glyph-static-layout-independent-field-c45-field-014-pan036-clip05-1536x864-s5500/quality.json",
    "render_layout_mid": "/Users/dennisonbertram/Develop/flipbook-research/outputs/track-c/20260424T210149530881Z-c2-lite-glyph-static-layout-independent-field-c45-field-014-pan036-clip05-1536x864-s5500/render-layout-mid.png"
  },
  "ocr_similarity": 0.6912442396313364,
  "layout_similarity": 0.9999586015112443,
  "motion_delta": 0.022384297102689743,
  "loop_error": 0.0012589643010869622,
  "status": "near_miss"
}
DONE 20260424T210149530881Z-c2-lite-glyph-static-layout-independent-field-c45-field-014-pan036-clip05-1536x864-s5500 quality=0.6912 motion=0.0224
Stopping app - local entrypoint completed.
✓ App completed. View run at 
https://modal.com/apps/dennisonbertram/main/ap-7LsVTJqwFzA5HiHqoxKbmu
