✓ Initialized. View run at 
https://modal.com/apps/dennisonbertram/main/ap-8HBCl7s8XsNTcEPPw04irp
✓ Created objects.
├── 🔨 Created mount 
│   /Users/dennisonbertram/Develop/flipbook-research/scripts/track_c/modal_canva
│   s_c2_lite.py
└── 🔨 Created function train_and_render_motion.
START 20260424T210149412738Z-c2-lite-glyph-independent-field-c45-learned-field-006-flow06-freq12-clip05-1536x864-s5500 config={"batch_size": 131072, "channels": 16, "edge_loss_weight": 0.9, "edge_sample_ratio": 0.09, "element_anchor_mode": "line", "element_anchor_padding": 3, "element_mask_mode": "rectangle", "element_render_mode": "sequential", "element_scale_ratio": 0.25, "experiment_label": "c45-learned-field-006-flow06-freq12-clip05", "flow_scale": 0.06, "fps": 24, "frames": 33, "freq_bands": 12, "grad_clip": 0.5, "hidden": 96, "layout_supersample": 1.0, "layout_transform_pan": 0.0, "layout_transform_strength": 0.0, "lr": 0.01, "lr_schedule": "constant", "min_lr_ratio": 0.1, "min_motion_delta": 0.025, "min_ocr_similarity": 0.35, "motion_mode": "independent-field", "motion_strength": 0.06, "seed": 0, "source_resolution": [1280, 736], "steps": 5500, "text_box_loss_weight": 0.0, "text_box_min_conf": 55.0, "text_box_padding": 0, "text_box_sample_ratio": 0.0, "text_boxes": "0 boxes", "time_bands": 4, "train_resolution": "1536x864", "video_layout_mode": "none", "video_viewport_mode": "static", "viewport_pan": 0.0, "viewport_zoom": 0.0}
{
  "canvas_type": "time-conditioned-latent-feature-grid-learned-flow-mlp-glyph-weighted",
  "train_resolution": "1536x864",
  "steps": 5500,
  "batch_size": 131072,
  "channels": 16,
  "hidden": 96,
  "freq_bands": 12,
  "time_bands": 4,
  "lr": 0.01,
  "lr_schedule": "constant",
  "min_lr_ratio": 0.1,
  "grad_clip": 0.5,
  "seed": 0,
  "flow_scale": 0.06,
  "motion_mode": "independent-field",
  "motion_strength": 0.06,
  "video_viewport_mode": "static",
  "viewport_zoom": 0.0,
  "viewport_pan": 0.0,
  "video_layout_mode": "none",
  "layout_transform_strength": 0.0,
  "layout_transform_pan": 0.0,
  "layout_supersample": 1.0,
  "layout_region_count": 5,
  "element_scale_ratio": 0.25,
  "element_anchor_padding": 3,
  "element_mask_mode": "rectangle",
  "element_anchor_mode": "line",
  "element_render_mode": "sequential",
  "element_line_count": 0,
  "min_ocr_similarity": 0.35,
  "min_motion_delta": 0.025,
  "edge_sample_ratio": 0.09,
  "edge_loss_weight": 0.9,
  "text_box_sample_ratio": 0.0,
  "text_box_loss_weight": 0.0,
  "text_box_padding": 0,
  "text_box_count": 0,
  "text_mask_coverage": 0.0,
  "element_alpha_coverage": 0.0,
  "compile_ms": 42318.60682,
  "final_mse": 0.0010845813667401671,
  "losses": [
    {
      "step": 0,
      "mse": 0.20898446440696716
    },
    {
      "step": 275,
      "mse": 0.00875543337315321
    },
    {
      "step": 550,
      "mse": 0.004902680404484272
    },
    {
      "step": 825,
      "mse": 0.0034974361769855022
    },
    {
      "step": 1100,
      "mse": 0.002866721246391535
    },
    {
      "step": 1375,
      "mse": 0.0024349396117031574
    },
    {
      "step": 1650,
      "mse": 0.0021320024970918894
    },
    {
      "step": 1925,
      "mse": 0.0019097020849585533
    },
    {
      "step": 2200,
      "mse": 0.0017603597370907664
    },
    {
      "step": 2475,
      "mse": 0.0017464051488786936
    },
    {
      "step": 2750,
      "mse": 0.0015746699646115303
    },
    {
      "step": 3025,
      "mse": 0.0014790031127631664
    },
    {
      "step": 3300,
      "mse": 0.0013674104120582342
    },
    {
      "step": 3575,
      "mse": 0.001405613380484283
    },
    {
      "step": 3850,
      "mse": 0.0013420889154076576
    },
    {
      "step": 4125,
      "mse": 0.0012745464919134974
    },
    {
      "step": 4400,
      "mse": 0.0012027673656120896
    },
    {
      "step": 4675,
      "mse": 0.00137462152633816
    },
    {
      "step": 4950,
      "mse": 0.0011515544028952718
    },
    {
      "step": 5225,
      "mse": 0.0011701337061822414
    },
    {
      "step": 5499,
      "mse": 0.0010845813667401671
    }
  ],
  "render_times": {
    "render-960.png": 13.977756999999258,
    "render-mid.png": 8.238853999998241,
    "render-last.png": 8.21849999999813,
    "render-512.png": 2.4286319999973216,
    "crop-2x.png": 8.12726800000263
  },
  "render_960_ms": 13.977756999999258,
  "render_33_wall_ms": 262.08336400000576,
  "encode_ms": 250.79261300000155,
  "resize_consistency": 0.9999330534049521,
  "temporal_consistency": 0.9965969596523792,
  "motion_delta_model": 0.03790776804089546,
  "loop_error_model": 0.003403040347620845,
  "description": "C4.5 neural canvas: learned independent region field from x,y,t",
  "run_id": "20260424T210149412738Z-c2-lite-glyph-independent-field-c45-learned-field-006-flow06-freq12-clip05-1536x864-s5500",
  "commit": "d0d98e4",
  "track": "C",
  "width": 960,
  "height": 544,
  "frames": 33,
  "fps": 24,
  "artifacts": {
    "input": "/Users/dennisonbertram/Develop/flipbook-research/outputs/track-c/20260424T210149412738Z-c2-lite-glyph-independent-field-c45-learned-field-006-flow06-freq12-clip05-1536x864-s5500/input.png",
    "render_960": "/Users/dennisonbertram/Develop/flipbook-research/outputs/track-c/20260424T210149412738Z-c2-lite-glyph-independent-field-c45-learned-field-006-flow06-freq12-clip05-1536x864-s5500/render-960.png",
    "render_mid": "/Users/dennisonbertram/Develop/flipbook-research/outputs/track-c/20260424T210149412738Z-c2-lite-glyph-independent-field-c45-learned-field-006-flow06-freq12-clip05-1536x864-s5500/render-mid.png",
    "render_last": "/Users/dennisonbertram/Develop/flipbook-research/outputs/track-c/20260424T210149412738Z-c2-lite-glyph-independent-field-c45-learned-field-006-flow06-freq12-clip05-1536x864-s5500/render-last.png",
    "render_512": "/Users/dennisonbertram/Develop/flipbook-research/outputs/track-c/20260424T210149412738Z-c2-lite-glyph-independent-field-c45-learned-field-006-flow06-freq12-clip05-1536x864-s5500/render-512.png",
    "crop_2x": "/Users/dennisonbertram/Develop/flipbook-research/outputs/track-c/20260424T210149412738Z-c2-lite-glyph-independent-field-c45-learned-field-006-flow06-freq12-clip05-1536x864-s5500/crop-2x.png",
    "text_mask": "/Users/dennisonbertram/Develop/flipbook-research/outputs/track-c/20260424T210149412738Z-c2-lite-glyph-independent-field-c45-learned-field-006-flow06-freq12-clip05-1536x864-s5500/text-mask.png",
    "element_alpha_mask": "/Users/dennisonbertram/Develop/flipbook-research/outputs/track-c/20260424T210149412738Z-c2-lite-glyph-independent-field-c45-learned-field-006-flow06-freq12-clip05-1536x864-s5500/element-alpha-mask.png",
    "text_boxes": "/Users/dennisonbertram/Develop/flipbook-research/outputs/track-c/20260424T210149412738Z-c2-lite-glyph-independent-field-c45-learned-field-006-flow06-freq12-clip05-1536x864-s5500/text-boxes.json",
    "output": "/Users/dennisonbertram/Develop/flipbook-research/outputs/track-c/20260424T210149412738Z-c2-lite-glyph-independent-field-c45-learned-field-006-flow06-freq12-clip05-1536x864-s5500/output.mp4",
    "metrics": "/Users/dennisonbertram/Develop/flipbook-research/outputs/track-c/20260424T210149412738Z-c2-lite-glyph-independent-field-c45-learned-field-006-flow06-freq12-clip05-1536x864-s5500/metrics.json",
    "quality": "/Users/dennisonbertram/Develop/flipbook-research/outputs/track-c/20260424T210149412738Z-c2-lite-glyph-independent-field-c45-learned-field-006-flow06-freq12-clip05-1536x864-s5500/quality.json"
  },
  "ocr_similarity": 0.6036036036036035,
  "layout_similarity": 0.9999330534049521,
  "motion_delta": 0.013407770544290543,
  "loop_error": 0.002650878857821226,
  "status": "near_miss"
}
DONE 20260424T210149412738Z-c2-lite-glyph-independent-field-c45-learned-field-006-flow06-freq12-clip05-1536x864-s5500 quality=0.6036 motion=0.0134
Stopping app - local entrypoint completed.
✓ App completed. View run at 
https://modal.com/apps/dennisonbertram/main/ap-8HBCl7s8XsNTcEPPw04irp
