✓ Initialized. View run at 
https://modal.com/apps/dennisonbertram/main/ap-2xkM0QWWAJquNgYPPuTOW6
✓ Created objects.
├── 🔨 Created mount 
│   /Users/dennisonbertram/Develop/flipbook-research/scripts/track_c/modal_canva
│   s_c2_lite.py
└── 🔨 Created function train_and_render_motion.
START 20260424T210149594507Z-c2-lite-glyph-independent-field-c45-learned-field-006-flow06-1536x864-s5500 config={"batch_size": 131072, "channels": 16, "edge_loss_weight": 0.9, "edge_sample_ratio": 0.09, "element_anchor_mode": "line", "element_anchor_padding": 3, "element_mask_mode": "rectangle", "element_render_mode": "sequential", "element_scale_ratio": 0.25, "experiment_label": "c45-learned-field-006-flow06", "flow_scale": 0.06, "fps": 24, "frames": 33, "freq_bands": 10, "grad_clip": 0.0, "hidden": 96, "layout_supersample": 1.0, "layout_transform_pan": 0.0, "layout_transform_strength": 0.0, "lr": 0.01, "lr_schedule": "constant", "min_lr_ratio": 0.1, "min_motion_delta": 0.025, "min_ocr_similarity": 0.35, "motion_mode": "independent-field", "motion_strength": 0.06, "seed": 0, "source_resolution": [1280, 736], "steps": 5500, "text_box_loss_weight": 0.0, "text_box_min_conf": 55.0, "text_box_padding": 0, "text_box_sample_ratio": 0.0, "text_boxes": "0 boxes", "time_bands": 4, "train_resolution": "1536x864", "video_layout_mode": "none", "video_viewport_mode": "static", "viewport_pan": 0.0, "viewport_zoom": 0.0}
{
  "canvas_type": "time-conditioned-latent-feature-grid-learned-flow-mlp-glyph-weighted",
  "train_resolution": "1536x864",
  "steps": 5500,
  "batch_size": 131072,
  "channels": 16,
  "hidden": 96,
  "freq_bands": 10,
  "time_bands": 4,
  "lr": 0.01,
  "lr_schedule": "constant",
  "min_lr_ratio": 0.1,
  "grad_clip": 0.0,
  "seed": 0,
  "flow_scale": 0.06,
  "motion_mode": "independent-field",
  "motion_strength": 0.06,
  "video_viewport_mode": "static",
  "viewport_zoom": 0.0,
  "viewport_pan": 0.0,
  "video_layout_mode": "none",
  "layout_transform_strength": 0.0,
  "layout_transform_pan": 0.0,
  "layout_supersample": 1.0,
  "layout_region_count": 5,
  "element_scale_ratio": 0.25,
  "element_anchor_padding": 3,
  "element_mask_mode": "rectangle",
  "element_anchor_mode": "line",
  "element_render_mode": "sequential",
  "element_line_count": 0,
  "min_ocr_similarity": 0.35,
  "min_motion_delta": 0.025,
  "edge_sample_ratio": 0.09,
  "edge_loss_weight": 0.9,
  "text_box_sample_ratio": 0.0,
  "text_box_loss_weight": 0.0,
  "text_box_padding": 0,
  "text_box_count": 0,
  "text_mask_coverage": 0.0,
  "element_alpha_coverage": 0.0,
  "compile_ms": 45229.776465,
  "final_mse": 0.001218956196680665,
  "losses": [
    {
      "step": 0,
      "mse": 0.22487884759902954
    },
    {
      "step": 275,
      "mse": 0.009152044542133808
    },
    {
      "step": 550,
      "mse": 0.006277889013290405
    },
    {
      "step": 825,
      "mse": 0.004310750402510166
    },
    {
      "step": 1100,
      "mse": 0.003323185257613659
    },
    {
      "step": 1375,
      "mse": 0.002744475146755576
    },
    {
      "step": 1650,
      "mse": 0.0023312075063586235
    },
    {
      "step": 1925,
      "mse": 0.002111896639689803
    },
    {
      "step": 2200,
      "mse": 0.00196054857224226
    },
    {
      "step": 2475,
      "mse": 0.0018677286570891738
    },
    {
      "step": 2750,
      "mse": 0.001754922908730805
    },
    {
      "step": 3025,
      "mse": 0.0018472871743142605
    },
    {
      "step": 3300,
      "mse": 0.0015668516280129552
    },
    {
      "step": 3575,
      "mse": 0.0015033627860248089
    },
    {
      "step": 3850,
      "mse": 0.0014728698879480362
    },
    {
      "step": 4125,
      "mse": 0.001418642234057188
    },
    {
      "step": 4400,
      "mse": 0.0013624548446387053
    },
    {
      "step": 4675,
      "mse": 0.0013126851990818977
    },
    {
      "step": 4950,
      "mse": 0.0014097902458161116
    },
    {
      "step": 5225,
      "mse": 0.001313408836722374
    },
    {
      "step": 5499,
      "mse": 0.001218956196680665
    }
  ],
  "render_times": {
    "render-960.png": 14.529811000002724,
    "render-mid.png": 9.464365999996005,
    "render-last.png": 9.406943000001888,
    "render-512.png": 2.6421150000004445,
    "crop-2x.png": 9.312196000003325
  },
  "render_960_ms": 14.529811000002724,
  "render_33_wall_ms": 302.3829610000064,
  "encode_ms": 260.13336999999837,
  "resize_consistency": 0.9999467270707039,
  "temporal_consistency": 0.9968709370587021,
  "motion_delta_model": 0.03757443651556969,
  "loop_error_model": 0.0031290629412978888,
  "description": "C4.5 neural canvas: learned independent region field from x,y,t",
  "run_id": "20260424T210149594507Z-c2-lite-glyph-independent-field-c45-learned-field-006-flow06-1536x864-s5500",
  "commit": "d0d98e4",
  "track": "C",
  "width": 960,
  "height": 544,
  "frames": 33,
  "fps": 24,
  "artifacts": {
    "input": "/Users/dennisonbertram/Develop/flipbook-research/outputs/track-c/20260424T210149594507Z-c2-lite-glyph-independent-field-c45-learned-field-006-flow06-1536x864-s5500/input.png",
    "render_960": "/Users/dennisonbertram/Develop/flipbook-research/outputs/track-c/20260424T210149594507Z-c2-lite-glyph-independent-field-c45-learned-field-006-flow06-1536x864-s5500/render-960.png",
    "render_mid": "/Users/dennisonbertram/Develop/flipbook-research/outputs/track-c/20260424T210149594507Z-c2-lite-glyph-independent-field-c45-learned-field-006-flow06-1536x864-s5500/render-mid.png",
    "render_last": "/Users/dennisonbertram/Develop/flipbook-research/outputs/track-c/20260424T210149594507Z-c2-lite-glyph-independent-field-c45-learned-field-006-flow06-1536x864-s5500/render-last.png",
    "render_512": "/Users/dennisonbertram/Develop/flipbook-research/outputs/track-c/20260424T210149594507Z-c2-lite-glyph-independent-field-c45-learned-field-006-flow06-1536x864-s5500/render-512.png",
    "crop_2x": "/Users/dennisonbertram/Develop/flipbook-research/outputs/track-c/20260424T210149594507Z-c2-lite-glyph-independent-field-c45-learned-field-006-flow06-1536x864-s5500/crop-2x.png",
    "text_mask": "/Users/dennisonbertram/Develop/flipbook-research/outputs/track-c/20260424T210149594507Z-c2-lite-glyph-independent-field-c45-learned-field-006-flow06-1536x864-s5500/text-mask.png",
    "element_alpha_mask": "/Users/dennisonbertram/Develop/flipbook-research/outputs/track-c/20260424T210149594507Z-c2-lite-glyph-independent-field-c45-learned-field-006-flow06-1536x864-s5500/element-alpha-mask.png",
    "text_boxes": "/Users/dennisonbertram/Develop/flipbook-research/outputs/track-c/20260424T210149594507Z-c2-lite-glyph-independent-field-c45-learned-field-006-flow06-1536x864-s5500/text-boxes.json",
    "output": "/Users/dennisonbertram/Develop/flipbook-research/outputs/track-c/20260424T210149594507Z-c2-lite-glyph-independent-field-c45-learned-field-006-flow06-1536x864-s5500/output.mp4",
    "metrics": "/Users/dennisonbertram/Develop/flipbook-research/outputs/track-c/20260424T210149594507Z-c2-lite-glyph-independent-field-c45-learned-field-006-flow06-1536x864-s5500/metrics.json",
    "quality": "/Users/dennisonbertram/Develop/flipbook-research/outputs/track-c/20260424T210149594507Z-c2-lite-glyph-independent-field-c45-learned-field-006-flow06-1536x864-s5500/quality.json"
  },
  "ocr_similarity": 0.6161137440758294,
  "layout_similarity": 0.9999467270707039,
  "motion_delta": 0.013750831596553326,
  "loop_error": 0.001951328362338245,
  "status": "near_miss"
}
DONE 20260424T210149594507Z-c2-lite-glyph-independent-field-c45-learned-field-006-flow06-1536x864-s5500 quality=0.6161 motion=0.0138
Stopping app - local entrypoint completed.
✓ App completed. View run at 
https://modal.com/apps/dennisonbertram/main/ap-2xkM0QWWAJquNgYPPuTOW6
