✓ Initialized. View run at 
https://modal.com/apps/dennisonbertram/main/ap-KFYStI8RivnFePc08sRkAP
✓ Created objects.
├── 🔨 Created mount 
│   /Users/dennisonbertram/Develop/flipbook-research/scripts/track_c/modal_canva
│   s_c2_lite.py
└── 🔨 Created function train_and_render_motion.
START 20260424T211158691057Z-c2-lite-glyph-static-layout-independent-translate-c46-translate-pan090-clip05-1536x864-s5500 config={"batch_size": 131072, "channels": 16, "edge_loss_weight": 0.9, "edge_sample_ratio": 0.09, "element_anchor_mode": "line", "element_anchor_padding": 3, "element_mask_mode": "rectangle", "element_render_mode": "sequential", "element_scale_ratio": 0.25, "experiment_label": "c46-translate-pan090-clip05", "flow_scale": 0.014, "fps": 24, "frames": 33, "freq_bands": 10, "grad_clip": 0.5, "hidden": 96, "layout_supersample": 1.0, "layout_transform_pan": 0.09, "layout_transform_strength": 0.0, "lr": 0.01, "lr_schedule": "constant", "min_lr_ratio": 0.1, "min_motion_delta": 0.04, "min_ocr_similarity": 0.4, "motion_mode": "static", "motion_strength": 0.0, "seed": 0, "source_resolution": [1280, 736], "steps": 5500, "text_box_loss_weight": 0.0, "text_box_min_conf": 55.0, "text_box_padding": 0, "text_box_sample_ratio": 0.0, "text_boxes": "0 boxes", "time_bands": 4, "train_resolution": "1536x864", "video_layout_mode": "independent-translate", "video_viewport_mode": "static", "viewport_pan": 0.0, "viewport_zoom": 0.0}
{
  "canvas_type": "time-conditioned-latent-feature-grid-learned-flow-mlp-glyph-weighted",
  "train_resolution": "1536x864",
  "steps": 5500,
  "batch_size": 131072,
  "channels": 16,
  "hidden": 96,
  "freq_bands": 10,
  "time_bands": 4,
  "lr": 0.01,
  "lr_schedule": "constant",
  "min_lr_ratio": 0.1,
  "grad_clip": 0.5,
  "seed": 0,
  "flow_scale": 0.014,
  "motion_mode": "static",
  "motion_strength": 0.0,
  "video_viewport_mode": "static",
  "viewport_zoom": 0.0,
  "viewport_pan": 0.0,
  "video_layout_mode": "independent-translate",
  "layout_transform_strength": 0.0,
  "layout_transform_pan": 0.09,
  "layout_supersample": 1.0,
  "layout_region_count": 5,
  "element_scale_ratio": 0.25,
  "element_anchor_padding": 3,
  "element_mask_mode": "rectangle",
  "element_anchor_mode": "line",
  "element_render_mode": "sequential",
  "element_line_count": 0,
  "min_ocr_similarity": 0.4,
  "min_motion_delta": 0.04,
  "edge_sample_ratio": 0.09,
  "edge_loss_weight": 0.9,
  "text_box_sample_ratio": 0.0,
  "text_box_loss_weight": 0.0,
  "text_box_padding": 0,
  "text_box_count": 0,
  "text_mask_coverage": 0.0,
  "element_alpha_coverage": 0.0,
  "compile_ms": 45175.241703,
  "final_mse": 1.828083986765705e-05,
  "losses": [
    {
      "step": 0,
      "mse": 0.22641521692276
    },
    {
      "step": 275,
      "mse": 0.000603706925176084
    },
    {
      "step": 550,
      "mse": 0.00027075750404037535
    },
    {
      "step": 825,
      "mse": 7.204349094536155e-05
    },
    {
      "step": 1100,
      "mse": 0.0041668228805065155
    },
    {
      "step": 1375,
      "mse": 5.498851533047855e-05
    },
    {
      "step": 1650,
      "mse": 3.5957200452685356e-05
    },
    {
      "step": 1925,
      "mse": 0.00011263025226071477
    },
    {
      "step": 2200,
      "mse": 1.4039456800674088e-05
    },
    {
      "step": 2475,
      "mse": 4.613907731254585e-05
    },
    {
      "step": 2750,
      "mse": 1.6330719518009573e-05
    },
    {
      "step": 3025,
      "mse": 1.3493186997948214e-05
    },
    {
      "step": 3300,
      "mse": 1.0008223398472182e-05
    },
    {
      "step": 3575,
      "mse": 1.6796981071820483e-05
    },
    {
      "step": 3850,
      "mse": 1.1872086361108813e-05
    },
    {
      "step": 4125,
      "mse": 1.6412290278822184e-05
    },
    {
      "step": 4400,
      "mse": 2.9335686122067273e-05
    },
    {
      "step": 4675,
      "mse": 3.4936929296236485e-05
    },
    {
      "step": 4950,
      "mse": 1.505140789959114e-05
    },
    {
      "step": 5225,
      "mse": 9.063993275049143e-06
    },
    {
      "step": 5499,
      "mse": 1.828083986765705e-05
    }
  ],
  "render_times": {
    "render-960.png": 14.622234000000844,
    "render-mid.png": 9.441455000001042,
    "render-last.png": 9.412564000001566,
    "render-512.png": 2.6365109999986203,
    "crop-2x.png": 9.300392000000102,
    "render-layout-mid.png": 10.86722199999457
  },
  "render_960_ms": 14.622234000000844,
  "render_33_wall_ms": 325.5696900000018,
  "encode_ms": 260.7040870000006,
  "resize_consistency": 0.9999571434418452,
  "temporal_consistency": 0.9999999995566327,
  "motion_delta_model": 0.0577421598136425,
  "loop_error_model": 4.4336739835060257e-10,
  "description": "C4.6 neural canvas: stable content with smooth independent region translation field",
  "run_id": "20260424T211158691057Z-c2-lite-glyph-static-layout-independent-translate-c46-translate-pan090-clip05-1536x864-s5500",
  "commit": "aed75f7",
  "track": "C",
  "width": 960,
  "height": 544,
  "frames": 33,
  "fps": 24,
  "artifacts": {
    "input": "/Users/dennisonbertram/Develop/flipbook-research/outputs/track-c/20260424T211158691057Z-c2-lite-glyph-static-layout-independent-translate-c46-translate-pan090-clip05-1536x864-s5500/input.png",
    "render_960": "/Users/dennisonbertram/Develop/flipbook-research/outputs/track-c/20260424T211158691057Z-c2-lite-glyph-static-layout-independent-translate-c46-translate-pan090-clip05-1536x864-s5500/render-960.png",
    "render_mid": "/Users/dennisonbertram/Develop/flipbook-research/outputs/track-c/20260424T211158691057Z-c2-lite-glyph-static-layout-independent-translate-c46-translate-pan090-clip05-1536x864-s5500/render-mid.png",
    "render_last": "/Users/dennisonbertram/Develop/flipbook-research/outputs/track-c/20260424T211158691057Z-c2-lite-glyph-static-layout-independent-translate-c46-translate-pan090-clip05-1536x864-s5500/render-last.png",
    "render_512": "/Users/dennisonbertram/Develop/flipbook-research/outputs/track-c/20260424T211158691057Z-c2-lite-glyph-static-layout-independent-translate-c46-translate-pan090-clip05-1536x864-s5500/render-512.png",
    "crop_2x": "/Users/dennisonbertram/Develop/flipbook-research/outputs/track-c/20260424T211158691057Z-c2-lite-glyph-static-layout-independent-translate-c46-translate-pan090-clip05-1536x864-s5500/crop-2x.png",
    "text_mask": "/Users/dennisonbertram/Develop/flipbook-research/outputs/track-c/20260424T211158691057Z-c2-lite-glyph-static-layout-independent-translate-c46-translate-pan090-clip05-1536x864-s5500/text-mask.png",
    "element_alpha_mask": "/Users/dennisonbertram/Develop/flipbook-research/outputs/track-c/20260424T211158691057Z-c2-lite-glyph-static-layout-independent-translate-c46-translate-pan090-clip05-1536x864-s5500/element-alpha-mask.png",
    "text_boxes": "/Users/dennisonbertram/Develop/flipbook-research/outputs/track-c/20260424T211158691057Z-c2-lite-glyph-static-layout-independent-translate-c46-translate-pan090-clip05-1536x864-s5500/text-boxes.json",
    "output": "/Users/dennisonbertram/Develop/flipbook-research/outputs/track-c/20260424T211158691057Z-c2-lite-glyph-static-layout-independent-translate-c46-translate-pan090-clip05-1536x864-s5500/output.mp4",
    "metrics": "/Users/dennisonbertram/Develop/flipbook-research/outputs/track-c/20260424T211158691057Z-c2-lite-glyph-static-layout-independent-translate-c46-translate-pan090-clip05-1536x864-s5500/metrics.json",
    "quality": "/Users/dennisonbertram/Develop/flipbook-research/outputs/track-c/20260424T211158691057Z-c2-lite-glyph-static-layout-independent-translate-c46-translate-pan090-clip05-1536x864-s5500/quality.json",
    "render_layout_mid": "/Users/dennisonbertram/Develop/flipbook-research/outputs/track-c/20260424T211158691057Z-c2-lite-glyph-static-layout-independent-translate-c46-translate-pan090-clip05-1536x864-s5500/render-layout-mid.png"
  },
  "ocr_similarity": 0.23469387755102042,
  "layout_similarity": 0.9999571434418452,
  "motion_delta": 0.03268995136022568,
  "loop_error": 0.001114666578359902,
  "status": "near_miss"
}
DONE 20260424T211158691057Z-c2-lite-glyph-static-layout-independent-translate-c46-translate-pan090-clip05-1536x864-s5500 quality=0.2347 motion=0.0327
Stopping app - local entrypoint completed.
✓ App completed. View run at 
https://modal.com/apps/dennisonbertram/main/ap-KFYStI8RivnFePc08sRkAP
