✓ Initialized. View run at 
https://modal.com/apps/dennisonbertram/main/ap-pZRRSLEGvqCq4ro6tMovtz
✓ Created objects.
├── 🔨 Created mount 
│   /Users/dennisonbertram/Develop/flipbook-research/scripts/track_c/modal_canva
│   s_c2_lite.py
└── 🔨 Created function train_and_render_motion.
START 20260424T211157660917Z-c2-lite-glyph-static-layout-independent-translate-c46-translate-pan075-clip05-1536x864-s5500 config={"batch_size": 131072, "channels": 16, "edge_loss_weight": 0.9, "edge_sample_ratio": 0.09, "element_anchor_mode": "line", "element_anchor_padding": 3, "element_mask_mode": "rectangle", "element_render_mode": "sequential", "element_scale_ratio": 0.25, "experiment_label": "c46-translate-pan075-clip05", "flow_scale": 0.014, "fps": 24, "frames": 33, "freq_bands": 10, "grad_clip": 0.5, "hidden": 96, "layout_supersample": 1.0, "layout_transform_pan": 0.075, "layout_transform_strength": 0.0, "lr": 0.01, "lr_schedule": "constant", "min_lr_ratio": 0.1, "min_motion_delta": 0.035, "min_ocr_similarity": 0.45, "motion_mode": "static", "motion_strength": 0.0, "seed": 0, "source_resolution": [1280, 736], "steps": 5500, "text_box_loss_weight": 0.0, "text_box_min_conf": 55.0, "text_box_padding": 0, "text_box_sample_ratio": 0.0, "text_boxes": "0 boxes", "time_bands": 4, "train_resolution": "1536x864", "video_layout_mode": "independent-translate", "video_viewport_mode": "static", "viewport_pan": 0.0, "viewport_zoom": 0.0}
{
  "canvas_type": "time-conditioned-latent-feature-grid-learned-flow-mlp-glyph-weighted",
  "train_resolution": "1536x864",
  "steps": 5500,
  "batch_size": 131072,
  "channels": 16,
  "hidden": 96,
  "freq_bands": 10,
  "time_bands": 4,
  "lr": 0.01,
  "lr_schedule": "constant",
  "min_lr_ratio": 0.1,
  "grad_clip": 0.5,
  "seed": 0,
  "flow_scale": 0.014,
  "motion_mode": "static",
  "motion_strength": 0.0,
  "video_viewport_mode": "static",
  "viewport_zoom": 0.0,
  "viewport_pan": 0.0,
  "video_layout_mode": "independent-translate",
  "layout_transform_strength": 0.0,
  "layout_transform_pan": 0.075,
  "layout_supersample": 1.0,
  "layout_region_count": 5,
  "element_scale_ratio": 0.25,
  "element_anchor_padding": 3,
  "element_mask_mode": "rectangle",
  "element_anchor_mode": "line",
  "element_render_mode": "sequential",
  "element_line_count": 0,
  "min_ocr_similarity": 0.45,
  "min_motion_delta": 0.035,
  "edge_sample_ratio": 0.09,
  "edge_loss_weight": 0.9,
  "text_box_sample_ratio": 0.0,
  "text_box_loss_weight": 0.0,
  "text_box_padding": 0,
  "text_box_count": 0,
  "text_mask_coverage": 0.0,
  "element_alpha_coverage": 0.0,
  "compile_ms": 45370.191186,
  "final_mse": 4.499995156947989e-06,
  "losses": [
    {
      "step": 0,
      "mse": 0.2264101505279541
    },
    {
      "step": 275,
      "mse": 0.000510341371409595
    },
    {
      "step": 550,
      "mse": 0.00018180823826696724
    },
    {
      "step": 825,
      "mse": 0.00013921626668889076
    },
    {
      "step": 1100,
      "mse": 5.417881766334176e-05
    },
    {
      "step": 1375,
      "mse": 7.671081402804703e-05
    },
    {
      "step": 1650,
      "mse": 3.714192280313e-05
    },
    {
      "step": 1925,
      "mse": 2.252423291793093e-05
    },
    {
      "step": 2200,
      "mse": 1.8700913642533123e-05
    },
    {
      "step": 2475,
      "mse": 1.098737175198039e-05
    },
    {
      "step": 2750,
      "mse": 1.2917501408082899e-05
    },
    {
      "step": 3025,
      "mse": 0.0001902169024106115
    },
    {
      "step": 3300,
      "mse": 2.4771723474259488e-05
    },
    {
      "step": 3575,
      "mse": 1.650655030971393e-05
    },
    {
      "step": 3850,
      "mse": 1.1905678547918797e-05
    },
    {
      "step": 4125,
      "mse": 1.0254856533720158e-05
    },
    {
      "step": 4400,
      "mse": 5.97045618633274e-06
    },
    {
      "step": 4675,
      "mse": 8.328936019097455e-06
    },
    {
      "step": 4950,
      "mse": 1.572083419887349e-05
    },
    {
      "step": 5225,
      "mse": 6.6549946495797485e-06
    },
    {
      "step": 5499,
      "mse": 4.499995156947989e-06
    }
  ],
  "render_times": {
    "render-960.png": 129.07797499998708,
    "render-mid.png": 9.616868000009049,
    "render-last.png": 9.664868000001547,
    "render-512.png": 2.893322999995007,
    "crop-2x.png": 9.399539000000345,
    "render-layout-mid.png": 10.963662999998292
  },
  "render_960_ms": 129.07797499998708,
  "render_33_wall_ms": 325.61220199998786,
  "encode_ms": 580.1328149999989,
  "resize_consistency": 0.9999612247022653,
  "temporal_consistency": 0.999999999631808,
  "motion_delta_model": 0.05454428493976593,
  "loop_error_model": 3.681920046627596e-10,
  "description": "C4.6 neural canvas: stable content with smooth independent region translation field",
  "run_id": "20260424T211157660917Z-c2-lite-glyph-static-layout-independent-translate-c46-translate-pan075-clip05-1536x864-s5500",
  "commit": "aed75f7",
  "track": "C",
  "width": 960,
  "height": 544,
  "frames": 33,
  "fps": 24,
  "artifacts": {
    "input": "/Users/dennisonbertram/Develop/flipbook-research/outputs/track-c/20260424T211157660917Z-c2-lite-glyph-static-layout-independent-translate-c46-translate-pan075-clip05-1536x864-s5500/input.png",
    "render_960": "/Users/dennisonbertram/Develop/flipbook-research/outputs/track-c/20260424T211157660917Z-c2-lite-glyph-static-layout-independent-translate-c46-translate-pan075-clip05-1536x864-s5500/render-960.png",
    "render_mid": "/Users/dennisonbertram/Develop/flipbook-research/outputs/track-c/20260424T211157660917Z-c2-lite-glyph-static-layout-independent-translate-c46-translate-pan075-clip05-1536x864-s5500/render-mid.png",
    "render_last": "/Users/dennisonbertram/Develop/flipbook-research/outputs/track-c/20260424T211157660917Z-c2-lite-glyph-static-layout-independent-translate-c46-translate-pan075-clip05-1536x864-s5500/render-last.png",
    "render_512": "/Users/dennisonbertram/Develop/flipbook-research/outputs/track-c/20260424T211157660917Z-c2-lite-glyph-static-layout-independent-translate-c46-translate-pan075-clip05-1536x864-s5500/render-512.png",
    "crop_2x": "/Users/dennisonbertram/Develop/flipbook-research/outputs/track-c/20260424T211157660917Z-c2-lite-glyph-static-layout-independent-translate-c46-translate-pan075-clip05-1536x864-s5500/crop-2x.png",
    "text_mask": "/Users/dennisonbertram/Develop/flipbook-research/outputs/track-c/20260424T211157660917Z-c2-lite-glyph-static-layout-independent-translate-c46-translate-pan075-clip05-1536x864-s5500/text-mask.png",
    "element_alpha_mask": "/Users/dennisonbertram/Develop/flipbook-research/outputs/track-c/20260424T211157660917Z-c2-lite-glyph-static-layout-independent-translate-c46-translate-pan075-clip05-1536x864-s5500/element-alpha-mask.png",
    "text_boxes": "/Users/dennisonbertram/Develop/flipbook-research/outputs/track-c/20260424T211157660917Z-c2-lite-glyph-static-layout-independent-translate-c46-translate-pan075-clip05-1536x864-s5500/text-boxes.json",
    "output": "/Users/dennisonbertram/Develop/flipbook-research/outputs/track-c/20260424T211157660917Z-c2-lite-glyph-static-layout-independent-translate-c46-translate-pan075-clip05-1536x864-s5500/output.mp4",
    "metrics": "/Users/dennisonbertram/Develop/flipbook-research/outputs/track-c/20260424T211157660917Z-c2-lite-glyph-static-layout-independent-translate-c46-translate-pan075-clip05-1536x864-s5500/metrics.json",
    "quality": "/Users/dennisonbertram/Develop/flipbook-research/outputs/track-c/20260424T211157660917Z-c2-lite-glyph-static-layout-independent-translate-c46-translate-pan075-clip05-1536x864-s5500/quality.json",
    "render_layout_mid": "/Users/dennisonbertram/Develop/flipbook-research/outputs/track-c/20260424T211157660917Z-c2-lite-glyph-static-layout-independent-translate-c46-translate-pan075-clip05-1536x864-s5500/render-layout-mid.png"
  },
  "ocr_similarity": 0.4375,
  "layout_similarity": 0.9999612247022653,
  "motion_delta": 0.030188096687197685,
  "loop_error": 0.001382458838634193,
  "status": "near_miss"
}
DONE 20260424T211157660917Z-c2-lite-glyph-static-layout-independent-translate-c46-translate-pan075-clip05-1536x864-s5500 quality=0.4375 motion=0.0302
Stopping app - local entrypoint completed.
✓ App completed. View run at 
https://modal.com/apps/dennisonbertram/main/ap-pZRRSLEGvqCq4ro6tMovtz
