✓ Initialized. View run at 
https://modal.com/apps/dennisonbertram/main/ap-3xkLbPaDFa7JYciM4QkhYH
✓ Created objects.
├── 🔨 Created mount 
│   /Users/dennisonbertram/Develop/flipbook-research/scripts/track_c/modal_canva
│   s_c2_lite.py
└── 🔨 Created function train_and_render_motion.
START 20260424T211159137230Z-c2-lite-glyph-static-layout-independent-translate-c46-translate-pan030-clip05-1536x864-s5500 config={"batch_size": 131072, "channels": 16, "edge_loss_weight": 0.9, "edge_sample_ratio": 0.09, "element_anchor_mode": "line", "element_anchor_padding": 3, "element_mask_mode": "rectangle", "element_render_mode": "sequential", "element_scale_ratio": 0.25, "experiment_label": "c46-translate-pan030-clip05", "flow_scale": 0.014, "fps": 24, "frames": 33, "freq_bands": 10, "grad_clip": 0.5, "hidden": 96, "layout_supersample": 1.0, "layout_transform_pan": 0.03, "layout_transform_strength": 0.0, "lr": 0.01, "lr_schedule": "constant", "min_lr_ratio": 0.1, "min_motion_delta": 0.02, "min_ocr_similarity": 0.65, "motion_mode": "static", "motion_strength": 0.0, "seed": 0, "source_resolution": [1280, 736], "steps": 5500, "text_box_loss_weight": 0.0, "text_box_min_conf": 55.0, "text_box_padding": 0, "text_box_sample_ratio": 0.0, "text_boxes": "0 boxes", "time_bands": 4, "train_resolution": "1536x864", "video_layout_mode": "independent-translate", "video_viewport_mode": "static", "viewport_pan": 0.0, "viewport_zoom": 0.0}
{
  "canvas_type": "time-conditioned-latent-feature-grid-learned-flow-mlp-glyph-weighted",
  "train_resolution": "1536x864",
  "steps": 5500,
  "batch_size": 131072,
  "channels": 16,
  "hidden": 96,
  "freq_bands": 10,
  "time_bands": 4,
  "lr": 0.01,
  "lr_schedule": "constant",
  "min_lr_ratio": 0.1,
  "grad_clip": 0.5,
  "seed": 0,
  "flow_scale": 0.014,
  "motion_mode": "static",
  "motion_strength": 0.0,
  "video_viewport_mode": "static",
  "viewport_zoom": 0.0,
  "viewport_pan": 0.0,
  "video_layout_mode": "independent-translate",
  "layout_transform_strength": 0.0,
  "layout_transform_pan": 0.03,
  "layout_supersample": 1.0,
  "layout_region_count": 5,
  "element_scale_ratio": 0.25,
  "element_anchor_padding": 3,
  "element_mask_mode": "rectangle",
  "element_anchor_mode": "line",
  "element_render_mode": "sequential",
  "element_line_count": 0,
  "min_ocr_similarity": 0.65,
  "min_motion_delta": 0.02,
  "edge_sample_ratio": 0.09,
  "edge_loss_weight": 0.9,
  "text_box_sample_ratio": 0.0,
  "text_box_loss_weight": 0.0,
  "text_box_padding": 0,
  "text_box_count": 0,
  "text_mask_coverage": 0.0,
  "element_alpha_coverage": 0.0,
  "compile_ms": 45218.162299999996,
  "final_mse": 3.715943239512853e-05,
  "losses": [
    {
      "step": 0,
      "mse": 0.2264156937599182
    },
    {
      "step": 275,
      "mse": 0.0004853442660532892
    },
    {
      "step": 550,
      "mse": 0.00017559254774823785
    },
    {
      "step": 825,
      "mse": 9.875803516479209e-05
    },
    {
      "step": 1100,
      "mse": 0.00039511092472821474
    },
    {
      "step": 1375,
      "mse": 5.144410170032643e-05
    },
    {
      "step": 1650,
      "mse": 4.137478754273616e-05
    },
    {
      "step": 1925,
      "mse": 3.5388493415666744e-05
    },
    {
      "step": 2200,
      "mse": 2.4158351152436808e-05
    },
    {
      "step": 2475,
      "mse": 1.6367825082852505e-05
    },
    {
      "step": 2750,
      "mse": 7.268458830367308e-06
    },
    {
      "step": 3025,
      "mse": 9.989958198275417e-05
    },
    {
      "step": 3300,
      "mse": 2.691572626645211e-05
    },
    {
      "step": 3575,
      "mse": 1.9854694983223453e-05
    },
    {
      "step": 3850,
      "mse": 1.1913429261767305e-05
    },
    {
      "step": 4125,
      "mse": 1.1247248039580882e-05
    },
    {
      "step": 4400,
      "mse": 3.2916010241024196e-05
    },
    {
      "step": 4675,
      "mse": 3.3067233744077384e-05
    },
    {
      "step": 4950,
      "mse": 7.356026799243409e-06
    },
    {
      "step": 5225,
      "mse": 7.2144894147641025e-06
    },
    {
      "step": 5499,
      "mse": 3.715943239512853e-05
    }
  ],
  "render_times": {
    "render-960.png": 14.527510999997162,
    "render-mid.png": 9.45493500000083,
    "render-last.png": 9.415222000001222,
    "render-512.png": 2.6210280000000807,
    "crop-2x.png": 9.30499399999718,
    "render-layout-mid.png": 10.716338000001713
  },
  "render_960_ms": 14.527510999997162,
  "render_33_wall_ms": 325.26636000000053,
  "encode_ms": 247.63891199999932,
  "resize_consistency": 0.9999631774466755,
  "temporal_consistency": 0.9999999995584207,
  "motion_delta_model": 0.04529261961579323,
  "loop_error_model": 4.415793009027169e-10,
  "description": "C4.6 neural canvas: stable content with smooth independent region translation field",
  "run_id": "20260424T211159137230Z-c2-lite-glyph-static-layout-independent-translate-c46-translate-pan030-clip05-1536x864-s5500",
  "commit": "aed75f7",
  "track": "C",
  "width": 960,
  "height": 544,
  "frames": 33,
  "fps": 24,
  "artifacts": {
    "input": "/Users/dennisonbertram/Develop/flipbook-research/outputs/track-c/20260424T211159137230Z-c2-lite-glyph-static-layout-independent-translate-c46-translate-pan030-clip05-1536x864-s5500/input.png",
    "render_960": "/Users/dennisonbertram/Develop/flipbook-research/outputs/track-c/20260424T211159137230Z-c2-lite-glyph-static-layout-independent-translate-c46-translate-pan030-clip05-1536x864-s5500/render-960.png",
    "render_mid": "/Users/dennisonbertram/Develop/flipbook-research/outputs/track-c/20260424T211159137230Z-c2-lite-glyph-static-layout-independent-translate-c46-translate-pan030-clip05-1536x864-s5500/render-mid.png",
    "render_last": "/Users/dennisonbertram/Develop/flipbook-research/outputs/track-c/20260424T211159137230Z-c2-lite-glyph-static-layout-independent-translate-c46-translate-pan030-clip05-1536x864-s5500/render-last.png",
    "render_512": "/Users/dennisonbertram/Develop/flipbook-research/outputs/track-c/20260424T211159137230Z-c2-lite-glyph-static-layout-independent-translate-c46-translate-pan030-clip05-1536x864-s5500/render-512.png",
    "crop_2x": "/Users/dennisonbertram/Develop/flipbook-research/outputs/track-c/20260424T211159137230Z-c2-lite-glyph-static-layout-independent-translate-c46-translate-pan030-clip05-1536x864-s5500/crop-2x.png",
    "text_mask": "/Users/dennisonbertram/Develop/flipbook-research/outputs/track-c/20260424T211159137230Z-c2-lite-glyph-static-layout-independent-translate-c46-translate-pan030-clip05-1536x864-s5500/text-mask.png",
    "element_alpha_mask": "/Users/dennisonbertram/Develop/flipbook-research/outputs/track-c/20260424T211159137230Z-c2-lite-glyph-static-layout-independent-translate-c46-translate-pan030-clip05-1536x864-s5500/element-alpha-mask.png",
    "text_boxes": "/Users/dennisonbertram/Develop/flipbook-research/outputs/track-c/20260424T211159137230Z-c2-lite-glyph-static-layout-independent-translate-c46-translate-pan030-clip05-1536x864-s5500/text-boxes.json",
    "output": "/Users/dennisonbertram/Develop/flipbook-research/outputs/track-c/20260424T211159137230Z-c2-lite-glyph-static-layout-independent-translate-c46-translate-pan030-clip05-1536x864-s5500/output.mp4",
    "metrics": "/Users/dennisonbertram/Develop/flipbook-research/outputs/track-c/20260424T211159137230Z-c2-lite-glyph-static-layout-independent-translate-c46-translate-pan030-clip05-1536x864-s5500/metrics.json",
    "quality": "/Users/dennisonbertram/Develop/flipbook-research/outputs/track-c/20260424T211159137230Z-c2-lite-glyph-static-layout-independent-translate-c46-translate-pan030-clip05-1536x864-s5500/quality.json",
    "render_layout_mid": "/Users/dennisonbertram/Develop/flipbook-research/outputs/track-c/20260424T211159137230Z-c2-lite-glyph-static-layout-independent-translate-c46-translate-pan030-clip05-1536x864-s5500/render-layout-mid.png"
  },
  "ocr_similarity": 0.6948356807511736,
  "layout_similarity": 0.9999631774466755,
  "motion_delta": 0.018428120762109756,
  "loop_error": 0.0016699194675311446,
  "status": "near_miss"
}
DONE 20260424T211159137230Z-c2-lite-glyph-static-layout-independent-translate-c46-translate-pan030-clip05-1536x864-s5500 quality=0.6948 motion=0.0184
Stopping app - local entrypoint completed.
✓ App completed. View run at 
https://modal.com/apps/dennisonbertram/main/ap-3xkLbPaDFa7JYciM4QkhYH
