✓ Initialized. View run at 
https://modal.com/apps/dennisonbertram/main/ap-svhpCJYUved9LCxF3F7xPm
✓ Created objects.
├── 🔨 Created mount 
│   /Users/dennisonbertram/Develop/flipbook-research/scripts/track_c/modal_canva
│   s_c2_lite.py
└── 🔨 Created function train_and_render_motion.
START 20260424T211158316445Z-c2-lite-glyph-static-layout-independent-translate-c46-translate-pan075-clip05-seed1-1536x864-s5500 config={"batch_size": 131072, "channels": 16, "edge_loss_weight": 0.9, "edge_sample_ratio": 0.09, "element_anchor_mode": "line", "element_anchor_padding": 3, "element_mask_mode": "rectangle", "element_render_mode": "sequential", "element_scale_ratio": 0.25, "experiment_label": "c46-translate-pan075-clip05-seed1", "flow_scale": 0.014, "fps": 24, "frames": 33, "freq_bands": 10, "grad_clip": 0.5, "hidden": 96, "layout_supersample": 1.0, "layout_transform_pan": 0.075, "layout_transform_strength": 0.0, "lr": 0.01, "lr_schedule": "constant", "min_lr_ratio": 0.1, "min_motion_delta": 0.035, "min_ocr_similarity": 0.45, "motion_mode": "static", "motion_strength": 0.0, "seed": 1, "source_resolution": [1280, 736], "steps": 5500, "text_box_loss_weight": 0.0, "text_box_min_conf": 55.0, "text_box_padding": 0, "text_box_sample_ratio": 0.0, "text_boxes": "0 boxes", "time_bands": 4, "train_resolution": "1536x864", "video_layout_mode": "independent-translate", "video_viewport_mode": "static", "viewport_pan": 0.0, "viewport_zoom": 0.0}
{
  "canvas_type": "time-conditioned-latent-feature-grid-learned-flow-mlp-glyph-weighted",
  "train_resolution": "1536x864",
  "steps": 5500,
  "batch_size": 131072,
  "channels": 16,
  "hidden": 96,
  "freq_bands": 10,
  "time_bands": 4,
  "lr": 0.01,
  "lr_schedule": "constant",
  "min_lr_ratio": 0.1,
  "grad_clip": 0.5,
  "seed": 1,
  "flow_scale": 0.014,
  "motion_mode": "static",
  "motion_strength": 0.0,
  "video_viewport_mode": "static",
  "viewport_zoom": 0.0,
  "viewport_pan": 0.0,
  "video_layout_mode": "independent-translate",
  "layout_transform_strength": 0.0,
  "layout_transform_pan": 0.075,
  "layout_supersample": 1.0,
  "layout_region_count": 5,
  "element_scale_ratio": 0.25,
  "element_anchor_padding": 3,
  "element_mask_mode": "rectangle",
  "element_anchor_mode": "line",
  "element_render_mode": "sequential",
  "element_line_count": 0,
  "min_ocr_similarity": 0.45,
  "min_motion_delta": 0.035,
  "edge_sample_ratio": 0.09,
  "edge_loss_weight": 0.9,
  "text_box_sample_ratio": 0.0,
  "text_box_loss_weight": 0.0,
  "text_box_padding": 0,
  "text_box_count": 0,
  "text_mask_coverage": 0.0,
  "element_alpha_coverage": 0.0,
  "compile_ms": 45244.385694000004,
  "final_mse": 7.718242159171496e-06,
  "losses": [
    {
      "step": 0,
      "mse": 0.21063798666000366
    },
    {
      "step": 275,
      "mse": 0.00028559548081830144
    },
    {
      "step": 550,
      "mse": 0.0010181884281337261
    },
    {
      "step": 825,
      "mse": 6.118589953985065e-05
    },
    {
      "step": 1100,
      "mse": 5.2713970944751054e-05
    },
    {
      "step": 1375,
      "mse": 5.661670002155006e-05
    },
    {
      "step": 1650,
      "mse": 3.0744937248528004e-05
    },
    {
      "step": 1925,
      "mse": 1.894716842798516e-05
    },
    {
      "step": 2200,
      "mse": 1.8149738025385886e-05
    },
    {
      "step": 2475,
      "mse": 1.7099435353884473e-05
    },
    {
      "step": 2750,
      "mse": 2.604012297524605e-05
    },
    {
      "step": 3025,
      "mse": 0.00023402196529787034
    },
    {
      "step": 3300,
      "mse": 2.7818010494229384e-05
    },
    {
      "step": 3575,
      "mse": 1.862899080151692e-05
    },
    {
      "step": 3850,
      "mse": 1.2752645488944836e-05
    },
    {
      "step": 4125,
      "mse": 1.2732870345644187e-05
    },
    {
      "step": 4400,
      "mse": 1.2854221495217644e-05
    },
    {
      "step": 4675,
      "mse": 9.835142918745987e-06
    },
    {
      "step": 4950,
      "mse": 9.14067350095138e-05
    },
    {
      "step": 5225,
      "mse": 1.342933319392614e-05
    },
    {
      "step": 5499,
      "mse": 7.718242159171496e-06
    }
  ],
  "render_times": {
    "render-960.png": 15.930460999996399,
    "render-mid.png": 9.497914999997192,
    "render-last.png": 9.452564000000052,
    "render-512.png": 2.6507519999938722,
    "crop-2x.png": 9.361565999995491,
    "render-layout-mid.png": 11.048701999996524
  },
  "render_960_ms": 15.930460999996399,
  "render_33_wall_ms": 325.7879519999989,
  "encode_ms": 254.64897700000222,
  "resize_consistency": 0.9999639806450444,
  "temporal_consistency": 0.9999999995467411,
  "motion_delta_model": 0.054578255861997604,
  "loop_error_model": 4.5325887487734917e-10,
  "description": "C4.6 neural canvas: stable content with smooth independent region translation field",
  "run_id": "20260424T211158316445Z-c2-lite-glyph-static-layout-independent-translate-c46-translate-pan075-clip05-seed1-1536x864-s5500",
  "commit": "aed75f7",
  "track": "C",
  "width": 960,
  "height": 544,
  "frames": 33,
  "fps": 24,
  "artifacts": {
    "input": "/Users/dennisonbertram/Develop/flipbook-research/outputs/track-c/20260424T211158316445Z-c2-lite-glyph-static-layout-independent-translate-c46-translate-pan075-clip05-seed1-1536x864-s5500/input.png",
    "render_960": "/Users/dennisonbertram/Develop/flipbook-research/outputs/track-c/20260424T211158316445Z-c2-lite-glyph-static-layout-independent-translate-c46-translate-pan075-clip05-seed1-1536x864-s5500/render-960.png",
    "render_mid": "/Users/dennisonbertram/Develop/flipbook-research/outputs/track-c/20260424T211158316445Z-c2-lite-glyph-static-layout-independent-translate-c46-translate-pan075-clip05-seed1-1536x864-s5500/render-mid.png",
    "render_last": "/Users/dennisonbertram/Develop/flipbook-research/outputs/track-c/20260424T211158316445Z-c2-lite-glyph-static-layout-independent-translate-c46-translate-pan075-clip05-seed1-1536x864-s5500/render-last.png",
    "render_512": "/Users/dennisonbertram/Develop/flipbook-research/outputs/track-c/20260424T211158316445Z-c2-lite-glyph-static-layout-independent-translate-c46-translate-pan075-clip05-seed1-1536x864-s5500/render-512.png",
    "crop_2x": "/Users/dennisonbertram/Develop/flipbook-research/outputs/track-c/20260424T211158316445Z-c2-lite-glyph-static-layout-independent-translate-c46-translate-pan075-clip05-seed1-1536x864-s5500/crop-2x.png",
    "text_mask": "/Users/dennisonbertram/Develop/flipbook-research/outputs/track-c/20260424T211158316445Z-c2-lite-glyph-static-layout-independent-translate-c46-translate-pan075-clip05-seed1-1536x864-s5500/text-mask.png",
    "element_alpha_mask": "/Users/dennisonbertram/Develop/flipbook-research/outputs/track-c/20260424T211158316445Z-c2-lite-glyph-static-layout-independent-translate-c46-translate-pan075-clip05-seed1-1536x864-s5500/element-alpha-mask.png",
    "text_boxes": "/Users/dennisonbertram/Develop/flipbook-research/outputs/track-c/20260424T211158316445Z-c2-lite-glyph-static-layout-independent-translate-c46-translate-pan075-clip05-seed1-1536x864-s5500/text-boxes.json",
    "output": "/Users/dennisonbertram/Develop/flipbook-research/outputs/track-c/20260424T211158316445Z-c2-lite-glyph-static-layout-independent-translate-c46-translate-pan075-clip05-seed1-1536x864-s5500/output.mp4",
    "metrics": "/Users/dennisonbertram/Develop/flipbook-research/outputs/track-c/20260424T211158316445Z-c2-lite-glyph-static-layout-independent-translate-c46-translate-pan075-clip05-seed1-1536x864-s5500/metrics.json",
    "quality": "/Users/dennisonbertram/Develop/flipbook-research/outputs/track-c/20260424T211158316445Z-c2-lite-glyph-static-layout-independent-translate-c46-translate-pan075-clip05-seed1-1536x864-s5500/quality.json",
    "render_layout_mid": "/Users/dennisonbertram/Develop/flipbook-research/outputs/track-c/20260424T211158316445Z-c2-lite-glyph-static-layout-independent-translate-c46-translate-pan075-clip05-seed1-1536x864-s5500/render-layout-mid.png"
  },
  "ocr_similarity": 0.3384615384615385,
  "layout_similarity": 0.9999639806450444,
  "motion_delta": 0.030162755399942398,
  "loop_error": 0.0014446788700297475,
  "status": "near_miss"
}
DONE 20260424T211158316445Z-c2-lite-glyph-static-layout-independent-translate-c46-translate-pan075-clip05-seed1-1536x864-s5500 quality=0.3385 motion=0.0302
Stopping app - local entrypoint completed.
✓ App completed. View run at 
https://modal.com/apps/dennisonbertram/main/ap-svhpCJYUved9LCxF3F7xPm
