✓ Initialized. View run at 
https://modal.com/apps/dennisonbertram/main/ap-bUcgiyMPJlBpD79JfYsLUK
✓ Created objects.
├── 🔨 Created mount 
│   /Users/dennisonbertram/Develop/flipbook-research/scripts/track_c/modal_canva
│   s_c2_lite.py
└── 🔨 Created function train_and_render_motion.
START 20260424T211157654547Z-c2-lite-glyph-static-layout-independent-translate-c46-translate-pan060-freq12-clip05-1536x864-s5500 config={"batch_size": 131072, "channels": 16, "edge_loss_weight": 0.9, "edge_sample_ratio": 0.09, "element_anchor_mode": "line", "element_anchor_padding": 3, "element_mask_mode": "rectangle", "element_render_mode": "sequential", "element_scale_ratio": 0.25, "experiment_label": "c46-translate-pan060-freq12-clip05", "flow_scale": 0.014, "fps": 24, "frames": 33, "freq_bands": 12, "grad_clip": 0.5, "hidden": 96, "layout_supersample": 1.0, "layout_transform_pan": 0.06, "layout_transform_strength": 0.0, "lr": 0.01, "lr_schedule": "constant", "min_lr_ratio": 0.1, "min_motion_delta": 0.03, "min_ocr_similarity": 0.52, "motion_mode": "static", "motion_strength": 0.0, "seed": 0, "source_resolution": [1280, 736], "steps": 5500, "text_box_loss_weight": 0.0, "text_box_min_conf": 55.0, "text_box_padding": 0, "text_box_sample_ratio": 0.0, "text_boxes": "0 boxes", "time_bands": 4, "train_resolution": "1536x864", "video_layout_mode": "independent-translate", "video_viewport_mode": "static", "viewport_pan": 0.0, "viewport_zoom": 0.0}
{
  "canvas_type": "time-conditioned-latent-feature-grid-learned-flow-mlp-glyph-weighted",
  "train_resolution": "1536x864",
  "steps": 5500,
  "batch_size": 131072,
  "channels": 16,
  "hidden": 96,
  "freq_bands": 12,
  "time_bands": 4,
  "lr": 0.01,
  "lr_schedule": "constant",
  "min_lr_ratio": 0.1,
  "grad_clip": 0.5,
  "seed": 0,
  "flow_scale": 0.014,
  "motion_mode": "static",
  "motion_strength": 0.0,
  "video_viewport_mode": "static",
  "viewport_zoom": 0.0,
  "viewport_pan": 0.0,
  "video_layout_mode": "independent-translate",
  "layout_transform_strength": 0.0,
  "layout_transform_pan": 0.06,
  "layout_supersample": 1.0,
  "layout_region_count": 5,
  "element_scale_ratio": 0.25,
  "element_anchor_padding": 3,
  "element_mask_mode": "rectangle",
  "element_anchor_mode": "line",
  "element_render_mode": "sequential",
  "element_line_count": 0,
  "min_ocr_similarity": 0.52,
  "min_motion_delta": 0.03,
  "edge_sample_ratio": 0.09,
  "edge_loss_weight": 0.9,
  "text_box_sample_ratio": 0.0,
  "text_box_loss_weight": 0.0,
  "text_box_padding": 0,
  "text_box_count": 0,
  "text_mask_coverage": 0.0,
  "element_alpha_coverage": 0.0,
  "compile_ms": 45942.672779,
  "final_mse": 4.145482671447098e-05,
  "losses": [
    {
      "step": 0,
      "mse": 0.21064946055412292
    },
    {
      "step": 275,
      "mse": 0.00035883692908100784
    },
    {
      "step": 550,
      "mse": 0.00010402158659417182
    },
    {
      "step": 825,
      "mse": 0.00022372101375367492
    },
    {
      "step": 1100,
      "mse": 5.644380144076422e-05
    },
    {
      "step": 1375,
      "mse": 2.8595226467587054e-05
    },
    {
      "step": 1650,
      "mse": 1.7935351934283972e-05
    },
    {
      "step": 1925,
      "mse": 1.7540674889460206e-05
    },
    {
      "step": 2200,
      "mse": 1.2251932275830768e-05
    },
    {
      "step": 2475,
      "mse": 1.309944400418317e-05
    },
    {
      "step": 2750,
      "mse": 1.869760853878688e-05
    },
    {
      "step": 3025,
      "mse": 1.4136188838165253e-05
    },
    {
      "step": 3300,
      "mse": 1.0270429811498616e-05
    },
    {
      "step": 3575,
      "mse": 1.1580630598473363e-05
    },
    {
      "step": 3850,
      "mse": 6.463211320806295e-06
    },
    {
      "step": 4125,
      "mse": 1.562414581712801e-05
    },
    {
      "step": 4400,
      "mse": 1.855224218161311e-05
    },
    {
      "step": 4675,
      "mse": 2.9672208256670274e-05
    },
    {
      "step": 4950,
      "mse": 0.00016832188703119755
    },
    {
      "step": 5225,
      "mse": 6.068768198019825e-05
    },
    {
      "step": 5499,
      "mse": 4.145482671447098e-05
    }
  ],
  "render_times": {
    "render-960.png": 16.070599999999047,
    "render-mid.png": 10.215676000001395,
    "render-last.png": 10.216409000001647,
    "render-512.png": 2.709977000002084,
    "crop-2x.png": 10.096081999996898,
    "render-layout-mid.png": 11.478389000004086
  },
  "render_960_ms": 16.070599999999047,
  "render_33_wall_ms": 350.9853790000008,
  "encode_ms": 257.45586100000395,
  "resize_consistency": 0.9999306808935133,
  "temporal_consistency": 0.9999999979727374,
  "motion_delta_model": 0.053548481315374374,
  "loop_error_model": 2.0272625800288324e-09,
  "description": "C4.6 neural canvas: stable content with smooth independent region translation field",
  "run_id": "20260424T211157654547Z-c2-lite-glyph-static-layout-independent-translate-c46-translate-pan060-freq12-clip05-1536x864-s5500",
  "commit": "aed75f7",
  "track": "C",
  "width": 960,
  "height": 544,
  "frames": 33,
  "fps": 24,
  "artifacts": {
    "input": "/Users/dennisonbertram/Develop/flipbook-research/outputs/track-c/20260424T211157654547Z-c2-lite-glyph-static-layout-independent-translate-c46-translate-pan060-freq12-clip05-1536x864-s5500/input.png",
    "render_960": "/Users/dennisonbertram/Develop/flipbook-research/outputs/track-c/20260424T211157654547Z-c2-lite-glyph-static-layout-independent-translate-c46-translate-pan060-freq12-clip05-1536x864-s5500/render-960.png",
    "render_mid": "/Users/dennisonbertram/Develop/flipbook-research/outputs/track-c/20260424T211157654547Z-c2-lite-glyph-static-layout-independent-translate-c46-translate-pan060-freq12-clip05-1536x864-s5500/render-mid.png",
    "render_last": "/Users/dennisonbertram/Develop/flipbook-research/outputs/track-c/20260424T211157654547Z-c2-lite-glyph-static-layout-independent-translate-c46-translate-pan060-freq12-clip05-1536x864-s5500/render-last.png",
    "render_512": "/Users/dennisonbertram/Develop/flipbook-research/outputs/track-c/20260424T211157654547Z-c2-lite-glyph-static-layout-independent-translate-c46-translate-pan060-freq12-clip05-1536x864-s5500/render-512.png",
    "crop_2x": "/Users/dennisonbertram/Develop/flipbook-research/outputs/track-c/20260424T211157654547Z-c2-lite-glyph-static-layout-independent-translate-c46-translate-pan060-freq12-clip05-1536x864-s5500/crop-2x.png",
    "text_mask": "/Users/dennisonbertram/Develop/flipbook-research/outputs/track-c/20260424T211157654547Z-c2-lite-glyph-static-layout-independent-translate-c46-translate-pan060-freq12-clip05-1536x864-s5500/text-mask.png",
    "element_alpha_mask": "/Users/dennisonbertram/Develop/flipbook-research/outputs/track-c/20260424T211157654547Z-c2-lite-glyph-static-layout-independent-translate-c46-translate-pan060-freq12-clip05-1536x864-s5500/element-alpha-mask.png",
    "text_boxes": "/Users/dennisonbertram/Develop/flipbook-research/outputs/track-c/20260424T211157654547Z-c2-lite-glyph-static-layout-independent-translate-c46-translate-pan060-freq12-clip05-1536x864-s5500/text-boxes.json",
    "output": "/Users/dennisonbertram/Develop/flipbook-research/outputs/track-c/20260424T211157654547Z-c2-lite-glyph-static-layout-independent-translate-c46-translate-pan060-freq12-clip05-1536x864-s5500/output.mp4",
    "metrics": "/Users/dennisonbertram/Develop/flipbook-research/outputs/track-c/20260424T211157654547Z-c2-lite-glyph-static-layout-independent-translate-c46-translate-pan060-freq12-clip05-1536x864-s5500/metrics.json",
    "quality": "/Users/dennisonbertram/Develop/flipbook-research/outputs/track-c/20260424T211157654547Z-c2-lite-glyph-static-layout-independent-translate-c46-translate-pan060-freq12-clip05-1536x864-s5500/quality.json",
    "render_layout_mid": "/Users/dennisonbertram/Develop/flipbook-research/outputs/track-c/20260424T211157654547Z-c2-lite-glyph-static-layout-independent-translate-c46-translate-pan060-freq12-clip05-1536x864-s5500/render-layout-mid.png"
  },
  "ocr_similarity": 0.49769585253456217,
  "layout_similarity": 0.9999306808935133,
  "motion_delta": 0.027442092075943947,
  "loop_error": 0.0025345708709210157,
  "status": "near_miss"
}
DONE 20260424T211157654547Z-c2-lite-glyph-static-layout-independent-translate-c46-translate-pan060-freq12-clip05-1536x864-s5500 quality=0.4977 motion=0.0274
Stopping app - local entrypoint completed.
✓ App completed. View run at 
https://modal.com/apps/dennisonbertram/main/ap-bUcgiyMPJlBpD79JfYsLUK
