✓ Initialized. View run at 
https://modal.com/apps/dennisonbertram/main/ap-1wguU9HDOBOmbgoboW1zhv
✓ Created objects.
├── 🔨 Created mount 
│   /Users/dennisonbertram/Develop/flipbook-research/scripts/track_c/modal_canva
│   s_c2_lite.py
└── 🔨 Created function train_and_render_motion.
START 20260424T221427877561Z-c2-lite-glyph-layout-reflow-c47-layout-reflow-100-s9000-1536x864-s9000 config={"batch_size": 131072, "channels": 16, "edge_loss_weight": 0.9, "edge_sample_ratio": 0.09, "element_anchor_mode": "line", "element_anchor_padding": 3, "element_mask_mode": "rectangle", "element_render_mode": "sequential", "element_scale_ratio": 0.25, "experiment_label": "c47-layout-reflow-100-s9000", "flow_scale": 0.08, "fps": 24, "frames": 33, "freq_bands": 10, "grad_clip": 0.5, "hidden": 96, "layout_supersample": 1.0, "layout_transform_pan": 0.0, "layout_transform_strength": 0.0, "lr": 0.01, "lr_schedule": "constant", "min_lr_ratio": 0.1, "min_motion_delta": 0.035, "min_ocr_similarity": 0.35, "motion_mode": "layout-reflow", "motion_strength": 1.0, "seed": 0, "source_resolution": [1280, 736], "steps": 9000, "text_box_loss_weight": 0.0, "text_box_min_conf": 55.0, "text_box_padding": 0, "text_box_sample_ratio": 0.0, "text_boxes": "0 boxes", "time_bands": 4, "train_resolution": "1536x864", "video_layout_mode": "none", "video_viewport_mode": "static", "viewport_pan": 0.0, "viewport_zoom": 0.0}
{
  "canvas_type": "time-conditioned-latent-feature-grid-learned-flow-mlp-glyph-weighted",
  "train_resolution": "1536x864",
  "steps": 9000,
  "batch_size": 131072,
  "channels": 16,
  "hidden": 96,
  "freq_bands": 10,
  "time_bands": 4,
  "lr": 0.01,
  "lr_schedule": "constant",
  "min_lr_ratio": 0.1,
  "grad_clip": 0.5,
  "seed": 0,
  "flow_scale": 0.08,
  "motion_mode": "layout-reflow",
  "motion_strength": 1.0,
  "video_viewport_mode": "static",
  "viewport_zoom": 0.0,
  "viewport_pan": 0.0,
  "video_layout_mode": "none",
  "layout_transform_strength": 0.0,
  "layout_transform_pan": 0.0,
  "layout_supersample": 1.0,
  "layout_region_count": 0,
  "element_scale_ratio": 0.25,
  "element_anchor_padding": 3,
  "element_mask_mode": "rectangle",
  "element_anchor_mode": "line",
  "element_render_mode": "sequential",
  "element_line_count": 0,
  "min_ocr_similarity": 0.35,
  "min_motion_delta": 0.035,
  "edge_sample_ratio": 0.09,
  "edge_loss_weight": 0.9,
  "text_box_sample_ratio": 0.0,
  "text_box_loss_weight": 0.0,
  "text_box_padding": 0,
  "text_box_count": 0,
  "text_mask_coverage": 0.0,
  "element_alpha_coverage": 0.0,
  "compile_ms": 78410.03358100001,
  "final_mse": 0.002358225639909506,
  "losses": [
    {
      "step": 0,
      "mse": 0.2446305900812149
    },
    {
      "step": 450,
      "mse": 0.008558223955333233
    },
    {
      "step": 900,
      "mse": 0.0058363378047943115
    },
    {
      "step": 1350,
      "mse": 0.004713000264018774
    },
    {
      "step": 1800,
      "mse": 0.004056236706674099
    },
    {
      "step": 2250,
      "mse": 0.0035478693898767233
    },
    {
      "step": 2700,
      "mse": 0.003419471438974142
    },
    {
      "step": 3150,
      "mse": 0.0033071436919271946
    },
    {
      "step": 3600,
      "mse": 0.003136939834803343
    },
    {
      "step": 4050,
      "mse": 0.002921135164797306
    },
    {
      "step": 4500,
      "mse": 0.0028572764713317156
    },
    {
      "step": 4950,
      "mse": 0.0028354646638035774
    },
    {
      "step": 5400,
      "mse": 0.002710288390517235
    },
    {
      "step": 5850,
      "mse": 0.002624325919896364
    },
    {
      "step": 6300,
      "mse": 0.0037021716125309467
    },
    {
      "step": 6750,
      "mse": 0.0026826737448573112
    },
    {
      "step": 7200,
      "mse": 0.0025887656956911087
    },
    {
      "step": 7650,
      "mse": 0.002475737826898694
    },
    {
      "step": 8100,
      "mse": 0.002473199740052223
    },
    {
      "step": 8550,
      "mse": 0.0023641600273549557
    },
    {
      "step": 8999,
      "mse": 0.002358225639909506
    }
  ],
  "render_times": {
    "render-960.png": 14.800639000000615,
    "render-mid.png": 9.426715999993007,
    "render-last.png": 9.436105999995448,
    "render-512.png": 2.606705999994574,
    "crop-2x.png": 9.345558999996229
  },
  "render_960_ms": 14.800639000000615,
  "render_33_wall_ms": 302.12881599999264,
  "encode_ms": 248.8214370000037,
  "resize_consistency": 0.9994698048921238,
  "temporal_consistency": 0.9990572581882589,
  "motion_delta_model": 0.06948519498109818,
  "loop_error_model": 0.0009427418117411435,
  "description": "C4.7 neural canvas: learned full page layout reflow from x,y,t",
  "run_id": "20260424T221427877561Z-c2-lite-glyph-layout-reflow-c47-layout-reflow-100-s9000-1536x864-s9000",
  "commit": "4e33831",
  "track": "C",
  "width": 960,
  "height": 544,
  "frames": 33,
  "fps": 24,
  "artifacts": {
    "input": "/Users/dennisonbertram/Develop/flipbook-research/outputs/track-c/20260424T221427877561Z-c2-lite-glyph-layout-reflow-c47-layout-reflow-100-s9000-1536x864-s9000/input.png",
    "render_960": "/Users/dennisonbertram/Develop/flipbook-research/outputs/track-c/20260424T221427877561Z-c2-lite-glyph-layout-reflow-c47-layout-reflow-100-s9000-1536x864-s9000/render-960.png",
    "render_mid": "/Users/dennisonbertram/Develop/flipbook-research/outputs/track-c/20260424T221427877561Z-c2-lite-glyph-layout-reflow-c47-layout-reflow-100-s9000-1536x864-s9000/render-mid.png",
    "render_last": "/Users/dennisonbertram/Develop/flipbook-research/outputs/track-c/20260424T221427877561Z-c2-lite-glyph-layout-reflow-c47-layout-reflow-100-s9000-1536x864-s9000/render-last.png",
    "render_512": "/Users/dennisonbertram/Develop/flipbook-research/outputs/track-c/20260424T221427877561Z-c2-lite-glyph-layout-reflow-c47-layout-reflow-100-s9000-1536x864-s9000/render-512.png",
    "crop_2x": "/Users/dennisonbertram/Develop/flipbook-research/outputs/track-c/20260424T221427877561Z-c2-lite-glyph-layout-reflow-c47-layout-reflow-100-s9000-1536x864-s9000/crop-2x.png",
    "text_mask": "/Users/dennisonbertram/Develop/flipbook-research/outputs/track-c/20260424T221427877561Z-c2-lite-glyph-layout-reflow-c47-layout-reflow-100-s9000-1536x864-s9000/text-mask.png",
    "element_alpha_mask": "/Users/dennisonbertram/Develop/flipbook-research/outputs/track-c/20260424T221427877561Z-c2-lite-glyph-layout-reflow-c47-layout-reflow-100-s9000-1536x864-s9000/element-alpha-mask.png",
    "text_boxes": "/Users/dennisonbertram/Develop/flipbook-research/outputs/track-c/20260424T221427877561Z-c2-lite-glyph-layout-reflow-c47-layout-reflow-100-s9000-1536x864-s9000/text-boxes.json",
    "output": "/Users/dennisonbertram/Develop/flipbook-research/outputs/track-c/20260424T221427877561Z-c2-lite-glyph-layout-reflow-c47-layout-reflow-100-s9000-1536x864-s9000/output.mp4",
    "metrics": "/Users/dennisonbertram/Develop/flipbook-research/outputs/track-c/20260424T221427877561Z-c2-lite-glyph-layout-reflow-c47-layout-reflow-100-s9000-1536x864-s9000/metrics.json",
    "quality": "/Users/dennisonbertram/Develop/flipbook-research/outputs/track-c/20260424T221427877561Z-c2-lite-glyph-layout-reflow-c47-layout-reflow-100-s9000-1536x864-s9000/quality.json"
  },
  "ocr_similarity": 0.36601307189542487,
  "layout_similarity": 0.9994698048921238,
  "motion_delta": 0.05355032905936241,
  "loop_error": 0.0007044677622616291,
  "status": "pass"
}
DONE 20260424T221427877561Z-c2-lite-glyph-layout-reflow-c47-layout-reflow-100-s9000-1536x864-s9000 quality=0.3660 motion=0.0536
Stopping app - local entrypoint completed.
✓ App completed. View run at 
https://modal.com/apps/dennisonbertram/main/ap-1wguU9HDOBOmbgoboW1zhv
