✓ Initialized. View run at 
https://modal.com/apps/dennisonbertram/main/ap-cErkn1bsnODQ3DwOFRCAsY
✓ Created objects.
├── 🔨 Created mount 
│   /Users/dennisonbertram/Develop/flipbook-research/scripts/track_c/modal_canva
│   s_c2_lite.py
└── 🔨 Created function train_and_render_motion.
START 20260424T221943694545Z-c2-lite-text-independent-translate-c47-learned-translate-004-textw-s9000-1536x864-s9000 config={"batch_size": 131072, "channels": 16, "edge_loss_weight": 0.9, "edge_sample_ratio": 0.09, "element_anchor_mode": "line", "element_anchor_padding": 3, "element_mask_mode": "rectangle", "element_render_mode": "sequential", "element_scale_ratio": 0.25, "experiment_label": "c47-learned-translate-004-textw-s9000", "flow_scale": 0.04, "fps": 24, "frames": 33, "freq_bands": 10, "grad_clip": 0.5, "hidden": 96, "layout_supersample": 1.0, "layout_transform_pan": 0.0, "layout_transform_strength": 0.0, "lr": 0.01, "lr_schedule": "constant", "min_lr_ratio": 0.1, "min_motion_delta": 0.022, "min_ocr_similarity": 0.42, "motion_mode": "independent-translate", "motion_strength": 0.04, "seed": 0, "source_resolution": [1280, 736], "steps": 9000, "text_box_loss_weight": 3.0, "text_box_min_conf": 55.0, "text_box_padding": 3, "text_box_sample_ratio": 0.25, "text_boxes": "105 boxes", "time_bands": 4, "train_resolution": "1536x864", "video_layout_mode": "none", "video_viewport_mode": "static", "viewport_pan": 0.0, "viewport_zoom": 0.0}
{
  "canvas_type": "time-conditioned-latent-feature-grid-learned-flow-mlp-text-box-weighted",
  "train_resolution": "1536x864",
  "steps": 9000,
  "batch_size": 131072,
  "channels": 16,
  "hidden": 96,
  "freq_bands": 10,
  "time_bands": 4,
  "lr": 0.01,
  "lr_schedule": "constant",
  "min_lr_ratio": 0.1,
  "grad_clip": 0.5,
  "seed": 0,
  "flow_scale": 0.04,
  "motion_mode": "independent-translate",
  "motion_strength": 0.04,
  "video_viewport_mode": "static",
  "viewport_zoom": 0.0,
  "viewport_pan": 0.0,
  "video_layout_mode": "none",
  "layout_transform_strength": 0.0,
  "layout_transform_pan": 0.0,
  "layout_supersample": 1.0,
  "layout_region_count": 5,
  "element_scale_ratio": 0.25,
  "element_anchor_padding": 3,
  "element_mask_mode": "rectangle",
  "element_anchor_mode": "line",
  "element_render_mode": "sequential",
  "element_line_count": 13,
  "min_ocr_similarity": 0.42,
  "min_motion_delta": 0.022,
  "edge_sample_ratio": 0.09,
  "edge_loss_weight": 0.9,
  "text_box_sample_ratio": 0.25,
  "text_box_loss_weight": 3.0,
  "text_box_padding": 3,
  "text_box_count": 105,
  "text_mask_coverage": 0.133388951420784,
  "element_alpha_coverage": 0.0999416783452034,
  "compile_ms": 73890.707972,
  "final_mse": 0.004635631572455168,
  "losses": [
    {
      "step": 0,
      "mse": 0.27831560373306274
    },
    {
      "step": 450,
      "mse": 0.03306261822581291
    },
    {
      "step": 900,
      "mse": 0.024811113253235817
    },
    {
      "step": 1350,
      "mse": 0.013669298030436039
    },
    {
      "step": 1800,
      "mse": 0.026794414967298508
    },
    {
      "step": 2250,
      "mse": 0.012892313301563263
    },
    {
      "step": 2700,
      "mse": 0.011095792055130005
    },
    {
      "step": 3150,
      "mse": 0.007810735143721104
    },
    {
      "step": 3600,
      "mse": 0.018749747425317764
    },
    {
      "step": 4050,
      "mse": 0.008038705214858055
    },
    {
      "step": 4500,
      "mse": 0.014482535421848297
    },
    {
      "step": 4950,
      "mse": 0.006747250445187092
    },
    {
      "step": 5400,
      "mse": 0.03525674343109131
    },
    {
      "step": 5850,
      "mse": 0.006231692153960466
    },
    {
      "step": 6300,
      "mse": 0.005945712793618441
    },
    {
      "step": 6750,
      "mse": 0.0451764240860939
    },
    {
      "step": 7200,
      "mse": 0.007057819981127977
    },
    {
      "step": 7650,
      "mse": 0.0068094776943326
    },
    {
      "step": 8100,
      "mse": 0.005822369363158941
    },
    {
      "step": 8550,
      "mse": 0.007494376972317696
    },
    {
      "step": 8999,
      "mse": 0.004635631572455168
    }
  ],
  "render_times": {
    "render-960.png": 126.39019799999573,
    "render-mid.png": 7.780877000001851,
    "render-last.png": 7.731843000001959,
    "render-512.png": 2.3458320000031563,
    "crop-2x.png": 7.642644000000587
  },
  "render_960_ms": 126.39019799999573,
  "render_33_wall_ms": 247.3027749999943,
  "encode_ms": 582.0933179999912,
  "resize_consistency": 0.9999519519446585,
  "temporal_consistency": 0.994497605599463,
  "motion_delta_model": 0.04972335696220398,
  "loop_error_model": 0.005502394400537014,
  "description": "C4.6 neural canvas: learned independent region translation from x,y,t",
  "run_id": "20260424T221943694545Z-c2-lite-text-independent-translate-c47-learned-translate-004-textw-s9000-1536x864-s9000",
  "commit": "4e33831",
  "track": "C",
  "width": 960,
  "height": 544,
  "frames": 33,
  "fps": 24,
  "artifacts": {
    "input": "/Users/dennisonbertram/Develop/flipbook-research/outputs/track-c/20260424T221943694545Z-c2-lite-text-independent-translate-c47-learned-translate-004-textw-s9000-1536x864-s9000/input.png",
    "render_960": "/Users/dennisonbertram/Develop/flipbook-research/outputs/track-c/20260424T221943694545Z-c2-lite-text-independent-translate-c47-learned-translate-004-textw-s9000-1536x864-s9000/render-960.png",
    "render_mid": "/Users/dennisonbertram/Develop/flipbook-research/outputs/track-c/20260424T221943694545Z-c2-lite-text-independent-translate-c47-learned-translate-004-textw-s9000-1536x864-s9000/render-mid.png",
    "render_last": "/Users/dennisonbertram/Develop/flipbook-research/outputs/track-c/20260424T221943694545Z-c2-lite-text-independent-translate-c47-learned-translate-004-textw-s9000-1536x864-s9000/render-last.png",
    "render_512": "/Users/dennisonbertram/Develop/flipbook-research/outputs/track-c/20260424T221943694545Z-c2-lite-text-independent-translate-c47-learned-translate-004-textw-s9000-1536x864-s9000/render-512.png",
    "crop_2x": "/Users/dennisonbertram/Develop/flipbook-research/outputs/track-c/20260424T221943694545Z-c2-lite-text-independent-translate-c47-learned-translate-004-textw-s9000-1536x864-s9000/crop-2x.png",
    "text_mask": "/Users/dennisonbertram/Develop/flipbook-research/outputs/track-c/20260424T221943694545Z-c2-lite-text-independent-translate-c47-learned-translate-004-textw-s9000-1536x864-s9000/text-mask.png",
    "element_alpha_mask": "/Users/dennisonbertram/Develop/flipbook-research/outputs/track-c/20260424T221943694545Z-c2-lite-text-independent-translate-c47-learned-translate-004-textw-s9000-1536x864-s9000/element-alpha-mask.png",
    "text_boxes": "/Users/dennisonbertram/Develop/flipbook-research/outputs/track-c/20260424T221943694545Z-c2-lite-text-independent-translate-c47-learned-translate-004-textw-s9000-1536x864-s9000/text-boxes.json",
    "output": "/Users/dennisonbertram/Develop/flipbook-research/outputs/track-c/20260424T221943694545Z-c2-lite-text-independent-translate-c47-learned-translate-004-textw-s9000-1536x864-s9000/output.mp4",
    "metrics": "/Users/dennisonbertram/Develop/flipbook-research/outputs/track-c/20260424T221943694545Z-c2-lite-text-independent-translate-c47-learned-translate-004-textw-s9000-1536x864-s9000/metrics.json",
    "quality": "/Users/dennisonbertram/Develop/flipbook-research/outputs/track-c/20260424T221943694545Z-c2-lite-text-independent-translate-c47-learned-translate-004-textw-s9000-1536x864-s9000/quality.json"
  },
  "ocr_similarity": 0.44559585492227977,
  "layout_similarity": 0.9999519519446585,
  "motion_delta": 0.024736180901527405,
  "loop_error": 0.002492964733392,
  "status": "pass"
}
DONE 20260424T221943694545Z-c2-lite-text-independent-translate-c47-learned-translate-004-textw-s9000-1536x864-s9000 quality=0.4456 motion=0.0247
Stopping app - local entrypoint completed.
✓ App completed. View run at 
https://modal.com/apps/dennisonbertram/main/ap-cErkn1bsnODQ3DwOFRCAsY
