✓ Initialized. View run at 
https://modal.com/apps/dennisonbertram/main/ap-lS0GXeEVsskoCUx9R7qRgc
✓ Created objects.
├── 🔨 Created mount 
│   /Users/dennisonbertram/Develop/flipbook-research/scripts/track_c/modal_canva
│   s_c2_lite.py
└── 🔨 Created function train_and_render_motion.
START 20260424T221943383795Z-c2-lite-glyph-independent-translate-c47-learned-translate-0035-s9000-1536x864-s9000 config={"batch_size": 131072, "channels": 16, "edge_loss_weight": 0.9, "edge_sample_ratio": 0.09, "element_anchor_mode": "line", "element_anchor_padding": 3, "element_mask_mode": "rectangle", "element_render_mode": "sequential", "element_scale_ratio": 0.25, "experiment_label": "c47-learned-translate-0035-s9000", "flow_scale": 0.035, "fps": 24, "frames": 33, "freq_bands": 10, "grad_clip": 0.5, "hidden": 96, "layout_supersample": 1.0, "layout_transform_pan": 0.0, "layout_transform_strength": 0.0, "lr": 0.01, "lr_schedule": "constant", "min_lr_ratio": 0.1, "min_motion_delta": 0.022, "min_ocr_similarity": 0.42, "motion_mode": "independent-translate", "motion_strength": 0.035, "seed": 0, "source_resolution": [1280, 736], "steps": 9000, "text_box_loss_weight": 0.0, "text_box_min_conf": 55.0, "text_box_padding": 0, "text_box_sample_ratio": 0.0, "text_boxes": "0 boxes", "time_bands": 4, "train_resolution": "1536x864", "video_layout_mode": "none", "video_viewport_mode": "static", "viewport_pan": 0.0, "viewport_zoom": 0.0}
{
  "canvas_type": "time-conditioned-latent-feature-grid-learned-flow-mlp-glyph-weighted",
  "train_resolution": "1536x864",
  "steps": 9000,
  "batch_size": 131072,
  "channels": 16,
  "hidden": 96,
  "freq_bands": 10,
  "time_bands": 4,
  "lr": 0.01,
  "lr_schedule": "constant",
  "min_lr_ratio": 0.1,
  "grad_clip": 0.5,
  "seed": 0,
  "flow_scale": 0.035,
  "motion_mode": "independent-translate",
  "motion_strength": 0.035,
  "video_viewport_mode": "static",
  "viewport_zoom": 0.0,
  "viewport_pan": 0.0,
  "video_layout_mode": "none",
  "layout_transform_strength": 0.0,
  "layout_transform_pan": 0.0,
  "layout_supersample": 1.0,
  "layout_region_count": 5,
  "element_scale_ratio": 0.25,
  "element_anchor_padding": 3,
  "element_mask_mode": "rectangle",
  "element_anchor_mode": "line",
  "element_render_mode": "sequential",
  "element_line_count": 0,
  "min_ocr_similarity": 0.42,
  "min_motion_delta": 0.022,
  "edge_sample_ratio": 0.09,
  "edge_loss_weight": 0.9,
  "text_box_sample_ratio": 0.0,
  "text_box_loss_weight": 0.0,
  "text_box_padding": 0,
  "text_box_count": 0,
  "text_mask_coverage": 0.0,
  "element_alpha_coverage": 0.0,
  "compile_ms": 78050.797731,
  "final_mse": 0.0004942776868119836,
  "losses": [
    {
      "step": 0,
      "mse": 0.22522643208503723
    },
    {
      "step": 450,
      "mse": 0.007118731737136841
    },
    {
      "step": 900,
      "mse": 0.003153695957735181
    },
    {
      "step": 1350,
      "mse": 0.0017239225562661886
    },
    {
      "step": 1800,
      "mse": 0.0013398423325270414
    },
    {
      "step": 2250,
      "mse": 0.001078680157661438
    },
    {
      "step": 2700,
      "mse": 0.0009895795956254005
    },
    {
      "step": 3150,
      "mse": 0.0008441361133009195
    },
    {
      "step": 3600,
      "mse": 0.0008062279666773975
    },
    {
      "step": 4050,
      "mse": 0.0007178736850619316
    },
    {
      "step": 4500,
      "mse": 0.0006747476872988045
    },
    {
      "step": 4950,
      "mse": 0.0006776108639314771
    },
    {
      "step": 5400,
      "mse": 0.0007397395675070584
    },
    {
      "step": 5850,
      "mse": 0.0006289808661676943
    },
    {
      "step": 6300,
      "mse": 0.0006130839465186
    },
    {
      "step": 6750,
      "mse": 0.0006354309152811766
    },
    {
      "step": 7200,
      "mse": 0.0005841234815306962
    },
    {
      "step": 7650,
      "mse": 0.0005376375047490001
    },
    {
      "step": 8100,
      "mse": 0.0005946991732344031
    },
    {
      "step": 8550,
      "mse": 0.0005899909301660955
    },
    {
      "step": 8999,
      "mse": 0.0004942776868119836
    }
  ],
  "render_times": {
    "render-960.png": 15.30219700001112,
    "render-mid.png": 9.601079000006507,
    "render-last.png": 9.49904500001253,
    "render-512.png": 2.714023000010002,
    "crop-2x.png": 9.371328999989714
  },
  "render_960_ms": 15.30219700001112,
  "render_33_wall_ms": 303.22329599999875,
  "encode_ms": 262.184316999992,
  "resize_consistency": 0.9999525163321255,
  "temporal_consistency": 0.9966322733089328,
  "motion_delta_model": 0.04514823108911514,
  "loop_error_model": 0.0033677266910672188,
  "description": "C4.6 neural canvas: learned independent region translation from x,y,t",
  "run_id": "20260424T221943383795Z-c2-lite-glyph-independent-translate-c47-learned-translate-0035-s9000-1536x864-s9000",
  "commit": "4e33831",
  "track": "C",
  "width": 960,
  "height": 544,
  "frames": 33,
  "fps": 24,
  "artifacts": {
    "input": "/Users/dennisonbertram/Develop/flipbook-research/outputs/track-c/20260424T221943383795Z-c2-lite-glyph-independent-translate-c47-learned-translate-0035-s9000-1536x864-s9000/input.png",
    "render_960": "/Users/dennisonbertram/Develop/flipbook-research/outputs/track-c/20260424T221943383795Z-c2-lite-glyph-independent-translate-c47-learned-translate-0035-s9000-1536x864-s9000/render-960.png",
    "render_mid": "/Users/dennisonbertram/Develop/flipbook-research/outputs/track-c/20260424T221943383795Z-c2-lite-glyph-independent-translate-c47-learned-translate-0035-s9000-1536x864-s9000/render-mid.png",
    "render_last": "/Users/dennisonbertram/Develop/flipbook-research/outputs/track-c/20260424T221943383795Z-c2-lite-glyph-independent-translate-c47-learned-translate-0035-s9000-1536x864-s9000/render-last.png",
    "render_512": "/Users/dennisonbertram/Develop/flipbook-research/outputs/track-c/20260424T221943383795Z-c2-lite-glyph-independent-translate-c47-learned-translate-0035-s9000-1536x864-s9000/render-512.png",
    "crop_2x": "/Users/dennisonbertram/Develop/flipbook-research/outputs/track-c/20260424T221943383795Z-c2-lite-glyph-independent-translate-c47-learned-translate-0035-s9000-1536x864-s9000/crop-2x.png",
    "text_mask": "/Users/dennisonbertram/Develop/flipbook-research/outputs/track-c/20260424T221943383795Z-c2-lite-glyph-independent-translate-c47-learned-translate-0035-s9000-1536x864-s9000/text-mask.png",
    "element_alpha_mask": "/Users/dennisonbertram/Develop/flipbook-research/outputs/track-c/20260424T221943383795Z-c2-lite-glyph-independent-translate-c47-learned-translate-0035-s9000-1536x864-s9000/element-alpha-mask.png",
    "text_boxes": "/Users/dennisonbertram/Develop/flipbook-research/outputs/track-c/20260424T221943383795Z-c2-lite-glyph-independent-translate-c47-learned-translate-0035-s9000-1536x864-s9000/text-boxes.json",
    "output": "/Users/dennisonbertram/Develop/flipbook-research/outputs/track-c/20260424T221943383795Z-c2-lite-glyph-independent-translate-c47-learned-translate-0035-s9000-1536x864-s9000/output.mp4",
    "metrics": "/Users/dennisonbertram/Develop/flipbook-research/outputs/track-c/20260424T221943383795Z-c2-lite-glyph-independent-translate-c47-learned-translate-0035-s9000-1536x864-s9000/metrics.json",
    "quality": "/Users/dennisonbertram/Develop/flipbook-research/outputs/track-c/20260424T221943383795Z-c2-lite-glyph-independent-translate-c47-learned-translate-0035-s9000-1536x864-s9000/quality.json"
  },
  "ocr_similarity": 0.5221674876847291,
  "layout_similarity": 0.9999525163321255,
  "motion_delta": 0.02164805680513382,
  "loop_error": 0.0017432975582778454,
  "status": "near_miss"
}
DONE 20260424T221943383795Z-c2-lite-glyph-independent-translate-c47-learned-translate-0035-s9000-1536x864-s9000 quality=0.5222 motion=0.0216
Stopping app - local entrypoint completed.
✓ App completed. View run at 
https://modal.com/apps/dennisonbertram/main/ap-lS0GXeEVsskoCUx9R7qRgc
