✓ Initialized. View run at 
https://modal.com/apps/dennisonbertram/main/ap-hDMmyvnuyFqi0INzv9UeWN
✓ Created objects.
├── 🔨 Created mount 
│   /Users/dennisonbertram/Develop/flipbook-research/scripts/track_c/modal_canva
│   s_c2_lite.py
└── 🔨 Created function train_and_render_motion.
START 20260424T221942950432Z-c2-lite-glyph-independent-translate-c47-learned-translate-004-s9000-1536x864-s9000 config={"batch_size": 131072, "channels": 16, "edge_loss_weight": 0.9, "edge_sample_ratio": 0.09, "element_anchor_mode": "line", "element_anchor_padding": 3, "element_mask_mode": "rectangle", "element_render_mode": "sequential", "element_scale_ratio": 0.25, "experiment_label": "c47-learned-translate-004-s9000", "flow_scale": 0.04, "fps": 24, "frames": 33, "freq_bands": 10, "grad_clip": 0.5, "hidden": 96, "layout_supersample": 1.0, "layout_transform_pan": 0.0, "layout_transform_strength": 0.0, "lr": 0.01, "lr_schedule": "constant", "min_lr_ratio": 0.1, "min_motion_delta": 0.025, "min_ocr_similarity": 0.4, "motion_mode": "independent-translate", "motion_strength": 0.04, "seed": 0, "source_resolution": [1280, 736], "steps": 9000, "text_box_loss_weight": 0.0, "text_box_min_conf": 55.0, "text_box_padding": 0, "text_box_sample_ratio": 0.0, "text_boxes": "0 boxes", "time_bands": 4, "train_resolution": "1536x864", "video_layout_mode": "none", "video_viewport_mode": "static", "viewport_pan": 0.0, "viewport_zoom": 0.0}
{
  "canvas_type": "time-conditioned-latent-feature-grid-learned-flow-mlp-glyph-weighted",
  "train_resolution": "1536x864",
  "steps": 9000,
  "batch_size": 131072,
  "channels": 16,
  "hidden": 96,
  "freq_bands": 10,
  "time_bands": 4,
  "lr": 0.01,
  "lr_schedule": "constant",
  "min_lr_ratio": 0.1,
  "grad_clip": 0.5,
  "seed": 0,
  "flow_scale": 0.04,
  "motion_mode": "independent-translate",
  "motion_strength": 0.04,
  "video_viewport_mode": "static",
  "viewport_zoom": 0.0,
  "viewport_pan": 0.0,
  "video_layout_mode": "none",
  "layout_transform_strength": 0.0,
  "layout_transform_pan": 0.0,
  "layout_supersample": 1.0,
  "layout_region_count": 5,
  "element_scale_ratio": 0.25,
  "element_anchor_padding": 3,
  "element_mask_mode": "rectangle",
  "element_anchor_mode": "line",
  "element_render_mode": "sequential",
  "element_line_count": 0,
  "min_ocr_similarity": 0.4,
  "min_motion_delta": 0.025,
  "edge_sample_ratio": 0.09,
  "edge_loss_weight": 0.9,
  "text_box_sample_ratio": 0.0,
  "text_box_loss_weight": 0.0,
  "text_box_padding": 0,
  "text_box_count": 0,
  "text_mask_coverage": 0.0,
  "element_alpha_coverage": 0.0,
  "compile_ms": 76717.73633,
  "final_mse": 0.004814742133021355,
  "losses": [
    {
      "step": 0,
      "mse": 0.2253047525882721
    },
    {
      "step": 450,
      "mse": 0.009209278970956802
    },
    {
      "step": 900,
      "mse": 0.006019921507686377
    },
    {
      "step": 1350,
      "mse": 0.004559497348964214
    },
    {
      "step": 1800,
      "mse": 0.003962121903896332
    },
    {
      "step": 2250,
      "mse": 0.006823692470788956
    },
    {
      "step": 2700,
      "mse": 0.003989698365330696
    },
    {
      "step": 3150,
      "mse": 0.006715018302202225
    },
    {
      "step": 3600,
      "mse": 0.003980350214987993
    },
    {
      "step": 4050,
      "mse": 0.0033419637475162745
    },
    {
      "step": 4500,
      "mse": 0.0033838183153420687
    },
    {
      "step": 4950,
      "mse": 0.0031743664294481277
    },
    {
      "step": 5400,
      "mse": 0.003146202303469181
    },
    {
      "step": 5850,
      "mse": 0.004114455543458462
    },
    {
      "step": 6300,
      "mse": 0.0035667079500854015
    },
    {
      "step": 6750,
      "mse": 0.003108915174379945
    },
    {
      "step": 7200,
      "mse": 0.0029444515239447355
    },
    {
      "step": 7650,
      "mse": 0.003215820761397481
    },
    {
      "step": 8100,
      "mse": 0.010102803818881512
    },
    {
      "step": 8550,
      "mse": 0.005847900174558163
    },
    {
      "step": 8999,
      "mse": 0.004814742133021355
    }
  ],
  "render_times": {
    "render-960.png": 14.71620499999915,
    "render-mid.png": 9.432726000000002,
    "render-last.png": 9.402012999998988,
    "render-512.png": 2.6240739999963125,
    "crop-2x.png": 9.3169539999991
  },
  "render_960_ms": 14.71620499999915,
  "render_33_wall_ms": 302.5870519999927,
  "encode_ms": 271.0937500000057,
  "resize_consistency": 0.9998960958742628,
  "temporal_consistency": 0.9942329842597246,
  "motion_delta_model": 0.047296732664108276,
  "loop_error_model": 0.005767015740275383,
  "description": "C4.6 neural canvas: learned independent region translation from x,y,t",
  "run_id": "20260424T221942950432Z-c2-lite-glyph-independent-translate-c47-learned-translate-004-s9000-1536x864-s9000",
  "commit": "4e33831",
  "track": "C",
  "width": 960,
  "height": 544,
  "frames": 33,
  "fps": 24,
  "artifacts": {
    "input": "/Users/dennisonbertram/Develop/flipbook-research/outputs/track-c/20260424T221942950432Z-c2-lite-glyph-independent-translate-c47-learned-translate-004-s9000-1536x864-s9000/input.png",
    "render_960": "/Users/dennisonbertram/Develop/flipbook-research/outputs/track-c/20260424T221942950432Z-c2-lite-glyph-independent-translate-c47-learned-translate-004-s9000-1536x864-s9000/render-960.png",
    "render_mid": "/Users/dennisonbertram/Develop/flipbook-research/outputs/track-c/20260424T221942950432Z-c2-lite-glyph-independent-translate-c47-learned-translate-004-s9000-1536x864-s9000/render-mid.png",
    "render_last": "/Users/dennisonbertram/Develop/flipbook-research/outputs/track-c/20260424T221942950432Z-c2-lite-glyph-independent-translate-c47-learned-translate-004-s9000-1536x864-s9000/render-last.png",
    "render_512": "/Users/dennisonbertram/Develop/flipbook-research/outputs/track-c/20260424T221942950432Z-c2-lite-glyph-independent-translate-c47-learned-translate-004-s9000-1536x864-s9000/render-512.png",
    "crop_2x": "/Users/dennisonbertram/Develop/flipbook-research/outputs/track-c/20260424T221942950432Z-c2-lite-glyph-independent-translate-c47-learned-translate-004-s9000-1536x864-s9000/crop-2x.png",
    "text_mask": "/Users/dennisonbertram/Develop/flipbook-research/outputs/track-c/20260424T221942950432Z-c2-lite-glyph-independent-translate-c47-learned-translate-004-s9000-1536x864-s9000/text-mask.png",
    "element_alpha_mask": "/Users/dennisonbertram/Develop/flipbook-research/outputs/track-c/20260424T221942950432Z-c2-lite-glyph-independent-translate-c47-learned-translate-004-s9000-1536x864-s9000/element-alpha-mask.png",
    "text_boxes": "/Users/dennisonbertram/Develop/flipbook-research/outputs/track-c/20260424T221942950432Z-c2-lite-glyph-independent-translate-c47-learned-translate-004-s9000-1536x864-s9000/text-boxes.json",
    "output": "/Users/dennisonbertram/Develop/flipbook-research/outputs/track-c/20260424T221942950432Z-c2-lite-glyph-independent-translate-c47-learned-translate-004-s9000-1536x864-s9000/output.mp4",
    "metrics": "/Users/dennisonbertram/Develop/flipbook-research/outputs/track-c/20260424T221942950432Z-c2-lite-glyph-independent-translate-c47-learned-translate-004-s9000-1536x864-s9000/metrics.json",
    "quality": "/Users/dennisonbertram/Develop/flipbook-research/outputs/track-c/20260424T221942950432Z-c2-lite-glyph-independent-translate-c47-learned-translate-004-s9000-1536x864-s9000/quality.json"
  },
  "ocr_similarity": 0.2738095238095238,
  "layout_similarity": 0.9998960958742628,
  "motion_delta": 0.025098152458667755,
  "loop_error": 0.004004213493317366,
  "status": "near_miss"
}
DONE 20260424T221942950432Z-c2-lite-glyph-independent-translate-c47-learned-translate-004-s9000-1536x864-s9000 quality=0.2738 motion=0.0251
Stopping app - local entrypoint completed.
✓ App completed. View run at 
https://modal.com/apps/dennisonbertram/main/ap-hDMmyvnuyFqi0INzv9UeWN
