✓ Initialized. View run at 
https://modal.com/apps/dennisonbertram/main/ap-14qw7FEEDH7irHA6SoMeVK
✓ Created objects.
├── 🔨 Created mount 
│   /Users/dennisonbertram/Develop/flipbook-research/scripts/track_c/modal_canva
│   s_c2_lite.py
└── 🔨 Created function train_and_render_motion.
START 20260424T221427468967Z-c2-lite-glyph-layout-reflow-c47-layout-reflow-100-c32h160-s10000-1536x864-s10000 config={"batch_size": 131072, "channels": 32, "edge_loss_weight": 0.9, "edge_sample_ratio": 0.09, "element_anchor_mode": "line", "element_anchor_padding": 3, "element_mask_mode": "rectangle", "element_render_mode": "sequential", "element_scale_ratio": 0.25, "experiment_label": "c47-layout-reflow-100-c32h160-s10000", "flow_scale": 0.1, "fps": 24, "frames": 33, "freq_bands": 10, "grad_clip": 0.5, "hidden": 160, "layout_supersample": 1.0, "layout_transform_pan": 0.0, "layout_transform_strength": 0.0, "lr": 0.01, "lr_schedule": "constant", "min_lr_ratio": 0.1, "min_motion_delta": 0.035, "min_ocr_similarity": 0.35, "motion_mode": "layout-reflow", "motion_strength": 1.0, "seed": 0, "source_resolution": [1280, 736], "steps": 10000, "text_box_loss_weight": 0.0, "text_box_min_conf": 55.0, "text_box_padding": 0, "text_box_sample_ratio": 0.0, "text_boxes": "0 boxes", "time_bands": 4, "train_resolution": "1536x864", "video_layout_mode": "none", "video_viewport_mode": "static", "viewport_pan": 0.0, "viewport_zoom": 0.0}
{
  "canvas_type": "time-conditioned-latent-feature-grid-learned-flow-mlp-glyph-weighted",
  "train_resolution": "1536x864",
  "steps": 10000,
  "batch_size": 131072,
  "channels": 32,
  "hidden": 160,
  "freq_bands": 10,
  "time_bands": 4,
  "lr": 0.01,
  "lr_schedule": "constant",
  "min_lr_ratio": 0.1,
  "grad_clip": 0.5,
  "seed": 0,
  "flow_scale": 0.1,
  "motion_mode": "layout-reflow",
  "motion_strength": 1.0,
  "video_viewport_mode": "static",
  "viewport_zoom": 0.0,
  "viewport_pan": 0.0,
  "video_layout_mode": "none",
  "layout_transform_strength": 0.0,
  "layout_transform_pan": 0.0,
  "layout_supersample": 1.0,
  "layout_region_count": 0,
  "element_scale_ratio": 0.25,
  "element_anchor_padding": 3,
  "element_mask_mode": "rectangle",
  "element_anchor_mode": "line",
  "element_render_mode": "sequential",
  "element_line_count": 0,
  "min_ocr_similarity": 0.35,
  "min_motion_delta": 0.035,
  "edge_sample_ratio": 0.09,
  "edge_loss_weight": 0.9,
  "text_box_sample_ratio": 0.0,
  "text_box_loss_weight": 0.0,
  "text_box_padding": 0,
  "text_box_count": 0,
  "text_mask_coverage": 0.0,
  "element_alpha_coverage": 0.0,
  "compile_ms": 142683.122603,
  "final_mse": 0.0017208980862051249,
  "losses": [
    {
      "step": 0,
      "mse": 0.2344590425491333
    },
    {
      "step": 500,
      "mse": 0.007423915900290012
    },
    {
      "step": 1000,
      "mse": 0.004978631157428026
    },
    {
      "step": 1500,
      "mse": 0.004031345248222351
    },
    {
      "step": 2000,
      "mse": 0.0035229846835136414
    },
    {
      "step": 2500,
      "mse": 0.0032528869342058897
    },
    {
      "step": 3000,
      "mse": 0.003069549100473523
    },
    {
      "step": 3500,
      "mse": 0.0028211253229528666
    },
    {
      "step": 4000,
      "mse": 0.002620074898004532
    },
    {
      "step": 4500,
      "mse": 0.0025100125931203365
    },
    {
      "step": 5000,
      "mse": 0.0023230575025081635
    },
    {
      "step": 5500,
      "mse": 0.002367521170526743
    },
    {
      "step": 6000,
      "mse": 0.002265495015308261
    },
    {
      "step": 6500,
      "mse": 0.002095309551805258
    },
    {
      "step": 7000,
      "mse": 0.0020831015426665545
    },
    {
      "step": 7500,
      "mse": 0.0020370916463434696
    },
    {
      "step": 8000,
      "mse": 0.002063057152554393
    },
    {
      "step": 8500,
      "mse": 0.0018108587246388197
    },
    {
      "step": 9000,
      "mse": 0.0017742955824360251
    },
    {
      "step": 9500,
      "mse": 0.0017402704106643796
    },
    {
      "step": 9999,
      "mse": 0.0017208980862051249
    }
  ],
  "render_times": {
    "render-960.png": 17.182349000023578,
    "render-mid.png": 11.643953999993073,
    "render-last.png": 11.595840999973461,
    "render-512.png": 3.3430130000056124,
    "crop-2x.png": 11.444256000004316
  },
  "render_960_ms": 17.182349000023578,
  "render_33_wall_ms": 374.4269910000071,
  "encode_ms": 246.30463999997687,
  "resize_consistency": 0.9995578252842957,
  "temporal_consistency": 0.9989149727625772,
  "motion_delta_model": 0.06699076294898987,
  "loop_error_model": 0.0010850272374227643,
  "description": "C4.7 neural canvas: learned full page layout reflow from x,y,t",
  "run_id": "20260424T221427468967Z-c2-lite-glyph-layout-reflow-c47-layout-reflow-100-c32h160-s10000-1536x864-s10000",
  "commit": "4e33831",
  "track": "C",
  "width": 960,
  "height": 544,
  "frames": 33,
  "fps": 24,
  "artifacts": {
    "input": "/Users/dennisonbertram/Develop/flipbook-research/outputs/track-c/20260424T221427468967Z-c2-lite-glyph-layout-reflow-c47-layout-reflow-100-c32h160-s10000-1536x864-s10000/input.png",
    "render_960": "/Users/dennisonbertram/Develop/flipbook-research/outputs/track-c/20260424T221427468967Z-c2-lite-glyph-layout-reflow-c47-layout-reflow-100-c32h160-s10000-1536x864-s10000/render-960.png",
    "render_mid": "/Users/dennisonbertram/Develop/flipbook-research/outputs/track-c/20260424T221427468967Z-c2-lite-glyph-layout-reflow-c47-layout-reflow-100-c32h160-s10000-1536x864-s10000/render-mid.png",
    "render_last": "/Users/dennisonbertram/Develop/flipbook-research/outputs/track-c/20260424T221427468967Z-c2-lite-glyph-layout-reflow-c47-layout-reflow-100-c32h160-s10000-1536x864-s10000/render-last.png",
    "render_512": "/Users/dennisonbertram/Develop/flipbook-research/outputs/track-c/20260424T221427468967Z-c2-lite-glyph-layout-reflow-c47-layout-reflow-100-c32h160-s10000-1536x864-s10000/render-512.png",
    "crop_2x": "/Users/dennisonbertram/Develop/flipbook-research/outputs/track-c/20260424T221427468967Z-c2-lite-glyph-layout-reflow-c47-layout-reflow-100-c32h160-s10000-1536x864-s10000/crop-2x.png",
    "text_mask": "/Users/dennisonbertram/Develop/flipbook-research/outputs/track-c/20260424T221427468967Z-c2-lite-glyph-layout-reflow-c47-layout-reflow-100-c32h160-s10000-1536x864-s10000/text-mask.png",
    "element_alpha_mask": "/Users/dennisonbertram/Develop/flipbook-research/outputs/track-c/20260424T221427468967Z-c2-lite-glyph-layout-reflow-c47-layout-reflow-100-c32h160-s10000-1536x864-s10000/element-alpha-mask.png",
    "text_boxes": "/Users/dennisonbertram/Develop/flipbook-research/outputs/track-c/20260424T221427468967Z-c2-lite-glyph-layout-reflow-c47-layout-reflow-100-c32h160-s10000-1536x864-s10000/text-boxes.json",
    "output": "/Users/dennisonbertram/Develop/flipbook-research/outputs/track-c/20260424T221427468967Z-c2-lite-glyph-layout-reflow-c47-layout-reflow-100-c32h160-s10000-1536x864-s10000/output.mp4",
    "metrics": "/Users/dennisonbertram/Develop/flipbook-research/outputs/track-c/20260424T221427468967Z-c2-lite-glyph-layout-reflow-c47-layout-reflow-100-c32h160-s10000-1536x864-s10000/metrics.json",
    "quality": "/Users/dennisonbertram/Develop/flipbook-research/outputs/track-c/20260424T221427468967Z-c2-lite-glyph-layout-reflow-c47-layout-reflow-100-c32h160-s10000-1536x864-s10000/quality.json"
  },
  "ocr_similarity": 0.5193370165745856,
  "layout_similarity": 0.9995578252842957,
  "motion_delta": 0.05197969824075699,
  "loop_error": 0.0007708484772592783,
  "status": "pass"
}
DONE 20260424T221427468967Z-c2-lite-glyph-layout-reflow-c47-layout-reflow-100-c32h160-s10000-1536x864-s10000 quality=0.5193 motion=0.0520
Stopping app - local entrypoint completed.
✓ App completed. View run at 
https://modal.com/apps/dennisonbertram/main/ap-14qw7FEEDH7irHA6SoMeVK
