✓ Initialized. View run at 
https://modal.com/apps/dennisonbertram/main/ap-z11iK0zWkr6ibX9lYEz3Zd
✓ Created objects.
├── 🔨 Created mount 
│   /Users/dennisonbertram/Develop/flipbook-research/scripts/track_c/modal_canva
│   s_c2_lite.py
└── 🔨 Created function train_and_render_motion.
START 20260424T221429061044Z-c2-lite-glyph-layout-reflow-c47-layout-reflow-100-cosine-s10000-1536x864-s10000 config={"batch_size": 131072, "channels": 16, "edge_loss_weight": 0.9, "edge_sample_ratio": 0.09, "element_anchor_mode": "line", "element_anchor_padding": 3, "element_mask_mode": "rectangle", "element_render_mode": "sequential", "element_scale_ratio": 0.25, "experiment_label": "c47-layout-reflow-100-cosine-s10000", "flow_scale": 0.08, "fps": 24, "frames": 33, "freq_bands": 10, "grad_clip": 0.5, "hidden": 96, "layout_supersample": 1.0, "layout_transform_pan": 0.0, "layout_transform_strength": 0.0, "lr": 0.01, "lr_schedule": "cosine", "min_lr_ratio": 0.1, "min_motion_delta": 0.035, "min_ocr_similarity": 0.35, "motion_mode": "layout-reflow", "motion_strength": 1.0, "seed": 0, "source_resolution": [1280, 736], "steps": 10000, "text_box_loss_weight": 0.0, "text_box_min_conf": 55.0, "text_box_padding": 0, "text_box_sample_ratio": 0.0, "text_boxes": "0 boxes", "time_bands": 4, "train_resolution": "1536x864", "video_layout_mode": "none", "video_viewport_mode": "static", "viewport_pan": 0.0, "viewport_zoom": 0.0}
{
  "canvas_type": "time-conditioned-latent-feature-grid-learned-flow-mlp-glyph-weighted",
  "train_resolution": "1536x864",
  "steps": 10000,
  "batch_size": 131072,
  "channels": 16,
  "hidden": 96,
  "freq_bands": 10,
  "time_bands": 4,
  "lr": 0.01,
  "lr_schedule": "cosine",
  "min_lr_ratio": 0.1,
  "grad_clip": 0.5,
  "seed": 0,
  "flow_scale": 0.08,
  "motion_mode": "layout-reflow",
  "motion_strength": 1.0,
  "video_viewport_mode": "static",
  "viewport_zoom": 0.0,
  "viewport_pan": 0.0,
  "video_layout_mode": "none",
  "layout_transform_strength": 0.0,
  "layout_transform_pan": 0.0,
  "layout_supersample": 1.0,
  "layout_region_count": 0,
  "element_scale_ratio": 0.25,
  "element_anchor_padding": 3,
  "element_mask_mode": "rectangle",
  "element_anchor_mode": "line",
  "element_render_mode": "sequential",
  "element_line_count": 0,
  "min_ocr_similarity": 0.35,
  "min_motion_delta": 0.035,
  "edge_sample_ratio": 0.09,
  "edge_loss_weight": 0.9,
  "text_box_sample_ratio": 0.0,
  "text_box_loss_weight": 0.0,
  "text_box_padding": 0,
  "text_box_count": 0,
  "text_mask_coverage": 0.0,
  "element_alpha_coverage": 0.0,
  "compile_ms": 87246.972314,
  "final_mse": 0.0020755105651915073,
  "losses": [
    {
      "step": 0,
      "mse": 0.24463343620300293
    },
    {
      "step": 500,
      "mse": 0.008206513710319996
    },
    {
      "step": 1000,
      "mse": 0.005450506694614887
    },
    {
      "step": 1500,
      "mse": 0.0044995518401265144
    },
    {
      "step": 2000,
      "mse": 0.0039197299629449844
    },
    {
      "step": 2500,
      "mse": 0.0036277403123676777
    },
    {
      "step": 3000,
      "mse": 0.0032368521206080914
    },
    {
      "step": 3500,
      "mse": 0.003137745428830385
    },
    {
      "step": 4000,
      "mse": 0.0029220308642834425
    },
    {
      "step": 4500,
      "mse": 0.00277554988861084
    },
    {
      "step": 5000,
      "mse": 0.00263794744387269
    },
    {
      "step": 5500,
      "mse": 0.0025714850053191185
    },
    {
      "step": 6000,
      "mse": 0.0024821104016155005
    },
    {
      "step": 6500,
      "mse": 0.002354487543925643
    },
    {
      "step": 7000,
      "mse": 0.002398925367742777
    },
    {
      "step": 7500,
      "mse": 0.0022710415069013834
    },
    {
      "step": 8000,
      "mse": 0.0022350382059812546
    },
    {
      "step": 8500,
      "mse": 0.0022175514604896307
    },
    {
      "step": 9000,
      "mse": 0.0021153073757886887
    },
    {
      "step": 9500,
      "mse": 0.0020852619782090187
    },
    {
      "step": 9999,
      "mse": 0.0020755105651915073
    }
  ],
  "render_times": {
    "render-960.png": 13.939922000005822,
    "render-mid.png": 9.444341999994776,
    "render-last.png": 9.409150000010413,
    "render-512.png": 2.6084780000132923,
    "crop-2x.png": 9.329270999998585
  },
  "render_960_ms": 13.939922000005822,
  "render_33_wall_ms": 302.2025789999958,
  "encode_ms": 261.2780360000073,
  "resize_consistency": 0.9995098832660985,
  "temporal_consistency": 0.9992455756291747,
  "motion_delta_model": 0.06522928923368454,
  "loop_error_model": 0.0007544243708252907,
  "description": "C4.7 neural canvas: learned full page layout reflow from x,y,t",
  "run_id": "20260424T221429061044Z-c2-lite-glyph-layout-reflow-c47-layout-reflow-100-cosine-s10000-1536x864-s10000",
  "commit": "4e33831",
  "track": "C",
  "width": 960,
  "height": 544,
  "frames": 33,
  "fps": 24,
  "artifacts": {
    "input": "/Users/dennisonbertram/Develop/flipbook-research/outputs/track-c/20260424T221429061044Z-c2-lite-glyph-layout-reflow-c47-layout-reflow-100-cosine-s10000-1536x864-s10000/input.png",
    "render_960": "/Users/dennisonbertram/Develop/flipbook-research/outputs/track-c/20260424T221429061044Z-c2-lite-glyph-layout-reflow-c47-layout-reflow-100-cosine-s10000-1536x864-s10000/render-960.png",
    "render_mid": "/Users/dennisonbertram/Develop/flipbook-research/outputs/track-c/20260424T221429061044Z-c2-lite-glyph-layout-reflow-c47-layout-reflow-100-cosine-s10000-1536x864-s10000/render-mid.png",
    "render_last": "/Users/dennisonbertram/Develop/flipbook-research/outputs/track-c/20260424T221429061044Z-c2-lite-glyph-layout-reflow-c47-layout-reflow-100-cosine-s10000-1536x864-s10000/render-last.png",
    "render_512": "/Users/dennisonbertram/Develop/flipbook-research/outputs/track-c/20260424T221429061044Z-c2-lite-glyph-layout-reflow-c47-layout-reflow-100-cosine-s10000-1536x864-s10000/render-512.png",
    "crop_2x": "/Users/dennisonbertram/Develop/flipbook-research/outputs/track-c/20260424T221429061044Z-c2-lite-glyph-layout-reflow-c47-layout-reflow-100-cosine-s10000-1536x864-s10000/crop-2x.png",
    "text_mask": "/Users/dennisonbertram/Develop/flipbook-research/outputs/track-c/20260424T221429061044Z-c2-lite-glyph-layout-reflow-c47-layout-reflow-100-cosine-s10000-1536x864-s10000/text-mask.png",
    "element_alpha_mask": "/Users/dennisonbertram/Develop/flipbook-research/outputs/track-c/20260424T221429061044Z-c2-lite-glyph-layout-reflow-c47-layout-reflow-100-cosine-s10000-1536x864-s10000/element-alpha-mask.png",
    "text_boxes": "/Users/dennisonbertram/Develop/flipbook-research/outputs/track-c/20260424T221429061044Z-c2-lite-glyph-layout-reflow-c47-layout-reflow-100-cosine-s10000-1536x864-s10000/text-boxes.json",
    "output": "/Users/dennisonbertram/Develop/flipbook-research/outputs/track-c/20260424T221429061044Z-c2-lite-glyph-layout-reflow-c47-layout-reflow-100-cosine-s10000-1536x864-s10000/output.mp4",
    "metrics": "/Users/dennisonbertram/Develop/flipbook-research/outputs/track-c/20260424T221429061044Z-c2-lite-glyph-layout-reflow-c47-layout-reflow-100-cosine-s10000-1536x864-s10000/metrics.json",
    "quality": "/Users/dennisonbertram/Develop/flipbook-research/outputs/track-c/20260424T221429061044Z-c2-lite-glyph-layout-reflow-c47-layout-reflow-100-cosine-s10000-1536x864-s10000/quality.json"
  },
  "ocr_similarity": 0.4025157232704402,
  "layout_similarity": 0.9995098832660985,
  "motion_delta": 0.050207655876874924,
  "loop_error": 0.0005469317547976971,
  "status": "pass"
}
DONE 20260424T221429061044Z-c2-lite-glyph-layout-reflow-c47-layout-reflow-100-cosine-s10000-1536x864-s10000 quality=0.4025 motion=0.0502
Stopping app - local entrypoint completed.
✓ App completed. View run at 
https://modal.com/apps/dennisonbertram/main/ap-z11iK0zWkr6ibX9lYEz3Zd
