✓ Initialized. View run at 
https://modal.com/apps/dennisonbertram/main/ap-pzfu8dw4X8rQsjWwmCT9bD
✓ Created objects.
├── 🔨 Created mount 
│   /Users/dennisonbertram/Develop/flipbook-research/scripts/track_c/modal_canva
│   s_c2_lite.py
└── 🔨 Created function train_and_render_motion.
START 20260424T221428606391Z-c2-lite-glyph-layout-reflow-c47-layout-reflow-100-c24h128-s9000-1536x864-s9000 config={"batch_size": 131072, "channels": 24, "edge_loss_weight": 0.9, "edge_sample_ratio": 0.09, "element_anchor_mode": "line", "element_anchor_padding": 3, "element_mask_mode": "rectangle", "element_render_mode": "sequential", "element_scale_ratio": 0.25, "experiment_label": "c47-layout-reflow-100-c24h128-s9000", "flow_scale": 0.08, "fps": 24, "frames": 33, "freq_bands": 10, "grad_clip": 0.5, "hidden": 128, "layout_supersample": 1.0, "layout_transform_pan": 0.0, "layout_transform_strength": 0.0, "lr": 0.01, "lr_schedule": "constant", "min_lr_ratio": 0.1, "min_motion_delta": 0.035, "min_ocr_similarity": 0.35, "motion_mode": "layout-reflow", "motion_strength": 1.0, "seed": 0, "source_resolution": [1280, 736], "steps": 9000, "text_box_loss_weight": 0.0, "text_box_min_conf": 55.0, "text_box_padding": 0, "text_box_sample_ratio": 0.0, "text_boxes": "0 boxes", "time_bands": 4, "train_resolution": "1536x864", "video_layout_mode": "none", "video_viewport_mode": "static", "viewport_pan": 0.0, "viewport_zoom": 0.0}
{
  "canvas_type": "time-conditioned-latent-feature-grid-learned-flow-mlp-glyph-weighted",
  "train_resolution": "1536x864",
  "steps": 9000,
  "batch_size": 131072,
  "channels": 24,
  "hidden": 128,
  "freq_bands": 10,
  "time_bands": 4,
  "lr": 0.01,
  "lr_schedule": "constant",
  "min_lr_ratio": 0.1,
  "grad_clip": 0.5,
  "seed": 0,
  "flow_scale": 0.08,
  "motion_mode": "layout-reflow",
  "motion_strength": 1.0,
  "video_viewport_mode": "static",
  "viewport_zoom": 0.0,
  "viewport_pan": 0.0,
  "video_layout_mode": "none",
  "layout_transform_strength": 0.0,
  "layout_transform_pan": 0.0,
  "layout_supersample": 1.0,
  "layout_region_count": 0,
  "element_scale_ratio": 0.25,
  "element_anchor_padding": 3,
  "element_mask_mode": "rectangle",
  "element_anchor_mode": "line",
  "element_render_mode": "sequential",
  "element_line_count": 0,
  "min_ocr_similarity": 0.35,
  "min_motion_delta": 0.035,
  "edge_sample_ratio": 0.09,
  "edge_loss_weight": 0.9,
  "text_box_sample_ratio": 0.0,
  "text_box_loss_weight": 0.0,
  "text_box_padding": 0,
  "text_box_count": 0,
  "text_mask_coverage": 0.0,
  "element_alpha_coverage": 0.0,
  "compile_ms": 113580.94116999999,
  "final_mse": 0.001999938627704978,
  "losses": [
    {
      "step": 0,
      "mse": 0.23909366130828857
    },
    {
      "step": 450,
      "mse": 0.008398904465138912
    },
    {
      "step": 900,
      "mse": 0.005817760247737169
    },
    {
      "step": 1350,
      "mse": 0.004749068059027195
    },
    {
      "step": 1800,
      "mse": 0.004231782630085945
    },
    {
      "step": 2250,
      "mse": 0.0036265170201659203
    },
    {
      "step": 2700,
      "mse": 0.0033863582648336887
    },
    {
      "step": 3150,
      "mse": 0.0031782183796167374
    },
    {
      "step": 3600,
      "mse": 0.0029962058179080486
    },
    {
      "step": 4050,
      "mse": 0.002817443571984768
    },
    {
      "step": 4500,
      "mse": 0.0028980588540434837
    },
    {
      "step": 4950,
      "mse": 0.002792363753542304
    },
    {
      "step": 5400,
      "mse": 0.002541470341384411
    },
    {
      "step": 5850,
      "mse": 0.0024619929026812315
    },
    {
      "step": 6300,
      "mse": 0.00233644200488925
    },
    {
      "step": 6750,
      "mse": 0.0022357210982590914
    },
    {
      "step": 7200,
      "mse": 0.0022158308420330286
    },
    {
      "step": 7650,
      "mse": 0.0021032521035522223
    },
    {
      "step": 8100,
      "mse": 0.0020481254905462265
    },
    {
      "step": 8550,
      "mse": 0.0020105973817408085
    },
    {
      "step": 8999,
      "mse": 0.001999938627704978
    }
  ],
  "render_times": {
    "render-960.png": 17.112660000009328,
    "render-mid.png": 11.987463999986403,
    "render-last.png": 11.883459000003427,
    "render-512.png": 3.0883009999911337,
    "crop-2x.png": 11.712009000007129
  },
  "render_960_ms": 17.112660000009328,
  "render_33_wall_ms": 379.63231800000585,
  "encode_ms": 259.55669200000386,
  "resize_consistency": 0.9995426542288705,
  "temporal_consistency": 0.998826271854341,
  "motion_delta_model": 0.06645964086055756,
  "loop_error_model": 0.0011737281456589699,
  "description": "C4.7 neural canvas: learned full page layout reflow from x,y,t",
  "run_id": "20260424T221428606391Z-c2-lite-glyph-layout-reflow-c47-layout-reflow-100-c24h128-s9000-1536x864-s9000",
  "commit": "4e33831",
  "track": "C",
  "width": 960,
  "height": 544,
  "frames": 33,
  "fps": 24,
  "artifacts": {
    "input": "/Users/dennisonbertram/Develop/flipbook-research/outputs/track-c/20260424T221428606391Z-c2-lite-glyph-layout-reflow-c47-layout-reflow-100-c24h128-s9000-1536x864-s9000/input.png",
    "render_960": "/Users/dennisonbertram/Develop/flipbook-research/outputs/track-c/20260424T221428606391Z-c2-lite-glyph-layout-reflow-c47-layout-reflow-100-c24h128-s9000-1536x864-s9000/render-960.png",
    "render_mid": "/Users/dennisonbertram/Develop/flipbook-research/outputs/track-c/20260424T221428606391Z-c2-lite-glyph-layout-reflow-c47-layout-reflow-100-c24h128-s9000-1536x864-s9000/render-mid.png",
    "render_last": "/Users/dennisonbertram/Develop/flipbook-research/outputs/track-c/20260424T221428606391Z-c2-lite-glyph-layout-reflow-c47-layout-reflow-100-c24h128-s9000-1536x864-s9000/render-last.png",
    "render_512": "/Users/dennisonbertram/Develop/flipbook-research/outputs/track-c/20260424T221428606391Z-c2-lite-glyph-layout-reflow-c47-layout-reflow-100-c24h128-s9000-1536x864-s9000/render-512.png",
    "crop_2x": "/Users/dennisonbertram/Develop/flipbook-research/outputs/track-c/20260424T221428606391Z-c2-lite-glyph-layout-reflow-c47-layout-reflow-100-c24h128-s9000-1536x864-s9000/crop-2x.png",
    "text_mask": "/Users/dennisonbertram/Develop/flipbook-research/outputs/track-c/20260424T221428606391Z-c2-lite-glyph-layout-reflow-c47-layout-reflow-100-c24h128-s9000-1536x864-s9000/text-mask.png",
    "element_alpha_mask": "/Users/dennisonbertram/Develop/flipbook-research/outputs/track-c/20260424T221428606391Z-c2-lite-glyph-layout-reflow-c47-layout-reflow-100-c24h128-s9000-1536x864-s9000/element-alpha-mask.png",
    "text_boxes": "/Users/dennisonbertram/Develop/flipbook-research/outputs/track-c/20260424T221428606391Z-c2-lite-glyph-layout-reflow-c47-layout-reflow-100-c24h128-s9000-1536x864-s9000/text-boxes.json",
    "output": "/Users/dennisonbertram/Develop/flipbook-research/outputs/track-c/20260424T221428606391Z-c2-lite-glyph-layout-reflow-c47-layout-reflow-100-c24h128-s9000-1536x864-s9000/output.mp4",
    "metrics": "/Users/dennisonbertram/Develop/flipbook-research/outputs/track-c/20260424T221428606391Z-c2-lite-glyph-layout-reflow-c47-layout-reflow-100-c24h128-s9000-1536x864-s9000/metrics.json",
    "quality": "/Users/dennisonbertram/Develop/flipbook-research/outputs/track-c/20260424T221428606391Z-c2-lite-glyph-layout-reflow-c47-layout-reflow-100-c24h128-s9000-1536x864-s9000/quality.json"
  },
  "ocr_similarity": 0.3708609271523179,
  "layout_similarity": 0.9995426542288705,
  "motion_delta": 0.05110974609851837,
  "loop_error": 0.0007765220361761749,
  "status": "pass"
}
DONE 20260424T221428606391Z-c2-lite-glyph-layout-reflow-c47-layout-reflow-100-c24h128-s9000-1536x864-s9000 quality=0.3709 motion=0.0511
Stopping app - local entrypoint completed.
✓ App completed. View run at 
https://modal.com/apps/dennisonbertram/main/ap-pzfu8dw4X8rQsjWwmCT9bD
