✓ Initialized. View run at 
https://modal.com/apps/dennisonbertram/main/ap-3Dnv90k4ZqVMmFZCUflooE
✓ Created objects.
├── 🔨 Created mount 
│   /Users/dennisonbertram/Develop/flipbook-research/scripts/track_c/modal_canva
│   s_c2_lite.py
└── 🔨 Created function train_and_render_motion.
START 20260424T221428914756Z-c2-lite-glyph-layout-reflow-c47-layout-reflow-085-s9000-1536x864-s9000 config={"batch_size": 131072, "channels": 16, "edge_loss_weight": 0.9, "edge_sample_ratio": 0.09, "element_anchor_mode": "line", "element_anchor_padding": 3, "element_mask_mode": "rectangle", "element_render_mode": "sequential", "element_scale_ratio": 0.25, "experiment_label": "c47-layout-reflow-085-s9000", "flow_scale": 0.08, "fps": 24, "frames": 33, "freq_bands": 10, "grad_clip": 0.5, "hidden": 96, "layout_supersample": 1.0, "layout_transform_pan": 0.0, "layout_transform_strength": 0.0, "lr": 0.01, "lr_schedule": "constant", "min_lr_ratio": 0.1, "min_motion_delta": 0.03, "min_ocr_similarity": 0.4, "motion_mode": "layout-reflow", "motion_strength": 0.85, "seed": 0, "source_resolution": [1280, 736], "steps": 9000, "text_box_loss_weight": 0.0, "text_box_min_conf": 55.0, "text_box_padding": 0, "text_box_sample_ratio": 0.0, "text_boxes": "0 boxes", "time_bands": 4, "train_resolution": "1536x864", "video_layout_mode": "none", "video_viewport_mode": "static", "viewport_pan": 0.0, "viewport_zoom": 0.0}
{
  "canvas_type": "time-conditioned-latent-feature-grid-learned-flow-mlp-glyph-weighted",
  "train_resolution": "1536x864",
  "steps": 9000,
  "batch_size": 131072,
  "channels": 16,
  "hidden": 96,
  "freq_bands": 10,
  "time_bands": 4,
  "lr": 0.01,
  "lr_schedule": "constant",
  "min_lr_ratio": 0.1,
  "grad_clip": 0.5,
  "seed": 0,
  "flow_scale": 0.08,
  "motion_mode": "layout-reflow",
  "motion_strength": 0.85,
  "video_viewport_mode": "static",
  "viewport_zoom": 0.0,
  "viewport_pan": 0.0,
  "video_layout_mode": "none",
  "layout_transform_strength": 0.0,
  "layout_transform_pan": 0.0,
  "layout_supersample": 1.0,
  "layout_region_count": 0,
  "element_scale_ratio": 0.25,
  "element_anchor_padding": 3,
  "element_mask_mode": "rectangle",
  "element_anchor_mode": "line",
  "element_render_mode": "sequential",
  "element_line_count": 0,
  "min_ocr_similarity": 0.4,
  "min_motion_delta": 0.03,
  "edge_sample_ratio": 0.09,
  "edge_loss_weight": 0.9,
  "text_box_sample_ratio": 0.0,
  "text_box_loss_weight": 0.0,
  "text_box_padding": 0,
  "text_box_count": 0,
  "text_mask_coverage": 0.0,
  "element_alpha_coverage": 0.0,
  "compile_ms": 78753.30384399998,
  "final_mse": 0.0019007364753633738,
  "losses": [
    {
      "step": 0,
      "mse": 0.24425733089447021
    },
    {
      "step": 450,
      "mse": 0.0075691379606723785
    },
    {
      "step": 900,
      "mse": 0.005021420307457447
    },
    {
      "step": 1350,
      "mse": 0.004252621438354254
    },
    {
      "step": 1800,
      "mse": 0.0036950712092220783
    },
    {
      "step": 2250,
      "mse": 0.0033874246291816235
    },
    {
      "step": 2700,
      "mse": 0.003118901513516903
    },
    {
      "step": 3150,
      "mse": 0.002916930243372917
    },
    {
      "step": 3600,
      "mse": 0.0027119440492242575
    },
    {
      "step": 4050,
      "mse": 0.0026307995431125164
    },
    {
      "step": 4500,
      "mse": 0.0025209689047187567
    },
    {
      "step": 4950,
      "mse": 0.0024177459999918938
    },
    {
      "step": 5400,
      "mse": 0.0023994126822799444
    },
    {
      "step": 5850,
      "mse": 0.0023361470084637403
    },
    {
      "step": 6300,
      "mse": 0.002174777677282691
    },
    {
      "step": 6750,
      "mse": 0.002175457775592804
    },
    {
      "step": 7200,
      "mse": 0.002055242657661438
    },
    {
      "step": 7650,
      "mse": 0.0019970915745943785
    },
    {
      "step": 8100,
      "mse": 0.0020549753680825233
    },
    {
      "step": 8550,
      "mse": 0.001982578309252858
    },
    {
      "step": 8999,
      "mse": 0.0019007364753633738
    }
  ],
  "render_times": {
    "render-960.png": 14.397728000005827,
    "render-mid.png": 9.45554700000173,
    "render-last.png": 9.43025599998748,
    "render-512.png": 2.6393589999997857,
    "crop-2x.png": 9.368335999994315
  },
  "render_960_ms": 14.397728000005827,
  "render_33_wall_ms": 302.3885799999988,
  "encode_ms": 257.31314399999405,
  "resize_consistency": 0.9995081159510277,
  "temporal_consistency": 0.9993215490831062,
  "motion_delta_model": 0.062087636440992355,
  "loop_error_model": 0.0006784509168937802,
  "description": "C4.7 neural canvas: learned full page layout reflow from x,y,t",
  "run_id": "20260424T221428914756Z-c2-lite-glyph-layout-reflow-c47-layout-reflow-085-s9000-1536x864-s9000",
  "commit": "4e33831",
  "track": "C",
  "width": 960,
  "height": 544,
  "frames": 33,
  "fps": 24,
  "artifacts": {
    "input": "/Users/dennisonbertram/Develop/flipbook-research/outputs/track-c/20260424T221428914756Z-c2-lite-glyph-layout-reflow-c47-layout-reflow-085-s9000-1536x864-s9000/input.png",
    "render_960": "/Users/dennisonbertram/Develop/flipbook-research/outputs/track-c/20260424T221428914756Z-c2-lite-glyph-layout-reflow-c47-layout-reflow-085-s9000-1536x864-s9000/render-960.png",
    "render_mid": "/Users/dennisonbertram/Develop/flipbook-research/outputs/track-c/20260424T221428914756Z-c2-lite-glyph-layout-reflow-c47-layout-reflow-085-s9000-1536x864-s9000/render-mid.png",
    "render_last": "/Users/dennisonbertram/Develop/flipbook-research/outputs/track-c/20260424T221428914756Z-c2-lite-glyph-layout-reflow-c47-layout-reflow-085-s9000-1536x864-s9000/render-last.png",
    "render_512": "/Users/dennisonbertram/Develop/flipbook-research/outputs/track-c/20260424T221428914756Z-c2-lite-glyph-layout-reflow-c47-layout-reflow-085-s9000-1536x864-s9000/render-512.png",
    "crop_2x": "/Users/dennisonbertram/Develop/flipbook-research/outputs/track-c/20260424T221428914756Z-c2-lite-glyph-layout-reflow-c47-layout-reflow-085-s9000-1536x864-s9000/crop-2x.png",
    "text_mask": "/Users/dennisonbertram/Develop/flipbook-research/outputs/track-c/20260424T221428914756Z-c2-lite-glyph-layout-reflow-c47-layout-reflow-085-s9000-1536x864-s9000/text-mask.png",
    "element_alpha_mask": "/Users/dennisonbertram/Develop/flipbook-research/outputs/track-c/20260424T221428914756Z-c2-lite-glyph-layout-reflow-c47-layout-reflow-085-s9000-1536x864-s9000/element-alpha-mask.png",
    "text_boxes": "/Users/dennisonbertram/Develop/flipbook-research/outputs/track-c/20260424T221428914756Z-c2-lite-glyph-layout-reflow-c47-layout-reflow-085-s9000-1536x864-s9000/text-boxes.json",
    "output": "/Users/dennisonbertram/Develop/flipbook-research/outputs/track-c/20260424T221428914756Z-c2-lite-glyph-layout-reflow-c47-layout-reflow-085-s9000-1536x864-s9000/output.mp4",
    "metrics": "/Users/dennisonbertram/Develop/flipbook-research/outputs/track-c/20260424T221428914756Z-c2-lite-glyph-layout-reflow-c47-layout-reflow-085-s9000-1536x864-s9000/metrics.json",
    "quality": "/Users/dennisonbertram/Develop/flipbook-research/outputs/track-c/20260424T221428914756Z-c2-lite-glyph-layout-reflow-c47-layout-reflow-085-s9000-1536x864-s9000/quality.json"
  },
  "ocr_similarity": 0.46625766871165636,
  "layout_similarity": 0.9995081159510277,
  "motion_delta": 0.047331154346466064,
  "loop_error": 0.0005193203687667847,
  "status": "pass"
}
DONE 20260424T221428914756Z-c2-lite-glyph-layout-reflow-c47-layout-reflow-085-s9000-1536x864-s9000 quality=0.4663 motion=0.0473
Stopping app - local entrypoint completed.
✓ App completed. View run at 
https://modal.com/apps/dennisonbertram/main/ap-3Dnv90k4ZqVMmFZCUflooE
