✓ Initialized. View run at 
https://modal.com/apps/dennisonbertram/main/ap-9OhhHDo45vTU5PymaxDn3N
✓ Created objects.
├── 🔨 Created mount 
│   /Users/dennisonbertram/Develop/flipbook-research/scripts/track_c/modal_canva
│   s_c2_lite.py
└── 🔨 Created function train_and_render_motion.
START 20260424T221426786744Z-c2-lite-text-layout-reflow-c47-layout-reflow-100-textw-s9000-1536x864-s9000 config={"batch_size": 131072, "channels": 16, "edge_loss_weight": 0.9, "edge_sample_ratio": 0.09, "element_anchor_mode": "line", "element_anchor_padding": 3, "element_mask_mode": "rectangle", "element_render_mode": "sequential", "element_scale_ratio": 0.25, "experiment_label": "c47-layout-reflow-100-textw-s9000", "flow_scale": 0.08, "fps": 24, "frames": 33, "freq_bands": 10, "grad_clip": 0.5, "hidden": 96, "layout_supersample": 1.0, "layout_transform_pan": 0.0, "layout_transform_strength": 0.0, "lr": 0.01, "lr_schedule": "constant", "min_lr_ratio": 0.1, "min_motion_delta": 0.03, "min_ocr_similarity": 0.4, "motion_mode": "layout-reflow", "motion_strength": 1.0, "seed": 0, "source_resolution": [1280, 736], "steps": 9000, "text_box_loss_weight": 3.0, "text_box_min_conf": 55.0, "text_box_padding": 3, "text_box_sample_ratio": 0.25, "text_boxes": "105 boxes", "time_bands": 4, "train_resolution": "1536x864", "video_layout_mode": "none", "video_viewport_mode": "static", "viewport_pan": 0.0, "viewport_zoom": 0.0}
{
  "canvas_type": "time-conditioned-latent-feature-grid-learned-flow-mlp-text-box-weighted",
  "train_resolution": "1536x864",
  "steps": 9000,
  "batch_size": 131072,
  "channels": 16,
  "hidden": 96,
  "freq_bands": 10,
  "time_bands": 4,
  "lr": 0.01,
  "lr_schedule": "constant",
  "min_lr_ratio": 0.1,
  "grad_clip": 0.5,
  "seed": 0,
  "flow_scale": 0.08,
  "motion_mode": "layout-reflow",
  "motion_strength": 1.0,
  "video_viewport_mode": "static",
  "viewport_zoom": 0.0,
  "viewport_pan": 0.0,
  "video_layout_mode": "none",
  "layout_transform_strength": 0.0,
  "layout_transform_pan": 0.0,
  "layout_supersample": 1.0,
  "layout_region_count": 0,
  "element_scale_ratio": 0.25,
  "element_anchor_padding": 3,
  "element_mask_mode": "rectangle",
  "element_anchor_mode": "line",
  "element_render_mode": "sequential",
  "element_line_count": 13,
  "min_ocr_similarity": 0.4,
  "min_motion_delta": 0.03,
  "edge_sample_ratio": 0.09,
  "edge_loss_weight": 0.9,
  "text_box_sample_ratio": 0.25,
  "text_box_loss_weight": 3.0,
  "text_box_padding": 3,
  "text_box_count": 105,
  "text_mask_coverage": 0.133388951420784,
  "element_alpha_coverage": 0.0999416783452034,
  "compile_ms": 83517.892296,
  "final_mse": 0.004523150622844696,
  "losses": [
    {
      "step": 0,
      "mse": 0.3755030930042267
    },
    {
      "step": 450,
      "mse": 0.020186875015497208
    },
    {
      "step": 900,
      "mse": 0.01293084304779768
    },
    {
      "step": 1350,
      "mse": 0.008989070542156696
    },
    {
      "step": 1800,
      "mse": 0.007254104595631361
    },
    {
      "step": 2250,
      "mse": 0.006657860241830349
    },
    {
      "step": 2700,
      "mse": 0.006246156059205532
    },
    {
      "step": 3150,
      "mse": 0.0057929763570427895
    },
    {
      "step": 3600,
      "mse": 0.005342735908925533
    },
    {
      "step": 4050,
      "mse": 0.005248934496194124
    },
    {
      "step": 4500,
      "mse": 0.00492145586758852
    },
    {
      "step": 4950,
      "mse": 0.00483002420514822
    },
    {
      "step": 5400,
      "mse": 0.0046649836003780365
    },
    {
      "step": 5850,
      "mse": 0.004616927355527878
    },
    {
      "step": 6300,
      "mse": 0.004492439329624176
    },
    {
      "step": 6750,
      "mse": 0.004330025985836983
    },
    {
      "step": 7200,
      "mse": 0.0043168338015675545
    },
    {
      "step": 7650,
      "mse": 0.004183190409094095
    },
    {
      "step": 8100,
      "mse": 0.0042319828644394875
    },
    {
      "step": 8550,
      "mse": 0.003961432725191116
    },
    {
      "step": 8999,
      "mse": 0.004523150622844696
    }
  ],
  "render_times": {
    "render-960.png": 14.789227999997934,
    "render-mid.png": 9.483535999990522,
    "render-last.png": 9.459359999993922,
    "render-512.png": 2.623913999997285,
    "crop-2x.png": 9.323824000006198
  },
  "render_960_ms": 14.789227999997934,
  "render_33_wall_ms": 301.7611599999981,
  "encode_ms": 271.43656600000554,
  "resize_consistency": 0.9994256008079262,
  "temporal_consistency": 0.9994086428196169,
  "motion_delta_model": 0.06114691123366356,
  "loop_error_model": 0.0005913571803830564,
  "description": "C4.7 neural canvas: learned full page layout reflow from x,y,t",
  "run_id": "20260424T221426786744Z-c2-lite-text-layout-reflow-c47-layout-reflow-100-textw-s9000-1536x864-s9000",
  "commit": "4e33831",
  "track": "C",
  "width": 960,
  "height": 544,
  "frames": 33,
  "fps": 24,
  "artifacts": {
    "input": "/Users/dennisonbertram/Develop/flipbook-research/outputs/track-c/20260424T221426786744Z-c2-lite-text-layout-reflow-c47-layout-reflow-100-textw-s9000-1536x864-s9000/input.png",
    "render_960": "/Users/dennisonbertram/Develop/flipbook-research/outputs/track-c/20260424T221426786744Z-c2-lite-text-layout-reflow-c47-layout-reflow-100-textw-s9000-1536x864-s9000/render-960.png",
    "render_mid": "/Users/dennisonbertram/Develop/flipbook-research/outputs/track-c/20260424T221426786744Z-c2-lite-text-layout-reflow-c47-layout-reflow-100-textw-s9000-1536x864-s9000/render-mid.png",
    "render_last": "/Users/dennisonbertram/Develop/flipbook-research/outputs/track-c/20260424T221426786744Z-c2-lite-text-layout-reflow-c47-layout-reflow-100-textw-s9000-1536x864-s9000/render-last.png",
    "render_512": "/Users/dennisonbertram/Develop/flipbook-research/outputs/track-c/20260424T221426786744Z-c2-lite-text-layout-reflow-c47-layout-reflow-100-textw-s9000-1536x864-s9000/render-512.png",
    "crop_2x": "/Users/dennisonbertram/Develop/flipbook-research/outputs/track-c/20260424T221426786744Z-c2-lite-text-layout-reflow-c47-layout-reflow-100-textw-s9000-1536x864-s9000/crop-2x.png",
    "text_mask": "/Users/dennisonbertram/Develop/flipbook-research/outputs/track-c/20260424T221426786744Z-c2-lite-text-layout-reflow-c47-layout-reflow-100-textw-s9000-1536x864-s9000/text-mask.png",
    "element_alpha_mask": "/Users/dennisonbertram/Develop/flipbook-research/outputs/track-c/20260424T221426786744Z-c2-lite-text-layout-reflow-c47-layout-reflow-100-textw-s9000-1536x864-s9000/element-alpha-mask.png",
    "text_boxes": "/Users/dennisonbertram/Develop/flipbook-research/outputs/track-c/20260424T221426786744Z-c2-lite-text-layout-reflow-c47-layout-reflow-100-textw-s9000-1536x864-s9000/text-boxes.json",
    "output": "/Users/dennisonbertram/Develop/flipbook-research/outputs/track-c/20260424T221426786744Z-c2-lite-text-layout-reflow-c47-layout-reflow-100-textw-s9000-1536x864-s9000/output.mp4",
    "metrics": "/Users/dennisonbertram/Develop/flipbook-research/outputs/track-c/20260424T221426786744Z-c2-lite-text-layout-reflow-c47-layout-reflow-100-textw-s9000-1536x864-s9000/metrics.json",
    "quality": "/Users/dennisonbertram/Develop/flipbook-research/outputs/track-c/20260424T221426786744Z-c2-lite-text-layout-reflow-c47-layout-reflow-100-textw-s9000-1536x864-s9000/quality.json"
  },
  "ocr_similarity": 0.4025157232704402,
  "layout_similarity": 0.9994256008079262,
  "motion_delta": 0.046178095042705536,
  "loop_error": 0.00045936970855109394,
  "status": "pass"
}
DONE 20260424T221426786744Z-c2-lite-text-layout-reflow-c47-layout-reflow-100-textw-s9000-1536x864-s9000 quality=0.4025 motion=0.0462
Stopping app - local entrypoint completed.
✓ App completed. View run at 
https://modal.com/apps/dennisonbertram/main/ap-9OhhHDo45vTU5PymaxDn3N
