✓ Initialized. View run at 
https://modal.com/apps/dennisonbertram/main/ap-ARST8ehUI4sHgeo8ZOM2sU
✓ Created objects.
├── 🔨 Created mount 
│   /Users/dennisonbertram/Develop/flipbook-research/scripts/track_c/modal_canva
│   s_c2_lite.py
└── 🔨 Created function train_and_render_motion.
START 20260424T225859481792Z-c2-lite-glyph-layout-reflow-c48-layout-reflow-100-c32h160-freq12-s12000-1536x864-s12000 config={"batch_size": 131072, "channels": 32, "edge_loss_weight": 0.9, "edge_sample_ratio": 0.09, "element_anchor_mode": "line", "element_anchor_padding": 3, "element_mask_mode": "rectangle", "element_render_mode": "sequential", "element_scale_ratio": 0.25, "experiment_label": "c48-layout-reflow-100-c32h160-freq12-s12000", "flow_scale": 0.1, "fps": 24, "frames": 33, "freq_bands": 12, "grad_clip": 0.5, "hidden": 160, "layout_supersample": 1.0, "layout_transform_pan": 0.0, "layout_transform_strength": 0.0, "lr": 0.01, "lr_schedule": "constant", "min_lr_ratio": 0.1, "min_motion_delta": 0.045, "min_ocr_similarity": 0.5, "motion_mode": "layout-reflow", "motion_strength": 1.0, "seed": 0, "source_resolution": [1280, 736], "steps": 12000, "text_box_loss_weight": 0.0, "text_box_min_conf": 55.0, "text_box_padding": 0, "text_box_sample_ratio": 0.0, "text_boxes": "0 boxes", "time_bands": 4, "train_resolution": "1536x864", "video_layout_mode": "none", "video_viewport_mode": "static", "viewport_pan": 0.0, "viewport_zoom": 0.0}
{
  "canvas_type": "time-conditioned-latent-feature-grid-learned-flow-mlp-glyph-weighted",
  "train_resolution": "1536x864",
  "steps": 12000,
  "batch_size": 131072,
  "channels": 32,
  "hidden": 160,
  "freq_bands": 12,
  "time_bands": 4,
  "lr": 0.01,
  "lr_schedule": "constant",
  "min_lr_ratio": 0.1,
  "grad_clip": 0.5,
  "seed": 0,
  "flow_scale": 0.1,
  "motion_mode": "layout-reflow",
  "motion_strength": 1.0,
  "video_viewport_mode": "static",
  "viewport_zoom": 0.0,
  "viewport_pan": 0.0,
  "video_layout_mode": "none",
  "layout_transform_strength": 0.0,
  "layout_transform_pan": 0.0,
  "layout_supersample": 1.0,
  "layout_region_count": 0,
  "element_scale_ratio": 0.25,
  "element_anchor_padding": 3,
  "element_mask_mode": "rectangle",
  "element_anchor_mode": "line",
  "element_render_mode": "sequential",
  "element_line_count": 0,
  "min_ocr_similarity": 0.5,
  "min_motion_delta": 0.045,
  "edge_sample_ratio": 0.09,
  "edge_loss_weight": 0.9,
  "text_box_sample_ratio": 0.0,
  "text_box_loss_weight": 0.0,
  "text_box_padding": 0,
  "text_box_count": 0,
  "text_mask_coverage": 0.0,
  "element_alpha_coverage": 0.0,
  "compile_ms": 200589.53615600002,
  "final_mse": 0.001866716193035245,
  "losses": [
    {
      "step": 0,
      "mse": 0.24242696166038513
    },
    {
      "step": 600,
      "mse": 0.0074889883399009705
    },
    {
      "step": 1200,
      "mse": 0.005281261168420315
    },
    {
      "step": 1800,
      "mse": 0.004177981521934271
    },
    {
      "step": 2400,
      "mse": 0.0036146671045571566
    },
    {
      "step": 3000,
      "mse": 0.003250482026487589
    },
    {
      "step": 3600,
      "mse": 0.0030518898274749517
    },
    {
      "step": 4200,
      "mse": 0.0029277843423187733
    },
    {
      "step": 4800,
      "mse": 0.0027319169603288174
    },
    {
      "step": 5400,
      "mse": 0.002647528424859047
    },
    {
      "step": 6000,
      "mse": 0.002553897211328149
    },
    {
      "step": 6600,
      "mse": 0.0023623208981007338
    },
    {
      "step": 7200,
      "mse": 0.0023021618835628033
    },
    {
      "step": 7800,
      "mse": 0.0023024408146739006
    },
    {
      "step": 8400,
      "mse": 0.0022650198079645634
    },
    {
      "step": 9000,
      "mse": 0.002157363807782531
    },
    {
      "step": 9600,
      "mse": 0.0027642869390547276
    },
    {
      "step": 10200,
      "mse": 0.0020436933264136314
    },
    {
      "step": 10800,
      "mse": 0.002183005679398775
    },
    {
      "step": 11400,
      "mse": 0.0019818414002656937
    },
    {
      "step": 11999,
      "mse": 0.001866716193035245
    }
  ],
  "render_times": {
    "render-960.png": 19.846686000022373,
    "render-mid.png": 14.61943699999324,
    "render-last.png": 14.609146999987388,
    "render-512.png": 4.0050020000137465,
    "crop-2x.png": 14.430484000001798
  },
  "render_960_ms": 19.846686000022373,
  "render_33_wall_ms": 472.80486599998994,
  "encode_ms": 254.9622720000002,
  "resize_consistency": 0.9995576242977086,
  "temporal_consistency": 0.9991708038724028,
  "motion_delta_model": 0.0647321417927742,
  "loop_error_model": 0.0008291961275972426,
  "description": "C4.7 neural canvas: learned full page layout reflow from x,y,t",
  "run_id": "20260424T225859481792Z-c2-lite-glyph-layout-reflow-c48-layout-reflow-100-c32h160-freq12-s12000-1536x864-s12000",
  "commit": "1c4ae8a",
  "track": "C",
  "width": 960,
  "height": 544,
  "frames": 33,
  "fps": 24,
  "artifacts": {
    "input": "/Users/dennisonbertram/Develop/flipbook-research/outputs/track-c/20260424T225859481792Z-c2-lite-glyph-layout-reflow-c48-layout-reflow-100-c32h160-freq12-s12000-1536x864-s12000/input.png",
    "render_960": "/Users/dennisonbertram/Develop/flipbook-research/outputs/track-c/20260424T225859481792Z-c2-lite-glyph-layout-reflow-c48-layout-reflow-100-c32h160-freq12-s12000-1536x864-s12000/render-960.png",
    "render_mid": "/Users/dennisonbertram/Develop/flipbook-research/outputs/track-c/20260424T225859481792Z-c2-lite-glyph-layout-reflow-c48-layout-reflow-100-c32h160-freq12-s12000-1536x864-s12000/render-mid.png",
    "render_last": "/Users/dennisonbertram/Develop/flipbook-research/outputs/track-c/20260424T225859481792Z-c2-lite-glyph-layout-reflow-c48-layout-reflow-100-c32h160-freq12-s12000-1536x864-s12000/render-last.png",
    "render_512": "/Users/dennisonbertram/Develop/flipbook-research/outputs/track-c/20260424T225859481792Z-c2-lite-glyph-layout-reflow-c48-layout-reflow-100-c32h160-freq12-s12000-1536x864-s12000/render-512.png",
    "crop_2x": "/Users/dennisonbertram/Develop/flipbook-research/outputs/track-c/20260424T225859481792Z-c2-lite-glyph-layout-reflow-c48-layout-reflow-100-c32h160-freq12-s12000-1536x864-s12000/crop-2x.png",
    "text_mask": "/Users/dennisonbertram/Develop/flipbook-research/outputs/track-c/20260424T225859481792Z-c2-lite-glyph-layout-reflow-c48-layout-reflow-100-c32h160-freq12-s12000-1536x864-s12000/text-mask.png",
    "element_alpha_mask": "/Users/dennisonbertram/Develop/flipbook-research/outputs/track-c/20260424T225859481792Z-c2-lite-glyph-layout-reflow-c48-layout-reflow-100-c32h160-freq12-s12000-1536x864-s12000/element-alpha-mask.png",
    "target_mid": "/Users/dennisonbertram/Develop/flipbook-research/outputs/track-c/20260424T225859481792Z-c2-lite-glyph-layout-reflow-c48-layout-reflow-100-c32h160-freq12-s12000-1536x864-s12000/target-mid.png",
    "text_boxes": "/Users/dennisonbertram/Develop/flipbook-research/outputs/track-c/20260424T225859481792Z-c2-lite-glyph-layout-reflow-c48-layout-reflow-100-c32h160-freq12-s12000-1536x864-s12000/text-boxes.json",
    "output": "/Users/dennisonbertram/Develop/flipbook-research/outputs/track-c/20260424T225859481792Z-c2-lite-glyph-layout-reflow-c48-layout-reflow-100-c32h160-freq12-s12000-1536x864-s12000/output.mp4",
    "metrics": "/Users/dennisonbertram/Develop/flipbook-research/outputs/track-c/20260424T225859481792Z-c2-lite-glyph-layout-reflow-c48-layout-reflow-100-c32h160-freq12-s12000-1536x864-s12000/metrics.json",
    "quality": "/Users/dennisonbertram/Develop/flipbook-research/outputs/track-c/20260424T225859481792Z-c2-lite-glyph-layout-reflow-c48-layout-reflow-100-c32h160-freq12-s12000-1536x864-s12000/quality.json"
  },
  "ocr_similarity": 0.40789473684210525,
  "layout_similarity": 0.9995576242977086,
  "motion_delta": 0.05018533766269684,
  "loop_error": 0.0005482555716298521,
  "status": "near_miss"
}
DONE 20260424T225859481792Z-c2-lite-glyph-layout-reflow-c48-layout-reflow-100-c32h160-freq12-s12000-1536x864-s12000 quality=0.4079 motion=0.0502
Stopping app - local entrypoint completed.
✓ App completed. View run at 
https://modal.com/apps/dennisonbertram/main/ap-ARST8ehUI4sHgeo8ZOM2sU
