✓ Initialized. View run at 
https://modal.com/apps/dennisonbertram/main/ap-61GVk102vvYI28Y96ta7oX
✓ Created objects.
├── 🔨 Created mount 
│   /Users/dennisonbertram/Develop/flipbook-research/scripts/track_c/modal_canva
│   s_c2_lite.py
└── 🔨 Created function train_and_render_motion.
START 20260424T225858925669Z-c2-lite-glyph-layout-reflow-c48-layout-reflow-100-c32h160-lr007-s12000-1536x864-s12000 config={"batch_size": 131072, "channels": 32, "edge_loss_weight": 0.9, "edge_sample_ratio": 0.09, "element_anchor_mode": "line", "element_anchor_padding": 3, "element_mask_mode": "rectangle", "element_render_mode": "sequential", "element_scale_ratio": 0.25, "experiment_label": "c48-layout-reflow-100-c32h160-lr007-s12000", "flow_scale": 0.1, "fps": 24, "frames": 33, "freq_bands": 10, "grad_clip": 0.5, "hidden": 160, "layout_supersample": 1.0, "layout_transform_pan": 0.0, "layout_transform_strength": 0.0, "lr": 0.007, "lr_schedule": "constant", "min_lr_ratio": 0.1, "min_motion_delta": 0.045, "min_ocr_similarity": 0.5, "motion_mode": "layout-reflow", "motion_strength": 1.0, "seed": 0, "source_resolution": [1280, 736], "steps": 12000, "text_box_loss_weight": 0.0, "text_box_min_conf": 55.0, "text_box_padding": 0, "text_box_sample_ratio": 0.0, "text_boxes": "0 boxes", "time_bands": 4, "train_resolution": "1536x864", "video_layout_mode": "none", "video_viewport_mode": "static", "viewport_pan": 0.0, "viewport_zoom": 0.0}
{
  "canvas_type": "time-conditioned-latent-feature-grid-learned-flow-mlp-glyph-weighted",
  "train_resolution": "1536x864",
  "steps": 12000,
  "batch_size": 131072,
  "channels": 32,
  "hidden": 160,
  "freq_bands": 10,
  "time_bands": 4,
  "lr": 0.007,
  "lr_schedule": "constant",
  "min_lr_ratio": 0.1,
  "grad_clip": 0.5,
  "seed": 0,
  "flow_scale": 0.1,
  "motion_mode": "layout-reflow",
  "motion_strength": 1.0,
  "video_viewport_mode": "static",
  "viewport_zoom": 0.0,
  "viewport_pan": 0.0,
  "video_layout_mode": "none",
  "layout_transform_strength": 0.0,
  "layout_transform_pan": 0.0,
  "layout_supersample": 1.0,
  "layout_region_count": 0,
  "element_scale_ratio": 0.25,
  "element_anchor_padding": 3,
  "element_mask_mode": "rectangle",
  "element_anchor_mode": "line",
  "element_render_mode": "sequential",
  "element_line_count": 0,
  "min_ocr_similarity": 0.5,
  "min_motion_delta": 0.045,
  "edge_sample_ratio": 0.09,
  "edge_loss_weight": 0.9,
  "text_box_sample_ratio": 0.0,
  "text_box_loss_weight": 0.0,
  "text_box_padding": 0,
  "text_box_count": 0,
  "text_mask_coverage": 0.0,
  "element_alpha_coverage": 0.0,
  "compile_ms": 172107.17554800003,
  "final_mse": 0.001737294252961874,
  "losses": [
    {
      "step": 0,
      "mse": 0.23446124792099
    },
    {
      "step": 600,
      "mse": 0.007871363312005997
    },
    {
      "step": 1200,
      "mse": 0.0055840653367340565
    },
    {
      "step": 1800,
      "mse": 0.0043857344426214695
    },
    {
      "step": 2400,
      "mse": 0.003966359421610832
    },
    {
      "step": 3000,
      "mse": 0.0034994687885046005
    },
    {
      "step": 3600,
      "mse": 0.003381971037015319
    },
    {
      "step": 4200,
      "mse": 0.003128455486148596
    },
    {
      "step": 4800,
      "mse": 0.003019248601049185
    },
    {
      "step": 5400,
      "mse": 0.0031452844850718975
    },
    {
      "step": 6000,
      "mse": 0.0027883322909474373
    },
    {
      "step": 6600,
      "mse": 0.0024981300812214613
    },
    {
      "step": 7200,
      "mse": 0.0023683011531829834
    },
    {
      "step": 7800,
      "mse": 0.0023375952150672674
    },
    {
      "step": 8400,
      "mse": 0.002172502689063549
    },
    {
      "step": 9000,
      "mse": 0.0020839611534029245
    },
    {
      "step": 9600,
      "mse": 0.002032485092058778
    },
    {
      "step": 10200,
      "mse": 0.002705735620111227
    },
    {
      "step": 10800,
      "mse": 0.0019244756549596786
    },
    {
      "step": 11400,
      "mse": 0.0018433569930493832
    },
    {
      "step": 11999,
      "mse": 0.001737294252961874
    }
  ],
  "render_times": {
    "render-960.png": 16.783912999983386,
    "render-mid.png": 11.618752000003951,
    "render-last.png": 11.59198199999878,
    "render-512.png": 3.341598000019985,
    "crop-2x.png": 11.44030699998666
  },
  "render_960_ms": 16.783912999983386,
  "render_33_wall_ms": 374.5057069999973,
  "encode_ms": 248.59136399999215,
  "resize_consistency": 0.999535932001908,
  "temporal_consistency": 0.9989057244965807,
  "motion_delta_model": 0.06721030175685883,
  "loop_error_model": 0.0010942755034193397,
  "description": "C4.7 neural canvas: learned full page layout reflow from x,y,t",
  "run_id": "20260424T225858925669Z-c2-lite-glyph-layout-reflow-c48-layout-reflow-100-c32h160-lr007-s12000-1536x864-s12000",
  "commit": "1c4ae8a",
  "track": "C",
  "width": 960,
  "height": 544,
  "frames": 33,
  "fps": 24,
  "artifacts": {
    "input": "/Users/dennisonbertram/Develop/flipbook-research/outputs/track-c/20260424T225858925669Z-c2-lite-glyph-layout-reflow-c48-layout-reflow-100-c32h160-lr007-s12000-1536x864-s12000/input.png",
    "render_960": "/Users/dennisonbertram/Develop/flipbook-research/outputs/track-c/20260424T225858925669Z-c2-lite-glyph-layout-reflow-c48-layout-reflow-100-c32h160-lr007-s12000-1536x864-s12000/render-960.png",
    "render_mid": "/Users/dennisonbertram/Develop/flipbook-research/outputs/track-c/20260424T225858925669Z-c2-lite-glyph-layout-reflow-c48-layout-reflow-100-c32h160-lr007-s12000-1536x864-s12000/render-mid.png",
    "render_last": "/Users/dennisonbertram/Develop/flipbook-research/outputs/track-c/20260424T225858925669Z-c2-lite-glyph-layout-reflow-c48-layout-reflow-100-c32h160-lr007-s12000-1536x864-s12000/render-last.png",
    "render_512": "/Users/dennisonbertram/Develop/flipbook-research/outputs/track-c/20260424T225858925669Z-c2-lite-glyph-layout-reflow-c48-layout-reflow-100-c32h160-lr007-s12000-1536x864-s12000/render-512.png",
    "crop_2x": "/Users/dennisonbertram/Develop/flipbook-research/outputs/track-c/20260424T225858925669Z-c2-lite-glyph-layout-reflow-c48-layout-reflow-100-c32h160-lr007-s12000-1536x864-s12000/crop-2x.png",
    "text_mask": "/Users/dennisonbertram/Develop/flipbook-research/outputs/track-c/20260424T225858925669Z-c2-lite-glyph-layout-reflow-c48-layout-reflow-100-c32h160-lr007-s12000-1536x864-s12000/text-mask.png",
    "element_alpha_mask": "/Users/dennisonbertram/Develop/flipbook-research/outputs/track-c/20260424T225858925669Z-c2-lite-glyph-layout-reflow-c48-layout-reflow-100-c32h160-lr007-s12000-1536x864-s12000/element-alpha-mask.png",
    "target_mid": "/Users/dennisonbertram/Develop/flipbook-research/outputs/track-c/20260424T225858925669Z-c2-lite-glyph-layout-reflow-c48-layout-reflow-100-c32h160-lr007-s12000-1536x864-s12000/target-mid.png",
    "text_boxes": "/Users/dennisonbertram/Develop/flipbook-research/outputs/track-c/20260424T225858925669Z-c2-lite-glyph-layout-reflow-c48-layout-reflow-100-c32h160-lr007-s12000-1536x864-s12000/text-boxes.json",
    "output": "/Users/dennisonbertram/Develop/flipbook-research/outputs/track-c/20260424T225858925669Z-c2-lite-glyph-layout-reflow-c48-layout-reflow-100-c32h160-lr007-s12000-1536x864-s12000/output.mp4",
    "metrics": "/Users/dennisonbertram/Develop/flipbook-research/outputs/track-c/20260424T225858925669Z-c2-lite-glyph-layout-reflow-c48-layout-reflow-100-c32h160-lr007-s12000-1536x864-s12000/metrics.json",
    "quality": "/Users/dennisonbertram/Develop/flipbook-research/outputs/track-c/20260424T225858925669Z-c2-lite-glyph-layout-reflow-c48-layout-reflow-100-c32h160-lr007-s12000-1536x864-s12000/quality.json"
  },
  "ocr_similarity": 0.45569620253164556,
  "layout_similarity": 0.999535932001908,
  "motion_delta": 0.05142028257250786,
  "loop_error": 0.0007585557759739459,
  "status": "near_miss"
}
DONE 20260424T225858925669Z-c2-lite-glyph-layout-reflow-c48-layout-reflow-100-c32h160-lr007-s12000-1536x864-s12000 quality=0.4557 motion=0.0514
Stopping app - local entrypoint completed.
✓ App completed. View run at 
https://modal.com/apps/dennisonbertram/main/ap-61GVk102vvYI28Y96ta7oX
