✓ Initialized. View run at 
https://modal.com/apps/dennisonbertram/main/ap-BsxDisjcz422KnCnuqtCNp
✓ Created objects.
├── 🔨 Created mount 
│   /Users/dennisonbertram/Develop/flipbook-research/scripts/track_c/modal_canva
│   s_c2_lite.py
└── 🔨 Created function train_and_render_motion.
START 20260424T225858703493Z-c2-lite-glyph-layout-reflow-c48-layout-reflow-100-train1920-c24h128-s10000-1920x1088-s10000 config={"batch_size": 131072, "channels": 24, "edge_loss_weight": 0.9, "edge_sample_ratio": 0.09, "element_anchor_mode": "line", "element_anchor_padding": 3, "element_mask_mode": "rectangle", "element_render_mode": "sequential", "element_scale_ratio": 0.25, "experiment_label": "c48-layout-reflow-100-train1920-c24h128-s10000", "flow_scale": 0.08, "fps": 24, "frames": 33, "freq_bands": 10, "grad_clip": 0.5, "hidden": 128, "layout_supersample": 1.0, "layout_transform_pan": 0.0, "layout_transform_strength": 0.0, "lr": 0.01, "lr_schedule": "constant", "min_lr_ratio": 0.1, "min_motion_delta": 0.04, "min_ocr_similarity": 0.5, "motion_mode": "layout-reflow", "motion_strength": 1.0, "seed": 0, "source_resolution": [1280, 736], "steps": 10000, "text_box_loss_weight": 0.0, "text_box_min_conf": 55.0, "text_box_padding": 0, "text_box_sample_ratio": 0.0, "text_boxes": "0 boxes", "time_bands": 4, "train_resolution": "1920x1088", "video_layout_mode": "none", "video_viewport_mode": "static", "viewport_pan": 0.0, "viewport_zoom": 0.0}
{
  "canvas_type": "time-conditioned-latent-feature-grid-learned-flow-mlp-glyph-weighted",
  "train_resolution": "1920x1088",
  "steps": 10000,
  "batch_size": 131072,
  "channels": 24,
  "hidden": 128,
  "freq_bands": 10,
  "time_bands": 4,
  "lr": 0.01,
  "lr_schedule": "constant",
  "min_lr_ratio": 0.1,
  "grad_clip": 0.5,
  "seed": 0,
  "flow_scale": 0.08,
  "motion_mode": "layout-reflow",
  "motion_strength": 1.0,
  "video_viewport_mode": "static",
  "viewport_zoom": 0.0,
  "viewport_pan": 0.0,
  "video_layout_mode": "none",
  "layout_transform_strength": 0.0,
  "layout_transform_pan": 0.0,
  "layout_supersample": 1.0,
  "layout_region_count": 0,
  "element_scale_ratio": 0.25,
  "element_anchor_padding": 3,
  "element_mask_mode": "rectangle",
  "element_anchor_mode": "line",
  "element_render_mode": "sequential",
  "element_line_count": 0,
  "min_ocr_similarity": 0.5,
  "min_motion_delta": 0.04,
  "edge_sample_ratio": 0.09,
  "edge_loss_weight": 0.9,
  "text_box_sample_ratio": 0.0,
  "text_box_loss_weight": 0.0,
  "text_box_padding": 0,
  "text_box_count": 0,
  "text_mask_coverage": 0.0,
  "element_alpha_coverage": 0.0,
  "compile_ms": 160198.51055400004,
  "final_mse": 0.002189135178923607,
  "losses": [
    {
      "step": 0,
      "mse": 0.23254981637001038
    },
    {
      "step": 500,
      "mse": 0.008068794384598732
    },
    {
      "step": 1000,
      "mse": 0.005674735642969608
    },
    {
      "step": 1500,
      "mse": 0.0045454478822648525
    },
    {
      "step": 2000,
      "mse": 0.004104794003069401
    },
    {
      "step": 2500,
      "mse": 0.00369131937623024
    },
    {
      "step": 3000,
      "mse": 0.003462110413238406
    },
    {
      "step": 3500,
      "mse": 0.003347693243995309
    },
    {
      "step": 4000,
      "mse": 0.003141622757539153
    },
    {
      "step": 4500,
      "mse": 0.0029759774915874004
    },
    {
      "step": 5000,
      "mse": 0.002892787102609873
    },
    {
      "step": 5500,
      "mse": 0.002725971397012472
    },
    {
      "step": 6000,
      "mse": 0.002583268564194441
    },
    {
      "step": 6500,
      "mse": 0.0025864476338028908
    },
    {
      "step": 7000,
      "mse": 0.002450560452416539
    },
    {
      "step": 7500,
      "mse": 0.002501275623217225
    },
    {
      "step": 8000,
      "mse": 0.002461367519572377
    },
    {
      "step": 8500,
      "mse": 0.0023226398043334484
    },
    {
      "step": 9000,
      "mse": 0.0022950093261897564
    },
    {
      "step": 9500,
      "mse": 0.0022818101570010185
    },
    {
      "step": 9999,
      "mse": 0.002189135178923607
    }
  ],
  "render_times": {
    "render-960.png": 17.252505000016072,
    "render-mid.png": 11.853936999983716,
    "render-last.png": 11.83566399998881,
    "render-512.png": 3.0746710000073563,
    "crop-2x.png": 11.664185999990195
  },
  "render_960_ms": 17.252505000016072,
  "render_33_wall_ms": 382.99130199999354,
  "encode_ms": 251.3831370000048,
  "resize_consistency": 0.9995014693140296,
  "temporal_consistency": 0.9990531011135317,
  "motion_delta_model": 0.06324582546949387,
  "loop_error_model": 0.0009468988864682615,
  "description": "C4.7 neural canvas: learned full page layout reflow from x,y,t",
  "run_id": "20260424T225858703493Z-c2-lite-glyph-layout-reflow-c48-layout-reflow-100-train1920-c24h128-s10000-1920x1088-s10000",
  "commit": "1c4ae8a",
  "track": "C",
  "width": 960,
  "height": 544,
  "frames": 33,
  "fps": 24,
  "artifacts": {
    "input": "/Users/dennisonbertram/Develop/flipbook-research/outputs/track-c/20260424T225858703493Z-c2-lite-glyph-layout-reflow-c48-layout-reflow-100-train1920-c24h128-s10000-1920x1088-s10000/input.png",
    "render_960": "/Users/dennisonbertram/Develop/flipbook-research/outputs/track-c/20260424T225858703493Z-c2-lite-glyph-layout-reflow-c48-layout-reflow-100-train1920-c24h128-s10000-1920x1088-s10000/render-960.png",
    "render_mid": "/Users/dennisonbertram/Develop/flipbook-research/outputs/track-c/20260424T225858703493Z-c2-lite-glyph-layout-reflow-c48-layout-reflow-100-train1920-c24h128-s10000-1920x1088-s10000/render-mid.png",
    "render_last": "/Users/dennisonbertram/Develop/flipbook-research/outputs/track-c/20260424T225858703493Z-c2-lite-glyph-layout-reflow-c48-layout-reflow-100-train1920-c24h128-s10000-1920x1088-s10000/render-last.png",
    "render_512": "/Users/dennisonbertram/Develop/flipbook-research/outputs/track-c/20260424T225858703493Z-c2-lite-glyph-layout-reflow-c48-layout-reflow-100-train1920-c24h128-s10000-1920x1088-s10000/render-512.png",
    "crop_2x": "/Users/dennisonbertram/Develop/flipbook-research/outputs/track-c/20260424T225858703493Z-c2-lite-glyph-layout-reflow-c48-layout-reflow-100-train1920-c24h128-s10000-1920x1088-s10000/crop-2x.png",
    "text_mask": "/Users/dennisonbertram/Develop/flipbook-research/outputs/track-c/20260424T225858703493Z-c2-lite-glyph-layout-reflow-c48-layout-reflow-100-train1920-c24h128-s10000-1920x1088-s10000/text-mask.png",
    "element_alpha_mask": "/Users/dennisonbertram/Develop/flipbook-research/outputs/track-c/20260424T225858703493Z-c2-lite-glyph-layout-reflow-c48-layout-reflow-100-train1920-c24h128-s10000-1920x1088-s10000/element-alpha-mask.png",
    "target_mid": "/Users/dennisonbertram/Develop/flipbook-research/outputs/track-c/20260424T225858703493Z-c2-lite-glyph-layout-reflow-c48-layout-reflow-100-train1920-c24h128-s10000-1920x1088-s10000/target-mid.png",
    "text_boxes": "/Users/dennisonbertram/Develop/flipbook-research/outputs/track-c/20260424T225858703493Z-c2-lite-glyph-layout-reflow-c48-layout-reflow-100-train1920-c24h128-s10000-1920x1088-s10000/text-boxes.json",
    "output": "/Users/dennisonbertram/Develop/flipbook-research/outputs/track-c/20260424T225858703493Z-c2-lite-glyph-layout-reflow-c48-layout-reflow-100-train1920-c24h128-s10000-1920x1088-s10000/output.mp4",
    "metrics": "/Users/dennisonbertram/Develop/flipbook-research/outputs/track-c/20260424T225858703493Z-c2-lite-glyph-layout-reflow-c48-layout-reflow-100-train1920-c24h128-s10000-1920x1088-s10000/metrics.json",
    "quality": "/Users/dennisonbertram/Develop/flipbook-research/outputs/track-c/20260424T225858703493Z-c2-lite-glyph-layout-reflow-c48-layout-reflow-100-train1920-c24h128-s10000-1920x1088-s10000/quality.json"
  },
  "ocr_similarity": 0.4739336492890995,
  "layout_similarity": 0.9995014693140296,
  "motion_delta": 0.0487750768661499,
  "loop_error": 0.000719975505489856,
  "status": "near_miss"
}
DONE 20260424T225858703493Z-c2-lite-glyph-layout-reflow-c48-layout-reflow-100-train1920-c24h128-s10000-1920x1088-s10000 quality=0.4739 motion=0.0488
Stopping app - local entrypoint completed.
✓ App completed. View run at 
https://modal.com/apps/dennisonbertram/main/ap-BsxDisjcz422KnCnuqtCNp
