✓ Initialized. View run at 
https://modal.com/apps/dennisonbertram/main/ap-FyQIayPP58AIiUZgkzxVZc
✓ Created objects.
├── 🔨 Created mount 
│   /Users/dennisonbertram/Develop/flipbook-research/scripts/track_c/modal_canva
│   s_c2_lite.py
└── 🔨 Created function train_and_render_motion.
START 20260424T225858617928Z-c2-lite-glyph-layout-reflow-c48-layout-reflow-100-c32h160-cosine-s12000-1536x864-s12000 config={"batch_size": 131072, "channels": 32, "edge_loss_weight": 0.9, "edge_sample_ratio": 0.09, "element_anchor_mode": "line", "element_anchor_padding": 3, "element_mask_mode": "rectangle", "element_render_mode": "sequential", "element_scale_ratio": 0.25, "experiment_label": "c48-layout-reflow-100-c32h160-cosine-s12000", "flow_scale": 0.1, "fps": 24, "frames": 33, "freq_bands": 10, "grad_clip": 0.5, "hidden": 160, "layout_supersample": 1.0, "layout_transform_pan": 0.0, "layout_transform_strength": 0.0, "lr": 0.01, "lr_schedule": "cosine", "min_lr_ratio": 0.1, "min_motion_delta": 0.045, "min_ocr_similarity": 0.5, "motion_mode": "layout-reflow", "motion_strength": 1.0, "seed": 0, "source_resolution": [1280, 736], "steps": 12000, "text_box_loss_weight": 0.0, "text_box_min_conf": 55.0, "text_box_padding": 0, "text_box_sample_ratio": 0.0, "text_boxes": "0 boxes", "time_bands": 4, "train_resolution": "1536x864", "video_layout_mode": "none", "video_viewport_mode": "static", "viewport_pan": 0.0, "viewport_zoom": 0.0}
{
  "canvas_type": "time-conditioned-latent-feature-grid-learned-flow-mlp-glyph-weighted",
  "train_resolution": "1536x864",
  "steps": 12000,
  "batch_size": 131072,
  "channels": 32,
  "hidden": 160,
  "freq_bands": 10,
  "time_bands": 4,
  "lr": 0.01,
  "lr_schedule": "cosine",
  "min_lr_ratio": 0.1,
  "grad_clip": 0.5,
  "seed": 0,
  "flow_scale": 0.1,
  "motion_mode": "layout-reflow",
  "motion_strength": 1.0,
  "video_viewport_mode": "static",
  "viewport_zoom": 0.0,
  "viewport_pan": 0.0,
  "video_layout_mode": "none",
  "layout_transform_strength": 0.0,
  "layout_transform_pan": 0.0,
  "layout_supersample": 1.0,
  "layout_region_count": 0,
  "element_scale_ratio": 0.25,
  "element_anchor_padding": 3,
  "element_mask_mode": "rectangle",
  "element_anchor_mode": "line",
  "element_render_mode": "sequential",
  "element_line_count": 0,
  "min_ocr_similarity": 0.5,
  "min_motion_delta": 0.045,
  "edge_sample_ratio": 0.09,
  "edge_loss_weight": 0.9,
  "text_box_sample_ratio": 0.0,
  "text_box_loss_weight": 0.0,
  "text_box_padding": 0,
  "text_box_count": 0,
  "text_mask_coverage": 0.0,
  "element_alpha_coverage": 0.0,
  "compile_ms": 198241.25860499998,
  "final_mse": 0.0018446120666339993,
  "losses": [
    {
      "step": 0,
      "mse": 0.2344556748867035
    },
    {
      "step": 600,
      "mse": 0.00783824734389782
    },
    {
      "step": 1200,
      "mse": 0.005570187699049711
    },
    {
      "step": 1800,
      "mse": 0.004761188291013241
    },
    {
      "step": 2400,
      "mse": 0.004032682627439499
    },
    {
      "step": 3000,
      "mse": 0.003932654857635498
    },
    {
      "step": 3600,
      "mse": 0.0032716277055442333
    },
    {
      "step": 4200,
      "mse": 0.0031618596985936165
    },
    {
      "step": 4800,
      "mse": 0.003161889733746648
    },
    {
      "step": 5400,
      "mse": 0.002954112831503153
    },
    {
      "step": 6000,
      "mse": 0.002742263488471508
    },
    {
      "step": 6600,
      "mse": 0.0024354306515306234
    },
    {
      "step": 7200,
      "mse": 0.002370255533605814
    },
    {
      "step": 7800,
      "mse": 0.002330778632313013
    },
    {
      "step": 8400,
      "mse": 0.002172298962250352
    },
    {
      "step": 9000,
      "mse": 0.0020951980259269476
    },
    {
      "step": 9600,
      "mse": 0.0020751459524035454
    },
    {
      "step": 10200,
      "mse": 0.001964143244549632
    },
    {
      "step": 10800,
      "mse": 0.0019791466183960438
    },
    {
      "step": 11400,
      "mse": 0.0019180681556463242
    },
    {
      "step": 11999,
      "mse": 0.0018446120666339993
    }
  ],
  "render_times": {
    "render-960.png": 19.670907999994824,
    "render-mid.png": 14.201884000016207,
    "render-last.png": 14.077209999982188,
    "render-512.png": 3.918223999988868,
    "crop-2x.png": 13.798097999995207
  },
  "render_960_ms": 19.670907999994824,
  "render_33_wall_ms": 451.9509690000234,
  "encode_ms": 265.8208959999797,
  "resize_consistency": 0.9995163229620031,
  "temporal_consistency": 0.999099314911291,
  "motion_delta_model": 0.06562115997076035,
  "loop_error_model": 0.0009006850887089968,
  "description": "C4.7 neural canvas: learned full page layout reflow from x,y,t",
  "run_id": "20260424T225858617928Z-c2-lite-glyph-layout-reflow-c48-layout-reflow-100-c32h160-cosine-s12000-1536x864-s12000",
  "commit": "1c4ae8a",
  "track": "C",
  "width": 960,
  "height": 544,
  "frames": 33,
  "fps": 24,
  "artifacts": {
    "input": "/Users/dennisonbertram/Develop/flipbook-research/outputs/track-c/20260424T225858617928Z-c2-lite-glyph-layout-reflow-c48-layout-reflow-100-c32h160-cosine-s12000-1536x864-s12000/input.png",
    "render_960": "/Users/dennisonbertram/Develop/flipbook-research/outputs/track-c/20260424T225858617928Z-c2-lite-glyph-layout-reflow-c48-layout-reflow-100-c32h160-cosine-s12000-1536x864-s12000/render-960.png",
    "render_mid": "/Users/dennisonbertram/Develop/flipbook-research/outputs/track-c/20260424T225858617928Z-c2-lite-glyph-layout-reflow-c48-layout-reflow-100-c32h160-cosine-s12000-1536x864-s12000/render-mid.png",
    "render_last": "/Users/dennisonbertram/Develop/flipbook-research/outputs/track-c/20260424T225858617928Z-c2-lite-glyph-layout-reflow-c48-layout-reflow-100-c32h160-cosine-s12000-1536x864-s12000/render-last.png",
    "render_512": "/Users/dennisonbertram/Develop/flipbook-research/outputs/track-c/20260424T225858617928Z-c2-lite-glyph-layout-reflow-c48-layout-reflow-100-c32h160-cosine-s12000-1536x864-s12000/render-512.png",
    "crop_2x": "/Users/dennisonbertram/Develop/flipbook-research/outputs/track-c/20260424T225858617928Z-c2-lite-glyph-layout-reflow-c48-layout-reflow-100-c32h160-cosine-s12000-1536x864-s12000/crop-2x.png",
    "text_mask": "/Users/dennisonbertram/Develop/flipbook-research/outputs/track-c/20260424T225858617928Z-c2-lite-glyph-layout-reflow-c48-layout-reflow-100-c32h160-cosine-s12000-1536x864-s12000/text-mask.png",
    "element_alpha_mask": "/Users/dennisonbertram/Develop/flipbook-research/outputs/track-c/20260424T225858617928Z-c2-lite-glyph-layout-reflow-c48-layout-reflow-100-c32h160-cosine-s12000-1536x864-s12000/element-alpha-mask.png",
    "target_mid": "/Users/dennisonbertram/Develop/flipbook-research/outputs/track-c/20260424T225858617928Z-c2-lite-glyph-layout-reflow-c48-layout-reflow-100-c32h160-cosine-s12000-1536x864-s12000/target-mid.png",
    "text_boxes": "/Users/dennisonbertram/Develop/flipbook-research/outputs/track-c/20260424T225858617928Z-c2-lite-glyph-layout-reflow-c48-layout-reflow-100-c32h160-cosine-s12000-1536x864-s12000/text-boxes.json",
    "output": "/Users/dennisonbertram/Develop/flipbook-research/outputs/track-c/20260424T225858617928Z-c2-lite-glyph-layout-reflow-c48-layout-reflow-100-c32h160-cosine-s12000-1536x864-s12000/output.mp4",
    "metrics": "/Users/dennisonbertram/Develop/flipbook-research/outputs/track-c/20260424T225858617928Z-c2-lite-glyph-layout-reflow-c48-layout-reflow-100-c32h160-cosine-s12000-1536x864-s12000/metrics.json",
    "quality": "/Users/dennisonbertram/Develop/flipbook-research/outputs/track-c/20260424T225858617928Z-c2-lite-glyph-layout-reflow-c48-layout-reflow-100-c32h160-cosine-s12000-1536x864-s12000/quality.json"
  },
  "ocr_similarity": 0.4150943396226415,
  "layout_similarity": 0.9995163229620031,
  "motion_delta": 0.050271764397621155,
  "loop_error": 0.0006091517861932516,
  "status": "near_miss"
}
DONE 20260424T225858617928Z-c2-lite-glyph-layout-reflow-c48-layout-reflow-100-c32h160-cosine-s12000-1536x864-s12000 quality=0.4151 motion=0.0503
Stopping app - local entrypoint completed.
✓ App completed. View run at 
https://modal.com/apps/dennisonbertram/main/ap-FyQIayPP58AIiUZgkzxVZc
