✓ Initialized. View run at 
https://modal.com/apps/dennisonbertram/main/ap-26dHh3VQVNZfLARUoxrswL
✓ Created objects.
├── 🔨 Created mount 
│   /Users/dennisonbertram/Develop/flipbook-research/scripts/track_c/modal_canva
│   s_c2_lite.py
└── 🔨 Created function train_and_render_motion.
START 20260424T225859003863Z-c2-lite-glyph-layout-reflow-c48-layout-reflow-100-c32h160-edge16-s12000-1536x864-s12000 config={"batch_size": 131072, "channels": 32, "edge_loss_weight": 1.2, "edge_sample_ratio": 0.16, "element_anchor_mode": "line", "element_anchor_padding": 3, "element_mask_mode": "rectangle", "element_render_mode": "sequential", "element_scale_ratio": 0.25, "experiment_label": "c48-layout-reflow-100-c32h160-edge16-s12000", "flow_scale": 0.1, "fps": 24, "frames": 33, "freq_bands": 10, "grad_clip": 0.5, "hidden": 160, "layout_supersample": 1.0, "layout_transform_pan": 0.0, "layout_transform_strength": 0.0, "lr": 0.01, "lr_schedule": "constant", "min_lr_ratio": 0.1, "min_motion_delta": 0.045, "min_ocr_similarity": 0.52, "motion_mode": "layout-reflow", "motion_strength": 1.0, "seed": 0, "source_resolution": [1280, 736], "steps": 12000, "text_box_loss_weight": 0.0, "text_box_min_conf": 55.0, "text_box_padding": 0, "text_box_sample_ratio": 0.0, "text_boxes": "0 boxes", "time_bands": 4, "train_resolution": "1536x864", "video_layout_mode": "none", "video_viewport_mode": "static", "viewport_pan": 0.0, "viewport_zoom": 0.0}
{
  "canvas_type": "time-conditioned-latent-feature-grid-learned-flow-mlp-glyph-weighted",
  "train_resolution": "1536x864",
  "steps": 12000,
  "batch_size": 131072,
  "channels": 32,
  "hidden": 160,
  "freq_bands": 10,
  "time_bands": 4,
  "lr": 0.01,
  "lr_schedule": "constant",
  "min_lr_ratio": 0.1,
  "grad_clip": 0.5,
  "seed": 0,
  "flow_scale": 0.1,
  "motion_mode": "layout-reflow",
  "motion_strength": 1.0,
  "video_viewport_mode": "static",
  "viewport_zoom": 0.0,
  "viewport_pan": 0.0,
  "video_layout_mode": "none",
  "layout_transform_strength": 0.0,
  "layout_transform_pan": 0.0,
  "layout_supersample": 1.0,
  "layout_region_count": 0,
  "element_scale_ratio": 0.25,
  "element_anchor_padding": 3,
  "element_mask_mode": "rectangle",
  "element_anchor_mode": "line",
  "element_render_mode": "sequential",
  "element_line_count": 0,
  "min_ocr_similarity": 0.52,
  "min_motion_delta": 0.045,
  "edge_sample_ratio": 0.16,
  "edge_loss_weight": 1.2,
  "text_box_sample_ratio": 0.0,
  "text_box_loss_weight": 0.0,
  "text_box_padding": 0,
  "text_box_count": 0,
  "text_mask_coverage": 0.0,
  "element_alpha_coverage": 0.0,
  "compile_ms": 197777.39717399998,
  "final_mse": 0.001946278614923358,
  "losses": [
    {
      "step": 0,
      "mse": 0.24197635054588318
    },
    {
      "step": 600,
      "mse": 0.007826044224202633
    },
    {
      "step": 1200,
      "mse": 0.005934312008321285
    },
    {
      "step": 1800,
      "mse": 0.0049957470037043095
    },
    {
      "step": 2400,
      "mse": 0.00415000319480896
    },
    {
      "step": 3000,
      "mse": 0.0036959415301680565
    },
    {
      "step": 3600,
      "mse": 0.003610975109040737
    },
    {
      "step": 4200,
      "mse": 0.0032188415061682463
    },
    {
      "step": 4800,
      "mse": 0.0030018354300409555
    },
    {
      "step": 5400,
      "mse": 0.0027309334836900234
    },
    {
      "step": 6000,
      "mse": 0.0026440462097525597
    },
    {
      "step": 6600,
      "mse": 0.0024607470259070396
    },
    {
      "step": 7200,
      "mse": 0.0024321165401488543
    },
    {
      "step": 7800,
      "mse": 0.0028767241165041924
    },
    {
      "step": 8400,
      "mse": 0.002403359394520521
    },
    {
      "step": 9000,
      "mse": 0.0022144210524857044
    },
    {
      "step": 9600,
      "mse": 0.0022803812753409147
    },
    {
      "step": 10200,
      "mse": 0.002137565752491355
    },
    {
      "step": 10800,
      "mse": 0.0021118929143995047
    },
    {
      "step": 11400,
      "mse": 0.0020748241804540157
    },
    {
      "step": 11999,
      "mse": 0.001946278614923358
    }
  ],
  "render_times": {
    "render-960.png": 20.328321999983245,
    "render-mid.png": 13.988965999999436,
    "render-last.png": 13.960019999984752,
    "render-512.png": 3.848787000009679,
    "crop-2x.png": 13.773490000005495
  },
  "render_960_ms": 20.328321999983245,
  "render_33_wall_ms": 451.9231570000102,
  "encode_ms": 248.23666599999683,
  "resize_consistency": 0.999539600153787,
  "temporal_consistency": 0.999236820556689,
  "motion_delta_model": 0.06531623750925064,
  "loop_error_model": 0.0007631794433109462,
  "description": "C4.7 neural canvas: learned full page layout reflow from x,y,t",
  "run_id": "20260424T225859003863Z-c2-lite-glyph-layout-reflow-c48-layout-reflow-100-c32h160-edge16-s12000-1536x864-s12000",
  "commit": "1c4ae8a",
  "track": "C",
  "width": 960,
  "height": 544,
  "frames": 33,
  "fps": 24,
  "artifacts": {
    "input": "/Users/dennisonbertram/Develop/flipbook-research/outputs/track-c/20260424T225859003863Z-c2-lite-glyph-layout-reflow-c48-layout-reflow-100-c32h160-edge16-s12000-1536x864-s12000/input.png",
    "render_960": "/Users/dennisonbertram/Develop/flipbook-research/outputs/track-c/20260424T225859003863Z-c2-lite-glyph-layout-reflow-c48-layout-reflow-100-c32h160-edge16-s12000-1536x864-s12000/render-960.png",
    "render_mid": "/Users/dennisonbertram/Develop/flipbook-research/outputs/track-c/20260424T225859003863Z-c2-lite-glyph-layout-reflow-c48-layout-reflow-100-c32h160-edge16-s12000-1536x864-s12000/render-mid.png",
    "render_last": "/Users/dennisonbertram/Develop/flipbook-research/outputs/track-c/20260424T225859003863Z-c2-lite-glyph-layout-reflow-c48-layout-reflow-100-c32h160-edge16-s12000-1536x864-s12000/render-last.png",
    "render_512": "/Users/dennisonbertram/Develop/flipbook-research/outputs/track-c/20260424T225859003863Z-c2-lite-glyph-layout-reflow-c48-layout-reflow-100-c32h160-edge16-s12000-1536x864-s12000/render-512.png",
    "crop_2x": "/Users/dennisonbertram/Develop/flipbook-research/outputs/track-c/20260424T225859003863Z-c2-lite-glyph-layout-reflow-c48-layout-reflow-100-c32h160-edge16-s12000-1536x864-s12000/crop-2x.png",
    "text_mask": "/Users/dennisonbertram/Develop/flipbook-research/outputs/track-c/20260424T225859003863Z-c2-lite-glyph-layout-reflow-c48-layout-reflow-100-c32h160-edge16-s12000-1536x864-s12000/text-mask.png",
    "element_alpha_mask": "/Users/dennisonbertram/Develop/flipbook-research/outputs/track-c/20260424T225859003863Z-c2-lite-glyph-layout-reflow-c48-layout-reflow-100-c32h160-edge16-s12000-1536x864-s12000/element-alpha-mask.png",
    "target_mid": "/Users/dennisonbertram/Develop/flipbook-research/outputs/track-c/20260424T225859003863Z-c2-lite-glyph-layout-reflow-c48-layout-reflow-100-c32h160-edge16-s12000-1536x864-s12000/target-mid.png",
    "text_boxes": "/Users/dennisonbertram/Develop/flipbook-research/outputs/track-c/20260424T225859003863Z-c2-lite-glyph-layout-reflow-c48-layout-reflow-100-c32h160-edge16-s12000-1536x864-s12000/text-boxes.json",
    "output": "/Users/dennisonbertram/Develop/flipbook-research/outputs/track-c/20260424T225859003863Z-c2-lite-glyph-layout-reflow-c48-layout-reflow-100-c32h160-edge16-s12000-1536x864-s12000/output.mp4",
    "metrics": "/Users/dennisonbertram/Develop/flipbook-research/outputs/track-c/20260424T225859003863Z-c2-lite-glyph-layout-reflow-c48-layout-reflow-100-c32h160-edge16-s12000-1536x864-s12000/metrics.json",
    "quality": "/Users/dennisonbertram/Develop/flipbook-research/outputs/track-c/20260424T225859003863Z-c2-lite-glyph-layout-reflow-c48-layout-reflow-100-c32h160-edge16-s12000-1536x864-s12000/quality.json"
  },
  "ocr_similarity": 0.44554455445544555,
  "layout_similarity": 0.999539600153787,
  "motion_delta": 0.04991130530834198,
  "loop_error": 0.0005155379767529666,
  "status": "near_miss"
}
DONE 20260424T225859003863Z-c2-lite-glyph-layout-reflow-c48-layout-reflow-100-c32h160-edge16-s12000-1536x864-s12000 quality=0.4455 motion=0.0499
Stopping app - local entrypoint completed.
✓ App completed. View run at 
https://modal.com/apps/dennisonbertram/main/ap-26dHh3VQVNZfLARUoxrswL
