✓ Initialized. View run at 
https://modal.com/apps/dennisonbertram/main/ap-Z5eNnUv70PBiLmtrxMMJAa
✓ Created objects.
├── 🔨 Created mount 
│   /Users/dennisonbertram/Develop/flipbook-research/scripts/track_c/modal_canva
│   s_c2_lite.py
└── 🔨 Created function train_and_render_motion.
START 20260424T225859712097Z-c2-lite-text-layout-reflow-c48-layout-reflow-100-textw-strong-s11000-1536x864-s11000 config={"batch_size": 131072, "channels": 16, "edge_loss_weight": 0.9, "edge_sample_ratio": 0.09, "element_anchor_mode": "line", "element_anchor_padding": 3, "element_mask_mode": "rectangle", "element_render_mode": "sequential", "element_scale_ratio": 0.25, "experiment_label": "c48-layout-reflow-100-textw-strong-s11000", "flow_scale": 0.08, "fps": 24, "frames": 33, "freq_bands": 10, "grad_clip": 0.5, "hidden": 96, "layout_supersample": 1.0, "layout_transform_pan": 0.0, "layout_transform_strength": 0.0, "lr": 0.01, "lr_schedule": "constant", "min_lr_ratio": 0.1, "min_motion_delta": 0.035, "min_ocr_similarity": 0.5, "motion_mode": "layout-reflow", "motion_strength": 1.0, "seed": 0, "source_resolution": [1280, 736], "steps": 11000, "text_box_loss_weight": 6.0, "text_box_min_conf": 55.0, "text_box_padding": 3, "text_box_sample_ratio": 0.45, "text_boxes": "105 boxes", "time_bands": 4, "train_resolution": "1536x864", "video_layout_mode": "none", "video_viewport_mode": "static", "viewport_pan": 0.0, "viewport_zoom": 0.0}
{
  "canvas_type": "time-conditioned-latent-feature-grid-learned-flow-mlp-text-box-weighted",
  "train_resolution": "1536x864",
  "steps": 11000,
  "batch_size": 131072,
  "channels": 16,
  "hidden": 96,
  "freq_bands": 10,
  "time_bands": 4,
  "lr": 0.01,
  "lr_schedule": "constant",
  "min_lr_ratio": 0.1,
  "grad_clip": 0.5,
  "seed": 0,
  "flow_scale": 0.08,
  "motion_mode": "layout-reflow",
  "motion_strength": 1.0,
  "video_viewport_mode": "static",
  "viewport_zoom": 0.0,
  "viewport_pan": 0.0,
  "video_layout_mode": "none",
  "layout_transform_strength": 0.0,
  "layout_transform_pan": 0.0,
  "layout_supersample": 1.0,
  "layout_region_count": 0,
  "element_scale_ratio": 0.25,
  "element_anchor_padding": 3,
  "element_mask_mode": "rectangle",
  "element_anchor_mode": "line",
  "element_render_mode": "sequential",
  "element_line_count": 13,
  "min_ocr_similarity": 0.5,
  "min_motion_delta": 0.035,
  "edge_sample_ratio": 0.09,
  "edge_loss_weight": 0.9,
  "text_box_sample_ratio": 0.45,
  "text_box_loss_weight": 6.0,
  "text_box_padding": 3,
  "text_box_count": 105,
  "text_mask_coverage": 0.133388951420784,
  "element_alpha_coverage": 0.0999416783452034,
  "compile_ms": 101244.222985,
  "final_mse": 0.006609082221984863,
  "losses": [
    {
      "step": 0,
      "mse": 0.6407784223556519
    },
    {
      "step": 550,
      "mse": 0.028573352843523026
    },
    {
      "step": 1100,
      "mse": 0.01657373458147049
    },
    {
      "step": 1650,
      "mse": 0.013678166083991528
    },
    {
      "step": 2200,
      "mse": 0.01195557788014412
    },
    {
      "step": 2750,
      "mse": 0.010404114611446857
    },
    {
      "step": 3300,
      "mse": 0.009819161146879196
    },
    {
      "step": 3850,
      "mse": 0.009204443544149399
    },
    {
      "step": 4400,
      "mse": 0.008778486400842667
    },
    {
      "step": 4950,
      "mse": 0.008629386313259602
    },
    {
      "step": 5500,
      "mse": 0.008907157927751541
    },
    {
      "step": 6050,
      "mse": 0.007674430962651968
    },
    {
      "step": 6600,
      "mse": 0.007645337376743555
    },
    {
      "step": 7150,
      "mse": 0.007386785000562668
    },
    {
      "step": 7700,
      "mse": 0.008019322529435158
    },
    {
      "step": 8250,
      "mse": 0.0069452752359211445
    },
    {
      "step": 8800,
      "mse": 0.0067546172067523
    },
    {
      "step": 9350,
      "mse": 0.006534990854561329
    },
    {
      "step": 9900,
      "mse": 0.0063289618119597435
    },
    {
      "step": 10450,
      "mse": 0.006353098899126053
    },
    {
      "step": 10999,
      "mse": 0.006609082221984863
    }
  ],
  "render_times": {
    "render-960.png": 15.326081000011982,
    "render-mid.png": 9.504774999996357,
    "render-last.png": 9.426466999997274,
    "render-512.png": 2.6420620000067174,
    "crop-2x.png": 9.341652999992789
  },
  "render_960_ms": 15.326081000011982,
  "render_33_wall_ms": 302.3529860000025,
  "encode_ms": 278.8405320000038,
  "resize_consistency": 0.9994584363022936,
  "temporal_consistency": 0.9996232844423503,
  "motion_delta_model": 0.06772422045469284,
  "loop_error_model": 0.00037671555764973164,
  "description": "C4.7 neural canvas: learned full page layout reflow from x,y,t",
  "run_id": "20260424T225859712097Z-c2-lite-text-layout-reflow-c48-layout-reflow-100-textw-strong-s11000-1536x864-s11000",
  "commit": "1c4ae8a",
  "track": "C",
  "width": 960,
  "height": 544,
  "frames": 33,
  "fps": 24,
  "artifacts": {
    "input": "/Users/dennisonbertram/Develop/flipbook-research/outputs/track-c/20260424T225859712097Z-c2-lite-text-layout-reflow-c48-layout-reflow-100-textw-strong-s11000-1536x864-s11000/input.png",
    "render_960": "/Users/dennisonbertram/Develop/flipbook-research/outputs/track-c/20260424T225859712097Z-c2-lite-text-layout-reflow-c48-layout-reflow-100-textw-strong-s11000-1536x864-s11000/render-960.png",
    "render_mid": "/Users/dennisonbertram/Develop/flipbook-research/outputs/track-c/20260424T225859712097Z-c2-lite-text-layout-reflow-c48-layout-reflow-100-textw-strong-s11000-1536x864-s11000/render-mid.png",
    "render_last": "/Users/dennisonbertram/Develop/flipbook-research/outputs/track-c/20260424T225859712097Z-c2-lite-text-layout-reflow-c48-layout-reflow-100-textw-strong-s11000-1536x864-s11000/render-last.png",
    "render_512": "/Users/dennisonbertram/Develop/flipbook-research/outputs/track-c/20260424T225859712097Z-c2-lite-text-layout-reflow-c48-layout-reflow-100-textw-strong-s11000-1536x864-s11000/render-512.png",
    "crop_2x": "/Users/dennisonbertram/Develop/flipbook-research/outputs/track-c/20260424T225859712097Z-c2-lite-text-layout-reflow-c48-layout-reflow-100-textw-strong-s11000-1536x864-s11000/crop-2x.png",
    "text_mask": "/Users/dennisonbertram/Develop/flipbook-research/outputs/track-c/20260424T225859712097Z-c2-lite-text-layout-reflow-c48-layout-reflow-100-textw-strong-s11000-1536x864-s11000/text-mask.png",
    "element_alpha_mask": "/Users/dennisonbertram/Develop/flipbook-research/outputs/track-c/20260424T225859712097Z-c2-lite-text-layout-reflow-c48-layout-reflow-100-textw-strong-s11000-1536x864-s11000/element-alpha-mask.png",
    "target_mid": "/Users/dennisonbertram/Develop/flipbook-research/outputs/track-c/20260424T225859712097Z-c2-lite-text-layout-reflow-c48-layout-reflow-100-textw-strong-s11000-1536x864-s11000/target-mid.png",
    "text_boxes": "/Users/dennisonbertram/Develop/flipbook-research/outputs/track-c/20260424T225859712097Z-c2-lite-text-layout-reflow-c48-layout-reflow-100-textw-strong-s11000-1536x864-s11000/text-boxes.json",
    "output": "/Users/dennisonbertram/Develop/flipbook-research/outputs/track-c/20260424T225859712097Z-c2-lite-text-layout-reflow-c48-layout-reflow-100-textw-strong-s11000-1536x864-s11000/output.mp4",
    "metrics": "/Users/dennisonbertram/Develop/flipbook-research/outputs/track-c/20260424T225859712097Z-c2-lite-text-layout-reflow-c48-layout-reflow-100-textw-strong-s11000-1536x864-s11000/metrics.json",
    "quality": "/Users/dennisonbertram/Develop/flipbook-research/outputs/track-c/20260424T225859712097Z-c2-lite-text-layout-reflow-c48-layout-reflow-100-textw-strong-s11000-1536x864-s11000/quality.json"
  },
  "ocr_similarity": 0.4444444444444445,
  "layout_similarity": 0.9994584363022936,
  "motion_delta": 0.051039207726716995,
  "loop_error": 0.0003031575179193169,
  "status": "near_miss"
}
DONE 20260424T225859712097Z-c2-lite-text-layout-reflow-c48-layout-reflow-100-textw-strong-s11000-1536x864-s11000 quality=0.4444 motion=0.0510
Stopping app - local entrypoint completed.
✓ App completed. View run at 
https://modal.com/apps/dennisonbertram/main/ap-Z5eNnUv70PBiLmtrxMMJAa
