✓ Initialized. View run at 
https://modal.com/apps/dennisonbertram/main/ap-w25ROUr518fHcV5BA5hwJb
✓ Created objects.
├── 🔨 Created mount 
│   /Users/dennisonbertram/Develop/flipbook-research/scripts/track_c/modal_canva
│   s_c2_lite.py
└── 🔨 Created function train_and_render_motion.
START 20260424T231337010466Z-c2-lite-glyph-layout-reflow-c49-reflow-target-train1920-c24h128-s11000-1920x1088-s11000 config={"batch_size": 131072, "channels": 24, "edge_loss_weight": 0.9, "edge_sample_ratio": 0.09, "element_anchor_mode": "line", "element_anchor_padding": 3, "element_mask_mode": "rectangle", "element_render_mode": "sequential", "element_scale_ratio": 0.25, "experiment_label": "c49-reflow-target-train1920-c24h128-s11000", "flow_scale": 0.08, "fps": 24, "frames": 33, "freq_bands": 10, "grad_clip": 0.5, "hidden": 128, "layout_mid_time_ratio": 0.6, "layout_mid_time_width": 0.28, "layout_supersample": 1.0, "layout_target_sampling": 1, "layout_target_weighting": 1, "layout_transform_pan": 0.0, "layout_transform_strength": 0.0, "lr": 0.01, "lr_schedule": "constant", "min_lr_ratio": 0.1, "min_motion_delta": 0.045, "min_ocr_similarity": 0.5, "motion_mode": "layout-reflow", "motion_strength": 1.0, "seed": 0, "source_resolution": [1280, 736], "steps": 11000, "text_box_loss_weight": 0.0, "text_box_min_conf": 55.0, "text_box_padding": 0, "text_box_sample_ratio": 0.0, "text_boxes": "0 boxes", "time_bands": 4, "train_resolution": "1920x1088", "video_layout_mode": "none", "video_viewport_mode": "static", "viewport_pan": 0.0, "viewport_zoom": 0.0}
{
  "canvas_type": "time-conditioned-latent-feature-grid-learned-flow-mlp-glyph-weighted",
  "train_resolution": "1920x1088",
  "steps": 11000,
  "batch_size": 131072,
  "channels": 24,
  "hidden": 128,
  "freq_bands": 10,
  "time_bands": 4,
  "lr": 0.01,
  "lr_schedule": "constant",
  "min_lr_ratio": 0.1,
  "grad_clip": 0.5,
  "seed": 0,
  "flow_scale": 0.08,
  "motion_mode": "layout-reflow",
  "motion_strength": 1.0,
  "video_viewport_mode": "static",
  "viewport_zoom": 0.0,
  "viewport_pan": 0.0,
  "video_layout_mode": "none",
  "layout_transform_strength": 0.0,
  "layout_transform_pan": 0.0,
  "layout_supersample": 1.0,
  "layout_region_count": 0,
  "element_scale_ratio": 0.25,
  "element_anchor_padding": 3,
  "element_mask_mode": "rectangle",
  "element_anchor_mode": "line",
  "element_render_mode": "sequential",
  "element_line_count": 0,
  "min_ocr_similarity": 0.5,
  "min_motion_delta": 0.045,
  "edge_sample_ratio": 0.09,
  "edge_loss_weight": 0.9,
  "text_box_sample_ratio": 0.0,
  "text_box_loss_weight": 0.0,
  "text_box_padding": 0,
  "layout_target_sampling": 1,
  "layout_target_weighting": 1,
  "layout_mid_time_ratio": 0.6,
  "layout_mid_time_width": 0.28,
  "text_box_count": 0,
  "text_mask_coverage": 0.0,
  "element_alpha_coverage": 0.0,
  "compile_ms": 197918.540638,
  "final_mse": 0.0021832925267517567,
  "losses": [
    {
      "step": 0,
      "mse": 0.221253901720047
    },
    {
      "step": 550,
      "mse": 0.008562401868402958
    },
    {
      "step": 1100,
      "mse": 0.006217803340405226
    },
    {
      "step": 1650,
      "mse": 0.005080718547105789
    },
    {
      "step": 2200,
      "mse": 0.004443748854100704
    },
    {
      "step": 2750,
      "mse": 0.003866028506308794
    },
    {
      "step": 3300,
      "mse": 0.003616041038185358
    },
    {
      "step": 3850,
      "mse": 0.003248363034799695
    },
    {
      "step": 4400,
      "mse": 0.00329426652751863
    },
    {
      "step": 4950,
      "mse": 0.0029873871244490147
    },
    {
      "step": 5500,
      "mse": 0.0028669326566159725
    },
    {
      "step": 6050,
      "mse": 0.002587281633168459
    },
    {
      "step": 6600,
      "mse": 0.0026982633862644434
    },
    {
      "step": 7150,
      "mse": 0.0025603019166737795
    },
    {
      "step": 7700,
      "mse": 0.0024782326072454453
    },
    {
      "step": 8250,
      "mse": 0.0024123964831233025
    },
    {
      "step": 8800,
      "mse": 0.0022887657396495342
    },
    {
      "step": 9350,
      "mse": 0.0022649383172392845
    },
    {
      "step": 9900,
      "mse": 0.0022495687007904053
    },
    {
      "step": 10450,
      "mse": 0.002320297760888934
    },
    {
      "step": 10999,
      "mse": 0.0021832925267517567
    }
  ],
  "render_times": {
    "render-960.png": 12.0172489999959,
    "render-mid.png": 11.909342999985029,
    "render-last.png": 11.885161000009248,
    "render-512.png": 3.063698000005388,
    "crop-2x.png": 11.708475000006047
  },
  "render_960_ms": 12.0172489999959,
  "render_33_wall_ms": 383.15661699999737,
  "encode_ms": 310.8605319999924,
  "resize_consistency": 0.9994127755639921,
  "temporal_consistency": 0.9982023681513965,
  "motion_delta_model": 0.0689249038696289,
  "loop_error_model": 0.001797631848603487,
  "description": "C4.7 neural canvas: learned full page layout reflow from x,y,t",
  "run_id": "20260424T231337010466Z-c2-lite-glyph-layout-reflow-c49-reflow-target-train1920-c24h128-s11000-1920x1088-s11000",
  "commit": "f5ca3b9",
  "track": "C",
  "width": 960,
  "height": 544,
  "frames": 33,
  "fps": 24,
  "artifacts": {
    "input": "/Users/dennisonbertram/Develop/flipbook-research/outputs/track-c/20260424T231337010466Z-c2-lite-glyph-layout-reflow-c49-reflow-target-train1920-c24h128-s11000-1920x1088-s11000/input.png",
    "render_960": "/Users/dennisonbertram/Develop/flipbook-research/outputs/track-c/20260424T231337010466Z-c2-lite-glyph-layout-reflow-c49-reflow-target-train1920-c24h128-s11000-1920x1088-s11000/render-960.png",
    "render_mid": "/Users/dennisonbertram/Develop/flipbook-research/outputs/track-c/20260424T231337010466Z-c2-lite-glyph-layout-reflow-c49-reflow-target-train1920-c24h128-s11000-1920x1088-s11000/render-mid.png",
    "render_last": "/Users/dennisonbertram/Develop/flipbook-research/outputs/track-c/20260424T231337010466Z-c2-lite-glyph-layout-reflow-c49-reflow-target-train1920-c24h128-s11000-1920x1088-s11000/render-last.png",
    "render_512": "/Users/dennisonbertram/Develop/flipbook-research/outputs/track-c/20260424T231337010466Z-c2-lite-glyph-layout-reflow-c49-reflow-target-train1920-c24h128-s11000-1920x1088-s11000/render-512.png",
    "crop_2x": "/Users/dennisonbertram/Develop/flipbook-research/outputs/track-c/20260424T231337010466Z-c2-lite-glyph-layout-reflow-c49-reflow-target-train1920-c24h128-s11000-1920x1088-s11000/crop-2x.png",
    "text_mask": "/Users/dennisonbertram/Develop/flipbook-research/outputs/track-c/20260424T231337010466Z-c2-lite-glyph-layout-reflow-c49-reflow-target-train1920-c24h128-s11000-1920x1088-s11000/text-mask.png",
    "element_alpha_mask": "/Users/dennisonbertram/Develop/flipbook-research/outputs/track-c/20260424T231337010466Z-c2-lite-glyph-layout-reflow-c49-reflow-target-train1920-c24h128-s11000-1920x1088-s11000/element-alpha-mask.png",
    "target_mid": "/Users/dennisonbertram/Develop/flipbook-research/outputs/track-c/20260424T231337010466Z-c2-lite-glyph-layout-reflow-c49-reflow-target-train1920-c24h128-s11000-1920x1088-s11000/target-mid.png",
    "text_boxes": "/Users/dennisonbertram/Develop/flipbook-research/outputs/track-c/20260424T231337010466Z-c2-lite-glyph-layout-reflow-c49-reflow-target-train1920-c24h128-s11000-1920x1088-s11000/text-boxes.json",
    "output": "/Users/dennisonbertram/Develop/flipbook-research/outputs/track-c/20260424T231337010466Z-c2-lite-glyph-layout-reflow-c49-reflow-target-train1920-c24h128-s11000-1920x1088-s11000/output.mp4",
    "metrics": "/Users/dennisonbertram/Develop/flipbook-research/outputs/track-c/20260424T231337010466Z-c2-lite-glyph-layout-reflow-c49-reflow-target-train1920-c24h128-s11000-1920x1088-s11000/metrics.json",
    "quality": "/Users/dennisonbertram/Develop/flipbook-research/outputs/track-c/20260424T231337010466Z-c2-lite-glyph-layout-reflow-c49-reflow-target-train1920-c24h128-s11000-1920x1088-s11000/quality.json"
  },
  "ocr_similarity": 0.45679012345679015,
  "layout_similarity": 0.9994127755639921,
  "motion_delta": 0.05325832590460777,
  "loop_error": 0.0012920600129291415,
  "status": "near_miss"
}
DONE 20260424T231337010466Z-c2-lite-glyph-layout-reflow-c49-reflow-target-train1920-c24h128-s11000-1920x1088-s11000 quality=0.4568 motion=0.0533
Stopping app - local entrypoint completed.
✓ App completed. View run at 
https://modal.com/apps/dennisonbertram/main/ap-w25ROUr518fHcV5BA5hwJb
