✓ Initialized. View run at 
https://modal.com/apps/dennisonbertram/main/ap-K819noGEGJr6uIKZ3qpSJd
✓ Created objects.
├── 🔨 Created mount 
│   /Users/dennisonbertram/Develop/flipbook-research/scripts/track_c/modal_canva
│   s_c2_lite.py
└── 🔨 Created function train_and_render_motion.
START 20260424T231333802689Z-c2-lite-glyph-layout-reflow-c49-reflow-target-train1920-c32h160-s11000-1920x1088-s11000 config={"batch_size": 131072, "channels": 32, "edge_loss_weight": 0.9, "edge_sample_ratio": 0.09, "element_anchor_mode": "line", "element_anchor_padding": 3, "element_mask_mode": "rectangle", "element_render_mode": "sequential", "element_scale_ratio": 0.25, "experiment_label": "c49-reflow-target-train1920-c32h160-s11000", "flow_scale": 0.1, "fps": 24, "frames": 33, "freq_bands": 10, "grad_clip": 0.5, "hidden": 160, "layout_mid_time_ratio": 0.6, "layout_mid_time_width": 0.28, "layout_supersample": 1.0, "layout_target_sampling": 1, "layout_target_weighting": 1, "layout_transform_pan": 0.0, "layout_transform_strength": 0.0, "lr": 0.01, "lr_schedule": "constant", "min_lr_ratio": 0.1, "min_motion_delta": 0.045, "min_ocr_similarity": 0.5, "motion_mode": "layout-reflow", "motion_strength": 1.0, "seed": 0, "source_resolution": [1280, 736], "steps": 11000, "text_box_loss_weight": 0.0, "text_box_min_conf": 55.0, "text_box_padding": 0, "text_box_sample_ratio": 0.0, "text_boxes": "0 boxes", "time_bands": 4, "train_resolution": "1920x1088", "video_layout_mode": "none", "video_viewport_mode": "static", "viewport_pan": 0.0, "viewport_zoom": 0.0}
{
  "canvas_type": "time-conditioned-latent-feature-grid-learned-flow-mlp-glyph-weighted",
  "train_resolution": "1920x1088",
  "steps": 11000,
  "batch_size": 131072,
  "channels": 32,
  "hidden": 160,
  "freq_bands": 10,
  "time_bands": 4,
  "lr": 0.01,
  "lr_schedule": "constant",
  "min_lr_ratio": 0.1,
  "grad_clip": 0.5,
  "seed": 0,
  "flow_scale": 0.1,
  "motion_mode": "layout-reflow",
  "motion_strength": 1.0,
  "video_viewport_mode": "static",
  "viewport_zoom": 0.0,
  "viewport_pan": 0.0,
  "video_layout_mode": "none",
  "layout_transform_strength": 0.0,
  "layout_transform_pan": 0.0,
  "layout_supersample": 1.0,
  "layout_region_count": 0,
  "element_scale_ratio": 0.25,
  "element_anchor_padding": 3,
  "element_mask_mode": "rectangle",
  "element_anchor_mode": "line",
  "element_render_mode": "sequential",
  "element_line_count": 0,
  "min_ocr_similarity": 0.5,
  "min_motion_delta": 0.045,
  "edge_sample_ratio": 0.09,
  "edge_loss_weight": 0.9,
  "text_box_sample_ratio": 0.0,
  "text_box_loss_weight": 0.0,
  "text_box_padding": 0,
  "layout_target_sampling": 1,
  "layout_target_weighting": 1,
  "layout_mid_time_ratio": 0.6,
  "layout_mid_time_width": 0.28,
  "text_box_count": 0,
  "text_mask_coverage": 0.0,
  "element_alpha_coverage": 0.0,
  "compile_ms": 218422.502884,
  "final_mse": 0.0021025962196290493,
  "losses": [
    {
      "step": 0,
      "mse": 0.23589426279067993
    },
    {
      "step": 550,
      "mse": 0.008935859426856041
    },
    {
      "step": 1100,
      "mse": 0.006336229387670755
    },
    {
      "step": 1650,
      "mse": 0.005042447708547115
    },
    {
      "step": 2200,
      "mse": 0.0043244268745183945
    },
    {
      "step": 2750,
      "mse": 0.0038225261960178614
    },
    {
      "step": 3300,
      "mse": 0.003438507206737995
    },
    {
      "step": 3850,
      "mse": 0.003184376284480095
    },
    {
      "step": 4400,
      "mse": 0.0032058414071798325
    },
    {
      "step": 4950,
      "mse": 0.002933361567556858
    },
    {
      "step": 5500,
      "mse": 0.0027975854463875294
    },
    {
      "step": 6050,
      "mse": 0.0025265663862228394
    },
    {
      "step": 6600,
      "mse": 0.00262633478268981
    },
    {
      "step": 7150,
      "mse": 0.0024978402070701122
    },
    {
      "step": 7700,
      "mse": 0.0024498768616467714
    },
    {
      "step": 8250,
      "mse": 0.0023820260539650917
    },
    {
      "step": 8800,
      "mse": 0.00227231252938509
    },
    {
      "step": 9350,
      "mse": 0.002208322286605835
    },
    {
      "step": 9900,
      "mse": 0.0021925121545791626
    },
    {
      "step": 10450,
      "mse": 0.002102458383888006
    },
    {
      "step": 10999,
      "mse": 0.0021025962196290493
    }
  ],
  "render_times": {
    "render-960.png": 11.850175000006402,
    "render-mid.png": 11.719317000000729,
    "render-last.png": 11.721346999991056,
    "render-512.png": 3.392803000025424,
    "crop-2x.png": 11.501023999983317
  },
  "render_960_ms": 11.850175000006402,
  "render_33_wall_ms": 377.87768600000504,
  "encode_ms": 253.74368800001434,
  "resize_consistency": 0.9994142017709159,
  "temporal_consistency": 0.9980532062472776,
  "motion_delta_model": 0.06441634893417358,
  "loop_error_model": 0.0019467937527224422,
  "description": "C4.7 neural canvas: learned full page layout reflow from x,y,t",
  "run_id": "20260424T231333802689Z-c2-lite-glyph-layout-reflow-c49-reflow-target-train1920-c32h160-s11000-1920x1088-s11000",
  "commit": "f5ca3b9",
  "track": "C",
  "width": 960,
  "height": 544,
  "frames": 33,
  "fps": 24,
  "artifacts": {
    "input": "/Users/dennisonbertram/Develop/flipbook-research/outputs/track-c/20260424T231333802689Z-c2-lite-glyph-layout-reflow-c49-reflow-target-train1920-c32h160-s11000-1920x1088-s11000/input.png",
    "render_960": "/Users/dennisonbertram/Develop/flipbook-research/outputs/track-c/20260424T231333802689Z-c2-lite-glyph-layout-reflow-c49-reflow-target-train1920-c32h160-s11000-1920x1088-s11000/render-960.png",
    "render_mid": "/Users/dennisonbertram/Develop/flipbook-research/outputs/track-c/20260424T231333802689Z-c2-lite-glyph-layout-reflow-c49-reflow-target-train1920-c32h160-s11000-1920x1088-s11000/render-mid.png",
    "render_last": "/Users/dennisonbertram/Develop/flipbook-research/outputs/track-c/20260424T231333802689Z-c2-lite-glyph-layout-reflow-c49-reflow-target-train1920-c32h160-s11000-1920x1088-s11000/render-last.png",
    "render_512": "/Users/dennisonbertram/Develop/flipbook-research/outputs/track-c/20260424T231333802689Z-c2-lite-glyph-layout-reflow-c49-reflow-target-train1920-c32h160-s11000-1920x1088-s11000/render-512.png",
    "crop_2x": "/Users/dennisonbertram/Develop/flipbook-research/outputs/track-c/20260424T231333802689Z-c2-lite-glyph-layout-reflow-c49-reflow-target-train1920-c32h160-s11000-1920x1088-s11000/crop-2x.png",
    "text_mask": "/Users/dennisonbertram/Develop/flipbook-research/outputs/track-c/20260424T231333802689Z-c2-lite-glyph-layout-reflow-c49-reflow-target-train1920-c32h160-s11000-1920x1088-s11000/text-mask.png",
    "element_alpha_mask": "/Users/dennisonbertram/Develop/flipbook-research/outputs/track-c/20260424T231333802689Z-c2-lite-glyph-layout-reflow-c49-reflow-target-train1920-c32h160-s11000-1920x1088-s11000/element-alpha-mask.png",
    "target_mid": "/Users/dennisonbertram/Develop/flipbook-research/outputs/track-c/20260424T231333802689Z-c2-lite-glyph-layout-reflow-c49-reflow-target-train1920-c32h160-s11000-1920x1088-s11000/target-mid.png",
    "text_boxes": "/Users/dennisonbertram/Develop/flipbook-research/outputs/track-c/20260424T231333802689Z-c2-lite-glyph-layout-reflow-c49-reflow-target-train1920-c32h160-s11000-1920x1088-s11000/text-boxes.json",
    "output": "/Users/dennisonbertram/Develop/flipbook-research/outputs/track-c/20260424T231333802689Z-c2-lite-glyph-layout-reflow-c49-reflow-target-train1920-c32h160-s11000-1920x1088-s11000/output.mp4",
    "metrics": "/Users/dennisonbertram/Develop/flipbook-research/outputs/track-c/20260424T231333802689Z-c2-lite-glyph-layout-reflow-c49-reflow-target-train1920-c32h160-s11000-1920x1088-s11000/metrics.json",
    "quality": "/Users/dennisonbertram/Develop/flipbook-research/outputs/track-c/20260424T231333802689Z-c2-lite-glyph-layout-reflow-c49-reflow-target-train1920-c32h160-s11000-1920x1088-s11000/quality.json"
  },
  "ocr_similarity": 0.5497076023391814,
  "layout_similarity": 0.9994142017709159,
  "motion_delta": 0.04894547164440155,
  "loop_error": 0.001269744010642171,
  "status": "pass"
}
DONE 20260424T231333802689Z-c2-lite-glyph-layout-reflow-c49-reflow-target-train1920-c32h160-s11000-1920x1088-s11000 quality=0.5497 motion=0.0489
Stopping app - local entrypoint completed.
✓ App completed. View run at 
https://modal.com/apps/dennisonbertram/main/ap-K819noGEGJr6uIKZ3qpSJd
