✓ Initialized. View run at 
https://modal.com/apps/dennisonbertram/main/ap-qRP9zeHmQsJWEg68QuyrQw
✓ Created objects.
├── 🔨 Created mount 
│   /Users/dennisonbertram/Develop/flipbook-research/scripts/track_c/modal_canva
│   s_c2_lite.py
└── 🔨 Created function train_and_render_motion.
START 20260424T231334946510Z-c2-lite-glyph-layout-reflow-c49-reflow-target-b196-c32h160-s10000-1536x864-s10000 config={"batch_size": 196608, "channels": 32, "edge_loss_weight": 0.9, "edge_sample_ratio": 0.09, "element_anchor_mode": "line", "element_anchor_padding": 3, "element_mask_mode": "rectangle", "element_render_mode": "sequential", "element_scale_ratio": 0.25, "experiment_label": "c49-reflow-target-b196-c32h160-s10000", "flow_scale": 0.1, "fps": 24, "frames": 33, "freq_bands": 10, "grad_clip": 0.5, "hidden": 160, "layout_mid_time_ratio": 0.6, "layout_mid_time_width": 0.28, "layout_supersample": 1.0, "layout_target_sampling": 1, "layout_target_weighting": 1, "layout_transform_pan": 0.0, "layout_transform_strength": 0.0, "lr": 0.01, "lr_schedule": "constant", "min_lr_ratio": 0.1, "min_motion_delta": 0.045, "min_ocr_similarity": 0.5, "motion_mode": "layout-reflow", "motion_strength": 1.0, "seed": 0, "source_resolution": [1280, 736], "steps": 10000, "text_box_loss_weight": 0.0, "text_box_min_conf": 55.0, "text_box_padding": 0, "text_box_sample_ratio": 0.0, "text_boxes": "0 boxes", "time_bands": 4, "train_resolution": "1536x864", "video_layout_mode": "none", "video_viewport_mode": "static", "viewport_pan": 0.0, "viewport_zoom": 0.0}
{
  "canvas_type": "time-conditioned-latent-feature-grid-learned-flow-mlp-glyph-weighted",
  "train_resolution": "1536x864",
  "steps": 10000,
  "batch_size": 196608,
  "channels": 32,
  "hidden": 160,
  "freq_bands": 10,
  "time_bands": 4,
  "lr": 0.01,
  "lr_schedule": "constant",
  "min_lr_ratio": 0.1,
  "grad_clip": 0.5,
  "seed": 0,
  "flow_scale": 0.1,
  "motion_mode": "layout-reflow",
  "motion_strength": 1.0,
  "video_viewport_mode": "static",
  "viewport_zoom": 0.0,
  "viewport_pan": 0.0,
  "video_layout_mode": "none",
  "layout_transform_strength": 0.0,
  "layout_transform_pan": 0.0,
  "layout_supersample": 1.0,
  "layout_region_count": 0,
  "element_scale_ratio": 0.25,
  "element_anchor_padding": 3,
  "element_mask_mode": "rectangle",
  "element_anchor_mode": "line",
  "element_render_mode": "sequential",
  "element_line_count": 0,
  "min_ocr_similarity": 0.5,
  "min_motion_delta": 0.045,
  "edge_sample_ratio": 0.09,
  "edge_loss_weight": 0.9,
  "text_box_sample_ratio": 0.0,
  "text_box_loss_weight": 0.0,
  "text_box_padding": 0,
  "layout_target_sampling": 1,
  "layout_target_weighting": 1,
  "layout_mid_time_ratio": 0.6,
  "layout_mid_time_width": 0.28,
  "text_box_count": 0,
  "text_mask_coverage": 0.0,
  "element_alpha_coverage": 0.0,
  "compile_ms": 242935.046283,
  "final_mse": 0.0017110956832766533,
  "losses": [
    {
      "step": 0,
      "mse": 0.22300562262535095
    },
    {
      "step": 500,
      "mse": 0.007928507402539253
    },
    {
      "step": 1000,
      "mse": 0.005282821133732796
    },
    {
      "step": 1500,
      "mse": 0.004291442688554525
    },
    {
      "step": 2000,
      "mse": 0.003623159369453788
    },
    {
      "step": 2500,
      "mse": 0.0031348122283816338
    },
    {
      "step": 3000,
      "mse": 0.00288631534203887
    },
    {
      "step": 3500,
      "mse": 0.0026378724724054337
    },
    {
      "step": 4000,
      "mse": 0.0025728275068104267
    },
    {
      "step": 4500,
      "mse": 0.0023811478167772293
    },
    {
      "step": 5000,
      "mse": 0.0023436674382537603
    },
    {
      "step": 5500,
      "mse": 0.002201193943619728
    },
    {
      "step": 6000,
      "mse": 0.002112488029524684
    },
    {
      "step": 6500,
      "mse": 0.002097582910209894
    },
    {
      "step": 7000,
      "mse": 0.0019376393174752593
    },
    {
      "step": 7500,
      "mse": 0.0019819214940071106
    },
    {
      "step": 8000,
      "mse": 0.0017958416137844324
    },
    {
      "step": 8500,
      "mse": 0.001843750011175871
    },
    {
      "step": 9000,
      "mse": 0.0018244106322526932
    },
    {
      "step": 9500,
      "mse": 0.0017505724681541324
    },
    {
      "step": 9999,
      "mse": 0.0017110956832766533
    }
  ],
  "render_times": {
    "render-960.png": 14.106629999986353,
    "render-mid.png": 14.02022300001704,
    "render-last.png": 14.020105999975385,
    "render-512.png": 3.8928130000215333,
    "crop-2x.png": 13.818232999994962
  },
  "render_960_ms": 14.106629999986353,
  "render_33_wall_ms": 453.5969990000126,
  "encode_ms": 414.33363800001644,
  "resize_consistency": 0.9994847000749787,
  "temporal_consistency": 0.9981233961880207,
  "motion_delta_model": 0.06736865639686584,
  "loop_error_model": 0.0018766038119792938,
  "description": "C4.7 neural canvas: learned full page layout reflow from x,y,t",
  "run_id": "20260424T231334946510Z-c2-lite-glyph-layout-reflow-c49-reflow-target-b196-c32h160-s10000-1536x864-s10000",
  "commit": "f5ca3b9",
  "track": "C",
  "width": 960,
  "height": 544,
  "frames": 33,
  "fps": 24,
  "artifacts": {
    "input": "/Users/dennisonbertram/Develop/flipbook-research/outputs/track-c/20260424T231334946510Z-c2-lite-glyph-layout-reflow-c49-reflow-target-b196-c32h160-s10000-1536x864-s10000/input.png",
    "render_960": "/Users/dennisonbertram/Develop/flipbook-research/outputs/track-c/20260424T231334946510Z-c2-lite-glyph-layout-reflow-c49-reflow-target-b196-c32h160-s10000-1536x864-s10000/render-960.png",
    "render_mid": "/Users/dennisonbertram/Develop/flipbook-research/outputs/track-c/20260424T231334946510Z-c2-lite-glyph-layout-reflow-c49-reflow-target-b196-c32h160-s10000-1536x864-s10000/render-mid.png",
    "render_last": "/Users/dennisonbertram/Develop/flipbook-research/outputs/track-c/20260424T231334946510Z-c2-lite-glyph-layout-reflow-c49-reflow-target-b196-c32h160-s10000-1536x864-s10000/render-last.png",
    "render_512": "/Users/dennisonbertram/Develop/flipbook-research/outputs/track-c/20260424T231334946510Z-c2-lite-glyph-layout-reflow-c49-reflow-target-b196-c32h160-s10000-1536x864-s10000/render-512.png",
    "crop_2x": "/Users/dennisonbertram/Develop/flipbook-research/outputs/track-c/20260424T231334946510Z-c2-lite-glyph-layout-reflow-c49-reflow-target-b196-c32h160-s10000-1536x864-s10000/crop-2x.png",
    "text_mask": "/Users/dennisonbertram/Develop/flipbook-research/outputs/track-c/20260424T231334946510Z-c2-lite-glyph-layout-reflow-c49-reflow-target-b196-c32h160-s10000-1536x864-s10000/text-mask.png",
    "element_alpha_mask": "/Users/dennisonbertram/Develop/flipbook-research/outputs/track-c/20260424T231334946510Z-c2-lite-glyph-layout-reflow-c49-reflow-target-b196-c32h160-s10000-1536x864-s10000/element-alpha-mask.png",
    "target_mid": "/Users/dennisonbertram/Develop/flipbook-research/outputs/track-c/20260424T231334946510Z-c2-lite-glyph-layout-reflow-c49-reflow-target-b196-c32h160-s10000-1536x864-s10000/target-mid.png",
    "text_boxes": "/Users/dennisonbertram/Develop/flipbook-research/outputs/track-c/20260424T231334946510Z-c2-lite-glyph-layout-reflow-c49-reflow-target-b196-c32h160-s10000-1536x864-s10000/text-boxes.json",
    "output": "/Users/dennisonbertram/Develop/flipbook-research/outputs/track-c/20260424T231334946510Z-c2-lite-glyph-layout-reflow-c49-reflow-target-b196-c32h160-s10000-1536x864-s10000/output.mp4",
    "metrics": "/Users/dennisonbertram/Develop/flipbook-research/outputs/track-c/20260424T231334946510Z-c2-lite-glyph-layout-reflow-c49-reflow-target-b196-c32h160-s10000-1536x864-s10000/metrics.json",
    "quality": "/Users/dennisonbertram/Develop/flipbook-research/outputs/track-c/20260424T231334946510Z-c2-lite-glyph-layout-reflow-c49-reflow-target-b196-c32h160-s10000-1536x864-s10000/quality.json"
  },
  "ocr_similarity": 0.5760869565217391,
  "layout_similarity": 0.9994847000749787,
  "motion_delta": 0.05174802616238594,
  "loop_error": 0.0012281377566978335,
  "status": "pass"
}
DONE 20260424T231334946510Z-c2-lite-glyph-layout-reflow-c49-reflow-target-b196-c32h160-s10000-1536x864-s10000 quality=0.5761 motion=0.0517
Stopping app - local entrypoint completed.
✓ App completed. View run at 
https://modal.com/apps/dennisonbertram/main/ap-qRP9zeHmQsJWEg68QuyrQw
