✓ Initialized. View run at 
https://modal.com/apps/dennisonbertram/main/ap-HiZ45Iqo9Zn77xSswAKQQH
✓ Created objects.
├── 🔨 Created mount 
│   /Users/dennisonbertram/Develop/flipbook-research/scripts/track_c/modal_canva
│   s_c2_lite.py
└── 🔨 Created function train_and_render_motion.
START 20260424T231335814206Z-c2-lite-glyph-layout-reflow-c49-reflow-target-mid80-c32h160-s12000-1536x864-s12000 config={"batch_size": 131072, "channels": 32, "edge_loss_weight": 0.9, "edge_sample_ratio": 0.09, "element_anchor_mode": "line", "element_anchor_padding": 3, "element_mask_mode": "rectangle", "element_render_mode": "sequential", "element_scale_ratio": 0.25, "experiment_label": "c49-reflow-target-mid80-c32h160-s12000", "flow_scale": 0.1, "fps": 24, "frames": 33, "freq_bands": 10, "grad_clip": 0.5, "hidden": 160, "layout_mid_time_ratio": 0.8, "layout_mid_time_width": 0.24, "layout_supersample": 1.0, "layout_target_sampling": 1, "layout_target_weighting": 1, "layout_transform_pan": 0.0, "layout_transform_strength": 0.0, "lr": 0.01, "lr_schedule": "constant", "min_lr_ratio": 0.1, "min_motion_delta": 0.045, "min_ocr_similarity": 0.5, "motion_mode": "layout-reflow", "motion_strength": 1.0, "seed": 0, "source_resolution": [1280, 736], "steps": 12000, "text_box_loss_weight": 0.0, "text_box_min_conf": 55.0, "text_box_padding": 0, "text_box_sample_ratio": 0.0, "text_boxes": "0 boxes", "time_bands": 4, "train_resolution": "1536x864", "video_layout_mode": "none", "video_viewport_mode": "static", "viewport_pan": 0.0, "viewport_zoom": 0.0}
{
  "canvas_type": "time-conditioned-latent-feature-grid-learned-flow-mlp-glyph-weighted",
  "train_resolution": "1536x864",
  "steps": 12000,
  "batch_size": 131072,
  "channels": 32,
  "hidden": 160,
  "freq_bands": 10,
  "time_bands": 4,
  "lr": 0.01,
  "lr_schedule": "constant",
  "min_lr_ratio": 0.1,
  "grad_clip": 0.5,
  "seed": 0,
  "flow_scale": 0.1,
  "motion_mode": "layout-reflow",
  "motion_strength": 1.0,
  "video_viewport_mode": "static",
  "viewport_zoom": 0.0,
  "viewport_pan": 0.0,
  "video_layout_mode": "none",
  "layout_transform_strength": 0.0,
  "layout_transform_pan": 0.0,
  "layout_supersample": 1.0,
  "layout_region_count": 0,
  "element_scale_ratio": 0.25,
  "element_anchor_padding": 3,
  "element_mask_mode": "rectangle",
  "element_anchor_mode": "line",
  "element_render_mode": "sequential",
  "element_line_count": 0,
  "min_ocr_similarity": 0.5,
  "min_motion_delta": 0.045,
  "edge_sample_ratio": 0.09,
  "edge_loss_weight": 0.9,
  "text_box_sample_ratio": 0.0,
  "text_box_loss_weight": 0.0,
  "text_box_padding": 0,
  "layout_target_sampling": 1,
  "layout_target_weighting": 1,
  "layout_mid_time_ratio": 0.8,
  "layout_mid_time_width": 0.24,
  "text_box_count": 0,
  "text_mask_coverage": 0.0,
  "element_alpha_coverage": 0.0,
  "compile_ms": 194271.687354,
  "final_mse": 0.001276999944821,
  "losses": [
    {
      "step": 0,
      "mse": 0.22294503450393677
    },
    {
      "step": 600,
      "mse": 0.006110650487244129
    },
    {
      "step": 1200,
      "mse": 0.003915394190698862
    },
    {
      "step": 1800,
      "mse": 0.0030067190527915955
    },
    {
      "step": 2400,
      "mse": 0.002507483121007681
    },
    {
      "step": 3000,
      "mse": 0.002263688249513507
    },
    {
      "step": 3600,
      "mse": 0.0020882333628833294
    },
    {
      "step": 4200,
      "mse": 0.001960140885785222
    },
    {
      "step": 4800,
      "mse": 0.0017935517244040966
    },
    {
      "step": 5400,
      "mse": 0.0017485630232840776
    },
    {
      "step": 6000,
      "mse": 0.0017105067381635308
    },
    {
      "step": 6600,
      "mse": 0.0016077103791758418
    },
    {
      "step": 7200,
      "mse": 0.001464661443606019
    },
    {
      "step": 7800,
      "mse": 0.0014557091053575277
    },
    {
      "step": 8400,
      "mse": 0.0014269109815359116
    },
    {
      "step": 9000,
      "mse": 0.0013608236331492662
    },
    {
      "step": 9600,
      "mse": 0.0012966908980160952
    },
    {
      "step": 10200,
      "mse": 0.0013058575568720698
    },
    {
      "step": 10800,
      "mse": 0.0012450965587049723
    },
    {
      "step": 11400,
      "mse": 0.0012510104570537806
    },
    {
      "step": 11999,
      "mse": 0.001276999944821
    }
  ],
  "render_times": {
    "render-960.png": 12.62257299998737,
    "render-mid.png": 11.590588999979445,
    "render-last.png": 11.59833500000218,
    "render-512.png": 3.3393949999833694,
    "crop-2x.png": 11.435636000015847
  },
  "render_960_ms": 12.62257299998737,
  "render_33_wall_ms": 374.1131729999836,
  "encode_ms": 264.3686860000116,
  "resize_consistency": 0.9994743534309596,
  "temporal_consistency": 0.9973395839333534,
  "motion_delta_model": 0.06440001726150513,
  "loop_error_model": 0.002660416066646576,
  "description": "C4.7 neural canvas: learned full page layout reflow from x,y,t",
  "run_id": "20260424T231335814206Z-c2-lite-glyph-layout-reflow-c49-reflow-target-mid80-c32h160-s12000-1536x864-s12000",
  "commit": "f5ca3b9",
  "track": "C",
  "width": 960,
  "height": 544,
  "frames": 33,
  "fps": 24,
  "artifacts": {
    "input": "/Users/dennisonbertram/Develop/flipbook-research/outputs/track-c/20260424T231335814206Z-c2-lite-glyph-layout-reflow-c49-reflow-target-mid80-c32h160-s12000-1536x864-s12000/input.png",
    "render_960": "/Users/dennisonbertram/Develop/flipbook-research/outputs/track-c/20260424T231335814206Z-c2-lite-glyph-layout-reflow-c49-reflow-target-mid80-c32h160-s12000-1536x864-s12000/render-960.png",
    "render_mid": "/Users/dennisonbertram/Develop/flipbook-research/outputs/track-c/20260424T231335814206Z-c2-lite-glyph-layout-reflow-c49-reflow-target-mid80-c32h160-s12000-1536x864-s12000/render-mid.png",
    "render_last": "/Users/dennisonbertram/Develop/flipbook-research/outputs/track-c/20260424T231335814206Z-c2-lite-glyph-layout-reflow-c49-reflow-target-mid80-c32h160-s12000-1536x864-s12000/render-last.png",
    "render_512": "/Users/dennisonbertram/Develop/flipbook-research/outputs/track-c/20260424T231335814206Z-c2-lite-glyph-layout-reflow-c49-reflow-target-mid80-c32h160-s12000-1536x864-s12000/render-512.png",
    "crop_2x": "/Users/dennisonbertram/Develop/flipbook-research/outputs/track-c/20260424T231335814206Z-c2-lite-glyph-layout-reflow-c49-reflow-target-mid80-c32h160-s12000-1536x864-s12000/crop-2x.png",
    "text_mask": "/Users/dennisonbertram/Develop/flipbook-research/outputs/track-c/20260424T231335814206Z-c2-lite-glyph-layout-reflow-c49-reflow-target-mid80-c32h160-s12000-1536x864-s12000/text-mask.png",
    "element_alpha_mask": "/Users/dennisonbertram/Develop/flipbook-research/outputs/track-c/20260424T231335814206Z-c2-lite-glyph-layout-reflow-c49-reflow-target-mid80-c32h160-s12000-1536x864-s12000/element-alpha-mask.png",
    "target_mid": "/Users/dennisonbertram/Develop/flipbook-research/outputs/track-c/20260424T231335814206Z-c2-lite-glyph-layout-reflow-c49-reflow-target-mid80-c32h160-s12000-1536x864-s12000/target-mid.png",
    "text_boxes": "/Users/dennisonbertram/Develop/flipbook-research/outputs/track-c/20260424T231335814206Z-c2-lite-glyph-layout-reflow-c49-reflow-target-mid80-c32h160-s12000-1536x864-s12000/text-boxes.json",
    "output": "/Users/dennisonbertram/Develop/flipbook-research/outputs/track-c/20260424T231335814206Z-c2-lite-glyph-layout-reflow-c49-reflow-target-mid80-c32h160-s12000-1536x864-s12000/output.mp4",
    "metrics": "/Users/dennisonbertram/Develop/flipbook-research/outputs/track-c/20260424T231335814206Z-c2-lite-glyph-layout-reflow-c49-reflow-target-mid80-c32h160-s12000-1536x864-s12000/metrics.json",
    "quality": "/Users/dennisonbertram/Develop/flipbook-research/outputs/track-c/20260424T231335814206Z-c2-lite-glyph-layout-reflow-c49-reflow-target-mid80-c32h160-s12000-1536x864-s12000/quality.json"
  },
  "ocr_similarity": 0.45000000000000007,
  "layout_similarity": 0.9994743534309596,
  "motion_delta": 0.04967755451798439,
  "loop_error": 0.001721738139167428,
  "status": "near_miss"
}
DONE 20260424T231335814206Z-c2-lite-glyph-layout-reflow-c49-reflow-target-mid80-c32h160-s12000-1536x864-s12000 quality=0.4500 motion=0.0497
Stopping app - local entrypoint completed.
✓ App completed. View run at 
https://modal.com/apps/dennisonbertram/main/ap-HiZ45Iqo9Zn77xSswAKQQH
