✓ Initialized. View run at 
https://modal.com/apps/dennisonbertram/main/ap-jW07m9KkozXZR17OKIKuFg
✓ Created objects.
├── 🔨 Created mount 
│   /Users/dennisonbertram/Develop/flipbook-research/scripts/track_c/modal_canva
│   s_c2_lite.py
└── 🔨 Created function train_and_render_motion.
START 20260424T232118441514Z-c2-lite-glyph-layout-reflow-c50-reflow-ablate-target-weight-only-1536x864-s10000 config={"batch_size": 131072, "channels": 32, "edge_loss_weight": 0.9, "edge_sample_ratio": 0.09, "element_anchor_mode": "line", "element_anchor_padding": 3, "element_mask_mode": "rectangle", "element_render_mode": "sequential", "element_scale_ratio": 0.25, "experiment_label": "c50-reflow-ablate-target-weight-only", "flow_scale": 0.1, "fps": 24, "frames": 33, "freq_bands": 10, "grad_clip": 0.5, "hidden": 160, "layout_mid_time_ratio": 0.6, "layout_mid_time_width": 0.28, "layout_supersample": 1.0, "layout_target_sampling": 0, "layout_target_weighting": 1, "layout_transform_pan": 0.0, "layout_transform_strength": 0.0, "lr": 0.01, "lr_schedule": "constant", "min_lr_ratio": 0.1, "min_motion_delta": 0.045, "min_ocr_similarity": 0.48, "motion_mode": "layout-reflow", "motion_strength": 1.0, "seed": 0, "source_resolution": [1280, 736], "steps": 10000, "text_box_loss_weight": 0.0, "text_box_min_conf": 55.0, "text_box_padding": 0, "text_box_sample_ratio": 0.0, "text_boxes": "0 boxes", "time_bands": 4, "train_resolution": "1536x864", "video_layout_mode": "none", "video_viewport_mode": "static", "viewport_pan": 0.0, "viewport_zoom": 0.0}
{
  "canvas_type": "time-conditioned-latent-feature-grid-learned-flow-mlp-glyph-weighted",
  "train_resolution": "1536x864",
  "steps": 10000,
  "batch_size": 131072,
  "channels": 32,
  "hidden": 160,
  "freq_bands": 10,
  "time_bands": 4,
  "lr": 0.01,
  "lr_schedule": "constant",
  "min_lr_ratio": 0.1,
  "grad_clip": 0.5,
  "seed": 0,
  "experiment_label": "c50-reflow-ablate-target-weight-only",
  "flow_scale": 0.1,
  "motion_mode": "layout-reflow",
  "motion_strength": 1.0,
  "video_viewport_mode": "static",
  "viewport_zoom": 0.0,
  "viewport_pan": 0.0,
  "video_layout_mode": "none",
  "layout_transform_strength": 0.0,
  "layout_transform_pan": 0.0,
  "layout_supersample": 1.0,
  "layout_region_count": 0,
  "element_scale_ratio": 0.25,
  "element_anchor_padding": 3,
  "element_mask_mode": "rectangle",
  "element_anchor_mode": "line",
  "element_render_mode": "sequential",
  "element_line_count": 0,
  "min_ocr_similarity": 0.48,
  "min_motion_delta": 0.045,
  "edge_sample_ratio": 0.09,
  "edge_loss_weight": 0.9,
  "text_box_sample_ratio": 0.0,
  "text_box_loss_weight": 0.0,
  "text_box_padding": 0,
  "layout_target_sampling": 0,
  "layout_target_weighting": 1,
  "layout_mid_time_ratio": 0.6,
  "layout_mid_time_width": 0.28,
  "text_box_count": 0,
  "text_mask_coverage": 0.0,
  "element_alpha_coverage": 0.0,
  "compile_ms": 158613.081146,
  "final_mse": 0.0015102704055607319,
  "losses": [
    {
      "step": 0,
      "mse": 0.22565390169620514
    },
    {
      "step": 500,
      "mse": 0.006978656630963087
    },
    {
      "step": 1000,
      "mse": 0.004896041937172413
    },
    {
      "step": 1500,
      "mse": 0.003990160301327705
    },
    {
      "step": 2000,
      "mse": 0.003285252023488283
    },
    {
      "step": 2500,
      "mse": 0.0029038265347480774
    },
    {
      "step": 3000,
      "mse": 0.00268692709505558
    },
    {
      "step": 3500,
      "mse": 0.0023704394698143005
    },
    {
      "step": 4000,
      "mse": 0.0022613483015447855
    },
    {
      "step": 4500,
      "mse": 0.002148933010175824
    },
    {
      "step": 5000,
      "mse": 0.002041593426838517
    },
    {
      "step": 5500,
      "mse": 0.0019684829749166965
    },
    {
      "step": 6000,
      "mse": 0.00197600363753736
    },
    {
      "step": 6500,
      "mse": 0.001786526059731841
    },
    {
      "step": 7000,
      "mse": 0.0018065627664327621
    },
    {
      "step": 7500,
      "mse": 0.0017749445978552103
    },
    {
      "step": 8000,
      "mse": 0.0016913576982915401
    },
    {
      "step": 8500,
      "mse": 0.001676691696047783
    },
    {
      "step": 9000,
      "mse": 0.0015932722017168999
    },
    {
      "step": 9500,
      "mse": 0.0016226014122366905
    },
    {
      "step": 9999,
      "mse": 0.0015102704055607319
    }
  ],
  "render_times": {
    "render-960.png": 11.704845999986446,
    "render-mid.png": 11.6073699999788,
    "render-last.png": 11.600020000003042,
    "render-512.png": 3.3422919999850365,
    "crop-2x.png": 11.42730499998379
  },
  "render_960_ms": 11.704845999986446,
  "render_33_wall_ms": 374.2352790000041,
  "encode_ms": 245.83174299999655,
  "resize_consistency": 0.999417909228403,
  "temporal_consistency": 0.9983777413144708,
  "motion_delta_model": 0.06358004361391068,
  "loop_error_model": 0.001622258685529232,
  "description": "C4.7 neural canvas: learned full page layout reflow from x,y,t",
  "run_id": "20260424T232118441514Z-c2-lite-glyph-layout-reflow-c50-reflow-ablate-target-weight-only-1536x864-s10000",
  "commit": "c50-local-target-ablations",
  "track": "C",
  "width": 960,
  "height": 544,
  "frames": 33,
  "fps": 24,
  "artifacts": {
    "input": "/Users/dennisonbertram/Develop/flipbook-research/outputs/track-c/20260424T232118441514Z-c2-lite-glyph-layout-reflow-c50-reflow-ablate-target-weight-only-1536x864-s10000/input.png",
    "render_960": "/Users/dennisonbertram/Develop/flipbook-research/outputs/track-c/20260424T232118441514Z-c2-lite-glyph-layout-reflow-c50-reflow-ablate-target-weight-only-1536x864-s10000/render-960.png",
    "render_mid": "/Users/dennisonbertram/Develop/flipbook-research/outputs/track-c/20260424T232118441514Z-c2-lite-glyph-layout-reflow-c50-reflow-ablate-target-weight-only-1536x864-s10000/render-mid.png",
    "render_last": "/Users/dennisonbertram/Develop/flipbook-research/outputs/track-c/20260424T232118441514Z-c2-lite-glyph-layout-reflow-c50-reflow-ablate-target-weight-only-1536x864-s10000/render-last.png",
    "render_512": "/Users/dennisonbertram/Develop/flipbook-research/outputs/track-c/20260424T232118441514Z-c2-lite-glyph-layout-reflow-c50-reflow-ablate-target-weight-only-1536x864-s10000/render-512.png",
    "crop_2x": "/Users/dennisonbertram/Develop/flipbook-research/outputs/track-c/20260424T232118441514Z-c2-lite-glyph-layout-reflow-c50-reflow-ablate-target-weight-only-1536x864-s10000/crop-2x.png",
    "text_mask": "/Users/dennisonbertram/Develop/flipbook-research/outputs/track-c/20260424T232118441514Z-c2-lite-glyph-layout-reflow-c50-reflow-ablate-target-weight-only-1536x864-s10000/text-mask.png",
    "element_alpha_mask": "/Users/dennisonbertram/Develop/flipbook-research/outputs/track-c/20260424T232118441514Z-c2-lite-glyph-layout-reflow-c50-reflow-ablate-target-weight-only-1536x864-s10000/element-alpha-mask.png",
    "target_mid": "/Users/dennisonbertram/Develop/flipbook-research/outputs/track-c/20260424T232118441514Z-c2-lite-glyph-layout-reflow-c50-reflow-ablate-target-weight-only-1536x864-s10000/target-mid.png",
    "text_boxes": "/Users/dennisonbertram/Develop/flipbook-research/outputs/track-c/20260424T232118441514Z-c2-lite-glyph-layout-reflow-c50-reflow-ablate-target-weight-only-1536x864-s10000/text-boxes.json",
    "output": "/Users/dennisonbertram/Develop/flipbook-research/outputs/track-c/20260424T232118441514Z-c2-lite-glyph-layout-reflow-c50-reflow-ablate-target-weight-only-1536x864-s10000/output.mp4",
    "metrics": "/Users/dennisonbertram/Develop/flipbook-research/outputs/track-c/20260424T232118441514Z-c2-lite-glyph-layout-reflow-c50-reflow-ablate-target-weight-only-1536x864-s10000/metrics.json",
    "quality": "/Users/dennisonbertram/Develop/flipbook-research/outputs/track-c/20260424T232118441514Z-c2-lite-glyph-layout-reflow-c50-reflow-ablate-target-weight-only-1536x864-s10000/quality.json"
  },
  "ocr_similarity": 0.5,
  "layout_similarity": 0.999417909228403,
  "motion_delta": 0.04880155250430107,
  "loop_error": 0.0010628479067236185,
  "status": "pass"
}
DONE 20260424T232118441514Z-c2-lite-glyph-layout-reflow-c50-reflow-ablate-target-weight-only-1536x864-s10000 quality=0.5000 motion=0.0488
Stopping app - local entrypoint completed.
✓ App completed. View run at 
https://modal.com/apps/dennisonbertram/main/ap-jW07m9KkozXZR17OKIKuFg
