✓ Initialized. View run at 
https://modal.com/apps/dennisonbertram/main/ap-rdODN4cDkpuYnSkO1i60Um
✓ Created objects.
├── 🔨 Created mount 
│   /Users/dennisonbertram/Develop/flipbook-research/scripts/track_c/modal_canva
│   s_c2_lite.py
└── 🔨 Created function train_and_render_motion.
START 20260424T232119088528Z-c2-lite-glyph-layout-reflow-c50-reflow-ablate-target-sample-only-1536x864-s10000 config={"batch_size": 131072, "channels": 32, "edge_loss_weight": 0.9, "edge_sample_ratio": 0.09, "element_anchor_mode": "line", "element_anchor_padding": 3, "element_mask_mode": "rectangle", "element_render_mode": "sequential", "element_scale_ratio": 0.25, "experiment_label": "c50-reflow-ablate-target-sample-only", "flow_scale": 0.1, "fps": 24, "frames": 33, "freq_bands": 10, "grad_clip": 0.5, "hidden": 160, "layout_mid_time_ratio": 0.6, "layout_mid_time_width": 0.28, "layout_supersample": 1.0, "layout_target_sampling": 1, "layout_target_weighting": 0, "layout_transform_pan": 0.0, "layout_transform_strength": 0.0, "lr": 0.01, "lr_schedule": "constant", "min_lr_ratio": 0.1, "min_motion_delta": 0.045, "min_ocr_similarity": 0.48, "motion_mode": "layout-reflow", "motion_strength": 1.0, "seed": 0, "source_resolution": [1280, 736], "steps": 10000, "text_box_loss_weight": 0.0, "text_box_min_conf": 55.0, "text_box_padding": 0, "text_box_sample_ratio": 0.0, "text_boxes": "0 boxes", "time_bands": 4, "train_resolution": "1536x864", "video_layout_mode": "none", "video_viewport_mode": "static", "viewport_pan": 0.0, "viewport_zoom": 0.0}
{
  "canvas_type": "time-conditioned-latent-feature-grid-learned-flow-mlp-glyph-weighted",
  "train_resolution": "1536x864",
  "steps": 10000,
  "batch_size": 131072,
  "channels": 32,
  "hidden": 160,
  "freq_bands": 10,
  "time_bands": 4,
  "lr": 0.01,
  "lr_schedule": "constant",
  "min_lr_ratio": 0.1,
  "grad_clip": 0.5,
  "seed": 0,
  "experiment_label": "c50-reflow-ablate-target-sample-only",
  "flow_scale": 0.1,
  "motion_mode": "layout-reflow",
  "motion_strength": 1.0,
  "video_viewport_mode": "static",
  "viewport_zoom": 0.0,
  "viewport_pan": 0.0,
  "video_layout_mode": "none",
  "layout_transform_strength": 0.0,
  "layout_transform_pan": 0.0,
  "layout_supersample": 1.0,
  "layout_region_count": 0,
  "element_scale_ratio": 0.25,
  "element_anchor_padding": 3,
  "element_mask_mode": "rectangle",
  "element_anchor_mode": "line",
  "element_render_mode": "sequential",
  "element_line_count": 0,
  "min_ocr_similarity": 0.48,
  "min_motion_delta": 0.045,
  "edge_sample_ratio": 0.09,
  "edge_loss_weight": 0.9,
  "text_box_sample_ratio": 0.0,
  "text_box_loss_weight": 0.0,
  "text_box_padding": 0,
  "layout_target_sampling": 1,
  "layout_target_weighting": 0,
  "layout_mid_time_ratio": 0.6,
  "layout_mid_time_width": 0.28,
  "text_box_count": 0,
  "text_mask_coverage": 0.0,
  "element_alpha_coverage": 0.0,
  "compile_ms": 171075.293897,
  "final_mse": 0.0017448324942961335,
  "losses": [
    {
      "step": 0,
      "mse": 0.23088356852531433
    },
    {
      "step": 500,
      "mse": 0.007137135602533817
    },
    {
      "step": 1000,
      "mse": 0.004955256823450327
    },
    {
      "step": 1500,
      "mse": 0.004056854173541069
    },
    {
      "step": 2000,
      "mse": 0.0033980857115238905
    },
    {
      "step": 2500,
      "mse": 0.0031334327068179846
    },
    {
      "step": 3000,
      "mse": 0.002820162335410714
    },
    {
      "step": 3500,
      "mse": 0.0025731059722602367
    },
    {
      "step": 4000,
      "mse": 0.0024661982897669077
    },
    {
      "step": 4500,
      "mse": 0.00236016558483243
    },
    {
      "step": 5000,
      "mse": 0.00226498581469059
    },
    {
      "step": 5500,
      "mse": 0.0022189156152307987
    },
    {
      "step": 6000,
      "mse": 0.0020768719259649515
    },
    {
      "step": 6500,
      "mse": 0.0021003615111112595
    },
    {
      "step": 7000,
      "mse": 0.0020007584244012833
    },
    {
      "step": 7500,
      "mse": 0.0019134223693981767
    },
    {
      "step": 8000,
      "mse": 0.001884980360046029
    },
    {
      "step": 8500,
      "mse": 0.0018396205268800259
    },
    {
      "step": 9000,
      "mse": 0.001802656683139503
    },
    {
      "step": 9500,
      "mse": 0.0018220479832962155
    },
    {
      "step": 9999,
      "mse": 0.0017448324942961335
    }
  ],
  "render_times": {
    "render-960.png": 14.201896999992414,
    "render-mid.png": 14.038295999995398,
    "render-last.png": 14.195385999983046,
    "render-512.png": 3.9435889999879237,
    "crop-2x.png": 13.83204800001181
  },
  "render_960_ms": 14.201896999992414,
  "render_33_wall_ms": 453.0554870000003,
  "encode_ms": 270.8409900000106,
  "resize_consistency": 0.9994795983243749,
  "temporal_consistency": 0.9976646185386926,
  "motion_delta_model": 0.0669572576880455,
  "loop_error_model": 0.0023353814613074064,
  "description": "C4.7 neural canvas: learned full page layout reflow from x,y,t",
  "run_id": "20260424T232119088528Z-c2-lite-glyph-layout-reflow-c50-reflow-ablate-target-sample-only-1536x864-s10000",
  "commit": "c50-local-target-ablations",
  "track": "C",
  "width": 960,
  "height": 544,
  "frames": 33,
  "fps": 24,
  "artifacts": {
    "input": "/Users/dennisonbertram/Develop/flipbook-research/outputs/track-c/20260424T232119088528Z-c2-lite-glyph-layout-reflow-c50-reflow-ablate-target-sample-only-1536x864-s10000/input.png",
    "render_960": "/Users/dennisonbertram/Develop/flipbook-research/outputs/track-c/20260424T232119088528Z-c2-lite-glyph-layout-reflow-c50-reflow-ablate-target-sample-only-1536x864-s10000/render-960.png",
    "render_mid": "/Users/dennisonbertram/Develop/flipbook-research/outputs/track-c/20260424T232119088528Z-c2-lite-glyph-layout-reflow-c50-reflow-ablate-target-sample-only-1536x864-s10000/render-mid.png",
    "render_last": "/Users/dennisonbertram/Develop/flipbook-research/outputs/track-c/20260424T232119088528Z-c2-lite-glyph-layout-reflow-c50-reflow-ablate-target-sample-only-1536x864-s10000/render-last.png",
    "render_512": "/Users/dennisonbertram/Develop/flipbook-research/outputs/track-c/20260424T232119088528Z-c2-lite-glyph-layout-reflow-c50-reflow-ablate-target-sample-only-1536x864-s10000/render-512.png",
    "crop_2x": "/Users/dennisonbertram/Develop/flipbook-research/outputs/track-c/20260424T232119088528Z-c2-lite-glyph-layout-reflow-c50-reflow-ablate-target-sample-only-1536x864-s10000/crop-2x.png",
    "text_mask": "/Users/dennisonbertram/Develop/flipbook-research/outputs/track-c/20260424T232119088528Z-c2-lite-glyph-layout-reflow-c50-reflow-ablate-target-sample-only-1536x864-s10000/text-mask.png",
    "element_alpha_mask": "/Users/dennisonbertram/Develop/flipbook-research/outputs/track-c/20260424T232119088528Z-c2-lite-glyph-layout-reflow-c50-reflow-ablate-target-sample-only-1536x864-s10000/element-alpha-mask.png",
    "target_mid": "/Users/dennisonbertram/Develop/flipbook-research/outputs/track-c/20260424T232119088528Z-c2-lite-glyph-layout-reflow-c50-reflow-ablate-target-sample-only-1536x864-s10000/target-mid.png",
    "text_boxes": "/Users/dennisonbertram/Develop/flipbook-research/outputs/track-c/20260424T232119088528Z-c2-lite-glyph-layout-reflow-c50-reflow-ablate-target-sample-only-1536x864-s10000/text-boxes.json",
    "output": "/Users/dennisonbertram/Develop/flipbook-research/outputs/track-c/20260424T232119088528Z-c2-lite-glyph-layout-reflow-c50-reflow-ablate-target-sample-only-1536x864-s10000/output.mp4",
    "metrics": "/Users/dennisonbertram/Develop/flipbook-research/outputs/track-c/20260424T232119088528Z-c2-lite-glyph-layout-reflow-c50-reflow-ablate-target-sample-only-1536x864-s10000/metrics.json",
    "quality": "/Users/dennisonbertram/Develop/flipbook-research/outputs/track-c/20260424T232119088528Z-c2-lite-glyph-layout-reflow-c50-reflow-ablate-target-sample-only-1536x864-s10000/quality.json"
  },
  "ocr_similarity": 0.4276729559748428,
  "layout_similarity": 0.9994795983243749,
  "motion_delta": 0.05107514187693596,
  "loop_error": 0.0015167332021519542,
  "status": "near_miss"
}
DONE 20260424T232119088528Z-c2-lite-glyph-layout-reflow-c50-reflow-ablate-target-sample-only-1536x864-s10000 quality=0.4277 motion=0.0511
Stopping app - local entrypoint completed.
✓ App completed. View run at 
https://modal.com/apps/dennisonbertram/main/ap-rdODN4cDkpuYnSkO1i60Um
