✓ Initialized. View run at 
https://modal.com/apps/dennisonbertram/main/ap-AiE8mvaILquHtq1PWweqnz
✓ Created objects.
├── 🔨 Created mount 
│   /Users/dennisonbertram/Develop/flipbook-research/scripts/track_c/modal_canva
│   s_c2_lite.py
└── 🔨 Created function train_and_render_motion.
START 20260424T232118854215Z-c2-lite-glyph-layout-reflow-c50-reflow-ablate-midtime-only-1536x864-s10000 config={"batch_size": 131072, "channels": 32, "edge_loss_weight": 0.9, "edge_sample_ratio": 0.09, "element_anchor_mode": "line", "element_anchor_padding": 3, "element_mask_mode": "rectangle", "element_render_mode": "sequential", "element_scale_ratio": 0.25, "experiment_label": "c50-reflow-ablate-midtime-only", "flow_scale": 0.1, "fps": 24, "frames": 33, "freq_bands": 10, "grad_clip": 0.5, "hidden": 160, "layout_mid_time_ratio": 0.7, "layout_mid_time_width": 0.24, "layout_supersample": 1.0, "layout_target_sampling": 0, "layout_target_weighting": 0, "layout_transform_pan": 0.0, "layout_transform_strength": 0.0, "lr": 0.01, "lr_schedule": "constant", "min_lr_ratio": 0.1, "min_motion_delta": 0.045, "min_ocr_similarity": 0.48, "motion_mode": "layout-reflow", "motion_strength": 1.0, "seed": 0, "source_resolution": [1280, 736], "steps": 10000, "text_box_loss_weight": 0.0, "text_box_min_conf": 55.0, "text_box_padding": 0, "text_box_sample_ratio": 0.0, "text_boxes": "0 boxes", "time_bands": 4, "train_resolution": "1536x864", "video_layout_mode": "none", "video_viewport_mode": "static", "viewport_pan": 0.0, "viewport_zoom": 0.0}
{
  "canvas_type": "time-conditioned-latent-feature-grid-learned-flow-mlp-glyph-weighted",
  "train_resolution": "1536x864",
  "steps": 10000,
  "batch_size": 131072,
  "channels": 32,
  "hidden": 160,
  "freq_bands": 10,
  "time_bands": 4,
  "lr": 0.01,
  "lr_schedule": "constant",
  "min_lr_ratio": 0.1,
  "grad_clip": 0.5,
  "seed": 0,
  "experiment_label": "c50-reflow-ablate-midtime-only",
  "flow_scale": 0.1,
  "motion_mode": "layout-reflow",
  "motion_strength": 1.0,
  "video_viewport_mode": "static",
  "viewport_zoom": 0.0,
  "viewport_pan": 0.0,
  "video_layout_mode": "none",
  "layout_transform_strength": 0.0,
  "layout_transform_pan": 0.0,
  "layout_supersample": 1.0,
  "layout_region_count": 0,
  "element_scale_ratio": 0.25,
  "element_anchor_padding": 3,
  "element_mask_mode": "rectangle",
  "element_anchor_mode": "line",
  "element_render_mode": "sequential",
  "element_line_count": 0,
  "min_ocr_similarity": 0.48,
  "min_motion_delta": 0.045,
  "edge_sample_ratio": 0.09,
  "edge_loss_weight": 0.9,
  "text_box_sample_ratio": 0.0,
  "text_box_loss_weight": 0.0,
  "text_box_padding": 0,
  "layout_target_sampling": 0,
  "layout_target_weighting": 0,
  "layout_mid_time_ratio": 0.7,
  "layout_mid_time_width": 0.24,
  "text_box_count": 0,
  "text_mask_coverage": 0.0,
  "element_alpha_coverage": 0.0,
  "compile_ms": 166147.136524,
  "final_mse": 0.0011480841785669327,
  "losses": [
    {
      "step": 0,
      "mse": 0.23632529377937317
    },
    {
      "step": 500,
      "mse": 0.006858673878014088
    },
    {
      "step": 1000,
      "mse": 0.004112189635634422
    },
    {
      "step": 1500,
      "mse": 0.0032830750569701195
    },
    {
      "step": 2000,
      "mse": 0.0042520444840192795
    },
    {
      "step": 2500,
      "mse": 0.0024108723737299442
    },
    {
      "step": 3000,
      "mse": 0.0020706490613520145
    },
    {
      "step": 3500,
      "mse": 0.0018415912054479122
    },
    {
      "step": 4000,
      "mse": 0.0017050202004611492
    },
    {
      "step": 4500,
      "mse": 0.001621187780983746
    },
    {
      "step": 5000,
      "mse": 0.0015185740776360035
    },
    {
      "step": 5500,
      "mse": 0.0014186364132910967
    },
    {
      "step": 6000,
      "mse": 0.0014032572507858276
    },
    {
      "step": 6500,
      "mse": 0.00143375713378191
    },
    {
      "step": 7000,
      "mse": 0.0013093804009258747
    },
    {
      "step": 7500,
      "mse": 0.001317254500463605
    },
    {
      "step": 8000,
      "mse": 0.0012043019523844123
    },
    {
      "step": 8500,
      "mse": 0.00124461785890162
    },
    {
      "step": 9000,
      "mse": 0.001174424891360104
    },
    {
      "step": 9500,
      "mse": 0.001189964241348207
    },
    {
      "step": 9999,
      "mse": 0.0011480841785669327
    }
  ],
  "render_times": {
    "render-960.png": 14.258101999985229,
    "render-mid.png": 14.148680000005243,
    "render-last.png": 14.112737000004927,
    "render-512.png": 4.0087170000049355,
    "crop-2x.png": 13.849410000005946
  },
  "render_960_ms": 14.258101999985229,
  "render_33_wall_ms": 452.1249869999906,
  "encode_ms": 283.51498999998626,
  "resize_consistency": 0.999478578549172,
  "temporal_consistency": 0.9981730069266632,
  "motion_delta_model": 0.06612840294837952,
  "loop_error_model": 0.00182699307333678,
  "description": "C4.7 neural canvas: learned full page layout reflow from x,y,t",
  "run_id": "20260424T232118854215Z-c2-lite-glyph-layout-reflow-c50-reflow-ablate-midtime-only-1536x864-s10000",
  "commit": "c50-local-target-ablations",
  "track": "C",
  "width": 960,
  "height": 544,
  "frames": 33,
  "fps": 24,
  "artifacts": {
    "input": "/Users/dennisonbertram/Develop/flipbook-research/outputs/track-c/20260424T232118854215Z-c2-lite-glyph-layout-reflow-c50-reflow-ablate-midtime-only-1536x864-s10000/input.png",
    "render_960": "/Users/dennisonbertram/Develop/flipbook-research/outputs/track-c/20260424T232118854215Z-c2-lite-glyph-layout-reflow-c50-reflow-ablate-midtime-only-1536x864-s10000/render-960.png",
    "render_mid": "/Users/dennisonbertram/Develop/flipbook-research/outputs/track-c/20260424T232118854215Z-c2-lite-glyph-layout-reflow-c50-reflow-ablate-midtime-only-1536x864-s10000/render-mid.png",
    "render_last": "/Users/dennisonbertram/Develop/flipbook-research/outputs/track-c/20260424T232118854215Z-c2-lite-glyph-layout-reflow-c50-reflow-ablate-midtime-only-1536x864-s10000/render-last.png",
    "render_512": "/Users/dennisonbertram/Develop/flipbook-research/outputs/track-c/20260424T232118854215Z-c2-lite-glyph-layout-reflow-c50-reflow-ablate-midtime-only-1536x864-s10000/render-512.png",
    "crop_2x": "/Users/dennisonbertram/Develop/flipbook-research/outputs/track-c/20260424T232118854215Z-c2-lite-glyph-layout-reflow-c50-reflow-ablate-midtime-only-1536x864-s10000/crop-2x.png",
    "text_mask": "/Users/dennisonbertram/Develop/flipbook-research/outputs/track-c/20260424T232118854215Z-c2-lite-glyph-layout-reflow-c50-reflow-ablate-midtime-only-1536x864-s10000/text-mask.png",
    "element_alpha_mask": "/Users/dennisonbertram/Develop/flipbook-research/outputs/track-c/20260424T232118854215Z-c2-lite-glyph-layout-reflow-c50-reflow-ablate-midtime-only-1536x864-s10000/element-alpha-mask.png",
    "target_mid": "/Users/dennisonbertram/Develop/flipbook-research/outputs/track-c/20260424T232118854215Z-c2-lite-glyph-layout-reflow-c50-reflow-ablate-midtime-only-1536x864-s10000/target-mid.png",
    "text_boxes": "/Users/dennisonbertram/Develop/flipbook-research/outputs/track-c/20260424T232118854215Z-c2-lite-glyph-layout-reflow-c50-reflow-ablate-midtime-only-1536x864-s10000/text-boxes.json",
    "output": "/Users/dennisonbertram/Develop/flipbook-research/outputs/track-c/20260424T232118854215Z-c2-lite-glyph-layout-reflow-c50-reflow-ablate-midtime-only-1536x864-s10000/output.mp4",
    "metrics": "/Users/dennisonbertram/Develop/flipbook-research/outputs/track-c/20260424T232118854215Z-c2-lite-glyph-layout-reflow-c50-reflow-ablate-midtime-only-1536x864-s10000/metrics.json",
    "quality": "/Users/dennisonbertram/Develop/flipbook-research/outputs/track-c/20260424T232118854215Z-c2-lite-glyph-layout-reflow-c50-reflow-ablate-midtime-only-1536x864-s10000/quality.json"
  },
  "ocr_similarity": 0.4767441860465116,
  "layout_similarity": 0.999478578549172,
  "motion_delta": 0.050844039767980576,
  "loop_error": 0.0012423216830939054,
  "status": "near_miss"
}
DONE 20260424T232118854215Z-c2-lite-glyph-layout-reflow-c50-reflow-ablate-midtime-only-1536x864-s10000 quality=0.4767 motion=0.0508
Stopping app - local entrypoint completed.
✓ App completed. View run at 
https://modal.com/apps/dennisonbertram/main/ap-AiE8mvaILquHtq1PWweqnz
