✓ Initialized. View run at 
https://modal.com/apps/dennisonbertram/main/ap-V4mwgszENLbsnKDY1nYhpl
✓ Created objects.
├── 🔨 Created mount 
│   /Users/dennisonbertram/Develop/flipbook-research/scripts/track_c/modal_canva
│   s_c2_lite.py
└── 🔨 Created function train_and_render_motion.
START 20260424T232749555388Z-c2-lite-glyph-layout-reflow-c51-reflow-target-mid60-c32h160-s16000-1536x864-s16000 config={"batch_size": 131072, "channels": 32, "edge_loss_weight": 0.9, "edge_sample_ratio": 0.09, "element_anchor_mode": "line", "element_anchor_padding": 3, "element_mask_mode": "rectangle", "element_render_mode": "sequential", "element_scale_ratio": 0.25, "experiment_label": "c51-reflow-target-mid60-c32h160-s16000", "flow_scale": 0.1, "fps": 24, "frames": 33, "freq_bands": 10, "grad_clip": 0.5, "hidden": 160, "layout_mid_time_ratio": 0.6, "layout_mid_time_width": 0.28, "layout_supersample": 1.0, "layout_target_sampling": 1, "layout_target_weighting": 1, "layout_transform_pan": 0.0, "layout_transform_strength": 0.0, "lr": 0.01, "lr_schedule": "constant", "min_lr_ratio": 0.1, "min_motion_delta": 0.045, "min_ocr_similarity": 0.56, "motion_mode": "layout-reflow", "motion_strength": 1.0, "seed": 0, "source_resolution": [1280, 736], "steps": 16000, "text_box_loss_weight": 0.0, "text_box_min_conf": 55.0, "text_box_padding": 0, "text_box_sample_ratio": 0.0, "text_boxes": "0 boxes", "time_bands": 4, "train_resolution": "1536x864", "video_layout_mode": "none", "video_viewport_mode": "static", "viewport_pan": 0.0, "viewport_zoom": 0.0}
{
  "canvas_type": "time-conditioned-latent-feature-grid-learned-flow-mlp-glyph-weighted",
  "train_resolution": "1536x864",
  "steps": 16000,
  "batch_size": 131072,
  "channels": 32,
  "hidden": 160,
  "freq_bands": 10,
  "time_bands": 4,
  "lr": 0.01,
  "lr_schedule": "constant",
  "min_lr_ratio": 0.1,
  "grad_clip": 0.5,
  "seed": 0,
  "experiment_label": "c51-reflow-target-mid60-c32h160-s16000",
  "flow_scale": 0.1,
  "motion_mode": "layout-reflow",
  "motion_strength": 1.0,
  "video_viewport_mode": "static",
  "viewport_zoom": 0.0,
  "viewport_pan": 0.0,
  "video_layout_mode": "none",
  "layout_transform_strength": 0.0,
  "layout_transform_pan": 0.0,
  "layout_supersample": 1.0,
  "layout_region_count": 0,
  "element_scale_ratio": 0.25,
  "element_anchor_padding": 3,
  "element_mask_mode": "rectangle",
  "element_anchor_mode": "line",
  "element_render_mode": "sequential",
  "element_line_count": 0,
  "min_ocr_similarity": 0.56,
  "min_motion_delta": 0.045,
  "edge_sample_ratio": 0.09,
  "edge_loss_weight": 0.9,
  "text_box_sample_ratio": 0.0,
  "text_box_loss_weight": 0.0,
  "text_box_padding": 0,
  "layout_target_sampling": 1,
  "layout_target_weighting": 1,
  "layout_mid_time_ratio": 0.6,
  "layout_mid_time_width": 0.28,
  "text_box_count": 0,
  "text_mask_coverage": 0.0,
  "element_alpha_coverage": 0.0,
  "compile_ms": 295653.05485799996,
  "final_mse": 0.001851199776865542,
  "losses": [
    {
      "step": 0,
      "mse": 0.22301536798477173
    },
    {
      "step": 800,
      "mse": 0.007204941473901272
    },
    {
      "step": 1600,
      "mse": 0.004687679931521416
    },
    {
      "step": 2400,
      "mse": 0.0036706803366541862
    },
    {
      "step": 3200,
      "mse": 0.0032398230396211147
    },
    {
      "step": 4000,
      "mse": 0.003038410097360611
    },
    {
      "step": 4800,
      "mse": 0.0028059061150997877
    },
    {
      "step": 5600,
      "mse": 0.002615992445498705
    },
    {
      "step": 6400,
      "mse": 0.0025497060269117355
    },
    {
      "step": 7200,
      "mse": 0.002317337319254875
    },
    {
      "step": 8000,
      "mse": 0.0022725150920450687
    },
    {
      "step": 8800,
      "mse": 0.0022932332940399647
    },
    {
      "step": 9600,
      "mse": 0.0021507390774786472
    },
    {
      "step": 10400,
      "mse": 0.0020849951542913914
    },
    {
      "step": 11200,
      "mse": 0.0020381067879498005
    },
    {
      "step": 12000,
      "mse": 0.002050377894192934
    },
    {
      "step": 12800,
      "mse": 0.0020507180597633123
    },
    {
      "step": 13600,
      "mse": 0.00191688840277493
    },
    {
      "step": 14400,
      "mse": 0.0019173289183527231
    },
    {
      "step": 15200,
      "mse": 0.0019381646998226643
    },
    {
      "step": 15999,
      "mse": 0.001851199776865542
    }
  ],
  "render_times": {
    "render-960.png": 14.066552000031152,
    "render-mid.png": 13.979129999995621,
    "render-last.png": 13.969022999958725,
    "render-512.png": 3.8535910000518925,
    "crop-2x.png": 13.768019999986336
  },
  "render_960_ms": 14.066552000031152,
  "render_33_wall_ms": 451.9275549999975,
  "encode_ms": 239.39568000002964,
  "resize_consistency": 0.9993978462967218,
  "temporal_consistency": 0.9988670906750485,
  "motion_delta_model": 0.06908980756998062,
  "loop_error_model": 0.00113290932495147,
  "description": "C4.7 neural canvas: learned full page layout reflow from x,y,t",
  "run_id": "20260424T232749555388Z-c2-lite-glyph-layout-reflow-c51-reflow-target-mid60-c32h160-s16000-1536x864-s16000",
  "commit": "3409801",
  "track": "C",
  "width": 960,
  "height": 544,
  "frames": 33,
  "fps": 24,
  "artifacts": {
    "input": "/Users/dennisonbertram/Develop/flipbook-research/outputs/track-c/20260424T232749555388Z-c2-lite-glyph-layout-reflow-c51-reflow-target-mid60-c32h160-s16000-1536x864-s16000/input.png",
    "render_960": "/Users/dennisonbertram/Develop/flipbook-research/outputs/track-c/20260424T232749555388Z-c2-lite-glyph-layout-reflow-c51-reflow-target-mid60-c32h160-s16000-1536x864-s16000/render-960.png",
    "render_mid": "/Users/dennisonbertram/Develop/flipbook-research/outputs/track-c/20260424T232749555388Z-c2-lite-glyph-layout-reflow-c51-reflow-target-mid60-c32h160-s16000-1536x864-s16000/render-mid.png",
    "render_last": "/Users/dennisonbertram/Develop/flipbook-research/outputs/track-c/20260424T232749555388Z-c2-lite-glyph-layout-reflow-c51-reflow-target-mid60-c32h160-s16000-1536x864-s16000/render-last.png",
    "render_512": "/Users/dennisonbertram/Develop/flipbook-research/outputs/track-c/20260424T232749555388Z-c2-lite-glyph-layout-reflow-c51-reflow-target-mid60-c32h160-s16000-1536x864-s16000/render-512.png",
    "crop_2x": "/Users/dennisonbertram/Develop/flipbook-research/outputs/track-c/20260424T232749555388Z-c2-lite-glyph-layout-reflow-c51-reflow-target-mid60-c32h160-s16000-1536x864-s16000/crop-2x.png",
    "text_mask": "/Users/dennisonbertram/Develop/flipbook-research/outputs/track-c/20260424T232749555388Z-c2-lite-glyph-layout-reflow-c51-reflow-target-mid60-c32h160-s16000-1536x864-s16000/text-mask.png",
    "element_alpha_mask": "/Users/dennisonbertram/Develop/flipbook-research/outputs/track-c/20260424T232749555388Z-c2-lite-glyph-layout-reflow-c51-reflow-target-mid60-c32h160-s16000-1536x864-s16000/element-alpha-mask.png",
    "target_mid": "/Users/dennisonbertram/Develop/flipbook-research/outputs/track-c/20260424T232749555388Z-c2-lite-glyph-layout-reflow-c51-reflow-target-mid60-c32h160-s16000-1536x864-s16000/target-mid.png",
    "text_boxes": "/Users/dennisonbertram/Develop/flipbook-research/outputs/track-c/20260424T232749555388Z-c2-lite-glyph-layout-reflow-c51-reflow-target-mid60-c32h160-s16000-1536x864-s16000/text-boxes.json",
    "output": "/Users/dennisonbertram/Develop/flipbook-research/outputs/track-c/20260424T232749555388Z-c2-lite-glyph-layout-reflow-c51-reflow-target-mid60-c32h160-s16000-1536x864-s16000/output.mp4",
    "metrics": "/Users/dennisonbertram/Develop/flipbook-research/outputs/track-c/20260424T232749555388Z-c2-lite-glyph-layout-reflow-c51-reflow-target-mid60-c32h160-s16000-1536x864-s16000/metrics.json",
    "quality": "/Users/dennisonbertram/Develop/flipbook-research/outputs/track-c/20260424T232749555388Z-c2-lite-glyph-layout-reflow-c51-reflow-target-mid60-c32h160-s16000-1536x864-s16000/quality.json"
  },
  "ocr_similarity": 0.4844720496894409,
  "layout_similarity": 0.9993978462967218,
  "motion_delta": 0.05286288261413574,
  "loop_error": 0.0007740635192021728,
  "status": "near_miss"
}
DONE 20260424T232749555388Z-c2-lite-glyph-layout-reflow-c51-reflow-target-mid60-c32h160-s16000-1536x864-s16000 quality=0.4845 motion=0.0529
Stopping app - local entrypoint completed.
✓ App completed. View run at 
https://modal.com/apps/dennisonbertram/main/ap-V4mwgszENLbsnKDY1nYhpl
