✓ Initialized. View run at 
https://modal.com/apps/dennisonbertram/main/ap-FO6TV6nhRG7vmM426SUM6n
✓ Created objects.
├── 🔨 Created mount 
│   /Users/dennisonbertram/Develop/flipbook-research/scripts/track_c/modal_canva
│   s_c2_lite.py
└── 🔨 Created function train_and_render_motion.
START 20260424T232749554023Z-c2-lite-glyph-layout-reflow-c51-reflow-weightonly-b196-c32h160-s10000-1536x864-s10000 config={"batch_size": 196608, "channels": 32, "edge_loss_weight": 0.9, "edge_sample_ratio": 0.09, "element_anchor_mode": "line", "element_anchor_padding": 3, "element_mask_mode": "rectangle", "element_render_mode": "sequential", "element_scale_ratio": 0.25, "experiment_label": "c51-reflow-weightonly-b196-c32h160-s10000", "flow_scale": 0.1, "fps": 24, "frames": 33, "freq_bands": 10, "grad_clip": 0.5, "hidden": 160, "layout_mid_time_ratio": 0.6, "layout_mid_time_width": 0.28, "layout_supersample": 1.0, "layout_target_sampling": 0, "layout_target_weighting": 1, "layout_transform_pan": 0.0, "layout_transform_strength": 0.0, "lr": 0.01, "lr_schedule": "constant", "min_lr_ratio": 0.1, "min_motion_delta": 0.045, "min_ocr_similarity": 0.52, "motion_mode": "layout-reflow", "motion_strength": 1.0, "seed": 0, "source_resolution": [1280, 736], "steps": 10000, "text_box_loss_weight": 0.0, "text_box_min_conf": 55.0, "text_box_padding": 0, "text_box_sample_ratio": 0.0, "text_boxes": "0 boxes", "time_bands": 4, "train_resolution": "1536x864", "video_layout_mode": "none", "video_viewport_mode": "static", "viewport_pan": 0.0, "viewport_zoom": 0.0}
{
  "canvas_type": "time-conditioned-latent-feature-grid-learned-flow-mlp-glyph-weighted",
  "train_resolution": "1536x864",
  "steps": 10000,
  "batch_size": 196608,
  "channels": 32,
  "hidden": 160,
  "freq_bands": 10,
  "time_bands": 4,
  "lr": 0.01,
  "lr_schedule": "constant",
  "min_lr_ratio": 0.1,
  "grad_clip": 0.5,
  "seed": 0,
  "experiment_label": "c51-reflow-weightonly-b196-c32h160-s10000",
  "flow_scale": 0.1,
  "motion_mode": "layout-reflow",
  "motion_strength": 1.0,
  "video_viewport_mode": "static",
  "viewport_zoom": 0.0,
  "viewport_pan": 0.0,
  "video_layout_mode": "none",
  "layout_transform_strength": 0.0,
  "layout_transform_pan": 0.0,
  "layout_supersample": 1.0,
  "layout_region_count": 0,
  "element_scale_ratio": 0.25,
  "element_anchor_padding": 3,
  "element_mask_mode": "rectangle",
  "element_anchor_mode": "line",
  "element_render_mode": "sequential",
  "element_line_count": 0,
  "min_ocr_similarity": 0.52,
  "min_motion_delta": 0.045,
  "edge_sample_ratio": 0.09,
  "edge_loss_weight": 0.9,
  "text_box_sample_ratio": 0.0,
  "text_box_loss_weight": 0.0,
  "text_box_padding": 0,
  "layout_target_sampling": 0,
  "layout_target_weighting": 1,
  "layout_mid_time_ratio": 0.6,
  "layout_mid_time_width": 0.28,
  "text_box_count": 0,
  "text_mask_coverage": 0.0,
  "element_alpha_coverage": 0.0,
  "compile_ms": 239159.130035,
  "final_mse": 0.0014437580248340964,
  "losses": [
    {
      "step": 0,
      "mse": 0.2256714403629303
    },
    {
      "step": 500,
      "mse": 0.007964123040437698
    },
    {
      "step": 1000,
      "mse": 0.004781982861459255
    },
    {
      "step": 1500,
      "mse": 0.003883298020809889
    },
    {
      "step": 2000,
      "mse": 0.0032516513019800186
    },
    {
      "step": 2500,
      "mse": 0.0030153177212923765
    },
    {
      "step": 3000,
      "mse": 0.0024711419828236103
    },
    {
      "step": 3500,
      "mse": 0.002301911823451519
    },
    {
      "step": 4000,
      "mse": 0.002089257352054119
    },
    {
      "step": 4500,
      "mse": 0.001997727667912841
    },
    {
      "step": 5000,
      "mse": 0.0018802968552336097
    },
    {
      "step": 5500,
      "mse": 0.001769439084455371
    },
    {
      "step": 6000,
      "mse": 0.001746162073686719
    },
    {
      "step": 6500,
      "mse": 0.001655813306570053
    },
    {
      "step": 7000,
      "mse": 0.0016448803944513202
    },
    {
      "step": 7500,
      "mse": 0.0015516693238168955
    },
    {
      "step": 8000,
      "mse": 0.0014984707813709974
    },
    {
      "step": 8500,
      "mse": 0.001492903451435268
    },
    {
      "step": 9000,
      "mse": 0.0015065637417137623
    },
    {
      "step": 9500,
      "mse": 0.001408947049640119
    },
    {
      "step": 9999,
      "mse": 0.0014437580248340964
    }
  ],
  "render_times": {
    "render-960.png": 14.136277999995173,
    "render-mid.png": 14.367244999988316,
    "render-last.png": 14.463935999998512,
    "render-512.png": 4.311035000000629,
    "crop-2x.png": 14.100590999987617
  },
  "render_960_ms": 14.136277999995173,
  "render_33_wall_ms": 453.33830600000624,
  "encode_ms": 292.32879100001696,
  "resize_consistency": 0.9994725341679545,
  "temporal_consistency": 0.9988518697209656,
  "motion_delta_model": 0.06293562054634094,
  "loop_error_model": 0.0011481302790343761,
  "description": "C4.7 neural canvas: learned full page layout reflow from x,y,t",
  "run_id": "20260424T232749554023Z-c2-lite-glyph-layout-reflow-c51-reflow-weightonly-b196-c32h160-s10000-1536x864-s10000",
  "commit": "3409801",
  "track": "C",
  "width": 960,
  "height": 544,
  "frames": 33,
  "fps": 24,
  "artifacts": {
    "input": "/Users/dennisonbertram/Develop/flipbook-research/outputs/track-c/20260424T232749554023Z-c2-lite-glyph-layout-reflow-c51-reflow-weightonly-b196-c32h160-s10000-1536x864-s10000/input.png",
    "render_960": "/Users/dennisonbertram/Develop/flipbook-research/outputs/track-c/20260424T232749554023Z-c2-lite-glyph-layout-reflow-c51-reflow-weightonly-b196-c32h160-s10000-1536x864-s10000/render-960.png",
    "render_mid": "/Users/dennisonbertram/Develop/flipbook-research/outputs/track-c/20260424T232749554023Z-c2-lite-glyph-layout-reflow-c51-reflow-weightonly-b196-c32h160-s10000-1536x864-s10000/render-mid.png",
    "render_last": "/Users/dennisonbertram/Develop/flipbook-research/outputs/track-c/20260424T232749554023Z-c2-lite-glyph-layout-reflow-c51-reflow-weightonly-b196-c32h160-s10000-1536x864-s10000/render-last.png",
    "render_512": "/Users/dennisonbertram/Develop/flipbook-research/outputs/track-c/20260424T232749554023Z-c2-lite-glyph-layout-reflow-c51-reflow-weightonly-b196-c32h160-s10000-1536x864-s10000/render-512.png",
    "crop_2x": "/Users/dennisonbertram/Develop/flipbook-research/outputs/track-c/20260424T232749554023Z-c2-lite-glyph-layout-reflow-c51-reflow-weightonly-b196-c32h160-s10000-1536x864-s10000/crop-2x.png",
    "text_mask": "/Users/dennisonbertram/Develop/flipbook-research/outputs/track-c/20260424T232749554023Z-c2-lite-glyph-layout-reflow-c51-reflow-weightonly-b196-c32h160-s10000-1536x864-s10000/text-mask.png",
    "element_alpha_mask": "/Users/dennisonbertram/Develop/flipbook-research/outputs/track-c/20260424T232749554023Z-c2-lite-glyph-layout-reflow-c51-reflow-weightonly-b196-c32h160-s10000-1536x864-s10000/element-alpha-mask.png",
    "target_mid": "/Users/dennisonbertram/Develop/flipbook-research/outputs/track-c/20260424T232749554023Z-c2-lite-glyph-layout-reflow-c51-reflow-weightonly-b196-c32h160-s10000-1536x864-s10000/target-mid.png",
    "text_boxes": "/Users/dennisonbertram/Develop/flipbook-research/outputs/track-c/20260424T232749554023Z-c2-lite-glyph-layout-reflow-c51-reflow-weightonly-b196-c32h160-s10000-1536x864-s10000/text-boxes.json",
    "output": "/Users/dennisonbertram/Develop/flipbook-research/outputs/track-c/20260424T232749554023Z-c2-lite-glyph-layout-reflow-c51-reflow-weightonly-b196-c32h160-s10000-1536x864-s10000/output.mp4",
    "metrics": "/Users/dennisonbertram/Develop/flipbook-research/outputs/track-c/20260424T232749554023Z-c2-lite-glyph-layout-reflow-c51-reflow-weightonly-b196-c32h160-s10000-1536x864-s10000/metrics.json",
    "quality": "/Users/dennisonbertram/Develop/flipbook-research/outputs/track-c/20260424T232749554023Z-c2-lite-glyph-layout-reflow-c51-reflow-weightonly-b196-c32h160-s10000-1536x864-s10000/quality.json"
  },
  "ocr_similarity": 0.5022831050228309,
  "layout_similarity": 0.9994725341679545,
  "motion_delta": 0.04832611232995987,
  "loop_error": 0.0007808717200532556,
  "status": "near_miss"
}
DONE 20260424T232749554023Z-c2-lite-glyph-layout-reflow-c51-reflow-weightonly-b196-c32h160-s10000-1536x864-s10000 quality=0.5023 motion=0.0483
Stopping app - local entrypoint completed.
✓ App completed. View run at 
https://modal.com/apps/dennisonbertram/main/ap-FO6TV6nhRG7vmM426SUM6n
