✓ Initialized. View run at 
https://modal.com/apps/dennisonbertram/main/ap-kWcofsbfbHnovYq9rOUHXQ
✓ Created objects.
├── 🔨 Created mount 
│   /Users/dennisonbertram/Develop/flipbook-research/scripts/track_c/modal_canva
│   s_c2_lite.py
└── 🔨 Created function train_and_render_motion.
START 20260424T232749543580Z-c2-lite-glyph-layout-reflow-c51-reflow-target-b196-c32h160-s14000-1536x864-s14000 config={"batch_size": 196608, "channels": 32, "edge_loss_weight": 0.9, "edge_sample_ratio": 0.09, "element_anchor_mode": "line", "element_anchor_padding": 3, "element_mask_mode": "rectangle", "element_render_mode": "sequential", "element_scale_ratio": 0.25, "experiment_label": "c51-reflow-target-b196-c32h160-s14000", "flow_scale": 0.1, "fps": 24, "frames": 33, "freq_bands": 10, "grad_clip": 0.5, "hidden": 160, "layout_mid_time_ratio": 0.6, "layout_mid_time_width": 0.28, "layout_supersample": 1.0, "layout_target_sampling": 1, "layout_target_weighting": 1, "layout_transform_pan": 0.0, "layout_transform_strength": 0.0, "lr": 0.01, "lr_schedule": "constant", "min_lr_ratio": 0.1, "min_motion_delta": 0.045, "min_ocr_similarity": 0.56, "motion_mode": "layout-reflow", "motion_strength": 1.0, "seed": 0, "source_resolution": [1280, 736], "steps": 14000, "text_box_loss_weight": 0.0, "text_box_min_conf": 55.0, "text_box_padding": 0, "text_box_sample_ratio": 0.0, "text_boxes": "0 boxes", "time_bands": 4, "train_resolution": "1536x864", "video_layout_mode": "none", "video_viewport_mode": "static", "viewport_pan": 0.0, "viewport_zoom": 0.0}
{
  "canvas_type": "time-conditioned-latent-feature-grid-learned-flow-mlp-glyph-weighted",
  "train_resolution": "1536x864",
  "steps": 14000,
  "batch_size": 196608,
  "channels": 32,
  "hidden": 160,
  "freq_bands": 10,
  "time_bands": 4,
  "lr": 0.01,
  "lr_schedule": "constant",
  "min_lr_ratio": 0.1,
  "grad_clip": 0.5,
  "seed": 0,
  "experiment_label": "c51-reflow-target-b196-c32h160-s14000",
  "flow_scale": 0.1,
  "motion_mode": "layout-reflow",
  "motion_strength": 1.0,
  "video_viewport_mode": "static",
  "viewport_zoom": 0.0,
  "viewport_pan": 0.0,
  "video_layout_mode": "none",
  "layout_transform_strength": 0.0,
  "layout_transform_pan": 0.0,
  "layout_supersample": 1.0,
  "layout_region_count": 0,
  "element_scale_ratio": 0.25,
  "element_anchor_padding": 3,
  "element_mask_mode": "rectangle",
  "element_anchor_mode": "line",
  "element_render_mode": "sequential",
  "element_line_count": 0,
  "min_ocr_similarity": 0.56,
  "min_motion_delta": 0.045,
  "edge_sample_ratio": 0.09,
  "edge_loss_weight": 0.9,
  "text_box_sample_ratio": 0.0,
  "text_box_loss_weight": 0.0,
  "text_box_padding": 0,
  "layout_target_sampling": 1,
  "layout_target_weighting": 1,
  "layout_mid_time_ratio": 0.6,
  "layout_mid_time_width": 0.28,
  "text_box_count": 0,
  "text_mask_coverage": 0.0,
  "element_alpha_coverage": 0.0,
  "compile_ms": 340855.575488,
  "final_mse": 0.0017797148320823908,
  "losses": [
    {
      "step": 0,
      "mse": 0.22300657629966736
    },
    {
      "step": 700,
      "mse": 0.00717277592048049
    },
    {
      "step": 1400,
      "mse": 0.005774287506937981
    },
    {
      "step": 2100,
      "mse": 0.003827013075351715
    },
    {
      "step": 2800,
      "mse": 0.0031866859644651413
    },
    {
      "step": 3500,
      "mse": 0.002954802941530943
    },
    {
      "step": 4200,
      "mse": 0.0026506378781050444
    },
    {
      "step": 4900,
      "mse": 0.002504624193534255
    },
    {
      "step": 5600,
      "mse": 0.002445535734295845
    },
    {
      "step": 6300,
      "mse": 0.0022910842671990395
    },
    {
      "step": 7000,
      "mse": 0.002209677128121257
    },
    {
      "step": 7700,
      "mse": 0.002110772766172886
    },
    {
      "step": 8400,
      "mse": 0.0020766935776919127
    },
    {
      "step": 9100,
      "mse": 0.001998724415898323
    },
    {
      "step": 9800,
      "mse": 0.001975167542695999
    },
    {
      "step": 10500,
      "mse": 0.0019707547035068274
    },
    {
      "step": 11200,
      "mse": 0.0018379114335402846
    },
    {
      "step": 11900,
      "mse": 0.0018334342166781425
    },
    {
      "step": 12600,
      "mse": 0.0018145114881917834
    },
    {
      "step": 13300,
      "mse": 0.0018027774058282375
    },
    {
      "step": 13999,
      "mse": 0.0017797148320823908
    }
  ],
  "render_times": {
    "render-960.png": 14.214630000026318,
    "render-mid.png": 14.204473999996026,
    "render-last.png": 14.26766399998769,
    "render-512.png": 4.198168000016267,
    "crop-2x.png": 14.04979500000536
  },
  "render_960_ms": 14.214630000026318,
  "render_33_wall_ms": 453.48493899996356,
  "encode_ms": 335.1757149999912,
  "resize_consistency": 0.9994880211642044,
  "temporal_consistency": 0.9989588583121076,
  "motion_delta_model": 0.06845827400684357,
  "loop_error_model": 0.0010411416878923774,
  "description": "C4.7 neural canvas: learned full page layout reflow from x,y,t",
  "run_id": "20260424T232749543580Z-c2-lite-glyph-layout-reflow-c51-reflow-target-b196-c32h160-s14000-1536x864-s14000",
  "commit": "3409801",
  "track": "C",
  "width": 960,
  "height": 544,
  "frames": 33,
  "fps": 24,
  "artifacts": {
    "input": "/Users/dennisonbertram/Develop/flipbook-research/outputs/track-c/20260424T232749543580Z-c2-lite-glyph-layout-reflow-c51-reflow-target-b196-c32h160-s14000-1536x864-s14000/input.png",
    "render_960": "/Users/dennisonbertram/Develop/flipbook-research/outputs/track-c/20260424T232749543580Z-c2-lite-glyph-layout-reflow-c51-reflow-target-b196-c32h160-s14000-1536x864-s14000/render-960.png",
    "render_mid": "/Users/dennisonbertram/Develop/flipbook-research/outputs/track-c/20260424T232749543580Z-c2-lite-glyph-layout-reflow-c51-reflow-target-b196-c32h160-s14000-1536x864-s14000/render-mid.png",
    "render_last": "/Users/dennisonbertram/Develop/flipbook-research/outputs/track-c/20260424T232749543580Z-c2-lite-glyph-layout-reflow-c51-reflow-target-b196-c32h160-s14000-1536x864-s14000/render-last.png",
    "render_512": "/Users/dennisonbertram/Develop/flipbook-research/outputs/track-c/20260424T232749543580Z-c2-lite-glyph-layout-reflow-c51-reflow-target-b196-c32h160-s14000-1536x864-s14000/render-512.png",
    "crop_2x": "/Users/dennisonbertram/Develop/flipbook-research/outputs/track-c/20260424T232749543580Z-c2-lite-glyph-layout-reflow-c51-reflow-target-b196-c32h160-s14000-1536x864-s14000/crop-2x.png",
    "text_mask": "/Users/dennisonbertram/Develop/flipbook-research/outputs/track-c/20260424T232749543580Z-c2-lite-glyph-layout-reflow-c51-reflow-target-b196-c32h160-s14000-1536x864-s14000/text-mask.png",
    "element_alpha_mask": "/Users/dennisonbertram/Develop/flipbook-research/outputs/track-c/20260424T232749543580Z-c2-lite-glyph-layout-reflow-c51-reflow-target-b196-c32h160-s14000-1536x864-s14000/element-alpha-mask.png",
    "target_mid": "/Users/dennisonbertram/Develop/flipbook-research/outputs/track-c/20260424T232749543580Z-c2-lite-glyph-layout-reflow-c51-reflow-target-b196-c32h160-s14000-1536x864-s14000/target-mid.png",
    "text_boxes": "/Users/dennisonbertram/Develop/flipbook-research/outputs/track-c/20260424T232749543580Z-c2-lite-glyph-layout-reflow-c51-reflow-target-b196-c32h160-s14000-1536x864-s14000/text-boxes.json",
    "output": "/Users/dennisonbertram/Develop/flipbook-research/outputs/track-c/20260424T232749543580Z-c2-lite-glyph-layout-reflow-c51-reflow-target-b196-c32h160-s14000-1536x864-s14000/output.mp4",
    "metrics": "/Users/dennisonbertram/Develop/flipbook-research/outputs/track-c/20260424T232749543580Z-c2-lite-glyph-layout-reflow-c51-reflow-target-b196-c32h160-s14000-1536x864-s14000/metrics.json",
    "quality": "/Users/dennisonbertram/Develop/flipbook-research/outputs/track-c/20260424T232749543580Z-c2-lite-glyph-layout-reflow-c51-reflow-target-b196-c32h160-s14000-1536x864-s14000/quality.json"
  },
  "ocr_similarity": 0.5238095238095238,
  "layout_similarity": 0.9994880211642044,
  "motion_delta": 0.05172930285334587,
  "loop_error": 0.0007267837645485997,
  "status": "near_miss"
}
DONE 20260424T232749543580Z-c2-lite-glyph-layout-reflow-c51-reflow-target-b196-c32h160-s14000-1536x864-s14000 quality=0.5238 motion=0.0517
Stopping app - local entrypoint completed.
✓ App completed. View run at 
https://modal.com/apps/dennisonbertram/main/ap-kWcofsbfbHnovYq9rOUHXQ
