✓ Initialized. View run at 
https://modal.com/apps/dennisonbertram/main/ap-36qWVwyDQ12qAXdsxTW72H
✓ Created objects.
├── 🔨 Created mount 
│   /Users/dennisonbertram/Develop/flipbook-research/scripts/track_c/modal_canva
│   s_c2_lite.py
└── 🔨 Created function train_and_render_motion.
START 20260424T232749627804Z-c2-lite-glyph-layout-reflow-c51-reflow-weightonly-c32h160-s14000-1536x864-s14000 config={"batch_size": 131072, "channels": 32, "edge_loss_weight": 0.9, "edge_sample_ratio": 0.09, "element_anchor_mode": "line", "element_anchor_padding": 3, "element_mask_mode": "rectangle", "element_render_mode": "sequential", "element_scale_ratio": 0.25, "experiment_label": "c51-reflow-weightonly-c32h160-s14000", "flow_scale": 0.1, "fps": 24, "frames": 33, "freq_bands": 10, "grad_clip": 0.5, "hidden": 160, "layout_mid_time_ratio": 0.6, "layout_mid_time_width": 0.28, "layout_supersample": 1.0, "layout_target_sampling": 0, "layout_target_weighting": 1, "layout_transform_pan": 0.0, "layout_transform_strength": 0.0, "lr": 0.01, "lr_schedule": "constant", "min_lr_ratio": 0.1, "min_motion_delta": 0.045, "min_ocr_similarity": 0.52, "motion_mode": "layout-reflow", "motion_strength": 1.0, "seed": 0, "source_resolution": [1280, 736], "steps": 14000, "text_box_loss_weight": 0.0, "text_box_min_conf": 55.0, "text_box_padding": 0, "text_box_sample_ratio": 0.0, "text_boxes": "0 boxes", "time_bands": 4, "train_resolution": "1536x864", "video_layout_mode": "none", "video_viewport_mode": "static", "viewport_pan": 0.0, "viewport_zoom": 0.0}
{
  "canvas_type": "time-conditioned-latent-feature-grid-learned-flow-mlp-glyph-weighted",
  "train_resolution": "1536x864",
  "steps": 14000,
  "batch_size": 131072,
  "channels": 32,
  "hidden": 160,
  "freq_bands": 10,
  "time_bands": 4,
  "lr": 0.01,
  "lr_schedule": "constant",
  "min_lr_ratio": 0.1,
  "grad_clip": 0.5,
  "seed": 0,
  "experiment_label": "c51-reflow-weightonly-c32h160-s14000",
  "flow_scale": 0.1,
  "motion_mode": "layout-reflow",
  "motion_strength": 1.0,
  "video_viewport_mode": "static",
  "viewport_zoom": 0.0,
  "viewport_pan": 0.0,
  "video_layout_mode": "none",
  "layout_transform_strength": 0.0,
  "layout_transform_pan": 0.0,
  "layout_supersample": 1.0,
  "layout_region_count": 0,
  "element_scale_ratio": 0.25,
  "element_anchor_padding": 3,
  "element_mask_mode": "rectangle",
  "element_anchor_mode": "line",
  "element_render_mode": "sequential",
  "element_line_count": 0,
  "min_ocr_similarity": 0.52,
  "min_motion_delta": 0.045,
  "edge_sample_ratio": 0.09,
  "edge_loss_weight": 0.9,
  "text_box_sample_ratio": 0.0,
  "text_box_loss_weight": 0.0,
  "text_box_padding": 0,
  "layout_target_sampling": 0,
  "layout_target_weighting": 1,
  "layout_mid_time_ratio": 0.6,
  "layout_mid_time_width": 0.28,
  "text_box_count": 0,
  "text_mask_coverage": 0.0,
  "element_alpha_coverage": 0.0,
  "compile_ms": 252134.713645,
  "final_mse": 0.0015207263641059399,
  "losses": [
    {
      "step": 0,
      "mse": 0.22565573453903198
    },
    {
      "step": 700,
      "mse": 0.0060927667655050755
    },
    {
      "step": 1400,
      "mse": 0.004226025193929672
    },
    {
      "step": 2100,
      "mse": 0.00327835395000875
    },
    {
      "step": 2800,
      "mse": 0.002778325229883194
    },
    {
      "step": 3500,
      "mse": 0.002547054085880518
    },
    {
      "step": 4200,
      "mse": 0.0023610182106494904
    },
    {
      "step": 4900,
      "mse": 0.002255493076518178
    },
    {
      "step": 5600,
      "mse": 0.0020461452659219503
    },
    {
      "step": 6300,
      "mse": 0.0019786213524639606
    },
    {
      "step": 7000,
      "mse": 0.0020394353196024895
    },
    {
      "step": 7700,
      "mse": 0.0018492790404707193
    },
    {
      "step": 8400,
      "mse": 0.0018088440410792828
    },
    {
      "step": 9100,
      "mse": 0.001686781644821167
    },
    {
      "step": 9800,
      "mse": 0.0016224783612415195
    },
    {
      "step": 10500,
      "mse": 0.001558710471726954
    },
    {
      "step": 11200,
      "mse": 0.001534398179501295
    },
    {
      "step": 11900,
      "mse": 0.0015363470884039998
    },
    {
      "step": 12600,
      "mse": 0.0016148833092302084
    },
    {
      "step": 13300,
      "mse": 0.0014658411964774132
    },
    {
      "step": 13999,
      "mse": 0.0015207263641059399
    }
  ],
  "render_times": {
    "render-960.png": 14.028714000005493,
    "render-mid.png": 13.930691000041406,
    "render-last.png": 13.937837999947078,
    "render-512.png": 3.848474000051283,
    "crop-2x.png": 13.742240999988553
  },
  "render_960_ms": 14.028714000005493,
  "render_33_wall_ms": 451.4715760000172,
  "encode_ms": 253.97543600001882,
  "resize_consistency": 0.9993759745444211,
  "temporal_consistency": 0.9984331092564389,
  "motion_delta_model": 0.05994617938995361,
  "loop_error_model": 0.001566890743561089,
  "description": "C4.7 neural canvas: learned full page layout reflow from x,y,t",
  "run_id": "20260424T232749627804Z-c2-lite-glyph-layout-reflow-c51-reflow-weightonly-c32h160-s14000-1536x864-s14000",
  "commit": "3409801",
  "track": "C",
  "width": 960,
  "height": 544,
  "frames": 33,
  "fps": 24,
  "artifacts": {
    "input": "/Users/dennisonbertram/Develop/flipbook-research/outputs/track-c/20260424T232749627804Z-c2-lite-glyph-layout-reflow-c51-reflow-weightonly-c32h160-s14000-1536x864-s14000/input.png",
    "render_960": "/Users/dennisonbertram/Develop/flipbook-research/outputs/track-c/20260424T232749627804Z-c2-lite-glyph-layout-reflow-c51-reflow-weightonly-c32h160-s14000-1536x864-s14000/render-960.png",
    "render_mid": "/Users/dennisonbertram/Develop/flipbook-research/outputs/track-c/20260424T232749627804Z-c2-lite-glyph-layout-reflow-c51-reflow-weightonly-c32h160-s14000-1536x864-s14000/render-mid.png",
    "render_last": "/Users/dennisonbertram/Develop/flipbook-research/outputs/track-c/20260424T232749627804Z-c2-lite-glyph-layout-reflow-c51-reflow-weightonly-c32h160-s14000-1536x864-s14000/render-last.png",
    "render_512": "/Users/dennisonbertram/Develop/flipbook-research/outputs/track-c/20260424T232749627804Z-c2-lite-glyph-layout-reflow-c51-reflow-weightonly-c32h160-s14000-1536x864-s14000/render-512.png",
    "crop_2x": "/Users/dennisonbertram/Develop/flipbook-research/outputs/track-c/20260424T232749627804Z-c2-lite-glyph-layout-reflow-c51-reflow-weightonly-c32h160-s14000-1536x864-s14000/crop-2x.png",
    "text_mask": "/Users/dennisonbertram/Develop/flipbook-research/outputs/track-c/20260424T232749627804Z-c2-lite-glyph-layout-reflow-c51-reflow-weightonly-c32h160-s14000-1536x864-s14000/text-mask.png",
    "element_alpha_mask": "/Users/dennisonbertram/Develop/flipbook-research/outputs/track-c/20260424T232749627804Z-c2-lite-glyph-layout-reflow-c51-reflow-weightonly-c32h160-s14000-1536x864-s14000/element-alpha-mask.png",
    "target_mid": "/Users/dennisonbertram/Develop/flipbook-research/outputs/track-c/20260424T232749627804Z-c2-lite-glyph-layout-reflow-c51-reflow-weightonly-c32h160-s14000-1536x864-s14000/target-mid.png",
    "text_boxes": "/Users/dennisonbertram/Develop/flipbook-research/outputs/track-c/20260424T232749627804Z-c2-lite-glyph-layout-reflow-c51-reflow-weightonly-c32h160-s14000-1536x864-s14000/text-boxes.json",
    "output": "/Users/dennisonbertram/Develop/flipbook-research/outputs/track-c/20260424T232749627804Z-c2-lite-glyph-layout-reflow-c51-reflow-weightonly-c32h160-s14000-1536x864-s14000/output.mp4",
    "metrics": "/Users/dennisonbertram/Develop/flipbook-research/outputs/track-c/20260424T232749627804Z-c2-lite-glyph-layout-reflow-c51-reflow-weightonly-c32h160-s14000-1536x864-s14000/metrics.json",
    "quality": "/Users/dennisonbertram/Develop/flipbook-research/outputs/track-c/20260424T232749627804Z-c2-lite-glyph-layout-reflow-c51-reflow-weightonly-c32h160-s14000-1536x864-s14000/quality.json"
  },
  "ocr_similarity": 0.5614035087719298,
  "layout_similarity": 0.9993759745444211,
  "motion_delta": 0.045923542231321335,
  "loop_error": 0.001085164025425911,
  "status": "pass"
}
DONE 20260424T232749627804Z-c2-lite-glyph-layout-reflow-c51-reflow-weightonly-c32h160-s14000-1536x864-s14000 quality=0.5614 motion=0.0459
Stopping app - local entrypoint completed.
✓ App completed. View run at 
https://modal.com/apps/dennisonbertram/main/ap-36qWVwyDQ12qAXdsxTW72H
