✓ Initialized. View run at 
https://modal.com/apps/dennisonbertram/main/ap-3pTwUvEUccil8FdVyO1hdr
✓ Created objects.
├── 🔨 Created mount 
│   /Users/dennisonbertram/Develop/flipbook-research/scripts/track_c/modal_canva
│   s_c2_lite.py
└── 🔨 Created function train_and_render_motion.
START 20260424T232749705771Z-c2-lite-glyph-layout-reflow-c51-reflow-target-b196-c32h160-s10000-seed1-1536x864-s10000 config={"batch_size": 196608, "channels": 32, "edge_loss_weight": 0.9, "edge_sample_ratio": 0.09, "element_anchor_mode": "line", "element_anchor_padding": 3, "element_mask_mode": "rectangle", "element_render_mode": "sequential", "element_scale_ratio": 0.25, "experiment_label": "c51-reflow-target-b196-c32h160-s10000-seed1", "flow_scale": 0.1, "fps": 24, "frames": 33, "freq_bands": 10, "grad_clip": 0.5, "hidden": 160, "layout_mid_time_ratio": 0.6, "layout_mid_time_width": 0.28, "layout_supersample": 1.0, "layout_target_sampling": 1, "layout_target_weighting": 1, "layout_transform_pan": 0.0, "layout_transform_strength": 0.0, "lr": 0.01, "lr_schedule": "constant", "min_lr_ratio": 0.1, "min_motion_delta": 0.045, "min_ocr_similarity": 0.54, "motion_mode": "layout-reflow", "motion_strength": 1.0, "seed": 1, "source_resolution": [1280, 736], "steps": 10000, "text_box_loss_weight": 0.0, "text_box_min_conf": 55.0, "text_box_padding": 0, "text_box_sample_ratio": 0.0, "text_boxes": "0 boxes", "time_bands": 4, "train_resolution": "1536x864", "video_layout_mode": "none", "video_viewport_mode": "static", "viewport_pan": 0.0, "viewport_zoom": 0.0}
{
  "canvas_type": "time-conditioned-latent-feature-grid-learned-flow-mlp-glyph-weighted",
  "train_resolution": "1536x864",
  "steps": 10000,
  "batch_size": 196608,
  "channels": 32,
  "hidden": 160,
  "freq_bands": 10,
  "time_bands": 4,
  "lr": 0.01,
  "lr_schedule": "constant",
  "min_lr_ratio": 0.1,
  "grad_clip": 0.5,
  "seed": 1,
  "experiment_label": "c51-reflow-target-b196-c32h160-s10000-seed1",
  "flow_scale": 0.1,
  "motion_mode": "layout-reflow",
  "motion_strength": 1.0,
  "video_viewport_mode": "static",
  "viewport_zoom": 0.0,
  "viewport_pan": 0.0,
  "video_layout_mode": "none",
  "layout_transform_strength": 0.0,
  "layout_transform_pan": 0.0,
  "layout_supersample": 1.0,
  "layout_region_count": 0,
  "element_scale_ratio": 0.25,
  "element_anchor_padding": 3,
  "element_mask_mode": "rectangle",
  "element_anchor_mode": "line",
  "element_render_mode": "sequential",
  "element_line_count": 0,
  "min_ocr_similarity": 0.54,
  "min_motion_delta": 0.045,
  "edge_sample_ratio": 0.09,
  "edge_loss_weight": 0.9,
  "text_box_sample_ratio": 0.0,
  "text_box_loss_weight": 0.0,
  "text_box_padding": 0,
  "layout_target_sampling": 1,
  "layout_target_weighting": 1,
  "layout_mid_time_ratio": 0.6,
  "layout_mid_time_width": 0.28,
  "text_box_count": 0,
  "text_mask_coverage": 0.0,
  "element_alpha_coverage": 0.0,
  "compile_ms": 242791.495601,
  "final_mse": 0.001731526805087924,
  "losses": [
    {
      "step": 0,
      "mse": 0.2288258969783783
    },
    {
      "step": 500,
      "mse": 0.00761188892647624
    },
    {
      "step": 1000,
      "mse": 0.004992515780031681
    },
    {
      "step": 1500,
      "mse": 0.00398681778460741
    },
    {
      "step": 2000,
      "mse": 0.0034939066972583532
    },
    {
      "step": 2500,
      "mse": 0.0030879094265401363
    },
    {
      "step": 3000,
      "mse": 0.0028490363620221615
    },
    {
      "step": 3500,
      "mse": 0.0026223864406347275
    },
    {
      "step": 4000,
      "mse": 0.0024624455254524946
    },
    {
      "step": 4500,
      "mse": 0.002402062527835369
    },
    {
      "step": 5000,
      "mse": 0.0022554155439138412
    },
    {
      "step": 5500,
      "mse": 0.0021110340021550655
    },
    {
      "step": 6000,
      "mse": 0.0019972859881818295
    },
    {
      "step": 6500,
      "mse": 0.002008160576224327
    },
    {
      "step": 7000,
      "mse": 0.001953702187165618
    },
    {
      "step": 7500,
      "mse": 0.001891440711915493
    },
    {
      "step": 8000,
      "mse": 0.001826403895393014
    },
    {
      "step": 8500,
      "mse": 0.0018396517261862755
    },
    {
      "step": 9000,
      "mse": 0.0017879968509078026
    },
    {
      "step": 9500,
      "mse": 0.0017205264884978533
    },
    {
      "step": 9999,
      "mse": 0.001731526805087924
    }
  ],
  "render_times": {
    "render-960.png": 14.08041900000967,
    "render-mid.png": 14.03133200000184,
    "render-last.png": 13.993588000005275,
    "render-512.png": 3.8762359999964247,
    "crop-2x.png": 13.837083999987954
  },
  "render_960_ms": 14.08041900000967,
  "render_33_wall_ms": 453.39869700001145,
  "encode_ms": 253.24180399999818,
  "resize_consistency": 0.999458893127324,
  "temporal_consistency": 0.9980042197275907,
  "motion_delta_model": 0.062111709266901016,
  "loop_error_model": 0.00199578027240932,
  "description": "C4.7 neural canvas: learned full page layout reflow from x,y,t",
  "run_id": "20260424T232749705771Z-c2-lite-glyph-layout-reflow-c51-reflow-target-b196-c32h160-s10000-seed1-1536x864-s10000",
  "commit": "3409801",
  "track": "C",
  "width": 960,
  "height": 544,
  "frames": 33,
  "fps": 24,
  "artifacts": {
    "input": "/Users/dennisonbertram/Develop/flipbook-research/outputs/track-c/20260424T232749705771Z-c2-lite-glyph-layout-reflow-c51-reflow-target-b196-c32h160-s10000-seed1-1536x864-s10000/input.png",
    "render_960": "/Users/dennisonbertram/Develop/flipbook-research/outputs/track-c/20260424T232749705771Z-c2-lite-glyph-layout-reflow-c51-reflow-target-b196-c32h160-s10000-seed1-1536x864-s10000/render-960.png",
    "render_mid": "/Users/dennisonbertram/Develop/flipbook-research/outputs/track-c/20260424T232749705771Z-c2-lite-glyph-layout-reflow-c51-reflow-target-b196-c32h160-s10000-seed1-1536x864-s10000/render-mid.png",
    "render_last": "/Users/dennisonbertram/Develop/flipbook-research/outputs/track-c/20260424T232749705771Z-c2-lite-glyph-layout-reflow-c51-reflow-target-b196-c32h160-s10000-seed1-1536x864-s10000/render-last.png",
    "render_512": "/Users/dennisonbertram/Develop/flipbook-research/outputs/track-c/20260424T232749705771Z-c2-lite-glyph-layout-reflow-c51-reflow-target-b196-c32h160-s10000-seed1-1536x864-s10000/render-512.png",
    "crop_2x": "/Users/dennisonbertram/Develop/flipbook-research/outputs/track-c/20260424T232749705771Z-c2-lite-glyph-layout-reflow-c51-reflow-target-b196-c32h160-s10000-seed1-1536x864-s10000/crop-2x.png",
    "text_mask": "/Users/dennisonbertram/Develop/flipbook-research/outputs/track-c/20260424T232749705771Z-c2-lite-glyph-layout-reflow-c51-reflow-target-b196-c32h160-s10000-seed1-1536x864-s10000/text-mask.png",
    "element_alpha_mask": "/Users/dennisonbertram/Develop/flipbook-research/outputs/track-c/20260424T232749705771Z-c2-lite-glyph-layout-reflow-c51-reflow-target-b196-c32h160-s10000-seed1-1536x864-s10000/element-alpha-mask.png",
    "target_mid": "/Users/dennisonbertram/Develop/flipbook-research/outputs/track-c/20260424T232749705771Z-c2-lite-glyph-layout-reflow-c51-reflow-target-b196-c32h160-s10000-seed1-1536x864-s10000/target-mid.png",
    "text_boxes": "/Users/dennisonbertram/Develop/flipbook-research/outputs/track-c/20260424T232749705771Z-c2-lite-glyph-layout-reflow-c51-reflow-target-b196-c32h160-s10000-seed1-1536x864-s10000/text-boxes.json",
    "output": "/Users/dennisonbertram/Develop/flipbook-research/outputs/track-c/20260424T232749705771Z-c2-lite-glyph-layout-reflow-c51-reflow-target-b196-c32h160-s10000-seed1-1536x864-s10000/output.mp4",
    "metrics": "/Users/dennisonbertram/Develop/flipbook-research/outputs/track-c/20260424T232749705771Z-c2-lite-glyph-layout-reflow-c51-reflow-target-b196-c32h160-s10000-seed1-1536x864-s10000/metrics.json",
    "quality": "/Users/dennisonbertram/Develop/flipbook-research/outputs/track-c/20260424T232749705771Z-c2-lite-glyph-layout-reflow-c51-reflow-target-b196-c32h160-s10000-seed1-1536x864-s10000/quality.json"
  },
  "ocr_similarity": 0.45000000000000007,
  "layout_similarity": 0.999458893127324,
  "motion_delta": 0.047620128840208054,
  "loop_error": 0.0012546145590022206,
  "status": "near_miss"
}
DONE 20260424T232749705771Z-c2-lite-glyph-layout-reflow-c51-reflow-target-b196-c32h160-s10000-seed1-1536x864-s10000 quality=0.4500 motion=0.0476
Stopping app - local entrypoint completed.
✓ App completed. View run at 
https://modal.com/apps/dennisonbertram/main/ap-3pTwUvEUccil8FdVyO1hdr
