✓ Initialized. View run at 
https://modal.com/apps/dennisonbertram/main/ap-a1mbbzXQ26WynyqNfEaTko
✓ Created objects.
├── 🔨 Created mount 
│   /Users/dennisonbertram/Develop/flipbook-research/scripts/track_c/modal_canva
│   s_c2_lite.py
└── 🔨 Created function train_and_render_motion.
START 20260424T232749775090Z-c2-lite-glyph-layout-reflow-c51-reflow-target-train1920-c32h160-s15000-1920x1088-s15000 config={"batch_size": 131072, "channels": 32, "edge_loss_weight": 0.9, "edge_sample_ratio": 0.09, "element_anchor_mode": "line", "element_anchor_padding": 3, "element_mask_mode": "rectangle", "element_render_mode": "sequential", "element_scale_ratio": 0.25, "experiment_label": "c51-reflow-target-train1920-c32h160-s15000", "flow_scale": 0.1, "fps": 24, "frames": 33, "freq_bands": 10, "grad_clip": 0.5, "hidden": 160, "layout_mid_time_ratio": 0.6, "layout_mid_time_width": 0.28, "layout_supersample": 1.0, "layout_target_sampling": 1, "layout_target_weighting": 1, "layout_transform_pan": 0.0, "layout_transform_strength": 0.0, "lr": 0.01, "lr_schedule": "constant", "min_lr_ratio": 0.1, "min_motion_delta": 0.045, "min_ocr_similarity": 0.54, "motion_mode": "layout-reflow", "motion_strength": 1.0, "seed": 0, "source_resolution": [1280, 736], "steps": 15000, "text_box_loss_weight": 0.0, "text_box_min_conf": 55.0, "text_box_padding": 0, "text_box_sample_ratio": 0.0, "text_boxes": "0 boxes", "time_bands": 4, "train_resolution": "1920x1088", "video_layout_mode": "none", "video_viewport_mode": "static", "viewport_pan": 0.0, "viewport_zoom": 0.0}
{
  "canvas_type": "time-conditioned-latent-feature-grid-learned-flow-mlp-glyph-weighted",
  "train_resolution": "1920x1088",
  "steps": 15000,
  "batch_size": 131072,
  "channels": 32,
  "hidden": 160,
  "freq_bands": 10,
  "time_bands": 4,
  "lr": 0.01,
  "lr_schedule": "constant",
  "min_lr_ratio": 0.1,
  "grad_clip": 0.5,
  "seed": 0,
  "experiment_label": "c51-reflow-target-train1920-c32h160-s15000",
  "flow_scale": 0.1,
  "motion_mode": "layout-reflow",
  "motion_strength": 1.0,
  "video_viewport_mode": "static",
  "viewport_zoom": 0.0,
  "viewport_pan": 0.0,
  "video_layout_mode": "none",
  "layout_transform_strength": 0.0,
  "layout_transform_pan": 0.0,
  "layout_supersample": 1.0,
  "layout_region_count": 0,
  "element_scale_ratio": 0.25,
  "element_anchor_padding": 3,
  "element_mask_mode": "rectangle",
  "element_anchor_mode": "line",
  "element_render_mode": "sequential",
  "element_line_count": 0,
  "min_ocr_similarity": 0.54,
  "min_motion_delta": 0.045,
  "edge_sample_ratio": 0.09,
  "edge_loss_weight": 0.9,
  "text_box_sample_ratio": 0.0,
  "text_box_loss_weight": 0.0,
  "text_box_padding": 0,
  "layout_target_sampling": 1,
  "layout_target_weighting": 1,
  "layout_mid_time_ratio": 0.6,
  "layout_mid_time_width": 0.28,
  "text_box_count": 0,
  "text_mask_coverage": 0.0,
  "element_alpha_coverage": 0.0,
  "compile_ms": 340087.60053699993,
  "final_mse": 0.0019409084925428033,
  "losses": [
    {
      "step": 0,
      "mse": 0.23590238392353058
    },
    {
      "step": 750,
      "mse": 0.007553334813565016
    },
    {
      "step": 1500,
      "mse": 0.005306811071932316
    },
    {
      "step": 2250,
      "mse": 0.004347996320575476
    },
    {
      "step": 3000,
      "mse": 0.0037127137184143066
    },
    {
      "step": 3750,
      "mse": 0.003237816970795393
    },
    {
      "step": 4500,
      "mse": 0.002981104888021946
    },
    {
      "step": 5250,
      "mse": 0.0028103399090468884
    },
    {
      "step": 6000,
      "mse": 0.0025665280409157276
    },
    {
      "step": 6750,
      "mse": 0.002510621678084135
    },
    {
      "step": 7500,
      "mse": 0.0024189262185245752
    },
    {
      "step": 8250,
      "mse": 0.0023341039195656776
    },
    {
      "step": 9000,
      "mse": 0.002268159529194236
    },
    {
      "step": 9750,
      "mse": 0.0021924867760390043
    },
    {
      "step": 10500,
      "mse": 0.0021194617729634047
    },
    {
      "step": 11250,
      "mse": 0.0021287533454596996
    },
    {
      "step": 12000,
      "mse": 0.002000780077651143
    },
    {
      "step": 12750,
      "mse": 0.0019666263833642006
    },
    {
      "step": 13500,
      "mse": 0.0018681453075259924
    },
    {
      "step": 14250,
      "mse": 0.001897003035992384
    },
    {
      "step": 14999,
      "mse": 0.0019409084925428033
    }
  ],
  "render_times": {
    "render-960.png": 14.216472999976304,
    "render-mid.png": 14.122961999987638,
    "render-last.png": 14.114555000048767,
    "render-512.png": 3.9144949999467826,
    "crop-2x.png": 13.836803000003783
  },
  "render_960_ms": 14.216472999976304,
  "render_33_wall_ms": 456.35920199998736,
  "encode_ms": 256.8484320000266,
  "resize_consistency": 0.9994667797682607,
  "temporal_consistency": 0.9986911941086873,
  "motion_delta_model": 0.06712576001882553,
  "loop_error_model": 0.0013088058913126588,
  "description": "C4.7 neural canvas: learned full page layout reflow from x,y,t",
  "run_id": "20260424T232749775090Z-c2-lite-glyph-layout-reflow-c51-reflow-target-train1920-c32h160-s15000-1920x1088-s15000",
  "commit": "3409801",
  "track": "C",
  "width": 960,
  "height": 544,
  "frames": 33,
  "fps": 24,
  "artifacts": {
    "input": "/Users/dennisonbertram/Develop/flipbook-research/outputs/track-c/20260424T232749775090Z-c2-lite-glyph-layout-reflow-c51-reflow-target-train1920-c32h160-s15000-1920x1088-s15000/input.png",
    "render_960": "/Users/dennisonbertram/Develop/flipbook-research/outputs/track-c/20260424T232749775090Z-c2-lite-glyph-layout-reflow-c51-reflow-target-train1920-c32h160-s15000-1920x1088-s15000/render-960.png",
    "render_mid": "/Users/dennisonbertram/Develop/flipbook-research/outputs/track-c/20260424T232749775090Z-c2-lite-glyph-layout-reflow-c51-reflow-target-train1920-c32h160-s15000-1920x1088-s15000/render-mid.png",
    "render_last": "/Users/dennisonbertram/Develop/flipbook-research/outputs/track-c/20260424T232749775090Z-c2-lite-glyph-layout-reflow-c51-reflow-target-train1920-c32h160-s15000-1920x1088-s15000/render-last.png",
    "render_512": "/Users/dennisonbertram/Develop/flipbook-research/outputs/track-c/20260424T232749775090Z-c2-lite-glyph-layout-reflow-c51-reflow-target-train1920-c32h160-s15000-1920x1088-s15000/render-512.png",
    "crop_2x": "/Users/dennisonbertram/Develop/flipbook-research/outputs/track-c/20260424T232749775090Z-c2-lite-glyph-layout-reflow-c51-reflow-target-train1920-c32h160-s15000-1920x1088-s15000/crop-2x.png",
    "text_mask": "/Users/dennisonbertram/Develop/flipbook-research/outputs/track-c/20260424T232749775090Z-c2-lite-glyph-layout-reflow-c51-reflow-target-train1920-c32h160-s15000-1920x1088-s15000/text-mask.png",
    "element_alpha_mask": "/Users/dennisonbertram/Develop/flipbook-research/outputs/track-c/20260424T232749775090Z-c2-lite-glyph-layout-reflow-c51-reflow-target-train1920-c32h160-s15000-1920x1088-s15000/element-alpha-mask.png",
    "target_mid": "/Users/dennisonbertram/Develop/flipbook-research/outputs/track-c/20260424T232749775090Z-c2-lite-glyph-layout-reflow-c51-reflow-target-train1920-c32h160-s15000-1920x1088-s15000/target-mid.png",
    "text_boxes": "/Users/dennisonbertram/Develop/flipbook-research/outputs/track-c/20260424T232749775090Z-c2-lite-glyph-layout-reflow-c51-reflow-target-train1920-c32h160-s15000-1920x1088-s15000/text-boxes.json",
    "output": "/Users/dennisonbertram/Develop/flipbook-research/outputs/track-c/20260424T232749775090Z-c2-lite-glyph-layout-reflow-c51-reflow-target-train1920-c32h160-s15000-1920x1088-s15000/output.mp4",
    "metrics": "/Users/dennisonbertram/Develop/flipbook-research/outputs/track-c/20260424T232749775090Z-c2-lite-glyph-layout-reflow-c51-reflow-target-train1920-c32h160-s15000-1920x1088-s15000/metrics.json",
    "quality": "/Users/dennisonbertram/Develop/flipbook-research/outputs/track-c/20260424T232749775090Z-c2-lite-glyph-layout-reflow-c51-reflow-target-train1920-c32h160-s15000-1920x1088-s15000/quality.json"
  },
  "ocr_similarity": 0.48750000000000004,
  "layout_similarity": 0.9994667797682607,
  "motion_delta": 0.05090001970529556,
  "loop_error": 0.0008283405913971364,
  "status": "near_miss"
}
DONE 20260424T232749775090Z-c2-lite-glyph-layout-reflow-c51-reflow-target-train1920-c32h160-s15000-1920x1088-s15000 quality=0.4875 motion=0.0509
Stopping app - local entrypoint completed.
✓ App completed. View run at 
https://modal.com/apps/dennisonbertram/main/ap-a1mbbzXQ26WynyqNfEaTko
