✓ Initialized. View run at 
https://modal.com/apps/dennisonbertram/main/ap-t1ztCQZXlF5sji2CY4Hx8l
✓ Created objects.
├── 🔨 Created mount 
│   /Users/dennisonbertram/Develop/flipbook-research/scripts/track_c/modal_canva
│   s_c2_lite.py
└── 🔨 Created function train_and_render_motion.
START 20260424T232749518093Z-c2-lite-glyph-layout-reflow-c51-reflow-target-b229-c32h160-s10000-1536x864-s10000 config={"batch_size": 229376, "channels": 32, "edge_loss_weight": 0.9, "edge_sample_ratio": 0.09, "element_anchor_mode": "line", "element_anchor_padding": 3, "element_mask_mode": "rectangle", "element_render_mode": "sequential", "element_scale_ratio": 0.25, "experiment_label": "c51-reflow-target-b229-c32h160-s10000", "flow_scale": 0.1, "fps": 24, "frames": 33, "freq_bands": 10, "grad_clip": 0.5, "hidden": 160, "layout_mid_time_ratio": 0.6, "layout_mid_time_width": 0.28, "layout_supersample": 1.0, "layout_target_sampling": 1, "layout_target_weighting": 1, "layout_transform_pan": 0.0, "layout_transform_strength": 0.0, "lr": 0.01, "lr_schedule": "constant", "min_lr_ratio": 0.1, "min_motion_delta": 0.045, "min_ocr_similarity": 0.56, "motion_mode": "layout-reflow", "motion_strength": 1.0, "seed": 0, "source_resolution": [1280, 736], "steps": 10000, "text_box_loss_weight": 0.0, "text_box_min_conf": 55.0, "text_box_padding": 0, "text_box_sample_ratio": 0.0, "text_boxes": "0 boxes", "time_bands": 4, "train_resolution": "1536x864", "video_layout_mode": "none", "video_viewport_mode": "static", "viewport_pan": 0.0, "viewport_zoom": 0.0}
{
  "canvas_type": "time-conditioned-latent-feature-grid-learned-flow-mlp-glyph-weighted",
  "train_resolution": "1536x864",
  "steps": 10000,
  "batch_size": 229376,
  "channels": 32,
  "hidden": 160,
  "freq_bands": 10,
  "time_bands": 4,
  "lr": 0.01,
  "lr_schedule": "constant",
  "min_lr_ratio": 0.1,
  "grad_clip": 0.5,
  "seed": 0,
  "experiment_label": "c51-reflow-target-b229-c32h160-s10000",
  "flow_scale": 0.1,
  "motion_mode": "layout-reflow",
  "motion_strength": 1.0,
  "video_viewport_mode": "static",
  "viewport_zoom": 0.0,
  "viewport_pan": 0.0,
  "video_layout_mode": "none",
  "layout_transform_strength": 0.0,
  "layout_transform_pan": 0.0,
  "layout_supersample": 1.0,
  "layout_region_count": 0,
  "element_scale_ratio": 0.25,
  "element_anchor_padding": 3,
  "element_mask_mode": "rectangle",
  "element_anchor_mode": "line",
  "element_render_mode": "sequential",
  "element_line_count": 0,
  "min_ocr_similarity": 0.56,
  "min_motion_delta": 0.045,
  "edge_sample_ratio": 0.09,
  "edge_loss_weight": 0.9,
  "text_box_sample_ratio": 0.0,
  "text_box_loss_weight": 0.0,
  "text_box_padding": 0,
  "layout_target_sampling": 1,
  "layout_target_weighting": 1,
  "layout_mid_time_ratio": 0.6,
  "layout_mid_time_width": 0.28,
  "text_box_count": 0,
  "text_mask_coverage": 0.0,
  "element_alpha_coverage": 0.0,
  "compile_ms": 271173.886461,
  "final_mse": 0.0017402699450030923,
  "losses": [
    {
      "step": 0,
      "mse": 0.22299528121948242
    },
    {
      "step": 500,
      "mse": 0.0072166649624705315
    },
    {
      "step": 1000,
      "mse": 0.0052658203057944775
    },
    {
      "step": 1500,
      "mse": 0.004044787026941776
    },
    {
      "step": 2000,
      "mse": 0.003415685147047043
    },
    {
      "step": 2500,
      "mse": 0.003102003363892436
    },
    {
      "step": 3000,
      "mse": 0.0028619884978979826
    },
    {
      "step": 3500,
      "mse": 0.0026615129318088293
    },
    {
      "step": 4000,
      "mse": 0.0024636113084852695
    },
    {
      "step": 4500,
      "mse": 0.002356800250709057
    },
    {
      "step": 5000,
      "mse": 0.0022698896937072277
    },
    {
      "step": 5500,
      "mse": 0.0021483683958649635
    },
    {
      "step": 6000,
      "mse": 0.0020277907606214285
    },
    {
      "step": 6500,
      "mse": 0.0019687891472131014
    },
    {
      "step": 7000,
      "mse": 0.0019566724076867104
    },
    {
      "step": 7500,
      "mse": 0.0018780140671879053
    },
    {
      "step": 8000,
      "mse": 0.001860776450484991
    },
    {
      "step": 8500,
      "mse": 0.0018143865745514631
    },
    {
      "step": 9000,
      "mse": 0.0017578697297722101
    },
    {
      "step": 9500,
      "mse": 0.0017163802403956652
    },
    {
      "step": 9999,
      "mse": 0.0017402699450030923
    }
  ],
  "render_times": {
    "render-960.png": 14.153249000003143,
    "render-mid.png": 14.082428999984131,
    "render-last.png": 14.019818999997824,
    "render-512.png": 3.8899009999795453,
    "crop-2x.png": 13.833719999979621
  },
  "render_960_ms": 14.153249000003143,
  "render_33_wall_ms": 452.58254399999487,
  "encode_ms": 273.4341099999824,
  "resize_consistency": 0.9994477580832042,
  "temporal_consistency": 0.9986460653599352,
  "motion_delta_model": 0.06653203070163727,
  "loop_error_model": 0.0013539346400648355,
  "description": "C4.7 neural canvas: learned full page layout reflow from x,y,t",
  "run_id": "20260424T232749518093Z-c2-lite-glyph-layout-reflow-c51-reflow-target-b229-c32h160-s10000-1536x864-s10000",
  "commit": "3409801",
  "track": "C",
  "width": 960,
  "height": 544,
  "frames": 33,
  "fps": 24,
  "artifacts": {
    "input": "/Users/dennisonbertram/Develop/flipbook-research/outputs/track-c/20260424T232749518093Z-c2-lite-glyph-layout-reflow-c51-reflow-target-b229-c32h160-s10000-1536x864-s10000/input.png",
    "render_960": "/Users/dennisonbertram/Develop/flipbook-research/outputs/track-c/20260424T232749518093Z-c2-lite-glyph-layout-reflow-c51-reflow-target-b229-c32h160-s10000-1536x864-s10000/render-960.png",
    "render_mid": "/Users/dennisonbertram/Develop/flipbook-research/outputs/track-c/20260424T232749518093Z-c2-lite-glyph-layout-reflow-c51-reflow-target-b229-c32h160-s10000-1536x864-s10000/render-mid.png",
    "render_last": "/Users/dennisonbertram/Develop/flipbook-research/outputs/track-c/20260424T232749518093Z-c2-lite-glyph-layout-reflow-c51-reflow-target-b229-c32h160-s10000-1536x864-s10000/render-last.png",
    "render_512": "/Users/dennisonbertram/Develop/flipbook-research/outputs/track-c/20260424T232749518093Z-c2-lite-glyph-layout-reflow-c51-reflow-target-b229-c32h160-s10000-1536x864-s10000/render-512.png",
    "crop_2x": "/Users/dennisonbertram/Develop/flipbook-research/outputs/track-c/20260424T232749518093Z-c2-lite-glyph-layout-reflow-c51-reflow-target-b229-c32h160-s10000-1536x864-s10000/crop-2x.png",
    "text_mask": "/Users/dennisonbertram/Develop/flipbook-research/outputs/track-c/20260424T232749518093Z-c2-lite-glyph-layout-reflow-c51-reflow-target-b229-c32h160-s10000-1536x864-s10000/text-mask.png",
    "element_alpha_mask": "/Users/dennisonbertram/Develop/flipbook-research/outputs/track-c/20260424T232749518093Z-c2-lite-glyph-layout-reflow-c51-reflow-target-b229-c32h160-s10000-1536x864-s10000/element-alpha-mask.png",
    "target_mid": "/Users/dennisonbertram/Develop/flipbook-research/outputs/track-c/20260424T232749518093Z-c2-lite-glyph-layout-reflow-c51-reflow-target-b229-c32h160-s10000-1536x864-s10000/target-mid.png",
    "text_boxes": "/Users/dennisonbertram/Develop/flipbook-research/outputs/track-c/20260424T232749518093Z-c2-lite-glyph-layout-reflow-c51-reflow-target-b229-c32h160-s10000-1536x864-s10000/text-boxes.json",
    "output": "/Users/dennisonbertram/Develop/flipbook-research/outputs/track-c/20260424T232749518093Z-c2-lite-glyph-layout-reflow-c51-reflow-target-b229-c32h160-s10000-1536x864-s10000/output.mp4",
    "metrics": "/Users/dennisonbertram/Develop/flipbook-research/outputs/track-c/20260424T232749518093Z-c2-lite-glyph-layout-reflow-c51-reflow-target-b229-c32h160-s10000-1536x864-s10000/metrics.json",
    "quality": "/Users/dennisonbertram/Develop/flipbook-research/outputs/track-c/20260424T232749518093Z-c2-lite-glyph-layout-reflow-c51-reflow-target-b229-c32h160-s10000-1536x864-s10000/quality.json"
  },
  "ocr_similarity": 0.4596273291925466,
  "layout_similarity": 0.9994477580832042,
  "motion_delta": 0.051319293677806854,
  "loop_error": 0.0009030425571836531,
  "status": "near_miss"
}
DONE 20260424T232749518093Z-c2-lite-glyph-layout-reflow-c51-reflow-target-b229-c32h160-s10000-1536x864-s10000 quality=0.4596 motion=0.0513
Stopping app - local entrypoint completed.
✓ App completed. View run at 
https://modal.com/apps/dennisonbertram/main/ap-t1ztCQZXlF5sji2CY4Hx8l
