✓ Initialized. View run at 
https://modal.com/apps/dennisonbertram/main/ap-2q1O6sAxz9BocJjQunC18i
✓ Created objects.
├── 🔨 Created mount 
│   /Users/dennisonbertram/Develop/flipbook-research/scripts/track_c/modal_canva
│   s_c2_lite.py
└── 🔨 Created function train_and_render_motion.
START 20260424T233313590461Z-c2-lite-glyph-layout-reflow-c51-reflow-target-mid60-c32h160-s14000-seed1-1536x864-s14000 config={"batch_size": 131072, "channels": 32, "edge_loss_weight": 0.9, "edge_sample_ratio": 0.09, "element_anchor_mode": "line", "element_anchor_padding": 3, "element_mask_mode": "rectangle", "element_render_mode": "sequential", "element_scale_ratio": 0.25, "experiment_label": "c51-reflow-target-mid60-c32h160-s14000-seed1", "flow_scale": 0.1, "fps": 24, "frames": 33, "freq_bands": 10, "grad_clip": 0.5, "hidden": 160, "layout_mid_time_ratio": 0.6, "layout_mid_time_width": 0.28, "layout_supersample": 1.0, "layout_target_sampling": 1, "layout_target_weighting": 1, "layout_transform_pan": 0.0, "layout_transform_strength": 0.0, "lr": 0.01, "lr_schedule": "constant", "min_lr_ratio": 0.1, "min_motion_delta": 0.045, "min_ocr_similarity": 0.54, "motion_mode": "layout-reflow", "motion_strength": 1.0, "seed": 1, "source_resolution": [1280, 736], "steps": 14000, "text_box_loss_weight": 0.0, "text_box_min_conf": 55.0, "text_box_padding": 0, "text_box_sample_ratio": 0.0, "text_boxes": "0 boxes", "time_bands": 4, "train_resolution": "1536x864", "video_layout_mode": "none", "video_viewport_mode": "static", "viewport_pan": 0.0, "viewport_zoom": 0.0}
{
  "canvas_type": "time-conditioned-latent-feature-grid-learned-flow-mlp-glyph-weighted",
  "train_resolution": "1536x864",
  "steps": 14000,
  "batch_size": 131072,
  "channels": 32,
  "hidden": 160,
  "freq_bands": 10,
  "time_bands": 4,
  "lr": 0.01,
  "lr_schedule": "constant",
  "min_lr_ratio": 0.1,
  "grad_clip": 0.5,
  "seed": 1,
  "experiment_label": "c51-reflow-target-mid60-c32h160-s14000-seed1",
  "flow_scale": 0.1,
  "motion_mode": "layout-reflow",
  "motion_strength": 1.0,
  "video_viewport_mode": "static",
  "viewport_zoom": 0.0,
  "viewport_pan": 0.0,
  "video_layout_mode": "none",
  "layout_transform_strength": 0.0,
  "layout_transform_pan": 0.0,
  "layout_supersample": 1.0,
  "layout_region_count": 0,
  "element_scale_ratio": 0.25,
  "element_anchor_padding": 3,
  "element_mask_mode": "rectangle",
  "element_anchor_mode": "line",
  "element_render_mode": "sequential",
  "element_line_count": 0,
  "min_ocr_similarity": 0.54,
  "min_motion_delta": 0.045,
  "edge_sample_ratio": 0.09,
  "edge_loss_weight": 0.9,
  "text_box_sample_ratio": 0.0,
  "text_box_loss_weight": 0.0,
  "text_box_padding": 0,
  "layout_target_sampling": 1,
  "layout_target_weighting": 1,
  "layout_mid_time_ratio": 0.6,
  "layout_mid_time_width": 0.28,
  "text_box_count": 0,
  "text_mask_coverage": 0.0,
  "element_alpha_coverage": 0.0,
  "compile_ms": 257605.49945599996,
  "final_mse": 0.0018983103800565004,
  "losses": [
    {
      "step": 0,
      "mse": 0.2286723554134369
    },
    {
      "step": 700,
      "mse": 0.007020935416221619
    },
    {
      "step": 1400,
      "mse": 0.0049573518335819244
    },
    {
      "step": 2100,
      "mse": 0.003874007845297456
    },
    {
      "step": 2800,
      "mse": 0.0034303441643714905
    },
    {
      "step": 3500,
      "mse": 0.0031509127002209425
    },
    {
      "step": 4200,
      "mse": 0.0029451255686581135
    },
    {
      "step": 4900,
      "mse": 0.00267920084297657
    },
    {
      "step": 5600,
      "mse": 0.0025680637918412685
    },
    {
      "step": 6300,
      "mse": 0.002459260169416666
    },
    {
      "step": 7000,
      "mse": 0.002356636803597212
    },
    {
      "step": 7700,
      "mse": 0.002291386481374502
    },
    {
      "step": 8400,
      "mse": 0.002308003604412079
    },
    {
      "step": 9100,
      "mse": 0.0021356921643018723
    },
    {
      "step": 9800,
      "mse": 0.002108317567035556
    },
    {
      "step": 10500,
      "mse": 0.001998772146180272
    },
    {
      "step": 11200,
      "mse": 0.0020134993828833103
    },
    {
      "step": 11900,
      "mse": 0.0019960757344961166
    },
    {
      "step": 12600,
      "mse": 0.0019812672398984432
    },
    {
      "step": 13300,
      "mse": 0.001986408606171608
    },
    {
      "step": 13999,
      "mse": 0.0018983103800565004
    }
  ],
  "render_times": {
    "render-960.png": 68.48002899999983,
    "render-mid.png": 14.031354999985979,
    "render-last.png": 14.111807000006138,
    "render-512.png": 3.942676000008305,
    "crop-2x.png": 13.811784999973042
  },
  "render_960_ms": 68.48002899999983,
  "render_33_wall_ms": 452.16551200002186,
  "encode_ms": 461.5113329999758,
  "resize_consistency": 0.9994231563510917,
  "temporal_consistency": 0.9986330271931365,
  "motion_delta_model": 0.062847800552845,
  "loop_error_model": 0.0013669728068634868,
  "description": "C4.7 neural canvas: learned full page layout reflow from x,y,t",
  "run_id": "20260424T233313590461Z-c2-lite-glyph-layout-reflow-c51-reflow-target-mid60-c32h160-s14000-seed1-1536x864-s14000",
  "commit": "3409801",
  "track": "C",
  "width": 960,
  "height": 544,
  "frames": 33,
  "fps": 24,
  "artifacts": {
    "input": "/Users/dennisonbertram/Develop/flipbook-research/outputs/track-c/20260424T233313590461Z-c2-lite-glyph-layout-reflow-c51-reflow-target-mid60-c32h160-s14000-seed1-1536x864-s14000/input.png",
    "render_960": "/Users/dennisonbertram/Develop/flipbook-research/outputs/track-c/20260424T233313590461Z-c2-lite-glyph-layout-reflow-c51-reflow-target-mid60-c32h160-s14000-seed1-1536x864-s14000/render-960.png",
    "render_mid": "/Users/dennisonbertram/Develop/flipbook-research/outputs/track-c/20260424T233313590461Z-c2-lite-glyph-layout-reflow-c51-reflow-target-mid60-c32h160-s14000-seed1-1536x864-s14000/render-mid.png",
    "render_last": "/Users/dennisonbertram/Develop/flipbook-research/outputs/track-c/20260424T233313590461Z-c2-lite-glyph-layout-reflow-c51-reflow-target-mid60-c32h160-s14000-seed1-1536x864-s14000/render-last.png",
    "render_512": "/Users/dennisonbertram/Develop/flipbook-research/outputs/track-c/20260424T233313590461Z-c2-lite-glyph-layout-reflow-c51-reflow-target-mid60-c32h160-s14000-seed1-1536x864-s14000/render-512.png",
    "crop_2x": "/Users/dennisonbertram/Develop/flipbook-research/outputs/track-c/20260424T233313590461Z-c2-lite-glyph-layout-reflow-c51-reflow-target-mid60-c32h160-s14000-seed1-1536x864-s14000/crop-2x.png",
    "text_mask": "/Users/dennisonbertram/Develop/flipbook-research/outputs/track-c/20260424T233313590461Z-c2-lite-glyph-layout-reflow-c51-reflow-target-mid60-c32h160-s14000-seed1-1536x864-s14000/text-mask.png",
    "element_alpha_mask": "/Users/dennisonbertram/Develop/flipbook-research/outputs/track-c/20260424T233313590461Z-c2-lite-glyph-layout-reflow-c51-reflow-target-mid60-c32h160-s14000-seed1-1536x864-s14000/element-alpha-mask.png",
    "target_mid": "/Users/dennisonbertram/Develop/flipbook-research/outputs/track-c/20260424T233313590461Z-c2-lite-glyph-layout-reflow-c51-reflow-target-mid60-c32h160-s14000-seed1-1536x864-s14000/target-mid.png",
    "text_boxes": "/Users/dennisonbertram/Develop/flipbook-research/outputs/track-c/20260424T233313590461Z-c2-lite-glyph-layout-reflow-c51-reflow-target-mid60-c32h160-s14000-seed1-1536x864-s14000/text-boxes.json",
    "output": "/Users/dennisonbertram/Develop/flipbook-research/outputs/track-c/20260424T233313590461Z-c2-lite-glyph-layout-reflow-c51-reflow-target-mid60-c32h160-s14000-seed1-1536x864-s14000/output.mp4",
    "metrics": "/Users/dennisonbertram/Develop/flipbook-research/outputs/track-c/20260424T233313590461Z-c2-lite-glyph-layout-reflow-c51-reflow-target-mid60-c32h160-s14000-seed1-1536x864-s14000/metrics.json",
    "quality": "/Users/dennisonbertram/Develop/flipbook-research/outputs/track-c/20260424T233313590461Z-c2-lite-glyph-layout-reflow-c51-reflow-target-mid60-c32h160-s14000-seed1-1536x864-s14000/quality.json"
  },
  "ocr_similarity": 0.5714285714285715,
  "layout_similarity": 0.9994231563510917,
  "motion_delta": 0.04780621826648712,
  "loop_error": 0.0008778897463344038,
  "status": "pass"
}
DONE 20260424T233313590461Z-c2-lite-glyph-layout-reflow-c51-reflow-target-mid60-c32h160-s14000-seed1-1536x864-s14000 quality=0.5714 motion=0.0478
Stopping app - local entrypoint completed.
✓ App completed. View run at 
https://modal.com/apps/dennisonbertram/main/ap-2q1O6sAxz9BocJjQunC18i
