✓ Initialized. View run at 
https://modal.com/apps/dennisonbertram/main/ap-htoAQFDrwTc9tUBwNa3C0H
✓ Created objects.
├── 🔨 Created mount 
│   /Users/dennisonbertram/Develop/flipbook-research/scripts/track_c/modal_canva
│   s_c2_lite.py
└── 🔨 Created function train_and_render_motion.
START 20260424T233953358763Z-c2-lite-glyph-layout-reflow-c52-reflow-target-s025-c32h160-s14000-1536x864-s14000 config={"batch_size": 131072, "channels": 32, "edge_loss_weight": 0.9, "edge_sample_ratio": 0.09, "element_anchor_mode": "line", "element_anchor_padding": 3, "element_mask_mode": "rectangle", "element_render_mode": "sequential", "element_scale_ratio": 0.25, "experiment_label": "c52-reflow-target-s025-c32h160-s14000", "flow_scale": 0.1, "fps": 24, "frames": 33, "freq_bands": 10, "grad_clip": 0.5, "hidden": 160, "layout_mid_time_ratio": 0.6, "layout_mid_time_width": 0.28, "layout_supersample": 1.0, "layout_target_sampling": 1, "layout_target_sampling_ratio": 0.25, "layout_target_weighting": 1, "layout_transform_pan": 0.0, "layout_transform_strength": 0.0, "lr": 0.01, "lr_schedule": "constant", "min_lr_ratio": 0.1, "min_motion_delta": 0.045, "min_ocr_similarity": 0.55, "motion_mode": "layout-reflow", "motion_strength": 1.0, "seed": 0, "source_resolution": [1280, 736], "steps": 14000, "text_box_loss_weight": 0.0, "text_box_min_conf": 55.0, "text_box_padding": 0, "text_box_sample_ratio": 0.0, "text_boxes": "0 boxes", "time_bands": 4, "train_resolution": "1536x864", "video_layout_mode": "none", "video_viewport_mode": "static", "viewport_pan": 0.0, "viewport_zoom": 0.0}
{
  "canvas_type": "time-conditioned-latent-feature-grid-learned-flow-mlp-glyph-weighted",
  "train_resolution": "1536x864",
  "steps": 14000,
  "batch_size": 131072,
  "channels": 32,
  "hidden": 160,
  "freq_bands": 10,
  "time_bands": 4,
  "lr": 0.01,
  "lr_schedule": "constant",
  "min_lr_ratio": 0.1,
  "grad_clip": 0.5,
  "seed": 0,
  "experiment_label": "c52-reflow-target-s025-c32h160-s14000",
  "flow_scale": 0.1,
  "motion_mode": "layout-reflow",
  "motion_strength": 1.0,
  "video_viewport_mode": "static",
  "viewport_zoom": 0.0,
  "viewport_pan": 0.0,
  "video_layout_mode": "none",
  "layout_transform_strength": 0.0,
  "layout_transform_pan": 0.0,
  "layout_supersample": 1.0,
  "layout_region_count": 0,
  "element_scale_ratio": 0.25,
  "element_anchor_padding": 3,
  "element_mask_mode": "rectangle",
  "element_anchor_mode": "line",
  "element_render_mode": "sequential",
  "element_line_count": 0,
  "min_ocr_similarity": 0.55,
  "min_motion_delta": 0.045,
  "edge_sample_ratio": 0.09,
  "edge_loss_weight": 0.9,
  "text_box_sample_ratio": 0.0,
  "text_box_loss_weight": 0.0,
  "text_box_padding": 0,
  "layout_target_sampling": 1,
  "layout_target_weighting": 1,
  "layout_target_sampling_ratio": 0.25,
  "layout_mid_time_ratio": 0.6,
  "layout_mid_time_width": 0.28,
  "text_box_count": 0,
  "text_mask_coverage": 0.0,
  "element_alpha_coverage": 0.0,
  "compile_ms": 257818.38420500004,
  "final_mse": 0.0014656779821962118,
  "losses": [
    {
      "step": 0,
      "mse": 0.22491297125816345
    },
    {
      "step": 700,
      "mse": 0.005941834766417742
    },
    {
      "step": 1400,
      "mse": 0.004147007595747709
    },
    {
      "step": 2100,
      "mse": 0.0033779204823076725
    },
    {
      "step": 2800,
      "mse": 0.00292002921923995
    },
    {
      "step": 3500,
      "mse": 0.0026059220544993877
    },
    {
      "step": 4200,
      "mse": 0.0024322241079062223
    },
    {
      "step": 4900,
      "mse": 0.002245668787509203
    },
    {
      "step": 5600,
      "mse": 0.00215382082387805
    },
    {
      "step": 6300,
      "mse": 0.0020438593346625566
    },
    {
      "step": 7000,
      "mse": 0.0018769323360174894
    },
    {
      "step": 7700,
      "mse": 0.0019056552555412054
    },
    {
      "step": 8400,
      "mse": 0.0017953240312635899
    },
    {
      "step": 9100,
      "mse": 0.0017370411660522223
    },
    {
      "step": 9800,
      "mse": 0.0016719626728445292
    },
    {
      "step": 10500,
      "mse": 0.0016623381525278091
    },
    {
      "step": 11200,
      "mse": 0.0016674910439178348
    },
    {
      "step": 11900,
      "mse": 0.001590946689248085
    },
    {
      "step": 12600,
      "mse": 0.0016268688486889005
    },
    {
      "step": 13300,
      "mse": 0.0014975725207477808
    },
    {
      "step": 13999,
      "mse": 0.0014656779821962118
    }
  ],
  "render_times": {
    "render-960.png": 14.144528000031187,
    "render-mid.png": 13.983956999993552,
    "render-last.png": 13.969561999999769,
    "render-512.png": 3.877992000013819,
    "crop-2x.png": 13.78921299999547
  },
  "render_960_ms": 14.144528000031187,
  "render_33_wall_ms": 451.9576079999865,
  "encode_ms": 253.85715999999547,
  "resize_consistency": 0.9994528909849689,
  "temporal_consistency": 0.9985278748208657,
  "motion_delta_model": 0.06774403154850006,
  "loop_error_model": 0.0014721251791343093,
  "description": "C4.7 neural canvas: learned full page layout reflow from x,y,t",
  "run_id": "20260424T233953358763Z-c2-lite-glyph-layout-reflow-c52-reflow-target-s025-c32h160-s14000-1536x864-s14000",
  "commit": "75be0e6",
  "track": "C",
  "width": 960,
  "height": 544,
  "frames": 33,
  "fps": 24,
  "artifacts": {
    "input": "/Users/dennisonbertram/Develop/flipbook-research/outputs/track-c/20260424T233953358763Z-c2-lite-glyph-layout-reflow-c52-reflow-target-s025-c32h160-s14000-1536x864-s14000/input.png",
    "render_960": "/Users/dennisonbertram/Develop/flipbook-research/outputs/track-c/20260424T233953358763Z-c2-lite-glyph-layout-reflow-c52-reflow-target-s025-c32h160-s14000-1536x864-s14000/render-960.png",
    "render_mid": "/Users/dennisonbertram/Develop/flipbook-research/outputs/track-c/20260424T233953358763Z-c2-lite-glyph-layout-reflow-c52-reflow-target-s025-c32h160-s14000-1536x864-s14000/render-mid.png",
    "render_last": "/Users/dennisonbertram/Develop/flipbook-research/outputs/track-c/20260424T233953358763Z-c2-lite-glyph-layout-reflow-c52-reflow-target-s025-c32h160-s14000-1536x864-s14000/render-last.png",
    "render_512": "/Users/dennisonbertram/Develop/flipbook-research/outputs/track-c/20260424T233953358763Z-c2-lite-glyph-layout-reflow-c52-reflow-target-s025-c32h160-s14000-1536x864-s14000/render-512.png",
    "crop_2x": "/Users/dennisonbertram/Develop/flipbook-research/outputs/track-c/20260424T233953358763Z-c2-lite-glyph-layout-reflow-c52-reflow-target-s025-c32h160-s14000-1536x864-s14000/crop-2x.png",
    "text_mask": "/Users/dennisonbertram/Develop/flipbook-research/outputs/track-c/20260424T233953358763Z-c2-lite-glyph-layout-reflow-c52-reflow-target-s025-c32h160-s14000-1536x864-s14000/text-mask.png",
    "element_alpha_mask": "/Users/dennisonbertram/Develop/flipbook-research/outputs/track-c/20260424T233953358763Z-c2-lite-glyph-layout-reflow-c52-reflow-target-s025-c32h160-s14000-1536x864-s14000/element-alpha-mask.png",
    "target_mid": "/Users/dennisonbertram/Develop/flipbook-research/outputs/track-c/20260424T233953358763Z-c2-lite-glyph-layout-reflow-c52-reflow-target-s025-c32h160-s14000-1536x864-s14000/target-mid.png",
    "text_boxes": "/Users/dennisonbertram/Develop/flipbook-research/outputs/track-c/20260424T233953358763Z-c2-lite-glyph-layout-reflow-c52-reflow-target-s025-c32h160-s14000-1536x864-s14000/text-boxes.json",
    "output": "/Users/dennisonbertram/Develop/flipbook-research/outputs/track-c/20260424T233953358763Z-c2-lite-glyph-layout-reflow-c52-reflow-target-s025-c32h160-s14000-1536x864-s14000/output.mp4",
    "metrics": "/Users/dennisonbertram/Develop/flipbook-research/outputs/track-c/20260424T233953358763Z-c2-lite-glyph-layout-reflow-c52-reflow-target-s025-c32h160-s14000-1536x864-s14000/metrics.json",
    "quality": "/Users/dennisonbertram/Develop/flipbook-research/outputs/track-c/20260424T233953358763Z-c2-lite-glyph-layout-reflow-c52-reflow-target-s025-c32h160-s14000-1536x864-s14000/quality.json"
  },
  "ocr_similarity": 0.5348837209302325,
  "layout_similarity": 0.9994528909849689,
  "motion_delta": 0.05132761597633362,
  "loop_error": 0.000983985373750329,
  "status": "near_miss"
}
DONE 20260424T233953358763Z-c2-lite-glyph-layout-reflow-c52-reflow-target-s025-c32h160-s14000-1536x864-s14000 quality=0.5349 motion=0.0513
Stopping app - local entrypoint completed.
✓ App completed. View run at 
https://modal.com/apps/dennisonbertram/main/ap-htoAQFDrwTc9tUBwNa3C0H
