✓ Initialized. View run at 
https://modal.com/apps/dennisonbertram/main/ap-3ZjPyNjWuXzX5ADyovSAoj
✓ Created objects.
├── 🔨 Created mount 
│   /Users/dennisonbertram/Develop/flipbook-research/scripts/track_c/modal_canva
│   s_c2_lite.py
└── 🔨 Created function train_and_render_motion.
START 20260424T233953056315Z-c2-lite-glyph-layout-reflow-c52-reflow-target-s050-c32h160-s14000-1536x864-s14000 config={"batch_size": 131072, "channels": 32, "edge_loss_weight": 0.9, "edge_sample_ratio": 0.09, "element_anchor_mode": "line", "element_anchor_padding": 3, "element_mask_mode": "rectangle", "element_render_mode": "sequential", "element_scale_ratio": 0.25, "experiment_label": "c52-reflow-target-s050-c32h160-s14000", "flow_scale": 0.1, "fps": 24, "frames": 33, "freq_bands": 10, "grad_clip": 0.5, "hidden": 160, "layout_mid_time_ratio": 0.6, "layout_mid_time_width": 0.28, "layout_supersample": 1.0, "layout_target_sampling": 1, "layout_target_sampling_ratio": 0.5, "layout_target_weighting": 1, "layout_transform_pan": 0.0, "layout_transform_strength": 0.0, "lr": 0.01, "lr_schedule": "constant", "min_lr_ratio": 0.1, "min_motion_delta": 0.045, "min_ocr_similarity": 0.55, "motion_mode": "layout-reflow", "motion_strength": 1.0, "seed": 0, "source_resolution": [1280, 736], "steps": 14000, "text_box_loss_weight": 0.0, "text_box_min_conf": 55.0, "text_box_padding": 0, "text_box_sample_ratio": 0.0, "text_boxes": "0 boxes", "time_bands": 4, "train_resolution": "1536x864", "video_layout_mode": "none", "video_viewport_mode": "static", "viewport_pan": 0.0, "viewport_zoom": 0.0}
{
  "canvas_type": "time-conditioned-latent-feature-grid-learned-flow-mlp-glyph-weighted",
  "train_resolution": "1536x864",
  "steps": 14000,
  "batch_size": 131072,
  "channels": 32,
  "hidden": 160,
  "freq_bands": 10,
  "time_bands": 4,
  "lr": 0.01,
  "lr_schedule": "constant",
  "min_lr_ratio": 0.1,
  "grad_clip": 0.5,
  "seed": 0,
  "experiment_label": "c52-reflow-target-s050-c32h160-s14000",
  "flow_scale": 0.1,
  "motion_mode": "layout-reflow",
  "motion_strength": 1.0,
  "video_viewport_mode": "static",
  "viewport_zoom": 0.0,
  "viewport_pan": 0.0,
  "video_layout_mode": "none",
  "layout_transform_strength": 0.0,
  "layout_transform_pan": 0.0,
  "layout_supersample": 1.0,
  "layout_region_count": 0,
  "element_scale_ratio": 0.25,
  "element_anchor_padding": 3,
  "element_mask_mode": "rectangle",
  "element_anchor_mode": "line",
  "element_render_mode": "sequential",
  "element_line_count": 0,
  "min_ocr_similarity": 0.55,
  "min_motion_delta": 0.045,
  "edge_sample_ratio": 0.09,
  "edge_loss_weight": 0.9,
  "text_box_sample_ratio": 0.0,
  "text_box_loss_weight": 0.0,
  "text_box_padding": 0,
  "layout_target_sampling": 1,
  "layout_target_weighting": 1,
  "layout_target_sampling_ratio": 0.5,
  "layout_mid_time_ratio": 0.6,
  "layout_mid_time_width": 0.28,
  "text_box_count": 0,
  "text_mask_coverage": 0.0,
  "element_alpha_coverage": 0.0,
  "compile_ms": 257269.062292,
  "final_mse": 0.001644093543291092,
  "losses": [
    {
      "step": 0,
      "mse": 0.22425353527069092
    },
    {
      "step": 700,
      "mse": 0.006219053640961647
    },
    {
      "step": 1400,
      "mse": 0.00443858839571476
    },
    {
      "step": 2100,
      "mse": 0.0037037453148514032
    },
    {
      "step": 2800,
      "mse": 0.003137336578220129
    },
    {
      "step": 3500,
      "mse": 0.002825629897415638
    },
    {
      "step": 4200,
      "mse": 0.0026040964294224977
    },
    {
      "step": 4900,
      "mse": 0.0025097173638641834
    },
    {
      "step": 5600,
      "mse": 0.0023154306691139936
    },
    {
      "step": 6300,
      "mse": 0.002204109914600849
    },
    {
      "step": 7000,
      "mse": 0.0020813082810491323
    },
    {
      "step": 7700,
      "mse": 0.002060063648968935
    },
    {
      "step": 8400,
      "mse": 0.0019367006607353687
    },
    {
      "step": 9100,
      "mse": 0.0018592274282127619
    },
    {
      "step": 9800,
      "mse": 0.00177618651650846
    },
    {
      "step": 10500,
      "mse": 0.0019350610673427582
    },
    {
      "step": 11200,
      "mse": 0.0017670323140919209
    },
    {
      "step": 11900,
      "mse": 0.0016541937366127968
    },
    {
      "step": 12600,
      "mse": 0.001733990851789713
    },
    {
      "step": 13300,
      "mse": 0.0016084740636870265
    },
    {
      "step": 13999,
      "mse": 0.001644093543291092
    }
  ],
  "render_times": {
    "render-960.png": 14.102140000034069,
    "render-mid.png": 14.12423299996135,
    "render-last.png": 14.24090199998318,
    "render-512.png": 4.11895799999229,
    "crop-2x.png": 13.951414000018758
  },
  "render_960_ms": 14.102140000034069,
  "render_33_wall_ms": 452.7403529999674,
  "encode_ms": 262.09045100000594,
  "resize_consistency": 0.9994847297008475,
  "temporal_consistency": 0.9982357460539788,
  "motion_delta_model": 0.06587103754281998,
  "loop_error_model": 0.0017642539460211992,
  "description": "C4.7 neural canvas: learned full page layout reflow from x,y,t",
  "run_id": "20260424T233953056315Z-c2-lite-glyph-layout-reflow-c52-reflow-target-s050-c32h160-s14000-1536x864-s14000",
  "commit": "75be0e6",
  "track": "C",
  "width": 960,
  "height": 544,
  "frames": 33,
  "fps": 24,
  "artifacts": {
    "input": "/Users/dennisonbertram/Develop/flipbook-research/outputs/track-c/20260424T233953056315Z-c2-lite-glyph-layout-reflow-c52-reflow-target-s050-c32h160-s14000-1536x864-s14000/input.png",
    "render_960": "/Users/dennisonbertram/Develop/flipbook-research/outputs/track-c/20260424T233953056315Z-c2-lite-glyph-layout-reflow-c52-reflow-target-s050-c32h160-s14000-1536x864-s14000/render-960.png",
    "render_mid": "/Users/dennisonbertram/Develop/flipbook-research/outputs/track-c/20260424T233953056315Z-c2-lite-glyph-layout-reflow-c52-reflow-target-s050-c32h160-s14000-1536x864-s14000/render-mid.png",
    "render_last": "/Users/dennisonbertram/Develop/flipbook-research/outputs/track-c/20260424T233953056315Z-c2-lite-glyph-layout-reflow-c52-reflow-target-s050-c32h160-s14000-1536x864-s14000/render-last.png",
    "render_512": "/Users/dennisonbertram/Develop/flipbook-research/outputs/track-c/20260424T233953056315Z-c2-lite-glyph-layout-reflow-c52-reflow-target-s050-c32h160-s14000-1536x864-s14000/render-512.png",
    "crop_2x": "/Users/dennisonbertram/Develop/flipbook-research/outputs/track-c/20260424T233953056315Z-c2-lite-glyph-layout-reflow-c52-reflow-target-s050-c32h160-s14000-1536x864-s14000/crop-2x.png",
    "text_mask": "/Users/dennisonbertram/Develop/flipbook-research/outputs/track-c/20260424T233953056315Z-c2-lite-glyph-layout-reflow-c52-reflow-target-s050-c32h160-s14000-1536x864-s14000/text-mask.png",
    "element_alpha_mask": "/Users/dennisonbertram/Develop/flipbook-research/outputs/track-c/20260424T233953056315Z-c2-lite-glyph-layout-reflow-c52-reflow-target-s050-c32h160-s14000-1536x864-s14000/element-alpha-mask.png",
    "target_mid": "/Users/dennisonbertram/Develop/flipbook-research/outputs/track-c/20260424T233953056315Z-c2-lite-glyph-layout-reflow-c52-reflow-target-s050-c32h160-s14000-1536x864-s14000/target-mid.png",
    "text_boxes": "/Users/dennisonbertram/Develop/flipbook-research/outputs/track-c/20260424T233953056315Z-c2-lite-glyph-layout-reflow-c52-reflow-target-s050-c32h160-s14000-1536x864-s14000/text-boxes.json",
    "output": "/Users/dennisonbertram/Develop/flipbook-research/outputs/track-c/20260424T233953056315Z-c2-lite-glyph-layout-reflow-c52-reflow-target-s050-c32h160-s14000-1536x864-s14000/output.mp4",
    "metrics": "/Users/dennisonbertram/Develop/flipbook-research/outputs/track-c/20260424T233953056315Z-c2-lite-glyph-layout-reflow-c52-reflow-target-s050-c32h160-s14000-1536x864-s14000/metrics.json",
    "quality": "/Users/dennisonbertram/Develop/flipbook-research/outputs/track-c/20260424T233953056315Z-c2-lite-glyph-layout-reflow-c52-reflow-target-s050-c32h160-s14000-1536x864-s14000/quality.json"
  },
  "ocr_similarity": 0.5741626794258373,
  "layout_similarity": 0.9994847297008475,
  "motion_delta": 0.050163209438323975,
  "loop_error": 0.0012048762291669846,
  "status": "pass"
}
DONE 20260424T233953056315Z-c2-lite-glyph-layout-reflow-c52-reflow-target-s050-c32h160-s14000-1536x864-s14000 quality=0.5742 motion=0.0502
Stopping app - local entrypoint completed.
✓ App completed. View run at 
https://modal.com/apps/dennisonbertram/main/ap-3ZjPyNjWuXzX5ADyovSAoj
