✓ Initialized. View run at 
https://modal.com/apps/dennisonbertram/main/ap-aeyyDnQHNxfUnQhZglnWJR
✓ Created objects.
├── 🔨 Created mount 
│   /Users/dennisonbertram/Develop/flipbook-research/scripts/track_c/modal_canva
│   s_c2_lite.py
└── 🔨 Created function train_and_render_motion.
START 20260424T233953017430Z-c2-lite-glyph-layout-reflow-c52-reflow-weightonly-c32h160-s18000-1536x864-s18000 config={"batch_size": 131072, "channels": 32, "edge_loss_weight": 0.9, "edge_sample_ratio": 0.09, "element_anchor_mode": "line", "element_anchor_padding": 3, "element_mask_mode": "rectangle", "element_render_mode": "sequential", "element_scale_ratio": 0.25, "experiment_label": "c52-reflow-weightonly-c32h160-s18000", "flow_scale": 0.1, "fps": 24, "frames": 33, "freq_bands": 10, "grad_clip": 0.5, "hidden": 160, "layout_mid_time_ratio": 0.6, "layout_mid_time_width": 0.28, "layout_supersample": 1.0, "layout_target_sampling": 0, "layout_target_sampling_ratio": 1.0, "layout_target_weighting": 1, "layout_transform_pan": 0.0, "layout_transform_strength": 0.0, "lr": 0.01, "lr_schedule": "constant", "min_lr_ratio": 0.1, "min_motion_delta": 0.045, "min_ocr_similarity": 0.54, "motion_mode": "layout-reflow", "motion_strength": 1.0, "seed": 0, "source_resolution": [1280, 736], "steps": 18000, "text_box_loss_weight": 0.0, "text_box_min_conf": 55.0, "text_box_padding": 0, "text_box_sample_ratio": 0.0, "text_boxes": "0 boxes", "time_bands": 4, "train_resolution": "1536x864", "video_layout_mode": "none", "video_viewport_mode": "static", "viewport_pan": 0.0, "viewport_zoom": 0.0}
{
  "canvas_type": "time-conditioned-latent-feature-grid-learned-flow-mlp-glyph-weighted",
  "train_resolution": "1536x864",
  "steps": 18000,
  "batch_size": 131072,
  "channels": 32,
  "hidden": 160,
  "freq_bands": 10,
  "time_bands": 4,
  "lr": 0.01,
  "lr_schedule": "constant",
  "min_lr_ratio": 0.1,
  "grad_clip": 0.5,
  "seed": 0,
  "experiment_label": "c52-reflow-weightonly-c32h160-s18000",
  "flow_scale": 0.1,
  "motion_mode": "layout-reflow",
  "motion_strength": 1.0,
  "video_viewport_mode": "static",
  "viewport_zoom": 0.0,
  "viewport_pan": 0.0,
  "video_layout_mode": "none",
  "layout_transform_strength": 0.0,
  "layout_transform_pan": 0.0,
  "layout_supersample": 1.0,
  "layout_region_count": 0,
  "element_scale_ratio": 0.25,
  "element_anchor_padding": 3,
  "element_mask_mode": "rectangle",
  "element_anchor_mode": "line",
  "element_render_mode": "sequential",
  "element_line_count": 0,
  "min_ocr_similarity": 0.54,
  "min_motion_delta": 0.045,
  "edge_sample_ratio": 0.09,
  "edge_loss_weight": 0.9,
  "text_box_sample_ratio": 0.0,
  "text_box_loss_weight": 0.0,
  "text_box_padding": 0,
  "layout_target_sampling": 0,
  "layout_target_weighting": 1,
  "layout_target_sampling_ratio": 1.0,
  "layout_mid_time_ratio": 0.6,
  "layout_mid_time_width": 0.28,
  "text_box_count": 0,
  "text_mask_coverage": 0.0,
  "element_alpha_coverage": 0.0,
  "compile_ms": 323519.26551399997,
  "final_mse": 0.0011591613292694092,
  "losses": [
    {
      "step": 0,
      "mse": 0.22565580904483795
    },
    {
      "step": 900,
      "mse": 0.00506824254989624
    },
    {
      "step": 1800,
      "mse": 0.00353948469273746
    },
    {
      "step": 2700,
      "mse": 0.002601834014058113
    },
    {
      "step": 3600,
      "mse": 0.00228307256475091
    },
    {
      "step": 4500,
      "mse": 0.002054586075246334
    },
    {
      "step": 5400,
      "mse": 0.001880511874333024
    },
    {
      "step": 6300,
      "mse": 0.0017814210150390863
    },
    {
      "step": 7200,
      "mse": 0.001672665704973042
    },
    {
      "step": 8100,
      "mse": 0.0015933909453451633
    },
    {
      "step": 9000,
      "mse": 0.0015449130441993475
    },
    {
      "step": 9900,
      "mse": 0.0014975833473727107
    },
    {
      "step": 10800,
      "mse": 0.0014006828423589468
    },
    {
      "step": 11700,
      "mse": 0.001325684366747737
    },
    {
      "step": 12600,
      "mse": 0.001375964842736721
    },
    {
      "step": 13500,
      "mse": 0.0012267574202269316
    },
    {
      "step": 14400,
      "mse": 0.0012463878374546766
    },
    {
      "step": 15300,
      "mse": 0.0011901393299922347
    },
    {
      "step": 16200,
      "mse": 0.00127996108494699
    },
    {
      "step": 17100,
      "mse": 0.0011486094444990158
    },
    {
      "step": 17999,
      "mse": 0.0011591613292694092
    }
  ],
  "render_times": {
    "render-960.png": 14.089118000015333,
    "render-mid.png": 13.994679999996151,
    "render-last.png": 14.104041000052803,
    "render-512.png": 3.9088989999527257,
    "crop-2x.png": 13.765549000027022
  },
  "render_960_ms": 14.089118000015333,
  "render_33_wall_ms": 451.85044800001606,
  "encode_ms": 263.0675450000126,
  "resize_consistency": 0.9995178262548509,
  "temporal_consistency": 0.9987194912973791,
  "motion_delta_model": 0.06568039953708649,
  "loop_error_model": 0.001280508702620864,
  "description": "C4.7 neural canvas: learned full page layout reflow from x,y,t",
  "run_id": "20260424T233953017430Z-c2-lite-glyph-layout-reflow-c52-reflow-weightonly-c32h160-s18000-1536x864-s18000",
  "commit": "75be0e6",
  "track": "C",
  "width": 960,
  "height": 544,
  "frames": 33,
  "fps": 24,
  "artifacts": {
    "input": "/Users/dennisonbertram/Develop/flipbook-research/outputs/track-c/20260424T233953017430Z-c2-lite-glyph-layout-reflow-c52-reflow-weightonly-c32h160-s18000-1536x864-s18000/input.png",
    "render_960": "/Users/dennisonbertram/Develop/flipbook-research/outputs/track-c/20260424T233953017430Z-c2-lite-glyph-layout-reflow-c52-reflow-weightonly-c32h160-s18000-1536x864-s18000/render-960.png",
    "render_mid": "/Users/dennisonbertram/Develop/flipbook-research/outputs/track-c/20260424T233953017430Z-c2-lite-glyph-layout-reflow-c52-reflow-weightonly-c32h160-s18000-1536x864-s18000/render-mid.png",
    "render_last": "/Users/dennisonbertram/Develop/flipbook-research/outputs/track-c/20260424T233953017430Z-c2-lite-glyph-layout-reflow-c52-reflow-weightonly-c32h160-s18000-1536x864-s18000/render-last.png",
    "render_512": "/Users/dennisonbertram/Develop/flipbook-research/outputs/track-c/20260424T233953017430Z-c2-lite-glyph-layout-reflow-c52-reflow-weightonly-c32h160-s18000-1536x864-s18000/render-512.png",
    "crop_2x": "/Users/dennisonbertram/Develop/flipbook-research/outputs/track-c/20260424T233953017430Z-c2-lite-glyph-layout-reflow-c52-reflow-weightonly-c32h160-s18000-1536x864-s18000/crop-2x.png",
    "text_mask": "/Users/dennisonbertram/Develop/flipbook-research/outputs/track-c/20260424T233953017430Z-c2-lite-glyph-layout-reflow-c52-reflow-weightonly-c32h160-s18000-1536x864-s18000/text-mask.png",
    "element_alpha_mask": "/Users/dennisonbertram/Develop/flipbook-research/outputs/track-c/20260424T233953017430Z-c2-lite-glyph-layout-reflow-c52-reflow-weightonly-c32h160-s18000-1536x864-s18000/element-alpha-mask.png",
    "target_mid": "/Users/dennisonbertram/Develop/flipbook-research/outputs/track-c/20260424T233953017430Z-c2-lite-glyph-layout-reflow-c52-reflow-weightonly-c32h160-s18000-1536x864-s18000/target-mid.png",
    "text_boxes": "/Users/dennisonbertram/Develop/flipbook-research/outputs/track-c/20260424T233953017430Z-c2-lite-glyph-layout-reflow-c52-reflow-weightonly-c32h160-s18000-1536x864-s18000/text-boxes.json",
    "output": "/Users/dennisonbertram/Develop/flipbook-research/outputs/track-c/20260424T233953017430Z-c2-lite-glyph-layout-reflow-c52-reflow-weightonly-c32h160-s18000-1536x864-s18000/output.mp4",
    "metrics": "/Users/dennisonbertram/Develop/flipbook-research/outputs/track-c/20260424T233953017430Z-c2-lite-glyph-layout-reflow-c52-reflow-weightonly-c32h160-s18000-1536x864-s18000/metrics.json",
    "quality": "/Users/dennisonbertram/Develop/flipbook-research/outputs/track-c/20260424T233953017430Z-c2-lite-glyph-layout-reflow-c52-reflow-weightonly-c32h160-s18000-1536x864-s18000/quality.json"
  },
  "ocr_similarity": 0.5029239766081871,
  "layout_similarity": 0.9995178262548509,
  "motion_delta": 0.05069444328546524,
  "loop_error": 0.0010074361925944686,
  "status": "near_miss"
}
DONE 20260424T233953017430Z-c2-lite-glyph-layout-reflow-c52-reflow-weightonly-c32h160-s18000-1536x864-s18000 quality=0.5029 motion=0.0507
Stopping app - local entrypoint completed.
✓ App completed. View run at 
https://modal.com/apps/dennisonbertram/main/ap-aeyyDnQHNxfUnQhZglnWJR
