✓ Initialized. View run at 
https://modal.com/apps/dennisonbertram/main/ap-qhpax63IntczsmMUZJ8GJg
✓ Created objects.
├── 🔨 Created mount 
│   /Users/dennisonbertram/Develop/flipbook-research/scripts/track_c/modal_canva
│   s_c2_lite.py
└── 🔨 Created function train_and_render_motion.
START 20260424T233953322786Z-c2-lite-glyph-layout-reflow-c52-reflow-weightonly-train1920-c32h160-s13000-1920x1088-s13000 config={"batch_size": 131072, "channels": 32, "edge_loss_weight": 0.9, "edge_sample_ratio": 0.09, "element_anchor_mode": "line", "element_anchor_padding": 3, "element_mask_mode": "rectangle", "element_render_mode": "sequential", "element_scale_ratio": 0.25, "experiment_label": "c52-reflow-weightonly-train1920-c32h160-s13000", "flow_scale": 0.1, "fps": 24, "frames": 33, "freq_bands": 10, "grad_clip": 0.5, "hidden": 160, "layout_mid_time_ratio": 0.6, "layout_mid_time_width": 0.28, "layout_supersample": 1.0, "layout_target_sampling": 0, "layout_target_sampling_ratio": 1.0, "layout_target_weighting": 1, "layout_transform_pan": 0.0, "layout_transform_strength": 0.0, "lr": 0.01, "lr_schedule": "constant", "min_lr_ratio": 0.1, "min_motion_delta": 0.045, "min_ocr_similarity": 0.54, "motion_mode": "layout-reflow", "motion_strength": 1.0, "seed": 0, "source_resolution": [1280, 736], "steps": 13000, "text_box_loss_weight": 0.0, "text_box_min_conf": 55.0, "text_box_padding": 0, "text_box_sample_ratio": 0.0, "text_boxes": "0 boxes", "time_bands": 4, "train_resolution": "1920x1088", "video_layout_mode": "none", "video_viewport_mode": "static", "viewport_pan": 0.0, "viewport_zoom": 0.0}
{
  "canvas_type": "time-conditioned-latent-feature-grid-learned-flow-mlp-glyph-weighted",
  "train_resolution": "1920x1088",
  "steps": 13000,
  "batch_size": 131072,
  "channels": 32,
  "hidden": 160,
  "freq_bands": 10,
  "time_bands": 4,
  "lr": 0.01,
  "lr_schedule": "constant",
  "min_lr_ratio": 0.1,
  "grad_clip": 0.5,
  "seed": 0,
  "experiment_label": "c52-reflow-weightonly-train1920-c32h160-s13000",
  "flow_scale": 0.1,
  "motion_mode": "layout-reflow",
  "motion_strength": 1.0,
  "video_viewport_mode": "static",
  "viewport_zoom": 0.0,
  "viewport_pan": 0.0,
  "video_layout_mode": "none",
  "layout_transform_strength": 0.0,
  "layout_transform_pan": 0.0,
  "layout_supersample": 1.0,
  "layout_region_count": 0,
  "element_scale_ratio": 0.25,
  "element_anchor_padding": 3,
  "element_mask_mode": "rectangle",
  "element_anchor_mode": "line",
  "element_render_mode": "sequential",
  "element_line_count": 0,
  "min_ocr_similarity": 0.54,
  "min_motion_delta": 0.045,
  "edge_sample_ratio": 0.09,
  "edge_loss_weight": 0.9,
  "text_box_sample_ratio": 0.0,
  "text_box_loss_weight": 0.0,
  "text_box_padding": 0,
  "layout_target_sampling": 0,
  "layout_target_weighting": 1,
  "layout_target_sampling_ratio": 1.0,
  "layout_mid_time_ratio": 0.6,
  "layout_mid_time_width": 0.28,
  "text_box_count": 0,
  "text_mask_coverage": 0.0,
  "element_alpha_coverage": 0.0,
  "compile_ms": 252576.89000599997,
  "final_mse": 0.001690083765424788,
  "losses": [
    {
      "step": 0,
      "mse": 0.2388049215078354
    },
    {
      "step": 650,
      "mse": 0.01030803844332695
    },
    {
      "step": 1300,
      "mse": 0.005213056690990925
    },
    {
      "step": 1950,
      "mse": 0.003925088793039322
    },
    {
      "step": 2600,
      "mse": 0.0033679408952593803
    },
    {
      "step": 3250,
      "mse": 0.002901214174926281
    },
    {
      "step": 3900,
      "mse": 0.002754673594608903
    },
    {
      "step": 4550,
      "mse": 0.0026334046851843596
    },
    {
      "step": 5200,
      "mse": 0.0022319238632917404
    },
    {
      "step": 5850,
      "mse": 0.002240233588963747
    },
    {
      "step": 6500,
      "mse": 0.002147259656339884
    },
    {
      "step": 7150,
      "mse": 0.0020752304699271917
    },
    {
      "step": 7800,
      "mse": 0.002021579071879387
    },
    {
      "step": 8450,
      "mse": 0.001967719988897443
    },
    {
      "step": 9100,
      "mse": 0.0018498037243261933
    },
    {
      "step": 9750,
      "mse": 0.0017749734688550234
    },
    {
      "step": 10400,
      "mse": 0.0017707633087411523
    },
    {
      "step": 11050,
      "mse": 0.001967694377526641
    },
    {
      "step": 11700,
      "mse": 0.0018669201526790857
    },
    {
      "step": 12350,
      "mse": 0.001737043960019946
    },
    {
      "step": 12999,
      "mse": 0.001690083765424788
    }
  ],
  "render_times": {
    "render-960.png": 11.93911399997205,
    "render-mid.png": 11.75164100004622,
    "render-last.png": 11.726324999983717,
    "render-512.png": 3.4166020000157005,
    "crop-2x.png": 11.504690000037954
  },
  "render_960_ms": 11.93911399997205,
  "render_33_wall_ms": 378.040416000033,
  "encode_ms": 246.32154400001127,
  "resize_consistency": 0.9994717769190148,
  "temporal_consistency": 0.998522429028526,
  "motion_delta_model": 0.06413383781909943,
  "loop_error_model": 0.0014775709714740515,
  "description": "C4.7 neural canvas: learned full page layout reflow from x,y,t",
  "run_id": "20260424T233953322786Z-c2-lite-glyph-layout-reflow-c52-reflow-weightonly-train1920-c32h160-s13000-1920x1088-s13000",
  "commit": "75be0e6",
  "track": "C",
  "width": 960,
  "height": 544,
  "frames": 33,
  "fps": 24,
  "artifacts": {
    "input": "/Users/dennisonbertram/Develop/flipbook-research/outputs/track-c/20260424T233953322786Z-c2-lite-glyph-layout-reflow-c52-reflow-weightonly-train1920-c32h160-s13000-1920x1088-s13000/input.png",
    "render_960": "/Users/dennisonbertram/Develop/flipbook-research/outputs/track-c/20260424T233953322786Z-c2-lite-glyph-layout-reflow-c52-reflow-weightonly-train1920-c32h160-s13000-1920x1088-s13000/render-960.png",
    "render_mid": "/Users/dennisonbertram/Develop/flipbook-research/outputs/track-c/20260424T233953322786Z-c2-lite-glyph-layout-reflow-c52-reflow-weightonly-train1920-c32h160-s13000-1920x1088-s13000/render-mid.png",
    "render_last": "/Users/dennisonbertram/Develop/flipbook-research/outputs/track-c/20260424T233953322786Z-c2-lite-glyph-layout-reflow-c52-reflow-weightonly-train1920-c32h160-s13000-1920x1088-s13000/render-last.png",
    "render_512": "/Users/dennisonbertram/Develop/flipbook-research/outputs/track-c/20260424T233953322786Z-c2-lite-glyph-layout-reflow-c52-reflow-weightonly-train1920-c32h160-s13000-1920x1088-s13000/render-512.png",
    "crop_2x": "/Users/dennisonbertram/Develop/flipbook-research/outputs/track-c/20260424T233953322786Z-c2-lite-glyph-layout-reflow-c52-reflow-weightonly-train1920-c32h160-s13000-1920x1088-s13000/crop-2x.png",
    "text_mask": "/Users/dennisonbertram/Develop/flipbook-research/outputs/track-c/20260424T233953322786Z-c2-lite-glyph-layout-reflow-c52-reflow-weightonly-train1920-c32h160-s13000-1920x1088-s13000/text-mask.png",
    "element_alpha_mask": "/Users/dennisonbertram/Develop/flipbook-research/outputs/track-c/20260424T233953322786Z-c2-lite-glyph-layout-reflow-c52-reflow-weightonly-train1920-c32h160-s13000-1920x1088-s13000/element-alpha-mask.png",
    "target_mid": "/Users/dennisonbertram/Develop/flipbook-research/outputs/track-c/20260424T233953322786Z-c2-lite-glyph-layout-reflow-c52-reflow-weightonly-train1920-c32h160-s13000-1920x1088-s13000/target-mid.png",
    "text_boxes": "/Users/dennisonbertram/Develop/flipbook-research/outputs/track-c/20260424T233953322786Z-c2-lite-glyph-layout-reflow-c52-reflow-weightonly-train1920-c32h160-s13000-1920x1088-s13000/text-boxes.json",
    "output": "/Users/dennisonbertram/Develop/flipbook-research/outputs/track-c/20260424T233953322786Z-c2-lite-glyph-layout-reflow-c52-reflow-weightonly-train1920-c32h160-s13000-1920x1088-s13000/output.mp4",
    "metrics": "/Users/dennisonbertram/Develop/flipbook-research/outputs/track-c/20260424T233953322786Z-c2-lite-glyph-layout-reflow-c52-reflow-weightonly-train1920-c32h160-s13000-1920x1088-s13000/metrics.json",
    "quality": "/Users/dennisonbertram/Develop/flipbook-research/outputs/track-c/20260424T233953322786Z-c2-lite-glyph-layout-reflow-c52-reflow-weightonly-train1920-c32h160-s13000-1920x1088-s13000/quality.json"
  },
  "ocr_similarity": 0.5523809523809524,
  "layout_similarity": 0.9994717769190148,
  "motion_delta": 0.04846208542585373,
  "loop_error": 0.0010499879717826843,
  "status": "pass"
}
DONE 20260424T233953322786Z-c2-lite-glyph-layout-reflow-c52-reflow-weightonly-train1920-c32h160-s13000-1920x1088-s13000 quality=0.5524 motion=0.0485
Stopping app - local entrypoint completed.
✓ App completed. View run at 
https://modal.com/apps/dennisonbertram/main/ap-qhpax63IntczsmMUZJ8GJg
