✓ Initialized. View run at 
https://modal.com/apps/dennisonbertram/main/ap-qtY75oPKCcIZJCjF9Ke5u4
✓ Created objects.
├── 🔨 Created mount 
│   /Users/dennisonbertram/Develop/flipbook-research/scripts/track_c/modal_canva
│   s_c2_lite.py
└── 🔨 Created function train_and_render_motion.
START 20260424T233953056349Z-c2-lite-glyph-layout-reflow-c52-reflow-weightonly-c32h160-s16000-1536x864-s16000 config={"batch_size": 131072, "channels": 32, "edge_loss_weight": 0.9, "edge_sample_ratio": 0.09, "element_anchor_mode": "line", "element_anchor_padding": 3, "element_mask_mode": "rectangle", "element_render_mode": "sequential", "element_scale_ratio": 0.25, "experiment_label": "c52-reflow-weightonly-c32h160-s16000", "flow_scale": 0.1, "fps": 24, "frames": 33, "freq_bands": 10, "grad_clip": 0.5, "hidden": 160, "layout_mid_time_ratio": 0.6, "layout_mid_time_width": 0.28, "layout_supersample": 1.0, "layout_target_sampling": 0, "layout_target_sampling_ratio": 1.0, "layout_target_weighting": 1, "layout_transform_pan": 0.0, "layout_transform_strength": 0.0, "lr": 0.01, "lr_schedule": "constant", "min_lr_ratio": 0.1, "min_motion_delta": 0.045, "min_ocr_similarity": 0.54, "motion_mode": "layout-reflow", "motion_strength": 1.0, "seed": 0, "source_resolution": [1280, 736], "steps": 16000, "text_box_loss_weight": 0.0, "text_box_min_conf": 55.0, "text_box_padding": 0, "text_box_sample_ratio": 0.0, "text_boxes": "0 boxes", "time_bands": 4, "train_resolution": "1536x864", "video_layout_mode": "none", "video_viewport_mode": "static", "viewport_pan": 0.0, "viewport_zoom": 0.0}
{
  "canvas_type": "time-conditioned-latent-feature-grid-learned-flow-mlp-glyph-weighted",
  "train_resolution": "1536x864",
  "steps": 16000,
  "batch_size": 131072,
  "channels": 32,
  "hidden": 160,
  "freq_bands": 10,
  "time_bands": 4,
  "lr": 0.01,
  "lr_schedule": "constant",
  "min_lr_ratio": 0.1,
  "grad_clip": 0.5,
  "seed": 0,
  "experiment_label": "c52-reflow-weightonly-c32h160-s16000",
  "flow_scale": 0.1,
  "motion_mode": "layout-reflow",
  "motion_strength": 1.0,
  "video_viewport_mode": "static",
  "viewport_zoom": 0.0,
  "viewport_pan": 0.0,
  "video_layout_mode": "none",
  "layout_transform_strength": 0.0,
  "layout_transform_pan": 0.0,
  "layout_supersample": 1.0,
  "layout_region_count": 0,
  "element_scale_ratio": 0.25,
  "element_anchor_padding": 3,
  "element_mask_mode": "rectangle",
  "element_anchor_mode": "line",
  "element_render_mode": "sequential",
  "element_line_count": 0,
  "min_ocr_similarity": 0.54,
  "min_motion_delta": 0.045,
  "edge_sample_ratio": 0.09,
  "edge_loss_weight": 0.9,
  "text_box_sample_ratio": 0.0,
  "text_box_loss_weight": 0.0,
  "text_box_padding": 0,
  "layout_target_sampling": 0,
  "layout_target_weighting": 1,
  "layout_target_sampling_ratio": 1.0,
  "layout_mid_time_ratio": 0.6,
  "layout_mid_time_width": 0.28,
  "text_box_count": 0,
  "text_mask_coverage": 0.0,
  "element_alpha_coverage": 0.0,
  "compile_ms": 253752.934925,
  "final_mse": 0.001477146870456636,
  "losses": [
    {
      "step": 0,
      "mse": 0.22565096616744995
    },
    {
      "step": 800,
      "mse": 0.006131518632173538
    },
    {
      "step": 1600,
      "mse": 0.003933049272745848
    },
    {
      "step": 2400,
      "mse": 0.003084819298237562
    },
    {
      "step": 3200,
      "mse": 0.0025821300223469734
    },
    {
      "step": 4000,
      "mse": 0.0022997441701591015
    },
    {
      "step": 4800,
      "mse": 0.0021573230624198914
    },
    {
      "step": 5600,
      "mse": 0.0019875559955835342
    },
    {
      "step": 6400,
      "mse": 0.0018832813948392868
    },
    {
      "step": 7200,
      "mse": 0.0017375063616782427
    },
    {
      "step": 8000,
      "mse": 0.0017668826039880514
    },
    {
      "step": 8800,
      "mse": 0.0016310290666297078
    },
    {
      "step": 9600,
      "mse": 0.0015939109725877643
    },
    {
      "step": 10400,
      "mse": 0.0015658359043300152
    },
    {
      "step": 11200,
      "mse": 0.0015259633073583245
    },
    {
      "step": 12000,
      "mse": 0.0015020954888314009
    },
    {
      "step": 12800,
      "mse": 0.0014826226979494095
    },
    {
      "step": 13600,
      "mse": 0.001439685933291912
    },
    {
      "step": 14400,
      "mse": 0.0014121020212769508
    },
    {
      "step": 15200,
      "mse": 0.0013753121020272374
    },
    {
      "step": 15999,
      "mse": 0.001477146870456636
    }
  ],
  "render_times": {
    "render-960.png": 11.731051000026582,
    "render-mid.png": 11.631366000017351,
    "render-last.png": 11.625576000028559,
    "render-512.png": 3.3329879999541845,
    "crop-2x.png": 11.430048000022452
  },
  "render_960_ms": 11.731051000026582,
  "render_33_wall_ms": 374.4020749999777,
  "encode_ms": 271.68259400002626,
  "resize_consistency": 0.9993462301721393,
  "temporal_consistency": 0.9986332930857316,
  "motion_delta_model": 0.07355630397796631,
  "loop_error_model": 0.001366706914268434,
  "description": "C4.7 neural canvas: learned full page layout reflow from x,y,t",
  "run_id": "20260424T233953056349Z-c2-lite-glyph-layout-reflow-c52-reflow-weightonly-c32h160-s16000-1536x864-s16000",
  "commit": "75be0e6",
  "track": "C",
  "width": 960,
  "height": 544,
  "frames": 33,
  "fps": 24,
  "artifacts": {
    "input": "/Users/dennisonbertram/Develop/flipbook-research/outputs/track-c/20260424T233953056349Z-c2-lite-glyph-layout-reflow-c52-reflow-weightonly-c32h160-s16000-1536x864-s16000/input.png",
    "render_960": "/Users/dennisonbertram/Develop/flipbook-research/outputs/track-c/20260424T233953056349Z-c2-lite-glyph-layout-reflow-c52-reflow-weightonly-c32h160-s16000-1536x864-s16000/render-960.png",
    "render_mid": "/Users/dennisonbertram/Develop/flipbook-research/outputs/track-c/20260424T233953056349Z-c2-lite-glyph-layout-reflow-c52-reflow-weightonly-c32h160-s16000-1536x864-s16000/render-mid.png",
    "render_last": "/Users/dennisonbertram/Develop/flipbook-research/outputs/track-c/20260424T233953056349Z-c2-lite-glyph-layout-reflow-c52-reflow-weightonly-c32h160-s16000-1536x864-s16000/render-last.png",
    "render_512": "/Users/dennisonbertram/Develop/flipbook-research/outputs/track-c/20260424T233953056349Z-c2-lite-glyph-layout-reflow-c52-reflow-weightonly-c32h160-s16000-1536x864-s16000/render-512.png",
    "crop_2x": "/Users/dennisonbertram/Develop/flipbook-research/outputs/track-c/20260424T233953056349Z-c2-lite-glyph-layout-reflow-c52-reflow-weightonly-c32h160-s16000-1536x864-s16000/crop-2x.png",
    "text_mask": "/Users/dennisonbertram/Develop/flipbook-research/outputs/track-c/20260424T233953056349Z-c2-lite-glyph-layout-reflow-c52-reflow-weightonly-c32h160-s16000-1536x864-s16000/text-mask.png",
    "element_alpha_mask": "/Users/dennisonbertram/Develop/flipbook-research/outputs/track-c/20260424T233953056349Z-c2-lite-glyph-layout-reflow-c52-reflow-weightonly-c32h160-s16000-1536x864-s16000/element-alpha-mask.png",
    "target_mid": "/Users/dennisonbertram/Develop/flipbook-research/outputs/track-c/20260424T233953056349Z-c2-lite-glyph-layout-reflow-c52-reflow-weightonly-c32h160-s16000-1536x864-s16000/target-mid.png",
    "text_boxes": "/Users/dennisonbertram/Develop/flipbook-research/outputs/track-c/20260424T233953056349Z-c2-lite-glyph-layout-reflow-c52-reflow-weightonly-c32h160-s16000-1536x864-s16000/text-boxes.json",
    "output": "/Users/dennisonbertram/Develop/flipbook-research/outputs/track-c/20260424T233953056349Z-c2-lite-glyph-layout-reflow-c52-reflow-weightonly-c32h160-s16000-1536x864-s16000/output.mp4",
    "metrics": "/Users/dennisonbertram/Develop/flipbook-research/outputs/track-c/20260424T233953056349Z-c2-lite-glyph-layout-reflow-c52-reflow-weightonly-c32h160-s16000-1536x864-s16000/metrics.json",
    "quality": "/Users/dennisonbertram/Develop/flipbook-research/outputs/track-c/20260424T233953056349Z-c2-lite-glyph-layout-reflow-c52-reflow-weightonly-c32h160-s16000-1536x864-s16000/quality.json"
  },
  "ocr_similarity": 0.45054945054945056,
  "layout_similarity": 0.9993462301721393,
  "motion_delta": 0.056577932089567184,
  "loop_error": 0.0009593999711796641,
  "status": "near_miss"
}
DONE 20260424T233953056349Z-c2-lite-glyph-layout-reflow-c52-reflow-weightonly-c32h160-s16000-1536x864-s16000 quality=0.4505 motion=0.0566
Stopping app - local entrypoint completed.
✓ App completed. View run at 
https://modal.com/apps/dennisonbertram/main/ap-qtY75oPKCcIZJCjF9Ke5u4
