✓ Initialized. View run at 
https://modal.com/apps/dennisonbertram/main/ap-56qIMgOVvN2N3G7tF3ygsY
✓ Created objects.
├── 🔨 Created mount 
│   /Users/dennisonbertram/Develop/flipbook-research/scripts/track_c/modal_canva
│   s_c2_lite.py
└── 🔨 Created function train_and_render_motion.
START 20260424T234525441761Z-c2-lite-glyph-layout-reflow-c52-reflow-target-b196-c32h160-s10000-seed2-1536x864-s10000 config={"batch_size": 196608, "channels": 32, "edge_loss_weight": 0.9, "edge_sample_ratio": 0.09, "element_anchor_mode": "line", "element_anchor_padding": 3, "element_mask_mode": "rectangle", "element_render_mode": "sequential", "element_scale_ratio": 0.25, "experiment_label": "c52-reflow-target-b196-c32h160-s10000-seed2", "flow_scale": 0.1, "fps": 24, "frames": 33, "freq_bands": 10, "grad_clip": 0.5, "hidden": 160, "layout_mid_time_ratio": 0.6, "layout_mid_time_width": 0.28, "layout_supersample": 1.0, "layout_target_sampling": 1, "layout_target_sampling_ratio": 1.0, "layout_target_weighting": 1, "layout_transform_pan": 0.0, "layout_transform_strength": 0.0, "lr": 0.01, "lr_schedule": "constant", "min_lr_ratio": 0.1, "min_motion_delta": 0.045, "min_ocr_similarity": 0.54, "motion_mode": "layout-reflow", "motion_strength": 1.0, "seed": 2, "source_resolution": [1280, 736], "steps": 10000, "text_box_loss_weight": 0.0, "text_box_min_conf": 55.0, "text_box_padding": 0, "text_box_sample_ratio": 0.0, "text_boxes": "0 boxes", "time_bands": 4, "train_resolution": "1536x864", "video_layout_mode": "none", "video_viewport_mode": "static", "viewport_pan": 0.0, "viewport_zoom": 0.0}
{
  "canvas_type": "time-conditioned-latent-feature-grid-learned-flow-mlp-glyph-weighted",
  "train_resolution": "1536x864",
  "steps": 10000,
  "batch_size": 196608,
  "channels": 32,
  "hidden": 160,
  "freq_bands": 10,
  "time_bands": 4,
  "lr": 0.01,
  "lr_schedule": "constant",
  "min_lr_ratio": 0.1,
  "grad_clip": 0.5,
  "seed": 2,
  "experiment_label": "c52-reflow-target-b196-c32h160-s10000-seed2",
  "flow_scale": 0.1,
  "motion_mode": "layout-reflow",
  "motion_strength": 1.0,
  "video_viewport_mode": "static",
  "viewport_zoom": 0.0,
  "viewport_pan": 0.0,
  "video_layout_mode": "none",
  "layout_transform_strength": 0.0,
  "layout_transform_pan": 0.0,
  "layout_supersample": 1.0,
  "layout_region_count": 0,
  "element_scale_ratio": 0.25,
  "element_anchor_padding": 3,
  "element_mask_mode": "rectangle",
  "element_anchor_mode": "line",
  "element_render_mode": "sequential",
  "element_line_count": 0,
  "min_ocr_similarity": 0.54,
  "min_motion_delta": 0.045,
  "edge_sample_ratio": 0.09,
  "edge_loss_weight": 0.9,
  "text_box_sample_ratio": 0.0,
  "text_box_loss_weight": 0.0,
  "text_box_padding": 0,
  "layout_target_sampling": 1,
  "layout_target_weighting": 1,
  "layout_target_sampling_ratio": 1.0,
  "layout_mid_time_ratio": 0.6,
  "layout_mid_time_width": 0.28,
  "text_box_count": 0,
  "text_mask_coverage": 0.0,
  "element_alpha_coverage": 0.0,
  "compile_ms": 242674.155241,
  "final_mse": 0.0017526394221931696,
  "losses": [
    {
      "step": 0,
      "mse": 0.23185859620571136
    },
    {
      "step": 500,
      "mse": 0.007781434804201126
    },
    {
      "step": 1000,
      "mse": 0.0054111843928694725
    },
    {
      "step": 1500,
      "mse": 0.004209648352116346
    },
    {
      "step": 2000,
      "mse": 0.003520471043884754
    },
    {
      "step": 2500,
      "mse": 0.0031570603605359793
    },
    {
      "step": 3000,
      "mse": 0.0028175159823149443
    },
    {
      "step": 3500,
      "mse": 0.0026748995296657085
    },
    {
      "step": 4000,
      "mse": 0.002517509739845991
    },
    {
      "step": 4500,
      "mse": 0.002335299737751484
    },
    {
      "step": 5000,
      "mse": 0.0022178746294230223
    },
    {
      "step": 5500,
      "mse": 0.0022266176529228687
    },
    {
      "step": 6000,
      "mse": 0.002044283552095294
    },
    {
      "step": 6500,
      "mse": 0.002058296464383602
    },
    {
      "step": 7000,
      "mse": 0.0019484441727399826
    },
    {
      "step": 7500,
      "mse": 0.0020401100628077984
    },
    {
      "step": 8000,
      "mse": 0.001860658056102693
    },
    {
      "step": 8500,
      "mse": 0.0017869876464828849
    },
    {
      "step": 9000,
      "mse": 0.001771451672539115
    },
    {
      "step": 9500,
      "mse": 0.0017114437650889158
    },
    {
      "step": 9999,
      "mse": 0.0017526394221931696
    }
  ],
  "render_times": {
    "render-960.png": 14.105793999988236,
    "render-mid.png": 14.027010999996037,
    "render-last.png": 14.009777000012491,
    "render-512.png": 3.894924999997329,
    "crop-2x.png": 13.850758999979007
  },
  "render_960_ms": 14.105793999988236,
  "render_33_wall_ms": 453.6735049999834,
  "encode_ms": 238.19986399999493,
  "resize_consistency": 0.9992823325116467,
  "temporal_consistency": 0.9983173942891881,
  "motion_delta_model": 0.057597603648900986,
  "loop_error_model": 0.001682605710811913,
  "description": "C4.7 neural canvas: learned full page layout reflow from x,y,t",
  "run_id": "20260424T234525441761Z-c2-lite-glyph-layout-reflow-c52-reflow-target-b196-c32h160-s10000-seed2-1536x864-s10000",
  "commit": "75be0e6",
  "track": "C",
  "width": 960,
  "height": 544,
  "frames": 33,
  "fps": 24,
  "artifacts": {
    "input": "/Users/dennisonbertram/Develop/flipbook-research/outputs/track-c/20260424T234525441761Z-c2-lite-glyph-layout-reflow-c52-reflow-target-b196-c32h160-s10000-seed2-1536x864-s10000/input.png",
    "render_960": "/Users/dennisonbertram/Develop/flipbook-research/outputs/track-c/20260424T234525441761Z-c2-lite-glyph-layout-reflow-c52-reflow-target-b196-c32h160-s10000-seed2-1536x864-s10000/render-960.png",
    "render_mid": "/Users/dennisonbertram/Develop/flipbook-research/outputs/track-c/20260424T234525441761Z-c2-lite-glyph-layout-reflow-c52-reflow-target-b196-c32h160-s10000-seed2-1536x864-s10000/render-mid.png",
    "render_last": "/Users/dennisonbertram/Develop/flipbook-research/outputs/track-c/20260424T234525441761Z-c2-lite-glyph-layout-reflow-c52-reflow-target-b196-c32h160-s10000-seed2-1536x864-s10000/render-last.png",
    "render_512": "/Users/dennisonbertram/Develop/flipbook-research/outputs/track-c/20260424T234525441761Z-c2-lite-glyph-layout-reflow-c52-reflow-target-b196-c32h160-s10000-seed2-1536x864-s10000/render-512.png",
    "crop_2x": "/Users/dennisonbertram/Develop/flipbook-research/outputs/track-c/20260424T234525441761Z-c2-lite-glyph-layout-reflow-c52-reflow-target-b196-c32h160-s10000-seed2-1536x864-s10000/crop-2x.png",
    "text_mask": "/Users/dennisonbertram/Develop/flipbook-research/outputs/track-c/20260424T234525441761Z-c2-lite-glyph-layout-reflow-c52-reflow-target-b196-c32h160-s10000-seed2-1536x864-s10000/text-mask.png",
    "element_alpha_mask": "/Users/dennisonbertram/Develop/flipbook-research/outputs/track-c/20260424T234525441761Z-c2-lite-glyph-layout-reflow-c52-reflow-target-b196-c32h160-s10000-seed2-1536x864-s10000/element-alpha-mask.png",
    "target_mid": "/Users/dennisonbertram/Develop/flipbook-research/outputs/track-c/20260424T234525441761Z-c2-lite-glyph-layout-reflow-c52-reflow-target-b196-c32h160-s10000-seed2-1536x864-s10000/target-mid.png",
    "text_boxes": "/Users/dennisonbertram/Develop/flipbook-research/outputs/track-c/20260424T234525441761Z-c2-lite-glyph-layout-reflow-c52-reflow-target-b196-c32h160-s10000-seed2-1536x864-s10000/text-boxes.json",
    "output": "/Users/dennisonbertram/Develop/flipbook-research/outputs/track-c/20260424T234525441761Z-c2-lite-glyph-layout-reflow-c52-reflow-target-b196-c32h160-s10000-seed2-1536x864-s10000/output.mp4",
    "metrics": "/Users/dennisonbertram/Develop/flipbook-research/outputs/track-c/20260424T234525441761Z-c2-lite-glyph-layout-reflow-c52-reflow-target-b196-c32h160-s10000-seed2-1536x864-s10000/metrics.json",
    "quality": "/Users/dennisonbertram/Develop/flipbook-research/outputs/track-c/20260424T234525441761Z-c2-lite-glyph-layout-reflow-c52-reflow-target-b196-c32h160-s10000-seed2-1536x864-s10000/quality.json"
  },
  "ocr_similarity": 0.5490196078431373,
  "layout_similarity": 0.9992823325116467,
  "motion_delta": 0.043649010360240936,
  "loop_error": 0.0011218530125916004,
  "status": "near_miss"
}
DONE 20260424T234525441761Z-c2-lite-glyph-layout-reflow-c52-reflow-target-b196-c32h160-s10000-seed2-1536x864-s10000 quality=0.5490 motion=0.0436
Stopping app - local entrypoint completed.
✓ App completed. View run at 
https://modal.com/apps/dennisonbertram/main/ap-56qIMgOVvN2N3G7tF3ygsY
