✓ Initialized. View run at 
https://modal.com/apps/dennisonbertram/main/ap-B9mFf3TUNR295Q447v5zbS
✓ Created objects.
├── 🔨 Created mount 
│   /Users/dennisonbertram/Develop/flipbook-research/scripts/track_c/modal_canva
│   s_c2_lite.py
└── 🔨 Created function train_and_render_motion.
START 20260424T235915498798Z-c2-lite-glyph-layout-reflow-c53-reflow-weightonly-l1-100-c32h160-s14000-1536x864-s14000 config={"batch_size": 131072, "channels": 32, "edge_loss_weight": 0.9, "edge_sample_ratio": 0.09, "element_anchor_mode": "line", "element_anchor_padding": 3, "element_mask_mode": "rectangle", "element_render_mode": "sequential", "element_scale_ratio": 0.25, "experiment_label": "c53-reflow-weightonly-l1-100-c32h160-s14000", "flow_scale": 0.1, "fps": 24, "frames": 33, "freq_bands": 10, "grad_clip": 0.5, "hidden": 160, "l1_loss_weight": 1.0, "layout_mid_time_ratio": 0.6, "layout_mid_time_width": 0.28, "layout_supersample": 1.0, "layout_target_sampling": 0, "layout_target_sampling_ratio": 1.0, "layout_target_weighting": 1, "layout_transform_pan": 0.0, "layout_transform_strength": 0.0, "lr": 0.01, "lr_schedule": "constant", "min_lr_ratio": 0.1, "min_motion_delta": 0.045, "min_ocr_similarity": 0.54, "motion_mode": "layout-reflow", "motion_strength": 1.0, "seed": 0, "source_resolution": [1280, 736], "steps": 14000, "text_box_loss_weight": 0.0, "text_box_min_conf": 55.0, "text_box_padding": 0, "text_box_sample_ratio": 0.0, "text_boxes": "0 boxes", "time_bands": 4, "train_resolution": "1536x864", "video_layout_mode": "none", "video_viewport_mode": "static", "viewport_pan": 0.0, "viewport_zoom": 0.0}
{
  "canvas_type": "time-conditioned-latent-feature-grid-learned-flow-mlp-glyph-weighted",
  "train_resolution": "1536x864",
  "steps": 14000,
  "batch_size": 131072,
  "channels": 32,
  "hidden": 160,
  "freq_bands": 10,
  "time_bands": 4,
  "lr": 0.01,
  "lr_schedule": "constant",
  "min_lr_ratio": 0.1,
  "grad_clip": 0.5,
  "l1_loss_weight": 1.0,
  "seed": 0,
  "experiment_label": "c53-reflow-weightonly-l1-100-c32h160-s14000",
  "flow_scale": 0.1,
  "motion_mode": "layout-reflow",
  "motion_strength": 1.0,
  "video_viewport_mode": "static",
  "viewport_zoom": 0.0,
  "viewport_pan": 0.0,
  "video_layout_mode": "none",
  "layout_transform_strength": 0.0,
  "layout_transform_pan": 0.0,
  "layout_supersample": 1.0,
  "layout_region_count": 0,
  "element_scale_ratio": 0.25,
  "element_anchor_padding": 3,
  "element_mask_mode": "rectangle",
  "element_anchor_mode": "line",
  "element_render_mode": "sequential",
  "element_line_count": 0,
  "min_ocr_similarity": 0.54,
  "min_motion_delta": 0.045,
  "edge_sample_ratio": 0.09,
  "edge_loss_weight": 0.9,
  "text_box_sample_ratio": 0.0,
  "text_box_loss_weight": 0.0,
  "text_box_padding": 0,
  "layout_target_sampling": 0,
  "layout_target_weighting": 1,
  "layout_target_sampling_ratio": 1.0,
  "layout_mid_time_ratio": 0.6,
  "layout_mid_time_width": 0.28,
  "text_box_count": 0,
  "text_mask_coverage": 0.0,
  "element_alpha_coverage": 0.0,
  "compile_ms": 254017.42530299997,
  "final_mse": 0.08991153538227081,
  "losses": [
    {
      "step": 0,
      "mse": 0.7064893841743469
    },
    {
      "step": 700,
      "mse": 0.08971817791461945
    },
    {
      "step": 1400,
      "mse": 0.09042572230100632
    },
    {
      "step": 2100,
      "mse": 0.08967922627925873
    },
    {
      "step": 2800,
      "mse": 0.08929985761642456
    },
    {
      "step": 3500,
      "mse": 0.09057658165693283
    },
    {
      "step": 4200,
      "mse": 0.08851532638072968
    },
    {
      "step": 4900,
      "mse": 0.08985407650470734
    },
    {
      "step": 5600,
      "mse": 0.08737561106681824
    },
    {
      "step": 6300,
      "mse": 0.08931398391723633
    },
    {
      "step": 7000,
      "mse": 0.08985576778650284
    },
    {
      "step": 7700,
      "mse": 0.09049373120069504
    },
    {
      "step": 8400,
      "mse": 0.08978406339883804
    },
    {
      "step": 9100,
      "mse": 0.08938378095626831
    },
    {
      "step": 9800,
      "mse": 0.09088042378425598
    },
    {
      "step": 10500,
      "mse": 0.09022815525531769
    },
    {
      "step": 11200,
      "mse": 0.08836273849010468
    },
    {
      "step": 11900,
      "mse": 0.089560866355896
    },
    {
      "step": 12600,
      "mse": 0.08920077234506607
    },
    {
      "step": 13300,
      "mse": 0.0903145968914032
    },
    {
      "step": 13999,
      "mse": 0.08991153538227081
    }
  ],
  "render_times": {
    "render-960.png": 14.140170999951351,
    "render-mid.png": 14.012234000006174,
    "render-last.png": 14.014393000024938,
    "render-512.png": 3.839056000003893,
    "crop-2x.png": 13.84090300001617
  },
  "render_960_ms": 14.140170999951351,
  "render_33_wall_ms": 453.6425089999625,
  "encode_ms": 229.77527799997688,
  "resize_consistency": 0.9873130554879733,
  "temporal_consistency": 0.9999999965175839,
  "motion_delta_model": 3.482339971938586e-09,
  "loop_error_model": 3.4824161332380754e-09,
  "description": "C4.7 neural canvas: learned full page layout reflow from x,y,t",
  "run_id": "20260424T235915498798Z-c2-lite-glyph-layout-reflow-c53-reflow-weightonly-l1-100-c32h160-s14000-1536x864-s14000",
  "commit": "3d7fee0",
  "track": "C",
  "width": 960,
  "height": 544,
  "frames": 33,
  "fps": 24,
  "artifacts": {
    "input": "/Users/dennisonbertram/Develop/flipbook-research/outputs/track-c/20260424T235915498798Z-c2-lite-glyph-layout-reflow-c53-reflow-weightonly-l1-100-c32h160-s14000-1536x864-s14000/input.png",
    "render_960": "/Users/dennisonbertram/Develop/flipbook-research/outputs/track-c/20260424T235915498798Z-c2-lite-glyph-layout-reflow-c53-reflow-weightonly-l1-100-c32h160-s14000-1536x864-s14000/render-960.png",
    "render_mid": "/Users/dennisonbertram/Develop/flipbook-research/outputs/track-c/20260424T235915498798Z-c2-lite-glyph-layout-reflow-c53-reflow-weightonly-l1-100-c32h160-s14000-1536x864-s14000/render-mid.png",
    "render_last": "/Users/dennisonbertram/Develop/flipbook-research/outputs/track-c/20260424T235915498798Z-c2-lite-glyph-layout-reflow-c53-reflow-weightonly-l1-100-c32h160-s14000-1536x864-s14000/render-last.png",
    "render_512": "/Users/dennisonbertram/Develop/flipbook-research/outputs/track-c/20260424T235915498798Z-c2-lite-glyph-layout-reflow-c53-reflow-weightonly-l1-100-c32h160-s14000-1536x864-s14000/render-512.png",
    "crop_2x": "/Users/dennisonbertram/Develop/flipbook-research/outputs/track-c/20260424T235915498798Z-c2-lite-glyph-layout-reflow-c53-reflow-weightonly-l1-100-c32h160-s14000-1536x864-s14000/crop-2x.png",
    "text_mask": "/Users/dennisonbertram/Develop/flipbook-research/outputs/track-c/20260424T235915498798Z-c2-lite-glyph-layout-reflow-c53-reflow-weightonly-l1-100-c32h160-s14000-1536x864-s14000/text-mask.png",
    "element_alpha_mask": "/Users/dennisonbertram/Develop/flipbook-research/outputs/track-c/20260424T235915498798Z-c2-lite-glyph-layout-reflow-c53-reflow-weightonly-l1-100-c32h160-s14000-1536x864-s14000/element-alpha-mask.png",
    "target_mid": "/Users/dennisonbertram/Develop/flipbook-research/outputs/track-c/20260424T235915498798Z-c2-lite-glyph-layout-reflow-c53-reflow-weightonly-l1-100-c32h160-s14000-1536x864-s14000/target-mid.png",
    "text_boxes": "/Users/dennisonbertram/Develop/flipbook-research/outputs/track-c/20260424T235915498798Z-c2-lite-glyph-layout-reflow-c53-reflow-weightonly-l1-100-c32h160-s14000-1536x864-s14000/text-boxes.json",
    "output": "/Users/dennisonbertram/Develop/flipbook-research/outputs/track-c/20260424T235915498798Z-c2-lite-glyph-layout-reflow-c53-reflow-weightonly-l1-100-c32h160-s14000-1536x864-s14000/output.mp4",
    "metrics": "/Users/dennisonbertram/Develop/flipbook-research/outputs/track-c/20260424T235915498798Z-c2-lite-glyph-layout-reflow-c53-reflow-weightonly-l1-100-c32h160-s14000-1536x864-s14000/metrics.json",
    "quality": "/Users/dennisonbertram/Develop/flipbook-research/outputs/track-c/20260424T235915498798Z-c2-lite-glyph-layout-reflow-c53-reflow-weightonly-l1-100-c32h160-s14000-1536x864-s14000/quality.json"
  },
  "ocr_similarity": 0.0,
  "layout_similarity": 0.9873130554879733,
  "motion_delta": 0.0,
  "loop_error": 0.0,
  "status": "near_miss"
}
DONE 20260424T235915498798Z-c2-lite-glyph-layout-reflow-c53-reflow-weightonly-l1-100-c32h160-s14000-1536x864-s14000 quality=0.0000 motion=0.0000
Stopping app - local entrypoint completed.
✓ App completed. View run at 
https://modal.com/apps/dennisonbertram/main/ap-B9mFf3TUNR295Q447v5zbS
