✓ Initialized. View run at 
https://modal.com/apps/dennisonbertram/main/ap-cex7hS8Gakvf8YjRE3GLPe
✓ Created objects.
├── 🔨 Created mount 
│   /Users/dennisonbertram/Develop/flipbook-research/scripts/track_c/modal_canva
│   s_c2_lite.py
└── 🔨 Created function train_and_render_motion.
START 20260424T235920923856Z-c2-lite-glyph-layout-reflow-c53-reflow-target-full-l1-025-b196-s10000-1536x864-s10000 config={"batch_size": 196608, "channels": 32, "edge_loss_weight": 0.9, "edge_sample_ratio": 0.09, "element_anchor_mode": "line", "element_anchor_padding": 3, "element_mask_mode": "rectangle", "element_render_mode": "sequential", "element_scale_ratio": 0.25, "experiment_label": "c53-reflow-target-full-l1-025-b196-s10000", "flow_scale": 0.1, "fps": 24, "frames": 33, "freq_bands": 10, "grad_clip": 0.5, "hidden": 160, "l1_loss_weight": 0.25, "layout_mid_time_ratio": 0.6, "layout_mid_time_width": 0.28, "layout_supersample": 1.0, "layout_target_sampling": 1, "layout_target_sampling_ratio": 1.0, "layout_target_weighting": 1, "layout_transform_pan": 0.0, "layout_transform_strength": 0.0, "lr": 0.01, "lr_schedule": "constant", "min_lr_ratio": 0.1, "min_motion_delta": 0.045, "min_ocr_similarity": 0.55, "motion_mode": "layout-reflow", "motion_strength": 1.0, "seed": 0, "source_resolution": [1280, 736], "steps": 10000, "text_box_loss_weight": 0.0, "text_box_min_conf": 55.0, "text_box_padding": 0, "text_box_sample_ratio": 0.0, "text_boxes": "0 boxes", "time_bands": 4, "train_resolution": "1536x864", "video_layout_mode": "none", "video_viewport_mode": "static", "viewport_pan": 0.0, "viewport_zoom": 0.0}
{
  "canvas_type": "time-conditioned-latent-feature-grid-learned-flow-mlp-glyph-weighted",
  "train_resolution": "1536x864",
  "steps": 10000,
  "batch_size": 196608,
  "channels": 32,
  "hidden": 160,
  "freq_bands": 10,
  "time_bands": 4,
  "lr": 0.01,
  "lr_schedule": "constant",
  "min_lr_ratio": 0.1,
  "grad_clip": 0.5,
  "l1_loss_weight": 0.25,
  "seed": 0,
  "experiment_label": "c53-reflow-target-full-l1-025-b196-s10000",
  "flow_scale": 0.1,
  "motion_mode": "layout-reflow",
  "motion_strength": 1.0,
  "video_viewport_mode": "static",
  "viewport_zoom": 0.0,
  "viewport_pan": 0.0,
  "video_layout_mode": "none",
  "layout_transform_strength": 0.0,
  "layout_transform_pan": 0.0,
  "layout_supersample": 1.0,
  "layout_region_count": 0,
  "element_scale_ratio": 0.25,
  "element_anchor_padding": 3,
  "element_mask_mode": "rectangle",
  "element_anchor_mode": "line",
  "element_render_mode": "sequential",
  "element_line_count": 0,
  "min_ocr_similarity": 0.55,
  "min_motion_delta": 0.045,
  "edge_sample_ratio": 0.09,
  "edge_loss_weight": 0.9,
  "text_box_sample_ratio": 0.0,
  "text_box_loss_weight": 0.0,
  "text_box_padding": 0,
  "layout_target_sampling": 1,
  "layout_target_weighting": 1,
  "layout_target_sampling_ratio": 1.0,
  "layout_mid_time_ratio": 0.6,
  "layout_mid_time_width": 0.28,
  "text_box_count": 0,
  "text_mask_coverage": 0.0,
  "element_alpha_coverage": 0.0,
  "compile_ms": 244865.32813799998,
  "final_mse": 0.0065000830218195915,
  "losses": [
    {
      "step": 0,
      "mse": 0.3424180746078491
    },
    {
      "step": 500,
      "mse": 0.020436538383364677
    },
    {
      "step": 1000,
      "mse": 0.014551885426044464
    },
    {
      "step": 1500,
      "mse": 0.01273375004529953
    },
    {
      "step": 2000,
      "mse": 0.011131356470286846
    },
    {
      "step": 2500,
      "mse": 0.00971178151667118
    },
    {
      "step": 3000,
      "mse": 0.008949385024607182
    },
    {
      "step": 3500,
      "mse": 0.00947172287851572
    },
    {
      "step": 4000,
      "mse": 0.009838977828621864
    },
    {
      "step": 4500,
      "mse": 0.008334172889590263
    },
    {
      "step": 5000,
      "mse": 0.00891534797847271
    },
    {
      "step": 5500,
      "mse": 0.008341089822351933
    },
    {
      "step": 6000,
      "mse": 0.007772068493068218
    },
    {
      "step": 6500,
      "mse": 0.007718134205788374
    },
    {
      "step": 7000,
      "mse": 0.007264500018209219
    },
    {
      "step": 7500,
      "mse": 0.0074483854696154594
    },
    {
      "step": 8000,
      "mse": 0.007129000499844551
    },
    {
      "step": 8500,
      "mse": 0.007169079035520554
    },
    {
      "step": 9000,
      "mse": 0.0069922273978590965
    },
    {
      "step": 9500,
      "mse": 0.006685148924589157
    },
    {
      "step": 9999,
      "mse": 0.0065000830218195915
    }
  ],
  "render_times": {
    "render-960.png": 14.150816000011446,
    "render-mid.png": 14.047661000006428,
    "render-last.png": 14.043377999996665,
    "render-512.png": 3.8357340000061413,
    "crop-2x.png": 13.847114000014926
  },
  "render_960_ms": 14.150816000011446,
  "render_33_wall_ms": 453.9833879999833,
  "encode_ms": 252.93604799998093,
  "resize_consistency": 0.9994428543859333,
  "temporal_consistency": 0.9974378757178783,
  "motion_delta_model": 0.06303021311759949,
  "loop_error_model": 0.0025621242821216583,
  "description": "C4.7 neural canvas: learned full page layout reflow from x,y,t",
  "run_id": "20260424T235920923856Z-c2-lite-glyph-layout-reflow-c53-reflow-target-full-l1-025-b196-s10000-1536x864-s10000",
  "commit": "3d7fee0",
  "track": "C",
  "width": 960,
  "height": 544,
  "frames": 33,
  "fps": 24,
  "artifacts": {
    "input": "/Users/dennisonbertram/Develop/flipbook-research/outputs/track-c/20260424T235920923856Z-c2-lite-glyph-layout-reflow-c53-reflow-target-full-l1-025-b196-s10000-1536x864-s10000/input.png",
    "render_960": "/Users/dennisonbertram/Develop/flipbook-research/outputs/track-c/20260424T235920923856Z-c2-lite-glyph-layout-reflow-c53-reflow-target-full-l1-025-b196-s10000-1536x864-s10000/render-960.png",
    "render_mid": "/Users/dennisonbertram/Develop/flipbook-research/outputs/track-c/20260424T235920923856Z-c2-lite-glyph-layout-reflow-c53-reflow-target-full-l1-025-b196-s10000-1536x864-s10000/render-mid.png",
    "render_last": "/Users/dennisonbertram/Develop/flipbook-research/outputs/track-c/20260424T235920923856Z-c2-lite-glyph-layout-reflow-c53-reflow-target-full-l1-025-b196-s10000-1536x864-s10000/render-last.png",
    "render_512": "/Users/dennisonbertram/Develop/flipbook-research/outputs/track-c/20260424T235920923856Z-c2-lite-glyph-layout-reflow-c53-reflow-target-full-l1-025-b196-s10000-1536x864-s10000/render-512.png",
    "crop_2x": "/Users/dennisonbertram/Develop/flipbook-research/outputs/track-c/20260424T235920923856Z-c2-lite-glyph-layout-reflow-c53-reflow-target-full-l1-025-b196-s10000-1536x864-s10000/crop-2x.png",
    "text_mask": "/Users/dennisonbertram/Develop/flipbook-research/outputs/track-c/20260424T235920923856Z-c2-lite-glyph-layout-reflow-c53-reflow-target-full-l1-025-b196-s10000-1536x864-s10000/text-mask.png",
    "element_alpha_mask": "/Users/dennisonbertram/Develop/flipbook-research/outputs/track-c/20260424T235920923856Z-c2-lite-glyph-layout-reflow-c53-reflow-target-full-l1-025-b196-s10000-1536x864-s10000/element-alpha-mask.png",
    "target_mid": "/Users/dennisonbertram/Develop/flipbook-research/outputs/track-c/20260424T235920923856Z-c2-lite-glyph-layout-reflow-c53-reflow-target-full-l1-025-b196-s10000-1536x864-s10000/target-mid.png",
    "text_boxes": "/Users/dennisonbertram/Develop/flipbook-research/outputs/track-c/20260424T235920923856Z-c2-lite-glyph-layout-reflow-c53-reflow-target-full-l1-025-b196-s10000-1536x864-s10000/text-boxes.json",
    "output": "/Users/dennisonbertram/Develop/flipbook-research/outputs/track-c/20260424T235920923856Z-c2-lite-glyph-layout-reflow-c53-reflow-target-full-l1-025-b196-s10000-1536x864-s10000/output.mp4",
    "metrics": "/Users/dennisonbertram/Develop/flipbook-research/outputs/track-c/20260424T235920923856Z-c2-lite-glyph-layout-reflow-c53-reflow-target-full-l1-025-b196-s10000-1536x864-s10000/metrics.json",
    "quality": "/Users/dennisonbertram/Develop/flipbook-research/outputs/track-c/20260424T235920923856Z-c2-lite-glyph-layout-reflow-c53-reflow-target-full-l1-025-b196-s10000-1536x864-s10000/quality.json"
  },
  "ocr_similarity": 0.5454545454545455,
  "layout_similarity": 0.9994428543859333,
  "motion_delta": 0.049062538892030716,
  "loop_error": 0.0012113063130527735,
  "status": "near_miss"
}
DONE 20260424T235920923856Z-c2-lite-glyph-layout-reflow-c53-reflow-target-full-l1-025-b196-s10000-1536x864-s10000 quality=0.5455 motion=0.0491
Stopping app - local entrypoint completed.
✓ App completed. View run at 
https://modal.com/apps/dennisonbertram/main/ap-cex7hS8Gakvf8YjRE3GLPe
