✓ Initialized. View run at 
https://modal.com/apps/dennisonbertram/main/ap-CO3Cu2xCgNdi2AqZ4A1PZr
✓ Created objects.
├── 🔨 Created mount 
│   /Users/dennisonbertram/Develop/flipbook-research/scripts/track_c/modal_canva
│   s_c2_lite.py
└── 🔨 Created function train_and_render_motion.
START 20260424T235924225597Z-c2-lite-glyph-layout-reflow-c53-reflow-target-full-l1-050-c32h160-s14000-1536x864-s14000 config={"batch_size": 131072, "channels": 32, "edge_loss_weight": 0.9, "edge_sample_ratio": 0.09, "element_anchor_mode": "line", "element_anchor_padding": 3, "element_mask_mode": "rectangle", "element_render_mode": "sequential", "element_scale_ratio": 0.25, "experiment_label": "c53-reflow-target-full-l1-050-c32h160-s14000", "flow_scale": 0.1, "fps": 24, "frames": 33, "freq_bands": 10, "grad_clip": 0.5, "hidden": 160, "l1_loss_weight": 0.5, "layout_mid_time_ratio": 0.6, "layout_mid_time_width": 0.28, "layout_supersample": 1.0, "layout_target_sampling": 1, "layout_target_sampling_ratio": 1.0, "layout_target_weighting": 1, "layout_transform_pan": 0.0, "layout_transform_strength": 0.0, "lr": 0.01, "lr_schedule": "constant", "min_lr_ratio": 0.1, "min_motion_delta": 0.045, "min_ocr_similarity": 0.55, "motion_mode": "layout-reflow", "motion_strength": 1.0, "seed": 0, "source_resolution": [1280, 736], "steps": 14000, "text_box_loss_weight": 0.0, "text_box_min_conf": 55.0, "text_box_padding": 0, "text_box_sample_ratio": 0.0, "text_boxes": "0 boxes", "time_bands": 4, "train_resolution": "1536x864", "video_layout_mode": "none", "video_viewport_mode": "static", "viewport_pan": 0.0, "viewport_zoom": 0.0}
{
  "canvas_type": "time-conditioned-latent-feature-grid-learned-flow-mlp-glyph-weighted",
  "train_resolution": "1536x864",
  "steps": 14000,
  "batch_size": 131072,
  "channels": 32,
  "hidden": 160,
  "freq_bands": 10,
  "time_bands": 4,
  "lr": 0.01,
  "lr_schedule": "constant",
  "min_lr_ratio": 0.1,
  "grad_clip": 0.5,
  "l1_loss_weight": 0.5,
  "seed": 0,
  "experiment_label": "c53-reflow-target-full-l1-050-c32h160-s14000",
  "flow_scale": 0.1,
  "motion_mode": "layout-reflow",
  "motion_strength": 1.0,
  "video_viewport_mode": "static",
  "viewport_zoom": 0.0,
  "viewport_pan": 0.0,
  "video_layout_mode": "none",
  "layout_transform_strength": 0.0,
  "layout_transform_pan": 0.0,
  "layout_supersample": 1.0,
  "layout_region_count": 0,
  "element_scale_ratio": 0.25,
  "element_anchor_padding": 3,
  "element_mask_mode": "rectangle",
  "element_anchor_mode": "line",
  "element_render_mode": "sequential",
  "element_line_count": 0,
  "min_ocr_similarity": 0.55,
  "min_motion_delta": 0.045,
  "edge_sample_ratio": 0.09,
  "edge_loss_weight": 0.9,
  "text_box_sample_ratio": 0.0,
  "text_box_loss_weight": 0.0,
  "text_box_padding": 0,
  "layout_target_sampling": 1,
  "layout_target_weighting": 1,
  "layout_target_sampling_ratio": 1.0,
  "layout_mid_time_ratio": 0.6,
  "layout_mid_time_width": 0.28,
  "text_box_count": 0,
  "text_mask_coverage": 0.0,
  "element_alpha_coverage": 0.0,
  "compile_ms": 258321.40304900002,
  "final_mse": 0.008753710426390171,
  "losses": [
    {
      "step": 0,
      "mse": 0.46185022592544556
    },
    {
      "step": 700,
      "mse": 0.025360316038131714
    },
    {
      "step": 1400,
      "mse": 0.01754879765212536
    },
    {
      "step": 2100,
      "mse": 0.01505773700773716
    },
    {
      "step": 2800,
      "mse": 0.01347779668867588
    },
    {
      "step": 3500,
      "mse": 0.012822853401303291
    },
    {
      "step": 4200,
      "mse": 0.011943561024963856
    },
    {
      "step": 4900,
      "mse": 0.011556416749954224
    },
    {
      "step": 5600,
      "mse": 0.01094544492661953
    },
    {
      "step": 6300,
      "mse": 0.010608257725834846
    },
    {
      "step": 7000,
      "mse": 0.01006762683391571
    },
    {
      "step": 7700,
      "mse": 0.009884689003229141
    },
    {
      "step": 8400,
      "mse": 0.009947657585144043
    },
    {
      "step": 9100,
      "mse": 0.009688982740044594
    },
    {
      "step": 9800,
      "mse": 0.009362983517348766
    },
    {
      "step": 10500,
      "mse": 0.009132467210292816
    },
    {
      "step": 11200,
      "mse": 0.008963646367192268
    },
    {
      "step": 11900,
      "mse": 0.008922222070395947
    },
    {
      "step": 12600,
      "mse": 0.008988088928163052
    },
    {
      "step": 13300,
      "mse": 0.008678492158651352
    },
    {
      "step": 13999,
      "mse": 0.008753710426390171
    }
  ],
  "render_times": {
    "render-960.png": 14.080771999999797,
    "render-mid.png": 13.96988499999452,
    "render-last.png": 13.957993000019542,
    "render-512.png": 3.863228000000163,
    "crop-2x.png": 13.764283000000432
  },
  "render_960_ms": 14.080771999999797,
  "render_33_wall_ms": 451.98772900005224,
  "encode_ms": 245.21023899995953,
  "resize_consistency": 0.9995426475703831,
  "temporal_consistency": 0.9989032064331695,
  "motion_delta_model": 0.06295866519212723,
  "loop_error_model": 0.0010967935668304563,
  "description": "C4.7 neural canvas: learned full page layout reflow from x,y,t",
  "run_id": "20260424T235924225597Z-c2-lite-glyph-layout-reflow-c53-reflow-target-full-l1-050-c32h160-s14000-1536x864-s14000",
  "commit": "3d7fee0",
  "track": "C",
  "width": 960,
  "height": 544,
  "frames": 33,
  "fps": 24,
  "artifacts": {
    "input": "/Users/dennisonbertram/Develop/flipbook-research/outputs/track-c/20260424T235924225597Z-c2-lite-glyph-layout-reflow-c53-reflow-target-full-l1-050-c32h160-s14000-1536x864-s14000/input.png",
    "render_960": "/Users/dennisonbertram/Develop/flipbook-research/outputs/track-c/20260424T235924225597Z-c2-lite-glyph-layout-reflow-c53-reflow-target-full-l1-050-c32h160-s14000-1536x864-s14000/render-960.png",
    "render_mid": "/Users/dennisonbertram/Develop/flipbook-research/outputs/track-c/20260424T235924225597Z-c2-lite-glyph-layout-reflow-c53-reflow-target-full-l1-050-c32h160-s14000-1536x864-s14000/render-mid.png",
    "render_last": "/Users/dennisonbertram/Develop/flipbook-research/outputs/track-c/20260424T235924225597Z-c2-lite-glyph-layout-reflow-c53-reflow-target-full-l1-050-c32h160-s14000-1536x864-s14000/render-last.png",
    "render_512": "/Users/dennisonbertram/Develop/flipbook-research/outputs/track-c/20260424T235924225597Z-c2-lite-glyph-layout-reflow-c53-reflow-target-full-l1-050-c32h160-s14000-1536x864-s14000/render-512.png",
    "crop_2x": "/Users/dennisonbertram/Develop/flipbook-research/outputs/track-c/20260424T235924225597Z-c2-lite-glyph-layout-reflow-c53-reflow-target-full-l1-050-c32h160-s14000-1536x864-s14000/crop-2x.png",
    "text_mask": "/Users/dennisonbertram/Develop/flipbook-research/outputs/track-c/20260424T235924225597Z-c2-lite-glyph-layout-reflow-c53-reflow-target-full-l1-050-c32h160-s14000-1536x864-s14000/text-mask.png",
    "element_alpha_mask": "/Users/dennisonbertram/Develop/flipbook-research/outputs/track-c/20260424T235924225597Z-c2-lite-glyph-layout-reflow-c53-reflow-target-full-l1-050-c32h160-s14000-1536x864-s14000/element-alpha-mask.png",
    "target_mid": "/Users/dennisonbertram/Develop/flipbook-research/outputs/track-c/20260424T235924225597Z-c2-lite-glyph-layout-reflow-c53-reflow-target-full-l1-050-c32h160-s14000-1536x864-s14000/target-mid.png",
    "text_boxes": "/Users/dennisonbertram/Develop/flipbook-research/outputs/track-c/20260424T235924225597Z-c2-lite-glyph-layout-reflow-c53-reflow-target-full-l1-050-c32h160-s14000-1536x864-s14000/text-boxes.json",
    "output": "/Users/dennisonbertram/Develop/flipbook-research/outputs/track-c/20260424T235924225597Z-c2-lite-glyph-layout-reflow-c53-reflow-target-full-l1-050-c32h160-s14000-1536x864-s14000/output.mp4",
    "metrics": "/Users/dennisonbertram/Develop/flipbook-research/outputs/track-c/20260424T235924225597Z-c2-lite-glyph-layout-reflow-c53-reflow-target-full-l1-050-c32h160-s14000-1536x864-s14000/metrics.json",
    "quality": "/Users/dennisonbertram/Develop/flipbook-research/outputs/track-c/20260424T235924225597Z-c2-lite-glyph-layout-reflow-c53-reflow-target-full-l1-050-c32h160-s14000-1536x864-s14000/quality.json"
  },
  "ocr_similarity": 0.4970414201183431,
  "layout_similarity": 0.9995426475703831,
  "motion_delta": 0.04936796426773071,
  "loop_error": 0.0007141127716749907,
  "status": "near_miss"
}
DONE 20260424T235924225597Z-c2-lite-glyph-layout-reflow-c53-reflow-target-full-l1-050-c32h160-s14000-1536x864-s14000 quality=0.4970 motion=0.0494
Stopping app - local entrypoint completed.
✓ App completed. View run at 
https://modal.com/apps/dennisonbertram/main/ap-CO3Cu2xCgNdi2AqZ4A1PZr
