✓ Initialized. View run at 
https://modal.com/apps/dennisonbertram/main/ap-wZ6aF5gqlItKCBSBCI0ekG
✓ Created objects.
├── 🔨 Created mount 
│   /Users/dennisonbertram/Develop/flipbook-research/scripts/track_c/modal_canva
│   s_c2_lite.py
└── 🔨 Created function train_and_render_motion.
START 20260424T235922154324Z-c2-lite-glyph-layout-reflow-c53-reflow-target-s050-l1-050-c32h160-s14000-1536x864-s14000 config={"batch_size": 131072, "channels": 32, "edge_loss_weight": 0.9, "edge_sample_ratio": 0.09, "element_anchor_mode": "line", "element_anchor_padding": 3, "element_mask_mode": "rectangle", "element_render_mode": "sequential", "element_scale_ratio": 0.25, "experiment_label": "c53-reflow-target-s050-l1-050-c32h160-s14000", "flow_scale": 0.1, "fps": 24, "frames": 33, "freq_bands": 10, "grad_clip": 0.5, "hidden": 160, "l1_loss_weight": 0.5, "layout_mid_time_ratio": 0.6, "layout_mid_time_width": 0.28, "layout_supersample": 1.0, "layout_target_sampling": 1, "layout_target_sampling_ratio": 0.5, "layout_target_weighting": 1, "layout_transform_pan": 0.0, "layout_transform_strength": 0.0, "lr": 0.01, "lr_schedule": "constant", "min_lr_ratio": 0.1, "min_motion_delta": 0.045, "min_ocr_similarity": 0.55, "motion_mode": "layout-reflow", "motion_strength": 1.0, "seed": 0, "source_resolution": [1280, 736], "steps": 14000, "text_box_loss_weight": 0.0, "text_box_min_conf": 55.0, "text_box_padding": 0, "text_box_sample_ratio": 0.0, "text_boxes": "0 boxes", "time_bands": 4, "train_resolution": "1536x864", "video_layout_mode": "none", "video_viewport_mode": "static", "viewport_pan": 0.0, "viewport_zoom": 0.0}
{
  "canvas_type": "time-conditioned-latent-feature-grid-learned-flow-mlp-glyph-weighted",
  "train_resolution": "1536x864",
  "steps": 14000,
  "batch_size": 131072,
  "channels": 32,
  "hidden": 160,
  "freq_bands": 10,
  "time_bands": 4,
  "lr": 0.01,
  "lr_schedule": "constant",
  "min_lr_ratio": 0.1,
  "grad_clip": 0.5,
  "l1_loss_weight": 0.5,
  "seed": 0,
  "experiment_label": "c53-reflow-target-s050-l1-050-c32h160-s14000",
  "flow_scale": 0.1,
  "motion_mode": "layout-reflow",
  "motion_strength": 1.0,
  "video_viewport_mode": "static",
  "viewport_zoom": 0.0,
  "viewport_pan": 0.0,
  "video_layout_mode": "none",
  "layout_transform_strength": 0.0,
  "layout_transform_pan": 0.0,
  "layout_supersample": 1.0,
  "layout_region_count": 0,
  "element_scale_ratio": 0.25,
  "element_anchor_padding": 3,
  "element_mask_mode": "rectangle",
  "element_anchor_mode": "line",
  "element_render_mode": "sequential",
  "element_line_count": 0,
  "min_ocr_similarity": 0.55,
  "min_motion_delta": 0.045,
  "edge_sample_ratio": 0.09,
  "edge_loss_weight": 0.9,
  "text_box_sample_ratio": 0.0,
  "text_box_loss_weight": 0.0,
  "text_box_padding": 0,
  "layout_target_sampling": 1,
  "layout_target_weighting": 1,
  "layout_target_sampling_ratio": 0.5,
  "layout_mid_time_ratio": 0.6,
  "layout_mid_time_width": 0.28,
  "text_box_count": 0,
  "text_mask_coverage": 0.0,
  "element_alpha_coverage": 0.0,
  "compile_ms": 258363.04329,
  "final_mse": 0.008503280580043793,
  "losses": [
    {
      "step": 0,
      "mse": 0.4638279676437378
    },
    {
      "step": 700,
      "mse": 0.022719964385032654
    },
    {
      "step": 1400,
      "mse": 0.017228607088327408
    },
    {
      "step": 2100,
      "mse": 0.01431654766201973
    },
    {
      "step": 2800,
      "mse": 0.012934084050357342
    },
    {
      "step": 3500,
      "mse": 0.011979545466601849
    },
    {
      "step": 4200,
      "mse": 0.011503005400300026
    },
    {
      "step": 4900,
      "mse": 0.010940855368971825
    },
    {
      "step": 5600,
      "mse": 0.010387660004198551
    },
    {
      "step": 6300,
      "mse": 0.01024249754846096
    },
    {
      "step": 7000,
      "mse": 0.00990229845046997
    },
    {
      "step": 7700,
      "mse": 0.00965380109846592
    },
    {
      "step": 8400,
      "mse": 0.009145408868789673
    },
    {
      "step": 9100,
      "mse": 0.00911874882876873
    },
    {
      "step": 9800,
      "mse": 0.008726941421627998
    },
    {
      "step": 10500,
      "mse": 0.009004786610603333
    },
    {
      "step": 11200,
      "mse": 0.008728379383683205
    },
    {
      "step": 11900,
      "mse": 0.008471718057990074
    },
    {
      "step": 12600,
      "mse": 0.008499238640069962
    },
    {
      "step": 13300,
      "mse": 0.008425524458289146
    },
    {
      "step": 13999,
      "mse": 0.008503280580043793
    }
  ],
  "render_times": {
    "render-960.png": 15.542912000000797,
    "render-mid.png": 14.02884100002666,
    "render-last.png": 14.13868000003049,
    "render-512.png": 3.9999799999463903,
    "crop-2x.png": 13.838007999993351
  },
  "render_960_ms": 15.542912000000797,
  "render_33_wall_ms": 451.8482220000237,
  "encode_ms": 245.94671699998116,
  "resize_consistency": 0.9995201127559393,
  "temporal_consistency": 0.9989877414191142,
  "motion_delta_model": 0.06587313860654831,
  "loop_error_model": 0.0010122585808858275,
  "description": "C4.7 neural canvas: learned full page layout reflow from x,y,t",
  "run_id": "20260424T235922154324Z-c2-lite-glyph-layout-reflow-c53-reflow-target-s050-l1-050-c32h160-s14000-1536x864-s14000",
  "commit": "3d7fee0",
  "track": "C",
  "width": 960,
  "height": 544,
  "frames": 33,
  "fps": 24,
  "artifacts": {
    "input": "/Users/dennisonbertram/Develop/flipbook-research/outputs/track-c/20260424T235922154324Z-c2-lite-glyph-layout-reflow-c53-reflow-target-s050-l1-050-c32h160-s14000-1536x864-s14000/input.png",
    "render_960": "/Users/dennisonbertram/Develop/flipbook-research/outputs/track-c/20260424T235922154324Z-c2-lite-glyph-layout-reflow-c53-reflow-target-s050-l1-050-c32h160-s14000-1536x864-s14000/render-960.png",
    "render_mid": "/Users/dennisonbertram/Develop/flipbook-research/outputs/track-c/20260424T235922154324Z-c2-lite-glyph-layout-reflow-c53-reflow-target-s050-l1-050-c32h160-s14000-1536x864-s14000/render-mid.png",
    "render_last": "/Users/dennisonbertram/Develop/flipbook-research/outputs/track-c/20260424T235922154324Z-c2-lite-glyph-layout-reflow-c53-reflow-target-s050-l1-050-c32h160-s14000-1536x864-s14000/render-last.png",
    "render_512": "/Users/dennisonbertram/Develop/flipbook-research/outputs/track-c/20260424T235922154324Z-c2-lite-glyph-layout-reflow-c53-reflow-target-s050-l1-050-c32h160-s14000-1536x864-s14000/render-512.png",
    "crop_2x": "/Users/dennisonbertram/Develop/flipbook-research/outputs/track-c/20260424T235922154324Z-c2-lite-glyph-layout-reflow-c53-reflow-target-s050-l1-050-c32h160-s14000-1536x864-s14000/crop-2x.png",
    "text_mask": "/Users/dennisonbertram/Develop/flipbook-research/outputs/track-c/20260424T235922154324Z-c2-lite-glyph-layout-reflow-c53-reflow-target-s050-l1-050-c32h160-s14000-1536x864-s14000/text-mask.png",
    "element_alpha_mask": "/Users/dennisonbertram/Develop/flipbook-research/outputs/track-c/20260424T235922154324Z-c2-lite-glyph-layout-reflow-c53-reflow-target-s050-l1-050-c32h160-s14000-1536x864-s14000/element-alpha-mask.png",
    "target_mid": "/Users/dennisonbertram/Develop/flipbook-research/outputs/track-c/20260424T235922154324Z-c2-lite-glyph-layout-reflow-c53-reflow-target-s050-l1-050-c32h160-s14000-1536x864-s14000/target-mid.png",
    "text_boxes": "/Users/dennisonbertram/Develop/flipbook-research/outputs/track-c/20260424T235922154324Z-c2-lite-glyph-layout-reflow-c53-reflow-target-s050-l1-050-c32h160-s14000-1536x864-s14000/text-boxes.json",
    "output": "/Users/dennisonbertram/Develop/flipbook-research/outputs/track-c/20260424T235922154324Z-c2-lite-glyph-layout-reflow-c53-reflow-target-s050-l1-050-c32h160-s14000-1536x864-s14000/output.mp4",
    "metrics": "/Users/dennisonbertram/Develop/flipbook-research/outputs/track-c/20260424T235922154324Z-c2-lite-glyph-layout-reflow-c53-reflow-target-s050-l1-050-c32h160-s14000-1536x864-s14000/metrics.json",
    "quality": "/Users/dennisonbertram/Develop/flipbook-research/outputs/track-c/20260424T235922154324Z-c2-lite-glyph-layout-reflow-c53-reflow-target-s050-l1-050-c32h160-s14000-1536x864-s14000/quality.json"
  },
  "ocr_similarity": 0.4779874213836478,
  "layout_similarity": 0.9995201127559393,
  "motion_delta": 0.05168277770280838,
  "loop_error": 0.000658511882647872,
  "status": "near_miss"
}
DONE 20260424T235922154324Z-c2-lite-glyph-layout-reflow-c53-reflow-target-s050-l1-050-c32h160-s14000-1536x864-s14000 quality=0.4780 motion=0.0517
Stopping app - local entrypoint completed.
✓ App completed. View run at 
https://modal.com/apps/dennisonbertram/main/ap-wZ6aF5gqlItKCBSBCI0ekG
