✓ Initialized. View run at 
https://modal.com/apps/dennisonbertram/main/ap-fwfujElfp5gbW3FxATntVX
✓ Created objects.
├── 🔨 Created mount 
│   /Users/dennisonbertram/Develop/flipbook-research/scripts/track_c/modal_canva
│   s_c2_lite.py
└── 🔨 Created function train_and_render_motion.
START 20260424T235926280094Z-c2-lite-glyph-layout-reflow-c53-reflow-target-full-l1-025-c32h160-s14000-1536x864-s14000 config={"batch_size": 131072, "channels": 32, "edge_loss_weight": 0.9, "edge_sample_ratio": 0.09, "element_anchor_mode": "line", "element_anchor_padding": 3, "element_mask_mode": "rectangle", "element_render_mode": "sequential", "element_scale_ratio": 0.25, "experiment_label": "c53-reflow-target-full-l1-025-c32h160-s14000", "flow_scale": 0.1, "fps": 24, "frames": 33, "freq_bands": 10, "grad_clip": 0.5, "hidden": 160, "l1_loss_weight": 0.25, "layout_mid_time_ratio": 0.6, "layout_mid_time_width": 0.28, "layout_supersample": 1.0, "layout_target_sampling": 1, "layout_target_sampling_ratio": 1.0, "layout_target_weighting": 1, "layout_transform_pan": 0.0, "layout_transform_strength": 0.0, "lr": 0.01, "lr_schedule": "constant", "min_lr_ratio": 0.1, "min_motion_delta": 0.045, "min_ocr_similarity": 0.55, "motion_mode": "layout-reflow", "motion_strength": 1.0, "seed": 0, "source_resolution": [1280, 736], "steps": 14000, "text_box_loss_weight": 0.0, "text_box_min_conf": 55.0, "text_box_padding": 0, "text_box_sample_ratio": 0.0, "text_boxes": "0 boxes", "time_bands": 4, "train_resolution": "1536x864", "video_layout_mode": "none", "video_viewport_mode": "static", "viewport_pan": 0.0, "viewport_zoom": 0.0}
{
  "canvas_type": "time-conditioned-latent-feature-grid-learned-flow-mlp-glyph-weighted",
  "train_resolution": "1536x864",
  "steps": 14000,
  "batch_size": 131072,
  "channels": 32,
  "hidden": 160,
  "freq_bands": 10,
  "time_bands": 4,
  "lr": 0.01,
  "lr_schedule": "constant",
  "min_lr_ratio": 0.1,
  "grad_clip": 0.5,
  "l1_loss_weight": 0.25,
  "seed": 0,
  "experiment_label": "c53-reflow-target-full-l1-025-c32h160-s14000",
  "flow_scale": 0.1,
  "motion_mode": "layout-reflow",
  "motion_strength": 1.0,
  "video_viewport_mode": "static",
  "viewport_zoom": 0.0,
  "viewport_pan": 0.0,
  "video_layout_mode": "none",
  "layout_transform_strength": 0.0,
  "layout_transform_pan": 0.0,
  "layout_supersample": 1.0,
  "layout_region_count": 0,
  "element_scale_ratio": 0.25,
  "element_anchor_padding": 3,
  "element_mask_mode": "rectangle",
  "element_anchor_mode": "line",
  "element_render_mode": "sequential",
  "element_line_count": 0,
  "min_ocr_similarity": 0.55,
  "min_motion_delta": 0.045,
  "edge_sample_ratio": 0.09,
  "edge_loss_weight": 0.9,
  "text_box_sample_ratio": 0.0,
  "text_box_loss_weight": 0.0,
  "text_box_padding": 0,
  "layout_target_sampling": 1,
  "layout_target_weighting": 1,
  "layout_target_sampling_ratio": 1.0,
  "layout_mid_time_ratio": 0.6,
  "layout_mid_time_width": 0.28,
  "text_box_count": 0,
  "text_mask_coverage": 0.0,
  "element_alpha_coverage": 0.0,
  "compile_ms": 226230.378699,
  "final_mse": 0.005366505589336157,
  "losses": [
    {
      "step": 0,
      "mse": 0.342427521944046
    },
    {
      "step": 700,
      "mse": 0.015287470072507858
    },
    {
      "step": 1400,
      "mse": 0.012083685025572777
    },
    {
      "step": 2100,
      "mse": 0.009421518072485924
    },
    {
      "step": 2800,
      "mse": 0.008638032712042332
    },
    {
      "step": 3500,
      "mse": 0.0075537580996751785
    },
    {
      "step": 4200,
      "mse": 0.0072866687551140785
    },
    {
      "step": 4900,
      "mse": 0.006995347794145346
    },
    {
      "step": 5600,
      "mse": 0.006655414588749409
    },
    {
      "step": 6300,
      "mse": 0.006569757591933012
    },
    {
      "step": 7000,
      "mse": 0.00610676035284996
    },
    {
      "step": 7700,
      "mse": 0.0060812439769506454
    },
    {
      "step": 8400,
      "mse": 0.006016449071466923
    },
    {
      "step": 9100,
      "mse": 0.0058641741052269936
    },
    {
      "step": 9800,
      "mse": 0.005827781744301319
    },
    {
      "step": 10500,
      "mse": 0.00565121416002512
    },
    {
      "step": 11200,
      "mse": 0.005628039129078388
    },
    {
      "step": 11900,
      "mse": 0.005456564947962761
    },
    {
      "step": 12600,
      "mse": 0.005515865050256252
    },
    {
      "step": 13300,
      "mse": 0.005462805740535259
    },
    {
      "step": 13999,
      "mse": 0.005366505589336157
    }
  ],
  "render_times": {
    "render-960.png": 11.731473999986974,
    "render-mid.png": 11.629991000006612,
    "render-last.png": 11.647597000006726,
    "render-512.png": 3.364553000011483,
    "crop-2x.png": 11.46498500000348
  },
  "render_960_ms": 11.731473999986974,
  "render_33_wall_ms": 374.02513099999624,
  "encode_ms": 474.41466500001184,
  "resize_consistency": 0.9994951713236421,
  "temporal_consistency": 0.9990362114040181,
  "motion_delta_model": 0.061029672622680664,
  "loop_error_model": 0.0009637885959818959,
  "description": "C4.7 neural canvas: learned full page layout reflow from x,y,t",
  "run_id": "20260424T235926280094Z-c2-lite-glyph-layout-reflow-c53-reflow-target-full-l1-025-c32h160-s14000-1536x864-s14000",
  "commit": "3d7fee0",
  "track": "C",
  "width": 960,
  "height": 544,
  "frames": 33,
  "fps": 24,
  "artifacts": {
    "input": "/Users/dennisonbertram/Develop/flipbook-research/outputs/track-c/20260424T235926280094Z-c2-lite-glyph-layout-reflow-c53-reflow-target-full-l1-025-c32h160-s14000-1536x864-s14000/input.png",
    "render_960": "/Users/dennisonbertram/Develop/flipbook-research/outputs/track-c/20260424T235926280094Z-c2-lite-glyph-layout-reflow-c53-reflow-target-full-l1-025-c32h160-s14000-1536x864-s14000/render-960.png",
    "render_mid": "/Users/dennisonbertram/Develop/flipbook-research/outputs/track-c/20260424T235926280094Z-c2-lite-glyph-layout-reflow-c53-reflow-target-full-l1-025-c32h160-s14000-1536x864-s14000/render-mid.png",
    "render_last": "/Users/dennisonbertram/Develop/flipbook-research/outputs/track-c/20260424T235926280094Z-c2-lite-glyph-layout-reflow-c53-reflow-target-full-l1-025-c32h160-s14000-1536x864-s14000/render-last.png",
    "render_512": "/Users/dennisonbertram/Develop/flipbook-research/outputs/track-c/20260424T235926280094Z-c2-lite-glyph-layout-reflow-c53-reflow-target-full-l1-025-c32h160-s14000-1536x864-s14000/render-512.png",
    "crop_2x": "/Users/dennisonbertram/Develop/flipbook-research/outputs/track-c/20260424T235926280094Z-c2-lite-glyph-layout-reflow-c53-reflow-target-full-l1-025-c32h160-s14000-1536x864-s14000/crop-2x.png",
    "text_mask": "/Users/dennisonbertram/Develop/flipbook-research/outputs/track-c/20260424T235926280094Z-c2-lite-glyph-layout-reflow-c53-reflow-target-full-l1-025-c32h160-s14000-1536x864-s14000/text-mask.png",
    "element_alpha_mask": "/Users/dennisonbertram/Develop/flipbook-research/outputs/track-c/20260424T235926280094Z-c2-lite-glyph-layout-reflow-c53-reflow-target-full-l1-025-c32h160-s14000-1536x864-s14000/element-alpha-mask.png",
    "target_mid": "/Users/dennisonbertram/Develop/flipbook-research/outputs/track-c/20260424T235926280094Z-c2-lite-glyph-layout-reflow-c53-reflow-target-full-l1-025-c32h160-s14000-1536x864-s14000/target-mid.png",
    "text_boxes": "/Users/dennisonbertram/Develop/flipbook-research/outputs/track-c/20260424T235926280094Z-c2-lite-glyph-layout-reflow-c53-reflow-target-full-l1-025-c32h160-s14000-1536x864-s14000/text-boxes.json",
    "output": "/Users/dennisonbertram/Develop/flipbook-research/outputs/track-c/20260424T235926280094Z-c2-lite-glyph-layout-reflow-c53-reflow-target-full-l1-025-c32h160-s14000-1536x864-s14000/output.mp4",
    "metrics": "/Users/dennisonbertram/Develop/flipbook-research/outputs/track-c/20260424T235926280094Z-c2-lite-glyph-layout-reflow-c53-reflow-target-full-l1-025-c32h160-s14000-1536x864-s14000/metrics.json",
    "quality": "/Users/dennisonbertram/Develop/flipbook-research/outputs/track-c/20260424T235926280094Z-c2-lite-glyph-layout-reflow-c53-reflow-target-full-l1-025-c32h160-s14000-1536x864-s14000/quality.json"
  },
  "ocr_similarity": 0.5603864734299516,
  "layout_similarity": 0.9994951713236421,
  "motion_delta": 0.047333426773548126,
  "loop_error": 0.0006310896715149283,
  "status": "pass"
}
DONE 20260424T235926280094Z-c2-lite-glyph-layout-reflow-c53-reflow-target-full-l1-025-c32h160-s14000-1536x864-s14000 quality=0.5604 motion=0.0473
Stopping app - local entrypoint completed.
✓ App completed. View run at 
https://modal.com/apps/dennisonbertram/main/ap-fwfujElfp5gbW3FxATntVX
