✓ Initialized. View run at 
https://modal.com/apps/dennisonbertram/main/ap-9xHf72DmdPfqfhqGYc5EMm
✓ Created objects.
├── 🔨 Created mount 
│   /Users/dennisonbertram/Develop/flipbook-research/scripts/track_c/modal_canva
│   s_c2_lite.py
└── 🔨 Created function train_and_render_motion.
START 20260424T235922458433Z-c2-lite-glyph-layout-reflow-c53-reflow-target-full-l1-050-b196-s10000-1536x864-s10000 config={"batch_size": 196608, "channels": 32, "edge_loss_weight": 0.9, "edge_sample_ratio": 0.09, "element_anchor_mode": "line", "element_anchor_padding": 3, "element_mask_mode": "rectangle", "element_render_mode": "sequential", "element_scale_ratio": 0.25, "experiment_label": "c53-reflow-target-full-l1-050-b196-s10000", "flow_scale": 0.1, "fps": 24, "frames": 33, "freq_bands": 10, "grad_clip": 0.5, "hidden": 160, "l1_loss_weight": 0.5, "layout_mid_time_ratio": 0.6, "layout_mid_time_width": 0.28, "layout_supersample": 1.0, "layout_target_sampling": 1, "layout_target_sampling_ratio": 1.0, "layout_target_weighting": 1, "layout_transform_pan": 0.0, "layout_transform_strength": 0.0, "lr": 0.01, "lr_schedule": "constant", "min_lr_ratio": 0.1, "min_motion_delta": 0.045, "min_ocr_similarity": 0.55, "motion_mode": "layout-reflow", "motion_strength": 1.0, "seed": 0, "source_resolution": [1280, 736], "steps": 10000, "text_box_loss_weight": 0.0, "text_box_min_conf": 55.0, "text_box_padding": 0, "text_box_sample_ratio": 0.0, "text_boxes": "0 boxes", "time_bands": 4, "train_resolution": "1536x864", "video_layout_mode": "none", "video_viewport_mode": "static", "viewport_pan": 0.0, "viewport_zoom": 0.0}
{
  "canvas_type": "time-conditioned-latent-feature-grid-learned-flow-mlp-glyph-weighted",
  "train_resolution": "1536x864",
  "steps": 10000,
  "batch_size": 196608,
  "channels": 32,
  "hidden": 160,
  "freq_bands": 10,
  "time_bands": 4,
  "lr": 0.01,
  "lr_schedule": "constant",
  "min_lr_ratio": 0.1,
  "grad_clip": 0.5,
  "l1_loss_weight": 0.5,
  "seed": 0,
  "experiment_label": "c53-reflow-target-full-l1-050-b196-s10000",
  "flow_scale": 0.1,
  "motion_mode": "layout-reflow",
  "motion_strength": 1.0,
  "video_viewport_mode": "static",
  "viewport_zoom": 0.0,
  "viewport_pan": 0.0,
  "video_layout_mode": "none",
  "layout_transform_strength": 0.0,
  "layout_transform_pan": 0.0,
  "layout_supersample": 1.0,
  "layout_region_count": 0,
  "element_scale_ratio": 0.25,
  "element_anchor_padding": 3,
  "element_mask_mode": "rectangle",
  "element_anchor_mode": "line",
  "element_render_mode": "sequential",
  "element_line_count": 0,
  "min_ocr_similarity": 0.55,
  "min_motion_delta": 0.045,
  "edge_sample_ratio": 0.09,
  "edge_loss_weight": 0.9,
  "text_box_sample_ratio": 0.0,
  "text_box_loss_weight": 0.0,
  "text_box_padding": 0,
  "layout_target_sampling": 1,
  "layout_target_weighting": 1,
  "layout_target_sampling_ratio": 1.0,
  "layout_mid_time_ratio": 0.6,
  "layout_mid_time_width": 0.28,
  "text_box_count": 0,
  "text_mask_coverage": 0.0,
  "element_alpha_coverage": 0.0,
  "compile_ms": 211530.655897,
  "final_mse": 0.009218438528478146,
  "losses": [
    {
      "step": 0,
      "mse": 0.4618287980556488
    },
    {
      "step": 500,
      "mse": 0.032835543155670166
    },
    {
      "step": 1000,
      "mse": 0.022414177656173706
    },
    {
      "step": 1500,
      "mse": 0.017319321632385254
    },
    {
      "step": 2000,
      "mse": 0.015181437134742737
    },
    {
      "step": 2500,
      "mse": 0.013627417385578156
    },
    {
      "step": 3000,
      "mse": 0.012800346128642559
    },
    {
      "step": 3500,
      "mse": 0.012206390500068665
    },
    {
      "step": 4000,
      "mse": 0.0119067607447505
    },
    {
      "step": 4500,
      "mse": 0.011136334389448166
    },
    {
      "step": 5000,
      "mse": 0.01108388602733612
    },
    {
      "step": 5500,
      "mse": 0.010665835812687874
    },
    {
      "step": 6000,
      "mse": 0.010380681604146957
    },
    {
      "step": 6500,
      "mse": 0.010234121233224869
    },
    {
      "step": 7000,
      "mse": 0.009901173412799835
    },
    {
      "step": 7500,
      "mse": 0.010195605456829071
    },
    {
      "step": 8000,
      "mse": 0.009410842321813107
    },
    {
      "step": 8500,
      "mse": 0.011478621512651443
    },
    {
      "step": 9000,
      "mse": 0.009484144859015942
    },
    {
      "step": 9500,
      "mse": 0.009350183419883251
    },
    {
      "step": 9999,
      "mse": 0.009218438528478146
    }
  ],
  "render_times": {
    "render-960.png": 11.770902000023398,
    "render-mid.png": 11.703302999990228,
    "render-last.png": 11.65315599999417,
    "render-512.png": 3.380426999996189,
    "crop-2x.png": 11.487942999991674
  },
  "render_960_ms": 11.770902000023398,
  "render_33_wall_ms": 374.4933859999833,
  "encode_ms": 273.62267399999496,
  "resize_consistency": 0.9994903661837169,
  "temporal_consistency": 0.9989570799516514,
  "motion_delta_model": 0.06268811225891113,
  "loop_error_model": 0.0010429200483486056,
  "description": "C4.7 neural canvas: learned full page layout reflow from x,y,t",
  "run_id": "20260424T235922458433Z-c2-lite-glyph-layout-reflow-c53-reflow-target-full-l1-050-b196-s10000-1536x864-s10000",
  "commit": "3d7fee0",
  "track": "C",
  "width": 960,
  "height": 544,
  "frames": 33,
  "fps": 24,
  "artifacts": {
    "input": "/Users/dennisonbertram/Develop/flipbook-research/outputs/track-c/20260424T235922458433Z-c2-lite-glyph-layout-reflow-c53-reflow-target-full-l1-050-b196-s10000-1536x864-s10000/input.png",
    "render_960": "/Users/dennisonbertram/Develop/flipbook-research/outputs/track-c/20260424T235922458433Z-c2-lite-glyph-layout-reflow-c53-reflow-target-full-l1-050-b196-s10000-1536x864-s10000/render-960.png",
    "render_mid": "/Users/dennisonbertram/Develop/flipbook-research/outputs/track-c/20260424T235922458433Z-c2-lite-glyph-layout-reflow-c53-reflow-target-full-l1-050-b196-s10000-1536x864-s10000/render-mid.png",
    "render_last": "/Users/dennisonbertram/Develop/flipbook-research/outputs/track-c/20260424T235922458433Z-c2-lite-glyph-layout-reflow-c53-reflow-target-full-l1-050-b196-s10000-1536x864-s10000/render-last.png",
    "render_512": "/Users/dennisonbertram/Develop/flipbook-research/outputs/track-c/20260424T235922458433Z-c2-lite-glyph-layout-reflow-c53-reflow-target-full-l1-050-b196-s10000-1536x864-s10000/render-512.png",
    "crop_2x": "/Users/dennisonbertram/Develop/flipbook-research/outputs/track-c/20260424T235922458433Z-c2-lite-glyph-layout-reflow-c53-reflow-target-full-l1-050-b196-s10000-1536x864-s10000/crop-2x.png",
    "text_mask": "/Users/dennisonbertram/Develop/flipbook-research/outputs/track-c/20260424T235922458433Z-c2-lite-glyph-layout-reflow-c53-reflow-target-full-l1-050-b196-s10000-1536x864-s10000/text-mask.png",
    "element_alpha_mask": "/Users/dennisonbertram/Develop/flipbook-research/outputs/track-c/20260424T235922458433Z-c2-lite-glyph-layout-reflow-c53-reflow-target-full-l1-050-b196-s10000-1536x864-s10000/element-alpha-mask.png",
    "target_mid": "/Users/dennisonbertram/Develop/flipbook-research/outputs/track-c/20260424T235922458433Z-c2-lite-glyph-layout-reflow-c53-reflow-target-full-l1-050-b196-s10000-1536x864-s10000/target-mid.png",
    "text_boxes": "/Users/dennisonbertram/Develop/flipbook-research/outputs/track-c/20260424T235922458433Z-c2-lite-glyph-layout-reflow-c53-reflow-target-full-l1-050-b196-s10000-1536x864-s10000/text-boxes.json",
    "output": "/Users/dennisonbertram/Develop/flipbook-research/outputs/track-c/20260424T235922458433Z-c2-lite-glyph-layout-reflow-c53-reflow-target-full-l1-050-b196-s10000-1536x864-s10000/output.mp4",
    "metrics": "/Users/dennisonbertram/Develop/flipbook-research/outputs/track-c/20260424T235922458433Z-c2-lite-glyph-layout-reflow-c53-reflow-target-full-l1-050-b196-s10000-1536x864-s10000/metrics.json",
    "quality": "/Users/dennisonbertram/Develop/flipbook-research/outputs/track-c/20260424T235922458433Z-c2-lite-glyph-layout-reflow-c53-reflow-target-full-l1-050-b196-s10000-1536x864-s10000/quality.json"
  },
  "ocr_similarity": 0.45000000000000007,
  "layout_similarity": 0.9994903661837169,
  "motion_delta": 0.04935472458600998,
  "loop_error": 0.0006668330752290785,
  "status": "near_miss"
}
DONE 20260424T235922458433Z-c2-lite-glyph-layout-reflow-c53-reflow-target-full-l1-050-b196-s10000-1536x864-s10000 quality=0.4500 motion=0.0494
Stopping app - local entrypoint completed.
✓ App completed. View run at 
https://modal.com/apps/dennisonbertram/main/ap-9xHf72DmdPfqfhqGYc5EMm
