✓ Initialized. View run at 
https://modal.com/apps/dennisonbertram/main/ap-dnqG5g0FH9ddQ1vE4W8weI
✓ Created objects.
├── 🔨 Created mount 
│   /Users/dennisonbertram/Develop/flipbook-research/scripts/track_c/modal_canva
│   s_c2_lite.py
└── 🔨 Created function train_and_render_motion.
START 20260425T001423527075Z-c2-lite-glyph-layout-reflow-c54-reflow-grad025-r00625-target-full-b196-s10000-1536x864-s10000 config={"batch_size": 196608, "channels": 32, "edge_loss_weight": 0.9, "edge_sample_ratio": 0.09, "element_anchor_mode": "line", "element_anchor_padding": 3, "element_mask_mode": "rectangle", "element_render_mode": "sequential", "element_scale_ratio": 0.25, "experiment_label": "c54-reflow-grad025-r00625-target-full-b196-s10000", "flow_scale": 0.1, "fps": 24, "frames": 33, "freq_bands": 10, "grad_clip": 0.5, "gradient_loss_offset_px": 1.0, "gradient_loss_ratio": 0.0625, "gradient_loss_weight": 0.25, "hidden": 160, "l1_loss_weight": 0.0, "layout_mid_time_ratio": 0.6, "layout_mid_time_width": 0.28, "layout_supersample": 1.0, "layout_target_sampling": 1, "layout_target_sampling_ratio": 1.0, "layout_target_weighting": 1, "layout_transform_pan": 0.0, "layout_transform_strength": 0.0, "lr": 0.01, "lr_schedule": "constant", "min_lr_ratio": 0.1, "min_motion_delta": 0.045, "min_ocr_similarity": 0.55, "motion_mode": "layout-reflow", "motion_strength": 1.0, "seed": 0, "source_resolution": [1280, 736], "steps": 10000, "text_box_loss_weight": 0.0, "text_box_min_conf": 55.0, "text_box_padding": 0, "text_box_sample_ratio": 0.0, "text_boxes": "0 boxes", "time_bands": 4, "train_resolution": "1536x864", "video_layout_mode": "none", "video_viewport_mode": "static", "viewport_pan": 0.0, "viewport_zoom": 0.0}
{
  "canvas_type": "time-conditioned-latent-feature-grid-learned-flow-mlp-glyph-weighted",
  "train_resolution": "1536x864",
  "steps": 10000,
  "batch_size": 196608,
  "channels": 32,
  "hidden": 160,
  "freq_bands": 10,
  "time_bands": 4,
  "lr": 0.01,
  "lr_schedule": "constant",
  "min_lr_ratio": 0.1,
  "grad_clip": 0.5,
  "l1_loss_weight": 0.0,
  "gradient_loss_weight": 0.25,
  "gradient_loss_ratio": 0.0625,
  "gradient_loss_offset_px": 1.0,
  "seed": 0,
  "experiment_label": "c54-reflow-grad025-r00625-target-full-b196-s10000",
  "flow_scale": 0.1,
  "motion_mode": "layout-reflow",
  "motion_strength": 1.0,
  "video_viewport_mode": "static",
  "viewport_zoom": 0.0,
  "viewport_pan": 0.0,
  "video_layout_mode": "none",
  "layout_transform_strength": 0.0,
  "layout_transform_pan": 0.0,
  "layout_supersample": 1.0,
  "layout_region_count": 0,
  "element_scale_ratio": 0.25,
  "element_anchor_padding": 3,
  "element_mask_mode": "rectangle",
  "element_anchor_mode": "line",
  "element_render_mode": "sequential",
  "element_line_count": 0,
  "min_ocr_similarity": 0.55,
  "min_motion_delta": 0.045,
  "edge_sample_ratio": 0.09,
  "edge_loss_weight": 0.9,
  "text_box_sample_ratio": 0.0,
  "text_box_loss_weight": 0.0,
  "text_box_padding": 0,
  "layout_target_sampling": 1,
  "layout_target_weighting": 1,
  "layout_target_sampling_ratio": 1.0,
  "layout_mid_time_ratio": 0.6,
  "layout_mid_time_width": 0.28,
  "text_box_count": 0,
  "text_mask_coverage": 0.0,
  "element_alpha_coverage": 0.0,
  "compile_ms": 333741.573085,
  "final_mse": 0.0027520260773599148,
  "losses": [
    {
      "step": 0,
      "mse": 0.22579273581504822
    },
    {
      "step": 500,
      "mse": 0.011190985329449177
    },
    {
      "step": 1000,
      "mse": 0.007699600420892239
    },
    {
      "step": 1500,
      "mse": 0.006309036165475845
    },
    {
      "step": 2000,
      "mse": 0.005388607271015644
    },
    {
      "step": 2500,
      "mse": 0.004813048988580704
    },
    {
      "step": 3000,
      "mse": 0.00430359598249197
    },
    {
      "step": 3500,
      "mse": 0.003948821686208248
    },
    {
      "step": 4000,
      "mse": 0.003957661800086498
    },
    {
      "step": 4500,
      "mse": 0.003710955148562789
    },
    {
      "step": 5000,
      "mse": 0.0037149612326174974
    },
    {
      "step": 5500,
      "mse": 0.003425231669098139
    },
    {
      "step": 6000,
      "mse": 0.003277835436165333
    },
    {
      "step": 6500,
      "mse": 0.003237201599404216
    },
    {
      "step": 7000,
      "mse": 0.003029439365491271
    },
    {
      "step": 7500,
      "mse": 0.0031122718937695026
    },
    {
      "step": 8000,
      "mse": 0.0028798056300729513
    },
    {
      "step": 8500,
      "mse": 0.002876890590414405
    },
    {
      "step": 9000,
      "mse": 0.00290138041600585
    },
    {
      "step": 9500,
      "mse": 0.0027474965900182724
    },
    {
      "step": 9999,
      "mse": 0.0027520260773599148
    }
  ],
  "render_times": {
    "render-960.png": 14.534567999987758,
    "render-mid.png": 14.039452000019992,
    "render-last.png": 14.023829999985082,
    "render-512.png": 3.9360940000392475,
    "crop-2x.png": 13.8955140000121
  },
  "render_960_ms": 14.534567999987758,
  "render_33_wall_ms": 453.6678989999814,
  "encode_ms": 251.52860700001156,
  "resize_consistency": 0.999366074341712,
  "temporal_consistency": 0.9984693950973451,
  "motion_delta_model": 0.06322380155324936,
  "loop_error_model": 0.0015306049026548862,
  "description": "C4.7 neural canvas: learned full page layout reflow from x,y,t",
  "run_id": "20260425T001423527075Z-c2-lite-glyph-layout-reflow-c54-reflow-grad025-r00625-target-full-b196-s10000-1536x864-s10000",
  "commit": "9812f84",
  "track": "C",
  "width": 960,
  "height": 544,
  "frames": 33,
  "fps": 24,
  "artifacts": {
    "input": "/Users/dennisonbertram/Develop/flipbook-research/outputs/track-c/20260425T001423527075Z-c2-lite-glyph-layout-reflow-c54-reflow-grad025-r00625-target-full-b196-s10000-1536x864-s10000/input.png",
    "render_960": "/Users/dennisonbertram/Develop/flipbook-research/outputs/track-c/20260425T001423527075Z-c2-lite-glyph-layout-reflow-c54-reflow-grad025-r00625-target-full-b196-s10000-1536x864-s10000/render-960.png",
    "render_mid": "/Users/dennisonbertram/Develop/flipbook-research/outputs/track-c/20260425T001423527075Z-c2-lite-glyph-layout-reflow-c54-reflow-grad025-r00625-target-full-b196-s10000-1536x864-s10000/render-mid.png",
    "render_last": "/Users/dennisonbertram/Develop/flipbook-research/outputs/track-c/20260425T001423527075Z-c2-lite-glyph-layout-reflow-c54-reflow-grad025-r00625-target-full-b196-s10000-1536x864-s10000/render-last.png",
    "render_512": "/Users/dennisonbertram/Develop/flipbook-research/outputs/track-c/20260425T001423527075Z-c2-lite-glyph-layout-reflow-c54-reflow-grad025-r00625-target-full-b196-s10000-1536x864-s10000/render-512.png",
    "crop_2x": "/Users/dennisonbertram/Develop/flipbook-research/outputs/track-c/20260425T001423527075Z-c2-lite-glyph-layout-reflow-c54-reflow-grad025-r00625-target-full-b196-s10000-1536x864-s10000/crop-2x.png",
    "text_mask": "/Users/dennisonbertram/Develop/flipbook-research/outputs/track-c/20260425T001423527075Z-c2-lite-glyph-layout-reflow-c54-reflow-grad025-r00625-target-full-b196-s10000-1536x864-s10000/text-mask.png",
    "element_alpha_mask": "/Users/dennisonbertram/Develop/flipbook-research/outputs/track-c/20260425T001423527075Z-c2-lite-glyph-layout-reflow-c54-reflow-grad025-r00625-target-full-b196-s10000-1536x864-s10000/element-alpha-mask.png",
    "target_mid": "/Users/dennisonbertram/Develop/flipbook-research/outputs/track-c/20260425T001423527075Z-c2-lite-glyph-layout-reflow-c54-reflow-grad025-r00625-target-full-b196-s10000-1536x864-s10000/target-mid.png",
    "text_boxes": "/Users/dennisonbertram/Develop/flipbook-research/outputs/track-c/20260425T001423527075Z-c2-lite-glyph-layout-reflow-c54-reflow-grad025-r00625-target-full-b196-s10000-1536x864-s10000/text-boxes.json",
    "output": "/Users/dennisonbertram/Develop/flipbook-research/outputs/track-c/20260425T001423527075Z-c2-lite-glyph-layout-reflow-c54-reflow-grad025-r00625-target-full-b196-s10000-1536x864-s10000/output.mp4",
    "metrics": "/Users/dennisonbertram/Develop/flipbook-research/outputs/track-c/20260425T001423527075Z-c2-lite-glyph-layout-reflow-c54-reflow-grad025-r00625-target-full-b196-s10000-1536x864-s10000/metrics.json",
    "quality": "/Users/dennisonbertram/Develop/flipbook-research/outputs/track-c/20260425T001423527075Z-c2-lite-glyph-layout-reflow-c54-reflow-grad025-r00625-target-full-b196-s10000-1536x864-s10000/quality.json"
  },
  "ocr_similarity": 0.48750000000000004,
  "layout_similarity": 0.999366074341712,
  "motion_delta": 0.04838095232844353,
  "loop_error": 0.0010240785777568817,
  "status": "near_miss"
}
DONE 20260425T001423527075Z-c2-lite-glyph-layout-reflow-c54-reflow-grad025-r00625-target-full-b196-s10000-1536x864-s10000 quality=0.4875 motion=0.0484
Stopping app - local entrypoint completed.
✓ App completed. View run at 
https://modal.com/apps/dennisonbertram/main/ap-dnqG5g0FH9ddQ1vE4W8weI
