✓ Initialized. View run at 
https://modal.com/apps/dennisonbertram/main/ap-GdaYvHOO2Ggxh6MZ33WVhu
✓ Created objects.
├── 🔨 Created mount 
│   /Users/dennisonbertram/Develop/flipbook-research/scripts/track_c/modal_canva
│   s_c2_lite.py
└── 🔨 Created function train_and_render_motion.
START 20260425T001422578719Z-c2-lite-glyph-layout-reflow-c54-reflow-grad025-r0125-weightonly-c32h160-s14000-1536x864-s14000 config={"batch_size": 131072, "channels": 32, "edge_loss_weight": 0.9, "edge_sample_ratio": 0.09, "element_anchor_mode": "line", "element_anchor_padding": 3, "element_mask_mode": "rectangle", "element_render_mode": "sequential", "element_scale_ratio": 0.25, "experiment_label": "c54-reflow-grad025-r0125-weightonly-c32h160-s14000", "flow_scale": 0.1, "fps": 24, "frames": 33, "freq_bands": 10, "grad_clip": 0.5, "gradient_loss_offset_px": 1.0, "gradient_loss_ratio": 0.125, "gradient_loss_weight": 0.25, "hidden": 160, "l1_loss_weight": 0.0, "layout_mid_time_ratio": 0.6, "layout_mid_time_width": 0.28, "layout_supersample": 1.0, "layout_target_sampling": 0, "layout_target_sampling_ratio": 1.0, "layout_target_weighting": 1, "layout_transform_pan": 0.0, "layout_transform_strength": 0.0, "lr": 0.01, "lr_schedule": "constant", "min_lr_ratio": 0.1, "min_motion_delta": 0.045, "min_ocr_similarity": 0.54, "motion_mode": "layout-reflow", "motion_strength": 1.0, "seed": 0, "source_resolution": [1280, 736], "steps": 14000, "text_box_loss_weight": 0.0, "text_box_min_conf": 55.0, "text_box_padding": 0, "text_box_sample_ratio": 0.0, "text_boxes": "0 boxes", "time_bands": 4, "train_resolution": "1536x864", "video_layout_mode": "none", "video_viewport_mode": "static", "viewport_pan": 0.0, "viewport_zoom": 0.0}
{
  "canvas_type": "time-conditioned-latent-feature-grid-learned-flow-mlp-glyph-weighted",
  "train_resolution": "1536x864",
  "steps": 14000,
  "batch_size": 131072,
  "channels": 32,
  "hidden": 160,
  "freq_bands": 10,
  "time_bands": 4,
  "lr": 0.01,
  "lr_schedule": "constant",
  "min_lr_ratio": 0.1,
  "grad_clip": 0.5,
  "l1_loss_weight": 0.0,
  "gradient_loss_weight": 0.25,
  "gradient_loss_ratio": 0.125,
  "gradient_loss_offset_px": 1.0,
  "seed": 0,
  "experiment_label": "c54-reflow-grad025-r0125-weightonly-c32h160-s14000",
  "flow_scale": 0.1,
  "motion_mode": "layout-reflow",
  "motion_strength": 1.0,
  "video_viewport_mode": "static",
  "viewport_zoom": 0.0,
  "viewport_pan": 0.0,
  "video_layout_mode": "none",
  "layout_transform_strength": 0.0,
  "layout_transform_pan": 0.0,
  "layout_supersample": 1.0,
  "layout_region_count": 0,
  "element_scale_ratio": 0.25,
  "element_anchor_padding": 3,
  "element_mask_mode": "rectangle",
  "element_anchor_mode": "line",
  "element_render_mode": "sequential",
  "element_line_count": 0,
  "min_ocr_similarity": 0.54,
  "min_motion_delta": 0.045,
  "edge_sample_ratio": 0.09,
  "edge_loss_weight": 0.9,
  "text_box_sample_ratio": 0.0,
  "text_box_loss_weight": 0.0,
  "text_box_padding": 0,
  "layout_target_sampling": 0,
  "layout_target_weighting": 1,
  "layout_target_sampling_ratio": 1.0,
  "layout_mid_time_ratio": 0.6,
  "layout_mid_time_width": 0.28,
  "text_box_count": 0,
  "text_mask_coverage": 0.0,
  "element_alpha_coverage": 0.0,
  "compile_ms": 337791.65041,
  "final_mse": 0.0018486439948901534,
  "losses": [
    {
      "step": 0,
      "mse": 0.2275647521018982
    },
    {
      "step": 700,
      "mse": 0.007181704044342041
    },
    {
      "step": 1400,
      "mse": 0.004888509400188923
    },
    {
      "step": 2100,
      "mse": 0.003986073657870293
    },
    {
      "step": 2800,
      "mse": 0.0034135673195123672
    },
    {
      "step": 3500,
      "mse": 0.0031915740109980106
    },
    {
      "step": 4200,
      "mse": 0.002976220566779375
    },
    {
      "step": 4900,
      "mse": 0.002755760448053479
    },
    {
      "step": 5600,
      "mse": 0.002576590981334448
    },
    {
      "step": 6300,
      "mse": 0.00259353662841022
    },
    {
      "step": 7000,
      "mse": 0.0023506172001361847
    },
    {
      "step": 7700,
      "mse": 0.002410645131021738
    },
    {
      "step": 8400,
      "mse": 0.0022050596307963133
    },
    {
      "step": 9100,
      "mse": 0.0021045529283583164
    },
    {
      "step": 9800,
      "mse": 0.0020950669422745705
    },
    {
      "step": 10500,
      "mse": 0.0020264838822185993
    },
    {
      "step": 11200,
      "mse": 0.0019824167247861624
    },
    {
      "step": 11900,
      "mse": 0.001951926969923079
    },
    {
      "step": 12600,
      "mse": 0.0019964990206062794
    },
    {
      "step": 13300,
      "mse": 0.0018315003253519535
    },
    {
      "step": 13999,
      "mse": 0.0018486439948901534
    }
  ],
  "render_times": {
    "render-960.png": 12.36484400004656,
    "render-mid.png": 11.601299000005838,
    "render-last.png": 11.584732000017084,
    "render-512.png": 3.332459999967341,
    "crop-2x.png": 11.451519999980064
  },
  "render_960_ms": 12.36484400004656,
  "render_33_wall_ms": 374.4479549999937,
  "encode_ms": 252.02060199995913,
  "resize_consistency": 0.9994605447841763,
  "temporal_consistency": 0.9986203816952184,
  "motion_delta_model": 0.0667652040719986,
  "loop_error_model": 0.0013796183047816157,
  "description": "C4.7 neural canvas: learned full page layout reflow from x,y,t",
  "run_id": "20260425T001422578719Z-c2-lite-glyph-layout-reflow-c54-reflow-grad025-r0125-weightonly-c32h160-s14000-1536x864-s14000",
  "commit": "9812f84",
  "track": "C",
  "width": 960,
  "height": 544,
  "frames": 33,
  "fps": 24,
  "artifacts": {
    "input": "/Users/dennisonbertram/Develop/flipbook-research/outputs/track-c/20260425T001422578719Z-c2-lite-glyph-layout-reflow-c54-reflow-grad025-r0125-weightonly-c32h160-s14000-1536x864-s14000/input.png",
    "render_960": "/Users/dennisonbertram/Develop/flipbook-research/outputs/track-c/20260425T001422578719Z-c2-lite-glyph-layout-reflow-c54-reflow-grad025-r0125-weightonly-c32h160-s14000-1536x864-s14000/render-960.png",
    "render_mid": "/Users/dennisonbertram/Develop/flipbook-research/outputs/track-c/20260425T001422578719Z-c2-lite-glyph-layout-reflow-c54-reflow-grad025-r0125-weightonly-c32h160-s14000-1536x864-s14000/render-mid.png",
    "render_last": "/Users/dennisonbertram/Develop/flipbook-research/outputs/track-c/20260425T001422578719Z-c2-lite-glyph-layout-reflow-c54-reflow-grad025-r0125-weightonly-c32h160-s14000-1536x864-s14000/render-last.png",
    "render_512": "/Users/dennisonbertram/Develop/flipbook-research/outputs/track-c/20260425T001422578719Z-c2-lite-glyph-layout-reflow-c54-reflow-grad025-r0125-weightonly-c32h160-s14000-1536x864-s14000/render-512.png",
    "crop_2x": "/Users/dennisonbertram/Develop/flipbook-research/outputs/track-c/20260425T001422578719Z-c2-lite-glyph-layout-reflow-c54-reflow-grad025-r0125-weightonly-c32h160-s14000-1536x864-s14000/crop-2x.png",
    "text_mask": "/Users/dennisonbertram/Develop/flipbook-research/outputs/track-c/20260425T001422578719Z-c2-lite-glyph-layout-reflow-c54-reflow-grad025-r0125-weightonly-c32h160-s14000-1536x864-s14000/text-mask.png",
    "element_alpha_mask": "/Users/dennisonbertram/Develop/flipbook-research/outputs/track-c/20260425T001422578719Z-c2-lite-glyph-layout-reflow-c54-reflow-grad025-r0125-weightonly-c32h160-s14000-1536x864-s14000/element-alpha-mask.png",
    "target_mid": "/Users/dennisonbertram/Develop/flipbook-research/outputs/track-c/20260425T001422578719Z-c2-lite-glyph-layout-reflow-c54-reflow-grad025-r0125-weightonly-c32h160-s14000-1536x864-s14000/target-mid.png",
    "text_boxes": "/Users/dennisonbertram/Develop/flipbook-research/outputs/track-c/20260425T001422578719Z-c2-lite-glyph-layout-reflow-c54-reflow-grad025-r0125-weightonly-c32h160-s14000-1536x864-s14000/text-boxes.json",
    "output": "/Users/dennisonbertram/Develop/flipbook-research/outputs/track-c/20260425T001422578719Z-c2-lite-glyph-layout-reflow-c54-reflow-grad025-r0125-weightonly-c32h160-s14000-1536x864-s14000/output.mp4",
    "metrics": "/Users/dennisonbertram/Develop/flipbook-research/outputs/track-c/20260425T001422578719Z-c2-lite-glyph-layout-reflow-c54-reflow-grad025-r0125-weightonly-c32h160-s14000-1536x864-s14000/metrics.json",
    "quality": "/Users/dennisonbertram/Develop/flipbook-research/outputs/track-c/20260425T001422578719Z-c2-lite-glyph-layout-reflow-c54-reflow-grad025-r0125-weightonly-c32h160-s14000-1536x864-s14000/quality.json"
  },
  "ocr_similarity": 0.5294117647058824,
  "layout_similarity": 0.9994605447841763,
  "motion_delta": 0.05196513235569,
  "loop_error": 0.0008816721383482218,
  "status": "near_miss"
}
DONE 20260425T001422578719Z-c2-lite-glyph-layout-reflow-c54-reflow-grad025-r0125-weightonly-c32h160-s14000-1536x864-s14000 quality=0.5294 motion=0.0520
Stopping app - local entrypoint completed.
✓ App completed. View run at 
https://modal.com/apps/dennisonbertram/main/ap-GdaYvHOO2Ggxh6MZ33WVhu
