✓ Initialized. View run at 
https://modal.com/apps/dennisonbertram/main/ap-vnXWB74v4VfDqhoVcO9psX
✓ Created objects.
├── 🔨 Created mount 
│   /Users/dennisonbertram/Develop/flipbook-research/scripts/track_c/modal_canva
│   s_c2_lite.py
└── 🔨 Created function train_and_render_motion.
START 20260425T001421726827Z-c2-lite-glyph-layout-reflow-c54-reflow-grad050-r00625-weightonly-c32h160-s14000-1536x864-s14000 config={"batch_size": 131072, "channels": 32, "edge_loss_weight": 0.9, "edge_sample_ratio": 0.09, "element_anchor_mode": "line", "element_anchor_padding": 3, "element_mask_mode": "rectangle", "element_render_mode": "sequential", "element_scale_ratio": 0.25, "experiment_label": "c54-reflow-grad050-r00625-weightonly-c32h160-s14000", "flow_scale": 0.1, "fps": 24, "frames": 33, "freq_bands": 10, "grad_clip": 0.5, "gradient_loss_offset_px": 1.0, "gradient_loss_ratio": 0.0625, "gradient_loss_weight": 0.5, "hidden": 160, "l1_loss_weight": 0.0, "layout_mid_time_ratio": 0.6, "layout_mid_time_width": 0.28, "layout_supersample": 1.0, "layout_target_sampling": 0, "layout_target_sampling_ratio": 1.0, "layout_target_weighting": 1, "layout_transform_pan": 0.0, "layout_transform_strength": 0.0, "lr": 0.01, "lr_schedule": "constant", "min_lr_ratio": 0.1, "min_motion_delta": 0.045, "min_ocr_similarity": 0.54, "motion_mode": "layout-reflow", "motion_strength": 1.0, "seed": 0, "source_resolution": [1280, 736], "steps": 14000, "text_box_loss_weight": 0.0, "text_box_min_conf": 55.0, "text_box_padding": 0, "text_box_sample_ratio": 0.0, "text_boxes": "0 boxes", "time_bands": 4, "train_resolution": "1536x864", "video_layout_mode": "none", "video_viewport_mode": "static", "viewport_pan": 0.0, "viewport_zoom": 0.0}
{
  "canvas_type": "time-conditioned-latent-feature-grid-learned-flow-mlp-glyph-weighted",
  "train_resolution": "1536x864",
  "steps": 14000,
  "batch_size": 131072,
  "channels": 32,
  "hidden": 160,
  "freq_bands": 10,
  "time_bands": 4,
  "lr": 0.01,
  "lr_schedule": "constant",
  "min_lr_ratio": 0.1,
  "grad_clip": 0.5,
  "l1_loss_weight": 0.0,
  "gradient_loss_weight": 0.5,
  "gradient_loss_ratio": 0.0625,
  "gradient_loss_offset_px": 1.0,
  "seed": 0,
  "experiment_label": "c54-reflow-grad050-r00625-weightonly-c32h160-s14000",
  "flow_scale": 0.1,
  "motion_mode": "layout-reflow",
  "motion_strength": 1.0,
  "video_viewport_mode": "static",
  "viewport_zoom": 0.0,
  "viewport_pan": 0.0,
  "video_layout_mode": "none",
  "layout_transform_strength": 0.0,
  "layout_transform_pan": 0.0,
  "layout_supersample": 1.0,
  "layout_region_count": 0,
  "element_scale_ratio": 0.25,
  "element_anchor_padding": 3,
  "element_mask_mode": "rectangle",
  "element_anchor_mode": "line",
  "element_render_mode": "sequential",
  "element_line_count": 0,
  "min_ocr_similarity": 0.54,
  "min_motion_delta": 0.045,
  "edge_sample_ratio": 0.09,
  "edge_loss_weight": 0.9,
  "text_box_sample_ratio": 0.0,
  "text_box_loss_weight": 0.0,
  "text_box_padding": 0,
  "layout_target_sampling": 0,
  "layout_target_weighting": 1,
  "layout_target_sampling_ratio": 1.0,
  "layout_mid_time_ratio": 0.6,
  "layout_mid_time_width": 0.28,
  "text_box_count": 0,
  "text_mask_coverage": 0.0,
  "element_alpha_coverage": 0.0,
  "compile_ms": 370544.477278,
  "final_mse": 0.0027601716574281454,
  "losses": [
    {
      "step": 0,
      "mse": 0.22948265075683594
    },
    {
      "step": 700,
      "mse": 0.009178120642900467
    },
    {
      "step": 1400,
      "mse": 0.007101257331669331
    },
    {
      "step": 2100,
      "mse": 0.005682469345629215
    },
    {
      "step": 2800,
      "mse": 0.005017717834562063
    },
    {
      "step": 3500,
      "mse": 0.004709497094154358
    },
    {
      "step": 4200,
      "mse": 0.00433421041816473
    },
    {
      "step": 4900,
      "mse": 0.004082446917891502
    },
    {
      "step": 5600,
      "mse": 0.0038761612959206104
    },
    {
      "step": 6300,
      "mse": 0.0037734638899564743
    },
    {
      "step": 7000,
      "mse": 0.003605723613873124
    },
    {
      "step": 7700,
      "mse": 0.003652553539723158
    },
    {
      "step": 8400,
      "mse": 0.0032488477881997824
    },
    {
      "step": 9100,
      "mse": 0.0034607560373842716
    },
    {
      "step": 9800,
      "mse": 0.003300011157989502
    },
    {
      "step": 10500,
      "mse": 0.0031351346988230944
    },
    {
      "step": 11200,
      "mse": 0.00318749132566154
    },
    {
      "step": 11900,
      "mse": 0.0030811282340437174
    },
    {
      "step": 12600,
      "mse": 0.002967109438031912
    },
    {
      "step": 13300,
      "mse": 0.0028281749691814184
    },
    {
      "step": 13999,
      "mse": 0.0027601716574281454
    }
  ],
  "render_times": {
    "render-960.png": 16.339039000001776,
    "render-mid.png": 14.081187000044793,
    "render-last.png": 14.035594000006313,
    "render-512.png": 3.8886109999793916,
    "crop-2x.png": 13.788085000044248
  },
  "render_960_ms": 16.339039000001776,
  "render_33_wall_ms": 452.32882299995936,
  "encode_ms": 268.54748599998857,
  "resize_consistency": 0.9994151347217904,
  "temporal_consistency": 0.9986492685275152,
  "motion_delta_model": 0.06357168406248093,
  "loop_error_model": 0.0013507314724847674,
  "description": "C4.7 neural canvas: learned full page layout reflow from x,y,t",
  "run_id": "20260425T001421726827Z-c2-lite-glyph-layout-reflow-c54-reflow-grad050-r00625-weightonly-c32h160-s14000-1536x864-s14000",
  "commit": "9812f84",
  "track": "C",
  "width": 960,
  "height": 544,
  "frames": 33,
  "fps": 24,
  "artifacts": {
    "input": "/Users/dennisonbertram/Develop/flipbook-research/outputs/track-c/20260425T001421726827Z-c2-lite-glyph-layout-reflow-c54-reflow-grad050-r00625-weightonly-c32h160-s14000-1536x864-s14000/input.png",
    "render_960": "/Users/dennisonbertram/Develop/flipbook-research/outputs/track-c/20260425T001421726827Z-c2-lite-glyph-layout-reflow-c54-reflow-grad050-r00625-weightonly-c32h160-s14000-1536x864-s14000/render-960.png",
    "render_mid": "/Users/dennisonbertram/Develop/flipbook-research/outputs/track-c/20260425T001421726827Z-c2-lite-glyph-layout-reflow-c54-reflow-grad050-r00625-weightonly-c32h160-s14000-1536x864-s14000/render-mid.png",
    "render_last": "/Users/dennisonbertram/Develop/flipbook-research/outputs/track-c/20260425T001421726827Z-c2-lite-glyph-layout-reflow-c54-reflow-grad050-r00625-weightonly-c32h160-s14000-1536x864-s14000/render-last.png",
    "render_512": "/Users/dennisonbertram/Develop/flipbook-research/outputs/track-c/20260425T001421726827Z-c2-lite-glyph-layout-reflow-c54-reflow-grad050-r00625-weightonly-c32h160-s14000-1536x864-s14000/render-512.png",
    "crop_2x": "/Users/dennisonbertram/Develop/flipbook-research/outputs/track-c/20260425T001421726827Z-c2-lite-glyph-layout-reflow-c54-reflow-grad050-r00625-weightonly-c32h160-s14000-1536x864-s14000/crop-2x.png",
    "text_mask": "/Users/dennisonbertram/Develop/flipbook-research/outputs/track-c/20260425T001421726827Z-c2-lite-glyph-layout-reflow-c54-reflow-grad050-r00625-weightonly-c32h160-s14000-1536x864-s14000/text-mask.png",
    "element_alpha_mask": "/Users/dennisonbertram/Develop/flipbook-research/outputs/track-c/20260425T001421726827Z-c2-lite-glyph-layout-reflow-c54-reflow-grad050-r00625-weightonly-c32h160-s14000-1536x864-s14000/element-alpha-mask.png",
    "target_mid": "/Users/dennisonbertram/Develop/flipbook-research/outputs/track-c/20260425T001421726827Z-c2-lite-glyph-layout-reflow-c54-reflow-grad050-r00625-weightonly-c32h160-s14000-1536x864-s14000/target-mid.png",
    "text_boxes": "/Users/dennisonbertram/Develop/flipbook-research/outputs/track-c/20260425T001421726827Z-c2-lite-glyph-layout-reflow-c54-reflow-grad050-r00625-weightonly-c32h160-s14000-1536x864-s14000/text-boxes.json",
    "output": "/Users/dennisonbertram/Develop/flipbook-research/outputs/track-c/20260425T001421726827Z-c2-lite-glyph-layout-reflow-c54-reflow-grad050-r00625-weightonly-c32h160-s14000-1536x864-s14000/output.mp4",
    "metrics": "/Users/dennisonbertram/Develop/flipbook-research/outputs/track-c/20260425T001421726827Z-c2-lite-glyph-layout-reflow-c54-reflow-grad050-r00625-weightonly-c32h160-s14000-1536x864-s14000/metrics.json",
    "quality": "/Users/dennisonbertram/Develop/flipbook-research/outputs/track-c/20260425T001421726827Z-c2-lite-glyph-layout-reflow-c54-reflow-grad050-r00625-weightonly-c32h160-s14000-1536x864-s14000/quality.json"
  },
  "ocr_similarity": 0.5614035087719298,
  "layout_similarity": 0.9994151347217904,
  "motion_delta": 0.04956427216529846,
  "loop_error": 0.0009145787917077541,
  "status": "pass"
}
DONE 20260425T001421726827Z-c2-lite-glyph-layout-reflow-c54-reflow-grad050-r00625-weightonly-c32h160-s14000-1536x864-s14000 quality=0.5614 motion=0.0496
Stopping app - local entrypoint completed.
✓ App completed. View run at 
https://modal.com/apps/dennisonbertram/main/ap-vnXWB74v4VfDqhoVcO9psX
