✓ Initialized. View run at 
https://modal.com/apps/dennisonbertram/main/ap-lLv1WQdPi86spdVdk5fSMB
✓ Created objects.
├── 🔨 Created mount 
│   /Users/dennisonbertram/Develop/flipbook-research/scripts/track_c/modal_canva
│   s_c2_lite.py
└── 🔨 Created function train_and_render_motion.
START 20260425T001428605822Z-c2-lite-glyph-layout-reflow-c54-reflow-grad025-r00625-train1920-weightonly-s13000-1920x1088-s13000 config={"batch_size": 131072, "channels": 32, "edge_loss_weight": 0.9, "edge_sample_ratio": 0.09, "element_anchor_mode": "line", "element_anchor_padding": 3, "element_mask_mode": "rectangle", "element_render_mode": "sequential", "element_scale_ratio": 0.25, "experiment_label": "c54-reflow-grad025-r00625-train1920-weightonly-s13000", "flow_scale": 0.1, "fps": 24, "frames": 33, "freq_bands": 10, "grad_clip": 0.5, "gradient_loss_offset_px": 1.0, "gradient_loss_ratio": 0.0625, "gradient_loss_weight": 0.25, "hidden": 160, "l1_loss_weight": 0.0, "layout_mid_time_ratio": 0.6, "layout_mid_time_width": 0.28, "layout_supersample": 1.0, "layout_target_sampling": 0, "layout_target_sampling_ratio": 1.0, "layout_target_weighting": 1, "layout_transform_pan": 0.0, "layout_transform_strength": 0.0, "lr": 0.01, "lr_schedule": "constant", "min_lr_ratio": 0.1, "min_motion_delta": 0.045, "min_ocr_similarity": 0.54, "motion_mode": "layout-reflow", "motion_strength": 1.0, "seed": 0, "source_resolution": [1280, 736], "steps": 13000, "text_box_loss_weight": 0.0, "text_box_min_conf": 55.0, "text_box_padding": 0, "text_box_sample_ratio": 0.0, "text_boxes": "0 boxes", "time_bands": 4, "train_resolution": "1920x1088", "video_layout_mode": "none", "video_viewport_mode": "static", "viewport_pan": 0.0, "viewport_zoom": 0.0}
{
  "canvas_type": "time-conditioned-latent-feature-grid-learned-flow-mlp-glyph-weighted",
  "train_resolution": "1920x1088",
  "steps": 13000,
  "batch_size": 131072,
  "channels": 32,
  "hidden": 160,
  "freq_bands": 10,
  "time_bands": 4,
  "lr": 0.01,
  "lr_schedule": "constant",
  "min_lr_ratio": 0.1,
  "grad_clip": 0.5,
  "l1_loss_weight": 0.0,
  "gradient_loss_weight": 0.25,
  "gradient_loss_ratio": 0.0625,
  "gradient_loss_offset_px": 1.0,
  "seed": 0,
  "experiment_label": "c54-reflow-grad025-r00625-train1920-weightonly-s13000",
  "flow_scale": 0.1,
  "motion_mode": "layout-reflow",
  "motion_strength": 1.0,
  "video_viewport_mode": "static",
  "viewport_zoom": 0.0,
  "viewport_pan": 0.0,
  "video_layout_mode": "none",
  "layout_transform_strength": 0.0,
  "layout_transform_pan": 0.0,
  "layout_supersample": 1.0,
  "layout_region_count": 0,
  "element_scale_ratio": 0.25,
  "element_anchor_padding": 3,
  "element_mask_mode": "rectangle",
  "element_anchor_mode": "line",
  "element_render_mode": "sequential",
  "element_line_count": 0,
  "min_ocr_similarity": 0.54,
  "min_motion_delta": 0.045,
  "edge_sample_ratio": 0.09,
  "edge_loss_weight": 0.9,
  "text_box_sample_ratio": 0.0,
  "text_box_loss_weight": 0.0,
  "text_box_padding": 0,
  "layout_target_sampling": 0,
  "layout_target_weighting": 1,
  "layout_target_sampling_ratio": 1.0,
  "layout_mid_time_ratio": 0.6,
  "layout_mid_time_width": 0.28,
  "text_box_count": 0,
  "text_mask_coverage": 0.0,
  "element_alpha_coverage": 0.0,
  "compile_ms": 416418.72098100005,
  "final_mse": 0.002244545379653573,
  "losses": [
    {
      "step": 0,
      "mse": 0.24010972678661346
    },
    {
      "step": 650,
      "mse": 0.013904320076107979
    },
    {
      "step": 1300,
      "mse": 0.007537458091974258
    },
    {
      "step": 1950,
      "mse": 0.005322309676557779
    },
    {
      "step": 2600,
      "mse": 0.004160955548286438
    },
    {
      "step": 3250,
      "mse": 0.003618283197283745
    },
    {
      "step": 3900,
      "mse": 0.0032911980524659157
    },
    {
      "step": 4550,
      "mse": 0.003117274958640337
    },
    {
      "step": 5200,
      "mse": 0.002884994028136134
    },
    {
      "step": 5850,
      "mse": 0.002869496587663889
    },
    {
      "step": 6500,
      "mse": 0.0027293949387967587
    },
    {
      "step": 7150,
      "mse": 0.002646012231707573
    },
    {
      "step": 7800,
      "mse": 0.0025963271036744118
    },
    {
      "step": 8450,
      "mse": 0.0025008588563650846
    },
    {
      "step": 9100,
      "mse": 0.002362323459237814
    },
    {
      "step": 9750,
      "mse": 0.002356860786676407
    },
    {
      "step": 10400,
      "mse": 0.0022319334093481302
    },
    {
      "step": 11050,
      "mse": 0.0023642040323466063
    },
    {
      "step": 11700,
      "mse": 0.0022882879711687565
    },
    {
      "step": 12350,
      "mse": 0.0021903468295931816
    },
    {
      "step": 12999,
      "mse": 0.002244545379653573
    }
  ],
  "render_times": {
    "render-960.png": 14.950864000013553,
    "render-mid.png": 14.21472800001311,
    "render-last.png": 14.162585999997646,
    "render-512.png": 3.9905549999730283,
    "crop-2x.png": 13.8739610000016
  },
  "render_960_ms": 14.950864000013553,
  "render_33_wall_ms": 456.86382999997477,
  "encode_ms": 254.48785300000054,
  "resize_consistency": 0.999391838991839,
  "temporal_consistency": 0.9979753906372935,
  "motion_delta_model": 0.06593163311481476,
  "loop_error_model": 0.002024609362706542,
  "description": "C4.7 neural canvas: learned full page layout reflow from x,y,t",
  "run_id": "20260425T001428605822Z-c2-lite-glyph-layout-reflow-c54-reflow-grad025-r00625-train1920-weightonly-s13000-1920x1088-s13000",
  "commit": "9812f84",
  "track": "C",
  "width": 960,
  "height": 544,
  "frames": 33,
  "fps": 24,
  "artifacts": {
    "input": "/Users/dennisonbertram/Develop/flipbook-research/outputs/track-c/20260425T001428605822Z-c2-lite-glyph-layout-reflow-c54-reflow-grad025-r00625-train1920-weightonly-s13000-1920x1088-s13000/input.png",
    "render_960": "/Users/dennisonbertram/Develop/flipbook-research/outputs/track-c/20260425T001428605822Z-c2-lite-glyph-layout-reflow-c54-reflow-grad025-r00625-train1920-weightonly-s13000-1920x1088-s13000/render-960.png",
    "render_mid": "/Users/dennisonbertram/Develop/flipbook-research/outputs/track-c/20260425T001428605822Z-c2-lite-glyph-layout-reflow-c54-reflow-grad025-r00625-train1920-weightonly-s13000-1920x1088-s13000/render-mid.png",
    "render_last": "/Users/dennisonbertram/Develop/flipbook-research/outputs/track-c/20260425T001428605822Z-c2-lite-glyph-layout-reflow-c54-reflow-grad025-r00625-train1920-weightonly-s13000-1920x1088-s13000/render-last.png",
    "render_512": "/Users/dennisonbertram/Develop/flipbook-research/outputs/track-c/20260425T001428605822Z-c2-lite-glyph-layout-reflow-c54-reflow-grad025-r00625-train1920-weightonly-s13000-1920x1088-s13000/render-512.png",
    "crop_2x": "/Users/dennisonbertram/Develop/flipbook-research/outputs/track-c/20260425T001428605822Z-c2-lite-glyph-layout-reflow-c54-reflow-grad025-r00625-train1920-weightonly-s13000-1920x1088-s13000/crop-2x.png",
    "text_mask": "/Users/dennisonbertram/Develop/flipbook-research/outputs/track-c/20260425T001428605822Z-c2-lite-glyph-layout-reflow-c54-reflow-grad025-r00625-train1920-weightonly-s13000-1920x1088-s13000/text-mask.png",
    "element_alpha_mask": "/Users/dennisonbertram/Develop/flipbook-research/outputs/track-c/20260425T001428605822Z-c2-lite-glyph-layout-reflow-c54-reflow-grad025-r00625-train1920-weightonly-s13000-1920x1088-s13000/element-alpha-mask.png",
    "target_mid": "/Users/dennisonbertram/Develop/flipbook-research/outputs/track-c/20260425T001428605822Z-c2-lite-glyph-layout-reflow-c54-reflow-grad025-r00625-train1920-weightonly-s13000-1920x1088-s13000/target-mid.png",
    "text_boxes": "/Users/dennisonbertram/Develop/flipbook-research/outputs/track-c/20260425T001428605822Z-c2-lite-glyph-layout-reflow-c54-reflow-grad025-r00625-train1920-weightonly-s13000-1920x1088-s13000/text-boxes.json",
    "output": "/Users/dennisonbertram/Develop/flipbook-research/outputs/track-c/20260425T001428605822Z-c2-lite-glyph-layout-reflow-c54-reflow-grad025-r00625-train1920-weightonly-s13000-1920x1088-s13000/output.mp4",
    "metrics": "/Users/dennisonbertram/Develop/flipbook-research/outputs/track-c/20260425T001428605822Z-c2-lite-glyph-layout-reflow-c54-reflow-grad025-r00625-train1920-weightonly-s13000-1920x1088-s13000/metrics.json",
    "quality": "/Users/dennisonbertram/Develop/flipbook-research/outputs/track-c/20260425T001428605822Z-c2-lite-glyph-layout-reflow-c54-reflow-grad025-r00625-train1920-weightonly-s13000-1920x1088-s13000/quality.json"
  },
  "ocr_similarity": 0.4528301886792453,
  "layout_similarity": 0.999391838991839,
  "motion_delta": 0.050570569932460785,
  "loop_error": 0.0014512980123981833,
  "status": "near_miss"
}
DONE 20260425T001428605822Z-c2-lite-glyph-layout-reflow-c54-reflow-grad025-r00625-train1920-weightonly-s13000-1920x1088-s13000 quality=0.4528 motion=0.0506
Stopping app - local entrypoint completed.
✓ App completed. View run at 
https://modal.com/apps/dennisonbertram/main/ap-lLv1WQdPi86spdVdk5fSMB
