✓ Initialized. View run at 
https://modal.com/apps/dennisonbertram/main/ap-R0tSyrF9VxwKeQ9Aqh8OsK
✓ Created objects.
├── 🔨 Created mount 
│   /Users/dennisonbertram/Develop/flipbook-research/scripts/track_c/modal_canva
│   s_c2_lite.py
└── 🔨 Created function train_and_render_motion.
START 20260425T001418344732Z-c2-lite-glyph-layout-reflow-c54-reflow-grad025-r0125-target-s050-c32h160-s14000-1536x864-s14000 config={"batch_size": 131072, "channels": 32, "edge_loss_weight": 0.9, "edge_sample_ratio": 0.09, "element_anchor_mode": "line", "element_anchor_padding": 3, "element_mask_mode": "rectangle", "element_render_mode": "sequential", "element_scale_ratio": 0.25, "experiment_label": "c54-reflow-grad025-r0125-target-s050-c32h160-s14000", "flow_scale": 0.1, "fps": 24, "frames": 33, "freq_bands": 10, "grad_clip": 0.5, "gradient_loss_offset_px": 1.0, "gradient_loss_ratio": 0.125, "gradient_loss_weight": 0.25, "hidden": 160, "l1_loss_weight": 0.0, "layout_mid_time_ratio": 0.6, "layout_mid_time_width": 0.28, "layout_supersample": 1.0, "layout_target_sampling": 1, "layout_target_sampling_ratio": 0.5, "layout_target_weighting": 1, "layout_transform_pan": 0.0, "layout_transform_strength": 0.0, "lr": 0.01, "lr_schedule": "constant", "min_lr_ratio": 0.1, "min_motion_delta": 0.045, "min_ocr_similarity": 0.55, "motion_mode": "layout-reflow", "motion_strength": 1.0, "seed": 0, "source_resolution": [1280, 736], "steps": 14000, "text_box_loss_weight": 0.0, "text_box_min_conf": 55.0, "text_box_padding": 0, "text_box_sample_ratio": 0.0, "text_boxes": "0 boxes", "time_bands": 4, "train_resolution": "1536x864", "video_layout_mode": "none", "video_viewport_mode": "static", "viewport_pan": 0.0, "viewport_zoom": 0.0}
{
  "canvas_type": "time-conditioned-latent-feature-grid-learned-flow-mlp-glyph-weighted",
  "train_resolution": "1536x864",
  "steps": 14000,
  "batch_size": 131072,
  "channels": 32,
  "hidden": 160,
  "freq_bands": 10,
  "time_bands": 4,
  "lr": 0.01,
  "lr_schedule": "constant",
  "min_lr_ratio": 0.1,
  "grad_clip": 0.5,
  "l1_loss_weight": 0.0,
  "gradient_loss_weight": 0.25,
  "gradient_loss_ratio": 0.125,
  "gradient_loss_offset_px": 1.0,
  "seed": 0,
  "experiment_label": "c54-reflow-grad025-r0125-target-s050-c32h160-s14000",
  "flow_scale": 0.1,
  "motion_mode": "layout-reflow",
  "motion_strength": 1.0,
  "video_viewport_mode": "static",
  "viewport_zoom": 0.0,
  "viewport_pan": 0.0,
  "video_layout_mode": "none",
  "layout_transform_strength": 0.0,
  "layout_transform_pan": 0.0,
  "layout_supersample": 1.0,
  "layout_region_count": 0,
  "element_scale_ratio": 0.25,
  "element_anchor_padding": 3,
  "element_mask_mode": "rectangle",
  "element_anchor_mode": "line",
  "element_render_mode": "sequential",
  "element_line_count": 0,
  "min_ocr_similarity": 0.55,
  "min_motion_delta": 0.045,
  "edge_sample_ratio": 0.09,
  "edge_loss_weight": 0.9,
  "text_box_sample_ratio": 0.0,
  "text_box_loss_weight": 0.0,
  "text_box_padding": 0,
  "layout_target_sampling": 1,
  "layout_target_weighting": 1,
  "layout_target_sampling_ratio": 0.5,
  "layout_mid_time_ratio": 0.6,
  "layout_mid_time_width": 0.28,
  "text_box_count": 0,
  "text_mask_coverage": 0.0,
  "element_alpha_coverage": 0.0,
  "compile_ms": 383141.791001,
  "final_mse": 0.0023494865745306015,
  "losses": [
    {
      "step": 0,
      "mse": 0.22669672966003418
    },
    {
      "step": 700,
      "mse": 0.007995891384780407
    },
    {
      "step": 1400,
      "mse": 0.005706625059247017
    },
    {
      "step": 2100,
      "mse": 0.0048081460408866405
    },
    {
      "step": 2800,
      "mse": 0.00423467205837369
    },
    {
      "step": 3500,
      "mse": 0.0037434780970215797
    },
    {
      "step": 4200,
      "mse": 0.003406756091862917
    },
    {
      "step": 4900,
      "mse": 0.0032897291239351034
    },
    {
      "step": 5600,
      "mse": 0.0031457734294235706
    },
    {
      "step": 6300,
      "mse": 0.0029371525160968304
    },
    {
      "step": 7000,
      "mse": 0.002839270979166031
    },
    {
      "step": 7700,
      "mse": 0.0027717286720871925
    },
    {
      "step": 8400,
      "mse": 0.002670623827725649
    },
    {
      "step": 9100,
      "mse": 0.002661984646692872
    },
    {
      "step": 9800,
      "mse": 0.002627431647852063
    },
    {
      "step": 10500,
      "mse": 0.002551217330619693
    },
    {
      "step": 11200,
      "mse": 0.002486372599378228
    },
    {
      "step": 11900,
      "mse": 0.0023984708823263645
    },
    {
      "step": 12600,
      "mse": 0.0023685614578425884
    },
    {
      "step": 13300,
      "mse": 0.0023851257283240557
    },
    {
      "step": 13999,
      "mse": 0.0023494865745306015
    }
  ],
  "render_times": {
    "render-960.png": 14.054941999972925,
    "render-mid.png": 13.969381999970665,
    "render-last.png": 13.947729000051368,
    "render-512.png": 3.872375000014472,
    "crop-2x.png": 13.766643999986172
  },
  "render_960_ms": 14.054941999972925,
  "render_33_wall_ms": 452.38131799999337,
  "encode_ms": 252.46275499995363,
  "resize_consistency": 0.9994337522043993,
  "temporal_consistency": 0.9983600223204121,
  "motion_delta_model": 0.06889694929122925,
  "loop_error_model": 0.0016399776795879006,
  "description": "C4.7 neural canvas: learned full page layout reflow from x,y,t",
  "run_id": "20260425T001418344732Z-c2-lite-glyph-layout-reflow-c54-reflow-grad025-r0125-target-s050-c32h160-s14000-1536x864-s14000",
  "commit": "9812f84",
  "track": "C",
  "width": 960,
  "height": 544,
  "frames": 33,
  "fps": 24,
  "artifacts": {
    "input": "/Users/dennisonbertram/Develop/flipbook-research/outputs/track-c/20260425T001418344732Z-c2-lite-glyph-layout-reflow-c54-reflow-grad025-r0125-target-s050-c32h160-s14000-1536x864-s14000/input.png",
    "render_960": "/Users/dennisonbertram/Develop/flipbook-research/outputs/track-c/20260425T001418344732Z-c2-lite-glyph-layout-reflow-c54-reflow-grad025-r0125-target-s050-c32h160-s14000-1536x864-s14000/render-960.png",
    "render_mid": "/Users/dennisonbertram/Develop/flipbook-research/outputs/track-c/20260425T001418344732Z-c2-lite-glyph-layout-reflow-c54-reflow-grad025-r0125-target-s050-c32h160-s14000-1536x864-s14000/render-mid.png",
    "render_last": "/Users/dennisonbertram/Develop/flipbook-research/outputs/track-c/20260425T001418344732Z-c2-lite-glyph-layout-reflow-c54-reflow-grad025-r0125-target-s050-c32h160-s14000-1536x864-s14000/render-last.png",
    "render_512": "/Users/dennisonbertram/Develop/flipbook-research/outputs/track-c/20260425T001418344732Z-c2-lite-glyph-layout-reflow-c54-reflow-grad025-r0125-target-s050-c32h160-s14000-1536x864-s14000/render-512.png",
    "crop_2x": "/Users/dennisonbertram/Develop/flipbook-research/outputs/track-c/20260425T001418344732Z-c2-lite-glyph-layout-reflow-c54-reflow-grad025-r0125-target-s050-c32h160-s14000-1536x864-s14000/crop-2x.png",
    "text_mask": "/Users/dennisonbertram/Develop/flipbook-research/outputs/track-c/20260425T001418344732Z-c2-lite-glyph-layout-reflow-c54-reflow-grad025-r0125-target-s050-c32h160-s14000-1536x864-s14000/text-mask.png",
    "element_alpha_mask": "/Users/dennisonbertram/Develop/flipbook-research/outputs/track-c/20260425T001418344732Z-c2-lite-glyph-layout-reflow-c54-reflow-grad025-r0125-target-s050-c32h160-s14000-1536x864-s14000/element-alpha-mask.png",
    "target_mid": "/Users/dennisonbertram/Develop/flipbook-research/outputs/track-c/20260425T001418344732Z-c2-lite-glyph-layout-reflow-c54-reflow-grad025-r0125-target-s050-c32h160-s14000-1536x864-s14000/target-mid.png",
    "text_boxes": "/Users/dennisonbertram/Develop/flipbook-research/outputs/track-c/20260425T001418344732Z-c2-lite-glyph-layout-reflow-c54-reflow-grad025-r0125-target-s050-c32h160-s14000-1536x864-s14000/text-boxes.json",
    "output": "/Users/dennisonbertram/Develop/flipbook-research/outputs/track-c/20260425T001418344732Z-c2-lite-glyph-layout-reflow-c54-reflow-grad025-r0125-target-s050-c32h160-s14000-1536x864-s14000/output.mp4",
    "metrics": "/Users/dennisonbertram/Develop/flipbook-research/outputs/track-c/20260425T001418344732Z-c2-lite-glyph-layout-reflow-c54-reflow-grad025-r0125-target-s050-c32h160-s14000-1536x864-s14000/metrics.json",
    "quality": "/Users/dennisonbertram/Develop/flipbook-research/outputs/track-c/20260425T001418344732Z-c2-lite-glyph-layout-reflow-c54-reflow-grad025-r0125-target-s050-c32h160-s14000-1536x864-s14000/quality.json"
  },
  "ocr_similarity": 0.5168539325842696,
  "layout_similarity": 0.9994337522043993,
  "motion_delta": 0.05264842137694359,
  "loop_error": 0.0011585421161726117,
  "status": "near_miss"
}
DONE 20260425T001418344732Z-c2-lite-glyph-layout-reflow-c54-reflow-grad025-r0125-target-s050-c32h160-s14000-1536x864-s14000 quality=0.5169 motion=0.0526
Stopping app - local entrypoint completed.
✓ App completed. View run at 
https://modal.com/apps/dennisonbertram/main/ap-R0tSyrF9VxwKeQ9Aqh8OsK
