✓ Initialized. View run at 
https://modal.com/apps/dennisonbertram/main/ap-vhFoWZORKNB0vKv3RjYKs4
✓ Created objects.
├── 🔨 Created mount 
│   /Users/dennisonbertram/Develop/flipbook-research/scripts/track_c/modal_canva
│   s_c2_lite.py
└── 🔨 Created function train_and_render_motion.
START 20260425T001418380957Z-c2-lite-glyph-layout-reflow-c54-reflow-grad050-r0125-target-s050-c32h160-s14000-1536x864-s14000 config={"batch_size": 131072, "channels": 32, "edge_loss_weight": 0.9, "edge_sample_ratio": 0.09, "element_anchor_mode": "line", "element_anchor_padding": 3, "element_mask_mode": "rectangle", "element_render_mode": "sequential", "element_scale_ratio": 0.25, "experiment_label": "c54-reflow-grad050-r0125-target-s050-c32h160-s14000", "flow_scale": 0.1, "fps": 24, "frames": 33, "freq_bands": 10, "grad_clip": 0.5, "gradient_loss_offset_px": 1.0, "gradient_loss_ratio": 0.125, "gradient_loss_weight": 0.5, "hidden": 160, "l1_loss_weight": 0.0, "layout_mid_time_ratio": 0.6, "layout_mid_time_width": 0.28, "layout_supersample": 1.0, "layout_target_sampling": 1, "layout_target_sampling_ratio": 0.5, "layout_target_weighting": 1, "layout_transform_pan": 0.0, "layout_transform_strength": 0.0, "lr": 0.01, "lr_schedule": "constant", "min_lr_ratio": 0.1, "min_motion_delta": 0.045, "min_ocr_similarity": 0.55, "motion_mode": "layout-reflow", "motion_strength": 1.0, "seed": 0, "source_resolution": [1280, 736], "steps": 14000, "text_box_loss_weight": 0.0, "text_box_min_conf": 55.0, "text_box_padding": 0, "text_box_sample_ratio": 0.0, "text_boxes": "0 boxes", "time_bands": 4, "train_resolution": "1536x864", "video_layout_mode": "none", "video_viewport_mode": "static", "viewport_pan": 0.0, "viewport_zoom": 0.0}
{
  "canvas_type": "time-conditioned-latent-feature-grid-learned-flow-mlp-glyph-weighted",
  "train_resolution": "1536x864",
  "steps": 14000,
  "batch_size": 131072,
  "channels": 32,
  "hidden": 160,
  "freq_bands": 10,
  "time_bands": 4,
  "lr": 0.01,
  "lr_schedule": "constant",
  "min_lr_ratio": 0.1,
  "grad_clip": 0.5,
  "l1_loss_weight": 0.0,
  "gradient_loss_weight": 0.5,
  "gradient_loss_ratio": 0.125,
  "gradient_loss_offset_px": 1.0,
  "seed": 0,
  "experiment_label": "c54-reflow-grad050-r0125-target-s050-c32h160-s14000",
  "flow_scale": 0.1,
  "motion_mode": "layout-reflow",
  "motion_strength": 1.0,
  "video_viewport_mode": "static",
  "viewport_zoom": 0.0,
  "viewport_pan": 0.0,
  "video_layout_mode": "none",
  "layout_transform_strength": 0.0,
  "layout_transform_pan": 0.0,
  "layout_supersample": 1.0,
  "layout_region_count": 0,
  "element_scale_ratio": 0.25,
  "element_anchor_padding": 3,
  "element_mask_mode": "rectangle",
  "element_anchor_mode": "line",
  "element_render_mode": "sequential",
  "element_line_count": 0,
  "min_ocr_similarity": 0.55,
  "min_motion_delta": 0.045,
  "edge_sample_ratio": 0.09,
  "edge_loss_weight": 0.9,
  "text_box_sample_ratio": 0.0,
  "text_box_loss_weight": 0.0,
  "text_box_padding": 0,
  "layout_target_sampling": 1,
  "layout_target_weighting": 1,
  "layout_target_sampling_ratio": 0.5,
  "layout_mid_time_ratio": 0.6,
  "layout_mid_time_width": 0.28,
  "text_box_count": 0,
  "text_mask_coverage": 0.0,
  "element_alpha_coverage": 0.0,
  "compile_ms": 343858.001077,
  "final_mse": 0.0033602037001401186,
  "losses": [
    {
      "step": 0,
      "mse": 0.22913488745689392
    },
    {
      "step": 700,
      "mse": 0.011111738160252571
    },
    {
      "step": 1400,
      "mse": 0.008310633711516857
    },
    {
      "step": 2100,
      "mse": 0.0066267354413867
    },
    {
      "step": 2800,
      "mse": 0.005808806978166103
    },
    {
      "step": 3500,
      "mse": 0.005140519700944424
    },
    {
      "step": 4200,
      "mse": 0.004755533766001463
    },
    {
      "step": 4900,
      "mse": 0.004518346861004829
    },
    {
      "step": 5600,
      "mse": 0.004295218735933304
    },
    {
      "step": 6300,
      "mse": 0.0040772706270217896
    },
    {
      "step": 7000,
      "mse": 0.003841422265395522
    },
    {
      "step": 7700,
      "mse": 0.0038449009880423546
    },
    {
      "step": 8400,
      "mse": 0.003762699430808425
    },
    {
      "step": 9100,
      "mse": 0.0036297941114753485
    },
    {
      "step": 9800,
      "mse": 0.0036215975414961576
    },
    {
      "step": 10500,
      "mse": 0.0033787949942052364
    },
    {
      "step": 11200,
      "mse": 0.003539483528584242
    },
    {
      "step": 11900,
      "mse": 0.003383524948731065
    },
    {
      "step": 12600,
      "mse": 0.0033606302458792925
    },
    {
      "step": 13300,
      "mse": 0.003345896489918232
    },
    {
      "step": 13999,
      "mse": 0.0033602037001401186
    }
  ],
  "render_times": {
    "render-960.png": 11.715809999998328,
    "render-mid.png": 11.64166699999214,
    "render-last.png": 11.592804000031265,
    "render-512.png": 3.353566000043884,
    "crop-2x.png": 11.427513999990424
  },
  "render_960_ms": 11.715809999998328,
  "render_33_wall_ms": 374.4977890000314,
  "encode_ms": 262.74506100003236,
  "resize_consistency": 0.999401317157914,
  "temporal_consistency": 0.9981435152003542,
  "motion_delta_model": 0.06721223890781403,
  "loop_error_model": 0.0018564847996458411,
  "description": "C4.7 neural canvas: learned full page layout reflow from x,y,t",
  "run_id": "20260425T001418380957Z-c2-lite-glyph-layout-reflow-c54-reflow-grad050-r0125-target-s050-c32h160-s14000-1536x864-s14000",
  "commit": "9812f84",
  "track": "C",
  "width": 960,
  "height": 544,
  "frames": 33,
  "fps": 24,
  "artifacts": {
    "input": "/Users/dennisonbertram/Develop/flipbook-research/outputs/track-c/20260425T001418380957Z-c2-lite-glyph-layout-reflow-c54-reflow-grad050-r0125-target-s050-c32h160-s14000-1536x864-s14000/input.png",
    "render_960": "/Users/dennisonbertram/Develop/flipbook-research/outputs/track-c/20260425T001418380957Z-c2-lite-glyph-layout-reflow-c54-reflow-grad050-r0125-target-s050-c32h160-s14000-1536x864-s14000/render-960.png",
    "render_mid": "/Users/dennisonbertram/Develop/flipbook-research/outputs/track-c/20260425T001418380957Z-c2-lite-glyph-layout-reflow-c54-reflow-grad050-r0125-target-s050-c32h160-s14000-1536x864-s14000/render-mid.png",
    "render_last": "/Users/dennisonbertram/Develop/flipbook-research/outputs/track-c/20260425T001418380957Z-c2-lite-glyph-layout-reflow-c54-reflow-grad050-r0125-target-s050-c32h160-s14000-1536x864-s14000/render-last.png",
    "render_512": "/Users/dennisonbertram/Develop/flipbook-research/outputs/track-c/20260425T001418380957Z-c2-lite-glyph-layout-reflow-c54-reflow-grad050-r0125-target-s050-c32h160-s14000-1536x864-s14000/render-512.png",
    "crop_2x": "/Users/dennisonbertram/Develop/flipbook-research/outputs/track-c/20260425T001418380957Z-c2-lite-glyph-layout-reflow-c54-reflow-grad050-r0125-target-s050-c32h160-s14000-1536x864-s14000/crop-2x.png",
    "text_mask": "/Users/dennisonbertram/Develop/flipbook-research/outputs/track-c/20260425T001418380957Z-c2-lite-glyph-layout-reflow-c54-reflow-grad050-r0125-target-s050-c32h160-s14000-1536x864-s14000/text-mask.png",
    "element_alpha_mask": "/Users/dennisonbertram/Develop/flipbook-research/outputs/track-c/20260425T001418380957Z-c2-lite-glyph-layout-reflow-c54-reflow-grad050-r0125-target-s050-c32h160-s14000-1536x864-s14000/element-alpha-mask.png",
    "target_mid": "/Users/dennisonbertram/Develop/flipbook-research/outputs/track-c/20260425T001418380957Z-c2-lite-glyph-layout-reflow-c54-reflow-grad050-r0125-target-s050-c32h160-s14000-1536x864-s14000/target-mid.png",
    "text_boxes": "/Users/dennisonbertram/Develop/flipbook-research/outputs/track-c/20260425T001418380957Z-c2-lite-glyph-layout-reflow-c54-reflow-grad050-r0125-target-s050-c32h160-s14000-1536x864-s14000/text-boxes.json",
    "output": "/Users/dennisonbertram/Develop/flipbook-research/outputs/track-c/20260425T001418380957Z-c2-lite-glyph-layout-reflow-c54-reflow-grad050-r0125-target-s050-c32h160-s14000-1536x864-s14000/output.mp4",
    "metrics": "/Users/dennisonbertram/Develop/flipbook-research/outputs/track-c/20260425T001418380957Z-c2-lite-glyph-layout-reflow-c54-reflow-grad050-r0125-target-s050-c32h160-s14000-1536x864-s14000/metrics.json",
    "quality": "/Users/dennisonbertram/Develop/flipbook-research/outputs/track-c/20260425T001418380957Z-c2-lite-glyph-layout-reflow-c54-reflow-grad050-r0125-target-s050-c32h160-s14000-1536x864-s14000/quality.json"
  },
  "ocr_similarity": 0.39759036144578314,
  "layout_similarity": 0.999401317157914,
  "motion_delta": 0.05219056457281113,
  "loop_error": 0.0014427878195419908,
  "status": "near_miss"
}
DONE 20260425T001418380957Z-c2-lite-glyph-layout-reflow-c54-reflow-grad050-r0125-target-s050-c32h160-s14000-1536x864-s14000 quality=0.3976 motion=0.0522
Stopping app - local entrypoint completed.
✓ App completed. View run at 
https://modal.com/apps/dennisonbertram/main/ap-vhFoWZORKNB0vKv3RjYKs4
