✓ Initialized. View run at 
https://modal.com/apps/dennisonbertram/main/ap-S0zlZgHIM8gVOxETr2S5eZ
✓ Created objects.
├── 🔨 Created mount 
│   /Users/dennisonbertram/Develop/flipbook-research/scripts/track_c/modal_canva
│   s_c2_lite.py
└── 🔨 Created function train_and_render_motion.
START 20260425T001425567102Z-c2-lite-glyph-layout-reflow-c54-reflow-grad050-r00625-target-full-b196-s10000-1536x864-s10000 config={"batch_size": 196608, "channels": 32, "edge_loss_weight": 0.9, "edge_sample_ratio": 0.09, "element_anchor_mode": "line", "element_anchor_padding": 3, "element_mask_mode": "rectangle", "element_render_mode": "sequential", "element_scale_ratio": 0.25, "experiment_label": "c54-reflow-grad050-r00625-target-full-b196-s10000", "flow_scale": 0.1, "fps": 24, "frames": 33, "freq_bands": 10, "grad_clip": 0.5, "gradient_loss_offset_px": 1.0, "gradient_loss_ratio": 0.0625, "gradient_loss_weight": 0.5, "hidden": 160, "l1_loss_weight": 0.0, "layout_mid_time_ratio": 0.6, "layout_mid_time_width": 0.28, "layout_supersample": 1.0, "layout_target_sampling": 1, "layout_target_sampling_ratio": 1.0, "layout_target_weighting": 1, "layout_transform_pan": 0.0, "layout_transform_strength": 0.0, "lr": 0.01, "lr_schedule": "constant", "min_lr_ratio": 0.1, "min_motion_delta": 0.045, "min_ocr_similarity": 0.55, "motion_mode": "layout-reflow", "motion_strength": 1.0, "seed": 0, "source_resolution": [1280, 736], "steps": 10000, "text_box_loss_weight": 0.0, "text_box_min_conf": 55.0, "text_box_padding": 0, "text_box_sample_ratio": 0.0, "text_boxes": "0 boxes", "time_bands": 4, "train_resolution": "1536x864", "video_layout_mode": "none", "video_viewport_mode": "static", "viewport_pan": 0.0, "viewport_zoom": 0.0}
{
  "canvas_type": "time-conditioned-latent-feature-grid-learned-flow-mlp-glyph-weighted",
  "train_resolution": "1536x864",
  "steps": 10000,
  "batch_size": 196608,
  "channels": 32,
  "hidden": 160,
  "freq_bands": 10,
  "time_bands": 4,
  "lr": 0.01,
  "lr_schedule": "constant",
  "min_lr_ratio": 0.1,
  "grad_clip": 0.5,
  "l1_loss_weight": 0.0,
  "gradient_loss_weight": 0.5,
  "gradient_loss_ratio": 0.0625,
  "gradient_loss_offset_px": 1.0,
  "seed": 0,
  "experiment_label": "c54-reflow-grad050-r00625-target-full-b196-s10000",
  "flow_scale": 0.1,
  "motion_mode": "layout-reflow",
  "motion_strength": 1.0,
  "video_viewport_mode": "static",
  "viewport_zoom": 0.0,
  "viewport_pan": 0.0,
  "video_layout_mode": "none",
  "layout_transform_strength": 0.0,
  "layout_transform_pan": 0.0,
  "layout_supersample": 1.0,
  "layout_region_count": 0,
  "element_scale_ratio": 0.25,
  "element_anchor_padding": 3,
  "element_mask_mode": "rectangle",
  "element_anchor_mode": "line",
  "element_render_mode": "sequential",
  "element_line_count": 0,
  "min_ocr_similarity": 0.55,
  "min_motion_delta": 0.045,
  "edge_sample_ratio": 0.09,
  "edge_loss_weight": 0.9,
  "text_box_sample_ratio": 0.0,
  "text_box_loss_weight": 0.0,
  "text_box_padding": 0,
  "layout_target_sampling": 1,
  "layout_target_weighting": 1,
  "layout_target_sampling_ratio": 1.0,
  "layout_mid_time_ratio": 0.6,
  "layout_mid_time_width": 0.28,
  "text_box_count": 0,
  "text_mask_coverage": 0.0,
  "element_alpha_coverage": 0.0,
  "compile_ms": 334883.60033700004,
  "final_mse": 0.003768192371353507,
  "losses": [
    {
      "step": 0,
      "mse": 0.22857144474983215
    },
    {
      "step": 500,
      "mse": 0.01258178986608982
    },
    {
      "step": 1000,
      "mse": 0.009481712244451046
    },
    {
      "step": 1500,
      "mse": 0.008094260469079018
    },
    {
      "step": 2000,
      "mse": 0.007205532863736153
    },
    {
      "step": 2500,
      "mse": 0.006456760689616203
    },
    {
      "step": 3000,
      "mse": 0.005723793059587479
    },
    {
      "step": 3500,
      "mse": 0.005214400589466095
    },
    {
      "step": 4000,
      "mse": 0.005391424521803856
    },
    {
      "step": 4500,
      "mse": 0.005124123767018318
    },
    {
      "step": 5000,
      "mse": 0.005062229931354523
    },
    {
      "step": 5500,
      "mse": 0.004752055276185274
    },
    {
      "step": 6000,
      "mse": 0.004560212139040232
    },
    {
      "step": 6500,
      "mse": 0.0044669401831924915
    },
    {
      "step": 7000,
      "mse": 0.00431867316365242
    },
    {
      "step": 7500,
      "mse": 0.004350265953689814
    },
    {
      "step": 8000,
      "mse": 0.004133822396397591
    },
    {
      "step": 8500,
      "mse": 0.004067754372954369
    },
    {
      "step": 9000,
      "mse": 0.004015061073005199
    },
    {
      "step": 9500,
      "mse": 0.003928841091692448
    },
    {
      "step": 9999,
      "mse": 0.003768192371353507
    }
  ],
  "render_times": {
    "render-960.png": 14.782179000008,
    "render-mid.png": 14.020599999980732,
    "render-last.png": 14.018432000000303,
    "render-512.png": 3.876147999960722,
    "crop-2x.png": 13.82201299998087
  },
  "render_960_ms": 14.782179000008,
  "render_33_wall_ms": 453.8344339999867,
  "encode_ms": 246.25902299999325,
  "resize_consistency": 0.9993708734977983,
  "temporal_consistency": 0.9978551659733057,
  "motion_delta_model": 0.06344470381736755,
  "loop_error_model": 0.002144834026694298,
  "description": "C4.7 neural canvas: learned full page layout reflow from x,y,t",
  "run_id": "20260425T001425567102Z-c2-lite-glyph-layout-reflow-c54-reflow-grad050-r00625-target-full-b196-s10000-1536x864-s10000",
  "commit": "9812f84",
  "track": "C",
  "width": 960,
  "height": 544,
  "frames": 33,
  "fps": 24,
  "artifacts": {
    "input": "/Users/dennisonbertram/Develop/flipbook-research/outputs/track-c/20260425T001425567102Z-c2-lite-glyph-layout-reflow-c54-reflow-grad050-r00625-target-full-b196-s10000-1536x864-s10000/input.png",
    "render_960": "/Users/dennisonbertram/Develop/flipbook-research/outputs/track-c/20260425T001425567102Z-c2-lite-glyph-layout-reflow-c54-reflow-grad050-r00625-target-full-b196-s10000-1536x864-s10000/render-960.png",
    "render_mid": "/Users/dennisonbertram/Develop/flipbook-research/outputs/track-c/20260425T001425567102Z-c2-lite-glyph-layout-reflow-c54-reflow-grad050-r00625-target-full-b196-s10000-1536x864-s10000/render-mid.png",
    "render_last": "/Users/dennisonbertram/Develop/flipbook-research/outputs/track-c/20260425T001425567102Z-c2-lite-glyph-layout-reflow-c54-reflow-grad050-r00625-target-full-b196-s10000-1536x864-s10000/render-last.png",
    "render_512": "/Users/dennisonbertram/Develop/flipbook-research/outputs/track-c/20260425T001425567102Z-c2-lite-glyph-layout-reflow-c54-reflow-grad050-r00625-target-full-b196-s10000-1536x864-s10000/render-512.png",
    "crop_2x": "/Users/dennisonbertram/Develop/flipbook-research/outputs/track-c/20260425T001425567102Z-c2-lite-glyph-layout-reflow-c54-reflow-grad050-r00625-target-full-b196-s10000-1536x864-s10000/crop-2x.png",
    "text_mask": "/Users/dennisonbertram/Develop/flipbook-research/outputs/track-c/20260425T001425567102Z-c2-lite-glyph-layout-reflow-c54-reflow-grad050-r00625-target-full-b196-s10000-1536x864-s10000/text-mask.png",
    "element_alpha_mask": "/Users/dennisonbertram/Develop/flipbook-research/outputs/track-c/20260425T001425567102Z-c2-lite-glyph-layout-reflow-c54-reflow-grad050-r00625-target-full-b196-s10000-1536x864-s10000/element-alpha-mask.png",
    "target_mid": "/Users/dennisonbertram/Develop/flipbook-research/outputs/track-c/20260425T001425567102Z-c2-lite-glyph-layout-reflow-c54-reflow-grad050-r00625-target-full-b196-s10000-1536x864-s10000/target-mid.png",
    "text_boxes": "/Users/dennisonbertram/Develop/flipbook-research/outputs/track-c/20260425T001425567102Z-c2-lite-glyph-layout-reflow-c54-reflow-grad050-r00625-target-full-b196-s10000-1536x864-s10000/text-boxes.json",
    "output": "/Users/dennisonbertram/Develop/flipbook-research/outputs/track-c/20260425T001425567102Z-c2-lite-glyph-layout-reflow-c54-reflow-grad050-r00625-target-full-b196-s10000-1536x864-s10000/output.mp4",
    "metrics": "/Users/dennisonbertram/Develop/flipbook-research/outputs/track-c/20260425T001425567102Z-c2-lite-glyph-layout-reflow-c54-reflow-grad050-r00625-target-full-b196-s10000-1536x864-s10000/metrics.json",
    "quality": "/Users/dennisonbertram/Develop/flipbook-research/outputs/track-c/20260425T001425567102Z-c2-lite-glyph-layout-reflow-c54-reflow-grad050-r00625-target-full-b196-s10000-1536x864-s10000/quality.json"
  },
  "ocr_similarity": 0.5348837209302325,
  "layout_similarity": 0.9993708734977983,
  "motion_delta": 0.04874046891927719,
  "loop_error": 0.001490067457780242,
  "status": "near_miss"
}
DONE 20260425T001425567102Z-c2-lite-glyph-layout-reflow-c54-reflow-grad050-r00625-target-full-b196-s10000-1536x864-s10000 quality=0.5349 motion=0.0487
Stopping app - local entrypoint completed.
✓ App completed. View run at 
https://modal.com/apps/dennisonbertram/main/ap-S0zlZgHIM8gVOxETr2S5eZ
