✓ Initialized. View run at 
https://modal.com/apps/dennisonbertram/main/ap-i5K3ZoseaJT5zepDygkCjr
✓ Created objects.
├── 🔨 Created mount 
│   /Users/dennisonbertram/Develop/flipbook-research/scripts/track_c/modal_canva
│   s_c2_lite.py
└── 🔨 Created function train_and_render_motion.
START 20260425T002859938399Z-c2-lite-glyph-layout-reflow-c55-reflow-pair005-w025-weightonly-c32h160-s14000-1536x864-s14000 config={"batch_size": 131072, "channels": 32, "edge_loss_weight": 0.9, "edge_sample_ratio": 0.09, "element_anchor_mode": "line", "element_anchor_padding": 3, "element_mask_mode": "rectangle", "element_render_mode": "sequential", "element_scale_ratio": 0.25, "experiment_label": "c55-reflow-pair005-w025-weightonly-c32h160-s14000", "flow_scale": 0.1, "fps": 24, "frames": 33, "freq_bands": 10, "grad_clip": 0.5, "gradient_loss_offset_px": 1.0, "gradient_loss_ratio": 0.125, "gradient_loss_weight": 0.0, "hidden": 160, "l1_loss_weight": 0.0, "layout_mid_time_ratio": 0.6, "layout_mid_time_width": 0.28, "layout_supersample": 1.0, "layout_target_pair_ratio": 0.05, "layout_target_pair_weight": 0.25, "layout_target_sampling": 0, "layout_target_sampling_ratio": 1.0, "layout_target_weighting": 1, "layout_transform_pan": 0.0, "layout_transform_strength": 0.0, "lr": 0.01, "lr_schedule": "constant", "min_lr_ratio": 0.1, "min_motion_delta": 0.045, "min_ocr_similarity": 0.54, "motion_mode": "layout-reflow", "motion_strength": 1.0, "seed": 0, "source_resolution": [1280, 736], "steps": 14000, "text_box_loss_weight": 0.0, "text_box_min_conf": 55.0, "text_box_padding": 0, "text_box_sample_ratio": 0.0, "text_boxes": "0 boxes", "time_bands": 4, "train_resolution": "1536x864", "video_layout_mode": "none", "video_viewport_mode": "static", "viewport_pan": 0.0, "viewport_zoom": 0.0}
{
  "canvas_type": "time-conditioned-latent-feature-grid-learned-flow-mlp-glyph-weighted",
  "train_resolution": "1536x864",
  "steps": 14000,
  "batch_size": 131072,
  "channels": 32,
  "hidden": 160,
  "freq_bands": 10,
  "time_bands": 4,
  "lr": 0.01,
  "lr_schedule": "constant",
  "min_lr_ratio": 0.1,
  "grad_clip": 0.5,
  "l1_loss_weight": 0.0,
  "gradient_loss_weight": 0.0,
  "gradient_loss_ratio": 0.125,
  "gradient_loss_offset_px": 1.0,
  "seed": 0,
  "experiment_label": "c55-reflow-pair005-w025-weightonly-c32h160-s14000",
  "flow_scale": 0.1,
  "motion_mode": "layout-reflow",
  "motion_strength": 1.0,
  "video_viewport_mode": "static",
  "viewport_zoom": 0.0,
  "viewport_pan": 0.0,
  "video_layout_mode": "none",
  "layout_transform_strength": 0.0,
  "layout_transform_pan": 0.0,
  "layout_supersample": 1.0,
  "layout_region_count": 0,
  "element_scale_ratio": 0.25,
  "element_anchor_padding": 3,
  "element_mask_mode": "rectangle",
  "element_anchor_mode": "line",
  "element_render_mode": "sequential",
  "element_line_count": 0,
  "min_ocr_similarity": 0.54,
  "min_motion_delta": 0.045,
  "edge_sample_ratio": 0.09,
  "edge_loss_weight": 0.9,
  "text_box_sample_ratio": 0.0,
  "text_box_loss_weight": 0.0,
  "text_box_padding": 0,
  "layout_target_sampling": 0,
  "layout_target_weighting": 1,
  "layout_target_sampling_ratio": 1.0,
  "layout_target_pair_ratio": 0.05,
  "layout_target_pair_weight": 0.25,
  "layout_mid_time_ratio": 0.6,
  "layout_mid_time_width": 0.28,
  "text_box_count": 0,
  "text_mask_coverage": 0.0,
  "element_alpha_coverage": 0.0,
  "compile_ms": 377266.489683,
  "final_mse": 0.0037790017668157816,
  "losses": [
    {
      "step": 0,
      "mse": 0.27329474687576294
    },
    {
      "step": 700,
      "mse": 0.01278712134808302
    },
    {
      "step": 1400,
      "mse": 0.009849246591329575
    },
    {
      "step": 2100,
      "mse": 0.008000621572136879
    },
    {
      "step": 2800,
      "mse": 0.006760213524103165
    },
    {
      "step": 3500,
      "mse": 0.006320254877209663
    },
    {
      "step": 4200,
      "mse": 0.006135544739663601
    },
    {
      "step": 4900,
      "mse": 0.005374503321945667
    },
    {
      "step": 5600,
      "mse": 0.005256973672658205
    },
    {
      "step": 6300,
      "mse": 0.0048798127099871635
    },
    {
      "step": 7000,
      "mse": 0.004957279190421104
    },
    {
      "step": 7700,
      "mse": 0.004526320844888687
    },
    {
      "step": 8400,
      "mse": 0.004564411006867886
    },
    {
      "step": 9100,
      "mse": 0.004449008964002132
    },
    {
      "step": 9800,
      "mse": 0.004239311441779137
    },
    {
      "step": 10500,
      "mse": 0.004100929945707321
    },
    {
      "step": 11200,
      "mse": 0.003963826689869165
    },
    {
      "step": 11900,
      "mse": 0.003894087625667453
    },
    {
      "step": 12600,
      "mse": 0.003978952765464783
    },
    {
      "step": 13300,
      "mse": 0.00391994696110487
    },
    {
      "step": 13999,
      "mse": 0.0037790017668157816
    }
  ],
  "render_times": {
    "render-960.png": 14.434112000003552,
    "render-mid.png": 13.976193000019066,
    "render-last.png": 13.933135999991464,
    "render-512.png": 3.8517049999882147,
    "crop-2x.png": 13.7821170000052
  },
  "render_960_ms": 14.434112000003552,
  "render_33_wall_ms": 451.29938200000197,
  "encode_ms": 255.38393100003987,
  "resize_consistency": 0.9993720260320925,
  "temporal_consistency": 0.9982748118927702,
  "motion_delta_model": 0.06544172763824463,
  "loop_error_model": 0.0017251881072297692,
  "description": "C4.7 neural canvas: learned full page layout reflow from x,y,t",
  "run_id": "20260425T002859938399Z-c2-lite-glyph-layout-reflow-c55-reflow-pair005-w025-weightonly-c32h160-s14000-1536x864-s14000",
  "commit": "69d6b2c",
  "track": "C",
  "width": 960,
  "height": 544,
  "frames": 33,
  "fps": 24,
  "artifacts": {
    "input": "/Users/dennisonbertram/Develop/flipbook-research/outputs/track-c/20260425T002859938399Z-c2-lite-glyph-layout-reflow-c55-reflow-pair005-w025-weightonly-c32h160-s14000-1536x864-s14000/input.png",
    "render_960": "/Users/dennisonbertram/Develop/flipbook-research/outputs/track-c/20260425T002859938399Z-c2-lite-glyph-layout-reflow-c55-reflow-pair005-w025-weightonly-c32h160-s14000-1536x864-s14000/render-960.png",
    "render_mid": "/Users/dennisonbertram/Develop/flipbook-research/outputs/track-c/20260425T002859938399Z-c2-lite-glyph-layout-reflow-c55-reflow-pair005-w025-weightonly-c32h160-s14000-1536x864-s14000/render-mid.png",
    "render_last": "/Users/dennisonbertram/Develop/flipbook-research/outputs/track-c/20260425T002859938399Z-c2-lite-glyph-layout-reflow-c55-reflow-pair005-w025-weightonly-c32h160-s14000-1536x864-s14000/render-last.png",
    "render_512": "/Users/dennisonbertram/Develop/flipbook-research/outputs/track-c/20260425T002859938399Z-c2-lite-glyph-layout-reflow-c55-reflow-pair005-w025-weightonly-c32h160-s14000-1536x864-s14000/render-512.png",
    "crop_2x": "/Users/dennisonbertram/Develop/flipbook-research/outputs/track-c/20260425T002859938399Z-c2-lite-glyph-layout-reflow-c55-reflow-pair005-w025-weightonly-c32h160-s14000-1536x864-s14000/crop-2x.png",
    "text_mask": "/Users/dennisonbertram/Develop/flipbook-research/outputs/track-c/20260425T002859938399Z-c2-lite-glyph-layout-reflow-c55-reflow-pair005-w025-weightonly-c32h160-s14000-1536x864-s14000/text-mask.png",
    "element_alpha_mask": "/Users/dennisonbertram/Develop/flipbook-research/outputs/track-c/20260425T002859938399Z-c2-lite-glyph-layout-reflow-c55-reflow-pair005-w025-weightonly-c32h160-s14000-1536x864-s14000/element-alpha-mask.png",
    "target_mid": "/Users/dennisonbertram/Develop/flipbook-research/outputs/track-c/20260425T002859938399Z-c2-lite-glyph-layout-reflow-c55-reflow-pair005-w025-weightonly-c32h160-s14000-1536x864-s14000/target-mid.png",
    "text_boxes": "/Users/dennisonbertram/Develop/flipbook-research/outputs/track-c/20260425T002859938399Z-c2-lite-glyph-layout-reflow-c55-reflow-pair005-w025-weightonly-c32h160-s14000-1536x864-s14000/text-boxes.json",
    "output": "/Users/dennisonbertram/Develop/flipbook-research/outputs/track-c/20260425T002859938399Z-c2-lite-glyph-layout-reflow-c55-reflow-pair005-w025-weightonly-c32h160-s14000-1536x864-s14000/output.mp4",
    "metrics": "/Users/dennisonbertram/Develop/flipbook-research/outputs/track-c/20260425T002859938399Z-c2-lite-glyph-layout-reflow-c55-reflow-pair005-w025-weightonly-c32h160-s14000-1536x864-s14000/metrics.json",
    "quality": "/Users/dennisonbertram/Develop/flipbook-research/outputs/track-c/20260425T002859938399Z-c2-lite-glyph-layout-reflow-c55-reflow-pair005-w025-weightonly-c32h160-s14000-1536x864-s14000/quality.json"
  },
  "ocr_similarity": 0.46249999999999997,
  "layout_similarity": 0.9993720260320925,
  "motion_delta": 0.05004141479730606,
  "loop_error": 0.0010445035295560956,
  "status": "near_miss"
}
DONE 20260425T002859938399Z-c2-lite-glyph-layout-reflow-c55-reflow-pair005-w025-weightonly-c32h160-s14000-1536x864-s14000 quality=0.4625 motion=0.0500
Stopping app - local entrypoint completed.
✓ App completed. View run at 
https://modal.com/apps/dennisonbertram/main/ap-i5K3ZoseaJT5zepDygkCjr
