✓ Initialized. View run at 
https://modal.com/apps/dennisonbertram/main/ap-iO1j0wDJILo9sFfcTmiY94
✓ Created objects.
├── 🔨 Created mount 
│   /Users/dennisonbertram/Develop/flipbook-research/scripts/track_c/modal_canva
│   s_c2_lite.py
└── 🔨 Created function train_and_render_motion.
START 20260425T002904155588Z-c2-lite-glyph-layout-reflow-c55-reflow-pair005-w050-b196-s10000-1536x864-s10000 config={"batch_size": 196608, "channels": 32, "edge_loss_weight": 0.9, "edge_sample_ratio": 0.09, "element_anchor_mode": "line", "element_anchor_padding": 3, "element_mask_mode": "rectangle", "element_render_mode": "sequential", "element_scale_ratio": 0.25, "experiment_label": "c55-reflow-pair005-w050-b196-s10000", "flow_scale": 0.1, "fps": 24, "frames": 33, "freq_bands": 10, "grad_clip": 0.5, "gradient_loss_offset_px": 1.0, "gradient_loss_ratio": 0.125, "gradient_loss_weight": 0.0, "hidden": 160, "l1_loss_weight": 0.0, "layout_mid_time_ratio": 0.6, "layout_mid_time_width": 0.28, "layout_supersample": 1.0, "layout_target_pair_ratio": 0.05, "layout_target_pair_weight": 0.5, "layout_target_sampling": 0, "layout_target_sampling_ratio": 1.0, "layout_target_weighting": 1, "layout_transform_pan": 0.0, "layout_transform_strength": 0.0, "lr": 0.01, "lr_schedule": "constant", "min_lr_ratio": 0.1, "min_motion_delta": 0.045, "min_ocr_similarity": 0.54, "motion_mode": "layout-reflow", "motion_strength": 1.0, "seed": 0, "source_resolution": [1280, 736], "steps": 10000, "text_box_loss_weight": 0.0, "text_box_min_conf": 55.0, "text_box_padding": 0, "text_box_sample_ratio": 0.0, "text_boxes": "0 boxes", "time_bands": 4, "train_resolution": "1536x864", "video_layout_mode": "none", "video_viewport_mode": "static", "viewport_pan": 0.0, "viewport_zoom": 0.0}
{
  "canvas_type": "time-conditioned-latent-feature-grid-learned-flow-mlp-glyph-weighted",
  "train_resolution": "1536x864",
  "steps": 10000,
  "batch_size": 196608,
  "channels": 32,
  "hidden": 160,
  "freq_bands": 10,
  "time_bands": 4,
  "lr": 0.01,
  "lr_schedule": "constant",
  "min_lr_ratio": 0.1,
  "grad_clip": 0.5,
  "l1_loss_weight": 0.0,
  "gradient_loss_weight": 0.0,
  "gradient_loss_ratio": 0.125,
  "gradient_loss_offset_px": 1.0,
  "seed": 0,
  "experiment_label": "c55-reflow-pair005-w050-b196-s10000",
  "flow_scale": 0.1,
  "motion_mode": "layout-reflow",
  "motion_strength": 1.0,
  "video_viewport_mode": "static",
  "viewport_zoom": 0.0,
  "viewport_pan": 0.0,
  "video_layout_mode": "none",
  "layout_transform_strength": 0.0,
  "layout_transform_pan": 0.0,
  "layout_supersample": 1.0,
  "layout_region_count": 0,
  "element_scale_ratio": 0.25,
  "element_anchor_padding": 3,
  "element_mask_mode": "rectangle",
  "element_anchor_mode": "line",
  "element_render_mode": "sequential",
  "element_line_count": 0,
  "min_ocr_similarity": 0.54,
  "min_motion_delta": 0.045,
  "edge_sample_ratio": 0.09,
  "edge_loss_weight": 0.9,
  "text_box_sample_ratio": 0.0,
  "text_box_loss_weight": 0.0,
  "text_box_padding": 0,
  "layout_target_sampling": 0,
  "layout_target_weighting": 1,
  "layout_target_sampling_ratio": 1.0,
  "layout_target_pair_ratio": 0.05,
  "layout_target_pair_weight": 0.5,
  "layout_mid_time_ratio": 0.6,
  "layout_mid_time_width": 0.28,
  "text_box_count": 0,
  "text_mask_coverage": 0.0,
  "element_alpha_coverage": 0.0,
  "compile_ms": 311335.38428000006,
  "final_mse": 0.005896212998777628,
  "losses": [
    {
      "step": 0,
      "mse": 0.3204941749572754
    },
    {
      "step": 500,
      "mse": 0.02014300413429737
    },
    {
      "step": 1000,
      "mse": 0.01528850570321083
    },
    {
      "step": 1500,
      "mse": 0.012602741830050945
    },
    {
      "step": 2000,
      "mse": 0.011063997633755207
    },
    {
      "step": 2500,
      "mse": 0.010677832178771496
    },
    {
      "step": 3000,
      "mse": 0.009390541352331638
    },
    {
      "step": 3500,
      "mse": 0.008720017969608307
    },
    {
      "step": 4000,
      "mse": 0.008686474524438381
    },
    {
      "step": 4500,
      "mse": 0.007949200458824635
    },
    {
      "step": 5000,
      "mse": 0.008076516911387444
    },
    {
      "step": 5500,
      "mse": 0.007554290816187859
    },
    {
      "step": 6000,
      "mse": 0.007239672355353832
    },
    {
      "step": 6500,
      "mse": 0.007249100133776665
    },
    {
      "step": 7000,
      "mse": 0.006895550526678562
    },
    {
      "step": 7500,
      "mse": 0.006785069592297077
    },
    {
      "step": 8000,
      "mse": 0.0067923362366855145
    },
    {
      "step": 8500,
      "mse": 0.006561734713613987
    },
    {
      "step": 9000,
      "mse": 0.006171258632093668
    },
    {
      "step": 9500,
      "mse": 0.005967593286186457
    },
    {
      "step": 9999,
      "mse": 0.005896212998777628
    }
  ],
  "render_times": {
    "render-960.png": 12.178446999996595,
    "render-mid.png": 11.635462000015195,
    "render-last.png": 11.611235000032138,
    "render-512.png": 3.3101519999831908,
    "crop-2x.png": 11.43583100002843
  },
  "render_960_ms": 12.178446999996595,
  "render_33_wall_ms": 375.2733120000471,
  "encode_ms": 254.74177799998188,
  "resize_consistency": 0.999419099543013,
  "temporal_consistency": 0.9973430477548391,
  "motion_delta_model": 0.06616527587175369,
  "loop_error_model": 0.0026569522451609373,
  "description": "C4.7 neural canvas: learned full page layout reflow from x,y,t",
  "run_id": "20260425T002904155588Z-c2-lite-glyph-layout-reflow-c55-reflow-pair005-w050-b196-s10000-1536x864-s10000",
  "commit": "69d6b2c",
  "track": "C",
  "width": 960,
  "height": 544,
  "frames": 33,
  "fps": 24,
  "artifacts": {
    "input": "/Users/dennisonbertram/Develop/flipbook-research/outputs/track-c/20260425T002904155588Z-c2-lite-glyph-layout-reflow-c55-reflow-pair005-w050-b196-s10000-1536x864-s10000/input.png",
    "render_960": "/Users/dennisonbertram/Develop/flipbook-research/outputs/track-c/20260425T002904155588Z-c2-lite-glyph-layout-reflow-c55-reflow-pair005-w050-b196-s10000-1536x864-s10000/render-960.png",
    "render_mid": "/Users/dennisonbertram/Develop/flipbook-research/outputs/track-c/20260425T002904155588Z-c2-lite-glyph-layout-reflow-c55-reflow-pair005-w050-b196-s10000-1536x864-s10000/render-mid.png",
    "render_last": "/Users/dennisonbertram/Develop/flipbook-research/outputs/track-c/20260425T002904155588Z-c2-lite-glyph-layout-reflow-c55-reflow-pair005-w050-b196-s10000-1536x864-s10000/render-last.png",
    "render_512": "/Users/dennisonbertram/Develop/flipbook-research/outputs/track-c/20260425T002904155588Z-c2-lite-glyph-layout-reflow-c55-reflow-pair005-w050-b196-s10000-1536x864-s10000/render-512.png",
    "crop_2x": "/Users/dennisonbertram/Develop/flipbook-research/outputs/track-c/20260425T002904155588Z-c2-lite-glyph-layout-reflow-c55-reflow-pair005-w050-b196-s10000-1536x864-s10000/crop-2x.png",
    "text_mask": "/Users/dennisonbertram/Develop/flipbook-research/outputs/track-c/20260425T002904155588Z-c2-lite-glyph-layout-reflow-c55-reflow-pair005-w050-b196-s10000-1536x864-s10000/text-mask.png",
    "element_alpha_mask": "/Users/dennisonbertram/Develop/flipbook-research/outputs/track-c/20260425T002904155588Z-c2-lite-glyph-layout-reflow-c55-reflow-pair005-w050-b196-s10000-1536x864-s10000/element-alpha-mask.png",
    "target_mid": "/Users/dennisonbertram/Develop/flipbook-research/outputs/track-c/20260425T002904155588Z-c2-lite-glyph-layout-reflow-c55-reflow-pair005-w050-b196-s10000-1536x864-s10000/target-mid.png",
    "text_boxes": "/Users/dennisonbertram/Develop/flipbook-research/outputs/track-c/20260425T002904155588Z-c2-lite-glyph-layout-reflow-c55-reflow-pair005-w050-b196-s10000-1536x864-s10000/text-boxes.json",
    "output": "/Users/dennisonbertram/Develop/flipbook-research/outputs/track-c/20260425T002904155588Z-c2-lite-glyph-layout-reflow-c55-reflow-pair005-w050-b196-s10000-1536x864-s10000/output.mp4",
    "metrics": "/Users/dennisonbertram/Develop/flipbook-research/outputs/track-c/20260425T002904155588Z-c2-lite-glyph-layout-reflow-c55-reflow-pair005-w050-b196-s10000-1536x864-s10000/metrics.json",
    "quality": "/Users/dennisonbertram/Develop/flipbook-research/outputs/track-c/20260425T002904155588Z-c2-lite-glyph-layout-reflow-c55-reflow-pair005-w050-b196-s10000-1536x864-s10000/quality.json"
  },
  "ocr_similarity": 0.4,
  "layout_similarity": 0.999419099543013,
  "motion_delta": 0.05033814162015915,
  "loop_error": 0.0018197016324847937,
  "status": "near_miss"
}
DONE 20260425T002904155588Z-c2-lite-glyph-layout-reflow-c55-reflow-pair005-w050-b196-s10000-1536x864-s10000 quality=0.4000 motion=0.0503
Stopping app - local entrypoint completed.
✓ App completed. View run at 
https://modal.com/apps/dennisonbertram/main/ap-iO1j0wDJILo9sFfcTmiY94
