✓ Initialized. View run at 
https://modal.com/apps/dennisonbertram/main/ap-5BAZWemdSj7QBKZIjvvgOF
✓ Created objects.
├── 🔨 Created mount 
│   /Users/dennisonbertram/Develop/flipbook-research/scripts/track_c/modal_canva
│   s_c2_lite.py
└── 🔨 Created function train_and_render_motion.
START 20260425T002906264351Z-c2-lite-glyph-layout-reflow-c55-reflow-pair005-w050-train1920-s13000-1920x1088-s13000 config={"batch_size": 131072, "channels": 32, "edge_loss_weight": 0.9, "edge_sample_ratio": 0.09, "element_anchor_mode": "line", "element_anchor_padding": 3, "element_mask_mode": "rectangle", "element_render_mode": "sequential", "element_scale_ratio": 0.25, "experiment_label": "c55-reflow-pair005-w050-train1920-s13000", "flow_scale": 0.1, "fps": 24, "frames": 33, "freq_bands": 10, "grad_clip": 0.5, "gradient_loss_offset_px": 1.0, "gradient_loss_ratio": 0.125, "gradient_loss_weight": 0.0, "hidden": 160, "l1_loss_weight": 0.0, "layout_mid_time_ratio": 0.6, "layout_mid_time_width": 0.28, "layout_supersample": 1.0, "layout_target_pair_ratio": 0.05, "layout_target_pair_weight": 0.5, "layout_target_sampling": 0, "layout_target_sampling_ratio": 1.0, "layout_target_weighting": 1, "layout_transform_pan": 0.0, "layout_transform_strength": 0.0, "lr": 0.01, "lr_schedule": "constant", "min_lr_ratio": 0.1, "min_motion_delta": 0.045, "min_ocr_similarity": 0.54, "motion_mode": "layout-reflow", "motion_strength": 1.0, "seed": 0, "source_resolution": [1280, 736], "steps": 13000, "text_box_loss_weight": 0.0, "text_box_min_conf": 55.0, "text_box_padding": 0, "text_box_sample_ratio": 0.0, "text_boxes": "0 boxes", "time_bands": 4, "train_resolution": "1920x1088", "video_layout_mode": "none", "video_viewport_mode": "static", "viewport_pan": 0.0, "viewport_zoom": 0.0}
{
  "canvas_type": "time-conditioned-latent-feature-grid-learned-flow-mlp-glyph-weighted",
  "train_resolution": "1920x1088",
  "steps": 13000,
  "batch_size": 131072,
  "channels": 32,
  "hidden": 160,
  "freq_bands": 10,
  "time_bands": 4,
  "lr": 0.01,
  "lr_schedule": "constant",
  "min_lr_ratio": 0.1,
  "grad_clip": 0.5,
  "l1_loss_weight": 0.0,
  "gradient_loss_weight": 0.0,
  "gradient_loss_ratio": 0.125,
  "gradient_loss_offset_px": 1.0,
  "seed": 0,
  "experiment_label": "c55-reflow-pair005-w050-train1920-s13000",
  "flow_scale": 0.1,
  "motion_mode": "layout-reflow",
  "motion_strength": 1.0,
  "video_viewport_mode": "static",
  "viewport_zoom": 0.0,
  "viewport_pan": 0.0,
  "video_layout_mode": "none",
  "layout_transform_strength": 0.0,
  "layout_transform_pan": 0.0,
  "layout_supersample": 1.0,
  "layout_region_count": 0,
  "element_scale_ratio": 0.25,
  "element_anchor_padding": 3,
  "element_mask_mode": "rectangle",
  "element_anchor_mode": "line",
  "element_render_mode": "sequential",
  "element_line_count": 0,
  "min_ocr_similarity": 0.54,
  "min_motion_delta": 0.045,
  "edge_sample_ratio": 0.09,
  "edge_loss_weight": 0.9,
  "text_box_sample_ratio": 0.0,
  "text_box_loss_weight": 0.0,
  "text_box_padding": 0,
  "layout_target_sampling": 0,
  "layout_target_weighting": 1,
  "layout_target_sampling_ratio": 1.0,
  "layout_target_pair_ratio": 0.05,
  "layout_target_pair_weight": 0.5,
  "layout_mid_time_ratio": 0.6,
  "layout_mid_time_width": 0.28,
  "text_box_count": 0,
  "text_mask_coverage": 0.0,
  "element_alpha_coverage": 0.0,
  "compile_ms": 413460.110486,
  "final_mse": 0.007159087341278791,
  "losses": [
    {
      "step": 0,
      "mse": 0.3382006883621216
    },
    {
      "step": 650,
      "mse": 0.020552610978484154
    },
    {
      "step": 1300,
      "mse": 0.01674940064549446
    },
    {
      "step": 1950,
      "mse": 0.014280402101576328
    },
    {
      "step": 2600,
      "mse": 0.012343054637312889
    },
    {
      "step": 3250,
      "mse": 0.011219775304198265
    },
    {
      "step": 3900,
      "mse": 0.010014135390520096
    },
    {
      "step": 4550,
      "mse": 0.009936126880347729
    },
    {
      "step": 5200,
      "mse": 0.009176111780107021
    },
    {
      "step": 5850,
      "mse": 0.009119676426053047
    },
    {
      "step": 6500,
      "mse": 0.008540824986994267
    },
    {
      "step": 7150,
      "mse": 0.00792638398706913
    },
    {
      "step": 7800,
      "mse": 0.007774044293910265
    },
    {
      "step": 8450,
      "mse": 0.007775308098644018
    },
    {
      "step": 9100,
      "mse": 0.007477093487977982
    },
    {
      "step": 9750,
      "mse": 0.007819985039532185
    },
    {
      "step": 10400,
      "mse": 0.007737356703728437
    },
    {
      "step": 11050,
      "mse": 0.006886505987495184
    },
    {
      "step": 11700,
      "mse": 0.007349420804530382
    },
    {
      "step": 12350,
      "mse": 0.007081223651766777
    },
    {
      "step": 12999,
      "mse": 0.007159087341278791
    }
  ],
  "render_times": {
    "render-960.png": 14.240982000046642,
    "render-mid.png": 14.094559000000118,
    "render-last.png": 14.049471000021185,
    "render-512.png": 3.8814090000300894,
    "crop-2x.png": 13.814957000022332
  },
  "render_960_ms": 14.240982000046642,
  "render_33_wall_ms": 456.42255799998566,
  "encode_ms": 242.3896479999712,
  "resize_consistency": 0.9993105512396825,
  "temporal_consistency": 0.9971147414762527,
  "motion_delta_model": 0.06820948421955109,
  "loop_error_model": 0.002885258523747325,
  "description": "C4.7 neural canvas: learned full page layout reflow from x,y,t",
  "run_id": "20260425T002906264351Z-c2-lite-glyph-layout-reflow-c55-reflow-pair005-w050-train1920-s13000-1920x1088-s13000",
  "commit": "69d6b2c",
  "track": "C",
  "width": 960,
  "height": 544,
  "frames": 33,
  "fps": 24,
  "artifacts": {
    "input": "/Users/dennisonbertram/Develop/flipbook-research/outputs/track-c/20260425T002906264351Z-c2-lite-glyph-layout-reflow-c55-reflow-pair005-w050-train1920-s13000-1920x1088-s13000/input.png",
    "render_960": "/Users/dennisonbertram/Develop/flipbook-research/outputs/track-c/20260425T002906264351Z-c2-lite-glyph-layout-reflow-c55-reflow-pair005-w050-train1920-s13000-1920x1088-s13000/render-960.png",
    "render_mid": "/Users/dennisonbertram/Develop/flipbook-research/outputs/track-c/20260425T002906264351Z-c2-lite-glyph-layout-reflow-c55-reflow-pair005-w050-train1920-s13000-1920x1088-s13000/render-mid.png",
    "render_last": "/Users/dennisonbertram/Develop/flipbook-research/outputs/track-c/20260425T002906264351Z-c2-lite-glyph-layout-reflow-c55-reflow-pair005-w050-train1920-s13000-1920x1088-s13000/render-last.png",
    "render_512": "/Users/dennisonbertram/Develop/flipbook-research/outputs/track-c/20260425T002906264351Z-c2-lite-glyph-layout-reflow-c55-reflow-pair005-w050-train1920-s13000-1920x1088-s13000/render-512.png",
    "crop_2x": "/Users/dennisonbertram/Develop/flipbook-research/outputs/track-c/20260425T002906264351Z-c2-lite-glyph-layout-reflow-c55-reflow-pair005-w050-train1920-s13000-1920x1088-s13000/crop-2x.png",
    "text_mask": "/Users/dennisonbertram/Develop/flipbook-research/outputs/track-c/20260425T002906264351Z-c2-lite-glyph-layout-reflow-c55-reflow-pair005-w050-train1920-s13000-1920x1088-s13000/text-mask.png",
    "element_alpha_mask": "/Users/dennisonbertram/Develop/flipbook-research/outputs/track-c/20260425T002906264351Z-c2-lite-glyph-layout-reflow-c55-reflow-pair005-w050-train1920-s13000-1920x1088-s13000/element-alpha-mask.png",
    "target_mid": "/Users/dennisonbertram/Develop/flipbook-research/outputs/track-c/20260425T002906264351Z-c2-lite-glyph-layout-reflow-c55-reflow-pair005-w050-train1920-s13000-1920x1088-s13000/target-mid.png",
    "text_boxes": "/Users/dennisonbertram/Develop/flipbook-research/outputs/track-c/20260425T002906264351Z-c2-lite-glyph-layout-reflow-c55-reflow-pair005-w050-train1920-s13000-1920x1088-s13000/text-boxes.json",
    "output": "/Users/dennisonbertram/Develop/flipbook-research/outputs/track-c/20260425T002906264351Z-c2-lite-glyph-layout-reflow-c55-reflow-pair005-w050-train1920-s13000-1920x1088-s13000/output.mp4",
    "metrics": "/Users/dennisonbertram/Develop/flipbook-research/outputs/track-c/20260425T002906264351Z-c2-lite-glyph-layout-reflow-c55-reflow-pair005-w050-train1920-s13000-1920x1088-s13000/metrics.json",
    "quality": "/Users/dennisonbertram/Develop/flipbook-research/outputs/track-c/20260425T002906264351Z-c2-lite-glyph-layout-reflow-c55-reflow-pair005-w050-train1920-s13000-1920x1088-s13000/quality.json"
  },
  "ocr_similarity": 0.5077720207253886,
  "layout_similarity": 0.9993105512396825,
  "motion_delta": 0.051582735031843185,
  "loop_error": 0.001901211915537715,
  "status": "near_miss"
}
DONE 20260425T002906264351Z-c2-lite-glyph-layout-reflow-c55-reflow-pair005-w050-train1920-s13000-1920x1088-s13000 quality=0.5078 motion=0.0516
Stopping app - local entrypoint completed.
✓ App completed. View run at 
https://modal.com/apps/dennisonbertram/main/ap-5BAZWemdSj7QBKZIjvvgOF
