✓ Initialized. View run at 
https://modal.com/apps/dennisonbertram/main/ap-U25ImkS4M6IJ7wOV9nnneE
✓ Created objects.
├── 🔨 Created mount 
│   /Users/dennisonbertram/Develop/flipbook-research/scripts/track_c/modal_canva
│   s_c2_lite.py
└── 🔨 Created function train_and_render_motion.
START 20260425T002910347811Z-c2-lite-glyph-layout-reflow-c55-reflow-pair009-w050-b196-s10000-1536x864-s10000 config={"batch_size": 196608, "channels": 32, "edge_loss_weight": 0.9, "edge_sample_ratio": 0.09, "element_anchor_mode": "line", "element_anchor_padding": 3, "element_mask_mode": "rectangle", "element_render_mode": "sequential", "element_scale_ratio": 0.25, "experiment_label": "c55-reflow-pair009-w050-b196-s10000", "flow_scale": 0.1, "fps": 24, "frames": 33, "freq_bands": 10, "grad_clip": 0.5, "gradient_loss_offset_px": 1.0, "gradient_loss_ratio": 0.125, "gradient_loss_weight": 0.0, "hidden": 160, "l1_loss_weight": 0.0, "layout_mid_time_ratio": 0.6, "layout_mid_time_width": 0.28, "layout_supersample": 1.0, "layout_target_pair_ratio": 0.09, "layout_target_pair_weight": 0.5, "layout_target_sampling": 0, "layout_target_sampling_ratio": 1.0, "layout_target_weighting": 1, "layout_transform_pan": 0.0, "layout_transform_strength": 0.0, "lr": 0.01, "lr_schedule": "constant", "min_lr_ratio": 0.1, "min_motion_delta": 0.045, "min_ocr_similarity": 0.54, "motion_mode": "layout-reflow", "motion_strength": 1.0, "seed": 0, "source_resolution": [1280, 736], "steps": 10000, "text_box_loss_weight": 0.0, "text_box_min_conf": 55.0, "text_box_padding": 0, "text_box_sample_ratio": 0.0, "text_boxes": "0 boxes", "time_bands": 4, "train_resolution": "1536x864", "video_layout_mode": "none", "video_viewport_mode": "static", "viewport_pan": 0.0, "viewport_zoom": 0.0}
{
  "canvas_type": "time-conditioned-latent-feature-grid-learned-flow-mlp-glyph-weighted",
  "train_resolution": "1536x864",
  "steps": 10000,
  "batch_size": 196608,
  "channels": 32,
  "hidden": 160,
  "freq_bands": 10,
  "time_bands": 4,
  "lr": 0.01,
  "lr_schedule": "constant",
  "min_lr_ratio": 0.1,
  "grad_clip": 0.5,
  "l1_loss_weight": 0.0,
  "gradient_loss_weight": 0.0,
  "gradient_loss_ratio": 0.125,
  "gradient_loss_offset_px": 1.0,
  "seed": 0,
  "experiment_label": "c55-reflow-pair009-w050-b196-s10000",
  "flow_scale": 0.1,
  "motion_mode": "layout-reflow",
  "motion_strength": 1.0,
  "video_viewport_mode": "static",
  "viewport_zoom": 0.0,
  "viewport_pan": 0.0,
  "video_layout_mode": "none",
  "layout_transform_strength": 0.0,
  "layout_transform_pan": 0.0,
  "layout_supersample": 1.0,
  "layout_region_count": 0,
  "element_scale_ratio": 0.25,
  "element_anchor_padding": 3,
  "element_mask_mode": "rectangle",
  "element_anchor_mode": "line",
  "element_render_mode": "sequential",
  "element_line_count": 0,
  "min_ocr_similarity": 0.54,
  "min_motion_delta": 0.045,
  "edge_sample_ratio": 0.09,
  "edge_loss_weight": 0.9,
  "text_box_sample_ratio": 0.0,
  "text_box_loss_weight": 0.0,
  "text_box_padding": 0,
  "layout_target_sampling": 0,
  "layout_target_weighting": 1,
  "layout_target_sampling_ratio": 1.0,
  "layout_target_pair_ratio": 0.09,
  "layout_target_pair_weight": 0.5,
  "layout_mid_time_ratio": 0.6,
  "layout_mid_time_width": 0.28,
  "text_box_count": 0,
  "text_mask_coverage": 0.0,
  "element_alpha_coverage": 0.0,
  "compile_ms": 327142.247201,
  "final_mse": 0.005953878629952669,
  "losses": [
    {
      "step": 0,
      "mse": 0.32042229175567627
    },
    {
      "step": 500,
      "mse": 0.018217138946056366
    },
    {
      "step": 1000,
      "mse": 0.013892174698412418
    },
    {
      "step": 1500,
      "mse": 0.011643292382359505
    },
    {
      "step": 2000,
      "mse": 0.011119130998849869
    },
    {
      "step": 2500,
      "mse": 0.009786844253540039
    },
    {
      "step": 3000,
      "mse": 0.008870786987245083
    },
    {
      "step": 3500,
      "mse": 0.008420096710324287
    },
    {
      "step": 4000,
      "mse": 0.008191687986254692
    },
    {
      "step": 4500,
      "mse": 0.007899830117821693
    },
    {
      "step": 5000,
      "mse": 0.008519473485648632
    },
    {
      "step": 5500,
      "mse": 0.0072716656140983105
    },
    {
      "step": 6000,
      "mse": 0.008212825283408165
    },
    {
      "step": 6500,
      "mse": 0.0074412827380001545
    },
    {
      "step": 7000,
      "mse": 0.008557066321372986
    },
    {
      "step": 7500,
      "mse": 0.007552514784038067
    },
    {
      "step": 8000,
      "mse": 0.007095019798725843
    },
    {
      "step": 8500,
      "mse": 0.007000059820711613
    },
    {
      "step": 9000,
      "mse": 0.006328283809125423
    },
    {
      "step": 9500,
      "mse": 0.006338162813335657
    },
    {
      "step": 9999,
      "mse": 0.005953878629952669
    }
  ],
  "render_times": {
    "render-960.png": 14.156502999981058,
    "render-mid.png": 14.025650000007772,
    "render-last.png": 14.017252000030567,
    "render-512.png": 3.859841000007691,
    "crop-2x.png": 13.82089700001643
  },
  "render_960_ms": 14.156502999981058,
  "render_33_wall_ms": 454.7667300000171,
  "encode_ms": 242.27513099998532,
  "resize_consistency": 0.999316641614328,
  "temporal_consistency": 0.9974183060694486,
  "motion_delta_model": 0.06379054486751556,
  "loop_error_model": 0.0025816939305514097,
  "description": "C4.7 neural canvas: learned full page layout reflow from x,y,t",
  "run_id": "20260425T002910347811Z-c2-lite-glyph-layout-reflow-c55-reflow-pair009-w050-b196-s10000-1536x864-s10000",
  "commit": "69d6b2c",
  "track": "C",
  "width": 960,
  "height": 544,
  "frames": 33,
  "fps": 24,
  "artifacts": {
    "input": "/Users/dennisonbertram/Develop/flipbook-research/outputs/track-c/20260425T002910347811Z-c2-lite-glyph-layout-reflow-c55-reflow-pair009-w050-b196-s10000-1536x864-s10000/input.png",
    "render_960": "/Users/dennisonbertram/Develop/flipbook-research/outputs/track-c/20260425T002910347811Z-c2-lite-glyph-layout-reflow-c55-reflow-pair009-w050-b196-s10000-1536x864-s10000/render-960.png",
    "render_mid": "/Users/dennisonbertram/Develop/flipbook-research/outputs/track-c/20260425T002910347811Z-c2-lite-glyph-layout-reflow-c55-reflow-pair009-w050-b196-s10000-1536x864-s10000/render-mid.png",
    "render_last": "/Users/dennisonbertram/Develop/flipbook-research/outputs/track-c/20260425T002910347811Z-c2-lite-glyph-layout-reflow-c55-reflow-pair009-w050-b196-s10000-1536x864-s10000/render-last.png",
    "render_512": "/Users/dennisonbertram/Develop/flipbook-research/outputs/track-c/20260425T002910347811Z-c2-lite-glyph-layout-reflow-c55-reflow-pair009-w050-b196-s10000-1536x864-s10000/render-512.png",
    "crop_2x": "/Users/dennisonbertram/Develop/flipbook-research/outputs/track-c/20260425T002910347811Z-c2-lite-glyph-layout-reflow-c55-reflow-pair009-w050-b196-s10000-1536x864-s10000/crop-2x.png",
    "text_mask": "/Users/dennisonbertram/Develop/flipbook-research/outputs/track-c/20260425T002910347811Z-c2-lite-glyph-layout-reflow-c55-reflow-pair009-w050-b196-s10000-1536x864-s10000/text-mask.png",
    "element_alpha_mask": "/Users/dennisonbertram/Develop/flipbook-research/outputs/track-c/20260425T002910347811Z-c2-lite-glyph-layout-reflow-c55-reflow-pair009-w050-b196-s10000-1536x864-s10000/element-alpha-mask.png",
    "target_mid": "/Users/dennisonbertram/Develop/flipbook-research/outputs/track-c/20260425T002910347811Z-c2-lite-glyph-layout-reflow-c55-reflow-pair009-w050-b196-s10000-1536x864-s10000/target-mid.png",
    "text_boxes": "/Users/dennisonbertram/Develop/flipbook-research/outputs/track-c/20260425T002910347811Z-c2-lite-glyph-layout-reflow-c55-reflow-pair009-w050-b196-s10000-1536x864-s10000/text-boxes.json",
    "output": "/Users/dennisonbertram/Develop/flipbook-research/outputs/track-c/20260425T002910347811Z-c2-lite-glyph-layout-reflow-c55-reflow-pair009-w050-b196-s10000-1536x864-s10000/output.mp4",
    "metrics": "/Users/dennisonbertram/Develop/flipbook-research/outputs/track-c/20260425T002910347811Z-c2-lite-glyph-layout-reflow-c55-reflow-pair009-w050-b196-s10000-1536x864-s10000/metrics.json",
    "quality": "/Users/dennisonbertram/Develop/flipbook-research/outputs/track-c/20260425T002910347811Z-c2-lite-glyph-layout-reflow-c55-reflow-pair009-w050-b196-s10000-1536x864-s10000/quality.json"
  },
  "ocr_similarity": 0.5494505494505495,
  "layout_similarity": 0.999316641614328,
  "motion_delta": 0.04846000671386719,
  "loop_error": 0.0015392383793368936,
  "status": "pass"
}
DONE 20260425T002910347811Z-c2-lite-glyph-layout-reflow-c55-reflow-pair009-w050-b196-s10000-1536x864-s10000 quality=0.5495 motion=0.0485
Stopping app - local entrypoint completed.
✓ App completed. View run at 
https://modal.com/apps/dennisonbertram/main/ap-U25ImkS4M6IJ7wOV9nnneE
