✓ Initialized. View run at 
https://modal.com/apps/dennisonbertram/main/ap-wRZfBMhZdmWvkxhQuAtqZ7
✓ Created objects.
├── 🔨 Created mount 
│   /Users/dennisonbertram/Develop/flipbook-research/scripts/track_c/modal_canva
│   s_c2_lite.py
└── 🔨 Created function train_and_render_motion.
START 20260425T002901268486Z-c2-lite-glyph-layout-reflow-c55-reflow-pair005-w050-target-s025-c32h160-s14000-1536x864-s14000 config={"batch_size": 131072, "channels": 32, "edge_loss_weight": 0.9, "edge_sample_ratio": 0.09, "element_anchor_mode": "line", "element_anchor_padding": 3, "element_mask_mode": "rectangle", "element_render_mode": "sequential", "element_scale_ratio": 0.25, "experiment_label": "c55-reflow-pair005-w050-target-s025-c32h160-s14000", "flow_scale": 0.1, "fps": 24, "frames": 33, "freq_bands": 10, "grad_clip": 0.5, "gradient_loss_offset_px": 1.0, "gradient_loss_ratio": 0.125, "gradient_loss_weight": 0.0, "hidden": 160, "l1_loss_weight": 0.0, "layout_mid_time_ratio": 0.6, "layout_mid_time_width": 0.28, "layout_supersample": 1.0, "layout_target_pair_ratio": 0.05, "layout_target_pair_weight": 0.5, "layout_target_sampling": 1, "layout_target_sampling_ratio": 0.25, "layout_target_weighting": 1, "layout_transform_pan": 0.0, "layout_transform_strength": 0.0, "lr": 0.01, "lr_schedule": "constant", "min_lr_ratio": 0.1, "min_motion_delta": 0.045, "min_ocr_similarity": 0.55, "motion_mode": "layout-reflow", "motion_strength": 1.0, "seed": 0, "source_resolution": [1280, 736], "steps": 14000, "text_box_loss_weight": 0.0, "text_box_min_conf": 55.0, "text_box_padding": 0, "text_box_sample_ratio": 0.0, "text_boxes": "0 boxes", "time_bands": 4, "train_resolution": "1536x864", "video_layout_mode": "none", "video_viewport_mode": "static", "viewport_pan": 0.0, "viewport_zoom": 0.0}
{
  "canvas_type": "time-conditioned-latent-feature-grid-learned-flow-mlp-glyph-weighted",
  "train_resolution": "1536x864",
  "steps": 14000,
  "batch_size": 131072,
  "channels": 32,
  "hidden": 160,
  "freq_bands": 10,
  "time_bands": 4,
  "lr": 0.01,
  "lr_schedule": "constant",
  "min_lr_ratio": 0.1,
  "grad_clip": 0.5,
  "l1_loss_weight": 0.0,
  "gradient_loss_weight": 0.0,
  "gradient_loss_ratio": 0.125,
  "gradient_loss_offset_px": 1.0,
  "seed": 0,
  "experiment_label": "c55-reflow-pair005-w050-target-s025-c32h160-s14000",
  "flow_scale": 0.1,
  "motion_mode": "layout-reflow",
  "motion_strength": 1.0,
  "video_viewport_mode": "static",
  "viewport_zoom": 0.0,
  "viewport_pan": 0.0,
  "video_layout_mode": "none",
  "layout_transform_strength": 0.0,
  "layout_transform_pan": 0.0,
  "layout_supersample": 1.0,
  "layout_region_count": 0,
  "element_scale_ratio": 0.25,
  "element_anchor_padding": 3,
  "element_mask_mode": "rectangle",
  "element_anchor_mode": "line",
  "element_render_mode": "sequential",
  "element_line_count": 0,
  "min_ocr_similarity": 0.55,
  "min_motion_delta": 0.045,
  "edge_sample_ratio": 0.09,
  "edge_loss_weight": 0.9,
  "text_box_sample_ratio": 0.0,
  "text_box_loss_weight": 0.0,
  "text_box_padding": 0,
  "layout_target_sampling": 1,
  "layout_target_weighting": 1,
  "layout_target_sampling_ratio": 0.25,
  "layout_target_pair_ratio": 0.05,
  "layout_target_pair_weight": 0.5,
  "layout_mid_time_ratio": 0.6,
  "layout_mid_time_width": 0.28,
  "text_box_count": 0,
  "text_mask_coverage": 0.0,
  "element_alpha_coverage": 0.0,
  "compile_ms": 363032.478387,
  "final_mse": 0.007184983231127262,
  "losses": [
    {
      "step": 0,
      "mse": 0.3198300004005432
    },
    {
      "step": 700,
      "mse": 0.022412028163671494
    },
    {
      "step": 1400,
      "mse": 0.016269773244857788
    },
    {
      "step": 2100,
      "mse": 0.014190053567290306
    },
    {
      "step": 2800,
      "mse": 0.012431705370545387
    },
    {
      "step": 3500,
      "mse": 0.011795716360211372
    },
    {
      "step": 4200,
      "mse": 0.01073252409696579
    },
    {
      "step": 4900,
      "mse": 0.01043374091386795
    },
    {
      "step": 5600,
      "mse": 0.009310655295848846
    },
    {
      "step": 6300,
      "mse": 0.00939074158668518
    },
    {
      "step": 7000,
      "mse": 0.008729441091418266
    },
    {
      "step": 7700,
      "mse": 0.008857961744070053
    },
    {
      "step": 8400,
      "mse": 0.008648684248328209
    },
    {
      "step": 9100,
      "mse": 0.007913034409284592
    },
    {
      "step": 9800,
      "mse": 0.008481159806251526
    },
    {
      "step": 10500,
      "mse": 0.00774364871904254
    },
    {
      "step": 11200,
      "mse": 0.007820846512913704
    },
    {
      "step": 11900,
      "mse": 0.007241454906761646
    },
    {
      "step": 12600,
      "mse": 0.007456030696630478
    },
    {
      "step": 13300,
      "mse": 0.00747517729178071
    },
    {
      "step": 13999,
      "mse": 0.007184983231127262
    }
  ],
  "render_times": {
    "render-960.png": 11.846382999976868,
    "render-mid.png": 11.929286999986743,
    "render-last.png": 11.915839999971922,
    "render-512.png": 3.6764120000043476,
    "crop-2x.png": 11.70048599999518
  },
  "render_960_ms": 11.846382999976868,
  "render_33_wall_ms": 374.6044729999767,
  "encode_ms": 257.3757299999784,
  "resize_consistency": 0.9993118098404535,
  "temporal_consistency": 0.997329726582393,
  "motion_delta_model": 0.06855195015668869,
  "loop_error_model": 0.00267027341760695,
  "description": "C4.7 neural canvas: learned full page layout reflow from x,y,t",
  "run_id": "20260425T002901268486Z-c2-lite-glyph-layout-reflow-c55-reflow-pair005-w050-target-s025-c32h160-s14000-1536x864-s14000",
  "commit": "69d6b2c",
  "track": "C",
  "width": 960,
  "height": 544,
  "frames": 33,
  "fps": 24,
  "artifacts": {
    "input": "/Users/dennisonbertram/Develop/flipbook-research/outputs/track-c/20260425T002901268486Z-c2-lite-glyph-layout-reflow-c55-reflow-pair005-w050-target-s025-c32h160-s14000-1536x864-s14000/input.png",
    "render_960": "/Users/dennisonbertram/Develop/flipbook-research/outputs/track-c/20260425T002901268486Z-c2-lite-glyph-layout-reflow-c55-reflow-pair005-w050-target-s025-c32h160-s14000-1536x864-s14000/render-960.png",
    "render_mid": "/Users/dennisonbertram/Develop/flipbook-research/outputs/track-c/20260425T002901268486Z-c2-lite-glyph-layout-reflow-c55-reflow-pair005-w050-target-s025-c32h160-s14000-1536x864-s14000/render-mid.png",
    "render_last": "/Users/dennisonbertram/Develop/flipbook-research/outputs/track-c/20260425T002901268486Z-c2-lite-glyph-layout-reflow-c55-reflow-pair005-w050-target-s025-c32h160-s14000-1536x864-s14000/render-last.png",
    "render_512": "/Users/dennisonbertram/Develop/flipbook-research/outputs/track-c/20260425T002901268486Z-c2-lite-glyph-layout-reflow-c55-reflow-pair005-w050-target-s025-c32h160-s14000-1536x864-s14000/render-512.png",
    "crop_2x": "/Users/dennisonbertram/Develop/flipbook-research/outputs/track-c/20260425T002901268486Z-c2-lite-glyph-layout-reflow-c55-reflow-pair005-w050-target-s025-c32h160-s14000-1536x864-s14000/crop-2x.png",
    "text_mask": "/Users/dennisonbertram/Develop/flipbook-research/outputs/track-c/20260425T002901268486Z-c2-lite-glyph-layout-reflow-c55-reflow-pair005-w050-target-s025-c32h160-s14000-1536x864-s14000/text-mask.png",
    "element_alpha_mask": "/Users/dennisonbertram/Develop/flipbook-research/outputs/track-c/20260425T002901268486Z-c2-lite-glyph-layout-reflow-c55-reflow-pair005-w050-target-s025-c32h160-s14000-1536x864-s14000/element-alpha-mask.png",
    "target_mid": "/Users/dennisonbertram/Develop/flipbook-research/outputs/track-c/20260425T002901268486Z-c2-lite-glyph-layout-reflow-c55-reflow-pair005-w050-target-s025-c32h160-s14000-1536x864-s14000/target-mid.png",
    "text_boxes": "/Users/dennisonbertram/Develop/flipbook-research/outputs/track-c/20260425T002901268486Z-c2-lite-glyph-layout-reflow-c55-reflow-pair005-w050-target-s025-c32h160-s14000-1536x864-s14000/text-boxes.json",
    "output": "/Users/dennisonbertram/Develop/flipbook-research/outputs/track-c/20260425T002901268486Z-c2-lite-glyph-layout-reflow-c55-reflow-pair005-w050-target-s025-c32h160-s14000-1536x864-s14000/output.mp4",
    "metrics": "/Users/dennisonbertram/Develop/flipbook-research/outputs/track-c/20260425T002901268486Z-c2-lite-glyph-layout-reflow-c55-reflow-pair005-w050-target-s025-c32h160-s14000-1536x864-s14000/metrics.json",
    "quality": "/Users/dennisonbertram/Develop/flipbook-research/outputs/track-c/20260425T002901268486Z-c2-lite-glyph-layout-reflow-c55-reflow-pair005-w050-target-s025-c32h160-s14000-1536x864-s14000/quality.json"
  },
  "ocr_similarity": 0.5161290322580646,
  "layout_similarity": 0.9993118098404535,
  "motion_delta": 0.052012983709573746,
  "loop_error": 0.0015804662834852934,
  "status": "near_miss"
}
DONE 20260425T002901268486Z-c2-lite-glyph-layout-reflow-c55-reflow-pair005-w050-target-s025-c32h160-s14000-1536x864-s14000 quality=0.5161 motion=0.0520
Stopping app - local entrypoint completed.
✓ App completed. View run at 
https://modal.com/apps/dennisonbertram/main/ap-wRZfBMhZdmWvkxhQuAtqZ7
