✓ Initialized. View run at 
https://modal.com/apps/dennisonbertram/main/ap-9ihPtjuBcNKhn73Azj60oD
✓ Created objects.
├── 🔨 Created mount 
│   /Users/dennisonbertram/Develop/flipbook-research/scripts/track_c/modal_canva
│   s_c2_lite.py
└── 🔨 Created function train_and_render_motion.
START 20260425T002903194799Z-c2-lite-glyph-layout-reflow-c55-reflow-pair005-w050-target-s050-c32h160-s14000-1536x864-s14000 config={"batch_size": 131072, "channels": 32, "edge_loss_weight": 0.9, "edge_sample_ratio": 0.09, "element_anchor_mode": "line", "element_anchor_padding": 3, "element_mask_mode": "rectangle", "element_render_mode": "sequential", "element_scale_ratio": 0.25, "experiment_label": "c55-reflow-pair005-w050-target-s050-c32h160-s14000", "flow_scale": 0.1, "fps": 24, "frames": 33, "freq_bands": 10, "grad_clip": 0.5, "gradient_loss_offset_px": 1.0, "gradient_loss_ratio": 0.125, "gradient_loss_weight": 0.0, "hidden": 160, "l1_loss_weight": 0.0, "layout_mid_time_ratio": 0.6, "layout_mid_time_width": 0.28, "layout_supersample": 1.0, "layout_target_pair_ratio": 0.05, "layout_target_pair_weight": 0.5, "layout_target_sampling": 1, "layout_target_sampling_ratio": 0.5, "layout_target_weighting": 1, "layout_transform_pan": 0.0, "layout_transform_strength": 0.0, "lr": 0.01, "lr_schedule": "constant", "min_lr_ratio": 0.1, "min_motion_delta": 0.045, "min_ocr_similarity": 0.55, "motion_mode": "layout-reflow", "motion_strength": 1.0, "seed": 0, "source_resolution": [1280, 736], "steps": 14000, "text_box_loss_weight": 0.0, "text_box_min_conf": 55.0, "text_box_padding": 0, "text_box_sample_ratio": 0.0, "text_boxes": "0 boxes", "time_bands": 4, "train_resolution": "1536x864", "video_layout_mode": "none", "video_viewport_mode": "static", "viewport_pan": 0.0, "viewport_zoom": 0.0}
{
  "canvas_type": "time-conditioned-latent-feature-grid-learned-flow-mlp-glyph-weighted",
  "train_resolution": "1536x864",
  "steps": 14000,
  "batch_size": 131072,
  "channels": 32,
  "hidden": 160,
  "freq_bands": 10,
  "time_bands": 4,
  "lr": 0.01,
  "lr_schedule": "constant",
  "min_lr_ratio": 0.1,
  "grad_clip": 0.5,
  "l1_loss_weight": 0.0,
  "gradient_loss_weight": 0.0,
  "gradient_loss_ratio": 0.125,
  "gradient_loss_offset_px": 1.0,
  "seed": 0,
  "experiment_label": "c55-reflow-pair005-w050-target-s050-c32h160-s14000",
  "flow_scale": 0.1,
  "motion_mode": "layout-reflow",
  "motion_strength": 1.0,
  "video_viewport_mode": "static",
  "viewport_zoom": 0.0,
  "viewport_pan": 0.0,
  "video_layout_mode": "none",
  "layout_transform_strength": 0.0,
  "layout_transform_pan": 0.0,
  "layout_supersample": 1.0,
  "layout_region_count": 0,
  "element_scale_ratio": 0.25,
  "element_anchor_padding": 3,
  "element_mask_mode": "rectangle",
  "element_anchor_mode": "line",
  "element_render_mode": "sequential",
  "element_line_count": 0,
  "min_ocr_similarity": 0.55,
  "min_motion_delta": 0.045,
  "edge_sample_ratio": 0.09,
  "edge_loss_weight": 0.9,
  "text_box_sample_ratio": 0.0,
  "text_box_loss_weight": 0.0,
  "text_box_padding": 0,
  "layout_target_sampling": 1,
  "layout_target_weighting": 1,
  "layout_target_sampling_ratio": 0.5,
  "layout_target_pair_ratio": 0.05,
  "layout_target_pair_weight": 0.5,
  "layout_mid_time_ratio": 0.6,
  "layout_mid_time_width": 0.28,
  "text_box_count": 0,
  "text_mask_coverage": 0.0,
  "element_alpha_coverage": 0.0,
  "compile_ms": 385435.90962999995,
  "final_mse": 0.006713401526212692,
  "losses": [
    {
      "step": 0,
      "mse": 0.3191368281841278
    },
    {
      "step": 700,
      "mse": 0.020035183057188988
    },
    {
      "step": 1400,
      "mse": 0.015444152057170868
    },
    {
      "step": 2100,
      "mse": 0.013835793361067772
    },
    {
      "step": 2800,
      "mse": 0.011941827833652496
    },
    {
      "step": 3500,
      "mse": 0.010898756794631481
    },
    {
      "step": 4200,
      "mse": 0.01017069723457098
    },
    {
      "step": 4900,
      "mse": 0.009958857670426369
    },
    {
      "step": 5600,
      "mse": 0.00902051106095314
    },
    {
      "step": 6300,
      "mse": 0.008750952780246735
    },
    {
      "step": 7000,
      "mse": 0.008336001075804234
    },
    {
      "step": 7700,
      "mse": 0.0084238825365901
    },
    {
      "step": 8400,
      "mse": 0.008047997951507568
    },
    {
      "step": 9100,
      "mse": 0.007490045391023159
    },
    {
      "step": 9800,
      "mse": 0.00815641414374113
    },
    {
      "step": 10500,
      "mse": 0.0071173557080328465
    },
    {
      "step": 11200,
      "mse": 0.007166955154389143
    },
    {
      "step": 11900,
      "mse": 0.006888620555400848
    },
    {
      "step": 12600,
      "mse": 0.007230229675769806
    },
    {
      "step": 13300,
      "mse": 0.006927628070116043
    },
    {
      "step": 13999,
      "mse": 0.006713401526212692
    }
  ],
  "render_times": {
    "render-960.png": 14.089494000018021,
    "render-mid.png": 13.971067999989373,
    "render-last.png": 13.969930000030217,
    "render-512.png": 3.8584640000181025,
    "crop-2x.png": 13.773534000051768
  },
  "render_960_ms": 14.089494000018021,
  "render_33_wall_ms": 451.27371199998834,
  "encode_ms": 429.3863940000051,
  "resize_consistency": 0.9993197773218797,
  "temporal_consistency": 0.9970119874924421,
  "motion_delta_model": 0.07018297910690308,
  "loop_error_model": 0.002988012507557869,
  "description": "C4.7 neural canvas: learned full page layout reflow from x,y,t",
  "run_id": "20260425T002903194799Z-c2-lite-glyph-layout-reflow-c55-reflow-pair005-w050-target-s050-c32h160-s14000-1536x864-s14000",
  "commit": "69d6b2c",
  "track": "C",
  "width": 960,
  "height": 544,
  "frames": 33,
  "fps": 24,
  "artifacts": {
    "input": "/Users/dennisonbertram/Develop/flipbook-research/outputs/track-c/20260425T002903194799Z-c2-lite-glyph-layout-reflow-c55-reflow-pair005-w050-target-s050-c32h160-s14000-1536x864-s14000/input.png",
    "render_960": "/Users/dennisonbertram/Develop/flipbook-research/outputs/track-c/20260425T002903194799Z-c2-lite-glyph-layout-reflow-c55-reflow-pair005-w050-target-s050-c32h160-s14000-1536x864-s14000/render-960.png",
    "render_mid": "/Users/dennisonbertram/Develop/flipbook-research/outputs/track-c/20260425T002903194799Z-c2-lite-glyph-layout-reflow-c55-reflow-pair005-w050-target-s050-c32h160-s14000-1536x864-s14000/render-mid.png",
    "render_last": "/Users/dennisonbertram/Develop/flipbook-research/outputs/track-c/20260425T002903194799Z-c2-lite-glyph-layout-reflow-c55-reflow-pair005-w050-target-s050-c32h160-s14000-1536x864-s14000/render-last.png",
    "render_512": "/Users/dennisonbertram/Develop/flipbook-research/outputs/track-c/20260425T002903194799Z-c2-lite-glyph-layout-reflow-c55-reflow-pair005-w050-target-s050-c32h160-s14000-1536x864-s14000/render-512.png",
    "crop_2x": "/Users/dennisonbertram/Develop/flipbook-research/outputs/track-c/20260425T002903194799Z-c2-lite-glyph-layout-reflow-c55-reflow-pair005-w050-target-s050-c32h160-s14000-1536x864-s14000/crop-2x.png",
    "text_mask": "/Users/dennisonbertram/Develop/flipbook-research/outputs/track-c/20260425T002903194799Z-c2-lite-glyph-layout-reflow-c55-reflow-pair005-w050-target-s050-c32h160-s14000-1536x864-s14000/text-mask.png",
    "element_alpha_mask": "/Users/dennisonbertram/Develop/flipbook-research/outputs/track-c/20260425T002903194799Z-c2-lite-glyph-layout-reflow-c55-reflow-pair005-w050-target-s050-c32h160-s14000-1536x864-s14000/element-alpha-mask.png",
    "target_mid": "/Users/dennisonbertram/Develop/flipbook-research/outputs/track-c/20260425T002903194799Z-c2-lite-glyph-layout-reflow-c55-reflow-pair005-w050-target-s050-c32h160-s14000-1536x864-s14000/target-mid.png",
    "text_boxes": "/Users/dennisonbertram/Develop/flipbook-research/outputs/track-c/20260425T002903194799Z-c2-lite-glyph-layout-reflow-c55-reflow-pair005-w050-target-s050-c32h160-s14000-1536x864-s14000/text-boxes.json",
    "output": "/Users/dennisonbertram/Develop/flipbook-research/outputs/track-c/20260425T002903194799Z-c2-lite-glyph-layout-reflow-c55-reflow-pair005-w050-target-s050-c32h160-s14000-1536x864-s14000/output.mp4",
    "metrics": "/Users/dennisonbertram/Develop/flipbook-research/outputs/track-c/20260425T002903194799Z-c2-lite-glyph-layout-reflow-c55-reflow-pair005-w050-target-s050-c32h160-s14000-1536x864-s14000/metrics.json",
    "quality": "/Users/dennisonbertram/Develop/flipbook-research/outputs/track-c/20260425T002903194799Z-c2-lite-glyph-layout-reflow-c55-reflow-pair005-w050-target-s050-c32h160-s14000-1536x864-s14000/quality.json"
  },
  "ocr_similarity": 0.4640883977900553,
  "layout_similarity": 0.9993197773218797,
  "motion_delta": 0.053638458251953125,
  "loop_error": 0.0019208802841603756,
  "status": "near_miss"
}
DONE 20260425T002903194799Z-c2-lite-glyph-layout-reflow-c55-reflow-pair005-w050-target-s050-c32h160-s14000-1536x864-s14000 quality=0.4641 motion=0.0536
Stopping app - local entrypoint completed.
✓ App completed. View run at 
https://modal.com/apps/dennisonbertram/main/ap-9ihPtjuBcNKhn73Azj60oD
