✓ Initialized. View run at 
https://modal.com/apps/dennisonbertram/main/ap-d5OOjGtTJyQoPpr91oXLZ5
✓ Created objects.
├── 🔨 Created mount 
│   /Users/dennisonbertram/Develop/flipbook-research/scripts/track_c/modal_canva
│   s_c2_lite.py
└── 🔨 Created function train_and_render_motion.
START 20260425T002855742079Z-c2-lite-glyph-layout-reflow-c55-reflow-pair0025-w050-weightonly-c32h160-s14000-1536x864-s14000 config={"batch_size": 131072, "channels": 32, "edge_loss_weight": 0.9, "edge_sample_ratio": 0.09, "element_anchor_mode": "line", "element_anchor_padding": 3, "element_mask_mode": "rectangle", "element_render_mode": "sequential", "element_scale_ratio": 0.25, "experiment_label": "c55-reflow-pair0025-w050-weightonly-c32h160-s14000", "flow_scale": 0.1, "fps": 24, "frames": 33, "freq_bands": 10, "grad_clip": 0.5, "gradient_loss_offset_px": 1.0, "gradient_loss_ratio": 0.125, "gradient_loss_weight": 0.0, "hidden": 160, "l1_loss_weight": 0.0, "layout_mid_time_ratio": 0.6, "layout_mid_time_width": 0.28, "layout_supersample": 1.0, "layout_target_pair_ratio": 0.025, "layout_target_pair_weight": 0.5, "layout_target_sampling": 0, "layout_target_sampling_ratio": 1.0, "layout_target_weighting": 1, "layout_transform_pan": 0.0, "layout_transform_strength": 0.0, "lr": 0.01, "lr_schedule": "constant", "min_lr_ratio": 0.1, "min_motion_delta": 0.045, "min_ocr_similarity": 0.54, "motion_mode": "layout-reflow", "motion_strength": 1.0, "seed": 0, "source_resolution": [1280, 736], "steps": 14000, "text_box_loss_weight": 0.0, "text_box_min_conf": 55.0, "text_box_padding": 0, "text_box_sample_ratio": 0.0, "text_boxes": "0 boxes", "time_bands": 4, "train_resolution": "1536x864", "video_layout_mode": "none", "video_viewport_mode": "static", "viewport_pan": 0.0, "viewport_zoom": 0.0}
{
  "canvas_type": "time-conditioned-latent-feature-grid-learned-flow-mlp-glyph-weighted",
  "train_resolution": "1536x864",
  "steps": 14000,
  "batch_size": 131072,
  "channels": 32,
  "hidden": 160,
  "freq_bands": 10,
  "time_bands": 4,
  "lr": 0.01,
  "lr_schedule": "constant",
  "min_lr_ratio": 0.1,
  "grad_clip": 0.5,
  "l1_loss_weight": 0.0,
  "gradient_loss_weight": 0.0,
  "gradient_loss_ratio": 0.125,
  "gradient_loss_offset_px": 1.0,
  "seed": 0,
  "experiment_label": "c55-reflow-pair0025-w050-weightonly-c32h160-s14000",
  "flow_scale": 0.1,
  "motion_mode": "layout-reflow",
  "motion_strength": 1.0,
  "video_viewport_mode": "static",
  "viewport_zoom": 0.0,
  "viewport_pan": 0.0,
  "video_layout_mode": "none",
  "layout_transform_strength": 0.0,
  "layout_transform_pan": 0.0,
  "layout_supersample": 1.0,
  "layout_region_count": 0,
  "element_scale_ratio": 0.25,
  "element_anchor_padding": 3,
  "element_mask_mode": "rectangle",
  "element_anchor_mode": "line",
  "element_render_mode": "sequential",
  "element_line_count": 0,
  "min_ocr_similarity": 0.54,
  "min_motion_delta": 0.045,
  "edge_sample_ratio": 0.09,
  "edge_loss_weight": 0.9,
  "text_box_sample_ratio": 0.0,
  "text_box_loss_weight": 0.0,
  "text_box_padding": 0,
  "layout_target_sampling": 0,
  "layout_target_weighting": 1,
  "layout_target_sampling_ratio": 1.0,
  "layout_target_pair_ratio": 0.025,
  "layout_target_pair_weight": 0.5,
  "layout_mid_time_ratio": 0.6,
  "layout_mid_time_width": 0.28,
  "text_box_count": 0,
  "text_mask_coverage": 0.0,
  "element_alpha_coverage": 0.0,
  "compile_ms": 381028.952787,
  "final_mse": 0.008107027970254421,
  "losses": [
    {
      "step": 0,
      "mse": 0.32104918360710144
    },
    {
      "step": 700,
      "mse": 0.02367604896426201
    },
    {
      "step": 1400,
      "mse": 0.020192697644233704
    },
    {
      "step": 2100,
      "mse": 0.01676524244248867
    },
    {
      "step": 2800,
      "mse": 0.014758695848286152
    },
    {
      "step": 3500,
      "mse": 0.01378996018320322
    },
    {
      "step": 4200,
      "mse": 0.013313423842191696
    },
    {
      "step": 4900,
      "mse": 0.012032751925289631
    },
    {
      "step": 5600,
      "mse": 0.01136852242052555
    },
    {
      "step": 6300,
      "mse": 0.01038626953959465
    },
    {
      "step": 7000,
      "mse": 0.009816103614866734
    },
    {
      "step": 7700,
      "mse": 0.009953226894140244
    },
    {
      "step": 8400,
      "mse": 0.010136835277080536
    },
    {
      "step": 9100,
      "mse": 0.009379180148243904
    },
    {
      "step": 9800,
      "mse": 0.009514864534139633
    },
    {
      "step": 10500,
      "mse": 0.00889565795660019
    },
    {
      "step": 11200,
      "mse": 0.008592447265982628
    },
    {
      "step": 11900,
      "mse": 0.00795046892017126
    },
    {
      "step": 12600,
      "mse": 0.00878076534718275
    },
    {
      "step": 13300,
      "mse": 0.008088363334536552
    },
    {
      "step": 13999,
      "mse": 0.008107027970254421
    }
  ],
  "render_times": {
    "render-960.png": 14.17689100003372,
    "render-mid.png": 13.994406999984221,
    "render-last.png": 13.994697000043743,
    "render-512.png": 3.898203000005651,
    "crop-2x.png": 13.788102999967577
  },
  "render_960_ms": 14.17689100003372,
  "render_33_wall_ms": 451.98350999999093,
  "encode_ms": 267.5814040000546,
  "resize_consistency": 0.9992641348363985,
  "temporal_consistency": 0.9966040342114866,
  "motion_delta_model": 0.06331051141023636,
  "loop_error_model": 0.003395965788513422,
  "description": "C4.7 neural canvas: learned full page layout reflow from x,y,t",
  "run_id": "20260425T002855742079Z-c2-lite-glyph-layout-reflow-c55-reflow-pair0025-w050-weightonly-c32h160-s14000-1536x864-s14000",
  "commit": "69d6b2c",
  "track": "C",
  "width": 960,
  "height": 544,
  "frames": 33,
  "fps": 24,
  "artifacts": {
    "input": "/Users/dennisonbertram/Develop/flipbook-research/outputs/track-c/20260425T002855742079Z-c2-lite-glyph-layout-reflow-c55-reflow-pair0025-w050-weightonly-c32h160-s14000-1536x864-s14000/input.png",
    "render_960": "/Users/dennisonbertram/Develop/flipbook-research/outputs/track-c/20260425T002855742079Z-c2-lite-glyph-layout-reflow-c55-reflow-pair0025-w050-weightonly-c32h160-s14000-1536x864-s14000/render-960.png",
    "render_mid": "/Users/dennisonbertram/Develop/flipbook-research/outputs/track-c/20260425T002855742079Z-c2-lite-glyph-layout-reflow-c55-reflow-pair0025-w050-weightonly-c32h160-s14000-1536x864-s14000/render-mid.png",
    "render_last": "/Users/dennisonbertram/Develop/flipbook-research/outputs/track-c/20260425T002855742079Z-c2-lite-glyph-layout-reflow-c55-reflow-pair0025-w050-weightonly-c32h160-s14000-1536x864-s14000/render-last.png",
    "render_512": "/Users/dennisonbertram/Develop/flipbook-research/outputs/track-c/20260425T002855742079Z-c2-lite-glyph-layout-reflow-c55-reflow-pair0025-w050-weightonly-c32h160-s14000-1536x864-s14000/render-512.png",
    "crop_2x": "/Users/dennisonbertram/Develop/flipbook-research/outputs/track-c/20260425T002855742079Z-c2-lite-glyph-layout-reflow-c55-reflow-pair0025-w050-weightonly-c32h160-s14000-1536x864-s14000/crop-2x.png",
    "text_mask": "/Users/dennisonbertram/Develop/flipbook-research/outputs/track-c/20260425T002855742079Z-c2-lite-glyph-layout-reflow-c55-reflow-pair0025-w050-weightonly-c32h160-s14000-1536x864-s14000/text-mask.png",
    "element_alpha_mask": "/Users/dennisonbertram/Develop/flipbook-research/outputs/track-c/20260425T002855742079Z-c2-lite-glyph-layout-reflow-c55-reflow-pair0025-w050-weightonly-c32h160-s14000-1536x864-s14000/element-alpha-mask.png",
    "target_mid": "/Users/dennisonbertram/Develop/flipbook-research/outputs/track-c/20260425T002855742079Z-c2-lite-glyph-layout-reflow-c55-reflow-pair0025-w050-weightonly-c32h160-s14000-1536x864-s14000/target-mid.png",
    "text_boxes": "/Users/dennisonbertram/Develop/flipbook-research/outputs/track-c/20260425T002855742079Z-c2-lite-glyph-layout-reflow-c55-reflow-pair0025-w050-weightonly-c32h160-s14000-1536x864-s14000/text-boxes.json",
    "output": "/Users/dennisonbertram/Develop/flipbook-research/outputs/track-c/20260425T002855742079Z-c2-lite-glyph-layout-reflow-c55-reflow-pair0025-w050-weightonly-c32h160-s14000-1536x864-s14000/output.mp4",
    "metrics": "/Users/dennisonbertram/Develop/flipbook-research/outputs/track-c/20260425T002855742079Z-c2-lite-glyph-layout-reflow-c55-reflow-pair0025-w050-weightonly-c32h160-s14000-1536x864-s14000/metrics.json",
    "quality": "/Users/dennisonbertram/Develop/flipbook-research/outputs/track-c/20260425T002855742079Z-c2-lite-glyph-layout-reflow-c55-reflow-pair0025-w050-weightonly-c32h160-s14000-1536x864-s14000/quality.json"
  },
  "ocr_similarity": 0.4375,
  "layout_similarity": 0.9992641348363985,
  "motion_delta": 0.04831003397703171,
  "loop_error": 0.002172597451135516,
  "status": "near_miss"
}
DONE 20260425T002855742079Z-c2-lite-glyph-layout-reflow-c55-reflow-pair0025-w050-weightonly-c32h160-s14000-1536x864-s14000 quality=0.4375 motion=0.0483
Stopping app - local entrypoint completed.
✓ App completed. View run at 
https://modal.com/apps/dennisonbertram/main/ap-d5OOjGtTJyQoPpr91oXLZ5
