✓ Initialized. View run at 
https://modal.com/apps/dennisonbertram/main/ap-x5urChUXHbb5cZdWiQWmoE
✓ Created objects.
├── 🔨 Created mount 
│   /Users/dennisonbertram/Develop/flipbook-research/scripts/track_c/modal_canva
│   s_c2_lite.py
└── 🔨 Created function train_and_render_motion.
START 20260425T002859848581Z-c2-lite-glyph-layout-reflow-c55-reflow-pair009-w050-weightonly-c32h160-s14000-1536x864-s14000 config={"batch_size": 131072, "channels": 32, "edge_loss_weight": 0.9, "edge_sample_ratio": 0.09, "element_anchor_mode": "line", "element_anchor_padding": 3, "element_mask_mode": "rectangle", "element_render_mode": "sequential", "element_scale_ratio": 0.25, "experiment_label": "c55-reflow-pair009-w050-weightonly-c32h160-s14000", "flow_scale": 0.1, "fps": 24, "frames": 33, "freq_bands": 10, "grad_clip": 0.5, "gradient_loss_offset_px": 1.0, "gradient_loss_ratio": 0.125, "gradient_loss_weight": 0.0, "hidden": 160, "l1_loss_weight": 0.0, "layout_mid_time_ratio": 0.6, "layout_mid_time_width": 0.28, "layout_supersample": 1.0, "layout_target_pair_ratio": 0.09, "layout_target_pair_weight": 0.5, "layout_target_sampling": 0, "layout_target_sampling_ratio": 1.0, "layout_target_weighting": 1, "layout_transform_pan": 0.0, "layout_transform_strength": 0.0, "lr": 0.01, "lr_schedule": "constant", "min_lr_ratio": 0.1, "min_motion_delta": 0.045, "min_ocr_similarity": 0.54, "motion_mode": "layout-reflow", "motion_strength": 1.0, "seed": 0, "source_resolution": [1280, 736], "steps": 14000, "text_box_loss_weight": 0.0, "text_box_min_conf": 55.0, "text_box_padding": 0, "text_box_sample_ratio": 0.0, "text_boxes": "0 boxes", "time_bands": 4, "train_resolution": "1536x864", "video_layout_mode": "none", "video_viewport_mode": "static", "viewport_pan": 0.0, "viewport_zoom": 0.0}
{
  "canvas_type": "time-conditioned-latent-feature-grid-learned-flow-mlp-glyph-weighted",
  "train_resolution": "1536x864",
  "steps": 14000,
  "batch_size": 131072,
  "channels": 32,
  "hidden": 160,
  "freq_bands": 10,
  "time_bands": 4,
  "lr": 0.01,
  "lr_schedule": "constant",
  "min_lr_ratio": 0.1,
  "grad_clip": 0.5,
  "l1_loss_weight": 0.0,
  "gradient_loss_weight": 0.0,
  "gradient_loss_ratio": 0.125,
  "gradient_loss_offset_px": 1.0,
  "seed": 0,
  "experiment_label": "c55-reflow-pair009-w050-weightonly-c32h160-s14000",
  "flow_scale": 0.1,
  "motion_mode": "layout-reflow",
  "motion_strength": 1.0,
  "video_viewport_mode": "static",
  "viewport_zoom": 0.0,
  "viewport_pan": 0.0,
  "video_layout_mode": "none",
  "layout_transform_strength": 0.0,
  "layout_transform_pan": 0.0,
  "layout_supersample": 1.0,
  "layout_region_count": 0,
  "element_scale_ratio": 0.25,
  "element_anchor_padding": 3,
  "element_mask_mode": "rectangle",
  "element_anchor_mode": "line",
  "element_render_mode": "sequential",
  "element_line_count": 0,
  "min_ocr_similarity": 0.54,
  "min_motion_delta": 0.045,
  "edge_sample_ratio": 0.09,
  "edge_loss_weight": 0.9,
  "text_box_sample_ratio": 0.0,
  "text_box_loss_weight": 0.0,
  "text_box_padding": 0,
  "layout_target_sampling": 0,
  "layout_target_weighting": 1,
  "layout_target_sampling_ratio": 1.0,
  "layout_target_pair_ratio": 0.09,
  "layout_target_pair_weight": 0.5,
  "layout_mid_time_ratio": 0.6,
  "layout_mid_time_width": 0.28,
  "text_box_count": 0,
  "text_mask_coverage": 0.0,
  "element_alpha_coverage": 0.0,
  "compile_ms": 389170.309448,
  "final_mse": 0.005706179887056351,
  "losses": [
    {
      "step": 0,
      "mse": 0.32050833106040955
    },
    {
      "step": 700,
      "mse": 0.021519064903259277
    },
    {
      "step": 1400,
      "mse": 0.0140867093577981
    },
    {
      "step": 2100,
      "mse": 0.012062224559485912
    },
    {
      "step": 2800,
      "mse": 0.012966850772500038
    },
    {
      "step": 3500,
      "mse": 0.010492654517292976
    },
    {
      "step": 4200,
      "mse": 0.009343311190605164
    },
    {
      "step": 4900,
      "mse": 0.008344479836523533
    },
    {
      "step": 5600,
      "mse": 0.008062053471803665
    },
    {
      "step": 6300,
      "mse": 0.007548466324806213
    },
    {
      "step": 7000,
      "mse": 0.007502572610974312
    },
    {
      "step": 7700,
      "mse": 0.006893849465996027
    },
    {
      "step": 8400,
      "mse": 0.00664804270491004
    },
    {
      "step": 9100,
      "mse": 0.006554394029080868
    },
    {
      "step": 9800,
      "mse": 0.0063225808553397655
    },
    {
      "step": 10500,
      "mse": 0.006163265556097031
    },
    {
      "step": 11200,
      "mse": 0.006141567602753639
    },
    {
      "step": 11900,
      "mse": 0.006049531511962414
    },
    {
      "step": 12600,
      "mse": 0.006102027837187052
    },
    {
      "step": 13300,
      "mse": 0.005885274149477482
    },
    {
      "step": 13999,
      "mse": 0.005706179887056351
    }
  ],
  "render_times": {
    "render-960.png": 14.085560000012265,
    "render-mid.png": 13.967902999979742,
    "render-last.png": 13.97391300002937,
    "render-512.png": 3.8949640000396357,
    "crop-2x.png": 13.783563999993476
  },
  "render_960_ms": 14.085560000012265,
  "render_33_wall_ms": 452.1656879999796,
  "encode_ms": 240.48731499999576,
  "resize_consistency": 0.9993542866485021,
  "temporal_consistency": 0.9970603629481047,
  "motion_delta_model": 0.06996563076972961,
  "loop_error_model": 0.002939637051895261,
  "description": "C4.7 neural canvas: learned full page layout reflow from x,y,t",
  "run_id": "20260425T002859848581Z-c2-lite-glyph-layout-reflow-c55-reflow-pair009-w050-weightonly-c32h160-s14000-1536x864-s14000",
  "commit": "69d6b2c",
  "track": "C",
  "width": 960,
  "height": 544,
  "frames": 33,
  "fps": 24,
  "artifacts": {
    "input": "/Users/dennisonbertram/Develop/flipbook-research/outputs/track-c/20260425T002859848581Z-c2-lite-glyph-layout-reflow-c55-reflow-pair009-w050-weightonly-c32h160-s14000-1536x864-s14000/input.png",
    "render_960": "/Users/dennisonbertram/Develop/flipbook-research/outputs/track-c/20260425T002859848581Z-c2-lite-glyph-layout-reflow-c55-reflow-pair009-w050-weightonly-c32h160-s14000-1536x864-s14000/render-960.png",
    "render_mid": "/Users/dennisonbertram/Develop/flipbook-research/outputs/track-c/20260425T002859848581Z-c2-lite-glyph-layout-reflow-c55-reflow-pair009-w050-weightonly-c32h160-s14000-1536x864-s14000/render-mid.png",
    "render_last": "/Users/dennisonbertram/Develop/flipbook-research/outputs/track-c/20260425T002859848581Z-c2-lite-glyph-layout-reflow-c55-reflow-pair009-w050-weightonly-c32h160-s14000-1536x864-s14000/render-last.png",
    "render_512": "/Users/dennisonbertram/Develop/flipbook-research/outputs/track-c/20260425T002859848581Z-c2-lite-glyph-layout-reflow-c55-reflow-pair009-w050-weightonly-c32h160-s14000-1536x864-s14000/render-512.png",
    "crop_2x": "/Users/dennisonbertram/Develop/flipbook-research/outputs/track-c/20260425T002859848581Z-c2-lite-glyph-layout-reflow-c55-reflow-pair009-w050-weightonly-c32h160-s14000-1536x864-s14000/crop-2x.png",
    "text_mask": "/Users/dennisonbertram/Develop/flipbook-research/outputs/track-c/20260425T002859848581Z-c2-lite-glyph-layout-reflow-c55-reflow-pair009-w050-weightonly-c32h160-s14000-1536x864-s14000/text-mask.png",
    "element_alpha_mask": "/Users/dennisonbertram/Develop/flipbook-research/outputs/track-c/20260425T002859848581Z-c2-lite-glyph-layout-reflow-c55-reflow-pair009-w050-weightonly-c32h160-s14000-1536x864-s14000/element-alpha-mask.png",
    "target_mid": "/Users/dennisonbertram/Develop/flipbook-research/outputs/track-c/20260425T002859848581Z-c2-lite-glyph-layout-reflow-c55-reflow-pair009-w050-weightonly-c32h160-s14000-1536x864-s14000/target-mid.png",
    "text_boxes": "/Users/dennisonbertram/Develop/flipbook-research/outputs/track-c/20260425T002859848581Z-c2-lite-glyph-layout-reflow-c55-reflow-pair009-w050-weightonly-c32h160-s14000-1536x864-s14000/text-boxes.json",
    "output": "/Users/dennisonbertram/Develop/flipbook-research/outputs/track-c/20260425T002859848581Z-c2-lite-glyph-layout-reflow-c55-reflow-pair009-w050-weightonly-c32h160-s14000-1536x864-s14000/output.mp4",
    "metrics": "/Users/dennisonbertram/Develop/flipbook-research/outputs/track-c/20260425T002859848581Z-c2-lite-glyph-layout-reflow-c55-reflow-pair009-w050-weightonly-c32h160-s14000-1536x864-s14000/metrics.json",
    "quality": "/Users/dennisonbertram/Develop/flipbook-research/outputs/track-c/20260425T002859848581Z-c2-lite-glyph-layout-reflow-c55-reflow-pair009-w050-weightonly-c32h160-s14000-1536x864-s14000/quality.json"
  },
  "ocr_similarity": 0.5054945054945055,
  "layout_similarity": 0.9993542866485021,
  "motion_delta": 0.053509291261434555,
  "loop_error": 0.002153874607756734,
  "status": "near_miss"
}
DONE 20260425T002859848581Z-c2-lite-glyph-layout-reflow-c55-reflow-pair009-w050-weightonly-c32h160-s14000-1536x864-s14000 quality=0.5055 motion=0.0535
Stopping app - local entrypoint completed.
✓ App completed. View run at 
https://modal.com/apps/dennisonbertram/main/ap-x5urChUXHbb5cZdWiQWmoE
