✓ Initialized. View run at 
https://modal.com/apps/dennisonbertram/main/ap-lfSzEp1fRGzu0glaJtnAA9
✓ Created objects.
├── 🔨 Created mount 
│   /Users/dennisonbertram/Develop/flipbook-research/scripts/track_c/modal_canva
│   s_c2_lite.py
└── 🔨 Created function train_and_render_motion.
START 20260425T004751206287Z-c2-lite-glyph-layout-reflow-c56-detail16-025-target50-c32h160-s14000-1536x864-s14000 config={"batch_size": 131072, "channels": 32, "detail_channels": 16, "detail_hidden": 96, "detail_init_scale": 0.01, "detail_scale": 0.25, "edge_loss_weight": 0.9, "edge_sample_ratio": 0.09, "element_anchor_mode": "line", "element_anchor_padding": 3, "element_mask_mode": "rectangle", "element_render_mode": "sequential", "element_scale_ratio": 0.25, "experiment_label": "c56-detail16-025-target50-c32h160-s14000", "flow_scale": 0.1, "fps": 24, "frames": 33, "freq_bands": 10, "grad_clip": 0.5, "gradient_loss_offset_px": 1.0, "gradient_loss_ratio": 0.125, "gradient_loss_weight": 0.0, "hidden": 160, "l1_loss_weight": 0.0, "layout_mid_time_ratio": 0.6, "layout_mid_time_width": 0.28, "layout_supersample": 1.0, "layout_target_pair_ratio": 0.0, "layout_target_pair_weight": 1.0, "layout_target_sampling": 1, "layout_target_sampling_ratio": 0.5, "layout_target_weighting": 1, "layout_transform_pan": 0.0, "layout_transform_strength": 0.0, "lr": 0.01, "lr_schedule": "constant", "min_lr_ratio": 0.1, "min_motion_delta": 0.045, "min_ocr_similarity": 0.55, "motion_mode": "layout-reflow", "motion_strength": 1.0, "seed": 0, "source_resolution": [1280, 736], "steps": 14000, "text_box_loss_weight": 0.0, "text_box_min_conf": 55.0, "text_box_padding": 0, "text_box_sample_ratio": 0.0, "text_boxes": "0 boxes", "time_bands": 4, "train_resolution": "1536x864", "video_layout_mode": "none", "video_viewport_mode": "static", "viewport_pan": 0.0, "viewport_zoom": 0.0}
{
  "canvas_type": "time-conditioned-latent-feature-grid-learned-flow-mlp-glyph-weighted-detail-residual",
  "train_resolution": "1536x864",
  "steps": 14000,
  "batch_size": 131072,
  "channels": 32,
  "hidden": 160,
  "detail_channels": 16,
  "detail_hidden": 96,
  "detail_scale": 0.25,
  "detail_init_scale": 0.01,
  "freq_bands": 10,
  "time_bands": 4,
  "lr": 0.01,
  "lr_schedule": "constant",
  "min_lr_ratio": 0.1,
  "grad_clip": 0.5,
  "l1_loss_weight": 0.0,
  "gradient_loss_weight": 0.0,
  "gradient_loss_ratio": 0.125,
  "gradient_loss_offset_px": 1.0,
  "seed": 0,
  "experiment_label": "c56-detail16-025-target50-c32h160-s14000",
  "flow_scale": 0.1,
  "motion_mode": "layout-reflow",
  "motion_strength": 1.0,
  "video_viewport_mode": "static",
  "viewport_zoom": 0.0,
  "viewport_pan": 0.0,
  "video_layout_mode": "none",
  "layout_transform_strength": 0.0,
  "layout_transform_pan": 0.0,
  "layout_supersample": 1.0,
  "layout_region_count": 0,
  "element_scale_ratio": 0.25,
  "element_anchor_padding": 3,
  "element_mask_mode": "rectangle",
  "element_anchor_mode": "line",
  "element_render_mode": "sequential",
  "element_line_count": 0,
  "min_ocr_similarity": 0.55,
  "min_motion_delta": 0.045,
  "edge_sample_ratio": 0.09,
  "edge_loss_weight": 0.9,
  "text_box_sample_ratio": 0.0,
  "text_box_loss_weight": 0.0,
  "text_box_padding": 0,
  "layout_target_sampling": 1,
  "layout_target_weighting": 1,
  "layout_target_sampling_ratio": 0.5,
  "layout_target_pair_ratio": 0.0,
  "layout_target_pair_weight": 1.0,
  "layout_mid_time_ratio": 0.6,
  "layout_mid_time_width": 0.28,
  "text_box_count": 0,
  "text_mask_coverage": 0.0,
  "element_alpha_coverage": 0.0,
  "compile_ms": 335587.212862,
  "final_mse": 0.0016290077473968267,
  "losses": [
    {
      "step": 0,
      "mse": 0.22573773562908173
    },
    {
      "step": 700,
      "mse": 0.006032335571944714
    },
    {
      "step": 1400,
      "mse": 0.0048097544349730015
    },
    {
      "step": 2100,
      "mse": 0.003671051003038883
    },
    {
      "step": 2800,
      "mse": 0.0032452677842229605
    },
    {
      "step": 3500,
      "mse": 0.002784579526633024
    },
    {
      "step": 4200,
      "mse": 0.00254373112693429
    },
    {
      "step": 4900,
      "mse": 0.0024318171199411154
    },
    {
      "step": 5600,
      "mse": 0.0022886963561177254
    },
    {
      "step": 6300,
      "mse": 0.0022236648947000504
    },
    {
      "step": 7000,
      "mse": 0.0020335745066404343
    },
    {
      "step": 7700,
      "mse": 0.002014582045376301
    },
    {
      "step": 8400,
      "mse": 0.0019293167861178517
    },
    {
      "step": 9100,
      "mse": 0.001800737576559186
    },
    {
      "step": 9800,
      "mse": 0.0017841743538156152
    },
    {
      "step": 10500,
      "mse": 0.0017762684728950262
    },
    {
      "step": 11200,
      "mse": 0.001723799272440374
    },
    {
      "step": 11900,
      "mse": 0.0016684604343026876
    },
    {
      "step": 12600,
      "mse": 0.0017003541579470038
    },
    {
      "step": 13300,
      "mse": 0.0015836991369724274
    },
    {
      "step": 13999,
      "mse": 0.0016290077473968267
    }
  ],
  "render_times": {
    "render-960.png": 18.44058399996129,
    "render-mid.png": 17.764391000014257,
    "render-last.png": 17.681413999980578,
    "render-512.png": 4.852811000034762,
    "crop-2x.png": 17.3902230000067
  },
  "render_960_ms": 18.44058399996129,
  "render_33_wall_ms": 573.1155629999876,
  "encode_ms": 448.6854669999616,
  "resize_consistency": 0.9994720735883584,
  "temporal_consistency": 0.9981288893613964,
  "motion_delta_model": 0.06535790115594864,
  "loop_error_model": 0.001871110638603568,
  "description": "C4.7 neural canvas: learned full page layout reflow from x,y,t Residual detail canvas/head enabled for high-frequency pixel correction.",
  "run_id": "20260425T004751206287Z-c2-lite-glyph-layout-reflow-c56-detail16-025-target50-c32h160-s14000-1536x864-s14000",
  "commit": "8d7555a",
  "track": "C",
  "width": 960,
  "height": 544,
  "frames": 33,
  "fps": 24,
  "artifacts": {
    "input": "/Users/dennisonbertram/Develop/flipbook-research/outputs/track-c/20260425T004751206287Z-c2-lite-glyph-layout-reflow-c56-detail16-025-target50-c32h160-s14000-1536x864-s14000/input.png",
    "render_960": "/Users/dennisonbertram/Develop/flipbook-research/outputs/track-c/20260425T004751206287Z-c2-lite-glyph-layout-reflow-c56-detail16-025-target50-c32h160-s14000-1536x864-s14000/render-960.png",
    "render_mid": "/Users/dennisonbertram/Develop/flipbook-research/outputs/track-c/20260425T004751206287Z-c2-lite-glyph-layout-reflow-c56-detail16-025-target50-c32h160-s14000-1536x864-s14000/render-mid.png",
    "render_last": "/Users/dennisonbertram/Develop/flipbook-research/outputs/track-c/20260425T004751206287Z-c2-lite-glyph-layout-reflow-c56-detail16-025-target50-c32h160-s14000-1536x864-s14000/render-last.png",
    "render_512": "/Users/dennisonbertram/Develop/flipbook-research/outputs/track-c/20260425T004751206287Z-c2-lite-glyph-layout-reflow-c56-detail16-025-target50-c32h160-s14000-1536x864-s14000/render-512.png",
    "crop_2x": "/Users/dennisonbertram/Develop/flipbook-research/outputs/track-c/20260425T004751206287Z-c2-lite-glyph-layout-reflow-c56-detail16-025-target50-c32h160-s14000-1536x864-s14000/crop-2x.png",
    "text_mask": "/Users/dennisonbertram/Develop/flipbook-research/outputs/track-c/20260425T004751206287Z-c2-lite-glyph-layout-reflow-c56-detail16-025-target50-c32h160-s14000-1536x864-s14000/text-mask.png",
    "element_alpha_mask": "/Users/dennisonbertram/Develop/flipbook-research/outputs/track-c/20260425T004751206287Z-c2-lite-glyph-layout-reflow-c56-detail16-025-target50-c32h160-s14000-1536x864-s14000/element-alpha-mask.png",
    "target_mid": "/Users/dennisonbertram/Develop/flipbook-research/outputs/track-c/20260425T004751206287Z-c2-lite-glyph-layout-reflow-c56-detail16-025-target50-c32h160-s14000-1536x864-s14000/target-mid.png",
    "text_boxes": "/Users/dennisonbertram/Develop/flipbook-research/outputs/track-c/20260425T004751206287Z-c2-lite-glyph-layout-reflow-c56-detail16-025-target50-c32h160-s14000-1536x864-s14000/text-boxes.json",
    "output": "/Users/dennisonbertram/Develop/flipbook-research/outputs/track-c/20260425T004751206287Z-c2-lite-glyph-layout-reflow-c56-detail16-025-target50-c32h160-s14000-1536x864-s14000/output.mp4",
    "metrics": "/Users/dennisonbertram/Develop/flipbook-research/outputs/track-c/20260425T004751206287Z-c2-lite-glyph-layout-reflow-c56-detail16-025-target50-c32h160-s14000-1536x864-s14000/metrics.json",
    "quality": "/Users/dennisonbertram/Develop/flipbook-research/outputs/track-c/20260425T004751206287Z-c2-lite-glyph-layout-reflow-c56-detail16-025-target50-c32h160-s14000-1536x864-s14000/quality.json"
  },
  "ocr_similarity": 0.4276729559748428,
  "layout_similarity": 0.9994720735883584,
  "motion_delta": 0.0497751384973526,
  "loop_error": 0.001246482366696,
  "status": "near_miss"
}
DONE 20260425T004751206287Z-c2-lite-glyph-layout-reflow-c56-detail16-025-target50-c32h160-s14000-1536x864-s14000 quality=0.4277 motion=0.0498
Stopping app - local entrypoint completed.
✓ App completed. View run at 
https://modal.com/apps/dennisonbertram/main/ap-lfSzEp1fRGzu0glaJtnAA9
