✓ Initialized. View run at 
https://modal.com/apps/dennisonbertram/main/ap-LjBVDgOMFVHZeSSgw4481r
✓ Created objects.
├── 🔨 Created mount 
│   /Users/dennisonbertram/Develop/flipbook-research/scripts/track_c/modal_canva
│   s_c2_lite.py
└── 🔨 Created function train_and_render_motion.
START 20260425T004754737256Z-c2-lite-glyph-layout-reflow-c56-detail8-025-weightonly-c32h160-s14000-1536x864-s14000 config={"batch_size": 131072, "channels": 32, "detail_channels": 8, "detail_hidden": 96, "detail_init_scale": 0.01, "detail_scale": 0.25, "edge_loss_weight": 0.9, "edge_sample_ratio": 0.09, "element_anchor_mode": "line", "element_anchor_padding": 3, "element_mask_mode": "rectangle", "element_render_mode": "sequential", "element_scale_ratio": 0.25, "experiment_label": "c56-detail8-025-weightonly-c32h160-s14000", "flow_scale": 0.1, "fps": 24, "frames": 33, "freq_bands": 10, "grad_clip": 0.5, "gradient_loss_offset_px": 1.0, "gradient_loss_ratio": 0.125, "gradient_loss_weight": 0.0, "hidden": 160, "l1_loss_weight": 0.0, "layout_mid_time_ratio": 0.6, "layout_mid_time_width": 0.28, "layout_supersample": 1.0, "layout_target_pair_ratio": 0.0, "layout_target_pair_weight": 1.0, "layout_target_sampling": 0, "layout_target_sampling_ratio": 1.0, "layout_target_weighting": 1, "layout_transform_pan": 0.0, "layout_transform_strength": 0.0, "lr": 0.01, "lr_schedule": "constant", "min_lr_ratio": 0.1, "min_motion_delta": 0.045, "min_ocr_similarity": 0.54, "motion_mode": "layout-reflow", "motion_strength": 1.0, "seed": 0, "source_resolution": [1280, 736], "steps": 14000, "text_box_loss_weight": 0.0, "text_box_min_conf": 55.0, "text_box_padding": 0, "text_box_sample_ratio": 0.0, "text_boxes": "0 boxes", "time_bands": 4, "train_resolution": "1536x864", "video_layout_mode": "none", "video_viewport_mode": "static", "viewport_pan": 0.0, "viewport_zoom": 0.0}
{
  "canvas_type": "time-conditioned-latent-feature-grid-learned-flow-mlp-glyph-weighted-detail-residual",
  "train_resolution": "1536x864",
  "steps": 14000,
  "batch_size": 131072,
  "channels": 32,
  "hidden": 160,
  "detail_channels": 8,
  "detail_hidden": 96,
  "detail_scale": 0.25,
  "detail_init_scale": 0.01,
  "freq_bands": 10,
  "time_bands": 4,
  "lr": 0.01,
  "lr_schedule": "constant",
  "min_lr_ratio": 0.1,
  "grad_clip": 0.5,
  "l1_loss_weight": 0.0,
  "gradient_loss_weight": 0.0,
  "gradient_loss_ratio": 0.125,
  "gradient_loss_offset_px": 1.0,
  "seed": 0,
  "experiment_label": "c56-detail8-025-weightonly-c32h160-s14000",
  "flow_scale": 0.1,
  "motion_mode": "layout-reflow",
  "motion_strength": 1.0,
  "video_viewport_mode": "static",
  "viewport_zoom": 0.0,
  "viewport_pan": 0.0,
  "video_layout_mode": "none",
  "layout_transform_strength": 0.0,
  "layout_transform_pan": 0.0,
  "layout_supersample": 1.0,
  "layout_region_count": 0,
  "element_scale_ratio": 0.25,
  "element_anchor_padding": 3,
  "element_mask_mode": "rectangle",
  "element_anchor_mode": "line",
  "element_render_mode": "sequential",
  "element_line_count": 0,
  "min_ocr_similarity": 0.54,
  "min_motion_delta": 0.045,
  "edge_sample_ratio": 0.09,
  "edge_loss_weight": 0.9,
  "text_box_sample_ratio": 0.0,
  "text_box_loss_weight": 0.0,
  "text_box_padding": 0,
  "layout_target_sampling": 0,
  "layout_target_weighting": 1,
  "layout_target_sampling_ratio": 1.0,
  "layout_target_pair_ratio": 0.0,
  "layout_target_pair_weight": 1.0,
  "layout_mid_time_ratio": 0.6,
  "layout_mid_time_width": 0.28,
  "text_box_count": 0,
  "text_mask_coverage": 0.0,
  "element_alpha_coverage": 0.0,
  "compile_ms": 299764.619543,
  "final_mse": 0.001375336549244821,
  "losses": [
    {
      "step": 0,
      "mse": 0.22412005066871643
    },
    {
      "step": 700,
      "mse": 0.005689971148967743
    },
    {
      "step": 1400,
      "mse": 0.004035333637148142
    },
    {
      "step": 2100,
      "mse": 0.003098057582974434
    },
    {
      "step": 2800,
      "mse": 0.0026522288098931313
    },
    {
      "step": 3500,
      "mse": 0.002358341123908758
    },
    {
      "step": 4200,
      "mse": 0.00215864647179842
    },
    {
      "step": 4900,
      "mse": 0.00207999674603343
    },
    {
      "step": 5600,
      "mse": 0.001898707589134574
    },
    {
      "step": 6300,
      "mse": 0.0018565490609034896
    },
    {
      "step": 7000,
      "mse": 0.0017884228145703673
    },
    {
      "step": 7700,
      "mse": 0.0017475701170042157
    },
    {
      "step": 8400,
      "mse": 0.0016930368728935719
    },
    {
      "step": 9100,
      "mse": 0.0016197183867916465
    },
    {
      "step": 9800,
      "mse": 0.001561119919642806
    },
    {
      "step": 10500,
      "mse": 0.0015182686038315296
    },
    {
      "step": 11200,
      "mse": 0.0014930055476725101
    },
    {
      "step": 11900,
      "mse": 0.0014591589570045471
    },
    {
      "step": 12600,
      "mse": 0.0014656598214060068
    },
    {
      "step": 13300,
      "mse": 0.0014426494017243385
    },
    {
      "step": 13999,
      "mse": 0.001375336549244821
    }
  ],
  "render_times": {
    "render-960.png": 18.045206000010694,
    "render-mid.png": 18.06251099998235,
    "render-last.png": 18.0330630000185,
    "render-512.png": 4.817907999949966,
    "crop-2x.png": 17.821857999990698
  },
  "render_960_ms": 18.045206000010694,
  "render_33_wall_ms": 587.5291579999953,
  "encode_ms": 244.82478099997707,
  "resize_consistency": 0.9994896356860568,
  "temporal_consistency": 0.9988638922804967,
  "motion_delta_model": 0.06497302651405334,
  "loop_error_model": 0.001136107719503343,
  "description": "C4.7 neural canvas: learned full page layout reflow from x,y,t Residual detail canvas/head enabled for high-frequency pixel correction.",
  "run_id": "20260425T004754737256Z-c2-lite-glyph-layout-reflow-c56-detail8-025-weightonly-c32h160-s14000-1536x864-s14000",
  "commit": "8d7555a",
  "track": "C",
  "width": 960,
  "height": 544,
  "frames": 33,
  "fps": 24,
  "artifacts": {
    "input": "/Users/dennisonbertram/Develop/flipbook-research/outputs/track-c/20260425T004754737256Z-c2-lite-glyph-layout-reflow-c56-detail8-025-weightonly-c32h160-s14000-1536x864-s14000/input.png",
    "render_960": "/Users/dennisonbertram/Develop/flipbook-research/outputs/track-c/20260425T004754737256Z-c2-lite-glyph-layout-reflow-c56-detail8-025-weightonly-c32h160-s14000-1536x864-s14000/render-960.png",
    "render_mid": "/Users/dennisonbertram/Develop/flipbook-research/outputs/track-c/20260425T004754737256Z-c2-lite-glyph-layout-reflow-c56-detail8-025-weightonly-c32h160-s14000-1536x864-s14000/render-mid.png",
    "render_last": "/Users/dennisonbertram/Develop/flipbook-research/outputs/track-c/20260425T004754737256Z-c2-lite-glyph-layout-reflow-c56-detail8-025-weightonly-c32h160-s14000-1536x864-s14000/render-last.png",
    "render_512": "/Users/dennisonbertram/Develop/flipbook-research/outputs/track-c/20260425T004754737256Z-c2-lite-glyph-layout-reflow-c56-detail8-025-weightonly-c32h160-s14000-1536x864-s14000/render-512.png",
    "crop_2x": "/Users/dennisonbertram/Develop/flipbook-research/outputs/track-c/20260425T004754737256Z-c2-lite-glyph-layout-reflow-c56-detail8-025-weightonly-c32h160-s14000-1536x864-s14000/crop-2x.png",
    "text_mask": "/Users/dennisonbertram/Develop/flipbook-research/outputs/track-c/20260425T004754737256Z-c2-lite-glyph-layout-reflow-c56-detail8-025-weightonly-c32h160-s14000-1536x864-s14000/text-mask.png",
    "element_alpha_mask": "/Users/dennisonbertram/Develop/flipbook-research/outputs/track-c/20260425T004754737256Z-c2-lite-glyph-layout-reflow-c56-detail8-025-weightonly-c32h160-s14000-1536x864-s14000/element-alpha-mask.png",
    "target_mid": "/Users/dennisonbertram/Develop/flipbook-research/outputs/track-c/20260425T004754737256Z-c2-lite-glyph-layout-reflow-c56-detail8-025-weightonly-c32h160-s14000-1536x864-s14000/target-mid.png",
    "text_boxes": "/Users/dennisonbertram/Develop/flipbook-research/outputs/track-c/20260425T004754737256Z-c2-lite-glyph-layout-reflow-c56-detail8-025-weightonly-c32h160-s14000-1536x864-s14000/text-boxes.json",
    "output": "/Users/dennisonbertram/Develop/flipbook-research/outputs/track-c/20260425T004754737256Z-c2-lite-glyph-layout-reflow-c56-detail8-025-weightonly-c32h160-s14000-1536x864-s14000/output.mp4",
    "metrics": "/Users/dennisonbertram/Develop/flipbook-research/outputs/track-c/20260425T004754737256Z-c2-lite-glyph-layout-reflow-c56-detail8-025-weightonly-c32h160-s14000-1536x864-s14000/metrics.json",
    "quality": "/Users/dennisonbertram/Develop/flipbook-research/outputs/track-c/20260425T004754737256Z-c2-lite-glyph-layout-reflow-c56-detail8-025-weightonly-c32h160-s14000-1536x864-s14000/quality.json"
  },
  "ocr_similarity": 0.5029239766081871,
  "layout_similarity": 0.9994896356860568,
  "motion_delta": 0.049292318522930145,
  "loop_error": 0.0007591231260448694,
  "status": "near_miss"
}
DONE 20260425T004754737256Z-c2-lite-glyph-layout-reflow-c56-detail8-025-weightonly-c32h160-s14000-1536x864-s14000 quality=0.5029 motion=0.0493
Stopping app - local entrypoint completed.
✓ App completed. View run at 
https://modal.com/apps/dennisonbertram/main/ap-LjBVDgOMFVHZeSSgw4481r
