✓ Initialized. View run at 
https://modal.com/apps/dennisonbertram/main/ap-BhRZfTd6Twj9ztCAF1O9iY
✓ Created objects.
├── 🔨 Created mount 
│   /Users/dennisonbertram/Develop/flipbook-research/scripts/track_c/modal_canva
│   s_c2_lite.py
└── 🔨 Created function train_and_render_motion.
START 20260425T004754061713Z-c2-lite-glyph-layout-reflow-c56-detail16h128-025-target50-s14000-1536x864-s14000 config={"batch_size": 131072, "channels": 32, "detail_channels": 16, "detail_hidden": 128, "detail_init_scale": 0.01, "detail_scale": 0.25, "edge_loss_weight": 0.9, "edge_sample_ratio": 0.09, "element_anchor_mode": "line", "element_anchor_padding": 3, "element_mask_mode": "rectangle", "element_render_mode": "sequential", "element_scale_ratio": 0.25, "experiment_label": "c56-detail16h128-025-target50-s14000", "flow_scale": 0.1, "fps": 24, "frames": 33, "freq_bands": 10, "grad_clip": 0.5, "gradient_loss_offset_px": 1.0, "gradient_loss_ratio": 0.125, "gradient_loss_weight": 0.0, "hidden": 160, "l1_loss_weight": 0.0, "layout_mid_time_ratio": 0.6, "layout_mid_time_width": 0.28, "layout_supersample": 1.0, "layout_target_pair_ratio": 0.0, "layout_target_pair_weight": 1.0, "layout_target_sampling": 1, "layout_target_sampling_ratio": 0.5, "layout_target_weighting": 1, "layout_transform_pan": 0.0, "layout_transform_strength": 0.0, "lr": 0.01, "lr_schedule": "constant", "min_lr_ratio": 0.1, "min_motion_delta": 0.045, "min_ocr_similarity": 0.55, "motion_mode": "layout-reflow", "motion_strength": 1.0, "seed": 0, "source_resolution": [1280, 736], "steps": 14000, "text_box_loss_weight": 0.0, "text_box_min_conf": 55.0, "text_box_padding": 0, "text_box_sample_ratio": 0.0, "text_boxes": "0 boxes", "time_bands": 4, "train_resolution": "1536x864", "video_layout_mode": "none", "video_viewport_mode": "static", "viewport_pan": 0.0, "viewport_zoom": 0.0}
{
  "canvas_type": "time-conditioned-latent-feature-grid-learned-flow-mlp-glyph-weighted-detail-residual",
  "train_resolution": "1536x864",
  "steps": 14000,
  "batch_size": 131072,
  "channels": 32,
  "hidden": 160,
  "detail_channels": 16,
  "detail_hidden": 128,
  "detail_scale": 0.25,
  "detail_init_scale": 0.01,
  "freq_bands": 10,
  "time_bands": 4,
  "lr": 0.01,
  "lr_schedule": "constant",
  "min_lr_ratio": 0.1,
  "grad_clip": 0.5,
  "l1_loss_weight": 0.0,
  "gradient_loss_weight": 0.0,
  "gradient_loss_ratio": 0.125,
  "gradient_loss_offset_px": 1.0,
  "seed": 0,
  "experiment_label": "c56-detail16h128-025-target50-s14000",
  "flow_scale": 0.1,
  "motion_mode": "layout-reflow",
  "motion_strength": 1.0,
  "video_viewport_mode": "static",
  "viewport_zoom": 0.0,
  "viewport_pan": 0.0,
  "video_layout_mode": "none",
  "layout_transform_strength": 0.0,
  "layout_transform_pan": 0.0,
  "layout_supersample": 1.0,
  "layout_region_count": 0,
  "element_scale_ratio": 0.25,
  "element_anchor_padding": 3,
  "element_mask_mode": "rectangle",
  "element_anchor_mode": "line",
  "element_render_mode": "sequential",
  "element_line_count": 0,
  "min_ocr_similarity": 0.55,
  "min_motion_delta": 0.045,
  "edge_sample_ratio": 0.09,
  "edge_loss_weight": 0.9,
  "text_box_sample_ratio": 0.0,
  "text_box_loss_weight": 0.0,
  "text_box_padding": 0,
  "layout_target_sampling": 1,
  "layout_target_weighting": 1,
  "layout_target_sampling_ratio": 0.5,
  "layout_target_pair_ratio": 0.0,
  "layout_target_pair_weight": 1.0,
  "layout_mid_time_ratio": 0.6,
  "layout_mid_time_width": 0.28,
  "text_box_count": 0,
  "text_mask_coverage": 0.0,
  "element_alpha_coverage": 0.0,
  "compile_ms": 347733.470419,
  "final_mse": 0.0017880287487059832,
  "losses": [
    {
      "step": 0,
      "mse": 0.221982941031456
    },
    {
      "step": 700,
      "mse": 0.0065323542803525925
    },
    {
      "step": 1400,
      "mse": 0.006490355357527733
    },
    {
      "step": 2100,
      "mse": 0.004094235599040985
    },
    {
      "step": 2800,
      "mse": 0.003377598477527499
    },
    {
      "step": 3500,
      "mse": 0.002965696156024933
    },
    {
      "step": 4200,
      "mse": 0.002723171841353178
    },
    {
      "step": 4900,
      "mse": 0.0025473949499428272
    },
    {
      "step": 5600,
      "mse": 0.0023901881650090218
    },
    {
      "step": 6300,
      "mse": 0.00233621709048748
    },
    {
      "step": 7000,
      "mse": 0.0021574092097580433
    },
    {
      "step": 7700,
      "mse": 0.002268406329676509
    },
    {
      "step": 8400,
      "mse": 0.0020338548347353935
    },
    {
      "step": 9100,
      "mse": 0.0019961209036409855
    },
    {
      "step": 9800,
      "mse": 0.0019110213033854961
    },
    {
      "step": 10500,
      "mse": 0.0019494130974635482
    },
    {
      "step": 11200,
      "mse": 0.0018630106933414936
    },
    {
      "step": 11900,
      "mse": 0.001747027738019824
    },
    {
      "step": 12600,
      "mse": 0.0018260909710079432
    },
    {
      "step": 13300,
      "mse": 0.0017243376933038235
    },
    {
      "step": 13999,
      "mse": 0.0017880287487059832
    }
  ],
  "render_times": {
    "render-960.png": 19.61154200000692,
    "render-mid.png": 19.07256600003393,
    "render-last.png": 19.077890999994906,
    "render-512.png": 5.027351999956409,
    "crop-2x.png": 18.856315999983053
  },
  "render_960_ms": 19.61154200000692,
  "render_33_wall_ms": 621.7131229999495,
  "encode_ms": 254.2075829999817,
  "resize_consistency": 0.9994391268649866,
  "temporal_consistency": 0.9984395689098164,
  "motion_delta_model": 0.0639164075255394,
  "loop_error_model": 0.001560431090183556,
  "description": "C4.7 neural canvas: learned full page layout reflow from x,y,t Residual detail canvas/head enabled for high-frequency pixel correction.",
  "run_id": "20260425T004754061713Z-c2-lite-glyph-layout-reflow-c56-detail16h128-025-target50-s14000-1536x864-s14000",
  "commit": "8d7555a",
  "track": "C",
  "width": 960,
  "height": 544,
  "frames": 33,
  "fps": 24,
  "artifacts": {
    "input": "/Users/dennisonbertram/Develop/flipbook-research/outputs/track-c/20260425T004754061713Z-c2-lite-glyph-layout-reflow-c56-detail16h128-025-target50-s14000-1536x864-s14000/input.png",
    "render_960": "/Users/dennisonbertram/Develop/flipbook-research/outputs/track-c/20260425T004754061713Z-c2-lite-glyph-layout-reflow-c56-detail16h128-025-target50-s14000-1536x864-s14000/render-960.png",
    "render_mid": "/Users/dennisonbertram/Develop/flipbook-research/outputs/track-c/20260425T004754061713Z-c2-lite-glyph-layout-reflow-c56-detail16h128-025-target50-s14000-1536x864-s14000/render-mid.png",
    "render_last": "/Users/dennisonbertram/Develop/flipbook-research/outputs/track-c/20260425T004754061713Z-c2-lite-glyph-layout-reflow-c56-detail16h128-025-target50-s14000-1536x864-s14000/render-last.png",
    "render_512": "/Users/dennisonbertram/Develop/flipbook-research/outputs/track-c/20260425T004754061713Z-c2-lite-glyph-layout-reflow-c56-detail16h128-025-target50-s14000-1536x864-s14000/render-512.png",
    "crop_2x": "/Users/dennisonbertram/Develop/flipbook-research/outputs/track-c/20260425T004754061713Z-c2-lite-glyph-layout-reflow-c56-detail16h128-025-target50-s14000-1536x864-s14000/crop-2x.png",
    "text_mask": "/Users/dennisonbertram/Develop/flipbook-research/outputs/track-c/20260425T004754061713Z-c2-lite-glyph-layout-reflow-c56-detail16h128-025-target50-s14000-1536x864-s14000/text-mask.png",
    "element_alpha_mask": "/Users/dennisonbertram/Develop/flipbook-research/outputs/track-c/20260425T004754061713Z-c2-lite-glyph-layout-reflow-c56-detail16h128-025-target50-s14000-1536x864-s14000/element-alpha-mask.png",
    "target_mid": "/Users/dennisonbertram/Develop/flipbook-research/outputs/track-c/20260425T004754061713Z-c2-lite-glyph-layout-reflow-c56-detail16h128-025-target50-s14000-1536x864-s14000/target-mid.png",
    "text_boxes": "/Users/dennisonbertram/Develop/flipbook-research/outputs/track-c/20260425T004754061713Z-c2-lite-glyph-layout-reflow-c56-detail16h128-025-target50-s14000-1536x864-s14000/text-boxes.json",
    "output": "/Users/dennisonbertram/Develop/flipbook-research/outputs/track-c/20260425T004754061713Z-c2-lite-glyph-layout-reflow-c56-detail16h128-025-target50-s14000-1536x864-s14000/output.mp4",
    "metrics": "/Users/dennisonbertram/Develop/flipbook-research/outputs/track-c/20260425T004754061713Z-c2-lite-glyph-layout-reflow-c56-detail16h128-025-target50-s14000-1536x864-s14000/metrics.json",
    "quality": "/Users/dennisonbertram/Develop/flipbook-research/outputs/track-c/20260425T004754061713Z-c2-lite-glyph-layout-reflow-c56-detail16h128-025-target50-s14000-1536x864-s14000/quality.json"
  },
  "ocr_similarity": 0.5514018691588786,
  "layout_similarity": 0.9994391268649866,
  "motion_delta": 0.04914990812540054,
  "loop_error": 0.0010397754376754165,
  "status": "pass"
}
DONE 20260425T004754061713Z-c2-lite-glyph-layout-reflow-c56-detail16h128-025-target50-s14000-1536x864-s14000 quality=0.5514 motion=0.0491
Stopping app - local entrypoint completed.
✓ App completed. View run at 
https://modal.com/apps/dennisonbertram/main/ap-BhRZfTd6Twj9ztCAF1O9iY
