✓ Initialized. View run at 
https://modal.com/apps/dennisonbertram/main/ap-FtbT2lkpGa2JOiEfiVZCZX
✓ Created objects.
├── 🔨 Created mount 
│   /Users/dennisonbertram/Develop/flipbook-research/scripts/track_c/modal_canva
│   s_c2_lite.py
└── 🔨 Created function train_and_render_motion.
START 20260425T010017323315Z-c2-lite-glyph-layout-reflow-c57-sourcecoord-target50-flow08-s14000-1536x864-s14000 config={"batch_size": 131072, "channels": 32, "detail_channels": 0, "detail_hidden": 160, "detail_init_scale": 0.01, "detail_scale": 0.0, "edge_loss_weight": 0.9, "edge_sample_ratio": 0.09, "element_anchor_mode": "line", "element_anchor_padding": 3, "element_mask_mode": "rectangle", "element_render_mode": "sequential", "element_scale_ratio": 0.25, "experiment_label": "c57-sourcecoord-target50-flow08-s14000", "flow_scale": 0.08, "fps": 24, "frames": 33, "freq_bands": 10, "grad_clip": 0.5, "gradient_loss_offset_px": 1.0, "gradient_loss_ratio": 0.125, "gradient_loss_weight": 0.0, "hidden": 160, "l1_loss_weight": 0.0, "layout_mid_time_ratio": 0.6, "layout_mid_time_width": 0.28, "layout_supersample": 1.0, "layout_target_pair_ratio": 0.0, "layout_target_pair_weight": 1.0, "layout_target_sampling": 1, "layout_target_sampling_ratio": 0.5, "layout_target_weighting": 1, "layout_transform_pan": 0.0, "layout_transform_strength": 0.0, "lr": 0.01, "lr_schedule": "constant", "min_lr_ratio": 0.1, "min_motion_delta": 0.045, "min_ocr_similarity": 0.55, "motion_mode": "layout-reflow", "motion_strength": 1.0, "seed": 0, "source_coord_features": 1, "source_resolution": [1280, 736], "steps": 14000, "text_box_loss_weight": 0.0, "text_box_min_conf": 55.0, "text_box_padding": 0, "text_box_sample_ratio": 0.0, "text_boxes": "0 boxes", "time_bands": 4, "train_resolution": "1536x864", "video_layout_mode": "none", "video_viewport_mode": "static", "viewport_pan": 0.0, "viewport_zoom": 0.0}
{
  "canvas_type": "time-conditioned-latent-feature-grid-learned-flow-mlp-glyph-weighted-source-coord",
  "train_resolution": "1536x864",
  "steps": 14000,
  "batch_size": 131072,
  "channels": 32,
  "hidden": 160,
  "detail_channels": 0,
  "detail_hidden": 160,
  "detail_scale": 0.0,
  "detail_init_scale": 0.01,
  "source_coord_features": 1,
  "freq_bands": 10,
  "time_bands": 4,
  "lr": 0.01,
  "lr_schedule": "constant",
  "min_lr_ratio": 0.1,
  "grad_clip": 0.5,
  "l1_loss_weight": 0.0,
  "gradient_loss_weight": 0.0,
  "gradient_loss_ratio": 0.125,
  "gradient_loss_offset_px": 1.0,
  "seed": 0,
  "experiment_label": "c57-sourcecoord-target50-flow08-s14000",
  "flow_scale": 0.08,
  "motion_mode": "layout-reflow",
  "motion_strength": 1.0,
  "video_viewport_mode": "static",
  "viewport_zoom": 0.0,
  "viewport_pan": 0.0,
  "video_layout_mode": "none",
  "layout_transform_strength": 0.0,
  "layout_transform_pan": 0.0,
  "layout_supersample": 1.0,
  "layout_region_count": 0,
  "element_scale_ratio": 0.25,
  "element_anchor_padding": 3,
  "element_mask_mode": "rectangle",
  "element_anchor_mode": "line",
  "element_render_mode": "sequential",
  "element_line_count": 0,
  "min_ocr_similarity": 0.55,
  "min_motion_delta": 0.045,
  "edge_sample_ratio": 0.09,
  "edge_loss_weight": 0.9,
  "text_box_sample_ratio": 0.0,
  "text_box_loss_weight": 0.0,
  "text_box_padding": 0,
  "layout_target_sampling": 1,
  "layout_target_weighting": 1,
  "layout_target_sampling_ratio": 0.5,
  "layout_target_pair_ratio": 0.0,
  "layout_target_pair_weight": 1.0,
  "layout_mid_time_ratio": 0.6,
  "layout_mid_time_width": 0.28,
  "text_box_count": 0,
  "text_mask_coverage": 0.0,
  "element_alpha_coverage": 0.0,
  "compile_ms": 272427.333262,
  "final_mse": 0.0014235744019970298,
  "losses": [
    {
      "step": 0,
      "mse": 0.22424939274787903
    },
    {
      "step": 700,
      "mse": 0.0056076133623719215
    },
    {
      "step": 1400,
      "mse": 0.004034286364912987
    },
    {
      "step": 2100,
      "mse": 0.003638744354248047
    },
    {
      "step": 2800,
      "mse": 0.002838133368641138
    },
    {
      "step": 3500,
      "mse": 0.002480656374245882
    },
    {
      "step": 4200,
      "mse": 0.0022741970606148243
    },
    {
      "step": 4900,
      "mse": 0.0023809303529560566
    },
    {
      "step": 5600,
      "mse": 0.0020499504171311855
    },
    {
      "step": 6300,
      "mse": 0.0019884712528437376
    },
    {
      "step": 7000,
      "mse": 0.0017973077483475208
    },
    {
      "step": 7700,
      "mse": 0.0018371541518718004
    },
    {
      "step": 8400,
      "mse": 0.0017158063128590584
    },
    {
      "step": 9100,
      "mse": 0.001641436479985714
    },
    {
      "step": 9800,
      "mse": 0.0015542889013886452
    },
    {
      "step": 10500,
      "mse": 0.0015702274395152926
    },
    {
      "step": 11200,
      "mse": 0.0015328899025917053
    },
    {
      "step": 11900,
      "mse": 0.0014841033844277263
    },
    {
      "step": 12600,
      "mse": 0.0014732811832800508
    },
    {
      "step": 13300,
      "mse": 0.0014907639706507325
    },
    {
      "step": 13999,
      "mse": 0.0014235744019970298
    }
  ],
  "render_times": {
    "render-960.png": 17.09260200004792,
    "render-mid.png": 17.011310999976104,
    "render-last.png": 16.98755600000368,
    "render-512.png": 4.503455000019585,
    "crop-2x.png": 16.814269999997578
  },
  "render_960_ms": 17.09260200004792,
  "render_33_wall_ms": 550.5844920000413,
  "encode_ms": 255.97314499998447,
  "resize_consistency": 0.9995073490810138,
  "temporal_consistency": 0.9988718325039372,
  "motion_delta_model": 0.06619932502508163,
  "loop_error_model": 0.0011281674960628152,
  "description": "C4.7 neural canvas: learned full page layout reflow from x,y,t Learned warped/source coordinate features are included in the renderer MLP.",
  "run_id": "20260425T010017323315Z-c2-lite-glyph-layout-reflow-c57-sourcecoord-target50-flow08-s14000-1536x864-s14000",
  "commit": "13484d2",
  "track": "C",
  "width": 960,
  "height": 544,
  "frames": 33,
  "fps": 24,
  "artifacts": {
    "input": "/Users/dennisonbertram/Develop/flipbook-research/outputs/track-c/20260425T010017323315Z-c2-lite-glyph-layout-reflow-c57-sourcecoord-target50-flow08-s14000-1536x864-s14000/input.png",
    "render_960": "/Users/dennisonbertram/Develop/flipbook-research/outputs/track-c/20260425T010017323315Z-c2-lite-glyph-layout-reflow-c57-sourcecoord-target50-flow08-s14000-1536x864-s14000/render-960.png",
    "render_mid": "/Users/dennisonbertram/Develop/flipbook-research/outputs/track-c/20260425T010017323315Z-c2-lite-glyph-layout-reflow-c57-sourcecoord-target50-flow08-s14000-1536x864-s14000/render-mid.png",
    "render_last": "/Users/dennisonbertram/Develop/flipbook-research/outputs/track-c/20260425T010017323315Z-c2-lite-glyph-layout-reflow-c57-sourcecoord-target50-flow08-s14000-1536x864-s14000/render-last.png",
    "render_512": "/Users/dennisonbertram/Develop/flipbook-research/outputs/track-c/20260425T010017323315Z-c2-lite-glyph-layout-reflow-c57-sourcecoord-target50-flow08-s14000-1536x864-s14000/render-512.png",
    "crop_2x": "/Users/dennisonbertram/Develop/flipbook-research/outputs/track-c/20260425T010017323315Z-c2-lite-glyph-layout-reflow-c57-sourcecoord-target50-flow08-s14000-1536x864-s14000/crop-2x.png",
    "text_mask": "/Users/dennisonbertram/Develop/flipbook-research/outputs/track-c/20260425T010017323315Z-c2-lite-glyph-layout-reflow-c57-sourcecoord-target50-flow08-s14000-1536x864-s14000/text-mask.png",
    "element_alpha_mask": "/Users/dennisonbertram/Develop/flipbook-research/outputs/track-c/20260425T010017323315Z-c2-lite-glyph-layout-reflow-c57-sourcecoord-target50-flow08-s14000-1536x864-s14000/element-alpha-mask.png",
    "target_mid": "/Users/dennisonbertram/Develop/flipbook-research/outputs/track-c/20260425T010017323315Z-c2-lite-glyph-layout-reflow-c57-sourcecoord-target50-flow08-s14000-1536x864-s14000/target-mid.png",
    "text_boxes": "/Users/dennisonbertram/Develop/flipbook-research/outputs/track-c/20260425T010017323315Z-c2-lite-glyph-layout-reflow-c57-sourcecoord-target50-flow08-s14000-1536x864-s14000/text-boxes.json",
    "output": "/Users/dennisonbertram/Develop/flipbook-research/outputs/track-c/20260425T010017323315Z-c2-lite-glyph-layout-reflow-c57-sourcecoord-target50-flow08-s14000-1536x864-s14000/output.mp4",
    "metrics": "/Users/dennisonbertram/Develop/flipbook-research/outputs/track-c/20260425T010017323315Z-c2-lite-glyph-layout-reflow-c57-sourcecoord-target50-flow08-s14000-1536x864-s14000/metrics.json",
    "quality": "/Users/dennisonbertram/Develop/flipbook-research/outputs/track-c/20260425T010017323315Z-c2-lite-glyph-layout-reflow-c57-sourcecoord-target50-flow08-s14000-1536x864-s14000/quality.json"
  },
  "ocr_similarity": 0.5,
  "layout_similarity": 0.9995073490810138,
  "motion_delta": 0.050329823046922684,
  "loop_error": 0.0007299987482838333,
  "status": "near_miss"
}
DONE 20260425T010017323315Z-c2-lite-glyph-layout-reflow-c57-sourcecoord-target50-flow08-s14000-1536x864-s14000 quality=0.5000 motion=0.0503
Stopping app - local entrypoint completed.
✓ App completed. View run at 
https://modal.com/apps/dennisonbertram/main/ap-FtbT2lkpGa2JOiEfiVZCZX
