✓ Initialized. View run at 
https://modal.com/apps/dennisonbertram/main/ap-MDkKUSSC0QFF16C2Nc1bM4
✓ Created objects.
├── 🔨 Created mount 
│   /Users/dennisonbertram/Develop/flipbook-research/scripts/track_c/modal_canva
│   s_c2_lite.py
└── 🔨 Created function train_and_render_motion.
START 20260425T010011216987Z-c2-lite-glyph-layout-reflow-c57-sourcecoord-weight-b196-s14000-1536x864-s14000 config={"batch_size": 196608, "channels": 32, "detail_channels": 0, "detail_hidden": 160, "detail_init_scale": 0.01, "detail_scale": 0.0, "edge_loss_weight": 0.9, "edge_sample_ratio": 0.09, "element_anchor_mode": "line", "element_anchor_padding": 3, "element_mask_mode": "rectangle", "element_render_mode": "sequential", "element_scale_ratio": 0.25, "experiment_label": "c57-sourcecoord-weight-b196-s14000", "flow_scale": 0.1, "fps": 24, "frames": 33, "freq_bands": 10, "grad_clip": 0.5, "gradient_loss_offset_px": 1.0, "gradient_loss_ratio": 0.125, "gradient_loss_weight": 0.0, "hidden": 160, "l1_loss_weight": 0.0, "layout_mid_time_ratio": 0.6, "layout_mid_time_width": 0.28, "layout_supersample": 1.0, "layout_target_pair_ratio": 0.0, "layout_target_pair_weight": 1.0, "layout_target_sampling": 0, "layout_target_sampling_ratio": 1.0, "layout_target_weighting": 1, "layout_transform_pan": 0.0, "layout_transform_strength": 0.0, "lr": 0.01, "lr_schedule": "constant", "min_lr_ratio": 0.1, "min_motion_delta": 0.045, "min_ocr_similarity": 0.54, "motion_mode": "layout-reflow", "motion_strength": 1.0, "seed": 0, "source_coord_features": 1, "source_resolution": [1280, 736], "steps": 14000, "text_box_loss_weight": 0.0, "text_box_min_conf": 55.0, "text_box_padding": 0, "text_box_sample_ratio": 0.0, "text_boxes": "0 boxes", "time_bands": 4, "train_resolution": "1536x864", "video_layout_mode": "none", "video_viewport_mode": "static", "viewport_pan": 0.0, "viewport_zoom": 0.0}
{
  "canvas_type": "time-conditioned-latent-feature-grid-learned-flow-mlp-glyph-weighted-source-coord",
  "train_resolution": "1536x864",
  "steps": 14000,
  "batch_size": 196608,
  "channels": 32,
  "hidden": 160,
  "detail_channels": 0,
  "detail_hidden": 160,
  "detail_scale": 0.0,
  "detail_init_scale": 0.01,
  "source_coord_features": 1,
  "freq_bands": 10,
  "time_bands": 4,
  "lr": 0.01,
  "lr_schedule": "constant",
  "min_lr_ratio": 0.1,
  "grad_clip": 0.5,
  "l1_loss_weight": 0.0,
  "gradient_loss_weight": 0.0,
  "gradient_loss_ratio": 0.125,
  "gradient_loss_offset_px": 1.0,
  "seed": 0,
  "experiment_label": "c57-sourcecoord-weight-b196-s14000",
  "flow_scale": 0.1,
  "motion_mode": "layout-reflow",
  "motion_strength": 1.0,
  "video_viewport_mode": "static",
  "viewport_zoom": 0.0,
  "viewport_pan": 0.0,
  "video_layout_mode": "none",
  "layout_transform_strength": 0.0,
  "layout_transform_pan": 0.0,
  "layout_supersample": 1.0,
  "layout_region_count": 0,
  "element_scale_ratio": 0.25,
  "element_anchor_padding": 3,
  "element_mask_mode": "rectangle",
  "element_anchor_mode": "line",
  "element_render_mode": "sequential",
  "element_line_count": 0,
  "min_ocr_similarity": 0.54,
  "min_motion_delta": 0.045,
  "edge_sample_ratio": 0.09,
  "edge_loss_weight": 0.9,
  "text_box_sample_ratio": 0.0,
  "text_box_loss_weight": 0.0,
  "text_box_padding": 0,
  "layout_target_sampling": 0,
  "layout_target_weighting": 1,
  "layout_target_sampling_ratio": 1.0,
  "layout_target_pair_ratio": 0.0,
  "layout_target_pair_weight": 1.0,
  "layout_mid_time_ratio": 0.6,
  "layout_mid_time_width": 0.28,
  "text_box_count": 0,
  "text_mask_coverage": 0.0,
  "element_alpha_coverage": 0.0,
  "compile_ms": 353386.115513,
  "final_mse": 0.0012206858955323696,
  "losses": [
    {
      "step": 0,
      "mse": 0.2255517840385437
    },
    {
      "step": 700,
      "mse": 0.005446720868349075
    },
    {
      "step": 1400,
      "mse": 0.004152665846049786
    },
    {
      "step": 2100,
      "mse": 0.0029313690029084682
    },
    {
      "step": 2800,
      "mse": 0.00239896634593606
    },
    {
      "step": 3500,
      "mse": 0.0021589885000139475
    },
    {
      "step": 4200,
      "mse": 0.0019142590463161469
    },
    {
      "step": 4900,
      "mse": 0.0018185467924922705
    },
    {
      "step": 5600,
      "mse": 0.001735612517222762
    },
    {
      "step": 6300,
      "mse": 0.001596570946276188
    },
    {
      "step": 7000,
      "mse": 0.0015293036121875048
    },
    {
      "step": 7700,
      "mse": 0.0014403634704649448
    },
    {
      "step": 8400,
      "mse": 0.0014142099535092711
    },
    {
      "step": 9100,
      "mse": 0.0014446077402681112
    },
    {
      "step": 9800,
      "mse": 0.0013613421469926834
    },
    {
      "step": 10500,
      "mse": 0.0013118581846356392
    },
    {
      "step": 11200,
      "mse": 0.001293875859118998
    },
    {
      "step": 11900,
      "mse": 0.0014224292244762182
    },
    {
      "step": 12600,
      "mse": 0.0012659470085054636
    },
    {
      "step": 13300,
      "mse": 0.0012572165578603745
    },
    {
      "step": 13999,
      "mse": 0.0012206858955323696
    }
  ],
  "render_times": {
    "render-960.png": 17.429636000031223,
    "render-mid.png": 16.962900000009995,
    "render-last.png": 16.95467600001166,
    "render-512.png": 4.477670000028411,
    "crop-2x.png": 16.775367000036567
  },
  "render_960_ms": 17.429636000031223,
  "render_33_wall_ms": 551.6710040000135,
  "encode_ms": 248.5988230000089,
  "resize_consistency": 0.9994796687811441,
  "temporal_consistency": 0.9992353176348843,
  "motion_delta_model": 0.06523481756448746,
  "loop_error_model": 0.000764682365115732,
  "description": "C4.7 neural canvas: learned full page layout reflow from x,y,t Learned warped/source coordinate features are included in the renderer MLP.",
  "run_id": "20260425T010011216987Z-c2-lite-glyph-layout-reflow-c57-sourcecoord-weight-b196-s14000-1536x864-s14000",
  "commit": "13484d2",
  "track": "C",
  "width": 960,
  "height": 544,
  "frames": 33,
  "fps": 24,
  "artifacts": {
    "input": "/Users/dennisonbertram/Develop/flipbook-research/outputs/track-c/20260425T010011216987Z-c2-lite-glyph-layout-reflow-c57-sourcecoord-weight-b196-s14000-1536x864-s14000/input.png",
    "render_960": "/Users/dennisonbertram/Develop/flipbook-research/outputs/track-c/20260425T010011216987Z-c2-lite-glyph-layout-reflow-c57-sourcecoord-weight-b196-s14000-1536x864-s14000/render-960.png",
    "render_mid": "/Users/dennisonbertram/Develop/flipbook-research/outputs/track-c/20260425T010011216987Z-c2-lite-glyph-layout-reflow-c57-sourcecoord-weight-b196-s14000-1536x864-s14000/render-mid.png",
    "render_last": "/Users/dennisonbertram/Develop/flipbook-research/outputs/track-c/20260425T010011216987Z-c2-lite-glyph-layout-reflow-c57-sourcecoord-weight-b196-s14000-1536x864-s14000/render-last.png",
    "render_512": "/Users/dennisonbertram/Develop/flipbook-research/outputs/track-c/20260425T010011216987Z-c2-lite-glyph-layout-reflow-c57-sourcecoord-weight-b196-s14000-1536x864-s14000/render-512.png",
    "crop_2x": "/Users/dennisonbertram/Develop/flipbook-research/outputs/track-c/20260425T010011216987Z-c2-lite-glyph-layout-reflow-c57-sourcecoord-weight-b196-s14000-1536x864-s14000/crop-2x.png",
    "text_mask": "/Users/dennisonbertram/Develop/flipbook-research/outputs/track-c/20260425T010011216987Z-c2-lite-glyph-layout-reflow-c57-sourcecoord-weight-b196-s14000-1536x864-s14000/text-mask.png",
    "element_alpha_mask": "/Users/dennisonbertram/Develop/flipbook-research/outputs/track-c/20260425T010011216987Z-c2-lite-glyph-layout-reflow-c57-sourcecoord-weight-b196-s14000-1536x864-s14000/element-alpha-mask.png",
    "target_mid": "/Users/dennisonbertram/Develop/flipbook-research/outputs/track-c/20260425T010011216987Z-c2-lite-glyph-layout-reflow-c57-sourcecoord-weight-b196-s14000-1536x864-s14000/target-mid.png",
    "text_boxes": "/Users/dennisonbertram/Develop/flipbook-research/outputs/track-c/20260425T010011216987Z-c2-lite-glyph-layout-reflow-c57-sourcecoord-weight-b196-s14000-1536x864-s14000/text-boxes.json",
    "output": "/Users/dennisonbertram/Develop/flipbook-research/outputs/track-c/20260425T010011216987Z-c2-lite-glyph-layout-reflow-c57-sourcecoord-weight-b196-s14000-1536x864-s14000/output.mp4",
    "metrics": "/Users/dennisonbertram/Develop/flipbook-research/outputs/track-c/20260425T010011216987Z-c2-lite-glyph-layout-reflow-c57-sourcecoord-weight-b196-s14000-1536x864-s14000/metrics.json",
    "quality": "/Users/dennisonbertram/Develop/flipbook-research/outputs/track-c/20260425T010011216987Z-c2-lite-glyph-layout-reflow-c57-sourcecoord-weight-b196-s14000-1536x864-s14000/quality.json"
  },
  "ocr_similarity": 0.4528301886792453,
  "layout_similarity": 0.9994796687811441,
  "motion_delta": 0.04980577528476715,
  "loop_error": 0.0005204550689086318,
  "status": "near_miss"
}
DONE 20260425T010011216987Z-c2-lite-glyph-layout-reflow-c57-sourcecoord-weight-b196-s14000-1536x864-s14000 quality=0.4528 motion=0.0498
Stopping app - local entrypoint completed.
✓ App completed. View run at 
https://modal.com/apps/dennisonbertram/main/ap-MDkKUSSC0QFF16C2Nc1bM4
