✓ Initialized. View run at 
https://modal.com/apps/dennisonbertram/main/ap-I2DGIDZwvOBtgpSYkAz6Rg
✓ Created objects.
├── 🔨 Created mount 
│   /Users/dennisonbertram/Develop/flipbook-research/scripts/track_c/modal_canva
│   s_c2_lite.py
└── 🔨 Created function train_and_render_motion.
START 20260425T010022489918Z-c2-lite-glyph-layout-reflow-c57-sourcecoord-weightonly-train1920-s13000-1920x1088-s13000 config={"batch_size": 131072, "channels": 32, "detail_channels": 0, "detail_hidden": 160, "detail_init_scale": 0.01, "detail_scale": 0.0, "edge_loss_weight": 0.9, "edge_sample_ratio": 0.09, "element_anchor_mode": "line", "element_anchor_padding": 3, "element_mask_mode": "rectangle", "element_render_mode": "sequential", "element_scale_ratio": 0.25, "experiment_label": "c57-sourcecoord-weightonly-train1920-s13000", "flow_scale": 0.1, "fps": 24, "frames": 33, "freq_bands": 10, "grad_clip": 0.5, "gradient_loss_offset_px": 1.0, "gradient_loss_ratio": 0.125, "gradient_loss_weight": 0.0, "hidden": 160, "l1_loss_weight": 0.0, "layout_mid_time_ratio": 0.6, "layout_mid_time_width": 0.28, "layout_supersample": 1.0, "layout_target_pair_ratio": 0.0, "layout_target_pair_weight": 1.0, "layout_target_sampling": 0, "layout_target_sampling_ratio": 1.0, "layout_target_weighting": 1, "layout_transform_pan": 0.0, "layout_transform_strength": 0.0, "lr": 0.01, "lr_schedule": "constant", "min_lr_ratio": 0.1, "min_motion_delta": 0.045, "min_ocr_similarity": 0.54, "motion_mode": "layout-reflow", "motion_strength": 1.0, "seed": 0, "source_coord_features": 1, "source_resolution": [1280, 736], "steps": 13000, "text_box_loss_weight": 0.0, "text_box_min_conf": 55.0, "text_box_padding": 0, "text_box_sample_ratio": 0.0, "text_boxes": "0 boxes", "time_bands": 4, "train_resolution": "1920x1088", "video_layout_mode": "none", "video_viewport_mode": "static", "viewport_pan": 0.0, "viewport_zoom": 0.0}
{
  "canvas_type": "time-conditioned-latent-feature-grid-learned-flow-mlp-glyph-weighted-source-coord",
  "train_resolution": "1920x1088",
  "steps": 13000,
  "batch_size": 131072,
  "channels": 32,
  "hidden": 160,
  "detail_channels": 0,
  "detail_hidden": 160,
  "detail_scale": 0.0,
  "detail_init_scale": 0.01,
  "source_coord_features": 1,
  "freq_bands": 10,
  "time_bands": 4,
  "lr": 0.01,
  "lr_schedule": "constant",
  "min_lr_ratio": 0.1,
  "grad_clip": 0.5,
  "l1_loss_weight": 0.0,
  "gradient_loss_weight": 0.0,
  "gradient_loss_ratio": 0.125,
  "gradient_loss_offset_px": 1.0,
  "seed": 0,
  "experiment_label": "c57-sourcecoord-weightonly-train1920-s13000",
  "flow_scale": 0.1,
  "motion_mode": "layout-reflow",
  "motion_strength": 1.0,
  "video_viewport_mode": "static",
  "viewport_zoom": 0.0,
  "viewport_pan": 0.0,
  "video_layout_mode": "none",
  "layout_transform_strength": 0.0,
  "layout_transform_pan": 0.0,
  "layout_supersample": 1.0,
  "layout_region_count": 0,
  "element_scale_ratio": 0.25,
  "element_anchor_padding": 3,
  "element_mask_mode": "rectangle",
  "element_anchor_mode": "line",
  "element_render_mode": "sequential",
  "element_line_count": 0,
  "min_ocr_similarity": 0.54,
  "min_motion_delta": 0.045,
  "edge_sample_ratio": 0.09,
  "edge_loss_weight": 0.9,
  "text_box_sample_ratio": 0.0,
  "text_box_loss_weight": 0.0,
  "text_box_padding": 0,
  "layout_target_sampling": 0,
  "layout_target_weighting": 1,
  "layout_target_sampling_ratio": 1.0,
  "layout_target_pair_ratio": 0.0,
  "layout_target_pair_weight": 1.0,
  "layout_mid_time_ratio": 0.6,
  "layout_mid_time_width": 0.28,
  "text_box_count": 0,
  "text_mask_coverage": 0.0,
  "element_alpha_coverage": 0.0,
  "compile_ms": 301111.728432,
  "final_mse": 0.0015500480076298118,
  "losses": [
    {
      "step": 0,
      "mse": 0.23010864853858948
    },
    {
      "step": 650,
      "mse": 0.006106643006205559
    },
    {
      "step": 1300,
      "mse": 0.004233932588249445
    },
    {
      "step": 1950,
      "mse": 0.0034649642184376717
    },
    {
      "step": 2600,
      "mse": 0.0030317476484924555
    },
    {
      "step": 3250,
      "mse": 0.002722431905567646
    },
    {
      "step": 3900,
      "mse": 0.00256210844963789
    },
    {
      "step": 4550,
      "mse": 0.0023216991685330868
    },
    {
      "step": 5200,
      "mse": 0.0020566419698297977
    },
    {
      "step": 5850,
      "mse": 0.0020661172457039356
    },
    {
      "step": 6500,
      "mse": 0.002016485435888171
    },
    {
      "step": 7150,
      "mse": 0.001950555481016636
    },
    {
      "step": 7800,
      "mse": 0.0018642571521922946
    },
    {
      "step": 8450,
      "mse": 0.0018217205069959164
    },
    {
      "step": 9100,
      "mse": 0.001637810841202736
    },
    {
      "step": 9750,
      "mse": 0.0016400383319705725
    },
    {
      "step": 10400,
      "mse": 0.001648876816034317
    },
    {
      "step": 11050,
      "mse": 0.0016089500859379768
    },
    {
      "step": 11700,
      "mse": 0.0015304592670872808
    },
    {
      "step": 12350,
      "mse": 0.0015449589118361473
    },
    {
      "step": 12999,
      "mse": 0.0015500480076298118
    }
  ],
  "render_times": {
    "render-960.png": 17.17065999997658,
    "render-mid.png": 17.10217400000147,
    "render-last.png": 17.090666999990844,
    "render-512.png": 4.491126000004897,
    "crop-2x.png": 16.835477000029186
  },
  "render_960_ms": 17.17065999997658,
  "render_33_wall_ms": 555.0328960000002,
  "encode_ms": 249.58161699998982,
  "resize_consistency": 0.9995109490053968,
  "temporal_consistency": 0.9986891108565032,
  "motion_delta_model": 0.06591109931468964,
  "loop_error_model": 0.0013108891434967518,
  "description": "C4.7 neural canvas: learned full page layout reflow from x,y,t Learned warped/source coordinate features are included in the renderer MLP.",
  "run_id": "20260425T010022489918Z-c2-lite-glyph-layout-reflow-c57-sourcecoord-weightonly-train1920-s13000-1920x1088-s13000",
  "commit": "13484d2",
  "track": "C",
  "width": 960,
  "height": 544,
  "frames": 33,
  "fps": 24,
  "artifacts": {
    "input": "/Users/dennisonbertram/Develop/flipbook-research/outputs/track-c/20260425T010022489918Z-c2-lite-glyph-layout-reflow-c57-sourcecoord-weightonly-train1920-s13000-1920x1088-s13000/input.png",
    "render_960": "/Users/dennisonbertram/Develop/flipbook-research/outputs/track-c/20260425T010022489918Z-c2-lite-glyph-layout-reflow-c57-sourcecoord-weightonly-train1920-s13000-1920x1088-s13000/render-960.png",
    "render_mid": "/Users/dennisonbertram/Develop/flipbook-research/outputs/track-c/20260425T010022489918Z-c2-lite-glyph-layout-reflow-c57-sourcecoord-weightonly-train1920-s13000-1920x1088-s13000/render-mid.png",
    "render_last": "/Users/dennisonbertram/Develop/flipbook-research/outputs/track-c/20260425T010022489918Z-c2-lite-glyph-layout-reflow-c57-sourcecoord-weightonly-train1920-s13000-1920x1088-s13000/render-last.png",
    "render_512": "/Users/dennisonbertram/Develop/flipbook-research/outputs/track-c/20260425T010022489918Z-c2-lite-glyph-layout-reflow-c57-sourcecoord-weightonly-train1920-s13000-1920x1088-s13000/render-512.png",
    "crop_2x": "/Users/dennisonbertram/Develop/flipbook-research/outputs/track-c/20260425T010022489918Z-c2-lite-glyph-layout-reflow-c57-sourcecoord-weightonly-train1920-s13000-1920x1088-s13000/crop-2x.png",
    "text_mask": "/Users/dennisonbertram/Develop/flipbook-research/outputs/track-c/20260425T010022489918Z-c2-lite-glyph-layout-reflow-c57-sourcecoord-weightonly-train1920-s13000-1920x1088-s13000/text-mask.png",
    "element_alpha_mask": "/Users/dennisonbertram/Develop/flipbook-research/outputs/track-c/20260425T010022489918Z-c2-lite-glyph-layout-reflow-c57-sourcecoord-weightonly-train1920-s13000-1920x1088-s13000/element-alpha-mask.png",
    "target_mid": "/Users/dennisonbertram/Develop/flipbook-research/outputs/track-c/20260425T010022489918Z-c2-lite-glyph-layout-reflow-c57-sourcecoord-weightonly-train1920-s13000-1920x1088-s13000/target-mid.png",
    "text_boxes": "/Users/dennisonbertram/Develop/flipbook-research/outputs/track-c/20260425T010022489918Z-c2-lite-glyph-layout-reflow-c57-sourcecoord-weightonly-train1920-s13000-1920x1088-s13000/text-boxes.json",
    "output": "/Users/dennisonbertram/Develop/flipbook-research/outputs/track-c/20260425T010022489918Z-c2-lite-glyph-layout-reflow-c57-sourcecoord-weightonly-train1920-s13000-1920x1088-s13000/output.mp4",
    "metrics": "/Users/dennisonbertram/Develop/flipbook-research/outputs/track-c/20260425T010022489918Z-c2-lite-glyph-layout-reflow-c57-sourcecoord-weightonly-train1920-s13000-1920x1088-s13000/metrics.json",
    "quality": "/Users/dennisonbertram/Develop/flipbook-research/outputs/track-c/20260425T010022489918Z-c2-lite-glyph-layout-reflow-c57-sourcecoord-weightonly-train1920-s13000-1920x1088-s13000/quality.json"
  },
  "ocr_similarity": 0.5497630331753555,
  "layout_similarity": 0.9995109490053968,
  "motion_delta": 0.05024434253573418,
  "loop_error": 0.0008517913520336151,
  "status": "pass"
}
DONE 20260425T010022489918Z-c2-lite-glyph-layout-reflow-c57-sourcecoord-weightonly-train1920-s13000-1920x1088-s13000 quality=0.5498 motion=0.0502
Stopping app - local entrypoint completed.
✓ App completed. View run at 
https://modal.com/apps/dennisonbertram/main/ap-I2DGIDZwvOBtgpSYkAz6Rg
