✓ Initialized. View run at 
https://modal.com/apps/dennisonbertram/main/ap-bEHl1wMaI9Dpa7a97Fn1mU
✓ Created objects.
├── 🔨 Created mount 
│   /Users/dennisonbertram/Develop/flipbook-research/scripts/track_c/modal_canva
│   s_c2_lite.py
└── 🔨 Created function train_and_render_motion.
START 20260425T010009782483Z-c2-lite-glyph-layout-reflow-c57-sourcecoord-target-b196-s10000-1536x864-s10000 config={"batch_size": 196608, "channels": 32, "detail_channels": 0, "detail_hidden": 160, "detail_init_scale": 0.01, "detail_scale": 0.0, "edge_loss_weight": 0.9, "edge_sample_ratio": 0.09, "element_anchor_mode": "line", "element_anchor_padding": 3, "element_mask_mode": "rectangle", "element_render_mode": "sequential", "element_scale_ratio": 0.25, "experiment_label": "c57-sourcecoord-target-b196-s10000", "flow_scale": 0.1, "fps": 24, "frames": 33, "freq_bands": 10, "grad_clip": 0.5, "gradient_loss_offset_px": 1.0, "gradient_loss_ratio": 0.125, "gradient_loss_weight": 0.0, "hidden": 160, "l1_loss_weight": 0.0, "layout_mid_time_ratio": 0.6, "layout_mid_time_width": 0.28, "layout_supersample": 1.0, "layout_target_pair_ratio": 0.0, "layout_target_pair_weight": 1.0, "layout_target_sampling": 1, "layout_target_sampling_ratio": 1.0, "layout_target_weighting": 1, "layout_transform_pan": 0.0, "layout_transform_strength": 0.0, "lr": 0.01, "lr_schedule": "constant", "min_lr_ratio": 0.1, "min_motion_delta": 0.045, "min_ocr_similarity": 0.55, "motion_mode": "layout-reflow", "motion_strength": 1.0, "seed": 0, "source_coord_features": 1, "source_resolution": [1280, 736], "steps": 10000, "text_box_loss_weight": 0.0, "text_box_min_conf": 55.0, "text_box_padding": 0, "text_box_sample_ratio": 0.0, "text_boxes": "0 boxes", "time_bands": 4, "train_resolution": "1536x864", "video_layout_mode": "none", "video_viewport_mode": "static", "viewport_pan": 0.0, "viewport_zoom": 0.0}
{
  "canvas_type": "time-conditioned-latent-feature-grid-learned-flow-mlp-glyph-weighted-source-coord",
  "train_resolution": "1536x864",
  "steps": 10000,
  "batch_size": 196608,
  "channels": 32,
  "hidden": 160,
  "detail_channels": 0,
  "detail_hidden": 160,
  "detail_scale": 0.0,
  "detail_init_scale": 0.01,
  "source_coord_features": 1,
  "freq_bands": 10,
  "time_bands": 4,
  "lr": 0.01,
  "lr_schedule": "constant",
  "min_lr_ratio": 0.1,
  "grad_clip": 0.5,
  "l1_loss_weight": 0.0,
  "gradient_loss_weight": 0.0,
  "gradient_loss_ratio": 0.125,
  "gradient_loss_offset_px": 1.0,
  "seed": 0,
  "experiment_label": "c57-sourcecoord-target-b196-s10000",
  "flow_scale": 0.1,
  "motion_mode": "layout-reflow",
  "motion_strength": 1.0,
  "video_viewport_mode": "static",
  "viewport_zoom": 0.0,
  "viewport_pan": 0.0,
  "video_layout_mode": "none",
  "layout_transform_strength": 0.0,
  "layout_transform_pan": 0.0,
  "layout_supersample": 1.0,
  "layout_region_count": 0,
  "element_scale_ratio": 0.25,
  "element_anchor_padding": 3,
  "element_mask_mode": "rectangle",
  "element_anchor_mode": "line",
  "element_render_mode": "sequential",
  "element_line_count": 0,
  "min_ocr_similarity": 0.55,
  "min_motion_delta": 0.045,
  "edge_sample_ratio": 0.09,
  "edge_loss_weight": 0.9,
  "text_box_sample_ratio": 0.0,
  "text_box_loss_weight": 0.0,
  "text_box_padding": 0,
  "layout_target_sampling": 1,
  "layout_target_weighting": 1,
  "layout_target_sampling_ratio": 1.0,
  "layout_target_pair_ratio": 0.0,
  "layout_target_pair_weight": 1.0,
  "layout_mid_time_ratio": 0.6,
  "layout_mid_time_width": 0.28,
  "text_box_count": 0,
  "text_mask_coverage": 0.0,
  "element_alpha_coverage": 0.0,
  "compile_ms": 258053.11445000002,
  "final_mse": 0.0018715092446655035,
  "losses": [
    {
      "step": 0,
      "mse": 0.22291354835033417
    },
    {
      "step": 500,
      "mse": 0.00762622756883502
    },
    {
      "step": 1000,
      "mse": 0.005180522333830595
    },
    {
      "step": 1500,
      "mse": 0.004249014891684055
    },
    {
      "step": 2000,
      "mse": 0.0036409497261047363
    },
    {
      "step": 2500,
      "mse": 0.0032845530658960342
    },
    {
      "step": 3000,
      "mse": 0.0029292944818735123
    },
    {
      "step": 3500,
      "mse": 0.002839451190084219
    },
    {
      "step": 4000,
      "mse": 0.0026978347450494766
    },
    {
      "step": 4500,
      "mse": 0.0024704723618924618
    },
    {
      "step": 5000,
      "mse": 0.002442943165078759
    },
    {
      "step": 5500,
      "mse": 0.002278594532981515
    },
    {
      "step": 6000,
      "mse": 0.002198245143517852
    },
    {
      "step": 6500,
      "mse": 0.002189391991123557
    },
    {
      "step": 7000,
      "mse": 0.0021597757004201412
    },
    {
      "step": 7500,
      "mse": 0.0020246398635208607
    },
    {
      "step": 8000,
      "mse": 0.0019435373833402991
    },
    {
      "step": 8500,
      "mse": 0.0019662734121084213
    },
    {
      "step": 9000,
      "mse": 0.00210378784686327
    },
    {
      "step": 9500,
      "mse": 0.0019221471156924963
    },
    {
      "step": 9999,
      "mse": 0.0018715092446655035
    }
  ],
  "render_times": {
    "render-960.png": 17.085026000017933,
    "render-mid.png": 16.99835400000893,
    "render-last.png": 16.988840999999866,
    "render-512.png": 4.484645000047749,
    "crop-2x.png": 16.810632999977315
  },
  "render_960_ms": 17.085026000017933,
  "render_33_wall_ms": 551.350416000048,
  "encode_ms": 257.15065700001105,
  "resize_consistency": 0.9994673886531961,
  "temporal_consistency": 0.9989466920960695,
  "motion_delta_model": 0.06598464399576187,
  "loop_error_model": 0.0010533079039305449,
  "description": "C4.7 neural canvas: learned full page layout reflow from x,y,t Learned warped/source coordinate features are included in the renderer MLP.",
  "run_id": "20260425T010009782483Z-c2-lite-glyph-layout-reflow-c57-sourcecoord-target-b196-s10000-1536x864-s10000",
  "commit": "13484d2",
  "track": "C",
  "width": 960,
  "height": 544,
  "frames": 33,
  "fps": 24,
  "artifacts": {
    "input": "/Users/dennisonbertram/Develop/flipbook-research/outputs/track-c/20260425T010009782483Z-c2-lite-glyph-layout-reflow-c57-sourcecoord-target-b196-s10000-1536x864-s10000/input.png",
    "render_960": "/Users/dennisonbertram/Develop/flipbook-research/outputs/track-c/20260425T010009782483Z-c2-lite-glyph-layout-reflow-c57-sourcecoord-target-b196-s10000-1536x864-s10000/render-960.png",
    "render_mid": "/Users/dennisonbertram/Develop/flipbook-research/outputs/track-c/20260425T010009782483Z-c2-lite-glyph-layout-reflow-c57-sourcecoord-target-b196-s10000-1536x864-s10000/render-mid.png",
    "render_last": "/Users/dennisonbertram/Develop/flipbook-research/outputs/track-c/20260425T010009782483Z-c2-lite-glyph-layout-reflow-c57-sourcecoord-target-b196-s10000-1536x864-s10000/render-last.png",
    "render_512": "/Users/dennisonbertram/Develop/flipbook-research/outputs/track-c/20260425T010009782483Z-c2-lite-glyph-layout-reflow-c57-sourcecoord-target-b196-s10000-1536x864-s10000/render-512.png",
    "crop_2x": "/Users/dennisonbertram/Develop/flipbook-research/outputs/track-c/20260425T010009782483Z-c2-lite-glyph-layout-reflow-c57-sourcecoord-target-b196-s10000-1536x864-s10000/crop-2x.png",
    "text_mask": "/Users/dennisonbertram/Develop/flipbook-research/outputs/track-c/20260425T010009782483Z-c2-lite-glyph-layout-reflow-c57-sourcecoord-target-b196-s10000-1536x864-s10000/text-mask.png",
    "element_alpha_mask": "/Users/dennisonbertram/Develop/flipbook-research/outputs/track-c/20260425T010009782483Z-c2-lite-glyph-layout-reflow-c57-sourcecoord-target-b196-s10000-1536x864-s10000/element-alpha-mask.png",
    "target_mid": "/Users/dennisonbertram/Develop/flipbook-research/outputs/track-c/20260425T010009782483Z-c2-lite-glyph-layout-reflow-c57-sourcecoord-target-b196-s10000-1536x864-s10000/target-mid.png",
    "text_boxes": "/Users/dennisonbertram/Develop/flipbook-research/outputs/track-c/20260425T010009782483Z-c2-lite-glyph-layout-reflow-c57-sourcecoord-target-b196-s10000-1536x864-s10000/text-boxes.json",
    "output": "/Users/dennisonbertram/Develop/flipbook-research/outputs/track-c/20260425T010009782483Z-c2-lite-glyph-layout-reflow-c57-sourcecoord-target-b196-s10000-1536x864-s10000/output.mp4",
    "metrics": "/Users/dennisonbertram/Develop/flipbook-research/outputs/track-c/20260425T010009782483Z-c2-lite-glyph-layout-reflow-c57-sourcecoord-target-b196-s10000-1536x864-s10000/metrics.json",
    "quality": "/Users/dennisonbertram/Develop/flipbook-research/outputs/track-c/20260425T010009782483Z-c2-lite-glyph-layout-reflow-c57-sourcecoord-target-b196-s10000-1536x864-s10000/quality.json"
  },
  "ocr_similarity": 0.5981308411214953,
  "layout_similarity": 0.9994673886531961,
  "motion_delta": 0.05047128349542618,
  "loop_error": 0.0006963356281630695,
  "status": "pass"
}
DONE 20260425T010009782483Z-c2-lite-glyph-layout-reflow-c57-sourcecoord-target-b196-s10000-1536x864-s10000 quality=0.5981 motion=0.0505
Stopping app - local entrypoint completed.
✓ App completed. View run at 
https://modal.com/apps/dennisonbertram/main/ap-bEHl1wMaI9Dpa7a97Fn1mU
