✓ Initialized. View run at 
https://modal.com/apps/dennisonbertram/main/ap-5pRsxczcMg71sNdEWYyNMl
✓ Created objects.
├── 🔨 Created mount 
│   /Users/dennisonbertram/Develop/flipbook-research/scripts/track_c/modal_canva
│   s_c2_lite.py
└── 🔨 Created function train_and_render_motion.
START 20260425T010011414887Z-c2-lite-glyph-layout-reflow-c57-sourcecoord-target50-freq12-s12000-1536x864-s12000 config={"batch_size": 131072, "channels": 32, "detail_channels": 0, "detail_hidden": 160, "detail_init_scale": 0.01, "detail_scale": 0.0, "edge_loss_weight": 0.9, "edge_sample_ratio": 0.09, "element_anchor_mode": "line", "element_anchor_padding": 3, "element_mask_mode": "rectangle", "element_render_mode": "sequential", "element_scale_ratio": 0.25, "experiment_label": "c57-sourcecoord-target50-freq12-s12000", "flow_scale": 0.1, "fps": 24, "frames": 33, "freq_bands": 12, "grad_clip": 0.5, "gradient_loss_offset_px": 1.0, "gradient_loss_ratio": 0.125, "gradient_loss_weight": 0.0, "hidden": 160, "l1_loss_weight": 0.0, "layout_mid_time_ratio": 0.6, "layout_mid_time_width": 0.28, "layout_supersample": 1.0, "layout_target_pair_ratio": 0.0, "layout_target_pair_weight": 1.0, "layout_target_sampling": 1, "layout_target_sampling_ratio": 0.5, "layout_target_weighting": 1, "layout_transform_pan": 0.0, "layout_transform_strength": 0.0, "lr": 0.01, "lr_schedule": "constant", "min_lr_ratio": 0.1, "min_motion_delta": 0.045, "min_ocr_similarity": 0.55, "motion_mode": "layout-reflow", "motion_strength": 1.0, "seed": 0, "source_coord_features": 1, "source_resolution": [1280, 736], "steps": 12000, "text_box_loss_weight": 0.0, "text_box_min_conf": 55.0, "text_box_padding": 0, "text_box_sample_ratio": 0.0, "text_boxes": "0 boxes", "time_bands": 4, "train_resolution": "1536x864", "video_layout_mode": "none", "video_viewport_mode": "static", "viewport_pan": 0.0, "viewport_zoom": 0.0}
{
  "canvas_type": "time-conditioned-latent-feature-grid-learned-flow-mlp-glyph-weighted-source-coord",
  "train_resolution": "1536x864",
  "steps": 12000,
  "batch_size": 131072,
  "channels": 32,
  "hidden": 160,
  "detail_channels": 0,
  "detail_hidden": 160,
  "detail_scale": 0.0,
  "detail_init_scale": 0.01,
  "source_coord_features": 1,
  "freq_bands": 12,
  "time_bands": 4,
  "lr": 0.01,
  "lr_schedule": "constant",
  "min_lr_ratio": 0.1,
  "grad_clip": 0.5,
  "l1_loss_weight": 0.0,
  "gradient_loss_weight": 0.0,
  "gradient_loss_ratio": 0.125,
  "gradient_loss_offset_px": 1.0,
  "seed": 0,
  "experiment_label": "c57-sourcecoord-target50-freq12-s12000",
  "flow_scale": 0.1,
  "motion_mode": "layout-reflow",
  "motion_strength": 1.0,
  "video_viewport_mode": "static",
  "viewport_zoom": 0.0,
  "viewport_pan": 0.0,
  "video_layout_mode": "none",
  "layout_transform_strength": 0.0,
  "layout_transform_pan": 0.0,
  "layout_supersample": 1.0,
  "layout_region_count": 0,
  "element_scale_ratio": 0.25,
  "element_anchor_padding": 3,
  "element_mask_mode": "rectangle",
  "element_anchor_mode": "line",
  "element_render_mode": "sequential",
  "element_line_count": 0,
  "min_ocr_similarity": 0.55,
  "min_motion_delta": 0.045,
  "edge_sample_ratio": 0.09,
  "edge_loss_weight": 0.9,
  "text_box_sample_ratio": 0.0,
  "text_box_loss_weight": 0.0,
  "text_box_padding": 0,
  "layout_target_sampling": 1,
  "layout_target_weighting": 1,
  "layout_target_sampling_ratio": 0.5,
  "layout_target_pair_ratio": 0.0,
  "layout_target_pair_weight": 1.0,
  "layout_mid_time_ratio": 0.6,
  "layout_mid_time_width": 0.28,
  "text_box_count": 0,
  "text_mask_coverage": 0.0,
  "element_alpha_coverage": 0.0,
  "compile_ms": 206546.59847800003,
  "final_mse": 0.0016888430109247565,
  "losses": [
    {
      "step": 0,
      "mse": 0.23811949789524078
    },
    {
      "step": 600,
      "mse": 0.006473151966929436
    },
    {
      "step": 1200,
      "mse": 0.004694320261478424
    },
    {
      "step": 1800,
      "mse": 0.003737466875463724
    },
    {
      "step": 2400,
      "mse": 0.0032622432336211205
    },
    {
      "step": 3000,
      "mse": 0.002958603436127305
    },
    {
      "step": 3600,
      "mse": 0.002957338932901621
    },
    {
      "step": 4200,
      "mse": 0.002489977516233921
    },
    {
      "step": 4800,
      "mse": 0.00238531781360507
    },
    {
      "step": 5400,
      "mse": 0.002143875230103731
    },
    {
      "step": 6000,
      "mse": 0.0021078484132885933
    },
    {
      "step": 6600,
      "mse": 0.002159462310373783
    },
    {
      "step": 7200,
      "mse": 0.0020125959999859333
    },
    {
      "step": 7800,
      "mse": 0.0019325633766129613
    },
    {
      "step": 8400,
      "mse": 0.0018710833974182606
    },
    {
      "step": 9000,
      "mse": 0.0018625417724251747
    },
    {
      "step": 9600,
      "mse": 0.0019581299275159836
    },
    {
      "step": 10200,
      "mse": 0.001818978344090283
    },
    {
      "step": 10800,
      "mse": 0.0017292206175625324
    },
    {
      "step": 11400,
      "mse": 0.0017438782379031181
    },
    {
      "step": 11999,
      "mse": 0.0016888430109247565
    }
  ],
  "render_times": {
    "render-960.png": 14.433862999993607,
    "render-mid.png": 14.51940600000512,
    "render-last.png": 14.573009000002912,
    "render-512.png": 4.1998220000039055,
    "crop-2x.png": 14.255528999996159
  },
  "render_960_ms": 14.433862999993607,
  "render_33_wall_ms": 460.91560800002185,
  "encode_ms": 285.5746799999963,
  "resize_consistency": 0.9994811505439052,
  "temporal_consistency": 0.9986958254594356,
  "motion_delta_model": 0.06662499159574509,
  "loop_error_model": 0.0013041745405644178,
  "description": "C4.7 neural canvas: learned full page layout reflow from x,y,t Learned warped/source coordinate features are included in the renderer MLP.",
  "run_id": "20260425T010011414887Z-c2-lite-glyph-layout-reflow-c57-sourcecoord-target50-freq12-s12000-1536x864-s12000",
  "commit": "13484d2",
  "track": "C",
  "width": 960,
  "height": 544,
  "frames": 33,
  "fps": 24,
  "artifacts": {
    "input": "/Users/dennisonbertram/Develop/flipbook-research/outputs/track-c/20260425T010011414887Z-c2-lite-glyph-layout-reflow-c57-sourcecoord-target50-freq12-s12000-1536x864-s12000/input.png",
    "render_960": "/Users/dennisonbertram/Develop/flipbook-research/outputs/track-c/20260425T010011414887Z-c2-lite-glyph-layout-reflow-c57-sourcecoord-target50-freq12-s12000-1536x864-s12000/render-960.png",
    "render_mid": "/Users/dennisonbertram/Develop/flipbook-research/outputs/track-c/20260425T010011414887Z-c2-lite-glyph-layout-reflow-c57-sourcecoord-target50-freq12-s12000-1536x864-s12000/render-mid.png",
    "render_last": "/Users/dennisonbertram/Develop/flipbook-research/outputs/track-c/20260425T010011414887Z-c2-lite-glyph-layout-reflow-c57-sourcecoord-target50-freq12-s12000-1536x864-s12000/render-last.png",
    "render_512": "/Users/dennisonbertram/Develop/flipbook-research/outputs/track-c/20260425T010011414887Z-c2-lite-glyph-layout-reflow-c57-sourcecoord-target50-freq12-s12000-1536x864-s12000/render-512.png",
    "crop_2x": "/Users/dennisonbertram/Develop/flipbook-research/outputs/track-c/20260425T010011414887Z-c2-lite-glyph-layout-reflow-c57-sourcecoord-target50-freq12-s12000-1536x864-s12000/crop-2x.png",
    "text_mask": "/Users/dennisonbertram/Develop/flipbook-research/outputs/track-c/20260425T010011414887Z-c2-lite-glyph-layout-reflow-c57-sourcecoord-target50-freq12-s12000-1536x864-s12000/text-mask.png",
    "element_alpha_mask": "/Users/dennisonbertram/Develop/flipbook-research/outputs/track-c/20260425T010011414887Z-c2-lite-glyph-layout-reflow-c57-sourcecoord-target50-freq12-s12000-1536x864-s12000/element-alpha-mask.png",
    "target_mid": "/Users/dennisonbertram/Develop/flipbook-research/outputs/track-c/20260425T010011414887Z-c2-lite-glyph-layout-reflow-c57-sourcecoord-target50-freq12-s12000-1536x864-s12000/target-mid.png",
    "text_boxes": "/Users/dennisonbertram/Develop/flipbook-research/outputs/track-c/20260425T010011414887Z-c2-lite-glyph-layout-reflow-c57-sourcecoord-target50-freq12-s12000-1536x864-s12000/text-boxes.json",
    "output": "/Users/dennisonbertram/Develop/flipbook-research/outputs/track-c/20260425T010011414887Z-c2-lite-glyph-layout-reflow-c57-sourcecoord-target50-freq12-s12000-1536x864-s12000/output.mp4",
    "metrics": "/Users/dennisonbertram/Develop/flipbook-research/outputs/track-c/20260425T010011414887Z-c2-lite-glyph-layout-reflow-c57-sourcecoord-target50-freq12-s12000-1536x864-s12000/metrics.json",
    "quality": "/Users/dennisonbertram/Develop/flipbook-research/outputs/track-c/20260425T010011414887Z-c2-lite-glyph-layout-reflow-c57-sourcecoord-target50-freq12-s12000-1536x864-s12000/quality.json"
  },
  "ocr_similarity": 0.4654088050314465,
  "layout_similarity": 0.9994811505439052,
  "motion_delta": 0.0510479100048542,
  "loop_error": 0.0008650296367704868,
  "status": "near_miss"
}
DONE 20260425T010011414887Z-c2-lite-glyph-layout-reflow-c57-sourcecoord-target50-freq12-s12000-1536x864-s12000 quality=0.4654 motion=0.0510
Stopping app - local entrypoint completed.
✓ App completed. View run at 
https://modal.com/apps/dennisonbertram/main/ap-5pRsxczcMg71sNdEWYyNMl
