✓ Initialized. View run at 
https://modal.com/apps/dennisonbertram/main/ap-YxGZpMf1ZTKeGJpatESTEI
✓ Created objects.
├── 🔨 Created mount 
│   /Users/dennisonbertram/Develop/flipbook-research/scripts/track_c/modal_canva
│   s_c2_lite.py
└── 🔨 Created function train_and_render_motion.
START 20260425T010006017448Z-c2-lite-glyph-layout-reflow-c57-sourcecoord-target75-c32h160-s14000-1536x864-s14000 config={"batch_size": 131072, "channels": 32, "detail_channels": 0, "detail_hidden": 160, "detail_init_scale": 0.01, "detail_scale": 0.0, "edge_loss_weight": 0.9, "edge_sample_ratio": 0.09, "element_anchor_mode": "line", "element_anchor_padding": 3, "element_mask_mode": "rectangle", "element_render_mode": "sequential", "element_scale_ratio": 0.25, "experiment_label": "c57-sourcecoord-target75-c32h160-s14000", "flow_scale": 0.1, "fps": 24, "frames": 33, "freq_bands": 10, "grad_clip": 0.5, "gradient_loss_offset_px": 1.0, "gradient_loss_ratio": 0.125, "gradient_loss_weight": 0.0, "hidden": 160, "l1_loss_weight": 0.0, "layout_mid_time_ratio": 0.6, "layout_mid_time_width": 0.28, "layout_supersample": 1.0, "layout_target_pair_ratio": 0.0, "layout_target_pair_weight": 1.0, "layout_target_sampling": 1, "layout_target_sampling_ratio": 0.75, "layout_target_weighting": 1, "layout_transform_pan": 0.0, "layout_transform_strength": 0.0, "lr": 0.01, "lr_schedule": "constant", "min_lr_ratio": 0.1, "min_motion_delta": 0.045, "min_ocr_similarity": 0.55, "motion_mode": "layout-reflow", "motion_strength": 1.0, "seed": 0, "source_coord_features": 1, "source_resolution": [1280, 736], "steps": 14000, "text_box_loss_weight": 0.0, "text_box_min_conf": 55.0, "text_box_padding": 0, "text_box_sample_ratio": 0.0, "text_boxes": "0 boxes", "time_bands": 4, "train_resolution": "1536x864", "video_layout_mode": "none", "video_viewport_mode": "static", "viewport_pan": 0.0, "viewport_zoom": 0.0}
{
  "canvas_type": "time-conditioned-latent-feature-grid-learned-flow-mlp-glyph-weighted-source-coord",
  "train_resolution": "1536x864",
  "steps": 14000,
  "batch_size": 131072,
  "channels": 32,
  "hidden": 160,
  "detail_channels": 0,
  "detail_hidden": 160,
  "detail_scale": 0.0,
  "detail_init_scale": 0.01,
  "source_coord_features": 1,
  "freq_bands": 10,
  "time_bands": 4,
  "lr": 0.01,
  "lr_schedule": "constant",
  "min_lr_ratio": 0.1,
  "grad_clip": 0.5,
  "l1_loss_weight": 0.0,
  "gradient_loss_weight": 0.0,
  "gradient_loss_ratio": 0.125,
  "gradient_loss_offset_px": 1.0,
  "seed": 0,
  "experiment_label": "c57-sourcecoord-target75-c32h160-s14000",
  "flow_scale": 0.1,
  "motion_mode": "layout-reflow",
  "motion_strength": 1.0,
  "video_viewport_mode": "static",
  "viewport_zoom": 0.0,
  "viewport_pan": 0.0,
  "video_layout_mode": "none",
  "layout_transform_strength": 0.0,
  "layout_transform_pan": 0.0,
  "layout_supersample": 1.0,
  "layout_region_count": 0,
  "element_scale_ratio": 0.25,
  "element_anchor_padding": 3,
  "element_mask_mode": "rectangle",
  "element_anchor_mode": "line",
  "element_render_mode": "sequential",
  "element_line_count": 0,
  "min_ocr_similarity": 0.55,
  "min_motion_delta": 0.045,
  "edge_sample_ratio": 0.09,
  "edge_loss_weight": 0.9,
  "text_box_sample_ratio": 0.0,
  "text_box_loss_weight": 0.0,
  "text_box_padding": 0,
  "layout_target_sampling": 1,
  "layout_target_weighting": 1,
  "layout_target_sampling_ratio": 0.75,
  "layout_target_pair_ratio": 0.0,
  "layout_target_pair_weight": 1.0,
  "layout_mid_time_ratio": 0.6,
  "layout_mid_time_width": 0.28,
  "text_box_count": 0,
  "text_mask_coverage": 0.0,
  "element_alpha_coverage": 0.0,
  "compile_ms": 270890.31402100006,
  "final_mse": 0.0016996068879961967,
  "losses": [
    {
      "step": 0,
      "mse": 0.22354945540428162
    },
    {
      "step": 700,
      "mse": 0.0068406881764531136
    },
    {
      "step": 1400,
      "mse": 0.0046273404732346535
    },
    {
      "step": 2100,
      "mse": 0.0037936114240437746
    },
    {
      "step": 2800,
      "mse": 0.003205551765859127
    },
    {
      "step": 3500,
      "mse": 0.002864537062123418
    },
    {
      "step": 4200,
      "mse": 0.0026870425790548325
    },
    {
      "step": 4900,
      "mse": 0.0024485564790666103
    },
    {
      "step": 5600,
      "mse": 0.0024974343832582235
    },
    {
      "step": 6300,
      "mse": 0.0023257783614099026
    },
    {
      "step": 7000,
      "mse": 0.002181791700422764
    },
    {
      "step": 7700,
      "mse": 0.002177771646529436
    },
    {
      "step": 8400,
      "mse": 0.002011883771046996
    },
    {
      "step": 9100,
      "mse": 0.0019554104655981064
    },
    {
      "step": 9800,
      "mse": 0.0018941555172204971
    },
    {
      "step": 10500,
      "mse": 0.0018699928186833858
    },
    {
      "step": 11200,
      "mse": 0.0018346905708312988
    },
    {
      "step": 11900,
      "mse": 0.001702688168734312
    },
    {
      "step": 12600,
      "mse": 0.0018282270757481456
    },
    {
      "step": 13300,
      "mse": 0.001713874051347375
    },
    {
      "step": 13999,
      "mse": 0.0016996068879961967
    }
  ],
  "render_times": {
    "render-960.png": 17.13766900002156,
    "render-mid.png": 17.035147000001416,
    "render-last.png": 16.986931000019467,
    "render-512.png": 4.543185000045469,
    "crop-2x.png": 16.794677999996566
  },
  "render_960_ms": 17.13766900002156,
  "render_33_wall_ms": 550.3992079999875,
  "encode_ms": 267.4005360000251,
  "resize_consistency": 0.9994445675824615,
  "temporal_consistency": 0.9988514061551541,
  "motion_delta_model": 0.06446444988250732,
  "loop_error_model": 0.001148593844845891,
  "description": "C4.7 neural canvas: learned full page layout reflow from x,y,t Learned warped/source coordinate features are included in the renderer MLP.",
  "run_id": "20260425T010006017448Z-c2-lite-glyph-layout-reflow-c57-sourcecoord-target75-c32h160-s14000-1536x864-s14000",
  "commit": "13484d2",
  "track": "C",
  "width": 960,
  "height": 544,
  "frames": 33,
  "fps": 24,
  "artifacts": {
    "input": "/Users/dennisonbertram/Develop/flipbook-research/outputs/track-c/20260425T010006017448Z-c2-lite-glyph-layout-reflow-c57-sourcecoord-target75-c32h160-s14000-1536x864-s14000/input.png",
    "render_960": "/Users/dennisonbertram/Develop/flipbook-research/outputs/track-c/20260425T010006017448Z-c2-lite-glyph-layout-reflow-c57-sourcecoord-target75-c32h160-s14000-1536x864-s14000/render-960.png",
    "render_mid": "/Users/dennisonbertram/Develop/flipbook-research/outputs/track-c/20260425T010006017448Z-c2-lite-glyph-layout-reflow-c57-sourcecoord-target75-c32h160-s14000-1536x864-s14000/render-mid.png",
    "render_last": "/Users/dennisonbertram/Develop/flipbook-research/outputs/track-c/20260425T010006017448Z-c2-lite-glyph-layout-reflow-c57-sourcecoord-target75-c32h160-s14000-1536x864-s14000/render-last.png",
    "render_512": "/Users/dennisonbertram/Develop/flipbook-research/outputs/track-c/20260425T010006017448Z-c2-lite-glyph-layout-reflow-c57-sourcecoord-target75-c32h160-s14000-1536x864-s14000/render-512.png",
    "crop_2x": "/Users/dennisonbertram/Develop/flipbook-research/outputs/track-c/20260425T010006017448Z-c2-lite-glyph-layout-reflow-c57-sourcecoord-target75-c32h160-s14000-1536x864-s14000/crop-2x.png",
    "text_mask": "/Users/dennisonbertram/Develop/flipbook-research/outputs/track-c/20260425T010006017448Z-c2-lite-glyph-layout-reflow-c57-sourcecoord-target75-c32h160-s14000-1536x864-s14000/text-mask.png",
    "element_alpha_mask": "/Users/dennisonbertram/Develop/flipbook-research/outputs/track-c/20260425T010006017448Z-c2-lite-glyph-layout-reflow-c57-sourcecoord-target75-c32h160-s14000-1536x864-s14000/element-alpha-mask.png",
    "target_mid": "/Users/dennisonbertram/Develop/flipbook-research/outputs/track-c/20260425T010006017448Z-c2-lite-glyph-layout-reflow-c57-sourcecoord-target75-c32h160-s14000-1536x864-s14000/target-mid.png",
    "text_boxes": "/Users/dennisonbertram/Develop/flipbook-research/outputs/track-c/20260425T010006017448Z-c2-lite-glyph-layout-reflow-c57-sourcecoord-target75-c32h160-s14000-1536x864-s14000/text-boxes.json",
    "output": "/Users/dennisonbertram/Develop/flipbook-research/outputs/track-c/20260425T010006017448Z-c2-lite-glyph-layout-reflow-c57-sourcecoord-target75-c32h160-s14000-1536x864-s14000/output.mp4",
    "metrics": "/Users/dennisonbertram/Develop/flipbook-research/outputs/track-c/20260425T010006017448Z-c2-lite-glyph-layout-reflow-c57-sourcecoord-target75-c32h160-s14000-1536x864-s14000/metrics.json",
    "quality": "/Users/dennisonbertram/Develop/flipbook-research/outputs/track-c/20260425T010006017448Z-c2-lite-glyph-layout-reflow-c57-sourcecoord-target75-c32h160-s14000-1536x864-s14000/quality.json"
  },
  "ocr_similarity": 0.6263736263736264,
  "layout_similarity": 0.9994445675824615,
  "motion_delta": 0.049353402107954025,
  "loop_error": 0.000711086904630065,
  "status": "pass"
}
DONE 20260425T010006017448Z-c2-lite-glyph-layout-reflow-c57-sourcecoord-target75-c32h160-s14000-1536x864-s14000 quality=0.6264 motion=0.0494
Stopping app - local entrypoint completed.
✓ App completed. View run at 
https://modal.com/apps/dennisonbertram/main/ap-YxGZpMf1ZTKeGJpatESTEI
