✓ Initialized. View run at 
https://modal.com/apps/dennisonbertram/main/ap-Yh7DQjHKx3IyB7RzdhoUPO
✓ Created objects.
├── 🔨 Created mount 
│   /Users/dennisonbertram/Develop/flipbook-research/scripts/track_c/modal_canva
│   s_c2_lite.py
└── 🔨 Created function train_and_render_motion.
START 20260425T010855680403Z-c2-lite-glyph-layout-reflow-c58-flow028-target50-c32h160-s12000-1536x864-s12000 config={"batch_size": 131072, "channels": 32, "detail_channels": 0, "detail_hidden": 160, "detail_init_scale": 0.01, "detail_scale": 0.0, "edge_loss_weight": 0.9, "edge_sample_ratio": 0.09, "element_anchor_mode": "line", "element_anchor_padding": 3, "element_mask_mode": "rectangle", "element_render_mode": "sequential", "element_scale_ratio": 0.25, "experiment_label": "c58-flow028-target50-c32h160-s12000", "flow_scale": 0.28, "fps": 24, "frames": 33, "freq_bands": 10, "grad_clip": 0.5, "gradient_loss_offset_px": 1.0, "gradient_loss_ratio": 0.125, "gradient_loss_weight": 0.0, "hidden": 160, "l1_loss_weight": 0.0, "layout_flow_loss_weight": 0.0, "layout_mid_time_ratio": 0.6, "layout_mid_time_width": 0.28, "layout_supersample": 1.0, "layout_target_pair_ratio": 0.0, "layout_target_pair_weight": 1.0, "layout_target_sampling": 1, "layout_target_sampling_ratio": 0.5, "layout_target_weighting": 1, "layout_transform_pan": 0.0, "layout_transform_strength": 0.0, "lr": 0.01, "lr_schedule": "constant", "min_lr_ratio": 0.1, "min_motion_delta": 0.045, "min_ocr_similarity": 0.55, "motion_mode": "layout-reflow", "motion_strength": 1.0, "seed": 0, "source_coord_features": 1, "source_resolution": [1280, 736], "steps": 12000, "text_box_loss_weight": 0.0, "text_box_min_conf": 55.0, "text_box_padding": 0, "text_box_sample_ratio": 0.0, "text_boxes": "0 boxes", "time_bands": 4, "train_resolution": "1536x864", "video_layout_mode": "none", "video_viewport_mode": "static", "viewport_pan": 0.0, "viewport_zoom": 0.0}
{
  "canvas_type": "time-conditioned-latent-feature-grid-learned-flow-mlp-glyph-weighted-source-coord",
  "train_resolution": "1536x864",
  "steps": 12000,
  "batch_size": 131072,
  "channels": 32,
  "hidden": 160,
  "detail_channels": 0,
  "detail_hidden": 160,
  "detail_scale": 0.0,
  "detail_init_scale": 0.01,
  "source_coord_features": 1,
  "freq_bands": 10,
  "time_bands": 4,
  "lr": 0.01,
  "lr_schedule": "constant",
  "min_lr_ratio": 0.1,
  "grad_clip": 0.5,
  "l1_loss_weight": 0.0,
  "gradient_loss_weight": 0.0,
  "gradient_loss_ratio": 0.125,
  "gradient_loss_offset_px": 1.0,
  "seed": 0,
  "experiment_label": "c58-flow028-target50-c32h160-s12000",
  "flow_scale": 0.28,
  "motion_mode": "layout-reflow",
  "motion_strength": 1.0,
  "video_viewport_mode": "static",
  "viewport_zoom": 0.0,
  "viewport_pan": 0.0,
  "video_layout_mode": "none",
  "layout_transform_strength": 0.0,
  "layout_transform_pan": 0.0,
  "layout_supersample": 1.0,
  "layout_region_count": 0,
  "element_scale_ratio": 0.25,
  "element_anchor_padding": 3,
  "element_mask_mode": "rectangle",
  "element_anchor_mode": "line",
  "element_render_mode": "sequential",
  "element_line_count": 0,
  "min_ocr_similarity": 0.55,
  "min_motion_delta": 0.045,
  "edge_sample_ratio": 0.09,
  "edge_loss_weight": 0.9,
  "text_box_sample_ratio": 0.0,
  "text_box_loss_weight": 0.0,
  "text_box_padding": 0,
  "layout_target_sampling": 1,
  "layout_target_weighting": 1,
  "layout_target_sampling_ratio": 0.5,
  "layout_target_pair_ratio": 0.0,
  "layout_target_pair_weight": 1.0,
  "layout_mid_time_ratio": 0.6,
  "layout_mid_time_width": 0.28,
  "layout_flow_loss_weight": 0.0,
  "text_box_count": 0,
  "text_mask_coverage": 0.0,
  "element_alpha_coverage": 0.0,
  "compile_ms": 223582.969931,
  "final_mse": 0.004174496978521347,
  "losses": [
    {
      "step": 0,
      "mse": 0.22408346831798553
    },
    {
      "step": 600,
      "mse": 0.00950715970247984
    },
    {
      "step": 1200,
      "mse": 0.007559631951153278
    },
    {
      "step": 1800,
      "mse": 0.00650963606312871
    },
    {
      "step": 2400,
      "mse": 0.006183214019984007
    },
    {
      "step": 3000,
      "mse": 0.005666367709636688
    },
    {
      "step": 3600,
      "mse": 0.005426435731351376
    },
    {
      "step": 4200,
      "mse": 0.005222221836447716
    },
    {
      "step": 4800,
      "mse": 0.0050125205889344215
    },
    {
      "step": 5400,
      "mse": 0.004664551466703415
    },
    {
      "step": 6000,
      "mse": 0.004713578149676323
    },
    {
      "step": 6600,
      "mse": 0.00477146590128541
    },
    {
      "step": 7200,
      "mse": 0.004404941573739052
    },
    {
      "step": 7800,
      "mse": 0.004404546692967415
    },
    {
      "step": 8400,
      "mse": 0.004643515683710575
    },
    {
      "step": 9000,
      "mse": 0.00430508516728878
    },
    {
      "step": 9600,
      "mse": 0.004547157324850559
    },
    {
      "step": 10200,
      "mse": 0.004158944822847843
    },
    {
      "step": 10800,
      "mse": 0.00413498654961586
    },
    {
      "step": 11400,
      "mse": 0.004113513045012951
    },
    {
      "step": 11999,
      "mse": 0.004174496978521347
    }
  ],
  "render_times": {
    "render-960.png": 16.99163999998632,
    "render-mid.png": 17.15306400001282,
    "render-last.png": 17.155626999993956,
    "render-512.png": 4.716795999996748,
    "crop-2x.png": 16.918859000014663
  },
  "render_960_ms": 16.99163999998632,
  "render_33_wall_ms": 547.1642340000074,
  "encode_ms": 275.4850359999921,
  "resize_consistency": 0.9991564245638321,
  "temporal_consistency": 0.9990992820821702,
  "motion_delta_model": 0.06696155667304993,
  "loop_error_model": 0.000900717917829752,
  "description": "C4.7 neural canvas: learned full page layout reflow from x,y,t Learned warped/source coordinate features are included in the renderer MLP.",
  "run_id": "20260425T010855680403Z-c2-lite-glyph-layout-reflow-c58-flow028-target50-c32h160-s12000-1536x864-s12000",
  "commit": "d904b8f",
  "track": "C",
  "width": 960,
  "height": 544,
  "frames": 33,
  "fps": 24,
  "artifacts": {
    "input": "/Users/dennisonbertram/Develop/flipbook-research/outputs/track-c/20260425T010855680403Z-c2-lite-glyph-layout-reflow-c58-flow028-target50-c32h160-s12000-1536x864-s12000/input.png",
    "render_960": "/Users/dennisonbertram/Develop/flipbook-research/outputs/track-c/20260425T010855680403Z-c2-lite-glyph-layout-reflow-c58-flow028-target50-c32h160-s12000-1536x864-s12000/render-960.png",
    "render_mid": "/Users/dennisonbertram/Develop/flipbook-research/outputs/track-c/20260425T010855680403Z-c2-lite-glyph-layout-reflow-c58-flow028-target50-c32h160-s12000-1536x864-s12000/render-mid.png",
    "render_last": "/Users/dennisonbertram/Develop/flipbook-research/outputs/track-c/20260425T010855680403Z-c2-lite-glyph-layout-reflow-c58-flow028-target50-c32h160-s12000-1536x864-s12000/render-last.png",
    "render_512": "/Users/dennisonbertram/Develop/flipbook-research/outputs/track-c/20260425T010855680403Z-c2-lite-glyph-layout-reflow-c58-flow028-target50-c32h160-s12000-1536x864-s12000/render-512.png",
    "crop_2x": "/Users/dennisonbertram/Develop/flipbook-research/outputs/track-c/20260425T010855680403Z-c2-lite-glyph-layout-reflow-c58-flow028-target50-c32h160-s12000-1536x864-s12000/crop-2x.png",
    "text_mask": "/Users/dennisonbertram/Develop/flipbook-research/outputs/track-c/20260425T010855680403Z-c2-lite-glyph-layout-reflow-c58-flow028-target50-c32h160-s12000-1536x864-s12000/text-mask.png",
    "element_alpha_mask": "/Users/dennisonbertram/Develop/flipbook-research/outputs/track-c/20260425T010855680403Z-c2-lite-glyph-layout-reflow-c58-flow028-target50-c32h160-s12000-1536x864-s12000/element-alpha-mask.png",
    "target_mid": "/Users/dennisonbertram/Develop/flipbook-research/outputs/track-c/20260425T010855680403Z-c2-lite-glyph-layout-reflow-c58-flow028-target50-c32h160-s12000-1536x864-s12000/target-mid.png",
    "text_boxes": "/Users/dennisonbertram/Develop/flipbook-research/outputs/track-c/20260425T010855680403Z-c2-lite-glyph-layout-reflow-c58-flow028-target50-c32h160-s12000-1536x864-s12000/text-boxes.json",
    "output": "/Users/dennisonbertram/Develop/flipbook-research/outputs/track-c/20260425T010855680403Z-c2-lite-glyph-layout-reflow-c58-flow028-target50-c32h160-s12000-1536x864-s12000/output.mp4",
    "metrics": "/Users/dennisonbertram/Develop/flipbook-research/outputs/track-c/20260425T010855680403Z-c2-lite-glyph-layout-reflow-c58-flow028-target50-c32h160-s12000-1536x864-s12000/metrics.json",
    "quality": "/Users/dennisonbertram/Develop/flipbook-research/outputs/track-c/20260425T010855680403Z-c2-lite-glyph-layout-reflow-c58-flow028-target50-c32h160-s12000-1536x864-s12000/quality.json"
  },
  "ocr_similarity": 0.42857142857142855,
  "layout_similarity": 0.9991564245638321,
  "motion_delta": 0.05282410979270935,
  "loop_error": 0.0006182295619510114,
  "status": "near_miss"
}
DONE 20260425T010855680403Z-c2-lite-glyph-layout-reflow-c58-flow028-target50-c32h160-s12000-1536x864-s12000 quality=0.4286 motion=0.0528
Stopping app - local entrypoint completed.
✓ App completed. View run at 
https://modal.com/apps/dennisonbertram/main/ap-Yh7DQjHKx3IyB7RzdhoUPO
