✓ Initialized. View run at 
https://modal.com/apps/dennisonbertram/main/ap-joubZ5WWupp1do4e2oIpQr
✓ Created objects.
├── 🔨 Created mount 
│   /Users/dennisonbertram/Develop/flipbook-research/scripts/track_c/modal_canva
│   s_c2_lite.py
└── 🔨 Created function train_and_render_motion.
START 20260425T010911118244Z-c2-lite-glyph-layout-reflow-c58-flowsup035-w0025-target50-c32h160-s12000-1536x864-s12000 config={"batch_size": 131072, "channels": 32, "detail_channels": 0, "detail_hidden": 160, "detail_init_scale": 0.01, "detail_scale": 0.0, "edge_loss_weight": 0.9, "edge_sample_ratio": 0.09, "element_anchor_mode": "line", "element_anchor_padding": 3, "element_mask_mode": "rectangle", "element_render_mode": "sequential", "element_scale_ratio": 0.25, "experiment_label": "c58-flowsup035-w0025-target50-c32h160-s12000", "flow_scale": 0.35, "fps": 24, "frames": 33, "freq_bands": 10, "grad_clip": 0.5, "gradient_loss_offset_px": 1.0, "gradient_loss_ratio": 0.125, "gradient_loss_weight": 0.0, "hidden": 160, "l1_loss_weight": 0.0, "layout_flow_loss_weight": 0.025, "layout_mid_time_ratio": 0.6, "layout_mid_time_width": 0.28, "layout_supersample": 1.0, "layout_target_pair_ratio": 0.0, "layout_target_pair_weight": 1.0, "layout_target_sampling": 1, "layout_target_sampling_ratio": 0.5, "layout_target_weighting": 1, "layout_transform_pan": 0.0, "layout_transform_strength": 0.0, "lr": 0.01, "lr_schedule": "constant", "min_lr_ratio": 0.1, "min_motion_delta": 0.045, "min_ocr_similarity": 0.55, "motion_mode": "layout-reflow", "motion_strength": 1.0, "seed": 0, "source_coord_features": 1, "source_resolution": [1280, 736], "steps": 12000, "text_box_loss_weight": 0.0, "text_box_min_conf": 55.0, "text_box_padding": 0, "text_box_sample_ratio": 0.0, "text_boxes": "0 boxes", "time_bands": 4, "train_resolution": "1536x864", "video_layout_mode": "none", "video_viewport_mode": "static", "viewport_pan": 0.0, "viewport_zoom": 0.0}
{
  "canvas_type": "time-conditioned-latent-feature-grid-learned-flow-mlp-glyph-weighted-source-coord-flow-supervised",
  "train_resolution": "1536x864",
  "steps": 12000,
  "batch_size": 131072,
  "channels": 32,
  "hidden": 160,
  "detail_channels": 0,
  "detail_hidden": 160,
  "detail_scale": 0.0,
  "detail_init_scale": 0.01,
  "source_coord_features": 1,
  "freq_bands": 10,
  "time_bands": 4,
  "lr": 0.01,
  "lr_schedule": "constant",
  "min_lr_ratio": 0.1,
  "grad_clip": 0.5,
  "l1_loss_weight": 0.0,
  "gradient_loss_weight": 0.0,
  "gradient_loss_ratio": 0.125,
  "gradient_loss_offset_px": 1.0,
  "seed": 0,
  "experiment_label": "c58-flowsup035-w0025-target50-c32h160-s12000",
  "flow_scale": 0.35,
  "motion_mode": "layout-reflow",
  "motion_strength": 1.0,
  "video_viewport_mode": "static",
  "viewport_zoom": 0.0,
  "viewport_pan": 0.0,
  "video_layout_mode": "none",
  "layout_transform_strength": 0.0,
  "layout_transform_pan": 0.0,
  "layout_supersample": 1.0,
  "layout_region_count": 0,
  "element_scale_ratio": 0.25,
  "element_anchor_padding": 3,
  "element_mask_mode": "rectangle",
  "element_anchor_mode": "line",
  "element_render_mode": "sequential",
  "element_line_count": 0,
  "min_ocr_similarity": 0.55,
  "min_motion_delta": 0.045,
  "edge_sample_ratio": 0.09,
  "edge_loss_weight": 0.9,
  "text_box_sample_ratio": 0.0,
  "text_box_loss_weight": 0.0,
  "text_box_padding": 0,
  "layout_target_sampling": 1,
  "layout_target_weighting": 1,
  "layout_target_sampling_ratio": 0.5,
  "layout_target_pair_ratio": 0.0,
  "layout_target_pair_weight": 1.0,
  "layout_mid_time_ratio": 0.6,
  "layout_mid_time_width": 0.28,
  "layout_flow_loss_weight": 0.025,
  "text_box_count": 0,
  "text_mask_coverage": 0.0,
  "element_alpha_coverage": 0.0,
  "compile_ms": 241175.24561,
  "final_mse": 0.009582480415701866,
  "losses": [
    {
      "step": 0,
      "mse": 0.22448252141475677
    },
    {
      "step": 600,
      "mse": 0.015133105218410492
    },
    {
      "step": 1200,
      "mse": 0.013150826096534729
    },
    {
      "step": 1800,
      "mse": 0.011588454246520996
    },
    {
      "step": 2400,
      "mse": 0.0110720070078969
    },
    {
      "step": 3000,
      "mse": 0.01067421119660139
    },
    {
      "step": 3600,
      "mse": 0.01056418102234602
    },
    {
      "step": 4200,
      "mse": 0.010385978035628796
    },
    {
      "step": 4800,
      "mse": 0.010203864425420761
    },
    {
      "step": 5400,
      "mse": 0.010100394487380981
    },
    {
      "step": 6000,
      "mse": 0.010122692212462425
    },
    {
      "step": 6600,
      "mse": 0.009779523126780987
    },
    {
      "step": 7200,
      "mse": 0.00977213867008686
    },
    {
      "step": 7800,
      "mse": 0.009648808278143406
    },
    {
      "step": 8400,
      "mse": 0.009690036997199059
    },
    {
      "step": 9000,
      "mse": 0.009552832692861557
    },
    {
      "step": 9600,
      "mse": 0.009560393169522285
    },
    {
      "step": 10200,
      "mse": 0.009484036825597286
    },
    {
      "step": 10800,
      "mse": 0.009424284100532532
    },
    {
      "step": 11400,
      "mse": 0.009393492713570595
    },
    {
      "step": 11999,
      "mse": 0.009582480415701866
    }
  ],
  "render_times": {
    "render-960.png": 16.9307280000055,
    "render-mid.png": 16.836355999998887,
    "render-last.png": 16.851836999990155,
    "render-512.png": 4.392386000006354,
    "crop-2x.png": 16.730566000006775
  },
  "render_960_ms": 16.9307280000055,
  "render_33_wall_ms": 546.0659070000133,
  "encode_ms": 244.08296099997528,
  "resize_consistency": 0.9991165323635103,
  "temporal_consistency": 0.9990477006067522,
  "motion_delta_model": 0.06517770141363144,
  "loop_error_model": 0.000952299393247813,
  "description": "C4.7 neural canvas: learned full page layout reflow from x,y,t Learned warped/source coordinate features are included in the renderer MLP. Learned flow is supervised toward the known inverse layout-reflow map.",
  "run_id": "20260425T010911118244Z-c2-lite-glyph-layout-reflow-c58-flowsup035-w0025-target50-c32h160-s12000-1536x864-s12000",
  "commit": "d904b8f",
  "track": "C",
  "width": 960,
  "height": 544,
  "frames": 33,
  "fps": 24,
  "artifacts": {
    "input": "/Users/dennisonbertram/Develop/flipbook-research/outputs/track-c/20260425T010911118244Z-c2-lite-glyph-layout-reflow-c58-flowsup035-w0025-target50-c32h160-s12000-1536x864-s12000/input.png",
    "render_960": "/Users/dennisonbertram/Develop/flipbook-research/outputs/track-c/20260425T010911118244Z-c2-lite-glyph-layout-reflow-c58-flowsup035-w0025-target50-c32h160-s12000-1536x864-s12000/render-960.png",
    "render_mid": "/Users/dennisonbertram/Develop/flipbook-research/outputs/track-c/20260425T010911118244Z-c2-lite-glyph-layout-reflow-c58-flowsup035-w0025-target50-c32h160-s12000-1536x864-s12000/render-mid.png",
    "render_last": "/Users/dennisonbertram/Develop/flipbook-research/outputs/track-c/20260425T010911118244Z-c2-lite-glyph-layout-reflow-c58-flowsup035-w0025-target50-c32h160-s12000-1536x864-s12000/render-last.png",
    "render_512": "/Users/dennisonbertram/Develop/flipbook-research/outputs/track-c/20260425T010911118244Z-c2-lite-glyph-layout-reflow-c58-flowsup035-w0025-target50-c32h160-s12000-1536x864-s12000/render-512.png",
    "crop_2x": "/Users/dennisonbertram/Develop/flipbook-research/outputs/track-c/20260425T010911118244Z-c2-lite-glyph-layout-reflow-c58-flowsup035-w0025-target50-c32h160-s12000-1536x864-s12000/crop-2x.png",
    "text_mask": "/Users/dennisonbertram/Develop/flipbook-research/outputs/track-c/20260425T010911118244Z-c2-lite-glyph-layout-reflow-c58-flowsup035-w0025-target50-c32h160-s12000-1536x864-s12000/text-mask.png",
    "element_alpha_mask": "/Users/dennisonbertram/Develop/flipbook-research/outputs/track-c/20260425T010911118244Z-c2-lite-glyph-layout-reflow-c58-flowsup035-w0025-target50-c32h160-s12000-1536x864-s12000/element-alpha-mask.png",
    "target_mid": "/Users/dennisonbertram/Develop/flipbook-research/outputs/track-c/20260425T010911118244Z-c2-lite-glyph-layout-reflow-c58-flowsup035-w0025-target50-c32h160-s12000-1536x864-s12000/target-mid.png",
    "text_boxes": "/Users/dennisonbertram/Develop/flipbook-research/outputs/track-c/20260425T010911118244Z-c2-lite-glyph-layout-reflow-c58-flowsup035-w0025-target50-c32h160-s12000-1536x864-s12000/text-boxes.json",
    "output": "/Users/dennisonbertram/Develop/flipbook-research/outputs/track-c/20260425T010911118244Z-c2-lite-glyph-layout-reflow-c58-flowsup035-w0025-target50-c32h160-s12000-1536x864-s12000/output.mp4",
    "metrics": "/Users/dennisonbertram/Develop/flipbook-research/outputs/track-c/20260425T010911118244Z-c2-lite-glyph-layout-reflow-c58-flowsup035-w0025-target50-c32h160-s12000-1536x864-s12000/metrics.json",
    "quality": "/Users/dennisonbertram/Develop/flipbook-research/outputs/track-c/20260425T010911118244Z-c2-lite-glyph-layout-reflow-c58-flowsup035-w0025-target50-c32h160-s12000-1536x864-s12000/quality.json"
  },
  "ocr_similarity": 0.3726708074534162,
  "layout_similarity": 0.9991165323635103,
  "motion_delta": 0.05204002559185028,
  "loop_error": 0.0006785584264434874,
  "status": "near_miss"
}
DONE 20260425T010911118244Z-c2-lite-glyph-layout-reflow-c58-flowsup035-w0025-target50-c32h160-s12000-1536x864-s12000 quality=0.3727 motion=0.0520
Stopping app - local entrypoint completed.
✓ App completed. View run at 
https://modal.com/apps/dennisonbertram/main/ap-joubZ5WWupp1do4e2oIpQr
