✓ Initialized. View run at 
https://modal.com/apps/dennisonbertram/main/ap-P9uDF5PV7VC6EMaGeXxRtG
✓ Created objects.
├── 🔨 Created mount 
│   /Users/dennisonbertram/Develop/flipbook-research/scripts/track_c/modal_canva
│   s_c2_lite.py
└── 🔨 Created function train_and_render_motion.
START 20260425T011632784218Z-c2-lite-glyph-layout-reflow-c59-oracleflow-target75-c24h128-s10000-1536x864-s10000 config={"batch_size": 131072, "channels": 24, "detail_channels": 0, "detail_hidden": 128, "detail_init_scale": 0.01, "detail_scale": 0.0, "edge_loss_weight": 0.9, "edge_sample_ratio": 0.09, "element_anchor_mode": "line", "element_anchor_padding": 3, "element_mask_mode": "rectangle", "element_render_mode": "sequential", "element_scale_ratio": 0.25, "experiment_label": "c59-oracleflow-target75-c24h128-s10000", "flow_scale": 0.1, "fps": 24, "frames": 33, "freq_bands": 10, "grad_clip": 0.5, "gradient_loss_offset_px": 1.0, "gradient_loss_ratio": 0.125, "gradient_loss_weight": 0.0, "hidden": 128, "l1_loss_weight": 0.0, "layout_flow_loss_weight": 0.0, "layout_mid_time_ratio": 0.6, "layout_mid_time_width": 0.28, "layout_oracle_flow": 1, "layout_supersample": 1.0, "layout_target_pair_ratio": 0.0, "layout_target_pair_weight": 1.0, "layout_target_sampling": 1, "layout_target_sampling_ratio": 0.75, "layout_target_weighting": 1, "layout_transform_pan": 0.0, "layout_transform_strength": 0.0, "lr": 0.01, "lr_schedule": "constant", "min_lr_ratio": 0.1, "min_motion_delta": 0.045, "min_ocr_similarity": 0.55, "motion_mode": "layout-reflow", "motion_strength": 1.0, "seed": 0, "source_coord_features": 1, "source_resolution": [1280, 736], "steps": 10000, "text_box_loss_weight": 0.0, "text_box_min_conf": 55.0, "text_box_padding": 0, "text_box_sample_ratio": 0.0, "text_boxes": "0 boxes", "time_bands": 4, "train_resolution": "1536x864", "video_layout_mode": "none", "video_viewport_mode": "static", "viewport_pan": 0.0, "viewport_zoom": 0.0}
{
  "canvas_type": "time-conditioned-latent-feature-grid-learned-flow-mlp-glyph-weighted-source-coord-oracle-flow",
  "train_resolution": "1536x864",
  "steps": 10000,
  "batch_size": 131072,
  "channels": 24,
  "hidden": 128,
  "detail_channels": 0,
  "detail_hidden": 128,
  "detail_scale": 0.0,
  "detail_init_scale": 0.01,
  "source_coord_features": 1,
  "freq_bands": 10,
  "time_bands": 4,
  "lr": 0.01,
  "lr_schedule": "constant",
  "min_lr_ratio": 0.1,
  "grad_clip": 0.5,
  "l1_loss_weight": 0.0,
  "gradient_loss_weight": 0.0,
  "gradient_loss_ratio": 0.125,
  "gradient_loss_offset_px": 1.0,
  "seed": 0,
  "experiment_label": "c59-oracleflow-target75-c24h128-s10000",
  "flow_scale": 0.1,
  "motion_mode": "layout-reflow",
  "motion_strength": 1.0,
  "video_viewport_mode": "static",
  "viewport_zoom": 0.0,
  "viewport_pan": 0.0,
  "video_layout_mode": "none",
  "layout_transform_strength": 0.0,
  "layout_transform_pan": 0.0,
  "layout_supersample": 1.0,
  "layout_region_count": 0,
  "element_scale_ratio": 0.25,
  "element_anchor_padding": 3,
  "element_mask_mode": "rectangle",
  "element_anchor_mode": "line",
  "element_render_mode": "sequential",
  "element_line_count": 0,
  "min_ocr_similarity": 0.55,
  "min_motion_delta": 0.045,
  "edge_sample_ratio": 0.09,
  "edge_loss_weight": 0.9,
  "text_box_sample_ratio": 0.0,
  "text_box_loss_weight": 0.0,
  "text_box_padding": 0,
  "layout_target_sampling": 1,
  "layout_target_weighting": 1,
  "layout_target_sampling_ratio": 0.75,
  "layout_target_pair_ratio": 0.0,
  "layout_target_pair_weight": 1.0,
  "layout_mid_time_ratio": 0.6,
  "layout_mid_time_width": 0.28,
  "layout_flow_loss_weight": 0.0,
  "layout_oracle_flow": 1,
  "text_box_count": 0,
  "text_mask_coverage": 0.0,
  "element_alpha_coverage": 0.0,
  "compile_ms": 139343.24548399998,
  "final_mse": 0.0002214114647358656,
  "losses": [
    {
      "step": 0,
      "mse": 0.22369806468486786
    },
    {
      "step": 500,
      "mse": 0.0013054448645561934
    },
    {
      "step": 1000,
      "mse": 0.0007816422148607671
    },
    {
      "step": 1500,
      "mse": 0.0005666250362992287
    },
    {
      "step": 2000,
      "mse": 0.00048821326345205307
    },
    {
      "step": 2500,
      "mse": 0.0004306902119424194
    },
    {
      "step": 3000,
      "mse": 0.0004134823684580624
    },
    {
      "step": 3500,
      "mse": 0.0003782261919695884
    },
    {
      "step": 4000,
      "mse": 0.00032020622165873647
    },
    {
      "step": 4500,
      "mse": 0.0003105623763985932
    },
    {
      "step": 5000,
      "mse": 0.0003093586419709027
    },
    {
      "step": 5500,
      "mse": 0.0002782101510092616
    },
    {
      "step": 6000,
      "mse": 0.0002750753192231059
    },
    {
      "step": 6500,
      "mse": 0.0002748389379121363
    },
    {
      "step": 7000,
      "mse": 0.00024165659851860255
    },
    {
      "step": 7500,
      "mse": 0.0002284954971401021
    },
    {
      "step": 8000,
      "mse": 0.0002184308395953849
    },
    {
      "step": 8500,
      "mse": 0.00024793078773655
    },
    {
      "step": 9000,
      "mse": 0.00023560073168482631
    },
    {
      "step": 9500,
      "mse": 0.00021571721299551427
    },
    {
      "step": 9999,
      "mse": 0.0002214114647358656
    }
  ],
  "render_times": {
    "render-960.png": 13.388254999995297,
    "render-mid.png": 13.324862999979814,
    "render-last.png": 13.322724000005337,
    "render-512.png": 4.228024000013875,
    "crop-2x.png": 13.117101999995384
  },
  "render_960_ms": 13.388254999995297,
  "render_33_wall_ms": 406.9243420000248,
  "encode_ms": 264.74048200000766,
  "resize_consistency": 0.9995795843409648,
  "temporal_consistency": 0.9995152256742585,
  "motion_delta_model": 0.06414978951215744,
  "loop_error_model": 0.00048477432574145496,
  "description": "C4.7 neural canvas: learned full page layout reflow from x,y,t Learned warped/source coordinate features are included in the renderer MLP. Oracle inverse layout-flow coordinates are used as a diagnostic transport control.",
  "run_id": "20260425T011632784218Z-c2-lite-glyph-layout-reflow-c59-oracleflow-target75-c24h128-s10000-1536x864-s10000",
  "commit": "8cbef9d",
  "track": "C",
  "width": 960,
  "height": 544,
  "frames": 33,
  "fps": 24,
  "artifacts": {
    "input": "/Users/dennisonbertram/Develop/flipbook-research/outputs/track-c/20260425T011632784218Z-c2-lite-glyph-layout-reflow-c59-oracleflow-target75-c24h128-s10000-1536x864-s10000/input.png",
    "render_960": "/Users/dennisonbertram/Develop/flipbook-research/outputs/track-c/20260425T011632784218Z-c2-lite-glyph-layout-reflow-c59-oracleflow-target75-c24h128-s10000-1536x864-s10000/render-960.png",
    "render_mid": "/Users/dennisonbertram/Develop/flipbook-research/outputs/track-c/20260425T011632784218Z-c2-lite-glyph-layout-reflow-c59-oracleflow-target75-c24h128-s10000-1536x864-s10000/render-mid.png",
    "render_last": "/Users/dennisonbertram/Develop/flipbook-research/outputs/track-c/20260425T011632784218Z-c2-lite-glyph-layout-reflow-c59-oracleflow-target75-c24h128-s10000-1536x864-s10000/render-last.png",
    "render_512": "/Users/dennisonbertram/Develop/flipbook-research/outputs/track-c/20260425T011632784218Z-c2-lite-glyph-layout-reflow-c59-oracleflow-target75-c24h128-s10000-1536x864-s10000/render-512.png",
    "crop_2x": "/Users/dennisonbertram/Develop/flipbook-research/outputs/track-c/20260425T011632784218Z-c2-lite-glyph-layout-reflow-c59-oracleflow-target75-c24h128-s10000-1536x864-s10000/crop-2x.png",
    "text_mask": "/Users/dennisonbertram/Develop/flipbook-research/outputs/track-c/20260425T011632784218Z-c2-lite-glyph-layout-reflow-c59-oracleflow-target75-c24h128-s10000-1536x864-s10000/text-mask.png",
    "element_alpha_mask": "/Users/dennisonbertram/Develop/flipbook-research/outputs/track-c/20260425T011632784218Z-c2-lite-glyph-layout-reflow-c59-oracleflow-target75-c24h128-s10000-1536x864-s10000/element-alpha-mask.png",
    "target_mid": "/Users/dennisonbertram/Develop/flipbook-research/outputs/track-c/20260425T011632784218Z-c2-lite-glyph-layout-reflow-c59-oracleflow-target75-c24h128-s10000-1536x864-s10000/target-mid.png",
    "text_boxes": "/Users/dennisonbertram/Develop/flipbook-research/outputs/track-c/20260425T011632784218Z-c2-lite-glyph-layout-reflow-c59-oracleflow-target75-c24h128-s10000-1536x864-s10000/text-boxes.json",
    "output": "/Users/dennisonbertram/Develop/flipbook-research/outputs/track-c/20260425T011632784218Z-c2-lite-glyph-layout-reflow-c59-oracleflow-target75-c24h128-s10000-1536x864-s10000/output.mp4",
    "metrics": "/Users/dennisonbertram/Develop/flipbook-research/outputs/track-c/20260425T011632784218Z-c2-lite-glyph-layout-reflow-c59-oracleflow-target75-c24h128-s10000-1536x864-s10000/metrics.json",
    "quality": "/Users/dennisonbertram/Develop/flipbook-research/outputs/track-c/20260425T011632784218Z-c2-lite-glyph-layout-reflow-c59-oracleflow-target75-c24h128-s10000-1536x864-s10000/quality.json"
  },
  "ocr_similarity": 0.5207100591715976,
  "layout_similarity": 0.9995795843409648,
  "motion_delta": 0.04995877295732498,
  "loop_error": 0.0003216911864001304,
  "status": "near_miss"
}
DONE 20260425T011632784218Z-c2-lite-glyph-layout-reflow-c59-oracleflow-target75-c24h128-s10000-1536x864-s10000 quality=0.5207 motion=0.0500
Stopping app - local entrypoint completed.
✓ App completed. View run at 
https://modal.com/apps/dennisonbertram/main/ap-P9uDF5PV7VC6EMaGeXxRtG
