✓ Initialized. View run at 
https://modal.com/apps/dennisonbertram/main/ap-RSzRuaZXW67k9p9QIozsmy
✓ Created objects.
├── 🔨 Created mount 
│   /Users/dennisonbertram/Develop/flipbook-research/scripts/track_c/modal_canva
│   s_c2_lite.py
└── 🔨 Created function train_and_render_motion.
START 20260425T011635244356Z-c2-lite-glyph-layout-reflow-c59-oracleflow-weightonly-c32h160-s12000-1536x864-s12000 config={"batch_size": 131072, "channels": 32, "detail_channels": 0, "detail_hidden": 160, "detail_init_scale": 0.01, "detail_scale": 0.0, "edge_loss_weight": 0.9, "edge_sample_ratio": 0.09, "element_anchor_mode": "line", "element_anchor_padding": 3, "element_mask_mode": "rectangle", "element_render_mode": "sequential", "element_scale_ratio": 0.25, "experiment_label": "c59-oracleflow-weightonly-c32h160-s12000", "flow_scale": 0.1, "fps": 24, "frames": 33, "freq_bands": 10, "grad_clip": 0.5, "gradient_loss_offset_px": 1.0, "gradient_loss_ratio": 0.125, "gradient_loss_weight": 0.0, "hidden": 160, "l1_loss_weight": 0.0, "layout_flow_loss_weight": 0.0, "layout_mid_time_ratio": 0.6, "layout_mid_time_width": 0.28, "layout_oracle_flow": 1, "layout_supersample": 1.0, "layout_target_pair_ratio": 0.0, "layout_target_pair_weight": 1.0, "layout_target_sampling": 0, "layout_target_sampling_ratio": 1.0, "layout_target_weighting": 1, "layout_transform_pan": 0.0, "layout_transform_strength": 0.0, "lr": 0.01, "lr_schedule": "constant", "min_lr_ratio": 0.1, "min_motion_delta": 0.045, "min_ocr_similarity": 0.54, "motion_mode": "layout-reflow", "motion_strength": 1.0, "seed": 0, "source_coord_features": 1, "source_resolution": [1280, 736], "steps": 12000, "text_box_loss_weight": 0.0, "text_box_min_conf": 55.0, "text_box_padding": 0, "text_box_sample_ratio": 0.0, "text_boxes": "0 boxes", "time_bands": 4, "train_resolution": "1536x864", "video_layout_mode": "none", "video_viewport_mode": "static", "viewport_pan": 0.0, "viewport_zoom": 0.0}
{
  "canvas_type": "time-conditioned-latent-feature-grid-learned-flow-mlp-glyph-weighted-source-coord-oracle-flow",
  "train_resolution": "1536x864",
  "steps": 12000,
  "batch_size": 131072,
  "channels": 32,
  "hidden": 160,
  "detail_channels": 0,
  "detail_hidden": 160,
  "detail_scale": 0.0,
  "detail_init_scale": 0.01,
  "source_coord_features": 1,
  "freq_bands": 10,
  "time_bands": 4,
  "lr": 0.01,
  "lr_schedule": "constant",
  "min_lr_ratio": 0.1,
  "grad_clip": 0.5,
  "l1_loss_weight": 0.0,
  "gradient_loss_weight": 0.0,
  "gradient_loss_ratio": 0.125,
  "gradient_loss_offset_px": 1.0,
  "seed": 0,
  "experiment_label": "c59-oracleflow-weightonly-c32h160-s12000",
  "flow_scale": 0.1,
  "motion_mode": "layout-reflow",
  "motion_strength": 1.0,
  "video_viewport_mode": "static",
  "viewport_zoom": 0.0,
  "viewport_pan": 0.0,
  "video_layout_mode": "none",
  "layout_transform_strength": 0.0,
  "layout_transform_pan": 0.0,
  "layout_supersample": 1.0,
  "layout_region_count": 0,
  "element_scale_ratio": 0.25,
  "element_anchor_padding": 3,
  "element_mask_mode": "rectangle",
  "element_anchor_mode": "line",
  "element_render_mode": "sequential",
  "element_line_count": 0,
  "min_ocr_similarity": 0.54,
  "min_motion_delta": 0.045,
  "edge_sample_ratio": 0.09,
  "edge_loss_weight": 0.9,
  "text_box_sample_ratio": 0.0,
  "text_box_loss_weight": 0.0,
  "text_box_padding": 0,
  "layout_target_sampling": 0,
  "layout_target_weighting": 1,
  "layout_target_sampling_ratio": 1.0,
  "layout_target_pair_ratio": 0.0,
  "layout_target_pair_weight": 1.0,
  "layout_mid_time_ratio": 0.6,
  "layout_mid_time_width": 0.28,
  "layout_flow_loss_weight": 0.0,
  "layout_oracle_flow": 1,
  "text_box_count": 0,
  "text_mask_coverage": 0.0,
  "element_alpha_coverage": 0.0,
  "compile_ms": 204768.24310199998,
  "final_mse": 0.0001369597011944279,
  "losses": [
    {
      "step": 0,
      "mse": 0.22555063664913177
    },
    {
      "step": 600,
      "mse": 0.0009311743779107928
    },
    {
      "step": 1200,
      "mse": 0.0005750047275796533
    },
    {
      "step": 1800,
      "mse": 0.0004265403258614242
    },
    {
      "step": 2400,
      "mse": 0.00032891303999349475
    },
    {
      "step": 3000,
      "mse": 0.00032922381069511175
    },
    {
      "step": 3600,
      "mse": 0.0002823375689331442
    },
    {
      "step": 4200,
      "mse": 0.00027246150420978665
    },
    {
      "step": 4800,
      "mse": 0.00025101943174377084
    },
    {
      "step": 5400,
      "mse": 0.00023387634428218007
    },
    {
      "step": 6000,
      "mse": 0.0002230831451015547
    },
    {
      "step": 6600,
      "mse": 0.00022483318753074855
    },
    {
      "step": 7200,
      "mse": 0.00018616917077451944
    },
    {
      "step": 7800,
      "mse": 0.0001730804651742801
    },
    {
      "step": 8400,
      "mse": 0.00017551201744936407
    },
    {
      "step": 9000,
      "mse": 0.00016307113401126117
    },
    {
      "step": 9600,
      "mse": 0.0001431325072189793
    },
    {
      "step": 10200,
      "mse": 0.0001469557755626738
    },
    {
      "step": 10800,
      "mse": 0.00014356750762090087
    },
    {
      "step": 11400,
      "mse": 0.0001361130562145263
    },
    {
      "step": 11999,
      "mse": 0.0001369597011944279
    }
  ],
  "render_times": {
    "render-960.png": 33.19975400000885,
    "render-mid.png": 14.512362000004941,
    "render-last.png": 14.33155600000191,
    "render-512.png": 4.994170000003351,
    "crop-2x.png": 14.053177000022288
  },
  "render_960_ms": 33.19975400000885,
  "render_33_wall_ms": 425.79260200000135,
  "encode_ms": 249.24614199997563,
  "resize_consistency": 0.9995996316677329,
  "temporal_consistency": 0.9995749474619515,
  "motion_delta_model": 0.06320814788341522,
  "loop_error_model": 0.000425052538048476,
  "description": "C4.7 neural canvas: learned full page layout reflow from x,y,t Learned warped/source coordinate features are included in the renderer MLP. Oracle inverse layout-flow coordinates are used as a diagnostic transport control.",
  "run_id": "20260425T011635244356Z-c2-lite-glyph-layout-reflow-c59-oracleflow-weightonly-c32h160-s12000-1536x864-s12000",
  "commit": "8cbef9d",
  "track": "C",
  "width": 960,
  "height": 544,
  "frames": 33,
  "fps": 24,
  "artifacts": {
    "input": "/Users/dennisonbertram/Develop/flipbook-research/outputs/track-c/20260425T011635244356Z-c2-lite-glyph-layout-reflow-c59-oracleflow-weightonly-c32h160-s12000-1536x864-s12000/input.png",
    "render_960": "/Users/dennisonbertram/Develop/flipbook-research/outputs/track-c/20260425T011635244356Z-c2-lite-glyph-layout-reflow-c59-oracleflow-weightonly-c32h160-s12000-1536x864-s12000/render-960.png",
    "render_mid": "/Users/dennisonbertram/Develop/flipbook-research/outputs/track-c/20260425T011635244356Z-c2-lite-glyph-layout-reflow-c59-oracleflow-weightonly-c32h160-s12000-1536x864-s12000/render-mid.png",
    "render_last": "/Users/dennisonbertram/Develop/flipbook-research/outputs/track-c/20260425T011635244356Z-c2-lite-glyph-layout-reflow-c59-oracleflow-weightonly-c32h160-s12000-1536x864-s12000/render-last.png",
    "render_512": "/Users/dennisonbertram/Develop/flipbook-research/outputs/track-c/20260425T011635244356Z-c2-lite-glyph-layout-reflow-c59-oracleflow-weightonly-c32h160-s12000-1536x864-s12000/render-512.png",
    "crop_2x": "/Users/dennisonbertram/Develop/flipbook-research/outputs/track-c/20260425T011635244356Z-c2-lite-glyph-layout-reflow-c59-oracleflow-weightonly-c32h160-s12000-1536x864-s12000/crop-2x.png",
    "text_mask": "/Users/dennisonbertram/Develop/flipbook-research/outputs/track-c/20260425T011635244356Z-c2-lite-glyph-layout-reflow-c59-oracleflow-weightonly-c32h160-s12000-1536x864-s12000/text-mask.png",
    "element_alpha_mask": "/Users/dennisonbertram/Develop/flipbook-research/outputs/track-c/20260425T011635244356Z-c2-lite-glyph-layout-reflow-c59-oracleflow-weightonly-c32h160-s12000-1536x864-s12000/element-alpha-mask.png",
    "target_mid": "/Users/dennisonbertram/Develop/flipbook-research/outputs/track-c/20260425T011635244356Z-c2-lite-glyph-layout-reflow-c59-oracleflow-weightonly-c32h160-s12000-1536x864-s12000/target-mid.png",
    "text_boxes": "/Users/dennisonbertram/Develop/flipbook-research/outputs/track-c/20260425T011635244356Z-c2-lite-glyph-layout-reflow-c59-oracleflow-weightonly-c32h160-s12000-1536x864-s12000/text-boxes.json",
    "output": "/Users/dennisonbertram/Develop/flipbook-research/outputs/track-c/20260425T011635244356Z-c2-lite-glyph-layout-reflow-c59-oracleflow-weightonly-c32h160-s12000-1536x864-s12000/output.mp4",
    "metrics": "/Users/dennisonbertram/Develop/flipbook-research/outputs/track-c/20260425T011635244356Z-c2-lite-glyph-layout-reflow-c59-oracleflow-weightonly-c32h160-s12000-1536x864-s12000/metrics.json",
    "quality": "/Users/dennisonbertram/Develop/flipbook-research/outputs/track-c/20260425T011635244356Z-c2-lite-glyph-layout-reflow-c59-oracleflow-weightonly-c32h160-s12000-1536x864-s12000/quality.json"
  },
  "ocr_similarity": 0.4880952380952381,
  "layout_similarity": 0.9995996316677329,
  "motion_delta": 0.04935283586382866,
  "loop_error": 0.0002761135110631585,
  "status": "near_miss"
}
DONE 20260425T011635244356Z-c2-lite-glyph-layout-reflow-c59-oracleflow-weightonly-c32h160-s12000-1536x864-s12000 quality=0.4881 motion=0.0494
Stopping app - local entrypoint completed.
✓ App completed. View run at 
https://modal.com/apps/dennisonbertram/main/ap-RSzRuaZXW67k9p9QIozsmy
