✓ Initialized. View run at 
https://modal.com/apps/dennisonbertram/main/ap-uean79zLQGtB5odMyrzyO4
✓ Created objects.
├── 🔨 Created mount 
│   /Users/dennisonbertram/Develop/flipbook-research/scripts/track_c/modal_canva
│   s_c2_lite.py
└── 🔨 Created function train_and_render_motion.
START 20260425T011634041221Z-c2-lite-glyph-layout-reflow-c59-oracleflow-target75-nosrc-c32h160-s12000-1536x864-s12000 config={"batch_size": 131072, "channels": 32, "detail_channels": 0, "detail_hidden": 160, "detail_init_scale": 0.01, "detail_scale": 0.0, "edge_loss_weight": 0.9, "edge_sample_ratio": 0.09, "element_anchor_mode": "line", "element_anchor_padding": 3, "element_mask_mode": "rectangle", "element_render_mode": "sequential", "element_scale_ratio": 0.25, "experiment_label": "c59-oracleflow-target75-nosrc-c32h160-s12000", "flow_scale": 0.1, "fps": 24, "frames": 33, "freq_bands": 10, "grad_clip": 0.5, "gradient_loss_offset_px": 1.0, "gradient_loss_ratio": 0.125, "gradient_loss_weight": 0.0, "hidden": 160, "l1_loss_weight": 0.0, "layout_flow_loss_weight": 0.0, "layout_mid_time_ratio": 0.6, "layout_mid_time_width": 0.28, "layout_oracle_flow": 1, "layout_supersample": 1.0, "layout_target_pair_ratio": 0.0, "layout_target_pair_weight": 1.0, "layout_target_sampling": 1, "layout_target_sampling_ratio": 0.75, "layout_target_weighting": 1, "layout_transform_pan": 0.0, "layout_transform_strength": 0.0, "lr": 0.01, "lr_schedule": "constant", "min_lr_ratio": 0.1, "min_motion_delta": 0.045, "min_ocr_similarity": 0.55, "motion_mode": "layout-reflow", "motion_strength": 1.0, "seed": 0, "source_coord_features": 0, "source_resolution": [1280, 736], "steps": 12000, "text_box_loss_weight": 0.0, "text_box_min_conf": 55.0, "text_box_padding": 0, "text_box_sample_ratio": 0.0, "text_boxes": "0 boxes", "time_bands": 4, "train_resolution": "1536x864", "video_layout_mode": "none", "video_viewport_mode": "static", "viewport_pan": 0.0, "viewport_zoom": 0.0}
{
  "canvas_type": "time-conditioned-latent-feature-grid-learned-flow-mlp-glyph-weighted-oracle-flow",
  "train_resolution": "1536x864",
  "steps": 12000,
  "batch_size": 131072,
  "channels": 32,
  "hidden": 160,
  "detail_channels": 0,
  "detail_hidden": 160,
  "detail_scale": 0.0,
  "detail_init_scale": 0.01,
  "source_coord_features": 0,
  "freq_bands": 10,
  "time_bands": 4,
  "lr": 0.01,
  "lr_schedule": "constant",
  "min_lr_ratio": 0.1,
  "grad_clip": 0.5,
  "l1_loss_weight": 0.0,
  "gradient_loss_weight": 0.0,
  "gradient_loss_ratio": 0.125,
  "gradient_loss_offset_px": 1.0,
  "seed": 0,
  "experiment_label": "c59-oracleflow-target75-nosrc-c32h160-s12000",
  "flow_scale": 0.1,
  "motion_mode": "layout-reflow",
  "motion_strength": 1.0,
  "video_viewport_mode": "static",
  "viewport_zoom": 0.0,
  "viewport_pan": 0.0,
  "video_layout_mode": "none",
  "layout_transform_strength": 0.0,
  "layout_transform_pan": 0.0,
  "layout_supersample": 1.0,
  "layout_region_count": 0,
  "element_scale_ratio": 0.25,
  "element_anchor_padding": 3,
  "element_mask_mode": "rectangle",
  "element_anchor_mode": "line",
  "element_render_mode": "sequential",
  "element_line_count": 0,
  "min_ocr_similarity": 0.55,
  "min_motion_delta": 0.045,
  "edge_sample_ratio": 0.09,
  "edge_loss_weight": 0.9,
  "text_box_sample_ratio": 0.0,
  "text_box_loss_weight": 0.0,
  "text_box_padding": 0,
  "layout_target_sampling": 1,
  "layout_target_weighting": 1,
  "layout_target_sampling_ratio": 0.75,
  "layout_target_pair_ratio": 0.0,
  "layout_target_pair_weight": 1.0,
  "layout_mid_time_ratio": 0.6,
  "layout_mid_time_width": 0.28,
  "layout_flow_loss_weight": 0.0,
  "layout_oracle_flow": 1,
  "text_box_count": 0,
  "text_mask_coverage": 0.0,
  "element_alpha_coverage": 0.0,
  "compile_ms": 203716.563886,
  "final_mse": 0.00016989911091513932,
  "losses": [
    {
      "step": 0,
      "mse": 0.22366192936897278
    },
    {
      "step": 600,
      "mse": 0.0010911935241892934
    },
    {
      "step": 1200,
      "mse": 0.0006522632902488112
    },
    {
      "step": 1800,
      "mse": 0.0005144552560523152
    },
    {
      "step": 2400,
      "mse": 0.0004279359709471464
    },
    {
      "step": 3000,
      "mse": 0.0004010917036794126
    },
    {
      "step": 3600,
      "mse": 0.0003422677982598543
    },
    {
      "step": 4200,
      "mse": 0.00035299750743433833
    },
    {
      "step": 4800,
      "mse": 0.00030473910737782717
    },
    {
      "step": 5400,
      "mse": 0.00027679919730871916
    },
    {
      "step": 6000,
      "mse": 0.0002592798264231533
    },
    {
      "step": 6600,
      "mse": 0.0002500729460734874
    },
    {
      "step": 7200,
      "mse": 0.00022419846209231764
    },
    {
      "step": 7800,
      "mse": 0.00022710475604981184
    },
    {
      "step": 8400,
      "mse": 0.0002410227170912549
    },
    {
      "step": 9000,
      "mse": 0.0001977163046831265
    },
    {
      "step": 9600,
      "mse": 0.0002053019416052848
    },
    {
      "step": 10200,
      "mse": 0.00020003627287223935
    },
    {
      "step": 10800,
      "mse": 0.00018621025083120912
    },
    {
      "step": 11400,
      "mse": 0.00015515496488660574
    },
    {
      "step": 11999,
      "mse": 0.00016989911091513932
    }
  ],
  "render_times": {
    "render-960.png": 11.382910000008906,
    "render-mid.png": 11.680062000010594,
    "render-last.png": 11.321124000005511,
    "render-512.png": 4.35109700001135,
    "crop-2x.png": 11.028453999983867
  },
  "render_960_ms": 11.382910000008906,
  "render_33_wall_ms": 332.8244770000026,
  "encode_ms": 262.43296200001964,
  "resize_consistency": 0.9995871809710452,
  "temporal_consistency": 0.9993312531732954,
  "motion_delta_model": 0.06352465599775314,
  "loop_error_model": 0.0006687468267045915,
  "description": "C4.7 neural canvas: learned full page layout reflow from x,y,t Oracle inverse layout-flow coordinates are used as a diagnostic transport control.",
  "run_id": "20260425T011634041221Z-c2-lite-glyph-layout-reflow-c59-oracleflow-target75-nosrc-c32h160-s12000-1536x864-s12000",
  "commit": "8cbef9d",
  "track": "C",
  "width": 960,
  "height": 544,
  "frames": 33,
  "fps": 24,
  "artifacts": {
    "input": "/Users/dennisonbertram/Develop/flipbook-research/outputs/track-c/20260425T011634041221Z-c2-lite-glyph-layout-reflow-c59-oracleflow-target75-nosrc-c32h160-s12000-1536x864-s12000/input.png",
    "render_960": "/Users/dennisonbertram/Develop/flipbook-research/outputs/track-c/20260425T011634041221Z-c2-lite-glyph-layout-reflow-c59-oracleflow-target75-nosrc-c32h160-s12000-1536x864-s12000/render-960.png",
    "render_mid": "/Users/dennisonbertram/Develop/flipbook-research/outputs/track-c/20260425T011634041221Z-c2-lite-glyph-layout-reflow-c59-oracleflow-target75-nosrc-c32h160-s12000-1536x864-s12000/render-mid.png",
    "render_last": "/Users/dennisonbertram/Develop/flipbook-research/outputs/track-c/20260425T011634041221Z-c2-lite-glyph-layout-reflow-c59-oracleflow-target75-nosrc-c32h160-s12000-1536x864-s12000/render-last.png",
    "render_512": "/Users/dennisonbertram/Develop/flipbook-research/outputs/track-c/20260425T011634041221Z-c2-lite-glyph-layout-reflow-c59-oracleflow-target75-nosrc-c32h160-s12000-1536x864-s12000/render-512.png",
    "crop_2x": "/Users/dennisonbertram/Develop/flipbook-research/outputs/track-c/20260425T011634041221Z-c2-lite-glyph-layout-reflow-c59-oracleflow-target75-nosrc-c32h160-s12000-1536x864-s12000/crop-2x.png",
    "text_mask": "/Users/dennisonbertram/Develop/flipbook-research/outputs/track-c/20260425T011634041221Z-c2-lite-glyph-layout-reflow-c59-oracleflow-target75-nosrc-c32h160-s12000-1536x864-s12000/text-mask.png",
    "element_alpha_mask": "/Users/dennisonbertram/Develop/flipbook-research/outputs/track-c/20260425T011634041221Z-c2-lite-glyph-layout-reflow-c59-oracleflow-target75-nosrc-c32h160-s12000-1536x864-s12000/element-alpha-mask.png",
    "target_mid": "/Users/dennisonbertram/Develop/flipbook-research/outputs/track-c/20260425T011634041221Z-c2-lite-glyph-layout-reflow-c59-oracleflow-target75-nosrc-c32h160-s12000-1536x864-s12000/target-mid.png",
    "text_boxes": "/Users/dennisonbertram/Develop/flipbook-research/outputs/track-c/20260425T011634041221Z-c2-lite-glyph-layout-reflow-c59-oracleflow-target75-nosrc-c32h160-s12000-1536x864-s12000/text-boxes.json",
    "output": "/Users/dennisonbertram/Develop/flipbook-research/outputs/track-c/20260425T011634041221Z-c2-lite-glyph-layout-reflow-c59-oracleflow-target75-nosrc-c32h160-s12000-1536x864-s12000/output.mp4",
    "metrics": "/Users/dennisonbertram/Develop/flipbook-research/outputs/track-c/20260425T011634041221Z-c2-lite-glyph-layout-reflow-c59-oracleflow-target75-nosrc-c32h160-s12000-1536x864-s12000/metrics.json",
    "quality": "/Users/dennisonbertram/Develop/flipbook-research/outputs/track-c/20260425T011634041221Z-c2-lite-glyph-layout-reflow-c59-oracleflow-target75-nosrc-c32h160-s12000-1536x864-s12000/quality.json"
  },
  "ocr_similarity": 0.5058823529411764,
  "layout_similarity": 0.9995871809710452,
  "motion_delta": 0.04946800693869591,
  "loop_error": 0.0004495355242397636,
  "status": "near_miss"
}
DONE 20260425T011634041221Z-c2-lite-glyph-layout-reflow-c59-oracleflow-target75-nosrc-c32h160-s12000-1536x864-s12000 quality=0.5059 motion=0.0495
Stopping app - local entrypoint completed.
✓ App completed. View run at 
https://modal.com/apps/dennisonbertram/main/ap-uean79zLQGtB5odMyrzyO4
