✓ Initialized. View run at 
https://modal.com/apps/dennisonbertram/main/ap-dO5Y1dY6lRdZhPVji2BIXn
✓ Created objects.
├── 🔨 Created mount 
│   /Users/dennisonbertram/Develop/flipbook-research/scripts/track_c/modal_canva
│   s_c2_lite.py
└── 🔨 Created function train_and_render_motion.
START 20260425T011635467504Z-c2-lite-glyph-layout-reflow-c59-oracleflow-target75-freq12-s10000-1536x864-s10000 config={"batch_size": 131072, "channels": 32, "detail_channels": 0, "detail_hidden": 160, "detail_init_scale": 0.01, "detail_scale": 0.0, "edge_loss_weight": 0.9, "edge_sample_ratio": 0.09, "element_anchor_mode": "line", "element_anchor_padding": 3, "element_mask_mode": "rectangle", "element_render_mode": "sequential", "element_scale_ratio": 0.25, "experiment_label": "c59-oracleflow-target75-freq12-s10000", "flow_scale": 0.1, "fps": 24, "frames": 33, "freq_bands": 12, "grad_clip": 0.5, "gradient_loss_offset_px": 1.0, "gradient_loss_ratio": 0.125, "gradient_loss_weight": 0.0, "hidden": 160, "l1_loss_weight": 0.0, "layout_flow_loss_weight": 0.0, "layout_mid_time_ratio": 0.6, "layout_mid_time_width": 0.28, "layout_oracle_flow": 1, "layout_supersample": 1.0, "layout_target_pair_ratio": 0.0, "layout_target_pair_weight": 1.0, "layout_target_sampling": 1, "layout_target_sampling_ratio": 0.75, "layout_target_weighting": 1, "layout_transform_pan": 0.0, "layout_transform_strength": 0.0, "lr": 0.01, "lr_schedule": "constant", "min_lr_ratio": 0.1, "min_motion_delta": 0.045, "min_ocr_similarity": 0.55, "motion_mode": "layout-reflow", "motion_strength": 1.0, "seed": 0, "source_coord_features": 1, "source_resolution": [1280, 736], "steps": 10000, "text_box_loss_weight": 0.0, "text_box_min_conf": 55.0, "text_box_padding": 0, "text_box_sample_ratio": 0.0, "text_boxes": "0 boxes", "time_bands": 4, "train_resolution": "1536x864", "video_layout_mode": "none", "video_viewport_mode": "static", "viewport_pan": 0.0, "viewport_zoom": 0.0}
{
  "canvas_type": "time-conditioned-latent-feature-grid-learned-flow-mlp-glyph-weighted-source-coord-oracle-flow",
  "train_resolution": "1536x864",
  "steps": 10000,
  "batch_size": 131072,
  "channels": 32,
  "hidden": 160,
  "detail_channels": 0,
  "detail_hidden": 160,
  "detail_scale": 0.0,
  "detail_init_scale": 0.01,
  "source_coord_features": 1,
  "freq_bands": 12,
  "time_bands": 4,
  "lr": 0.01,
  "lr_schedule": "constant",
  "min_lr_ratio": 0.1,
  "grad_clip": 0.5,
  "l1_loss_weight": 0.0,
  "gradient_loss_weight": 0.0,
  "gradient_loss_ratio": 0.125,
  "gradient_loss_offset_px": 1.0,
  "seed": 0,
  "experiment_label": "c59-oracleflow-target75-freq12-s10000",
  "flow_scale": 0.1,
  "motion_mode": "layout-reflow",
  "motion_strength": 1.0,
  "video_viewport_mode": "static",
  "viewport_zoom": 0.0,
  "viewport_pan": 0.0,
  "video_layout_mode": "none",
  "layout_transform_strength": 0.0,
  "layout_transform_pan": 0.0,
  "layout_supersample": 1.0,
  "layout_region_count": 0,
  "element_scale_ratio": 0.25,
  "element_anchor_padding": 3,
  "element_mask_mode": "rectangle",
  "element_anchor_mode": "line",
  "element_render_mode": "sequential",
  "element_line_count": 0,
  "min_ocr_similarity": 0.55,
  "min_motion_delta": 0.045,
  "edge_sample_ratio": 0.09,
  "edge_loss_weight": 0.9,
  "text_box_sample_ratio": 0.0,
  "text_box_loss_weight": 0.0,
  "text_box_padding": 0,
  "layout_target_sampling": 1,
  "layout_target_weighting": 1,
  "layout_target_sampling_ratio": 0.75,
  "layout_target_pair_ratio": 0.0,
  "layout_target_pair_weight": 1.0,
  "layout_mid_time_ratio": 0.6,
  "layout_mid_time_width": 0.28,
  "layout_flow_loss_weight": 0.0,
  "layout_oracle_flow": 1,
  "text_box_count": 0,
  "text_mask_coverage": 0.0,
  "element_alpha_coverage": 0.0,
  "compile_ms": 177598.798147,
  "final_mse": 0.00021949652000330389,
  "losses": [
    {
      "step": 0,
      "mse": 0.23733733594417572
    },
    {
      "step": 500,
      "mse": 0.0012663404922932386
    },
    {
      "step": 1000,
      "mse": 0.000726426369510591
    },
    {
      "step": 1500,
      "mse": 0.0005451338947750628
    },
    {
      "step": 2000,
      "mse": 0.00046114332508295774
    },
    {
      "step": 2500,
      "mse": 0.0004088165587745607
    },
    {
      "step": 3000,
      "mse": 0.00038529824814759195
    },
    {
      "step": 3500,
      "mse": 0.000370258028851822
    },
    {
      "step": 4000,
      "mse": 0.00030737981433048844
    },
    {
      "step": 4500,
      "mse": 0.0003094837302342057
    },
    {
      "step": 5000,
      "mse": 0.00030815269565209746
    },
    {
      "step": 5500,
      "mse": 0.00027481329743750393
    },
    {
      "step": 6000,
      "mse": 0.00026718631852418184
    },
    {
      "step": 6500,
      "mse": 0.00026555167278274894
    },
    {
      "step": 7000,
      "mse": 0.00021931242372374982
    },
    {
      "step": 7500,
      "mse": 0.00023001401859801263
    },
    {
      "step": 8000,
      "mse": 0.00022638944210484624
    },
    {
      "step": 8500,
      "mse": 0.00025490025291219354
    },
    {
      "step": 9000,
      "mse": 0.00022829585941508412
    },
    {
      "step": 9500,
      "mse": 0.00020001994562335312
    },
    {
      "step": 9999,
      "mse": 0.00021949652000330389
    }
  ],
  "render_times": {
    "render-960.png": 35.70736199998237,
    "render-mid.png": 15.655323000004273,
    "render-last.png": 15.466497000005575,
    "render-512.png": 5.261646000008113,
    "crop-2x.png": 15.246268999987933
  },
  "render_960_ms": 35.70736199998237,
  "render_33_wall_ms": 468.33777200001236,
  "encode_ms": 261.12011000000734,
  "resize_consistency": 0.9995927032329907,
  "temporal_consistency": 0.9994893744587898,
  "motion_delta_model": 0.06341765075922012,
  "loop_error_model": 0.0005106255412101746,
  "description": "C4.7 neural canvas: learned full page layout reflow from x,y,t Learned warped/source coordinate features are included in the renderer MLP. Oracle inverse layout-flow coordinates are used as a diagnostic transport control.",
  "run_id": "20260425T011635467504Z-c2-lite-glyph-layout-reflow-c59-oracleflow-target75-freq12-s10000-1536x864-s10000",
  "commit": "8cbef9d",
  "track": "C",
  "width": 960,
  "height": 544,
  "frames": 33,
  "fps": 24,
  "artifacts": {
    "input": "/Users/dennisonbertram/Develop/flipbook-research/outputs/track-c/20260425T011635467504Z-c2-lite-glyph-layout-reflow-c59-oracleflow-target75-freq12-s10000-1536x864-s10000/input.png",
    "render_960": "/Users/dennisonbertram/Develop/flipbook-research/outputs/track-c/20260425T011635467504Z-c2-lite-glyph-layout-reflow-c59-oracleflow-target75-freq12-s10000-1536x864-s10000/render-960.png",
    "render_mid": "/Users/dennisonbertram/Develop/flipbook-research/outputs/track-c/20260425T011635467504Z-c2-lite-glyph-layout-reflow-c59-oracleflow-target75-freq12-s10000-1536x864-s10000/render-mid.png",
    "render_last": "/Users/dennisonbertram/Develop/flipbook-research/outputs/track-c/20260425T011635467504Z-c2-lite-glyph-layout-reflow-c59-oracleflow-target75-freq12-s10000-1536x864-s10000/render-last.png",
    "render_512": "/Users/dennisonbertram/Develop/flipbook-research/outputs/track-c/20260425T011635467504Z-c2-lite-glyph-layout-reflow-c59-oracleflow-target75-freq12-s10000-1536x864-s10000/render-512.png",
    "crop_2x": "/Users/dennisonbertram/Develop/flipbook-research/outputs/track-c/20260425T011635467504Z-c2-lite-glyph-layout-reflow-c59-oracleflow-target75-freq12-s10000-1536x864-s10000/crop-2x.png",
    "text_mask": "/Users/dennisonbertram/Develop/flipbook-research/outputs/track-c/20260425T011635467504Z-c2-lite-glyph-layout-reflow-c59-oracleflow-target75-freq12-s10000-1536x864-s10000/text-mask.png",
    "element_alpha_mask": "/Users/dennisonbertram/Develop/flipbook-research/outputs/track-c/20260425T011635467504Z-c2-lite-glyph-layout-reflow-c59-oracleflow-target75-freq12-s10000-1536x864-s10000/element-alpha-mask.png",
    "target_mid": "/Users/dennisonbertram/Develop/flipbook-research/outputs/track-c/20260425T011635467504Z-c2-lite-glyph-layout-reflow-c59-oracleflow-target75-freq12-s10000-1536x864-s10000/target-mid.png",
    "text_boxes": "/Users/dennisonbertram/Develop/flipbook-research/outputs/track-c/20260425T011635467504Z-c2-lite-glyph-layout-reflow-c59-oracleflow-target75-freq12-s10000-1536x864-s10000/text-boxes.json",
    "output": "/Users/dennisonbertram/Develop/flipbook-research/outputs/track-c/20260425T011635467504Z-c2-lite-glyph-layout-reflow-c59-oracleflow-target75-freq12-s10000-1536x864-s10000/output.mp4",
    "metrics": "/Users/dennisonbertram/Develop/flipbook-research/outputs/track-c/20260425T011635467504Z-c2-lite-glyph-layout-reflow-c59-oracleflow-target75-freq12-s10000-1536x864-s10000/metrics.json",
    "quality": "/Users/dennisonbertram/Develop/flipbook-research/outputs/track-c/20260425T011635467504Z-c2-lite-glyph-layout-reflow-c59-oracleflow-target75-freq12-s10000-1536x864-s10000/quality.json"
  },
  "ocr_similarity": 0.42384105960264895,
  "layout_similarity": 0.9995927032329907,
  "motion_delta": 0.04928399622440338,
  "loop_error": 0.00033776627969928086,
  "status": "near_miss"
}
DONE 20260425T011635467504Z-c2-lite-glyph-layout-reflow-c59-oracleflow-target75-freq12-s10000-1536x864-s10000 quality=0.4238 motion=0.0493
Stopping app - local entrypoint completed.
✓ App completed. View run at 
https://modal.com/apps/dennisonbertram/main/ap-dO5Y1dY6lRdZhPVji2BIXn
