✓ Initialized. View run at 
https://modal.com/apps/dennisonbertram/main/ap-VovM61eC3Q7xbI2nIGyhHT
✓ Created objects.
├── 🔨 Created mount 
│   /Users/dennisonbertram/Develop/flipbook-research/scripts/track_c/modal_canva
│   s_c2_lite.py
└── 🔨 Created function train_and_render_motion.
START 20260425T012706355909Z-c2-lite-glyph-layout-reflow-c60-sourcecoord-target75-c40h192-s12000-1536x864-s12000 config={"batch_size": 131072, "channels": 40, "detail_channels": 0, "detail_hidden": 192, "detail_init_scale": 0.01, "detail_scale": 0.0, "edge_loss_weight": 0.9, "edge_sample_ratio": 0.09, "element_anchor_mode": "line", "element_anchor_padding": 3, "element_mask_mode": "rectangle", "element_render_mode": "sequential", "element_scale_ratio": 0.25, "experiment_label": "c60-sourcecoord-target75-c40h192-s12000", "flow_scale": 0.1, "fps": 24, "frames": 33, "freq_bands": 10, "grad_clip": 0.5, "gradient_loss_offset_px": 1.0, "gradient_loss_ratio": 0.125, "gradient_loss_weight": 0.0, "hidden": 192, "l1_loss_weight": 0.0, "layout_flow_loss_weight": 0.0, "layout_mid_time_ratio": 0.6, "layout_mid_time_width": 0.28, "layout_oracle_flow": 0, "layout_supersample": 1.0, "layout_target_pair_ratio": 0.0, "layout_target_pair_weight": 1.0, "layout_target_sampling": 1, "layout_target_sampling_ratio": 0.75, "layout_target_weighting": 1, "layout_transform_pan": 0.0, "layout_transform_strength": 0.0, "lr": 0.01, "lr_schedule": "constant", "min_lr_ratio": 0.1, "min_motion_delta": 0.045, "min_ocr_similarity": 0.55, "motion_mode": "layout-reflow", "motion_strength": 1.0, "seed": 0, "source_coord_features": 1, "source_resolution": [1280, 736], "steps": 12000, "text_box_loss_weight": 0.0, "text_box_min_conf": 55.0, "text_box_padding": 0, "text_box_sample_ratio": 0.0, "text_boxes": "0 boxes", "time_bands": 4, "train_resolution": "1536x864", "video_layout_mode": "none", "video_viewport_mode": "static", "viewport_pan": 0.0, "viewport_zoom": 0.0}
{
  "canvas_type": "time-conditioned-latent-feature-grid-learned-flow-mlp-glyph-weighted-source-coord",
  "train_resolution": "1536x864",
  "steps": 12000,
  "batch_size": 131072,
  "channels": 40,
  "hidden": 192,
  "detail_channels": 0,
  "detail_hidden": 192,
  "detail_scale": 0.0,
  "detail_init_scale": 0.01,
  "source_coord_features": 1,
  "freq_bands": 10,
  "time_bands": 4,
  "lr": 0.01,
  "lr_schedule": "constant",
  "min_lr_ratio": 0.1,
  "grad_clip": 0.5,
  "l1_loss_weight": 0.0,
  "gradient_loss_weight": 0.0,
  "gradient_loss_ratio": 0.125,
  "gradient_loss_offset_px": 1.0,
  "seed": 0,
  "experiment_label": "c60-sourcecoord-target75-c40h192-s12000",
  "flow_scale": 0.1,
  "motion_mode": "layout-reflow",
  "motion_strength": 1.0,
  "video_viewport_mode": "static",
  "viewport_zoom": 0.0,
  "viewport_pan": 0.0,
  "video_layout_mode": "none",
  "layout_transform_strength": 0.0,
  "layout_transform_pan": 0.0,
  "layout_supersample": 1.0,
  "layout_region_count": 0,
  "element_scale_ratio": 0.25,
  "element_anchor_padding": 3,
  "element_mask_mode": "rectangle",
  "element_anchor_mode": "line",
  "element_render_mode": "sequential",
  "element_line_count": 0,
  "min_ocr_similarity": 0.55,
  "min_motion_delta": 0.045,
  "edge_sample_ratio": 0.09,
  "edge_loss_weight": 0.9,
  "text_box_sample_ratio": 0.0,
  "text_box_loss_weight": 0.0,
  "text_box_padding": 0,
  "layout_target_sampling": 1,
  "layout_target_weighting": 1,
  "layout_target_sampling_ratio": 0.75,
  "layout_target_pair_ratio": 0.0,
  "layout_target_pair_weight": 1.0,
  "layout_mid_time_ratio": 0.6,
  "layout_mid_time_width": 0.28,
  "layout_flow_loss_weight": 0.0,
  "layout_oracle_flow": 0,
  "text_box_count": 0,
  "text_mask_coverage": 0.0,
  "element_alpha_coverage": 0.0,
  "compile_ms": 278689.399127,
  "final_mse": 0.0017779823392629623,
  "losses": [
    {
      "step": 0,
      "mse": 0.24385395646095276
    },
    {
      "step": 600,
      "mse": 0.007179880514740944
    },
    {
      "step": 1200,
      "mse": 0.004994611255824566
    },
    {
      "step": 1800,
      "mse": 0.0038514244370162487
    },
    {
      "step": 2400,
      "mse": 0.003311864798888564
    },
    {
      "step": 3000,
      "mse": 0.003017947543412447
    },
    {
      "step": 3600,
      "mse": 0.0027447170577943325
    },
    {
      "step": 4200,
      "mse": 0.002520681591704488
    },
    {
      "step": 4800,
      "mse": 0.0024063983000814915
    },
    {
      "step": 5400,
      "mse": 0.0024966031778603792
    },
    {
      "step": 6000,
      "mse": 0.002195280510932207
    },
    {
      "step": 6600,
      "mse": 0.0021224478259682655
    },
    {
      "step": 7200,
      "mse": 0.0019650559406727552
    },
    {
      "step": 7800,
      "mse": 0.001910992432385683
    },
    {
      "step": 8400,
      "mse": 0.0019022790947929025
    },
    {
      "step": 9000,
      "mse": 0.0018594451248645782
    },
    {
      "step": 9600,
      "mse": 0.001843221951276064
    },
    {
      "step": 10200,
      "mse": 0.0017785588279366493
    },
    {
      "step": 10800,
      "mse": 0.0017322816420346498
    },
    {
      "step": 11400,
      "mse": 0.0017829523421823978
    },
    {
      "step": 11999,
      "mse": 0.0017779823392629623
    }
  ],
  "render_times": {
    "render-960.png": 20.71530199998506,
    "render-mid.png": 19.889764000026844,
    "render-last.png": 19.88810700004251,
    "render-512.png": 5.369299999983923,
    "crop-2x.png": 19.690213000046697
  },
  "render_960_ms": 20.71530199998506,
  "render_33_wall_ms": 647.7625250000187,
  "encode_ms": 252.05577999997786,
  "resize_consistency": 0.9994789901434207,
  "temporal_consistency": 0.9987130298977718,
  "motion_delta_model": 0.06673427671194077,
  "loop_error_model": 0.0012869701022282243,
  "description": "C4.7 neural canvas: learned full page layout reflow from x,y,t Learned warped/source coordinate features are included in the renderer MLP.",
  "run_id": "20260425T012706355909Z-c2-lite-glyph-layout-reflow-c60-sourcecoord-target75-c40h192-s12000-1536x864-s12000",
  "commit": "09204ef",
  "track": "C",
  "width": 960,
  "height": 544,
  "frames": 33,
  "fps": 24,
  "artifacts": {
    "input": "/Users/dennisonbertram/Develop/flipbook-research/outputs/track-c/20260425T012706355909Z-c2-lite-glyph-layout-reflow-c60-sourcecoord-target75-c40h192-s12000-1536x864-s12000/input.png",
    "render_960": "/Users/dennisonbertram/Develop/flipbook-research/outputs/track-c/20260425T012706355909Z-c2-lite-glyph-layout-reflow-c60-sourcecoord-target75-c40h192-s12000-1536x864-s12000/render-960.png",
    "render_mid": "/Users/dennisonbertram/Develop/flipbook-research/outputs/track-c/20260425T012706355909Z-c2-lite-glyph-layout-reflow-c60-sourcecoord-target75-c40h192-s12000-1536x864-s12000/render-mid.png",
    "render_last": "/Users/dennisonbertram/Develop/flipbook-research/outputs/track-c/20260425T012706355909Z-c2-lite-glyph-layout-reflow-c60-sourcecoord-target75-c40h192-s12000-1536x864-s12000/render-last.png",
    "render_512": "/Users/dennisonbertram/Develop/flipbook-research/outputs/track-c/20260425T012706355909Z-c2-lite-glyph-layout-reflow-c60-sourcecoord-target75-c40h192-s12000-1536x864-s12000/render-512.png",
    "crop_2x": "/Users/dennisonbertram/Develop/flipbook-research/outputs/track-c/20260425T012706355909Z-c2-lite-glyph-layout-reflow-c60-sourcecoord-target75-c40h192-s12000-1536x864-s12000/crop-2x.png",
    "text_mask": "/Users/dennisonbertram/Develop/flipbook-research/outputs/track-c/20260425T012706355909Z-c2-lite-glyph-layout-reflow-c60-sourcecoord-target75-c40h192-s12000-1536x864-s12000/text-mask.png",
    "element_alpha_mask": "/Users/dennisonbertram/Develop/flipbook-research/outputs/track-c/20260425T012706355909Z-c2-lite-glyph-layout-reflow-c60-sourcecoord-target75-c40h192-s12000-1536x864-s12000/element-alpha-mask.png",
    "target_mid": "/Users/dennisonbertram/Develop/flipbook-research/outputs/track-c/20260425T012706355909Z-c2-lite-glyph-layout-reflow-c60-sourcecoord-target75-c40h192-s12000-1536x864-s12000/target-mid.png",
    "text_boxes": "/Users/dennisonbertram/Develop/flipbook-research/outputs/track-c/20260425T012706355909Z-c2-lite-glyph-layout-reflow-c60-sourcecoord-target75-c40h192-s12000-1536x864-s12000/text-boxes.json",
    "output": "/Users/dennisonbertram/Develop/flipbook-research/outputs/track-c/20260425T012706355909Z-c2-lite-glyph-layout-reflow-c60-sourcecoord-target75-c40h192-s12000-1536x864-s12000/output.mp4",
    "metrics": "/Users/dennisonbertram/Develop/flipbook-research/outputs/track-c/20260425T012706355909Z-c2-lite-glyph-layout-reflow-c60-sourcecoord-target75-c40h192-s12000-1536x864-s12000/metrics.json",
    "quality": "/Users/dennisonbertram/Develop/flipbook-research/outputs/track-c/20260425T012706355909Z-c2-lite-glyph-layout-reflow-c60-sourcecoord-target75-c40h192-s12000-1536x864-s12000/quality.json"
  },
  "ocr_similarity": 0.475,
  "layout_similarity": 0.9994789901434207,
  "motion_delta": 0.05142085254192352,
  "loop_error": 0.0008729726541787386,
  "status": "near_miss"
}
DONE 20260425T012706355909Z-c2-lite-glyph-layout-reflow-c60-sourcecoord-target75-c40h192-s12000-1536x864-s12000 quality=0.4750 motion=0.0514
Stopping app - local entrypoint completed.
✓ App completed. View run at 
https://modal.com/apps/dennisonbertram/main/ap-VovM61eC3Q7xbI2nIGyhHT
