✓ Initialized. View run at 
https://modal.com/apps/dennisonbertram/main/ap-KUvbpI1cwcUvuR0KSzBzVA
✓ Created objects.
├── 🔨 Created mount 
│   /Users/dennisonbertram/Develop/flipbook-research/scripts/track_c/modal_canva
│   s_c2_lite.py
└── 🔨 Created function train_and_render_motion.
START 20260425T012658347042Z-c2-lite-glyph-layout-reflow-c60-sourcecoord-target100-c32h160-s14000-1536x864-s14000 config={"batch_size": 131072, "channels": 32, "detail_channels": 0, "detail_hidden": 160, "detail_init_scale": 0.01, "detail_scale": 0.0, "edge_loss_weight": 0.9, "edge_sample_ratio": 0.09, "element_anchor_mode": "line", "element_anchor_padding": 3, "element_mask_mode": "rectangle", "element_render_mode": "sequential", "element_scale_ratio": 0.25, "experiment_label": "c60-sourcecoord-target100-c32h160-s14000", "flow_scale": 0.1, "fps": 24, "frames": 33, "freq_bands": 10, "grad_clip": 0.5, "gradient_loss_offset_px": 1.0, "gradient_loss_ratio": 0.125, "gradient_loss_weight": 0.0, "hidden": 160, "l1_loss_weight": 0.0, "layout_flow_loss_weight": 0.0, "layout_mid_time_ratio": 0.6, "layout_mid_time_width": 0.28, "layout_oracle_flow": 0, "layout_supersample": 1.0, "layout_target_pair_ratio": 0.0, "layout_target_pair_weight": 1.0, "layout_target_sampling": 1, "layout_target_sampling_ratio": 1.0, "layout_target_weighting": 1, "layout_transform_pan": 0.0, "layout_transform_strength": 0.0, "lr": 0.01, "lr_schedule": "constant", "min_lr_ratio": 0.1, "min_motion_delta": 0.045, "min_ocr_similarity": 0.55, "motion_mode": "layout-reflow", "motion_strength": 1.0, "seed": 0, "source_coord_features": 1, "source_resolution": [1280, 736], "steps": 14000, "text_box_loss_weight": 0.0, "text_box_min_conf": 55.0, "text_box_padding": 0, "text_box_sample_ratio": 0.0, "text_boxes": "0 boxes", "time_bands": 4, "train_resolution": "1536x864", "video_layout_mode": "none", "video_viewport_mode": "static", "viewport_pan": 0.0, "viewport_zoom": 0.0}
{
  "canvas_type": "time-conditioned-latent-feature-grid-learned-flow-mlp-glyph-weighted-source-coord",
  "train_resolution": "1536x864",
  "steps": 14000,
  "batch_size": 131072,
  "channels": 32,
  "hidden": 160,
  "detail_channels": 0,
  "detail_hidden": 160,
  "detail_scale": 0.0,
  "detail_init_scale": 0.01,
  "source_coord_features": 1,
  "freq_bands": 10,
  "time_bands": 4,
  "lr": 0.01,
  "lr_schedule": "constant",
  "min_lr_ratio": 0.1,
  "grad_clip": 0.5,
  "l1_loss_weight": 0.0,
  "gradient_loss_weight": 0.0,
  "gradient_loss_ratio": 0.125,
  "gradient_loss_offset_px": 1.0,
  "seed": 0,
  "experiment_label": "c60-sourcecoord-target100-c32h160-s14000",
  "flow_scale": 0.1,
  "motion_mode": "layout-reflow",
  "motion_strength": 1.0,
  "video_viewport_mode": "static",
  "viewport_zoom": 0.0,
  "viewport_pan": 0.0,
  "video_layout_mode": "none",
  "layout_transform_strength": 0.0,
  "layout_transform_pan": 0.0,
  "layout_supersample": 1.0,
  "layout_region_count": 0,
  "element_scale_ratio": 0.25,
  "element_anchor_padding": 3,
  "element_mask_mode": "rectangle",
  "element_anchor_mode": "line",
  "element_render_mode": "sequential",
  "element_line_count": 0,
  "min_ocr_similarity": 0.55,
  "min_motion_delta": 0.045,
  "edge_sample_ratio": 0.09,
  "edge_loss_weight": 0.9,
  "text_box_sample_ratio": 0.0,
  "text_box_loss_weight": 0.0,
  "text_box_padding": 0,
  "layout_target_sampling": 1,
  "layout_target_weighting": 1,
  "layout_target_sampling_ratio": 1.0,
  "layout_target_pair_ratio": 0.0,
  "layout_target_pair_weight": 1.0,
  "layout_mid_time_ratio": 0.6,
  "layout_mid_time_width": 0.28,
  "layout_flow_loss_weight": 0.0,
  "layout_oracle_flow": 0,
  "text_box_count": 0,
  "text_mask_coverage": 0.0,
  "element_alpha_coverage": 0.0,
  "compile_ms": 269935.060991,
  "final_mse": 0.0022279738914221525,
  "losses": [
    {
      "step": 0,
      "mse": 0.22291803359985352
    },
    {
      "step": 700,
      "mse": 0.00882725976407528
    },
    {
      "step": 1400,
      "mse": 0.005143642425537109
    },
    {
      "step": 2100,
      "mse": 0.005913994275033474
    },
    {
      "step": 2800,
      "mse": 0.0040618618950247765
    },
    {
      "step": 3500,
      "mse": 0.00354074127972126
    },
    {
      "step": 4200,
      "mse": 0.0033974326215684414
    },
    {
      "step": 4900,
      "mse": 0.0031034760177135468
    },
    {
      "step": 5600,
      "mse": 0.0028908413369208574
    },
    {
      "step": 6300,
      "mse": 0.002817564643919468
    },
    {
      "step": 7000,
      "mse": 0.0031350955832749605
    },
    {
      "step": 7700,
      "mse": 0.0029790045227855444
    },
    {
      "step": 8400,
      "mse": 0.0028533516451716423
    },
    {
      "step": 9100,
      "mse": 0.002610526280477643
    },
    {
      "step": 9800,
      "mse": 0.0025808385107666254
    },
    {
      "step": 10500,
      "mse": 0.002479531802237034
    },
    {
      "step": 11200,
      "mse": 0.002396494382992387
    },
    {
      "step": 11900,
      "mse": 0.002804916352033615
    },
    {
      "step": 12600,
      "mse": 0.0024550575762987137
    },
    {
      "step": 13300,
      "mse": 0.002339960541576147
    },
    {
      "step": 13999,
      "mse": 0.0022279738914221525
    }
  ],
  "render_times": {
    "render-960.png": 17.019090000019332,
    "render-mid.png": 16.951152999979513,
    "render-last.png": 17.11312300000145,
    "render-512.png": 4.528795999988233,
    "crop-2x.png": 16.7999029999919
  },
  "render_960_ms": 17.019090000019332,
  "render_33_wall_ms": 550.2974479999807,
  "encode_ms": 263.9874430000191,
  "resize_consistency": 0.9994185788903682,
  "temporal_consistency": 0.9986720689339563,
  "motion_delta_model": 0.0652424618601799,
  "loop_error_model": 0.001327931066043675,
  "description": "C4.7 neural canvas: learned full page layout reflow from x,y,t Learned warped/source coordinate features are included in the renderer MLP.",
  "run_id": "20260425T012658347042Z-c2-lite-glyph-layout-reflow-c60-sourcecoord-target100-c32h160-s14000-1536x864-s14000",
  "commit": "09204ef",
  "track": "C",
  "width": 960,
  "height": 544,
  "frames": 33,
  "fps": 24,
  "artifacts": {
    "input": "/Users/dennisonbertram/Develop/flipbook-research/outputs/track-c/20260425T012658347042Z-c2-lite-glyph-layout-reflow-c60-sourcecoord-target100-c32h160-s14000-1536x864-s14000/input.png",
    "render_960": "/Users/dennisonbertram/Develop/flipbook-research/outputs/track-c/20260425T012658347042Z-c2-lite-glyph-layout-reflow-c60-sourcecoord-target100-c32h160-s14000-1536x864-s14000/render-960.png",
    "render_mid": "/Users/dennisonbertram/Develop/flipbook-research/outputs/track-c/20260425T012658347042Z-c2-lite-glyph-layout-reflow-c60-sourcecoord-target100-c32h160-s14000-1536x864-s14000/render-mid.png",
    "render_last": "/Users/dennisonbertram/Develop/flipbook-research/outputs/track-c/20260425T012658347042Z-c2-lite-glyph-layout-reflow-c60-sourcecoord-target100-c32h160-s14000-1536x864-s14000/render-last.png",
    "render_512": "/Users/dennisonbertram/Develop/flipbook-research/outputs/track-c/20260425T012658347042Z-c2-lite-glyph-layout-reflow-c60-sourcecoord-target100-c32h160-s14000-1536x864-s14000/render-512.png",
    "crop_2x": "/Users/dennisonbertram/Develop/flipbook-research/outputs/track-c/20260425T012658347042Z-c2-lite-glyph-layout-reflow-c60-sourcecoord-target100-c32h160-s14000-1536x864-s14000/crop-2x.png",
    "text_mask": "/Users/dennisonbertram/Develop/flipbook-research/outputs/track-c/20260425T012658347042Z-c2-lite-glyph-layout-reflow-c60-sourcecoord-target100-c32h160-s14000-1536x864-s14000/text-mask.png",
    "element_alpha_mask": "/Users/dennisonbertram/Develop/flipbook-research/outputs/track-c/20260425T012658347042Z-c2-lite-glyph-layout-reflow-c60-sourcecoord-target100-c32h160-s14000-1536x864-s14000/element-alpha-mask.png",
    "target_mid": "/Users/dennisonbertram/Develop/flipbook-research/outputs/track-c/20260425T012658347042Z-c2-lite-glyph-layout-reflow-c60-sourcecoord-target100-c32h160-s14000-1536x864-s14000/target-mid.png",
    "text_boxes": "/Users/dennisonbertram/Develop/flipbook-research/outputs/track-c/20260425T012658347042Z-c2-lite-glyph-layout-reflow-c60-sourcecoord-target100-c32h160-s14000-1536x864-s14000/text-boxes.json",
    "output": "/Users/dennisonbertram/Develop/flipbook-research/outputs/track-c/20260425T012658347042Z-c2-lite-glyph-layout-reflow-c60-sourcecoord-target100-c32h160-s14000-1536x864-s14000/output.mp4",
    "metrics": "/Users/dennisonbertram/Develop/flipbook-research/outputs/track-c/20260425T012658347042Z-c2-lite-glyph-layout-reflow-c60-sourcecoord-target100-c32h160-s14000-1536x864-s14000/metrics.json",
    "quality": "/Users/dennisonbertram/Develop/flipbook-research/outputs/track-c/20260425T012658347042Z-c2-lite-glyph-layout-reflow-c60-sourcecoord-target100-c32h160-s14000-1536x864-s14000/quality.json"
  },
  "ocr_similarity": 0.4683544303797469,
  "layout_similarity": 0.9994185788903682,
  "motion_delta": 0.0501599945127964,
  "loop_error": 0.0008453612681478262,
  "status": "near_miss"
}
DONE 20260425T012658347042Z-c2-lite-glyph-layout-reflow-c60-sourcecoord-target100-c32h160-s14000-1536x864-s14000 quality=0.4684 motion=0.0502
Stopping app - local entrypoint completed.
✓ App completed. View run at 
https://modal.com/apps/dennisonbertram/main/ap-KUvbpI1cwcUvuR0KSzBzVA
