✓ Initialized. View run at 
https://modal.com/apps/dennisonbertram/main/ap-MRtRsfbZHVDCxb5iNB9pFX
✓ Created objects.
├── 🔨 Created mount 
│   /Users/dennisonbertram/Develop/flipbook-research/scripts/track_c/modal_canva
│   s_c2_lite.py
└── 🔨 Created function train_and_render_motion.
START 20260425T012651329150Z-c2-lite-glyph-layout-reflow-c60-sourcecoord-target80-c32h160-s14000-1536x864-s14000 config={"batch_size": 131072, "channels": 32, "detail_channels": 0, "detail_hidden": 160, "detail_init_scale": 0.01, "detail_scale": 0.0, "edge_loss_weight": 0.9, "edge_sample_ratio": 0.09, "element_anchor_mode": "line", "element_anchor_padding": 3, "element_mask_mode": "rectangle", "element_render_mode": "sequential", "element_scale_ratio": 0.25, "experiment_label": "c60-sourcecoord-target80-c32h160-s14000", "flow_scale": 0.1, "fps": 24, "frames": 33, "freq_bands": 10, "grad_clip": 0.5, "gradient_loss_offset_px": 1.0, "gradient_loss_ratio": 0.125, "gradient_loss_weight": 0.0, "hidden": 160, "l1_loss_weight": 0.0, "layout_flow_loss_weight": 0.0, "layout_mid_time_ratio": 0.6, "layout_mid_time_width": 0.28, "layout_oracle_flow": 0, "layout_supersample": 1.0, "layout_target_pair_ratio": 0.0, "layout_target_pair_weight": 1.0, "layout_target_sampling": 1, "layout_target_sampling_ratio": 0.8, "layout_target_weighting": 1, "layout_transform_pan": 0.0, "layout_transform_strength": 0.0, "lr": 0.01, "lr_schedule": "constant", "min_lr_ratio": 0.1, "min_motion_delta": 0.045, "min_ocr_similarity": 0.55, "motion_mode": "layout-reflow", "motion_strength": 1.0, "seed": 0, "source_coord_features": 1, "source_resolution": [1280, 736], "steps": 14000, "text_box_loss_weight": 0.0, "text_box_min_conf": 55.0, "text_box_padding": 0, "text_box_sample_ratio": 0.0, "text_boxes": "0 boxes", "time_bands": 4, "train_resolution": "1536x864", "video_layout_mode": "none", "video_viewport_mode": "static", "viewport_pan": 0.0, "viewport_zoom": 0.0}
{
  "canvas_type": "time-conditioned-latent-feature-grid-learned-flow-mlp-glyph-weighted-source-coord",
  "train_resolution": "1536x864",
  "steps": 14000,
  "batch_size": 131072,
  "channels": 32,
  "hidden": 160,
  "detail_channels": 0,
  "detail_hidden": 160,
  "detail_scale": 0.0,
  "detail_init_scale": 0.01,
  "source_coord_features": 1,
  "freq_bands": 10,
  "time_bands": 4,
  "lr": 0.01,
  "lr_schedule": "constant",
  "min_lr_ratio": 0.1,
  "grad_clip": 0.5,
  "l1_loss_weight": 0.0,
  "gradient_loss_weight": 0.0,
  "gradient_loss_ratio": 0.125,
  "gradient_loss_offset_px": 1.0,
  "seed": 0,
  "experiment_label": "c60-sourcecoord-target80-c32h160-s14000",
  "flow_scale": 0.1,
  "motion_mode": "layout-reflow",
  "motion_strength": 1.0,
  "video_viewport_mode": "static",
  "viewport_zoom": 0.0,
  "viewport_pan": 0.0,
  "video_layout_mode": "none",
  "layout_transform_strength": 0.0,
  "layout_transform_pan": 0.0,
  "layout_supersample": 1.0,
  "layout_region_count": 0,
  "element_scale_ratio": 0.25,
  "element_anchor_padding": 3,
  "element_mask_mode": "rectangle",
  "element_anchor_mode": "line",
  "element_render_mode": "sequential",
  "element_line_count": 0,
  "min_ocr_similarity": 0.55,
  "min_motion_delta": 0.045,
  "edge_sample_ratio": 0.09,
  "edge_loss_weight": 0.9,
  "text_box_sample_ratio": 0.0,
  "text_box_loss_weight": 0.0,
  "text_box_padding": 0,
  "layout_target_sampling": 1,
  "layout_target_weighting": 1,
  "layout_target_sampling_ratio": 0.8,
  "layout_target_pair_ratio": 0.0,
  "layout_target_pair_weight": 1.0,
  "layout_mid_time_ratio": 0.6,
  "layout_mid_time_width": 0.28,
  "layout_flow_loss_weight": 0.0,
  "layout_oracle_flow": 0,
  "text_box_count": 0,
  "text_mask_coverage": 0.0,
  "element_alpha_coverage": 0.0,
  "compile_ms": 270056.853103,
  "final_mse": 0.0016184501582756639,
  "losses": [
    {
      "step": 0,
      "mse": 0.22343195974826813
    },
    {
      "step": 700,
      "mse": 0.006879808846861124
    },
    {
      "step": 1400,
      "mse": 0.004824502393603325
    },
    {
      "step": 2100,
      "mse": 0.005086083896458149
    },
    {
      "step": 2800,
      "mse": 0.0034926189109683037
    },
    {
      "step": 3500,
      "mse": 0.002918205689638853
    },
    {
      "step": 4200,
      "mse": 0.002636753721162677
    },
    {
      "step": 4900,
      "mse": 0.0025099217891693115
    },
    {
      "step": 5600,
      "mse": 0.0024057242553681135
    },
    {
      "step": 6300,
      "mse": 0.0022663676645606756
    },
    {
      "step": 7000,
      "mse": 0.0021031489595770836
    },
    {
      "step": 7700,
      "mse": 0.0020575132220983505
    },
    {
      "step": 8400,
      "mse": 0.0019413037225604057
    },
    {
      "step": 9100,
      "mse": 0.0018796378280967474
    },
    {
      "step": 9800,
      "mse": 0.0017945381114259362
    },
    {
      "step": 10500,
      "mse": 0.0017654341645538807
    },
    {
      "step": 11200,
      "mse": 0.0018040586728602648
    },
    {
      "step": 11900,
      "mse": 0.0017498255474492908
    },
    {
      "step": 12600,
      "mse": 0.0016770241782069206
    },
    {
      "step": 13300,
      "mse": 0.0016073384322226048
    },
    {
      "step": 13999,
      "mse": 0.0016184501582756639
    }
  ],
  "render_times": {
    "render-960.png": 17.054410000014286,
    "render-mid.png": 17.1642570000472,
    "render-last.png": 17.157739000026595,
    "render-512.png": 4.691733000015574,
    "crop-2x.png": 16.83759099995541
  },
  "render_960_ms": 17.054410000014286,
  "render_33_wall_ms": 550.457836000021,
  "encode_ms": 266.51404699998693,
  "resize_consistency": 0.9994832560925335,
  "temporal_consistency": 0.9990570829249918,
  "motion_delta_model": 0.06663192063570023,
  "loop_error_model": 0.0009429170750081539,
  "description": "C4.7 neural canvas: learned full page layout reflow from x,y,t Learned warped/source coordinate features are included in the renderer MLP.",
  "run_id": "20260425T012651329150Z-c2-lite-glyph-layout-reflow-c60-sourcecoord-target80-c32h160-s14000-1536x864-s14000",
  "commit": "09204ef",
  "track": "C",
  "width": 960,
  "height": 544,
  "frames": 33,
  "fps": 24,
  "artifacts": {
    "input": "/Users/dennisonbertram/Develop/flipbook-research/outputs/track-c/20260425T012651329150Z-c2-lite-glyph-layout-reflow-c60-sourcecoord-target80-c32h160-s14000-1536x864-s14000/input.png",
    "render_960": "/Users/dennisonbertram/Develop/flipbook-research/outputs/track-c/20260425T012651329150Z-c2-lite-glyph-layout-reflow-c60-sourcecoord-target80-c32h160-s14000-1536x864-s14000/render-960.png",
    "render_mid": "/Users/dennisonbertram/Develop/flipbook-research/outputs/track-c/20260425T012651329150Z-c2-lite-glyph-layout-reflow-c60-sourcecoord-target80-c32h160-s14000-1536x864-s14000/render-mid.png",
    "render_last": "/Users/dennisonbertram/Develop/flipbook-research/outputs/track-c/20260425T012651329150Z-c2-lite-glyph-layout-reflow-c60-sourcecoord-target80-c32h160-s14000-1536x864-s14000/render-last.png",
    "render_512": "/Users/dennisonbertram/Develop/flipbook-research/outputs/track-c/20260425T012651329150Z-c2-lite-glyph-layout-reflow-c60-sourcecoord-target80-c32h160-s14000-1536x864-s14000/render-512.png",
    "crop_2x": "/Users/dennisonbertram/Develop/flipbook-research/outputs/track-c/20260425T012651329150Z-c2-lite-glyph-layout-reflow-c60-sourcecoord-target80-c32h160-s14000-1536x864-s14000/crop-2x.png",
    "text_mask": "/Users/dennisonbertram/Develop/flipbook-research/outputs/track-c/20260425T012651329150Z-c2-lite-glyph-layout-reflow-c60-sourcecoord-target80-c32h160-s14000-1536x864-s14000/text-mask.png",
    "element_alpha_mask": "/Users/dennisonbertram/Develop/flipbook-research/outputs/track-c/20260425T012651329150Z-c2-lite-glyph-layout-reflow-c60-sourcecoord-target80-c32h160-s14000-1536x864-s14000/element-alpha-mask.png",
    "target_mid": "/Users/dennisonbertram/Develop/flipbook-research/outputs/track-c/20260425T012651329150Z-c2-lite-glyph-layout-reflow-c60-sourcecoord-target80-c32h160-s14000-1536x864-s14000/target-mid.png",
    "text_boxes": "/Users/dennisonbertram/Develop/flipbook-research/outputs/track-c/20260425T012651329150Z-c2-lite-glyph-layout-reflow-c60-sourcecoord-target80-c32h160-s14000-1536x864-s14000/text-boxes.json",
    "output": "/Users/dennisonbertram/Develop/flipbook-research/outputs/track-c/20260425T012651329150Z-c2-lite-glyph-layout-reflow-c60-sourcecoord-target80-c32h160-s14000-1536x864-s14000/output.mp4",
    "metrics": "/Users/dennisonbertram/Develop/flipbook-research/outputs/track-c/20260425T012651329150Z-c2-lite-glyph-layout-reflow-c60-sourcecoord-target80-c32h160-s14000-1536x864-s14000/metrics.json",
    "quality": "/Users/dennisonbertram/Develop/flipbook-research/outputs/track-c/20260425T012651329150Z-c2-lite-glyph-layout-reflow-c60-sourcecoord-target80-c32h160-s14000-1536x864-s14000/quality.json"
  },
  "ocr_similarity": 0.5176470588235293,
  "layout_similarity": 0.9994832560925335,
  "motion_delta": 0.05141044780611992,
  "loop_error": 0.0006587009993381798,
  "status": "near_miss"
}
DONE 20260425T012651329150Z-c2-lite-glyph-layout-reflow-c60-sourcecoord-target80-c32h160-s14000-1536x864-s14000 quality=0.5176 motion=0.0514
Stopping app - local entrypoint completed.
✓ App completed. View run at 
https://modal.com/apps/dennisonbertram/main/ap-MRtRsfbZHVDCxb5iNB9pFX
