✓ Initialized. View run at 
https://modal.com/apps/dennisonbertram/main/ap-ikcPc6PykY4A7keUv3yD03
✓ Created objects.
├── 🔨 Created mount 
│   /Users/dennisonbertram/Develop/flipbook-research/scripts/track_c/modal_canva
│   s_c2_lite.py
└── 🔨 Created function train_and_render_motion.
START 20260425T013721086734Z-c2-lite-glyph-layout-reflow-c61-sourcecoord-target60-seed2-c32h160-s14000-1536x864-s14000 config={"batch_size": 131072, "channels": 32, "detail_channels": 0, "detail_hidden": 160, "detail_init_scale": 0.01, "detail_scale": 0.0, "edge_loss_weight": 0.9, "edge_sample_ratio": 0.09, "element_anchor_mode": "line", "element_anchor_padding": 3, "element_mask_mode": "rectangle", "element_render_mode": "sequential", "element_scale_ratio": 0.25, "experiment_label": "c61-sourcecoord-target60-seed2-c32h160-s14000", "flow_scale": 0.1, "fps": 24, "frames": 33, "freq_bands": 10, "grad_clip": 0.5, "gradient_loss_offset_px": 1.0, "gradient_loss_ratio": 0.125, "gradient_loss_weight": 0.0, "hidden": 160, "l1_loss_weight": 0.0, "layout_flow_loss_weight": 0.0, "layout_mid_time_ratio": 0.6, "layout_mid_time_width": 0.28, "layout_oracle_flow": 0, "layout_supersample": 1.0, "layout_target_pair_ratio": 0.0, "layout_target_pair_weight": 1.0, "layout_target_sampling": 1, "layout_target_sampling_ratio": 0.6, "layout_target_weighting": 1, "layout_transform_pan": 0.0, "layout_transform_strength": 0.0, "lr": 0.01, "lr_schedule": "constant", "min_lr_ratio": 0.1, "min_motion_delta": 0.045, "min_ocr_similarity": 0.55, "motion_mode": "layout-reflow", "motion_strength": 1.0, "seed": 2, "source_coord_features": 1, "source_resolution": [1280, 736], "steps": 14000, "text_box_loss_weight": 0.0, "text_box_min_conf": 55.0, "text_box_padding": 0, "text_box_sample_ratio": 0.0, "text_boxes": "0 boxes", "time_bands": 4, "train_resolution": "1536x864", "video_layout_mode": "none", "video_viewport_mode": "static", "viewport_pan": 0.0, "viewport_zoom": 0.0}
{
  "canvas_type": "time-conditioned-latent-feature-grid-learned-flow-mlp-glyph-weighted-source-coord",
  "train_resolution": "1536x864",
  "steps": 14000,
  "batch_size": 131072,
  "channels": 32,
  "hidden": 160,
  "detail_channels": 0,
  "detail_hidden": 160,
  "detail_scale": 0.0,
  "detail_init_scale": 0.01,
  "source_coord_features": 1,
  "freq_bands": 10,
  "time_bands": 4,
  "lr": 0.01,
  "lr_schedule": "constant",
  "min_lr_ratio": 0.1,
  "grad_clip": 0.5,
  "l1_loss_weight": 0.0,
  "gradient_loss_weight": 0.0,
  "gradient_loss_ratio": 0.125,
  "gradient_loss_offset_px": 1.0,
  "seed": 2,
  "experiment_label": "c61-sourcecoord-target60-seed2-c32h160-s14000",
  "flow_scale": 0.1,
  "motion_mode": "layout-reflow",
  "motion_strength": 1.0,
  "video_viewport_mode": "static",
  "viewport_zoom": 0.0,
  "viewport_pan": 0.0,
  "video_layout_mode": "none",
  "layout_transform_strength": 0.0,
  "layout_transform_pan": 0.0,
  "layout_supersample": 1.0,
  "layout_region_count": 0,
  "element_scale_ratio": 0.25,
  "element_anchor_padding": 3,
  "element_mask_mode": "rectangle",
  "element_anchor_mode": "line",
  "element_render_mode": "sequential",
  "element_line_count": 0,
  "min_ocr_similarity": 0.55,
  "min_motion_delta": 0.045,
  "edge_sample_ratio": 0.09,
  "edge_loss_weight": 0.9,
  "text_box_sample_ratio": 0.0,
  "text_box_loss_weight": 0.0,
  "text_box_padding": 0,
  "layout_target_sampling": 1,
  "layout_target_weighting": 1,
  "layout_target_sampling_ratio": 0.6,
  "layout_target_pair_ratio": 0.0,
  "layout_target_pair_weight": 1.0,
  "layout_mid_time_ratio": 0.6,
  "layout_mid_time_width": 0.28,
  "layout_flow_loss_weight": 0.0,
  "layout_oracle_flow": 0,
  "text_box_count": 0,
  "text_mask_coverage": 0.0,
  "element_alpha_coverage": 0.0,
  "compile_ms": 270032.281346,
  "final_mse": 0.0016526536783203483,
  "losses": [
    {
      "step": 0,
      "mse": 0.22543086111545563
    },
    {
      "step": 700,
      "mse": 0.006360206287354231
    },
    {
      "step": 1400,
      "mse": 0.0043654609471559525
    },
    {
      "step": 2100,
      "mse": 0.003534951712936163
    },
    {
      "step": 2800,
      "mse": 0.0031526072416454554
    },
    {
      "step": 3500,
      "mse": 0.0027107796631753445
    },
    {
      "step": 4200,
      "mse": 0.0025518322363495827
    },
    {
      "step": 4900,
      "mse": 0.002443040255457163
    },
    {
      "step": 5600,
      "mse": 0.0023172320798039436
    },
    {
      "step": 6300,
      "mse": 0.0021907908376306295
    },
    {
      "step": 7000,
      "mse": 0.002032546792179346
    },
    {
      "step": 7700,
      "mse": 0.00210931827314198
    },
    {
      "step": 8400,
      "mse": 0.0019610740710049868
    },
    {
      "step": 9100,
      "mse": 0.0019182856194674969
    },
    {
      "step": 9800,
      "mse": 0.0019122250378131866
    },
    {
      "step": 10500,
      "mse": 0.0017673175316303968
    },
    {
      "step": 11200,
      "mse": 0.001823419937863946
    },
    {
      "step": 11900,
      "mse": 0.0017366865649819374
    },
    {
      "step": 12600,
      "mse": 0.0017024539411067963
    },
    {
      "step": 13300,
      "mse": 0.0017644716426730156
    },
    {
      "step": 13999,
      "mse": 0.0016526536783203483
    }
  ],
  "render_times": {
    "render-960.png": 17.108230999951957,
    "render-mid.png": 17.12781300000188,
    "render-last.png": 16.94698099998959,
    "render-512.png": 4.524036000020715,
    "crop-2x.png": 16.803363000008176
  },
  "render_960_ms": 17.108230999951957,
  "render_33_wall_ms": 550.3313719999596,
  "encode_ms": 267.2860580000247,
  "resize_consistency": 0.9994737875475328,
  "temporal_consistency": 0.9990635126596317,
  "motion_delta_model": 0.06400929391384125,
  "loop_error_model": 0.0009364873403683305,
  "description": "C4.7 neural canvas: learned full page layout reflow from x,y,t Learned warped/source coordinate features are included in the renderer MLP.",
  "run_id": "20260425T013721086734Z-c2-lite-glyph-layout-reflow-c61-sourcecoord-target60-seed2-c32h160-s14000-1536x864-s14000",
  "commit": "6780266",
  "track": "C",
  "width": 960,
  "height": 544,
  "frames": 33,
  "fps": 24,
  "artifacts": {
    "input": "/Users/dennisonbertram/Develop/flipbook-research/outputs/track-c/20260425T013721086734Z-c2-lite-glyph-layout-reflow-c61-sourcecoord-target60-seed2-c32h160-s14000-1536x864-s14000/input.png",
    "render_960": "/Users/dennisonbertram/Develop/flipbook-research/outputs/track-c/20260425T013721086734Z-c2-lite-glyph-layout-reflow-c61-sourcecoord-target60-seed2-c32h160-s14000-1536x864-s14000/render-960.png",
    "render_mid": "/Users/dennisonbertram/Develop/flipbook-research/outputs/track-c/20260425T013721086734Z-c2-lite-glyph-layout-reflow-c61-sourcecoord-target60-seed2-c32h160-s14000-1536x864-s14000/render-mid.png",
    "render_last": "/Users/dennisonbertram/Develop/flipbook-research/outputs/track-c/20260425T013721086734Z-c2-lite-glyph-layout-reflow-c61-sourcecoord-target60-seed2-c32h160-s14000-1536x864-s14000/render-last.png",
    "render_512": "/Users/dennisonbertram/Develop/flipbook-research/outputs/track-c/20260425T013721086734Z-c2-lite-glyph-layout-reflow-c61-sourcecoord-target60-seed2-c32h160-s14000-1536x864-s14000/render-512.png",
    "crop_2x": "/Users/dennisonbertram/Develop/flipbook-research/outputs/track-c/20260425T013721086734Z-c2-lite-glyph-layout-reflow-c61-sourcecoord-target60-seed2-c32h160-s14000-1536x864-s14000/crop-2x.png",
    "text_mask": "/Users/dennisonbertram/Develop/flipbook-research/outputs/track-c/20260425T013721086734Z-c2-lite-glyph-layout-reflow-c61-sourcecoord-target60-seed2-c32h160-s14000-1536x864-s14000/text-mask.png",
    "element_alpha_mask": "/Users/dennisonbertram/Develop/flipbook-research/outputs/track-c/20260425T013721086734Z-c2-lite-glyph-layout-reflow-c61-sourcecoord-target60-seed2-c32h160-s14000-1536x864-s14000/element-alpha-mask.png",
    "target_mid": "/Users/dennisonbertram/Develop/flipbook-research/outputs/track-c/20260425T013721086734Z-c2-lite-glyph-layout-reflow-c61-sourcecoord-target60-seed2-c32h160-s14000-1536x864-s14000/target-mid.png",
    "text_boxes": "/Users/dennisonbertram/Develop/flipbook-research/outputs/track-c/20260425T013721086734Z-c2-lite-glyph-layout-reflow-c61-sourcecoord-target60-seed2-c32h160-s14000-1536x864-s14000/text-boxes.json",
    "output": "/Users/dennisonbertram/Develop/flipbook-research/outputs/track-c/20260425T013721086734Z-c2-lite-glyph-layout-reflow-c61-sourcecoord-target60-seed2-c32h160-s14000-1536x864-s14000/output.mp4",
    "metrics": "/Users/dennisonbertram/Develop/flipbook-research/outputs/track-c/20260425T013721086734Z-c2-lite-glyph-layout-reflow-c61-sourcecoord-target60-seed2-c32h160-s14000-1536x864-s14000/metrics.json",
    "quality": "/Users/dennisonbertram/Develop/flipbook-research/outputs/track-c/20260425T013721086734Z-c2-lite-glyph-layout-reflow-c61-sourcecoord-target60-seed2-c32h160-s14000-1536x864-s14000/quality.json"
  },
  "ocr_similarity": 0.5428571428571429,
  "layout_similarity": 0.9994737875475328,
  "motion_delta": 0.04858860746026039,
  "loop_error": 0.0006267399294301867,
  "status": "near_miss"
}
DONE 20260425T013721086734Z-c2-lite-glyph-layout-reflow-c61-sourcecoord-target60-seed2-c32h160-s14000-1536x864-s14000 quality=0.5429 motion=0.0486
Stopping app - local entrypoint completed.
✓ App completed. View run at 
https://modal.com/apps/dennisonbertram/main/ap-ikcPc6PykY4A7keUv3yD03
