✓ Initialized. View run at 
https://modal.com/apps/dennisonbertram/main/ap-d9B4MJW3pLED2MR0F5suw5
✓ Created objects.
├── 🔨 Created mount 
│   /Users/dennisonbertram/Develop/flipbook-research/scripts/track_c/modal_canva
│   s_c2_lite.py
└── 🔨 Created function train_and_render_motion.
START 20260425T013724088671Z-c2-lite-glyph-layout-reflow-c61-sourcecoord-target60-b196-s10000-1536x864-s10000 config={"batch_size": 196608, "channels": 32, "detail_channels": 0, "detail_hidden": 160, "detail_init_scale": 0.01, "detail_scale": 0.0, "edge_loss_weight": 0.9, "edge_sample_ratio": 0.09, "element_anchor_mode": "line", "element_anchor_padding": 3, "element_mask_mode": "rectangle", "element_render_mode": "sequential", "element_scale_ratio": 0.25, "experiment_label": "c61-sourcecoord-target60-b196-s10000", "flow_scale": 0.1, "fps": 24, "frames": 33, "freq_bands": 10, "grad_clip": 0.5, "gradient_loss_offset_px": 1.0, "gradient_loss_ratio": 0.125, "gradient_loss_weight": 0.0, "hidden": 160, "l1_loss_weight": 0.0, "layout_flow_loss_weight": 0.0, "layout_mid_time_ratio": 0.6, "layout_mid_time_width": 0.28, "layout_oracle_flow": 0, "layout_supersample": 1.0, "layout_target_pair_ratio": 0.0, "layout_target_pair_weight": 1.0, "layout_target_sampling": 1, "layout_target_sampling_ratio": 0.6, "layout_target_weighting": 1, "layout_transform_pan": 0.0, "layout_transform_strength": 0.0, "lr": 0.01, "lr_schedule": "constant", "min_lr_ratio": 0.1, "min_motion_delta": 0.045, "min_ocr_similarity": 0.55, "motion_mode": "layout-reflow", "motion_strength": 1.0, "seed": 0, "source_coord_features": 1, "source_resolution": [1280, 736], "steps": 10000, "text_box_loss_weight": 0.0, "text_box_min_conf": 55.0, "text_box_padding": 0, "text_box_sample_ratio": 0.0, "text_boxes": "0 boxes", "time_bands": 4, "train_resolution": "1536x864", "video_layout_mode": "none", "video_viewport_mode": "static", "viewport_pan": 0.0, "viewport_zoom": 0.0}
{
  "canvas_type": "time-conditioned-latent-feature-grid-learned-flow-mlp-glyph-weighted-source-coord",
  "train_resolution": "1536x864",
  "steps": 10000,
  "batch_size": 196608,
  "channels": 32,
  "hidden": 160,
  "detail_channels": 0,
  "detail_hidden": 160,
  "detail_scale": 0.0,
  "detail_init_scale": 0.01,
  "source_coord_features": 1,
  "freq_bands": 10,
  "time_bands": 4,
  "lr": 0.01,
  "lr_schedule": "constant",
  "min_lr_ratio": 0.1,
  "grad_clip": 0.5,
  "l1_loss_weight": 0.0,
  "gradient_loss_weight": 0.0,
  "gradient_loss_ratio": 0.125,
  "gradient_loss_offset_px": 1.0,
  "seed": 0,
  "experiment_label": "c61-sourcecoord-target60-b196-s10000",
  "flow_scale": 0.1,
  "motion_mode": "layout-reflow",
  "motion_strength": 1.0,
  "video_viewport_mode": "static",
  "viewport_zoom": 0.0,
  "viewport_pan": 0.0,
  "video_layout_mode": "none",
  "layout_transform_strength": 0.0,
  "layout_transform_pan": 0.0,
  "layout_supersample": 1.0,
  "layout_region_count": 0,
  "element_scale_ratio": 0.25,
  "element_anchor_padding": 3,
  "element_mask_mode": "rectangle",
  "element_anchor_mode": "line",
  "element_render_mode": "sequential",
  "element_line_count": 0,
  "min_ocr_similarity": 0.55,
  "min_motion_delta": 0.045,
  "edge_sample_ratio": 0.09,
  "edge_loss_weight": 0.9,
  "text_box_sample_ratio": 0.0,
  "text_box_loss_weight": 0.0,
  "text_box_padding": 0,
  "layout_target_sampling": 1,
  "layout_target_weighting": 1,
  "layout_target_sampling_ratio": 0.6,
  "layout_target_pair_ratio": 0.0,
  "layout_target_pair_weight": 1.0,
  "layout_mid_time_ratio": 0.6,
  "layout_mid_time_width": 0.28,
  "layout_flow_loss_weight": 0.0,
  "layout_oracle_flow": 0,
  "text_box_count": 0,
  "text_mask_coverage": 0.0,
  "element_alpha_coverage": 0.0,
  "compile_ms": 221999.64471800003,
  "final_mse": 0.0017123848665505648,
  "losses": [
    {
      "step": 0,
      "mse": 0.22393923997879028
    },
    {
      "step": 500,
      "mse": 0.00750614982098341
    },
    {
      "step": 1000,
      "mse": 0.005033336579799652
    },
    {
      "step": 1500,
      "mse": 0.003969556652009487
    },
    {
      "step": 2000,
      "mse": 0.0033106941264122725
    },
    {
      "step": 2500,
      "mse": 0.0029535747598856688
    },
    {
      "step": 3000,
      "mse": 0.0027564498595893383
    },
    {
      "step": 3500,
      "mse": 0.0025493591092526913
    },
    {
      "step": 4000,
      "mse": 0.0024656374007463455
    },
    {
      "step": 4500,
      "mse": 0.0021892106160521507
    },
    {
      "step": 5000,
      "mse": 0.0021638553589582443
    },
    {
      "step": 5500,
      "mse": 0.002085030311718583
    },
    {
      "step": 6000,
      "mse": 0.0020409957505762577
    },
    {
      "step": 6500,
      "mse": 0.0019168308936059475
    },
    {
      "step": 7000,
      "mse": 0.0019296053797006607
    },
    {
      "step": 7500,
      "mse": 0.0019039105391129851
    },
    {
      "step": 8000,
      "mse": 0.0017579884734004736
    },
    {
      "step": 8500,
      "mse": 0.0018043055897578597
    },
    {
      "step": 9000,
      "mse": 0.0016631828621029854
    },
    {
      "step": 9500,
      "mse": 0.0016731773503124714
    },
    {
      "step": 9999,
      "mse": 0.0017123848665505648
    }
  ],
  "render_times": {
    "render-960.png": 13.311635999997407,
    "render-mid.png": 13.187412000007726,
    "render-last.png": 13.180323000000271,
    "render-512.png": 3.6719689999813454,
    "crop-2x.png": 13.058104000009507
  },
  "render_960_ms": 13.311635999997407,
  "render_33_wall_ms": 426.01867799999127,
  "encode_ms": 286.70918899999265,
  "resize_consistency": 0.9994722731083184,
  "temporal_consistency": 0.9989371249685064,
  "motion_delta_model": 0.0664614662528038,
  "loop_error_model": 0.0010628750314936042,
  "description": "C4.7 neural canvas: learned full page layout reflow from x,y,t Learned warped/source coordinate features are included in the renderer MLP.",
  "run_id": "20260425T013724088671Z-c2-lite-glyph-layout-reflow-c61-sourcecoord-target60-b196-s10000-1536x864-s10000",
  "commit": "6780266",
  "track": "C",
  "width": 960,
  "height": 544,
  "frames": 33,
  "fps": 24,
  "artifacts": {
    "input": "/Users/dennisonbertram/Develop/flipbook-research/outputs/track-c/20260425T013724088671Z-c2-lite-glyph-layout-reflow-c61-sourcecoord-target60-b196-s10000-1536x864-s10000/input.png",
    "render_960": "/Users/dennisonbertram/Develop/flipbook-research/outputs/track-c/20260425T013724088671Z-c2-lite-glyph-layout-reflow-c61-sourcecoord-target60-b196-s10000-1536x864-s10000/render-960.png",
    "render_mid": "/Users/dennisonbertram/Develop/flipbook-research/outputs/track-c/20260425T013724088671Z-c2-lite-glyph-layout-reflow-c61-sourcecoord-target60-b196-s10000-1536x864-s10000/render-mid.png",
    "render_last": "/Users/dennisonbertram/Develop/flipbook-research/outputs/track-c/20260425T013724088671Z-c2-lite-glyph-layout-reflow-c61-sourcecoord-target60-b196-s10000-1536x864-s10000/render-last.png",
    "render_512": "/Users/dennisonbertram/Develop/flipbook-research/outputs/track-c/20260425T013724088671Z-c2-lite-glyph-layout-reflow-c61-sourcecoord-target60-b196-s10000-1536x864-s10000/render-512.png",
    "crop_2x": "/Users/dennisonbertram/Develop/flipbook-research/outputs/track-c/20260425T013724088671Z-c2-lite-glyph-layout-reflow-c61-sourcecoord-target60-b196-s10000-1536x864-s10000/crop-2x.png",
    "text_mask": "/Users/dennisonbertram/Develop/flipbook-research/outputs/track-c/20260425T013724088671Z-c2-lite-glyph-layout-reflow-c61-sourcecoord-target60-b196-s10000-1536x864-s10000/text-mask.png",
    "element_alpha_mask": "/Users/dennisonbertram/Develop/flipbook-research/outputs/track-c/20260425T013724088671Z-c2-lite-glyph-layout-reflow-c61-sourcecoord-target60-b196-s10000-1536x864-s10000/element-alpha-mask.png",
    "target_mid": "/Users/dennisonbertram/Develop/flipbook-research/outputs/track-c/20260425T013724088671Z-c2-lite-glyph-layout-reflow-c61-sourcecoord-target60-b196-s10000-1536x864-s10000/target-mid.png",
    "text_boxes": "/Users/dennisonbertram/Develop/flipbook-research/outputs/track-c/20260425T013724088671Z-c2-lite-glyph-layout-reflow-c61-sourcecoord-target60-b196-s10000-1536x864-s10000/text-boxes.json",
    "output": "/Users/dennisonbertram/Develop/flipbook-research/outputs/track-c/20260425T013724088671Z-c2-lite-glyph-layout-reflow-c61-sourcecoord-target60-b196-s10000-1536x864-s10000/output.mp4",
    "metrics": "/Users/dennisonbertram/Develop/flipbook-research/outputs/track-c/20260425T013724088671Z-c2-lite-glyph-layout-reflow-c61-sourcecoord-target60-b196-s10000-1536x864-s10000/metrics.json",
    "quality": "/Users/dennisonbertram/Develop/flipbook-research/outputs/track-c/20260425T013724088671Z-c2-lite-glyph-layout-reflow-c61-sourcecoord-target60-b196-s10000-1536x864-s10000/quality.json"
  },
  "ocr_similarity": 0.6077348066298343,
  "layout_similarity": 0.9994722731083184,
  "motion_delta": 0.05087297037243843,
  "loop_error": 0.0007073045126162469,
  "status": "pass"
}
DONE 20260425T013724088671Z-c2-lite-glyph-layout-reflow-c61-sourcecoord-target60-b196-s10000-1536x864-s10000 quality=0.6077 motion=0.0509
Stopping app - local entrypoint completed.
✓ App completed. View run at 
https://modal.com/apps/dennisonbertram/main/ap-d9B4MJW3pLED2MR0F5suw5
