✓ Initialized. View run at 
https://modal.com/apps/dennisonbertram/main/ap-9tp9jQC8efFjRIrUgshy6h
✓ Created objects.
├── 🔨 Created mount 
│   /Users/dennisonbertram/Develop/flipbook-research/scripts/track_c/modal_canva
│   s_c2_lite.py
└── 🔨 Created function train_and_render_motion.
START 20260425T014752151441Z-c2-lite-glyph-layout-reflow-c62-sourcecoord-target60-c24h128-b196-s10000-1536x864-s10000 config={"batch_size": 196608, "channels": 24, "detail_channels": 0, "detail_hidden": 128, "detail_init_scale": 0.01, "detail_scale": 0.0, "edge_loss_weight": 0.9, "edge_sample_ratio": 0.09, "element_anchor_mode": "line", "element_anchor_padding": 3, "element_mask_mode": "rectangle", "element_render_mode": "sequential", "element_scale_ratio": 0.25, "experiment_label": "c62-sourcecoord-target60-c24h128-b196-s10000", "flow_scale": 0.08, "fps": 24, "frames": 33, "freq_bands": 10, "grad_clip": 0.5, "gradient_loss_offset_px": 1.0, "gradient_loss_ratio": 0.125, "gradient_loss_weight": 0.0, "hidden": 128, "l1_loss_weight": 0.0, "layout_flow_loss_weight": 0.0, "layout_mid_time_ratio": 0.6, "layout_mid_time_width": 0.28, "layout_oracle_flow": 0, "layout_supersample": 1.0, "layout_target_pair_ratio": 0.0, "layout_target_pair_weight": 1.0, "layout_target_sampling": 1, "layout_target_sampling_ratio": 0.6, "layout_target_weighting": 1, "layout_transform_pan": 0.0, "layout_transform_strength": 0.0, "lr": 0.01, "lr_schedule": "constant", "min_lr_ratio": 0.1, "min_motion_delta": 0.045, "min_ocr_similarity": 0.55, "motion_mode": "layout-reflow", "motion_strength": 1.0, "seed": 0, "source_coord_features": 1, "source_resolution": [1280, 736], "steps": 10000, "text_box_loss_weight": 0.0, "text_box_min_conf": 55.0, "text_box_padding": 0, "text_box_sample_ratio": 0.0, "text_boxes": "0 boxes", "time_bands": 4, "train_resolution": "1536x864", "video_layout_mode": "none", "video_viewport_mode": "static", "viewport_pan": 0.0, "viewport_zoom": 0.0}
{
  "canvas_type": "time-conditioned-latent-feature-grid-learned-flow-mlp-glyph-weighted-source-coord",
  "train_resolution": "1536x864",
  "steps": 10000,
  "batch_size": 196608,
  "channels": 24,
  "hidden": 128,
  "detail_channels": 0,
  "detail_hidden": 128,
  "detail_scale": 0.0,
  "detail_init_scale": 0.01,
  "source_coord_features": 1,
  "freq_bands": 10,
  "time_bands": 4,
  "lr": 0.01,
  "lr_schedule": "constant",
  "min_lr_ratio": 0.1,
  "grad_clip": 0.5,
  "l1_loss_weight": 0.0,
  "gradient_loss_weight": 0.0,
  "gradient_loss_ratio": 0.125,
  "gradient_loss_offset_px": 1.0,
  "seed": 0,
  "experiment_label": "c62-sourcecoord-target60-c24h128-b196-s10000",
  "flow_scale": 0.08,
  "motion_mode": "layout-reflow",
  "motion_strength": 1.0,
  "video_viewport_mode": "static",
  "viewport_zoom": 0.0,
  "viewport_pan": 0.0,
  "video_layout_mode": "none",
  "layout_transform_strength": 0.0,
  "layout_transform_pan": 0.0,
  "layout_supersample": 1.0,
  "layout_region_count": 0,
  "element_scale_ratio": 0.25,
  "element_anchor_padding": 3,
  "element_mask_mode": "rectangle",
  "element_anchor_mode": "line",
  "element_render_mode": "sequential",
  "element_line_count": 0,
  "min_ocr_similarity": 0.55,
  "min_motion_delta": 0.045,
  "edge_sample_ratio": 0.09,
  "edge_loss_weight": 0.9,
  "text_box_sample_ratio": 0.0,
  "text_box_loss_weight": 0.0,
  "text_box_padding": 0,
  "layout_target_sampling": 1,
  "layout_target_weighting": 1,
  "layout_target_sampling_ratio": 0.6,
  "layout_target_pair_ratio": 0.0,
  "layout_target_pair_weight": 1.0,
  "layout_mid_time_ratio": 0.6,
  "layout_mid_time_width": 0.28,
  "layout_flow_loss_weight": 0.0,
  "layout_oracle_flow": 0,
  "text_box_count": 0,
  "text_mask_coverage": 0.0,
  "element_alpha_coverage": 0.0,
  "compile_ms": 212273.938502,
  "final_mse": 0.0016169034643098712,
  "losses": [
    {
      "step": 0,
      "mse": 0.22416619956493378
    },
    {
      "step": 500,
      "mse": 0.006675953045487404
    },
    {
      "step": 1000,
      "mse": 0.004723891615867615
    },
    {
      "step": 1500,
      "mse": 0.003733581630513072
    },
    {
      "step": 2000,
      "mse": 0.0031614317558705807
    },
    {
      "step": 2500,
      "mse": 0.002890080912038684
    },
    {
      "step": 3000,
      "mse": 0.002673617098480463
    },
    {
      "step": 3500,
      "mse": 0.0024870901834219694
    },
    {
      "step": 4000,
      "mse": 0.002322678454220295
    },
    {
      "step": 4500,
      "mse": 0.0021495274268090725
    },
    {
      "step": 5000,
      "mse": 0.0020640643779188395
    },
    {
      "step": 5500,
      "mse": 0.0020383920054882765
    },
    {
      "step": 6000,
      "mse": 0.0019370918162167072
    },
    {
      "step": 6500,
      "mse": 0.0018152709817513824
    },
    {
      "step": 7000,
      "mse": 0.0019535254687070847
    },
    {
      "step": 7500,
      "mse": 0.0018152077682316303
    },
    {
      "step": 8000,
      "mse": 0.0016987076960504055
    },
    {
      "step": 8500,
      "mse": 0.0017367014661431313
    },
    {
      "step": 9000,
      "mse": 0.001644743955694139
    },
    {
      "step": 9500,
      "mse": 0.0016326317563652992
    },
    {
      "step": 9999,
      "mse": 0.0016169034643098712
    }
  ],
  "render_times": {
    "render-960.png": 16.3485630000082,
    "render-mid.png": 15.558222999999316,
    "render-last.png": 15.570269999983566,
    "render-512.png": 3.809590000003027,
    "crop-2x.png": 15.41287099999522
  },
  "render_960_ms": 16.3485630000082,
  "render_33_wall_ms": 504.6743630000208,
  "encode_ms": 251.88980400000105,
  "resize_consistency": 0.99946331330695,
  "temporal_consistency": 0.998748081503436,
  "motion_delta_model": 0.06595578789710999,
  "loop_error_model": 0.0012519184965640306,
  "description": "C4.7 neural canvas: learned full page layout reflow from x,y,t Learned warped/source coordinate features are included in the renderer MLP.",
  "run_id": "20260425T014752151441Z-c2-lite-glyph-layout-reflow-c62-sourcecoord-target60-c24h128-b196-s10000-1536x864-s10000",
  "commit": "6200c61",
  "track": "C",
  "width": 960,
  "height": 544,
  "frames": 33,
  "fps": 24,
  "artifacts": {
    "input": "/Users/dennisonbertram/Develop/flipbook-research/outputs/track-c/20260425T014752151441Z-c2-lite-glyph-layout-reflow-c62-sourcecoord-target60-c24h128-b196-s10000-1536x864-s10000/input.png",
    "render_960": "/Users/dennisonbertram/Develop/flipbook-research/outputs/track-c/20260425T014752151441Z-c2-lite-glyph-layout-reflow-c62-sourcecoord-target60-c24h128-b196-s10000-1536x864-s10000/render-960.png",
    "render_mid": "/Users/dennisonbertram/Develop/flipbook-research/outputs/track-c/20260425T014752151441Z-c2-lite-glyph-layout-reflow-c62-sourcecoord-target60-c24h128-b196-s10000-1536x864-s10000/render-mid.png",
    "render_last": "/Users/dennisonbertram/Develop/flipbook-research/outputs/track-c/20260425T014752151441Z-c2-lite-glyph-layout-reflow-c62-sourcecoord-target60-c24h128-b196-s10000-1536x864-s10000/render-last.png",
    "render_512": "/Users/dennisonbertram/Develop/flipbook-research/outputs/track-c/20260425T014752151441Z-c2-lite-glyph-layout-reflow-c62-sourcecoord-target60-c24h128-b196-s10000-1536x864-s10000/render-512.png",
    "crop_2x": "/Users/dennisonbertram/Develop/flipbook-research/outputs/track-c/20260425T014752151441Z-c2-lite-glyph-layout-reflow-c62-sourcecoord-target60-c24h128-b196-s10000-1536x864-s10000/crop-2x.png",
    "text_mask": "/Users/dennisonbertram/Develop/flipbook-research/outputs/track-c/20260425T014752151441Z-c2-lite-glyph-layout-reflow-c62-sourcecoord-target60-c24h128-b196-s10000-1536x864-s10000/text-mask.png",
    "element_alpha_mask": "/Users/dennisonbertram/Develop/flipbook-research/outputs/track-c/20260425T014752151441Z-c2-lite-glyph-layout-reflow-c62-sourcecoord-target60-c24h128-b196-s10000-1536x864-s10000/element-alpha-mask.png",
    "target_mid": "/Users/dennisonbertram/Develop/flipbook-research/outputs/track-c/20260425T014752151441Z-c2-lite-glyph-layout-reflow-c62-sourcecoord-target60-c24h128-b196-s10000-1536x864-s10000/target-mid.png",
    "text_boxes": "/Users/dennisonbertram/Develop/flipbook-research/outputs/track-c/20260425T014752151441Z-c2-lite-glyph-layout-reflow-c62-sourcecoord-target60-c24h128-b196-s10000-1536x864-s10000/text-boxes.json",
    "output": "/Users/dennisonbertram/Develop/flipbook-research/outputs/track-c/20260425T014752151441Z-c2-lite-glyph-layout-reflow-c62-sourcecoord-target60-c24h128-b196-s10000-1536x864-s10000/output.mp4",
    "metrics": "/Users/dennisonbertram/Develop/flipbook-research/outputs/track-c/20260425T014752151441Z-c2-lite-glyph-layout-reflow-c62-sourcecoord-target60-c24h128-b196-s10000-1536x864-s10000/metrics.json",
    "quality": "/Users/dennisonbertram/Develop/flipbook-research/outputs/track-c/20260425T014752151441Z-c2-lite-glyph-layout-reflow-c62-sourcecoord-target60-c24h128-b196-s10000-1536x864-s10000/quality.json"
  },
  "ocr_similarity": 0.4285714285714286,
  "layout_similarity": 0.99946331330695,
  "motion_delta": 0.05067193880677223,
  "loop_error": 0.0008476307266391814,
  "status": "near_miss"
}
DONE 20260425T014752151441Z-c2-lite-glyph-layout-reflow-c62-sourcecoord-target60-c24h128-b196-s10000-1536x864-s10000 quality=0.4286 motion=0.0507
Stopping app - local entrypoint completed.
✓ App completed. View run at 
https://modal.com/apps/dennisonbertram/main/ap-9tp9jQC8efFjRIrUgshy6h
