✓ Initialized. View run at 
https://modal.com/apps/dennisonbertram/main/ap-GrK5blV3SpT8SI986BKrwV
✓ Created objects.
├── 🔨 Created mount 
│   /Users/dennisonbertram/Develop/flipbook-research/scripts/track_c/modal_canva
│   s_c2_lite.py
└── 🔨 Created function train_and_render_motion.
START 20260425T014748853363Z-c2-lite-glyph-layout-reflow-c62-sourcecoord-target60-c24h128-seed1-s12000-1536x864-s12000 config={"batch_size": 131072, "channels": 24, "detail_channels": 0, "detail_hidden": 128, "detail_init_scale": 0.01, "detail_scale": 0.0, "edge_loss_weight": 0.9, "edge_sample_ratio": 0.09, "element_anchor_mode": "line", "element_anchor_padding": 3, "element_mask_mode": "rectangle", "element_render_mode": "sequential", "element_scale_ratio": 0.25, "experiment_label": "c62-sourcecoord-target60-c24h128-seed1-s12000", "flow_scale": 0.08, "fps": 24, "frames": 33, "freq_bands": 10, "grad_clip": 0.5, "gradient_loss_offset_px": 1.0, "gradient_loss_ratio": 0.125, "gradient_loss_weight": 0.0, "hidden": 128, "l1_loss_weight": 0.0, "layout_flow_loss_weight": 0.0, "layout_mid_time_ratio": 0.6, "layout_mid_time_width": 0.28, "layout_oracle_flow": 0, "layout_supersample": 1.0, "layout_target_pair_ratio": 0.0, "layout_target_pair_weight": 1.0, "layout_target_sampling": 1, "layout_target_sampling_ratio": 0.6, "layout_target_weighting": 1, "layout_transform_pan": 0.0, "layout_transform_strength": 0.0, "lr": 0.01, "lr_schedule": "constant", "min_lr_ratio": 0.1, "min_motion_delta": 0.045, "min_ocr_similarity": 0.55, "motion_mode": "layout-reflow", "motion_strength": 1.0, "seed": 1, "source_coord_features": 1, "source_resolution": [1280, 736], "steps": 12000, "text_box_loss_weight": 0.0, "text_box_min_conf": 55.0, "text_box_padding": 0, "text_box_sample_ratio": 0.0, "text_boxes": "0 boxes", "time_bands": 4, "train_resolution": "1536x864", "video_layout_mode": "none", "video_viewport_mode": "static", "viewport_pan": 0.0, "viewport_zoom": 0.0}
{
  "canvas_type": "time-conditioned-latent-feature-grid-learned-flow-mlp-glyph-weighted-source-coord",
  "train_resolution": "1536x864",
  "steps": 12000,
  "batch_size": 131072,
  "channels": 24,
  "hidden": 128,
  "detail_channels": 0,
  "detail_hidden": 128,
  "detail_scale": 0.0,
  "detail_init_scale": 0.01,
  "source_coord_features": 1,
  "freq_bands": 10,
  "time_bands": 4,
  "lr": 0.01,
  "lr_schedule": "constant",
  "min_lr_ratio": 0.1,
  "grad_clip": 0.5,
  "l1_loss_weight": 0.0,
  "gradient_loss_weight": 0.0,
  "gradient_loss_ratio": 0.125,
  "gradient_loss_offset_px": 1.0,
  "seed": 1,
  "experiment_label": "c62-sourcecoord-target60-c24h128-seed1-s12000",
  "flow_scale": 0.08,
  "motion_mode": "layout-reflow",
  "motion_strength": 1.0,
  "video_viewport_mode": "static",
  "viewport_zoom": 0.0,
  "viewport_pan": 0.0,
  "video_layout_mode": "none",
  "layout_transform_strength": 0.0,
  "layout_transform_pan": 0.0,
  "layout_supersample": 1.0,
  "layout_region_count": 0,
  "element_scale_ratio": 0.25,
  "element_anchor_padding": 3,
  "element_mask_mode": "rectangle",
  "element_anchor_mode": "line",
  "element_render_mode": "sequential",
  "element_line_count": 0,
  "min_ocr_similarity": 0.55,
  "min_motion_delta": 0.045,
  "edge_sample_ratio": 0.09,
  "edge_loss_weight": 0.9,
  "text_box_sample_ratio": 0.0,
  "text_box_loss_weight": 0.0,
  "text_box_padding": 0,
  "layout_target_sampling": 1,
  "layout_target_weighting": 1,
  "layout_target_sampling_ratio": 0.6,
  "layout_target_pair_ratio": 0.0,
  "layout_target_pair_weight": 1.0,
  "layout_mid_time_ratio": 0.6,
  "layout_mid_time_width": 0.28,
  "layout_flow_loss_weight": 0.0,
  "layout_oracle_flow": 0,
  "text_box_count": 0,
  "text_mask_coverage": 0.0,
  "element_alpha_coverage": 0.0,
  "compile_ms": 186529.64776000002,
  "final_mse": 0.0030378508381545544,
  "losses": [
    {
      "step": 0,
      "mse": 0.22295959293842316
    },
    {
      "step": 600,
      "mse": 0.006557781249284744
    },
    {
      "step": 1200,
      "mse": 0.00434653926640749
    },
    {
      "step": 1800,
      "mse": 0.0035514181945472956
    },
    {
      "step": 2400,
      "mse": 0.0029617296531796455
    },
    {
      "step": 3000,
      "mse": 0.0026408275589346886
    },
    {
      "step": 3600,
      "mse": 0.002437006449326873
    },
    {
      "step": 4200,
      "mse": 0.0022951546125113964
    },
    {
      "step": 4800,
      "mse": 0.0021869256161153316
    },
    {
      "step": 5400,
      "mse": 0.0021742372773587704
    },
    {
      "step": 6000,
      "mse": 0.001993900630623102
    },
    {
      "step": 6600,
      "mse": 0.0018791283946484327
    },
    {
      "step": 7200,
      "mse": 0.001786176348105073
    },
    {
      "step": 7800,
      "mse": 0.00201164442114532
    },
    {
      "step": 8400,
      "mse": 0.0017035084310919046
    },
    {
      "step": 9000,
      "mse": 0.005105024203658104
    },
    {
      "step": 9600,
      "mse": 0.0038594917859882116
    },
    {
      "step": 10200,
      "mse": 0.0052831461653113365
    },
    {
      "step": 10800,
      "mse": 0.0040610735304653645
    },
    {
      "step": 11400,
      "mse": 0.0035100136883556843
    },
    {
      "step": 11999,
      "mse": 0.0030378508381545544
    }
  ],
  "render_times": {
    "render-960.png": 18.21125600000073,
    "render-mid.png": 15.680021000008537,
    "render-last.png": 15.679540999997243,
    "render-512.png": 3.843484000014996,
    "crop-2x.png": 15.4932199999962
  },
  "render_960_ms": 18.21125600000073,
  "render_33_wall_ms": 505.05843599998457,
  "encode_ms": 242.38752700000532,
  "resize_consistency": 0.9993423914808532,
  "temporal_consistency": 0.9974234227556735,
  "motion_delta_model": 0.06382442265748978,
  "loop_error_model": 0.0025765772443264723,
  "description": "C4.7 neural canvas: learned full page layout reflow from x,y,t Learned warped/source coordinate features are included in the renderer MLP.",
  "run_id": "20260425T014748853363Z-c2-lite-glyph-layout-reflow-c62-sourcecoord-target60-c24h128-seed1-s12000-1536x864-s12000",
  "commit": "6200c61",
  "track": "C",
  "width": 960,
  "height": 544,
  "frames": 33,
  "fps": 24,
  "artifacts": {
    "input": "/Users/dennisonbertram/Develop/flipbook-research/outputs/track-c/20260425T014748853363Z-c2-lite-glyph-layout-reflow-c62-sourcecoord-target60-c24h128-seed1-s12000-1536x864-s12000/input.png",
    "render_960": "/Users/dennisonbertram/Develop/flipbook-research/outputs/track-c/20260425T014748853363Z-c2-lite-glyph-layout-reflow-c62-sourcecoord-target60-c24h128-seed1-s12000-1536x864-s12000/render-960.png",
    "render_mid": "/Users/dennisonbertram/Develop/flipbook-research/outputs/track-c/20260425T014748853363Z-c2-lite-glyph-layout-reflow-c62-sourcecoord-target60-c24h128-seed1-s12000-1536x864-s12000/render-mid.png",
    "render_last": "/Users/dennisonbertram/Develop/flipbook-research/outputs/track-c/20260425T014748853363Z-c2-lite-glyph-layout-reflow-c62-sourcecoord-target60-c24h128-seed1-s12000-1536x864-s12000/render-last.png",
    "render_512": "/Users/dennisonbertram/Develop/flipbook-research/outputs/track-c/20260425T014748853363Z-c2-lite-glyph-layout-reflow-c62-sourcecoord-target60-c24h128-seed1-s12000-1536x864-s12000/render-512.png",
    "crop_2x": "/Users/dennisonbertram/Develop/flipbook-research/outputs/track-c/20260425T014748853363Z-c2-lite-glyph-layout-reflow-c62-sourcecoord-target60-c24h128-seed1-s12000-1536x864-s12000/crop-2x.png",
    "text_mask": "/Users/dennisonbertram/Develop/flipbook-research/outputs/track-c/20260425T014748853363Z-c2-lite-glyph-layout-reflow-c62-sourcecoord-target60-c24h128-seed1-s12000-1536x864-s12000/text-mask.png",
    "element_alpha_mask": "/Users/dennisonbertram/Develop/flipbook-research/outputs/track-c/20260425T014748853363Z-c2-lite-glyph-layout-reflow-c62-sourcecoord-target60-c24h128-seed1-s12000-1536x864-s12000/element-alpha-mask.png",
    "target_mid": "/Users/dennisonbertram/Develop/flipbook-research/outputs/track-c/20260425T014748853363Z-c2-lite-glyph-layout-reflow-c62-sourcecoord-target60-c24h128-seed1-s12000-1536x864-s12000/target-mid.png",
    "text_boxes": "/Users/dennisonbertram/Develop/flipbook-research/outputs/track-c/20260425T014748853363Z-c2-lite-glyph-layout-reflow-c62-sourcecoord-target60-c24h128-seed1-s12000-1536x864-s12000/text-boxes.json",
    "output": "/Users/dennisonbertram/Develop/flipbook-research/outputs/track-c/20260425T014748853363Z-c2-lite-glyph-layout-reflow-c62-sourcecoord-target60-c24h128-seed1-s12000-1536x864-s12000/output.mp4",
    "metrics": "/Users/dennisonbertram/Develop/flipbook-research/outputs/track-c/20260425T014748853363Z-c2-lite-glyph-layout-reflow-c62-sourcecoord-target60-c24h128-seed1-s12000-1536x864-s12000/metrics.json",
    "quality": "/Users/dennisonbertram/Develop/flipbook-research/outputs/track-c/20260425T014748853363Z-c2-lite-glyph-layout-reflow-c62-sourcecoord-target60-c24h128-seed1-s12000-1536x864-s12000/quality.json"
  },
  "ocr_similarity": 0.440251572327044,
  "layout_similarity": 0.9993423914808532,
  "motion_delta": 0.049357373267412186,
  "loop_error": 0.0014826918486505747,
  "status": "near_miss"
}
DONE 20260425T014748853363Z-c2-lite-glyph-layout-reflow-c62-sourcecoord-target60-c24h128-seed1-s12000-1536x864-s12000 quality=0.4403 motion=0.0494
Stopping app - local entrypoint completed.
✓ App completed. View run at 
https://modal.com/apps/dennisonbertram/main/ap-GrK5blV3SpT8SI986BKrwV
