✓ Initialized. View run at 
https://modal.com/apps/dennisonbertram/main/ap-bJqCLmCFG0HLyWs6tdHHJZ
✓ Created objects.
├── 🔨 Created mount 
│   /Users/dennisonbertram/Develop/flipbook-research/scripts/track_c/modal_canva
│   s_c2_lite.py
└── 🔨 Created function train_and_render_motion.
START 20260425T014752154957Z-c2-lite-glyph-layout-reflow-c62-sourcecoord-target60-c24h128-seed2-s12000-1536x864-s12000 config={"batch_size": 131072, "channels": 24, "detail_channels": 0, "detail_hidden": 128, "detail_init_scale": 0.01, "detail_scale": 0.0, "edge_loss_weight": 0.9, "edge_sample_ratio": 0.09, "element_anchor_mode": "line", "element_anchor_padding": 3, "element_mask_mode": "rectangle", "element_render_mode": "sequential", "element_scale_ratio": 0.25, "experiment_label": "c62-sourcecoord-target60-c24h128-seed2-s12000", "flow_scale": 0.08, "fps": 24, "frames": 33, "freq_bands": 10, "grad_clip": 0.5, "gradient_loss_offset_px": 1.0, "gradient_loss_ratio": 0.125, "gradient_loss_weight": 0.0, "hidden": 128, "l1_loss_weight": 0.0, "layout_flow_loss_weight": 0.0, "layout_mid_time_ratio": 0.6, "layout_mid_time_width": 0.28, "layout_oracle_flow": 0, "layout_supersample": 1.0, "layout_target_pair_ratio": 0.0, "layout_target_pair_weight": 1.0, "layout_target_sampling": 1, "layout_target_sampling_ratio": 0.6, "layout_target_weighting": 1, "layout_transform_pan": 0.0, "layout_transform_strength": 0.0, "lr": 0.01, "lr_schedule": "constant", "min_lr_ratio": 0.1, "min_motion_delta": 0.045, "min_ocr_similarity": 0.55, "motion_mode": "layout-reflow", "motion_strength": 1.0, "seed": 2, "source_coord_features": 1, "source_resolution": [1280, 736], "steps": 12000, "text_box_loss_weight": 0.0, "text_box_min_conf": 55.0, "text_box_padding": 0, "text_box_sample_ratio": 0.0, "text_boxes": "0 boxes", "time_bands": 4, "train_resolution": "1536x864", "video_layout_mode": "none", "video_viewport_mode": "static", "viewport_pan": 0.0, "viewport_zoom": 0.0}
{
  "canvas_type": "time-conditioned-latent-feature-grid-learned-flow-mlp-glyph-weighted-source-coord",
  "train_resolution": "1536x864",
  "steps": 12000,
  "batch_size": 131072,
  "channels": 24,
  "hidden": 128,
  "detail_channels": 0,
  "detail_hidden": 128,
  "detail_scale": 0.0,
  "detail_init_scale": 0.01,
  "source_coord_features": 1,
  "freq_bands": 10,
  "time_bands": 4,
  "lr": 0.01,
  "lr_schedule": "constant",
  "min_lr_ratio": 0.1,
  "grad_clip": 0.5,
  "l1_loss_weight": 0.0,
  "gradient_loss_weight": 0.0,
  "gradient_loss_ratio": 0.125,
  "gradient_loss_offset_px": 1.0,
  "seed": 2,
  "experiment_label": "c62-sourcecoord-target60-c24h128-seed2-s12000",
  "flow_scale": 0.08,
  "motion_mode": "layout-reflow",
  "motion_strength": 1.0,
  "video_viewport_mode": "static",
  "viewport_zoom": 0.0,
  "viewport_pan": 0.0,
  "video_layout_mode": "none",
  "layout_transform_strength": 0.0,
  "layout_transform_pan": 0.0,
  "layout_supersample": 1.0,
  "layout_region_count": 0,
  "element_scale_ratio": 0.25,
  "element_anchor_padding": 3,
  "element_mask_mode": "rectangle",
  "element_anchor_mode": "line",
  "element_render_mode": "sequential",
  "element_line_count": 0,
  "min_ocr_similarity": 0.55,
  "min_motion_delta": 0.045,
  "edge_sample_ratio": 0.09,
  "edge_loss_weight": 0.9,
  "text_box_sample_ratio": 0.0,
  "text_box_loss_weight": 0.0,
  "text_box_padding": 0,
  "layout_target_sampling": 1,
  "layout_target_weighting": 1,
  "layout_target_sampling_ratio": 0.6,
  "layout_target_pair_ratio": 0.0,
  "layout_target_pair_weight": 1.0,
  "layout_mid_time_ratio": 0.6,
  "layout_mid_time_width": 0.28,
  "layout_flow_loss_weight": 0.0,
  "layout_oracle_flow": 0,
  "text_box_count": 0,
  "text_mask_coverage": 0.0,
  "element_alpha_coverage": 0.0,
  "compile_ms": 186325.50830999998,
  "final_mse": 0.0019097707699984312,
  "losses": [
    {
      "step": 0,
      "mse": 0.2247147262096405
    },
    {
      "step": 600,
      "mse": 0.008287973701953888
    },
    {
      "step": 1200,
      "mse": 0.005891555920243263
    },
    {
      "step": 1800,
      "mse": 0.004509954247623682
    },
    {
      "step": 2400,
      "mse": 0.004179457202553749
    },
    {
      "step": 3000,
      "mse": 0.0037005902267992496
    },
    {
      "step": 3600,
      "mse": 0.0035070665180683136
    },
    {
      "step": 4200,
      "mse": 0.0032677198760211468
    },
    {
      "step": 4800,
      "mse": 0.002915934892371297
    },
    {
      "step": 5400,
      "mse": 0.002899421378970146
    },
    {
      "step": 6000,
      "mse": 0.0028142565861344337
    },
    {
      "step": 6600,
      "mse": 0.002692145062610507
    },
    {
      "step": 7200,
      "mse": 0.002609449904412031
    },
    {
      "step": 7800,
      "mse": 0.0024949710350483656
    },
    {
      "step": 8400,
      "mse": 0.0022911052219569683
    },
    {
      "step": 9000,
      "mse": 0.0022463034838438034
    },
    {
      "step": 9600,
      "mse": 0.0022500171326100826
    },
    {
      "step": 10200,
      "mse": 0.0021241200156509876
    },
    {
      "step": 10800,
      "mse": 0.002089845482259989
    },
    {
      "step": 11400,
      "mse": 0.001967506017535925
    },
    {
      "step": 11999,
      "mse": 0.0019097707699984312
    }
  ],
  "render_times": {
    "render-960.png": 16.299567000004345,
    "render-mid.png": 15.77550800001859,
    "render-last.png": 15.795453999999154,
    "render-512.png": 3.9889230000085263,
    "crop-2x.png": 15.583216000010225
  },
  "render_960_ms": 16.299567000004345,
  "render_33_wall_ms": 504.8179479999817,
  "encode_ms": 260.47376600001826,
  "resize_consistency": 0.9993873595018105,
  "temporal_consistency": 0.9978598465677351,
  "motion_delta_model": 0.06765327602624893,
  "loop_error_model": 0.002140153432264924,
  "description": "C4.7 neural canvas: learned full page layout reflow from x,y,t Learned warped/source coordinate features are included in the renderer MLP.",
  "run_id": "20260425T014752154957Z-c2-lite-glyph-layout-reflow-c62-sourcecoord-target60-c24h128-seed2-s12000-1536x864-s12000",
  "commit": "6200c61",
  "track": "C",
  "width": 960,
  "height": 544,
  "frames": 33,
  "fps": 24,
  "artifacts": {
    "input": "/Users/dennisonbertram/Develop/flipbook-research/outputs/track-c/20260425T014752154957Z-c2-lite-glyph-layout-reflow-c62-sourcecoord-target60-c24h128-seed2-s12000-1536x864-s12000/input.png",
    "render_960": "/Users/dennisonbertram/Develop/flipbook-research/outputs/track-c/20260425T014752154957Z-c2-lite-glyph-layout-reflow-c62-sourcecoord-target60-c24h128-seed2-s12000-1536x864-s12000/render-960.png",
    "render_mid": "/Users/dennisonbertram/Develop/flipbook-research/outputs/track-c/20260425T014752154957Z-c2-lite-glyph-layout-reflow-c62-sourcecoord-target60-c24h128-seed2-s12000-1536x864-s12000/render-mid.png",
    "render_last": "/Users/dennisonbertram/Develop/flipbook-research/outputs/track-c/20260425T014752154957Z-c2-lite-glyph-layout-reflow-c62-sourcecoord-target60-c24h128-seed2-s12000-1536x864-s12000/render-last.png",
    "render_512": "/Users/dennisonbertram/Develop/flipbook-research/outputs/track-c/20260425T014752154957Z-c2-lite-glyph-layout-reflow-c62-sourcecoord-target60-c24h128-seed2-s12000-1536x864-s12000/render-512.png",
    "crop_2x": "/Users/dennisonbertram/Develop/flipbook-research/outputs/track-c/20260425T014752154957Z-c2-lite-glyph-layout-reflow-c62-sourcecoord-target60-c24h128-seed2-s12000-1536x864-s12000/crop-2x.png",
    "text_mask": "/Users/dennisonbertram/Develop/flipbook-research/outputs/track-c/20260425T014752154957Z-c2-lite-glyph-layout-reflow-c62-sourcecoord-target60-c24h128-seed2-s12000-1536x864-s12000/text-mask.png",
    "element_alpha_mask": "/Users/dennisonbertram/Develop/flipbook-research/outputs/track-c/20260425T014752154957Z-c2-lite-glyph-layout-reflow-c62-sourcecoord-target60-c24h128-seed2-s12000-1536x864-s12000/element-alpha-mask.png",
    "target_mid": "/Users/dennisonbertram/Develop/flipbook-research/outputs/track-c/20260425T014752154957Z-c2-lite-glyph-layout-reflow-c62-sourcecoord-target60-c24h128-seed2-s12000-1536x864-s12000/target-mid.png",
    "text_boxes": "/Users/dennisonbertram/Develop/flipbook-research/outputs/track-c/20260425T014752154957Z-c2-lite-glyph-layout-reflow-c62-sourcecoord-target60-c24h128-seed2-s12000-1536x864-s12000/text-boxes.json",
    "output": "/Users/dennisonbertram/Develop/flipbook-research/outputs/track-c/20260425T014752154957Z-c2-lite-glyph-layout-reflow-c62-sourcecoord-target60-c24h128-seed2-s12000-1536x864-s12000/output.mp4",
    "metrics": "/Users/dennisonbertram/Develop/flipbook-research/outputs/track-c/20260425T014752154957Z-c2-lite-glyph-layout-reflow-c62-sourcecoord-target60-c24h128-seed2-s12000-1536x864-s12000/metrics.json",
    "quality": "/Users/dennisonbertram/Develop/flipbook-research/outputs/track-c/20260425T014752154957Z-c2-lite-glyph-layout-reflow-c62-sourcecoord-target60-c24h128-seed2-s12000-1536x864-s12000/quality.json"
  },
  "ocr_similarity": 0.6633663366336635,
  "layout_similarity": 0.9993873595018105,
  "motion_delta": 0.05233807489275932,
  "loop_error": 0.0018227276159450412,
  "status": "pass"
}
DONE 20260425T014752154957Z-c2-lite-glyph-layout-reflow-c62-sourcecoord-target60-c24h128-seed2-s12000-1536x864-s12000 quality=0.6634 motion=0.0523
Stopping app - local entrypoint completed.
✓ App completed. View run at 
https://modal.com/apps/dennisonbertram/main/ap-bJqCLmCFG0HLyWs6tdHHJZ
