✓ Initialized. View run at 
https://modal.com/apps/dennisonbertram/main/ap-g5828o2IRffgE5lBSJS2Dn
✓ Created objects.
├── 🔨 Created mount 
│   /Users/dennisonbertram/Develop/flipbook-research/scripts/track_c/modal_canva
│   s_c2_lite.py
└── 🔨 Created function train_and_render_motion.
START 20260425T014742758257Z-c2-lite-glyph-layout-reflow-c62-sourcecoord-target60-b196-seed2-s10000-1536x864-s10000 config={"batch_size": 196608, "channels": 32, "detail_channels": 0, "detail_hidden": 160, "detail_init_scale": 0.01, "detail_scale": 0.0, "edge_loss_weight": 0.9, "edge_sample_ratio": 0.09, "element_anchor_mode": "line", "element_anchor_padding": 3, "element_mask_mode": "rectangle", "element_render_mode": "sequential", "element_scale_ratio": 0.25, "experiment_label": "c62-sourcecoord-target60-b196-seed2-s10000", "flow_scale": 0.1, "fps": 24, "frames": 33, "freq_bands": 10, "grad_clip": 0.5, "gradient_loss_offset_px": 1.0, "gradient_loss_ratio": 0.125, "gradient_loss_weight": 0.0, "hidden": 160, "l1_loss_weight": 0.0, "layout_flow_loss_weight": 0.0, "layout_mid_time_ratio": 0.6, "layout_mid_time_width": 0.28, "layout_oracle_flow": 0, "layout_supersample": 1.0, "layout_target_pair_ratio": 0.0, "layout_target_pair_weight": 1.0, "layout_target_sampling": 1, "layout_target_sampling_ratio": 0.6, "layout_target_weighting": 1, "layout_transform_pan": 0.0, "layout_transform_strength": 0.0, "lr": 0.01, "lr_schedule": "constant", "min_lr_ratio": 0.1, "min_motion_delta": 0.045, "min_ocr_similarity": 0.55, "motion_mode": "layout-reflow", "motion_strength": 1.0, "seed": 2, "source_coord_features": 1, "source_resolution": [1280, 736], "steps": 10000, "text_box_loss_weight": 0.0, "text_box_min_conf": 55.0, "text_box_padding": 0, "text_box_sample_ratio": 0.0, "text_boxes": "0 boxes", "time_bands": 4, "train_resolution": "1536x864", "video_layout_mode": "none", "video_viewport_mode": "static", "viewport_pan": 0.0, "viewport_zoom": 0.0}
{
  "canvas_type": "time-conditioned-latent-feature-grid-learned-flow-mlp-glyph-weighted-source-coord",
  "train_resolution": "1536x864",
  "steps": 10000,
  "batch_size": 196608,
  "channels": 32,
  "hidden": 160,
  "detail_channels": 0,
  "detail_hidden": 160,
  "detail_scale": 0.0,
  "detail_init_scale": 0.01,
  "source_coord_features": 1,
  "freq_bands": 10,
  "time_bands": 4,
  "lr": 0.01,
  "lr_schedule": "constant",
  "min_lr_ratio": 0.1,
  "grad_clip": 0.5,
  "l1_loss_weight": 0.0,
  "gradient_loss_weight": 0.0,
  "gradient_loss_ratio": 0.125,
  "gradient_loss_offset_px": 1.0,
  "seed": 2,
  "experiment_label": "c62-sourcecoord-target60-b196-seed2-s10000",
  "flow_scale": 0.1,
  "motion_mode": "layout-reflow",
  "motion_strength": 1.0,
  "video_viewport_mode": "static",
  "viewport_zoom": 0.0,
  "viewport_pan": 0.0,
  "video_layout_mode": "none",
  "layout_transform_strength": 0.0,
  "layout_transform_pan": 0.0,
  "layout_supersample": 1.0,
  "layout_region_count": 0,
  "element_scale_ratio": 0.25,
  "element_anchor_padding": 3,
  "element_mask_mode": "rectangle",
  "element_anchor_mode": "line",
  "element_render_mode": "sequential",
  "element_line_count": 0,
  "min_ocr_similarity": 0.55,
  "min_motion_delta": 0.045,
  "edge_sample_ratio": 0.09,
  "edge_loss_weight": 0.9,
  "text_box_sample_ratio": 0.0,
  "text_box_loss_weight": 0.0,
  "text_box_padding": 0,
  "layout_target_sampling": 1,
  "layout_target_weighting": 1,
  "layout_target_sampling_ratio": 0.6,
  "layout_target_pair_ratio": 0.0,
  "layout_target_pair_weight": 1.0,
  "layout_mid_time_ratio": 0.6,
  "layout_mid_time_width": 0.28,
  "layout_flow_loss_weight": 0.0,
  "layout_oracle_flow": 0,
  "text_box_count": 0,
  "text_mask_coverage": 0.0,
  "element_alpha_coverage": 0.0,
  "compile_ms": 220801.517,
  "final_mse": 0.0015680135693401098,
  "losses": [
    {
      "step": 0,
      "mse": 0.22524480521678925
    },
    {
      "step": 500,
      "mse": 0.006947548594325781
    },
    {
      "step": 1000,
      "mse": 0.004533018451184034
    },
    {
      "step": 1500,
      "mse": 0.003609985811635852
    },
    {
      "step": 2000,
      "mse": 0.003117435146123171
    },
    {
      "step": 2500,
      "mse": 0.002809746889397502
    },
    {
      "step": 3000,
      "mse": 0.0024641500785946846
    },
    {
      "step": 3500,
      "mse": 0.0023029507137835026
    },
    {
      "step": 4000,
      "mse": 0.0022324726451188326
    },
    {
      "step": 4500,
      "mse": 0.0020224666222929955
    },
    {
      "step": 5000,
      "mse": 0.0020580808632075787
    },
    {
      "step": 5500,
      "mse": 0.0019333449890837073
    },
    {
      "step": 6000,
      "mse": 0.0018527766223996878
    },
    {
      "step": 6500,
      "mse": 0.0018167505040764809
    },
    {
      "step": 7000,
      "mse": 0.0017349225236102939
    },
    {
      "step": 7500,
      "mse": 0.0017435490153729916
    },
    {
      "step": 8000,
      "mse": 0.0017550454940646887
    },
    {
      "step": 8500,
      "mse": 0.0015882144216448069
    },
    {
      "step": 9000,
      "mse": 0.0015429313061758876
    },
    {
      "step": 9500,
      "mse": 0.0015425080200657248
    },
    {
      "step": 9999,
      "mse": 0.0015680135693401098
    }
  ],
  "render_times": {
    "render-960.png": 13.40084499997829,
    "render-mid.png": 13.217115999992757,
    "render-last.png": 13.222681000002012,
    "render-512.png": 3.719555999992963,
    "crop-2x.png": 13.075512000000344
  },
  "render_960_ms": 13.40084499997829,
  "render_33_wall_ms": 427.10629600000516,
  "encode_ms": 250.76977399999123,
  "resize_consistency": 0.999496222250006,
  "temporal_consistency": 0.9986698206048459,
  "motion_delta_model": 0.06576822698116302,
  "loop_error_model": 0.0013301793951541185,
  "description": "C4.7 neural canvas: learned full page layout reflow from x,y,t Learned warped/source coordinate features are included in the renderer MLP.",
  "run_id": "20260425T014742758257Z-c2-lite-glyph-layout-reflow-c62-sourcecoord-target60-b196-seed2-s10000-1536x864-s10000",
  "commit": "6200c61",
  "track": "C",
  "width": 960,
  "height": 544,
  "frames": 33,
  "fps": 24,
  "artifacts": {
    "input": "/Users/dennisonbertram/Develop/flipbook-research/outputs/track-c/20260425T014742758257Z-c2-lite-glyph-layout-reflow-c62-sourcecoord-target60-b196-seed2-s10000-1536x864-s10000/input.png",
    "render_960": "/Users/dennisonbertram/Develop/flipbook-research/outputs/track-c/20260425T014742758257Z-c2-lite-glyph-layout-reflow-c62-sourcecoord-target60-b196-seed2-s10000-1536x864-s10000/render-960.png",
    "render_mid": "/Users/dennisonbertram/Develop/flipbook-research/outputs/track-c/20260425T014742758257Z-c2-lite-glyph-layout-reflow-c62-sourcecoord-target60-b196-seed2-s10000-1536x864-s10000/render-mid.png",
    "render_last": "/Users/dennisonbertram/Develop/flipbook-research/outputs/track-c/20260425T014742758257Z-c2-lite-glyph-layout-reflow-c62-sourcecoord-target60-b196-seed2-s10000-1536x864-s10000/render-last.png",
    "render_512": "/Users/dennisonbertram/Develop/flipbook-research/outputs/track-c/20260425T014742758257Z-c2-lite-glyph-layout-reflow-c62-sourcecoord-target60-b196-seed2-s10000-1536x864-s10000/render-512.png",
    "crop_2x": "/Users/dennisonbertram/Develop/flipbook-research/outputs/track-c/20260425T014742758257Z-c2-lite-glyph-layout-reflow-c62-sourcecoord-target60-b196-seed2-s10000-1536x864-s10000/crop-2x.png",
    "text_mask": "/Users/dennisonbertram/Develop/flipbook-research/outputs/track-c/20260425T014742758257Z-c2-lite-glyph-layout-reflow-c62-sourcecoord-target60-b196-seed2-s10000-1536x864-s10000/text-mask.png",
    "element_alpha_mask": "/Users/dennisonbertram/Develop/flipbook-research/outputs/track-c/20260425T014742758257Z-c2-lite-glyph-layout-reflow-c62-sourcecoord-target60-b196-seed2-s10000-1536x864-s10000/element-alpha-mask.png",
    "target_mid": "/Users/dennisonbertram/Develop/flipbook-research/outputs/track-c/20260425T014742758257Z-c2-lite-glyph-layout-reflow-c62-sourcecoord-target60-b196-seed2-s10000-1536x864-s10000/target-mid.png",
    "text_boxes": "/Users/dennisonbertram/Develop/flipbook-research/outputs/track-c/20260425T014742758257Z-c2-lite-glyph-layout-reflow-c62-sourcecoord-target60-b196-seed2-s10000-1536x864-s10000/text-boxes.json",
    "output": "/Users/dennisonbertram/Develop/flipbook-research/outputs/track-c/20260425T014742758257Z-c2-lite-glyph-layout-reflow-c62-sourcecoord-target60-b196-seed2-s10000-1536x864-s10000/output.mp4",
    "metrics": "/Users/dennisonbertram/Develop/flipbook-research/outputs/track-c/20260425T014742758257Z-c2-lite-glyph-layout-reflow-c62-sourcecoord-target60-b196-seed2-s10000-1536x864-s10000/metrics.json",
    "quality": "/Users/dennisonbertram/Develop/flipbook-research/outputs/track-c/20260425T014742758257Z-c2-lite-glyph-layout-reflow-c62-sourcecoord-target60-b196-seed2-s10000-1536x864-s10000/quality.json"
  },
  "ocr_similarity": 0.46249999999999997,
  "layout_similarity": 0.999496222250006,
  "motion_delta": 0.050474122166633606,
  "loop_error": 0.0009454051614739001,
  "status": "near_miss"
}
DONE 20260425T014742758257Z-c2-lite-glyph-layout-reflow-c62-sourcecoord-target60-b196-seed2-s10000-1536x864-s10000 quality=0.4625 motion=0.0505
Stopping app - local entrypoint completed.
✓ App completed. View run at 
https://modal.com/apps/dennisonbertram/main/ap-g5828o2IRffgE5lBSJS2Dn
