✓ Initialized. View run at 
https://modal.com/apps/dennisonbertram/main/ap-1GdUyq2TUiYWPStSuzBZtP
✓ Created objects.
├── 🔨 Created mount 
│   /Users/dennisonbertram/Develop/flipbook-research/scripts/track_c/modal_canva
│   s_c2_lite.py
└── 🔨 Created function train_and_render_motion.
START 20260425T014741211555Z-c2-lite-glyph-layout-reflow-c62-sourcecoord-target60-b196-seed1-s10000-1536x864-s10000 config={"batch_size": 196608, "channels": 32, "detail_channels": 0, "detail_hidden": 160, "detail_init_scale": 0.01, "detail_scale": 0.0, "edge_loss_weight": 0.9, "edge_sample_ratio": 0.09, "element_anchor_mode": "line", "element_anchor_padding": 3, "element_mask_mode": "rectangle", "element_render_mode": "sequential", "element_scale_ratio": 0.25, "experiment_label": "c62-sourcecoord-target60-b196-seed1-s10000", "flow_scale": 0.1, "fps": 24, "frames": 33, "freq_bands": 10, "grad_clip": 0.5, "gradient_loss_offset_px": 1.0, "gradient_loss_ratio": 0.125, "gradient_loss_weight": 0.0, "hidden": 160, "l1_loss_weight": 0.0, "layout_flow_loss_weight": 0.0, "layout_mid_time_ratio": 0.6, "layout_mid_time_width": 0.28, "layout_oracle_flow": 0, "layout_supersample": 1.0, "layout_target_pair_ratio": 0.0, "layout_target_pair_weight": 1.0, "layout_target_sampling": 1, "layout_target_sampling_ratio": 0.6, "layout_target_weighting": 1, "layout_transform_pan": 0.0, "layout_transform_strength": 0.0, "lr": 0.01, "lr_schedule": "constant", "min_lr_ratio": 0.1, "min_motion_delta": 0.045, "min_ocr_similarity": 0.55, "motion_mode": "layout-reflow", "motion_strength": 1.0, "seed": 1, "source_coord_features": 1, "source_resolution": [1280, 736], "steps": 10000, "text_box_loss_weight": 0.0, "text_box_min_conf": 55.0, "text_box_padding": 0, "text_box_sample_ratio": 0.0, "text_boxes": "0 boxes", "time_bands": 4, "train_resolution": "1536x864", "video_layout_mode": "none", "video_viewport_mode": "static", "viewport_pan": 0.0, "viewport_zoom": 0.0}
{
  "canvas_type": "time-conditioned-latent-feature-grid-learned-flow-mlp-glyph-weighted-source-coord",
  "train_resolution": "1536x864",
  "steps": 10000,
  "batch_size": 196608,
  "channels": 32,
  "hidden": 160,
  "detail_channels": 0,
  "detail_hidden": 160,
  "detail_scale": 0.0,
  "detail_init_scale": 0.01,
  "source_coord_features": 1,
  "freq_bands": 10,
  "time_bands": 4,
  "lr": 0.01,
  "lr_schedule": "constant",
  "min_lr_ratio": 0.1,
  "grad_clip": 0.5,
  "l1_loss_weight": 0.0,
  "gradient_loss_weight": 0.0,
  "gradient_loss_ratio": 0.125,
  "gradient_loss_offset_px": 1.0,
  "seed": 1,
  "experiment_label": "c62-sourcecoord-target60-b196-seed1-s10000",
  "flow_scale": 0.1,
  "motion_mode": "layout-reflow",
  "motion_strength": 1.0,
  "video_viewport_mode": "static",
  "viewport_zoom": 0.0,
  "viewport_pan": 0.0,
  "video_layout_mode": "none",
  "layout_transform_strength": 0.0,
  "layout_transform_pan": 0.0,
  "layout_supersample": 1.0,
  "layout_region_count": 0,
  "element_scale_ratio": 0.25,
  "element_anchor_padding": 3,
  "element_mask_mode": "rectangle",
  "element_anchor_mode": "line",
  "element_render_mode": "sequential",
  "element_line_count": 0,
  "min_ocr_similarity": 0.55,
  "min_motion_delta": 0.045,
  "edge_sample_ratio": 0.09,
  "edge_loss_weight": 0.9,
  "text_box_sample_ratio": 0.0,
  "text_box_loss_weight": 0.0,
  "text_box_padding": 0,
  "layout_target_sampling": 1,
  "layout_target_weighting": 1,
  "layout_target_sampling_ratio": 0.6,
  "layout_target_pair_ratio": 0.0,
  "layout_target_pair_weight": 1.0,
  "layout_mid_time_ratio": 0.6,
  "layout_mid_time_width": 0.28,
  "layout_flow_loss_weight": 0.0,
  "layout_oracle_flow": 0,
  "text_box_count": 0,
  "text_mask_coverage": 0.0,
  "element_alpha_coverage": 0.0,
  "compile_ms": 258454.77225999997,
  "final_mse": 0.002005067653954029,
  "losses": [
    {
      "step": 0,
      "mse": 0.2384033203125
    },
    {
      "step": 500,
      "mse": 0.008187349885702133
    },
    {
      "step": 1000,
      "mse": 0.005591726861894131
    },
    {
      "step": 1500,
      "mse": 0.00450457027181983
    },
    {
      "step": 2000,
      "mse": 0.004192264284938574
    },
    {
      "step": 2500,
      "mse": 0.003731613513082266
    },
    {
      "step": 3000,
      "mse": 0.0034829198848456144
    },
    {
      "step": 3500,
      "mse": 0.0032903198152780533
    },
    {
      "step": 4000,
      "mse": 0.0030535662081092596
    },
    {
      "step": 4500,
      "mse": 0.00301259639672935
    },
    {
      "step": 5000,
      "mse": 0.003165861126035452
    },
    {
      "step": 5500,
      "mse": 0.0031035251449793577
    },
    {
      "step": 6000,
      "mse": 0.002691978123039007
    },
    {
      "step": 6500,
      "mse": 0.002434308174997568
    },
    {
      "step": 7000,
      "mse": 0.0023469440639019012
    },
    {
      "step": 7500,
      "mse": 0.0021061066072434187
    },
    {
      "step": 8000,
      "mse": 0.0020676522981375456
    },
    {
      "step": 8500,
      "mse": 0.002051192568615079
    },
    {
      "step": 9000,
      "mse": 0.0019888626411557198
    },
    {
      "step": 9500,
      "mse": 0.0018924155738204718
    },
    {
      "step": 9999,
      "mse": 0.002005067653954029
    }
  ],
  "render_times": {
    "render-960.png": 17.192880999971294,
    "render-mid.png": 17.04301300003408,
    "render-last.png": 17.032040999993114,
    "render-512.png": 4.565300000024308,
    "crop-2x.png": 16.8201189999877
  },
  "render_960_ms": 17.192880999971294,
  "render_33_wall_ms": 551.200544999972,
  "encode_ms": 270.1836969999931,
  "resize_consistency": 0.9993540204263385,
  "temporal_consistency": 0.9983977359952405,
  "motion_delta_model": 0.061099015176296234,
  "loop_error_model": 0.0016022640047594905,
  "description": "C4.7 neural canvas: learned full page layout reflow from x,y,t Learned warped/source coordinate features are included in the renderer MLP.",
  "run_id": "20260425T014741211555Z-c2-lite-glyph-layout-reflow-c62-sourcecoord-target60-b196-seed1-s10000-1536x864-s10000",
  "commit": "6200c61",
  "track": "C",
  "width": 960,
  "height": 544,
  "frames": 33,
  "fps": 24,
  "artifacts": {
    "input": "/Users/dennisonbertram/Develop/flipbook-research/outputs/track-c/20260425T014741211555Z-c2-lite-glyph-layout-reflow-c62-sourcecoord-target60-b196-seed1-s10000-1536x864-s10000/input.png",
    "render_960": "/Users/dennisonbertram/Develop/flipbook-research/outputs/track-c/20260425T014741211555Z-c2-lite-glyph-layout-reflow-c62-sourcecoord-target60-b196-seed1-s10000-1536x864-s10000/render-960.png",
    "render_mid": "/Users/dennisonbertram/Develop/flipbook-research/outputs/track-c/20260425T014741211555Z-c2-lite-glyph-layout-reflow-c62-sourcecoord-target60-b196-seed1-s10000-1536x864-s10000/render-mid.png",
    "render_last": "/Users/dennisonbertram/Develop/flipbook-research/outputs/track-c/20260425T014741211555Z-c2-lite-glyph-layout-reflow-c62-sourcecoord-target60-b196-seed1-s10000-1536x864-s10000/render-last.png",
    "render_512": "/Users/dennisonbertram/Develop/flipbook-research/outputs/track-c/20260425T014741211555Z-c2-lite-glyph-layout-reflow-c62-sourcecoord-target60-b196-seed1-s10000-1536x864-s10000/render-512.png",
    "crop_2x": "/Users/dennisonbertram/Develop/flipbook-research/outputs/track-c/20260425T014741211555Z-c2-lite-glyph-layout-reflow-c62-sourcecoord-target60-b196-seed1-s10000-1536x864-s10000/crop-2x.png",
    "text_mask": "/Users/dennisonbertram/Develop/flipbook-research/outputs/track-c/20260425T014741211555Z-c2-lite-glyph-layout-reflow-c62-sourcecoord-target60-b196-seed1-s10000-1536x864-s10000/text-mask.png",
    "element_alpha_mask": "/Users/dennisonbertram/Develop/flipbook-research/outputs/track-c/20260425T014741211555Z-c2-lite-glyph-layout-reflow-c62-sourcecoord-target60-b196-seed1-s10000-1536x864-s10000/element-alpha-mask.png",
    "target_mid": "/Users/dennisonbertram/Develop/flipbook-research/outputs/track-c/20260425T014741211555Z-c2-lite-glyph-layout-reflow-c62-sourcecoord-target60-b196-seed1-s10000-1536x864-s10000/target-mid.png",
    "text_boxes": "/Users/dennisonbertram/Develop/flipbook-research/outputs/track-c/20260425T014741211555Z-c2-lite-glyph-layout-reflow-c62-sourcecoord-target60-b196-seed1-s10000-1536x864-s10000/text-boxes.json",
    "output": "/Users/dennisonbertram/Develop/flipbook-research/outputs/track-c/20260425T014741211555Z-c2-lite-glyph-layout-reflow-c62-sourcecoord-target60-b196-seed1-s10000-1536x864-s10000/output.mp4",
    "metrics": "/Users/dennisonbertram/Develop/flipbook-research/outputs/track-c/20260425T014741211555Z-c2-lite-glyph-layout-reflow-c62-sourcecoord-target60-b196-seed1-s10000-1536x864-s10000/metrics.json",
    "quality": "/Users/dennisonbertram/Develop/flipbook-research/outputs/track-c/20260425T014741211555Z-c2-lite-glyph-layout-reflow-c62-sourcecoord-target60-b196-seed1-s10000-1536x864-s10000/quality.json"
  },
  "ocr_similarity": 0.5645933014354066,
  "layout_similarity": 0.9993540204263385,
  "motion_delta": 0.0470053032040596,
  "loop_error": 0.0012026068288832903,
  "status": "pass"
}
DONE 20260425T014741211555Z-c2-lite-glyph-layout-reflow-c62-sourcecoord-target60-b196-seed1-s10000-1536x864-s10000 quality=0.5646 motion=0.0470
Stopping app - local entrypoint completed.
✓ App completed. View run at 
https://modal.com/apps/dennisonbertram/main/ap-1GdUyq2TUiYWPStSuzBZtP
