✓ Initialized. View run at 
https://modal.com/apps/dennisonbertram/main/ap-wQeWJBZ150Au1iUHOt2qld
✓ Created objects.
├── 🔨 Created mount 
│   /Users/dennisonbertram/Develop/flipbook-research/scripts/track_c/modal_canva
│   s_c2_lite.py
└── 🔨 Created function train_and_render_motion.
START 20260425T015838076367Z-c2-lite-glyph-layout-reflow-c63-sourcecoord-target60-c24h128-seed2-s10000-1536x864-s10000 config={"batch_size": 131072, "channels": 24, "detail_channels": 0, "detail_hidden": 128, "detail_init_scale": 0.01, "detail_scale": 0.0, "edge_loss_weight": 0.9, "edge_sample_ratio": 0.09, "element_anchor_mode": "line", "element_anchor_padding": 3, "element_mask_mode": "rectangle", "element_render_mode": "sequential", "element_scale_ratio": 0.25, "experiment_label": "c63-sourcecoord-target60-c24h128-seed2-s10000", "flow_scale": 0.08, "fps": 24, "frames": 33, "freq_bands": 10, "grad_clip": 0.5, "gradient_loss_offset_px": 1.0, "gradient_loss_ratio": 0.125, "gradient_loss_weight": 0.0, "hidden": 128, "l1_loss_weight": 0.0, "layout_flow_loss_weight": 0.0, "layout_mid_time_ratio": 0.6, "layout_mid_time_width": 0.28, "layout_oracle_flow": 0, "layout_supersample": 1.0, "layout_target_pair_ratio": 0.0, "layout_target_pair_weight": 1.0, "layout_target_sampling": 1, "layout_target_sampling_ratio": 0.6, "layout_target_weighting": 1, "layout_transform_pan": 0.0, "layout_transform_strength": 0.0, "lr": 0.01, "lr_schedule": "constant", "min_lr_ratio": 0.1, "min_motion_delta": 0.045, "min_ocr_similarity": 0.55, "motion_mode": "layout-reflow", "motion_strength": 1.0, "seed": 2, "source_coord_features": 1, "source_resolution": [1280, 736], "steps": 10000, "text_box_loss_weight": 0.0, "text_box_min_conf": 55.0, "text_box_padding": 0, "text_box_sample_ratio": 0.0, "text_boxes": "0 boxes", "time_bands": 4, "train_resolution": "1536x864", "video_layout_mode": "none", "video_viewport_mode": "static", "viewport_pan": 0.0, "viewport_zoom": 0.0}
{
  "canvas_type": "time-conditioned-latent-feature-grid-learned-flow-mlp-glyph-weighted-source-coord",
  "train_resolution": "1536x864",
  "steps": 10000,
  "batch_size": 131072,
  "channels": 24,
  "hidden": 128,
  "detail_channels": 0,
  "detail_hidden": 128,
  "detail_scale": 0.0,
  "detail_init_scale": 0.01,
  "source_coord_features": 1,
  "freq_bands": 10,
  "time_bands": 4,
  "lr": 0.01,
  "lr_schedule": "constant",
  "min_lr_ratio": 0.1,
  "grad_clip": 0.5,
  "l1_loss_weight": 0.0,
  "gradient_loss_weight": 0.0,
  "gradient_loss_ratio": 0.125,
  "gradient_loss_offset_px": 1.0,
  "seed": 2,
  "experiment_label": "c63-sourcecoord-target60-c24h128-seed2-s10000",
  "flow_scale": 0.08,
  "motion_mode": "layout-reflow",
  "motion_strength": 1.0,
  "video_viewport_mode": "static",
  "viewport_zoom": 0.0,
  "viewport_pan": 0.0,
  "video_layout_mode": "none",
  "layout_transform_strength": 0.0,
  "layout_transform_pan": 0.0,
  "layout_supersample": 1.0,
  "layout_region_count": 0,
  "element_scale_ratio": 0.25,
  "element_anchor_padding": 3,
  "element_mask_mode": "rectangle",
  "element_anchor_mode": "line",
  "element_render_mode": "sequential",
  "element_line_count": 0,
  "min_ocr_similarity": 0.55,
  "min_motion_delta": 0.045,
  "edge_sample_ratio": 0.09,
  "edge_loss_weight": 0.9,
  "text_box_sample_ratio": 0.0,
  "text_box_loss_weight": 0.0,
  "text_box_padding": 0,
  "layout_target_sampling": 1,
  "layout_target_weighting": 1,
  "layout_target_sampling_ratio": 0.6,
  "layout_target_pair_ratio": 0.0,
  "layout_target_pair_weight": 1.0,
  "layout_mid_time_ratio": 0.6,
  "layout_mid_time_width": 0.28,
  "layout_flow_loss_weight": 0.0,
  "layout_oracle_flow": 0,
  "text_box_count": 0,
  "text_mask_coverage": 0.0,
  "element_alpha_coverage": 0.0,
  "compile_ms": 156719.10792,
  "final_mse": 0.0025531365536153316,
  "losses": [
    {
      "step": 0,
      "mse": 0.22471970319747925
    },
    {
      "step": 500,
      "mse": 0.009118106216192245
    },
    {
      "step": 1000,
      "mse": 0.004817814566195011
    },
    {
      "step": 1500,
      "mse": 0.003260047174990177
    },
    {
      "step": 2000,
      "mse": 0.00296869152225554
    },
    {
      "step": 2500,
      "mse": 0.0025503290817141533
    },
    {
      "step": 3000,
      "mse": 0.002388089895248413
    },
    {
      "step": 3500,
      "mse": 0.0020525651052594185
    },
    {
      "step": 4000,
      "mse": 0.002202168572694063
    },
    {
      "step": 4500,
      "mse": 0.002014677971601486
    },
    {
      "step": 5000,
      "mse": 0.005025772377848625
    },
    {
      "step": 5500,
      "mse": 0.005393234547227621
    },
    {
      "step": 6000,
      "mse": 0.007976367138326168
    },
    {
      "step": 6500,
      "mse": 0.004827613011002541
    },
    {
      "step": 7000,
      "mse": 0.0038509531877934933
    },
    {
      "step": 7500,
      "mse": 0.0034571122378110886
    },
    {
      "step": 8000,
      "mse": 0.0031319228000938892
    },
    {
      "step": 8500,
      "mse": 0.002958365250378847
    },
    {
      "step": 9000,
      "mse": 0.002770966850221157
    },
    {
      "step": 9500,
      "mse": 0.0026178439147770405
    },
    {
      "step": 9999,
      "mse": 0.0025531365536153316
    }
  ],
  "render_times": {
    "render-960.png": 15.816328999989082,
    "render-mid.png": 15.556477000018276,
    "render-last.png": 15.55282599997554,
    "render-512.png": 3.798138999997036,
    "crop-2x.png": 15.384373999978607
  },
  "render_960_ms": 15.816328999989082,
  "render_33_wall_ms": 504.49868699999456,
  "encode_ms": 244.70668700001852,
  "resize_consistency": 0.9994003634395988,
  "temporal_consistency": 0.9987338836072013,
  "motion_delta_model": 0.06726859509944916,
  "loop_error_model": 0.0012661163927987218,
  "description": "C4.7 neural canvas: learned full page layout reflow from x,y,t Learned warped/source coordinate features are included in the renderer MLP.",
  "run_id": "20260425T015838076367Z-c2-lite-glyph-layout-reflow-c63-sourcecoord-target60-c24h128-seed2-s10000-1536x864-s10000",
  "commit": "529b96d",
  "track": "C",
  "width": 960,
  "height": 544,
  "frames": 33,
  "fps": 24,
  "artifacts": {
    "input": "/Users/dennisonbertram/Develop/flipbook-research/outputs/track-c/20260425T015838076367Z-c2-lite-glyph-layout-reflow-c63-sourcecoord-target60-c24h128-seed2-s10000-1536x864-s10000/input.png",
    "render_960": "/Users/dennisonbertram/Develop/flipbook-research/outputs/track-c/20260425T015838076367Z-c2-lite-glyph-layout-reflow-c63-sourcecoord-target60-c24h128-seed2-s10000-1536x864-s10000/render-960.png",
    "render_mid": "/Users/dennisonbertram/Develop/flipbook-research/outputs/track-c/20260425T015838076367Z-c2-lite-glyph-layout-reflow-c63-sourcecoord-target60-c24h128-seed2-s10000-1536x864-s10000/render-mid.png",
    "render_last": "/Users/dennisonbertram/Develop/flipbook-research/outputs/track-c/20260425T015838076367Z-c2-lite-glyph-layout-reflow-c63-sourcecoord-target60-c24h128-seed2-s10000-1536x864-s10000/render-last.png",
    "render_512": "/Users/dennisonbertram/Develop/flipbook-research/outputs/track-c/20260425T015838076367Z-c2-lite-glyph-layout-reflow-c63-sourcecoord-target60-c24h128-seed2-s10000-1536x864-s10000/render-512.png",
    "crop_2x": "/Users/dennisonbertram/Develop/flipbook-research/outputs/track-c/20260425T015838076367Z-c2-lite-glyph-layout-reflow-c63-sourcecoord-target60-c24h128-seed2-s10000-1536x864-s10000/crop-2x.png",
    "text_mask": "/Users/dennisonbertram/Develop/flipbook-research/outputs/track-c/20260425T015838076367Z-c2-lite-glyph-layout-reflow-c63-sourcecoord-target60-c24h128-seed2-s10000-1536x864-s10000/text-mask.png",
    "element_alpha_mask": "/Users/dennisonbertram/Develop/flipbook-research/outputs/track-c/20260425T015838076367Z-c2-lite-glyph-layout-reflow-c63-sourcecoord-target60-c24h128-seed2-s10000-1536x864-s10000/element-alpha-mask.png",
    "target_mid": "/Users/dennisonbertram/Develop/flipbook-research/outputs/track-c/20260425T015838076367Z-c2-lite-glyph-layout-reflow-c63-sourcecoord-target60-c24h128-seed2-s10000-1536x864-s10000/target-mid.png",
    "text_boxes": "/Users/dennisonbertram/Develop/flipbook-research/outputs/track-c/20260425T015838076367Z-c2-lite-glyph-layout-reflow-c63-sourcecoord-target60-c24h128-seed2-s10000-1536x864-s10000/text-boxes.json",
    "output": "/Users/dennisonbertram/Develop/flipbook-research/outputs/track-c/20260425T015838076367Z-c2-lite-glyph-layout-reflow-c63-sourcecoord-target60-c24h128-seed2-s10000-1536x864-s10000/output.mp4",
    "metrics": "/Users/dennisonbertram/Develop/flipbook-research/outputs/track-c/20260425T015838076367Z-c2-lite-glyph-layout-reflow-c63-sourcecoord-target60-c24h128-seed2-s10000-1536x864-s10000/metrics.json",
    "quality": "/Users/dennisonbertram/Develop/flipbook-research/outputs/track-c/20260425T015838076367Z-c2-lite-glyph-layout-reflow-c63-sourcecoord-target60-c24h128-seed2-s10000-1536x864-s10000/quality.json"
  },
  "ocr_similarity": 0.45000000000000007,
  "layout_similarity": 0.9994003634395988,
  "motion_delta": 0.05175993964076042,
  "loop_error": 0.000845550443045795,
  "status": "near_miss"
}
DONE 20260425T015838076367Z-c2-lite-glyph-layout-reflow-c63-sourcecoord-target60-c24h128-seed2-s10000-1536x864-s10000 quality=0.4500 motion=0.0518
Stopping app - local entrypoint completed.
✓ App completed. View run at 
https://modal.com/apps/dennisonbertram/main/ap-wQeWJBZ150Au1iUHOt2qld
