✓ Initialized. View run at 
https://modal.com/apps/dennisonbertram/main/ap-mnp0GMjtxJRsTXMTYNB9QN
✓ Created objects.
├── 🔨 Created mount 
│   /Users/dennisonbertram/Develop/flipbook-research/scripts/track_c/modal_canva
│   s_c2_lite.py
└── 🔨 Created function train_and_render_motion.
START 20260425T020906661247Z-c2-lite-glyph-layout-reflow-c64-sourcecoord-target60-c24h128-curr25-seed2-s12000-1536x864-s12000 config={"batch_size": 131072, "channels": 24, "detail_channels": 0, "detail_hidden": 128, "detail_init_scale": 0.01, "detail_scale": 0.0, "edge_loss_weight": 0.9, "edge_sample_ratio": 0.09, "element_anchor_mode": "line", "element_anchor_padding": 3, "element_mask_mode": "rectangle", "element_render_mode": "sequential", "element_scale_ratio": 0.25, "experiment_label": "c64-sourcecoord-target60-c24h128-curr25-seed2-s12000", "flow_scale": 0.08, "fps": 24, "frames": 33, "freq_bands": 10, "grad_clip": 0.5, "gradient_loss_offset_px": 1.0, "gradient_loss_ratio": 0.125, "gradient_loss_weight": 0.0, "hidden": 128, "l1_loss_weight": 0.0, "layout_flow_loss_weight": 0.0, "layout_mid_time_ratio": 0.6, "layout_mid_time_width": 0.28, "layout_motion_curriculum_ratio": 0.25, "layout_motion_curriculum_start": 0.0, "layout_oracle_flow": 0, "layout_supersample": 1.0, "layout_target_pair_ratio": 0.0, "layout_target_pair_weight": 1.0, "layout_target_sampling": 1, "layout_target_sampling_ratio": 0.6, "layout_target_weighting": 1, "layout_transform_pan": 0.0, "layout_transform_strength": 0.0, "lr": 0.01, "lr_schedule": "constant", "min_lr_ratio": 0.1, "min_motion_delta": 0.045, "min_ocr_similarity": 0.55, "motion_mode": "layout-reflow", "motion_strength": 1.0, "seed": 2, "source_coord_features": 1, "source_resolution": [1280, 736], "steps": 12000, "text_box_loss_weight": 0.0, "text_box_min_conf": 55.0, "text_box_padding": 0, "text_box_sample_ratio": 0.0, "text_boxes": "0 boxes", "time_bands": 4, "train_resolution": "1536x864", "video_layout_mode": "none", "video_viewport_mode": "static", "viewport_pan": 0.0, "viewport_zoom": 0.0}
{
  "canvas_type": "time-conditioned-latent-feature-grid-learned-flow-mlp-glyph-weighted-source-coord",
  "train_resolution": "1536x864",
  "steps": 12000,
  "batch_size": 131072,
  "channels": 24,
  "hidden": 128,
  "detail_channels": 0,
  "detail_hidden": 128,
  "detail_scale": 0.0,
  "detail_init_scale": 0.01,
  "source_coord_features": 1,
  "freq_bands": 10,
  "time_bands": 4,
  "lr": 0.01,
  "lr_schedule": "constant",
  "min_lr_ratio": 0.1,
  "grad_clip": 0.5,
  "l1_loss_weight": 0.0,
  "gradient_loss_weight": 0.0,
  "gradient_loss_ratio": 0.125,
  "gradient_loss_offset_px": 1.0,
  "seed": 2,
  "experiment_label": "c64-sourcecoord-target60-c24h128-curr25-seed2-s12000",
  "flow_scale": 0.08,
  "motion_mode": "layout-reflow",
  "motion_strength": 1.0,
  "video_viewport_mode": "static",
  "viewport_zoom": 0.0,
  "viewport_pan": 0.0,
  "video_layout_mode": "none",
  "layout_transform_strength": 0.0,
  "layout_transform_pan": 0.0,
  "layout_supersample": 1.0,
  "layout_region_count": 0,
  "element_scale_ratio": 0.25,
  "element_anchor_padding": 3,
  "element_mask_mode": "rectangle",
  "element_anchor_mode": "line",
  "element_render_mode": "sequential",
  "element_line_count": 0,
  "min_ocr_similarity": 0.55,
  "min_motion_delta": 0.045,
  "edge_sample_ratio": 0.09,
  "edge_loss_weight": 0.9,
  "text_box_sample_ratio": 0.0,
  "text_box_loss_weight": 0.0,
  "text_box_padding": 0,
  "layout_target_sampling": 1,
  "layout_target_weighting": 1,
  "layout_target_sampling_ratio": 0.6,
  "layout_target_pair_ratio": 0.0,
  "layout_target_pair_weight": 1.0,
  "layout_mid_time_ratio": 0.6,
  "layout_mid_time_width": 0.28,
  "layout_flow_loss_weight": 0.0,
  "layout_oracle_flow": 0,
  "layout_motion_curriculum_ratio": 0.25,
  "layout_motion_curriculum_start": 0.0,
  "text_box_count": 0,
  "text_mask_coverage": 0.0,
  "element_alpha_coverage": 0.0,
  "compile_ms": 185537.44754,
  "final_mse": 0.0016718688420951366,
  "losses": [
    {
      "step": 0,
      "mse": 0.22223666310310364
    },
    {
      "step": 600,
      "mse": 0.0036243682261556387
    },
    {
      "step": 1200,
      "mse": 0.004462264012545347
    },
    {
      "step": 1800,
      "mse": 0.005370374768972397
    },
    {
      "step": 2400,
      "mse": 0.005607147701084614
    },
    {
      "step": 3000,
      "mse": 0.0043625980615615845
    },
    {
      "step": 3600,
      "mse": 0.0034021371975541115
    },
    {
      "step": 4200,
      "mse": 0.003019056748598814
    },
    {
      "step": 4800,
      "mse": 0.002637883648276329
    },
    {
      "step": 5400,
      "mse": 0.0025288104079663754
    },
    {
      "step": 6000,
      "mse": 0.0023729787208139896
    },
    {
      "step": 6600,
      "mse": 0.0022420550230890512
    },
    {
      "step": 7200,
      "mse": 0.0021290078293532133
    },
    {
      "step": 7800,
      "mse": 0.0020583211444318295
    },
    {
      "step": 8400,
      "mse": 0.0019790581427514553
    },
    {
      "step": 9000,
      "mse": 0.0019244235008955002
    },
    {
      "step": 9600,
      "mse": 0.001932972576469183
    },
    {
      "step": 10200,
      "mse": 0.0018352182814851403
    },
    {
      "step": 10800,
      "mse": 0.0017429240979254246
    },
    {
      "step": 11400,
      "mse": 0.0017733401618897915
    },
    {
      "step": 11999,
      "mse": 0.0016718688420951366
    }
  ],
  "render_times": {
    "render-960.png": 15.691962999994757,
    "render-mid.png": 15.566898999992418,
    "render-last.png": 15.538833999983126,
    "render-512.png": 3.766552000001866,
    "crop-2x.png": 15.365378000012697
  },
  "render_960_ms": 15.691962999994757,
  "render_33_wall_ms": 504.27997100001676,
  "encode_ms": 262.6341200000013,
  "resize_consistency": 0.9994778295133445,
  "temporal_consistency": 0.9981345902197063,
  "motion_delta_model": 0.06541846692562103,
  "loop_error_model": 0.001865409780293703,
  "description": "C4.7 neural canvas: learned full page layout reflow from x,y,t Learned warped/source coordinate features are included in the renderer MLP.",
  "run_id": "20260425T020906661247Z-c2-lite-glyph-layout-reflow-c64-sourcecoord-target60-c24h128-curr25-seed2-s12000-1536x864-s12000",
  "commit": "0ac06b4",
  "track": "C",
  "width": 960,
  "height": 544,
  "frames": 33,
  "fps": 24,
  "artifacts": {
    "input": "/Users/dennisonbertram/Develop/flipbook-research/outputs/track-c/20260425T020906661247Z-c2-lite-glyph-layout-reflow-c64-sourcecoord-target60-c24h128-curr25-seed2-s12000-1536x864-s12000/input.png",
    "render_960": "/Users/dennisonbertram/Develop/flipbook-research/outputs/track-c/20260425T020906661247Z-c2-lite-glyph-layout-reflow-c64-sourcecoord-target60-c24h128-curr25-seed2-s12000-1536x864-s12000/render-960.png",
    "render_mid": "/Users/dennisonbertram/Develop/flipbook-research/outputs/track-c/20260425T020906661247Z-c2-lite-glyph-layout-reflow-c64-sourcecoord-target60-c24h128-curr25-seed2-s12000-1536x864-s12000/render-mid.png",
    "render_last": "/Users/dennisonbertram/Develop/flipbook-research/outputs/track-c/20260425T020906661247Z-c2-lite-glyph-layout-reflow-c64-sourcecoord-target60-c24h128-curr25-seed2-s12000-1536x864-s12000/render-last.png",
    "render_512": "/Users/dennisonbertram/Develop/flipbook-research/outputs/track-c/20260425T020906661247Z-c2-lite-glyph-layout-reflow-c64-sourcecoord-target60-c24h128-curr25-seed2-s12000-1536x864-s12000/render-512.png",
    "crop_2x": "/Users/dennisonbertram/Develop/flipbook-research/outputs/track-c/20260425T020906661247Z-c2-lite-glyph-layout-reflow-c64-sourcecoord-target60-c24h128-curr25-seed2-s12000-1536x864-s12000/crop-2x.png",
    "text_mask": "/Users/dennisonbertram/Develop/flipbook-research/outputs/track-c/20260425T020906661247Z-c2-lite-glyph-layout-reflow-c64-sourcecoord-target60-c24h128-curr25-seed2-s12000-1536x864-s12000/text-mask.png",
    "element_alpha_mask": "/Users/dennisonbertram/Develop/flipbook-research/outputs/track-c/20260425T020906661247Z-c2-lite-glyph-layout-reflow-c64-sourcecoord-target60-c24h128-curr25-seed2-s12000-1536x864-s12000/element-alpha-mask.png",
    "target_mid": "/Users/dennisonbertram/Develop/flipbook-research/outputs/track-c/20260425T020906661247Z-c2-lite-glyph-layout-reflow-c64-sourcecoord-target60-c24h128-curr25-seed2-s12000-1536x864-s12000/target-mid.png",
    "text_boxes": "/Users/dennisonbertram/Develop/flipbook-research/outputs/track-c/20260425T020906661247Z-c2-lite-glyph-layout-reflow-c64-sourcecoord-target60-c24h128-curr25-seed2-s12000-1536x864-s12000/text-boxes.json",
    "output": "/Users/dennisonbertram/Develop/flipbook-research/outputs/track-c/20260425T020906661247Z-c2-lite-glyph-layout-reflow-c64-sourcecoord-target60-c24h128-curr25-seed2-s12000-1536x864-s12000/output.mp4",
    "metrics": "/Users/dennisonbertram/Develop/flipbook-research/outputs/track-c/20260425T020906661247Z-c2-lite-glyph-layout-reflow-c64-sourcecoord-target60-c24h128-curr25-seed2-s12000-1536x864-s12000/metrics.json",
    "quality": "/Users/dennisonbertram/Develop/flipbook-research/outputs/track-c/20260425T020906661247Z-c2-lite-glyph-layout-reflow-c64-sourcecoord-target60-c24h128-curr25-seed2-s12000-1536x864-s12000/quality.json"
  },
  "ocr_similarity": 0.45000000000000007,
  "layout_similarity": 0.9994778295133445,
  "motion_delta": 0.0493411086499691,
  "loop_error": 0.0013669510371983051,
  "status": "near_miss"
}
DONE 20260425T020906661247Z-c2-lite-glyph-layout-reflow-c64-sourcecoord-target60-c24h128-curr25-seed2-s12000-1536x864-s12000 quality=0.4500 motion=0.0493
Stopping app - local entrypoint completed.
✓ App completed. View run at 
https://modal.com/apps/dennisonbertram/main/ap-mnp0GMjtxJRsTXMTYNB9QN
