✓ Initialized. View run at 
https://modal.com/apps/dennisonbertram/main/ap-PMuygU2CcyTOz7SsHP47Qb
✓ Created objects.
├── 🔨 Created mount 
│   /Users/dennisonbertram/Develop/flipbook-research/scripts/track_c/modal_canva
│   s_c2_lite.py
└── 🔨 Created function train_and_render_motion.
START 20260425T022003687473Z-c2-lite-glyph-layout-reflow-c65-sourcecoord-target75-c32h160-end50-seed1-s14000-1536x864-s14000 config={"batch_size": 131072, "channels": 32, "detail_channels": 0, "detail_hidden": 160, "detail_init_scale": 0.01, "detail_scale": 0.0, "edge_loss_weight": 0.9, "edge_sample_ratio": 0.09, "element_anchor_mode": "line", "element_anchor_padding": 3, "element_mask_mode": "rectangle", "element_render_mode": "sequential", "element_scale_ratio": 0.25, "experiment_label": "c65-sourcecoord-target75-c32h160-end50-seed1-s14000", "flow_scale": 0.1, "fps": 24, "frames": 33, "freq_bands": 10, "grad_clip": 0.5, "gradient_loss_offset_px": 1.0, "gradient_loss_ratio": 0.125, "gradient_loss_weight": 0.0, "hidden": 160, "l1_loss_weight": 0.0, "layout_endpoint_ratio": 0.5, "layout_endpoint_target_ratio": 0.6, "layout_flow_loss_weight": 0.0, "layout_mid_time_ratio": 0.6, "layout_mid_time_width": 0.28, "layout_motion_curriculum_ratio": 0.0, "layout_motion_curriculum_start": 0.0, "layout_oracle_flow": 0, "layout_supersample": 1.0, "layout_target_pair_ratio": 0.0, "layout_target_pair_weight": 1.0, "layout_target_sampling": 1, "layout_target_sampling_ratio": 0.75, "layout_target_weighting": 1, "layout_transform_pan": 0.0, "layout_transform_strength": 0.0, "lr": 0.01, "lr_schedule": "constant", "min_lr_ratio": 0.1, "min_motion_delta": 0.045, "min_ocr_similarity": 0.55, "motion_mode": "layout-reflow", "motion_strength": 1.0, "seed": 1, "source_coord_features": 1, "source_resolution": [1280, 736], "steps": 14000, "text_box_loss_weight": 0.0, "text_box_min_conf": 55.0, "text_box_padding": 0, "text_box_sample_ratio": 0.0, "text_boxes": "0 boxes", "time_bands": 4, "train_resolution": "1536x864", "video_layout_mode": "none", "video_viewport_mode": "static", "viewport_pan": 0.0, "viewport_zoom": 0.0}
{
  "canvas_type": "time-conditioned-latent-feature-grid-learned-flow-mlp-glyph-weighted-source-coord",
  "train_resolution": "1536x864",
  "steps": 14000,
  "batch_size": 131072,
  "channels": 32,
  "hidden": 160,
  "detail_channels": 0,
  "detail_hidden": 160,
  "detail_scale": 0.0,
  "detail_init_scale": 0.01,
  "source_coord_features": 1,
  "freq_bands": 10,
  "time_bands": 4,
  "lr": 0.01,
  "lr_schedule": "constant",
  "min_lr_ratio": 0.1,
  "grad_clip": 0.5,
  "l1_loss_weight": 0.0,
  "gradient_loss_weight": 0.0,
  "gradient_loss_ratio": 0.125,
  "gradient_loss_offset_px": 1.0,
  "seed": 1,
  "experiment_label": "c65-sourcecoord-target75-c32h160-end50-seed1-s14000",
  "flow_scale": 0.1,
  "motion_mode": "layout-reflow",
  "motion_strength": 1.0,
  "video_viewport_mode": "static",
  "viewport_zoom": 0.0,
  "viewport_pan": 0.0,
  "video_layout_mode": "none",
  "layout_transform_strength": 0.0,
  "layout_transform_pan": 0.0,
  "layout_supersample": 1.0,
  "layout_region_count": 0,
  "element_scale_ratio": 0.25,
  "element_anchor_padding": 3,
  "element_mask_mode": "rectangle",
  "element_anchor_mode": "line",
  "element_render_mode": "sequential",
  "element_line_count": 0,
  "min_ocr_similarity": 0.55,
  "min_motion_delta": 0.045,
  "edge_sample_ratio": 0.09,
  "edge_loss_weight": 0.9,
  "text_box_sample_ratio": 0.0,
  "text_box_loss_weight": 0.0,
  "text_box_padding": 0,
  "layout_target_sampling": 1,
  "layout_target_weighting": 1,
  "layout_target_sampling_ratio": 0.75,
  "layout_target_pair_ratio": 0.0,
  "layout_target_pair_weight": 1.0,
  "layout_mid_time_ratio": 0.6,
  "layout_mid_time_width": 0.28,
  "layout_flow_loss_weight": 0.0,
  "layout_oracle_flow": 0,
  "layout_motion_curriculum_ratio": 0.0,
  "layout_motion_curriculum_start": 0.0,
  "layout_endpoint_ratio": 0.5,
  "layout_endpoint_target_ratio": 0.6,
  "text_box_count": 0,
  "text_mask_coverage": 0.0,
  "element_alpha_coverage": 0.0,
  "compile_ms": 280470.046712,
  "final_mse": 0.0011385807301849127,
  "losses": [
    {
      "step": 0,
      "mse": 0.2368207573890686
    },
    {
      "step": 700,
      "mse": 0.004493883810937405
    },
    {
      "step": 1400,
      "mse": 0.00316477008163929
    },
    {
      "step": 2100,
      "mse": 0.002651102375239134
    },
    {
      "step": 2800,
      "mse": 0.0023069377057254314
    },
    {
      "step": 3500,
      "mse": 0.0022140713408589363
    },
    {
      "step": 4200,
      "mse": 0.0018946051131933928
    },
    {
      "step": 4900,
      "mse": 0.0018147975206375122
    },
    {
      "step": 5600,
      "mse": 0.0016809788066893816
    },
    {
      "step": 6300,
      "mse": 0.001545248320326209
    },
    {
      "step": 7000,
      "mse": 0.0015344838611781597
    },
    {
      "step": 7700,
      "mse": 0.00151666474994272
    },
    {
      "step": 8400,
      "mse": 0.0013620990794152021
    },
    {
      "step": 9100,
      "mse": 0.0013711987994611263
    },
    {
      "step": 9800,
      "mse": 0.001318973721936345
    },
    {
      "step": 10500,
      "mse": 0.0015501051675528288
    },
    {
      "step": 11200,
      "mse": 0.0014249461237341166
    },
    {
      "step": 11900,
      "mse": 0.001278403215110302
    },
    {
      "step": 12600,
      "mse": 0.0011876542121171951
    },
    {
      "step": 13300,
      "mse": 0.0012409468181431293
    },
    {
      "step": 13999,
      "mse": 0.0011385807301849127
    }
  ],
  "render_times": {
    "render-960.png": 13.289654999994127,
    "render-mid.png": 13.21018499999127,
    "render-last.png": 13.18489199996975,
    "render-512.png": 3.7018159999888667,
    "crop-2x.png": 13.050926999994772
  },
  "render_960_ms": 13.289654999994127,
  "render_33_wall_ms": 425.9284849999858,
  "encode_ms": 248.27785400003677,
  "resize_consistency": 0.9995618041851392,
  "temporal_consistency": 0.9980318979360163,
  "motion_delta_model": 0.06417839974164963,
  "loop_error_model": 0.001968102063983679,
  "description": "C4.7 neural canvas: learned full page layout reflow from x,y,t Learned warped/source coordinate features are included in the renderer MLP.",
  "run_id": "20260425T022003687473Z-c2-lite-glyph-layout-reflow-c65-sourcecoord-target75-c32h160-end50-seed1-s14000-1536x864-s14000",
  "commit": "7e3fddd",
  "track": "C",
  "width": 960,
  "height": 544,
  "frames": 33,
  "fps": 24,
  "artifacts": {
    "input": "/Users/dennisonbertram/Develop/flipbook-research/outputs/track-c/20260425T022003687473Z-c2-lite-glyph-layout-reflow-c65-sourcecoord-target75-c32h160-end50-seed1-s14000-1536x864-s14000/input.png",
    "render_960": "/Users/dennisonbertram/Develop/flipbook-research/outputs/track-c/20260425T022003687473Z-c2-lite-glyph-layout-reflow-c65-sourcecoord-target75-c32h160-end50-seed1-s14000-1536x864-s14000/render-960.png",
    "render_mid": "/Users/dennisonbertram/Develop/flipbook-research/outputs/track-c/20260425T022003687473Z-c2-lite-glyph-layout-reflow-c65-sourcecoord-target75-c32h160-end50-seed1-s14000-1536x864-s14000/render-mid.png",
    "render_last": "/Users/dennisonbertram/Develop/flipbook-research/outputs/track-c/20260425T022003687473Z-c2-lite-glyph-layout-reflow-c65-sourcecoord-target75-c32h160-end50-seed1-s14000-1536x864-s14000/render-last.png",
    "render_512": "/Users/dennisonbertram/Develop/flipbook-research/outputs/track-c/20260425T022003687473Z-c2-lite-glyph-layout-reflow-c65-sourcecoord-target75-c32h160-end50-seed1-s14000-1536x864-s14000/render-512.png",
    "crop_2x": "/Users/dennisonbertram/Develop/flipbook-research/outputs/track-c/20260425T022003687473Z-c2-lite-glyph-layout-reflow-c65-sourcecoord-target75-c32h160-end50-seed1-s14000-1536x864-s14000/crop-2x.png",
    "text_mask": "/Users/dennisonbertram/Develop/flipbook-research/outputs/track-c/20260425T022003687473Z-c2-lite-glyph-layout-reflow-c65-sourcecoord-target75-c32h160-end50-seed1-s14000-1536x864-s14000/text-mask.png",
    "element_alpha_mask": "/Users/dennisonbertram/Develop/flipbook-research/outputs/track-c/20260425T022003687473Z-c2-lite-glyph-layout-reflow-c65-sourcecoord-target75-c32h160-end50-seed1-s14000-1536x864-s14000/element-alpha-mask.png",
    "target_mid": "/Users/dennisonbertram/Develop/flipbook-research/outputs/track-c/20260425T022003687473Z-c2-lite-glyph-layout-reflow-c65-sourcecoord-target75-c32h160-end50-seed1-s14000-1536x864-s14000/target-mid.png",
    "text_boxes": "/Users/dennisonbertram/Develop/flipbook-research/outputs/track-c/20260425T022003687473Z-c2-lite-glyph-layout-reflow-c65-sourcecoord-target75-c32h160-end50-seed1-s14000-1536x864-s14000/text-boxes.json",
    "output": "/Users/dennisonbertram/Develop/flipbook-research/outputs/track-c/20260425T022003687473Z-c2-lite-glyph-layout-reflow-c65-sourcecoord-target75-c32h160-end50-seed1-s14000-1536x864-s14000/output.mp4",
    "metrics": "/Users/dennisonbertram/Develop/flipbook-research/outputs/track-c/20260425T022003687473Z-c2-lite-glyph-layout-reflow-c65-sourcecoord-target75-c32h160-end50-seed1-s14000-1536x864-s14000/metrics.json",
    "quality": "/Users/dennisonbertram/Develop/flipbook-research/outputs/track-c/20260425T022003687473Z-c2-lite-glyph-layout-reflow-c65-sourcecoord-target75-c32h160-end50-seed1-s14000-1536x864-s14000/quality.json"
  },
  "ocr_similarity": 0.4694835680751174,
  "layout_similarity": 0.9995618041851392,
  "motion_delta": 0.049386877566576004,
  "loop_error": 0.0011942855780944228,
  "status": "near_miss"
}
DONE 20260425T022003687473Z-c2-lite-glyph-layout-reflow-c65-sourcecoord-target75-c32h160-end50-seed1-s14000-1536x864-s14000 quality=0.4695 motion=0.0494
Stopping app - local entrypoint completed.
✓ App completed. View run at 
https://modal.com/apps/dennisonbertram/main/ap-PMuygU2CcyTOz7SsHP47Qb
