✓ Initialized. View run at 
https://modal.com/apps/dennisonbertram/main/ap-5fQASL5ubTQqO6MeptbCUz
✓ Created objects.
├── 🔨 Created mount 
│   /Users/dennisonbertram/Develop/flipbook-research/scripts/track_c/modal_canva
│   s_c2_lite.py
└── 🔨 Created function train_and_render_motion.
START 20260425T022003785393Z-c2-lite-glyph-layout-reflow-c65-sourcecoord-target60-c24h128-end50-seed3-s12000-1536x864-s12000 config={"batch_size": 131072, "channels": 24, "detail_channels": 0, "detail_hidden": 128, "detail_init_scale": 0.01, "detail_scale": 0.0, "edge_loss_weight": 0.9, "edge_sample_ratio": 0.09, "element_anchor_mode": "line", "element_anchor_padding": 3, "element_mask_mode": "rectangle", "element_render_mode": "sequential", "element_scale_ratio": 0.25, "experiment_label": "c65-sourcecoord-target60-c24h128-end50-seed3-s12000", "flow_scale": 0.08, "fps": 24, "frames": 33, "freq_bands": 10, "grad_clip": 0.5, "gradient_loss_offset_px": 1.0, "gradient_loss_ratio": 0.125, "gradient_loss_weight": 0.0, "hidden": 128, "l1_loss_weight": 0.0, "layout_endpoint_ratio": 0.5, "layout_endpoint_target_ratio": 0.6, "layout_flow_loss_weight": 0.0, "layout_mid_time_ratio": 0.6, "layout_mid_time_width": 0.28, "layout_motion_curriculum_ratio": 0.0, "layout_motion_curriculum_start": 0.0, "layout_oracle_flow": 0, "layout_supersample": 1.0, "layout_target_pair_ratio": 0.0, "layout_target_pair_weight": 1.0, "layout_target_sampling": 1, "layout_target_sampling_ratio": 0.6, "layout_target_weighting": 1, "layout_transform_pan": 0.0, "layout_transform_strength": 0.0, "lr": 0.01, "lr_schedule": "constant", "min_lr_ratio": 0.1, "min_motion_delta": 0.045, "min_ocr_similarity": 0.55, "motion_mode": "layout-reflow", "motion_strength": 1.0, "seed": 3, "source_coord_features": 1, "source_resolution": [1280, 736], "steps": 12000, "text_box_loss_weight": 0.0, "text_box_min_conf": 55.0, "text_box_padding": 0, "text_box_sample_ratio": 0.0, "text_boxes": "0 boxes", "time_bands": 4, "train_resolution": "1536x864", "video_layout_mode": "none", "video_viewport_mode": "static", "viewport_pan": 0.0, "viewport_zoom": 0.0}
{
  "canvas_type": "time-conditioned-latent-feature-grid-learned-flow-mlp-glyph-weighted-source-coord",
  "train_resolution": "1536x864",
  "steps": 12000,
  "batch_size": 131072,
  "channels": 24,
  "hidden": 128,
  "detail_channels": 0,
  "detail_hidden": 128,
  "detail_scale": 0.0,
  "detail_init_scale": 0.01,
  "source_coord_features": 1,
  "freq_bands": 10,
  "time_bands": 4,
  "lr": 0.01,
  "lr_schedule": "constant",
  "min_lr_ratio": 0.1,
  "grad_clip": 0.5,
  "l1_loss_weight": 0.0,
  "gradient_loss_weight": 0.0,
  "gradient_loss_ratio": 0.125,
  "gradient_loss_offset_px": 1.0,
  "seed": 3,
  "experiment_label": "c65-sourcecoord-target60-c24h128-end50-seed3-s12000",
  "flow_scale": 0.08,
  "motion_mode": "layout-reflow",
  "motion_strength": 1.0,
  "video_viewport_mode": "static",
  "viewport_zoom": 0.0,
  "viewport_pan": 0.0,
  "video_layout_mode": "none",
  "layout_transform_strength": 0.0,
  "layout_transform_pan": 0.0,
  "layout_supersample": 1.0,
  "layout_region_count": 0,
  "element_scale_ratio": 0.25,
  "element_anchor_padding": 3,
  "element_mask_mode": "rectangle",
  "element_anchor_mode": "line",
  "element_render_mode": "sequential",
  "element_line_count": 0,
  "min_ocr_similarity": 0.55,
  "min_motion_delta": 0.045,
  "edge_sample_ratio": 0.09,
  "edge_loss_weight": 0.9,
  "text_box_sample_ratio": 0.0,
  "text_box_loss_weight": 0.0,
  "text_box_padding": 0,
  "layout_target_sampling": 1,
  "layout_target_weighting": 1,
  "layout_target_sampling_ratio": 0.6,
  "layout_target_pair_ratio": 0.0,
  "layout_target_pair_weight": 1.0,
  "layout_mid_time_ratio": 0.6,
  "layout_mid_time_width": 0.28,
  "layout_flow_loss_weight": 0.0,
  "layout_oracle_flow": 0,
  "layout_motion_curriculum_ratio": 0.0,
  "layout_motion_curriculum_start": 0.0,
  "layout_endpoint_ratio": 0.5,
  "layout_endpoint_target_ratio": 0.6,
  "text_box_count": 0,
  "text_mask_coverage": 0.0,
  "element_alpha_coverage": 0.0,
  "compile_ms": 222448.63017,
  "final_mse": 0.001235563075169921,
  "losses": [
    {
      "step": 0,
      "mse": 0.22201085090637207
    },
    {
      "step": 600,
      "mse": 0.004712853580713272
    },
    {
      "step": 1200,
      "mse": 0.0032201942522078753
    },
    {
      "step": 1800,
      "mse": 0.002562612062320113
    },
    {
      "step": 2400,
      "mse": 0.002310444600880146
    },
    {
      "step": 3000,
      "mse": 0.0021257447078824043
    },
    {
      "step": 3600,
      "mse": 0.0019072066061198711
    },
    {
      "step": 4200,
      "mse": 0.0018759004306048155
    },
    {
      "step": 4800,
      "mse": 0.0016419822350144386
    },
    {
      "step": 5400,
      "mse": 0.001665306743234396
    },
    {
      "step": 6000,
      "mse": 0.001497299293987453
    },
    {
      "step": 6600,
      "mse": 0.0014875051565468311
    },
    {
      "step": 7200,
      "mse": 0.0014915363863110542
    },
    {
      "step": 7800,
      "mse": 0.0014168629422783852
    },
    {
      "step": 8400,
      "mse": 0.0013624057173728943
    },
    {
      "step": 9000,
      "mse": 0.0013375473208725452
    },
    {
      "step": 9600,
      "mse": 0.0013356267008930445
    },
    {
      "step": 10200,
      "mse": 0.0012773394118994474
    },
    {
      "step": 10800,
      "mse": 0.0012870300561189651
    },
    {
      "step": 11400,
      "mse": 0.0012668482959270477
    },
    {
      "step": 11999,
      "mse": 0.001235563075169921
    }
  ],
  "render_times": {
    "render-960.png": 15.924090999988039,
    "render-mid.png": 15.592007999998714,
    "render-last.png": 15.576197999990882,
    "render-512.png": 3.825172000006205,
    "crop-2x.png": 15.42091600001072
  },
  "render_960_ms": 15.924090999988039,
  "render_33_wall_ms": 504.7665260000258,
  "encode_ms": 257.1226279999905,
  "resize_consistency": 0.9995865935868641,
  "temporal_consistency": 0.9974416042678058,
  "motion_delta_model": 0.06707189977169037,
  "loop_error_model": 0.0025583957321941853,
  "description": "C4.7 neural canvas: learned full page layout reflow from x,y,t Learned warped/source coordinate features are included in the renderer MLP.",
  "run_id": "20260425T022003785393Z-c2-lite-glyph-layout-reflow-c65-sourcecoord-target60-c24h128-end50-seed3-s12000-1536x864-s12000",
  "commit": "7e3fddd",
  "track": "C",
  "width": 960,
  "height": 544,
  "frames": 33,
  "fps": 24,
  "artifacts": {
    "input": "/Users/dennisonbertram/Develop/flipbook-research/outputs/track-c/20260425T022003785393Z-c2-lite-glyph-layout-reflow-c65-sourcecoord-target60-c24h128-end50-seed3-s12000-1536x864-s12000/input.png",
    "render_960": "/Users/dennisonbertram/Develop/flipbook-research/outputs/track-c/20260425T022003785393Z-c2-lite-glyph-layout-reflow-c65-sourcecoord-target60-c24h128-end50-seed3-s12000-1536x864-s12000/render-960.png",
    "render_mid": "/Users/dennisonbertram/Develop/flipbook-research/outputs/track-c/20260425T022003785393Z-c2-lite-glyph-layout-reflow-c65-sourcecoord-target60-c24h128-end50-seed3-s12000-1536x864-s12000/render-mid.png",
    "render_last": "/Users/dennisonbertram/Develop/flipbook-research/outputs/track-c/20260425T022003785393Z-c2-lite-glyph-layout-reflow-c65-sourcecoord-target60-c24h128-end50-seed3-s12000-1536x864-s12000/render-last.png",
    "render_512": "/Users/dennisonbertram/Develop/flipbook-research/outputs/track-c/20260425T022003785393Z-c2-lite-glyph-layout-reflow-c65-sourcecoord-target60-c24h128-end50-seed3-s12000-1536x864-s12000/render-512.png",
    "crop_2x": "/Users/dennisonbertram/Develop/flipbook-research/outputs/track-c/20260425T022003785393Z-c2-lite-glyph-layout-reflow-c65-sourcecoord-target60-c24h128-end50-seed3-s12000-1536x864-s12000/crop-2x.png",
    "text_mask": "/Users/dennisonbertram/Develop/flipbook-research/outputs/track-c/20260425T022003785393Z-c2-lite-glyph-layout-reflow-c65-sourcecoord-target60-c24h128-end50-seed3-s12000-1536x864-s12000/text-mask.png",
    "element_alpha_mask": "/Users/dennisonbertram/Develop/flipbook-research/outputs/track-c/20260425T022003785393Z-c2-lite-glyph-layout-reflow-c65-sourcecoord-target60-c24h128-end50-seed3-s12000-1536x864-s12000/element-alpha-mask.png",
    "target_mid": "/Users/dennisonbertram/Develop/flipbook-research/outputs/track-c/20260425T022003785393Z-c2-lite-glyph-layout-reflow-c65-sourcecoord-target60-c24h128-end50-seed3-s12000-1536x864-s12000/target-mid.png",
    "text_boxes": "/Users/dennisonbertram/Develop/flipbook-research/outputs/track-c/20260425T022003785393Z-c2-lite-glyph-layout-reflow-c65-sourcecoord-target60-c24h128-end50-seed3-s12000-1536x864-s12000/text-boxes.json",
    "output": "/Users/dennisonbertram/Develop/flipbook-research/outputs/track-c/20260425T022003785393Z-c2-lite-glyph-layout-reflow-c65-sourcecoord-target60-c24h128-end50-seed3-s12000-1536x864-s12000/output.mp4",
    "metrics": "/Users/dennisonbertram/Develop/flipbook-research/outputs/track-c/20260425T022003785393Z-c2-lite-glyph-layout-reflow-c65-sourcecoord-target60-c24h128-end50-seed3-s12000-1536x864-s12000/metrics.json",
    "quality": "/Users/dennisonbertram/Develop/flipbook-research/outputs/track-c/20260425T022003785393Z-c2-lite-glyph-layout-reflow-c65-sourcecoord-target60-c24h128-end50-seed3-s12000-1536x864-s12000/quality.json"
  },
  "ocr_similarity": 0.41333333333333333,
  "layout_similarity": 0.9995865935868641,
  "motion_delta": 0.05120847001671791,
  "loop_error": 0.0015768730081617832,
  "status": "near_miss"
}
DONE 20260425T022003785393Z-c2-lite-glyph-layout-reflow-c65-sourcecoord-target60-c24h128-end50-seed3-s12000-1536x864-s12000 quality=0.4133 motion=0.0512
Stopping app - local entrypoint completed.
✓ App completed. View run at 
https://modal.com/apps/dennisonbertram/main/ap-5fQASL5ubTQqO6MeptbCUz
