✓ Initialized. View run at 
https://modal.com/apps/dennisonbertram/main/ap-r6crH5YFtqXecsyTO05hXE
✓ Created objects.
├── 🔨 Created mount 
│   /Users/dennisonbertram/Develop/flipbook-research/scripts/track_c/modal_canva
│   s_c2_lite.py
└── 🔨 Created function train_and_render_motion.
START 20260425T022003739356Z-c2-lite-glyph-layout-reflow-c65-sourcecoord-target60-c24h128-end50-seed5-s12000-1536x864-s12000 config={"batch_size": 131072, "channels": 24, "detail_channels": 0, "detail_hidden": 128, "detail_init_scale": 0.01, "detail_scale": 0.0, "edge_loss_weight": 0.9, "edge_sample_ratio": 0.09, "element_anchor_mode": "line", "element_anchor_padding": 3, "element_mask_mode": "rectangle", "element_render_mode": "sequential", "element_scale_ratio": 0.25, "experiment_label": "c65-sourcecoord-target60-c24h128-end50-seed5-s12000", "flow_scale": 0.08, "fps": 24, "frames": 33, "freq_bands": 10, "grad_clip": 0.5, "gradient_loss_offset_px": 1.0, "gradient_loss_ratio": 0.125, "gradient_loss_weight": 0.0, "hidden": 128, "l1_loss_weight": 0.0, "layout_endpoint_ratio": 0.5, "layout_endpoint_target_ratio": 0.6, "layout_flow_loss_weight": 0.0, "layout_mid_time_ratio": 0.6, "layout_mid_time_width": 0.28, "layout_motion_curriculum_ratio": 0.0, "layout_motion_curriculum_start": 0.0, "layout_oracle_flow": 0, "layout_supersample": 1.0, "layout_target_pair_ratio": 0.0, "layout_target_pair_weight": 1.0, "layout_target_sampling": 1, "layout_target_sampling_ratio": 0.6, "layout_target_weighting": 1, "layout_transform_pan": 0.0, "layout_transform_strength": 0.0, "lr": 0.01, "lr_schedule": "constant", "min_lr_ratio": 0.1, "min_motion_delta": 0.045, "min_ocr_similarity": 0.55, "motion_mode": "layout-reflow", "motion_strength": 1.0, "seed": 5, "source_coord_features": 1, "source_resolution": [1280, 736], "steps": 12000, "text_box_loss_weight": 0.0, "text_box_min_conf": 55.0, "text_box_padding": 0, "text_box_sample_ratio": 0.0, "text_boxes": "0 boxes", "time_bands": 4, "train_resolution": "1536x864", "video_layout_mode": "none", "video_viewport_mode": "static", "viewport_pan": 0.0, "viewport_zoom": 0.0}
{
  "canvas_type": "time-conditioned-latent-feature-grid-learned-flow-mlp-glyph-weighted-source-coord",
  "train_resolution": "1536x864",
  "steps": 12000,
  "batch_size": 131072,
  "channels": 24,
  "hidden": 128,
  "detail_channels": 0,
  "detail_hidden": 128,
  "detail_scale": 0.0,
  "detail_init_scale": 0.01,
  "source_coord_features": 1,
  "freq_bands": 10,
  "time_bands": 4,
  "lr": 0.01,
  "lr_schedule": "constant",
  "min_lr_ratio": 0.1,
  "grad_clip": 0.5,
  "l1_loss_weight": 0.0,
  "gradient_loss_weight": 0.0,
  "gradient_loss_ratio": 0.125,
  "gradient_loss_offset_px": 1.0,
  "seed": 5,
  "experiment_label": "c65-sourcecoord-target60-c24h128-end50-seed5-s12000",
  "flow_scale": 0.08,
  "motion_mode": "layout-reflow",
  "motion_strength": 1.0,
  "video_viewport_mode": "static",
  "viewport_zoom": 0.0,
  "viewport_pan": 0.0,
  "video_layout_mode": "none",
  "layout_transform_strength": 0.0,
  "layout_transform_pan": 0.0,
  "layout_supersample": 1.0,
  "layout_region_count": 0,
  "element_scale_ratio": 0.25,
  "element_anchor_padding": 3,
  "element_mask_mode": "rectangle",
  "element_anchor_mode": "line",
  "element_render_mode": "sequential",
  "element_line_count": 0,
  "min_ocr_similarity": 0.55,
  "min_motion_delta": 0.045,
  "edge_sample_ratio": 0.09,
  "edge_loss_weight": 0.9,
  "text_box_sample_ratio": 0.0,
  "text_box_loss_weight": 0.0,
  "text_box_padding": 0,
  "layout_target_sampling": 1,
  "layout_target_weighting": 1,
  "layout_target_sampling_ratio": 0.6,
  "layout_target_pair_ratio": 0.0,
  "layout_target_pair_weight": 1.0,
  "layout_mid_time_ratio": 0.6,
  "layout_mid_time_width": 0.28,
  "layout_flow_loss_weight": 0.0,
  "layout_oracle_flow": 0,
  "layout_motion_curriculum_ratio": 0.0,
  "layout_motion_curriculum_start": 0.0,
  "layout_endpoint_ratio": 0.5,
  "layout_endpoint_target_ratio": 0.6,
  "text_box_count": 0,
  "text_mask_coverage": 0.0,
  "element_alpha_coverage": 0.0,
  "compile_ms": 210729.628817,
  "final_mse": 0.001379201072268188,
  "losses": [
    {
      "step": 0,
      "mse": 0.2357935905456543
    },
    {
      "step": 600,
      "mse": 0.004284555092453957
    },
    {
      "step": 1200,
      "mse": 0.003219763282686472
    },
    {
      "step": 1800,
      "mse": 0.0027024904265999794
    },
    {
      "step": 2400,
      "mse": 0.0022406172938644886
    },
    {
      "step": 3000,
      "mse": 0.002193536376580596
    },
    {
      "step": 3600,
      "mse": 0.00192352500744164
    },
    {
      "step": 4200,
      "mse": 0.0018747742287814617
    },
    {
      "step": 4800,
      "mse": 0.001818936550989747
    },
    {
      "step": 5400,
      "mse": 0.0017283011693507433
    },
    {
      "step": 6000,
      "mse": 0.0018342221155762672
    },
    {
      "step": 6600,
      "mse": 0.001542121171951294
    },
    {
      "step": 7200,
      "mse": 0.0014262559125199914
    },
    {
      "step": 7800,
      "mse": 0.001434996142052114
    },
    {
      "step": 8400,
      "mse": 0.0014008162543177605
    },
    {
      "step": 9000,
      "mse": 0.001301775686442852
    },
    {
      "step": 9600,
      "mse": 0.0012725777924060822
    },
    {
      "step": 10200,
      "mse": 0.0013027583481743932
    },
    {
      "step": 10800,
      "mse": 0.0013221553526818752
    },
    {
      "step": 11400,
      "mse": 0.001262829639017582
    },
    {
      "step": 11999,
      "mse": 0.001379201072268188
    }
  ],
  "render_times": {
    "render-960.png": 12.617683999991414,
    "render-mid.png": 12.468785999999454,
    "render-last.png": 12.47273699999596,
    "render-512.png": 3.2633840000073633,
    "crop-2x.png": 12.31940200000281
  },
  "render_960_ms": 12.617683999991414,
  "render_33_wall_ms": 400.5637080000213,
  "encode_ms": 280.7989300000031,
  "resize_consistency": 0.9995279244815602,
  "temporal_consistency": 0.9974090794567019,
  "motion_delta_model": 0.06297566741704941,
  "loop_error_model": 0.0025909205432981253,
  "description": "C4.7 neural canvas: learned full page layout reflow from x,y,t Learned warped/source coordinate features are included in the renderer MLP.",
  "run_id": "20260425T022003739356Z-c2-lite-glyph-layout-reflow-c65-sourcecoord-target60-c24h128-end50-seed5-s12000-1536x864-s12000",
  "commit": "7e3fddd",
  "track": "C",
  "width": 960,
  "height": 544,
  "frames": 33,
  "fps": 24,
  "artifacts": {
    "input": "/Users/dennisonbertram/Develop/flipbook-research/outputs/track-c/20260425T022003739356Z-c2-lite-glyph-layout-reflow-c65-sourcecoord-target60-c24h128-end50-seed5-s12000-1536x864-s12000/input.png",
    "render_960": "/Users/dennisonbertram/Develop/flipbook-research/outputs/track-c/20260425T022003739356Z-c2-lite-glyph-layout-reflow-c65-sourcecoord-target60-c24h128-end50-seed5-s12000-1536x864-s12000/render-960.png",
    "render_mid": "/Users/dennisonbertram/Develop/flipbook-research/outputs/track-c/20260425T022003739356Z-c2-lite-glyph-layout-reflow-c65-sourcecoord-target60-c24h128-end50-seed5-s12000-1536x864-s12000/render-mid.png",
    "render_last": "/Users/dennisonbertram/Develop/flipbook-research/outputs/track-c/20260425T022003739356Z-c2-lite-glyph-layout-reflow-c65-sourcecoord-target60-c24h128-end50-seed5-s12000-1536x864-s12000/render-last.png",
    "render_512": "/Users/dennisonbertram/Develop/flipbook-research/outputs/track-c/20260425T022003739356Z-c2-lite-glyph-layout-reflow-c65-sourcecoord-target60-c24h128-end50-seed5-s12000-1536x864-s12000/render-512.png",
    "crop_2x": "/Users/dennisonbertram/Develop/flipbook-research/outputs/track-c/20260425T022003739356Z-c2-lite-glyph-layout-reflow-c65-sourcecoord-target60-c24h128-end50-seed5-s12000-1536x864-s12000/crop-2x.png",
    "text_mask": "/Users/dennisonbertram/Develop/flipbook-research/outputs/track-c/20260425T022003739356Z-c2-lite-glyph-layout-reflow-c65-sourcecoord-target60-c24h128-end50-seed5-s12000-1536x864-s12000/text-mask.png",
    "element_alpha_mask": "/Users/dennisonbertram/Develop/flipbook-research/outputs/track-c/20260425T022003739356Z-c2-lite-glyph-layout-reflow-c65-sourcecoord-target60-c24h128-end50-seed5-s12000-1536x864-s12000/element-alpha-mask.png",
    "target_mid": "/Users/dennisonbertram/Develop/flipbook-research/outputs/track-c/20260425T022003739356Z-c2-lite-glyph-layout-reflow-c65-sourcecoord-target60-c24h128-end50-seed5-s12000-1536x864-s12000/target-mid.png",
    "text_boxes": "/Users/dennisonbertram/Develop/flipbook-research/outputs/track-c/20260425T022003739356Z-c2-lite-glyph-layout-reflow-c65-sourcecoord-target60-c24h128-end50-seed5-s12000-1536x864-s12000/text-boxes.json",
    "output": "/Users/dennisonbertram/Develop/flipbook-research/outputs/track-c/20260425T022003739356Z-c2-lite-glyph-layout-reflow-c65-sourcecoord-target60-c24h128-end50-seed5-s12000-1536x864-s12000/output.mp4",
    "metrics": "/Users/dennisonbertram/Develop/flipbook-research/outputs/track-c/20260425T022003739356Z-c2-lite-glyph-layout-reflow-c65-sourcecoord-target60-c24h128-end50-seed5-s12000-1536x864-s12000/metrics.json",
    "quality": "/Users/dennisonbertram/Develop/flipbook-research/outputs/track-c/20260425T022003739356Z-c2-lite-glyph-layout-reflow-c65-sourcecoord-target60-c24h128-end50-seed5-s12000-1536x864-s12000/quality.json"
  },
  "ocr_similarity": 0.5031446540880503,
  "layout_similarity": 0.9995279244815602,
  "motion_delta": 0.04861338064074516,
  "loop_error": 0.001429927651770413,
  "status": "near_miss"
}
DONE 20260425T022003739356Z-c2-lite-glyph-layout-reflow-c65-sourcecoord-target60-c24h128-end50-seed5-s12000-1536x864-s12000 quality=0.5031 motion=0.0486
Stopping app - local entrypoint completed.
✓ App completed. View run at 
https://modal.com/apps/dennisonbertram/main/ap-r6crH5YFtqXecsyTO05hXE
