✓ Initialized. View run at 
https://modal.com/apps/dennisonbertram/main/ap-hwwxHm8c965GxXsYIFSdww
✓ Created objects.
├── 🔨 Created mount 
│   /Users/dennisonbertram/Develop/flipbook-research/scripts/track_c/modal_canva
│   s_c2_lite.py
└── 🔨 Created function train_and_render_motion.
START 20260425T023214444768Z-c2-lite-glyph-layout-reflow-c66-neighbor-cross1-target60-curr50-seed2-s12000-1536x864-s12000 config={"batch_size": 131072, "channels": 24, "detail_channels": 0, "detail_hidden": 128, "detail_init_scale": 0.01, "detail_scale": 0.0, "edge_loss_weight": 0.9, "edge_sample_ratio": 0.09, "element_anchor_mode": "line", "element_anchor_padding": 3, "element_mask_mode": "rectangle", "element_render_mode": "sequential", "element_scale_ratio": 0.25, "experiment_label": "c66-neighbor-cross1-target60-curr50-seed2-s12000", "flow_scale": 0.08, "fps": 24, "frames": 33, "freq_bands": 10, "grad_clip": 0.5, "gradient_loss_offset_px": 1.0, "gradient_loss_ratio": 0.125, "gradient_loss_weight": 0.0, "hidden": 128, "l1_loss_weight": 0.0, "latent_neighborhood_mode": "cross", "latent_neighborhood_radius_px": 1.0, "layout_endpoint_ratio": 0.0, "layout_endpoint_target_ratio": 0.5, "layout_flow_loss_weight": 0.0, "layout_mid_time_ratio": 0.6, "layout_mid_time_width": 0.28, "layout_motion_curriculum_ratio": 0.5, "layout_motion_curriculum_start": 0.0, "layout_oracle_flow": 0, "layout_supersample": 1.0, "layout_target_pair_ratio": 0.0, "layout_target_pair_weight": 1.0, "layout_target_sampling": 1, "layout_target_sampling_ratio": 0.6, "layout_target_weighting": 1, "layout_transform_pan": 0.0, "layout_transform_strength": 0.0, "lr": 0.01, "lr_schedule": "constant", "min_lr_ratio": 0.1, "min_motion_delta": 0.045, "min_ocr_similarity": 0.55, "motion_mode": "layout-reflow", "motion_strength": 1.0, "seed": 2, "source_coord_features": 1, "source_resolution": [1280, 736], "steps": 12000, "text_box_loss_weight": 0.0, "text_box_min_conf": 55.0, "text_box_padding": 0, "text_box_sample_ratio": 0.0, "text_boxes": "0 boxes", "time_bands": 4, "train_resolution": "1536x864", "video_layout_mode": "none", "video_viewport_mode": "static", "viewport_pan": 0.0, "viewport_zoom": 0.0}
{
  "canvas_type": "time-conditioned-latent-feature-grid-learned-flow-mlp-glyph-weighted-source-coord-latent-cross-neighborhood",
  "train_resolution": "1536x864",
  "steps": 12000,
  "batch_size": 131072,
  "channels": 24,
  "hidden": 128,
  "detail_channels": 0,
  "detail_hidden": 128,
  "detail_scale": 0.0,
  "detail_init_scale": 0.01,
  "source_coord_features": 1,
  "latent_neighborhood_mode": "cross",
  "latent_neighborhood_radius_px": 1.0,
  "latent_neighborhood_taps": 5,
  "freq_bands": 10,
  "time_bands": 4,
  "lr": 0.01,
  "lr_schedule": "constant",
  "min_lr_ratio": 0.1,
  "grad_clip": 0.5,
  "l1_loss_weight": 0.0,
  "gradient_loss_weight": 0.0,
  "gradient_loss_ratio": 0.125,
  "gradient_loss_offset_px": 1.0,
  "seed": 2,
  "experiment_label": "c66-neighbor-cross1-target60-curr50-seed2-s12000",
  "flow_scale": 0.08,
  "motion_mode": "layout-reflow",
  "motion_strength": 1.0,
  "video_viewport_mode": "static",
  "viewport_zoom": 0.0,
  "viewport_pan": 0.0,
  "video_layout_mode": "none",
  "layout_transform_strength": 0.0,
  "layout_transform_pan": 0.0,
  "layout_supersample": 1.0,
  "layout_region_count": 0,
  "element_scale_ratio": 0.25,
  "element_anchor_padding": 3,
  "element_mask_mode": "rectangle",
  "element_anchor_mode": "line",
  "element_render_mode": "sequential",
  "element_line_count": 0,
  "min_ocr_similarity": 0.55,
  "min_motion_delta": 0.045,
  "edge_sample_ratio": 0.09,
  "edge_loss_weight": 0.9,
  "text_box_sample_ratio": 0.0,
  "text_box_loss_weight": 0.0,
  "text_box_padding": 0,
  "layout_target_sampling": 1,
  "layout_target_weighting": 1,
  "layout_target_sampling_ratio": 0.6,
  "layout_target_pair_ratio": 0.0,
  "layout_target_pair_weight": 1.0,
  "layout_mid_time_ratio": 0.6,
  "layout_mid_time_width": 0.28,
  "layout_flow_loss_weight": 0.0,
  "layout_oracle_flow": 0,
  "layout_motion_curriculum_ratio": 0.5,
  "layout_motion_curriculum_start": 0.0,
  "layout_endpoint_ratio": 0.0,
  "layout_endpoint_target_ratio": 0.5,
  "text_box_count": 0,
  "text_mask_coverage": 0.0,
  "element_alpha_coverage": 0.0,
  "compile_ms": 245120.13880800002,
  "final_mse": 0.001190610695630312,
  "losses": [
    {
      "step": 0,
      "mse": 0.21427354216575623
    },
    {
      "step": 600,
      "mse": 0.0014390901196748018
    },
    {
      "step": 1200,
      "mse": 0.001526754698716104
    },
    {
      "step": 1800,
      "mse": 0.0016902163624763489
    },
    {
      "step": 2400,
      "mse": 0.0019966361578553915
    },
    {
      "step": 3000,
      "mse": 0.0023828838020563126
    },
    {
      "step": 3600,
      "mse": 0.002626055618748069
    },
    {
      "step": 4200,
      "mse": 0.0028016152791678905
    },
    {
      "step": 4800,
      "mse": 0.0028472053818404675
    },
    {
      "step": 5400,
      "mse": 0.0028671249747276306
    },
    {
      "step": 6000,
      "mse": 0.002302005421370268
    },
    {
      "step": 6600,
      "mse": 0.0019088152330368757
    },
    {
      "step": 7200,
      "mse": 0.001701920060440898
    },
    {
      "step": 7800,
      "mse": 0.0016028410755097866
    },
    {
      "step": 8400,
      "mse": 0.001505485619418323
    },
    {
      "step": 9000,
      "mse": 0.0014604866737499833
    },
    {
      "step": 9600,
      "mse": 0.001428383169695735
    },
    {
      "step": 10200,
      "mse": 0.0013543576933443546
    },
    {
      "step": 10800,
      "mse": 0.001249218126758933
    },
    {
      "step": 11400,
      "mse": 0.0012565023498609662
    },
    {
      "step": 11999,
      "mse": 0.001190610695630312
    }
  ],
  "render_times": {
    "render-960.png": 17.931384999997135,
    "render-mid.png": 17.81344799999829,
    "render-last.png": 17.806070999995427,
    "render-512.png": 4.5506689999967875,
    "crop-2x.png": 17.75435799999059
  },
  "render_960_ms": 17.931384999997135,
  "render_33_wall_ms": 578.1971090000013,
  "encode_ms": 295.412878999997,
  "resize_consistency": 0.9994804289633382,
  "temporal_consistency": 0.9980261877644807,
  "motion_delta_model": 0.06670714914798737,
  "loop_error_model": 0.00197381223551929,
  "description": "C4.7 neural canvas: learned full page layout reflow from x,y,t Learned warped/source coordinate features are included in the renderer MLP. Decoder samples a cross latent neighborhood with 1px radius for local glyph/detail context.",
  "run_id": "20260425T023214444768Z-c2-lite-glyph-layout-reflow-c66-neighbor-cross1-target60-curr50-seed2-s12000-1536x864-s12000",
  "commit": "e93b978",
  "track": "C",
  "width": 960,
  "height": 544,
  "frames": 33,
  "fps": 24,
  "artifacts": {
    "input": "/Users/dennisonbertram/Develop/flipbook-research/outputs/track-c/20260425T023214444768Z-c2-lite-glyph-layout-reflow-c66-neighbor-cross1-target60-curr50-seed2-s12000-1536x864-s12000/input.png",
    "render_960": "/Users/dennisonbertram/Develop/flipbook-research/outputs/track-c/20260425T023214444768Z-c2-lite-glyph-layout-reflow-c66-neighbor-cross1-target60-curr50-seed2-s12000-1536x864-s12000/render-960.png",
    "render_mid": "/Users/dennisonbertram/Develop/flipbook-research/outputs/track-c/20260425T023214444768Z-c2-lite-glyph-layout-reflow-c66-neighbor-cross1-target60-curr50-seed2-s12000-1536x864-s12000/render-mid.png",
    "render_last": "/Users/dennisonbertram/Develop/flipbook-research/outputs/track-c/20260425T023214444768Z-c2-lite-glyph-layout-reflow-c66-neighbor-cross1-target60-curr50-seed2-s12000-1536x864-s12000/render-last.png",
    "render_512": "/Users/dennisonbertram/Develop/flipbook-research/outputs/track-c/20260425T023214444768Z-c2-lite-glyph-layout-reflow-c66-neighbor-cross1-target60-curr50-seed2-s12000-1536x864-s12000/render-512.png",
    "crop_2x": "/Users/dennisonbertram/Develop/flipbook-research/outputs/track-c/20260425T023214444768Z-c2-lite-glyph-layout-reflow-c66-neighbor-cross1-target60-curr50-seed2-s12000-1536x864-s12000/crop-2x.png",
    "text_mask": "/Users/dennisonbertram/Develop/flipbook-research/outputs/track-c/20260425T023214444768Z-c2-lite-glyph-layout-reflow-c66-neighbor-cross1-target60-curr50-seed2-s12000-1536x864-s12000/text-mask.png",
    "element_alpha_mask": "/Users/dennisonbertram/Develop/flipbook-research/outputs/track-c/20260425T023214444768Z-c2-lite-glyph-layout-reflow-c66-neighbor-cross1-target60-curr50-seed2-s12000-1536x864-s12000/element-alpha-mask.png",
    "target_mid": "/Users/dennisonbertram/Develop/flipbook-research/outputs/track-c/20260425T023214444768Z-c2-lite-glyph-layout-reflow-c66-neighbor-cross1-target60-curr50-seed2-s12000-1536x864-s12000/target-mid.png",
    "text_boxes": "/Users/dennisonbertram/Develop/flipbook-research/outputs/track-c/20260425T023214444768Z-c2-lite-glyph-layout-reflow-c66-neighbor-cross1-target60-curr50-seed2-s12000-1536x864-s12000/text-boxes.json",
    "output": "/Users/dennisonbertram/Develop/flipbook-research/outputs/track-c/20260425T023214444768Z-c2-lite-glyph-layout-reflow-c66-neighbor-cross1-target60-curr50-seed2-s12000-1536x864-s12000/output.mp4",
    "metrics": "/Users/dennisonbertram/Develop/flipbook-research/outputs/track-c/20260425T023214444768Z-c2-lite-glyph-layout-reflow-c66-neighbor-cross1-target60-curr50-seed2-s12000-1536x864-s12000/metrics.json",
    "quality": "/Users/dennisonbertram/Develop/flipbook-research/outputs/track-c/20260425T023214444768Z-c2-lite-glyph-layout-reflow-c66-neighbor-cross1-target60-curr50-seed2-s12000-1536x864-s12000/quality.json"
  },
  "ocr_similarity": 0.45000000000000007,
  "layout_similarity": 0.9994804289633382,
  "motion_delta": 0.050509486347436905,
  "loop_error": 0.0013304512249305844,
  "status": "near_miss"
}
DONE 20260425T023214444768Z-c2-lite-glyph-layout-reflow-c66-neighbor-cross1-target60-curr50-seed2-s12000-1536x864-s12000 quality=0.4500 motion=0.0505
Stopping app - local entrypoint completed.
✓ App completed. View run at 
https://modal.com/apps/dennisonbertram/main/ap-hwwxHm8c965GxXsYIFSdww
