✓ Initialized. View run at 
https://modal.com/apps/dennisonbertram/main/ap-5f3W5WzxLa3uqE1RTdQJjk
✓ Created objects.
├── 🔨 Created mount 
│   /Users/dennisonbertram/Develop/flipbook-research/scripts/track_c/modal_canva
│   s_c2_lite.py
└── 🔨 Created function train_and_render_motion.
START 20260425T023214141433Z-c2-lite-glyph-layout-reflow-c66-neighbor-cross1-target60-c24h128-seed4-s12000-1536x864-s12000 config={"batch_size": 131072, "channels": 24, "detail_channels": 0, "detail_hidden": 128, "detail_init_scale": 0.01, "detail_scale": 0.0, "edge_loss_weight": 0.9, "edge_sample_ratio": 0.09, "element_anchor_mode": "line", "element_anchor_padding": 3, "element_mask_mode": "rectangle", "element_render_mode": "sequential", "element_scale_ratio": 0.25, "experiment_label": "c66-neighbor-cross1-target60-c24h128-seed4-s12000", "flow_scale": 0.08, "fps": 24, "frames": 33, "freq_bands": 10, "grad_clip": 0.5, "gradient_loss_offset_px": 1.0, "gradient_loss_ratio": 0.125, "gradient_loss_weight": 0.0, "hidden": 128, "l1_loss_weight": 0.0, "latent_neighborhood_mode": "cross", "latent_neighborhood_radius_px": 1.0, "layout_endpoint_ratio": 0.0, "layout_endpoint_target_ratio": 0.5, "layout_flow_loss_weight": 0.0, "layout_mid_time_ratio": 0.6, "layout_mid_time_width": 0.28, "layout_motion_curriculum_ratio": 0.0, "layout_motion_curriculum_start": 0.0, "layout_oracle_flow": 0, "layout_supersample": 1.0, "layout_target_pair_ratio": 0.0, "layout_target_pair_weight": 1.0, "layout_target_sampling": 1, "layout_target_sampling_ratio": 0.6, "layout_target_weighting": 1, "layout_transform_pan": 0.0, "layout_transform_strength": 0.0, "lr": 0.01, "lr_schedule": "constant", "min_lr_ratio": 0.1, "min_motion_delta": 0.045, "min_ocr_similarity": 0.55, "motion_mode": "layout-reflow", "motion_strength": 1.0, "seed": 4, "source_coord_features": 1, "source_resolution": [1280, 736], "steps": 12000, "text_box_loss_weight": 0.0, "text_box_min_conf": 55.0, "text_box_padding": 0, "text_box_sample_ratio": 0.0, "text_boxes": "0 boxes", "time_bands": 4, "train_resolution": "1536x864", "video_layout_mode": "none", "video_viewport_mode": "static", "viewport_pan": 0.0, "viewport_zoom": 0.0}
{
  "canvas_type": "time-conditioned-latent-feature-grid-learned-flow-mlp-glyph-weighted-source-coord-latent-cross-neighborhood",
  "train_resolution": "1536x864",
  "steps": 12000,
  "batch_size": 131072,
  "channels": 24,
  "hidden": 128,
  "detail_channels": 0,
  "detail_hidden": 128,
  "detail_scale": 0.0,
  "detail_init_scale": 0.01,
  "source_coord_features": 1,
  "latent_neighborhood_mode": "cross",
  "latent_neighborhood_radius_px": 1.0,
  "latent_neighborhood_taps": 5,
  "freq_bands": 10,
  "time_bands": 4,
  "lr": 0.01,
  "lr_schedule": "constant",
  "min_lr_ratio": 0.1,
  "grad_clip": 0.5,
  "l1_loss_weight": 0.0,
  "gradient_loss_weight": 0.0,
  "gradient_loss_ratio": 0.125,
  "gradient_loss_offset_px": 1.0,
  "seed": 4,
  "experiment_label": "c66-neighbor-cross1-target60-c24h128-seed4-s12000",
  "flow_scale": 0.08,
  "motion_mode": "layout-reflow",
  "motion_strength": 1.0,
  "video_viewport_mode": "static",
  "viewport_zoom": 0.0,
  "viewport_pan": 0.0,
  "video_layout_mode": "none",
  "layout_transform_strength": 0.0,
  "layout_transform_pan": 0.0,
  "layout_supersample": 1.0,
  "layout_region_count": 0,
  "element_scale_ratio": 0.25,
  "element_anchor_padding": 3,
  "element_mask_mode": "rectangle",
  "element_anchor_mode": "line",
  "element_render_mode": "sequential",
  "element_line_count": 0,
  "min_ocr_similarity": 0.55,
  "min_motion_delta": 0.045,
  "edge_sample_ratio": 0.09,
  "edge_loss_weight": 0.9,
  "text_box_sample_ratio": 0.0,
  "text_box_loss_weight": 0.0,
  "text_box_padding": 0,
  "layout_target_sampling": 1,
  "layout_target_weighting": 1,
  "layout_target_sampling_ratio": 0.6,
  "layout_target_pair_ratio": 0.0,
  "layout_target_pair_weight": 1.0,
  "layout_mid_time_ratio": 0.6,
  "layout_mid_time_width": 0.28,
  "layout_flow_loss_weight": 0.0,
  "layout_oracle_flow": 0,
  "layout_motion_curriculum_ratio": 0.0,
  "layout_motion_curriculum_start": 0.0,
  "layout_endpoint_ratio": 0.0,
  "layout_endpoint_target_ratio": 0.5,
  "text_box_count": 0,
  "text_mask_coverage": 0.0,
  "element_alpha_coverage": 0.0,
  "compile_ms": 245940.05222200003,
  "final_mse": 0.0014207800850272179,
  "losses": [
    {
      "step": 0,
      "mse": 0.2153410017490387
    },
    {
      "step": 600,
      "mse": 0.005673771724104881
    },
    {
      "step": 1200,
      "mse": 0.0036990949884057045
    },
    {
      "step": 1800,
      "mse": 0.002932208590209484
    },
    {
      "step": 2400,
      "mse": 0.002583409659564495
    },
    {
      "step": 3000,
      "mse": 0.0022711739875376225
    },
    {
      "step": 3600,
      "mse": 0.002211130689829588
    },
    {
      "step": 4200,
      "mse": 0.0018983441404998302
    },
    {
      "step": 4800,
      "mse": 0.0018562607001513243
    },
    {
      "step": 5400,
      "mse": 0.0017975899390876293
    },
    {
      "step": 6000,
      "mse": 0.0016792328096926212
    },
    {
      "step": 6600,
      "mse": 0.00164788868278265
    },
    {
      "step": 7200,
      "mse": 0.001658413908444345
    },
    {
      "step": 7800,
      "mse": 0.0014858189970254898
    },
    {
      "step": 8400,
      "mse": 0.001995805185288191
    },
    {
      "step": 9000,
      "mse": 0.002497123321518302
    },
    {
      "step": 9600,
      "mse": 0.0018284074030816555
    },
    {
      "step": 10200,
      "mse": 0.0015152577543631196
    },
    {
      "step": 10800,
      "mse": 0.0016119898064062
    },
    {
      "step": 11400,
      "mse": 0.0014002984389662743
    },
    {
      "step": 11999,
      "mse": 0.0014207800850272179
    }
  ],
  "render_times": {
    "render-960.png": 17.857737999975143,
    "render-mid.png": 17.810795999992024,
    "render-last.png": 17.771496999984038,
    "render-512.png": 4.5542029999978695,
    "crop-2x.png": 17.628162000022485
  },
  "render_960_ms": 17.857737999975143,
  "render_33_wall_ms": 577.7619590000143,
  "encode_ms": 248.71280299998944,
  "resize_consistency": 0.9993588922684672,
  "temporal_consistency": 0.9984839607495815,
  "motion_delta_model": 0.07192875444889069,
  "loop_error_model": 0.0015160392504185438,
  "description": "C4.7 neural canvas: learned full page layout reflow from x,y,t Learned warped/source coordinate features are included in the renderer MLP. Decoder samples a cross latent neighborhood with 1px radius for local glyph/detail context.",
  "run_id": "20260425T023214141433Z-c2-lite-glyph-layout-reflow-c66-neighbor-cross1-target60-c24h128-seed4-s12000-1536x864-s12000",
  "commit": "e93b978",
  "track": "C",
  "width": 960,
  "height": 544,
  "frames": 33,
  "fps": 24,
  "artifacts": {
    "input": "/Users/dennisonbertram/Develop/flipbook-research/outputs/track-c/20260425T023214141433Z-c2-lite-glyph-layout-reflow-c66-neighbor-cross1-target60-c24h128-seed4-s12000-1536x864-s12000/input.png",
    "render_960": "/Users/dennisonbertram/Develop/flipbook-research/outputs/track-c/20260425T023214141433Z-c2-lite-glyph-layout-reflow-c66-neighbor-cross1-target60-c24h128-seed4-s12000-1536x864-s12000/render-960.png",
    "render_mid": "/Users/dennisonbertram/Develop/flipbook-research/outputs/track-c/20260425T023214141433Z-c2-lite-glyph-layout-reflow-c66-neighbor-cross1-target60-c24h128-seed4-s12000-1536x864-s12000/render-mid.png",
    "render_last": "/Users/dennisonbertram/Develop/flipbook-research/outputs/track-c/20260425T023214141433Z-c2-lite-glyph-layout-reflow-c66-neighbor-cross1-target60-c24h128-seed4-s12000-1536x864-s12000/render-last.png",
    "render_512": "/Users/dennisonbertram/Develop/flipbook-research/outputs/track-c/20260425T023214141433Z-c2-lite-glyph-layout-reflow-c66-neighbor-cross1-target60-c24h128-seed4-s12000-1536x864-s12000/render-512.png",
    "crop_2x": "/Users/dennisonbertram/Develop/flipbook-research/outputs/track-c/20260425T023214141433Z-c2-lite-glyph-layout-reflow-c66-neighbor-cross1-target60-c24h128-seed4-s12000-1536x864-s12000/crop-2x.png",
    "text_mask": "/Users/dennisonbertram/Develop/flipbook-research/outputs/track-c/20260425T023214141433Z-c2-lite-glyph-layout-reflow-c66-neighbor-cross1-target60-c24h128-seed4-s12000-1536x864-s12000/text-mask.png",
    "element_alpha_mask": "/Users/dennisonbertram/Develop/flipbook-research/outputs/track-c/20260425T023214141433Z-c2-lite-glyph-layout-reflow-c66-neighbor-cross1-target60-c24h128-seed4-s12000-1536x864-s12000/element-alpha-mask.png",
    "target_mid": "/Users/dennisonbertram/Develop/flipbook-research/outputs/track-c/20260425T023214141433Z-c2-lite-glyph-layout-reflow-c66-neighbor-cross1-target60-c24h128-seed4-s12000-1536x864-s12000/target-mid.png",
    "text_boxes": "/Users/dennisonbertram/Develop/flipbook-research/outputs/track-c/20260425T023214141433Z-c2-lite-glyph-layout-reflow-c66-neighbor-cross1-target60-c24h128-seed4-s12000-1536x864-s12000/text-boxes.json",
    "output": "/Users/dennisonbertram/Develop/flipbook-research/outputs/track-c/20260425T023214141433Z-c2-lite-glyph-layout-reflow-c66-neighbor-cross1-target60-c24h128-seed4-s12000-1536x864-s12000/output.mp4",
    "metrics": "/Users/dennisonbertram/Develop/flipbook-research/outputs/track-c/20260425T023214141433Z-c2-lite-glyph-layout-reflow-c66-neighbor-cross1-target60-c24h128-seed4-s12000-1536x864-s12000/metrics.json",
    "quality": "/Users/dennisonbertram/Develop/flipbook-research/outputs/track-c/20260425T023214141433Z-c2-lite-glyph-layout-reflow-c66-neighbor-cross1-target60-c24h128-seed4-s12000-1536x864-s12000/quality.json"
  },
  "ocr_similarity": 0.5529411764705882,
  "layout_similarity": 0.9993588922684672,
  "motion_delta": 0.05533163622021675,
  "loop_error": 0.0009333015768788755,
  "status": "pass"
}
DONE 20260425T023214141433Z-c2-lite-glyph-layout-reflow-c66-neighbor-cross1-target60-c24h128-seed4-s12000-1536x864-s12000 quality=0.5529 motion=0.0553
Stopping app - local entrypoint completed.
✓ App completed. View run at 
https://modal.com/apps/dennisonbertram/main/ap-5f3W5WzxLa3uqE1RTdQJjk
