✓ Initialized. View run at 
https://modal.com/apps/dennisonbertram/main/ap-V1SnbU7yx3jjvfMdVulctF
✓ Created objects.
├── 🔨 Created mount 
│   /Users/dennisonbertram/Develop/flipbook-research/scripts/track_c/modal_canva
│   s_c2_lite.py
└── 🔨 Created function train_and_render_motion.
START 20260425T024236508392Z-c2-lite-glyph-layout-reflow-c67-neighbor-grid1-target60-c32h160-seed1-s14000-1536x864-s14000 config={"batch_size": 131072, "channels": 32, "detail_channels": 0, "detail_hidden": 160, "detail_init_scale": 0.01, "detail_scale": 0.0, "edge_loss_weight": 0.9, "edge_sample_ratio": 0.09, "element_anchor_mode": "line", "element_anchor_padding": 3, "element_mask_mode": "rectangle", "element_render_mode": "sequential", "element_scale_ratio": 0.25, "experiment_label": "c67-neighbor-grid1-target60-c32h160-seed1-s14000", "flow_scale": 0.1, "fps": 24, "frames": 33, "freq_bands": 10, "grad_clip": 0.5, "gradient_loss_offset_px": 1.0, "gradient_loss_ratio": 0.125, "gradient_loss_weight": 0.0, "hidden": 160, "l1_loss_weight": 0.0, "latent_neighborhood_mode": "grid", "latent_neighborhood_radius_px": 1.0, "layout_endpoint_ratio": 0.0, "layout_endpoint_target_ratio": 0.5, "layout_flow_loss_weight": 0.0, "layout_mid_time_ratio": 0.6, "layout_mid_time_width": 0.28, "layout_motion_curriculum_ratio": 0.0, "layout_motion_curriculum_start": 0.0, "layout_oracle_flow": 0, "layout_supersample": 1.0, "layout_target_pair_ratio": 0.0, "layout_target_pair_weight": 1.0, "layout_target_sampling": 1, "layout_target_sampling_ratio": 0.6, "layout_target_weighting": 1, "layout_transform_pan": 0.0, "layout_transform_strength": 0.0, "lr": 0.01, "lr_schedule": "constant", "min_lr_ratio": 0.1, "min_motion_delta": 0.045, "min_ocr_similarity": 0.55, "motion_mode": "layout-reflow", "motion_strength": 1.0, "seed": 1, "source_coord_features": 1, "source_resolution": [1280, 736], "steps": 14000, "text_box_loss_weight": 0.0, "text_box_min_conf": 55.0, "text_box_padding": 0, "text_box_sample_ratio": 0.0, "text_boxes": "0 boxes", "time_bands": 4, "train_resolution": "1536x864", "video_layout_mode": "none", "video_viewport_mode": "static", "viewport_pan": 0.0, "viewport_zoom": 0.0}
{
  "canvas_type": "time-conditioned-latent-feature-grid-learned-flow-mlp-glyph-weighted-source-coord-latent-grid-neighborhood",
  "train_resolution": "1536x864",
  "steps": 14000,
  "batch_size": 131072,
  "channels": 32,
  "hidden": 160,
  "detail_channels": 0,
  "detail_hidden": 160,
  "detail_scale": 0.0,
  "detail_init_scale": 0.01,
  "source_coord_features": 1,
  "latent_neighborhood_mode": "grid",
  "latent_neighborhood_radius_px": 1.0,
  "latent_neighborhood_taps": 9,
  "freq_bands": 10,
  "time_bands": 4,
  "lr": 0.01,
  "lr_schedule": "constant",
  "min_lr_ratio": 0.1,
  "grad_clip": 0.5,
  "l1_loss_weight": 0.0,
  "gradient_loss_weight": 0.0,
  "gradient_loss_ratio": 0.125,
  "gradient_loss_offset_px": 1.0,
  "seed": 1,
  "experiment_label": "c67-neighbor-grid1-target60-c32h160-seed1-s14000",
  "flow_scale": 0.1,
  "motion_mode": "layout-reflow",
  "motion_strength": 1.0,
  "video_viewport_mode": "static",
  "viewport_zoom": 0.0,
  "viewport_pan": 0.0,
  "video_layout_mode": "none",
  "layout_transform_strength": 0.0,
  "layout_transform_pan": 0.0,
  "layout_supersample": 1.0,
  "layout_region_count": 0,
  "element_scale_ratio": 0.25,
  "element_anchor_padding": 3,
  "element_mask_mode": "rectangle",
  "element_anchor_mode": "line",
  "element_render_mode": "sequential",
  "element_line_count": 0,
  "min_ocr_similarity": 0.55,
  "min_motion_delta": 0.045,
  "edge_sample_ratio": 0.09,
  "edge_loss_weight": 0.9,
  "text_box_sample_ratio": 0.0,
  "text_box_loss_weight": 0.0,
  "text_box_padding": 0,
  "layout_target_sampling": 1,
  "layout_target_weighting": 1,
  "layout_target_sampling_ratio": 0.6,
  "layout_target_pair_ratio": 0.0,
  "layout_target_pair_weight": 1.0,
  "layout_mid_time_ratio": 0.6,
  "layout_mid_time_width": 0.28,
  "layout_flow_loss_weight": 0.0,
  "layout_oracle_flow": 0,
  "layout_motion_curriculum_ratio": 0.0,
  "layout_motion_curriculum_start": 0.0,
  "layout_endpoint_ratio": 0.0,
  "layout_endpoint_target_ratio": 0.5,
  "text_box_count": 0,
  "text_mask_coverage": 0.0,
  "element_alpha_coverage": 0.0,
  "compile_ms": 339018.513086,
  "final_mse": 0.0013617654331028461,
  "losses": [
    {
      "step": 0,
      "mse": 0.2258327603340149
    },
    {
      "step": 700,
      "mse": 0.0057874396443367004
    },
    {
      "step": 1400,
      "mse": 0.0035942248068749905
    },
    {
      "step": 2100,
      "mse": 0.003782132873311639
    },
    {
      "step": 2800,
      "mse": 0.002594970865175128
    },
    {
      "step": 3500,
      "mse": 0.0024454304948449135
    },
    {
      "step": 4200,
      "mse": 0.0022889201063662767
    },
    {
      "step": 4900,
      "mse": 0.00201637065038085
    },
    {
      "step": 5600,
      "mse": 0.0019405973143875599
    },
    {
      "step": 6300,
      "mse": 0.0018298175418749452
    },
    {
      "step": 7000,
      "mse": 0.0016984811518341303
    },
    {
      "step": 7700,
      "mse": 0.0016345693729817867
    },
    {
      "step": 8400,
      "mse": 0.0016786176711320877
    },
    {
      "step": 9100,
      "mse": 0.001614751061424613
    },
    {
      "step": 9800,
      "mse": 0.0018059141002595425
    },
    {
      "step": 10500,
      "mse": 0.0015065941261127591
    },
    {
      "step": 11200,
      "mse": 0.0014580099377781153
    },
    {
      "step": 11900,
      "mse": 0.0014985428424552083
    },
    {
      "step": 12600,
      "mse": 0.0014507315354421735
    },
    {
      "step": 13300,
      "mse": 0.0015185531228780746
    },
    {
      "step": 13999,
      "mse": 0.0013617654331028461
    }
  ],
  "render_times": {
    "render-960.png": 18.2401030000392,
    "render-mid.png": 18.2708749999847,
    "render-last.png": 18.34669199996597,
    "render-512.png": 5.447141000047395,
    "crop-2x.png": 18.073700999991615
  },
  "render_960_ms": 18.2401030000392,
  "render_33_wall_ms": 588.5504769999557,
  "encode_ms": 284.0850649999993,
  "resize_consistency": 0.999524062734895,
  "temporal_consistency": 0.9986616674577817,
  "motion_delta_model": 0.06648438423871994,
  "loop_error_model": 0.001338332542218268,
  "description": "C4.7 neural canvas: learned full page layout reflow from x,y,t Learned warped/source coordinate features are included in the renderer MLP. Decoder samples a grid latent neighborhood with 1px radius for local glyph/detail context.",
  "run_id": "20260425T024236508392Z-c2-lite-glyph-layout-reflow-c67-neighbor-grid1-target60-c32h160-seed1-s14000-1536x864-s14000",
  "commit": "99e882b",
  "track": "C",
  "width": 960,
  "height": 544,
  "frames": 33,
  "fps": 24,
  "artifacts": {
    "input": "/Users/dennisonbertram/Develop/flipbook-research/outputs/track-c/20260425T024236508392Z-c2-lite-glyph-layout-reflow-c67-neighbor-grid1-target60-c32h160-seed1-s14000-1536x864-s14000/input.png",
    "render_960": "/Users/dennisonbertram/Develop/flipbook-research/outputs/track-c/20260425T024236508392Z-c2-lite-glyph-layout-reflow-c67-neighbor-grid1-target60-c32h160-seed1-s14000-1536x864-s14000/render-960.png",
    "render_mid": "/Users/dennisonbertram/Develop/flipbook-research/outputs/track-c/20260425T024236508392Z-c2-lite-glyph-layout-reflow-c67-neighbor-grid1-target60-c32h160-seed1-s14000-1536x864-s14000/render-mid.png",
    "render_last": "/Users/dennisonbertram/Develop/flipbook-research/outputs/track-c/20260425T024236508392Z-c2-lite-glyph-layout-reflow-c67-neighbor-grid1-target60-c32h160-seed1-s14000-1536x864-s14000/render-last.png",
    "render_512": "/Users/dennisonbertram/Develop/flipbook-research/outputs/track-c/20260425T024236508392Z-c2-lite-glyph-layout-reflow-c67-neighbor-grid1-target60-c32h160-seed1-s14000-1536x864-s14000/render-512.png",
    "crop_2x": "/Users/dennisonbertram/Develop/flipbook-research/outputs/track-c/20260425T024236508392Z-c2-lite-glyph-layout-reflow-c67-neighbor-grid1-target60-c32h160-seed1-s14000-1536x864-s14000/crop-2x.png",
    "text_mask": "/Users/dennisonbertram/Develop/flipbook-research/outputs/track-c/20260425T024236508392Z-c2-lite-glyph-layout-reflow-c67-neighbor-grid1-target60-c32h160-seed1-s14000-1536x864-s14000/text-mask.png",
    "element_alpha_mask": "/Users/dennisonbertram/Develop/flipbook-research/outputs/track-c/20260425T024236508392Z-c2-lite-glyph-layout-reflow-c67-neighbor-grid1-target60-c32h160-seed1-s14000-1536x864-s14000/element-alpha-mask.png",
    "target_mid": "/Users/dennisonbertram/Develop/flipbook-research/outputs/track-c/20260425T024236508392Z-c2-lite-glyph-layout-reflow-c67-neighbor-grid1-target60-c32h160-seed1-s14000-1536x864-s14000/target-mid.png",
    "text_boxes": "/Users/dennisonbertram/Develop/flipbook-research/outputs/track-c/20260425T024236508392Z-c2-lite-glyph-layout-reflow-c67-neighbor-grid1-target60-c32h160-seed1-s14000-1536x864-s14000/text-boxes.json",
    "output": "/Users/dennisonbertram/Develop/flipbook-research/outputs/track-c/20260425T024236508392Z-c2-lite-glyph-layout-reflow-c67-neighbor-grid1-target60-c32h160-seed1-s14000-1536x864-s14000/output.mp4",
    "metrics": "/Users/dennisonbertram/Develop/flipbook-research/outputs/track-c/20260425T024236508392Z-c2-lite-glyph-layout-reflow-c67-neighbor-grid1-target60-c32h160-seed1-s14000-1536x864-s14000/metrics.json",
    "quality": "/Users/dennisonbertram/Develop/flipbook-research/outputs/track-c/20260425T024236508392Z-c2-lite-glyph-layout-reflow-c67-neighbor-grid1-target60-c32h160-seed1-s14000-1536x864-s14000/quality.json"
  },
  "ocr_similarity": 0.5232558139534883,
  "layout_similarity": 0.999524062734895,
  "motion_delta": 0.05041322484612465,
  "loop_error": 0.0008092395728453994,
  "status": "near_miss"
}
DONE 20260425T024236508392Z-c2-lite-glyph-layout-reflow-c67-neighbor-grid1-target60-c32h160-seed1-s14000-1536x864-s14000 quality=0.5233 motion=0.0504
Stopping app - local entrypoint completed.
✓ App completed. View run at 
https://modal.com/apps/dennisonbertram/main/ap-V1SnbU7yx3jjvfMdVulctF
