✓ Initialized. View run at 
https://modal.com/apps/dennisonbertram/main/ap-y4zLy0ldoK1lGSNgpUczDe
✓ Created objects.
├── 🔨 Created mount 
│   /Users/dennisonbertram/Develop/flipbook-research/scripts/track_c/modal_canva
│   s_c2_lite.py
└── 🔨 Created function train_and_render_motion.
START 20260425T024235695355Z-c2-lite-glyph-layout-reflow-c67-neighbor-cross15-target60-c32h160-seed1-s14000-1536x864-s14000 config={"batch_size": 131072, "channels": 32, "detail_channels": 0, "detail_hidden": 160, "detail_init_scale": 0.01, "detail_scale": 0.0, "edge_loss_weight": 0.9, "edge_sample_ratio": 0.09, "element_anchor_mode": "line", "element_anchor_padding": 3, "element_mask_mode": "rectangle", "element_render_mode": "sequential", "element_scale_ratio": 0.25, "experiment_label": "c67-neighbor-cross15-target60-c32h160-seed1-s14000", "flow_scale": 0.1, "fps": 24, "frames": 33, "freq_bands": 10, "grad_clip": 0.5, "gradient_loss_offset_px": 1.0, "gradient_loss_ratio": 0.125, "gradient_loss_weight": 0.0, "hidden": 160, "l1_loss_weight": 0.0, "latent_neighborhood_mode": "cross", "latent_neighborhood_radius_px": 1.5, "layout_endpoint_ratio": 0.0, "layout_endpoint_target_ratio": 0.5, "layout_flow_loss_weight": 0.0, "layout_mid_time_ratio": 0.6, "layout_mid_time_width": 0.28, "layout_motion_curriculum_ratio": 0.0, "layout_motion_curriculum_start": 0.0, "layout_oracle_flow": 0, "layout_supersample": 1.0, "layout_target_pair_ratio": 0.0, "layout_target_pair_weight": 1.0, "layout_target_sampling": 1, "layout_target_sampling_ratio": 0.6, "layout_target_weighting": 1, "layout_transform_pan": 0.0, "layout_transform_strength": 0.0, "lr": 0.01, "lr_schedule": "constant", "min_lr_ratio": 0.1, "min_motion_delta": 0.045, "min_ocr_similarity": 0.55, "motion_mode": "layout-reflow", "motion_strength": 1.0, "seed": 1, "source_coord_features": 1, "source_resolution": [1280, 736], "steps": 14000, "text_box_loss_weight": 0.0, "text_box_min_conf": 55.0, "text_box_padding": 0, "text_box_sample_ratio": 0.0, "text_boxes": "0 boxes", "time_bands": 4, "train_resolution": "1536x864", "video_layout_mode": "none", "video_viewport_mode": "static", "viewport_pan": 0.0, "viewport_zoom": 0.0}
{
  "canvas_type": "time-conditioned-latent-feature-grid-learned-flow-mlp-glyph-weighted-source-coord-latent-cross-neighborhood",
  "train_resolution": "1536x864",
  "steps": 14000,
  "batch_size": 131072,
  "channels": 32,
  "hidden": 160,
  "detail_channels": 0,
  "detail_hidden": 160,
  "detail_scale": 0.0,
  "detail_init_scale": 0.01,
  "source_coord_features": 1,
  "latent_neighborhood_mode": "cross",
  "latent_neighborhood_radius_px": 1.5,
  "latent_neighborhood_taps": 5,
  "freq_bands": 10,
  "time_bands": 4,
  "lr": 0.01,
  "lr_schedule": "constant",
  "min_lr_ratio": 0.1,
  "grad_clip": 0.5,
  "l1_loss_weight": 0.0,
  "gradient_loss_weight": 0.0,
  "gradient_loss_ratio": 0.125,
  "gradient_loss_offset_px": 1.0,
  "seed": 1,
  "experiment_label": "c67-neighbor-cross15-target60-c32h160-seed1-s14000",
  "flow_scale": 0.1,
  "motion_mode": "layout-reflow",
  "motion_strength": 1.0,
  "video_viewport_mode": "static",
  "viewport_zoom": 0.0,
  "viewport_pan": 0.0,
  "video_layout_mode": "none",
  "layout_transform_strength": 0.0,
  "layout_transform_pan": 0.0,
  "layout_supersample": 1.0,
  "layout_region_count": 0,
  "element_scale_ratio": 0.25,
  "element_anchor_padding": 3,
  "element_mask_mode": "rectangle",
  "element_anchor_mode": "line",
  "element_render_mode": "sequential",
  "element_line_count": 0,
  "min_ocr_similarity": 0.55,
  "min_motion_delta": 0.045,
  "edge_sample_ratio": 0.09,
  "edge_loss_weight": 0.9,
  "text_box_sample_ratio": 0.0,
  "text_box_loss_weight": 0.0,
  "text_box_padding": 0,
  "layout_target_sampling": 1,
  "layout_target_weighting": 1,
  "layout_target_sampling_ratio": 0.6,
  "layout_target_pair_ratio": 0.0,
  "layout_target_pair_weight": 1.0,
  "layout_mid_time_ratio": 0.6,
  "layout_mid_time_width": 0.28,
  "layout_flow_loss_weight": 0.0,
  "layout_oracle_flow": 0,
  "layout_motion_curriculum_ratio": 0.0,
  "layout_motion_curriculum_start": 0.0,
  "layout_endpoint_ratio": 0.0,
  "layout_endpoint_target_ratio": 0.5,
  "text_box_count": 0,
  "text_mask_coverage": 0.0,
  "element_alpha_coverage": 0.0,
  "compile_ms": 388910.47462899995,
  "final_mse": 0.0013064853847026825,
  "losses": [
    {
      "step": 0,
      "mse": 0.23494525253772736
    },
    {
      "step": 700,
      "mse": 0.005154742859303951
    },
    {
      "step": 1400,
      "mse": 0.004234910476952791
    },
    {
      "step": 2100,
      "mse": 0.0030539941508322954
    },
    {
      "step": 2800,
      "mse": 0.002440527779981494
    },
    {
      "step": 3500,
      "mse": 0.0022457933519035578
    },
    {
      "step": 4200,
      "mse": 0.002138526411727071
    },
    {
      "step": 4900,
      "mse": 0.0018976423889398575
    },
    {
      "step": 5600,
      "mse": 0.0018726950511336327
    },
    {
      "step": 6300,
      "mse": 0.0017862631939351559
    },
    {
      "step": 7000,
      "mse": 0.001665351795963943
    },
    {
      "step": 7700,
      "mse": 0.0015730328159406781
    },
    {
      "step": 8400,
      "mse": 0.001610015518963337
    },
    {
      "step": 9100,
      "mse": 0.001519582117907703
    },
    {
      "step": 9800,
      "mse": 0.0015096969436854124
    },
    {
      "step": 10500,
      "mse": 0.0014418596401810646
    },
    {
      "step": 11200,
      "mse": 0.001345957862213254
    },
    {
      "step": 11900,
      "mse": 0.0014188409550115466
    },
    {
      "step": 12600,
      "mse": 0.001373611157760024
    },
    {
      "step": 13300,
      "mse": 0.00132022425532341
    },
    {
      "step": 13999,
      "mse": 0.0013064853847026825
    }
  ],
  "render_times": {
    "render-960.png": 48.44528500001388,
    "render-mid.png": 20.812439999986054,
    "render-last.png": 20.757443000036346,
    "render-512.png": 5.660207000005357,
    "crop-2x.png": 20.32395200001247
  },
  "render_960_ms": 48.44528500001388,
  "render_33_wall_ms": 668.9493430000084,
  "encode_ms": 430.1021439999886,
  "resize_consistency": 0.9995047236423866,
  "temporal_consistency": 0.9986787418602034,
  "motion_delta_model": 0.06584502011537552,
  "loop_error_model": 0.001321258139796555,
  "description": "C4.7 neural canvas: learned full page layout reflow from x,y,t Learned warped/source coordinate features are included in the renderer MLP. Decoder samples a cross latent neighborhood with 1.5px radius for local glyph/detail context.",
  "run_id": "20260425T024235695355Z-c2-lite-glyph-layout-reflow-c67-neighbor-cross15-target60-c32h160-seed1-s14000-1536x864-s14000",
  "commit": "99e882b",
  "track": "C",
  "width": 960,
  "height": 544,
  "frames": 33,
  "fps": 24,
  "artifacts": {
    "input": "/Users/dennisonbertram/Develop/flipbook-research/outputs/track-c/20260425T024235695355Z-c2-lite-glyph-layout-reflow-c67-neighbor-cross15-target60-c32h160-seed1-s14000-1536x864-s14000/input.png",
    "render_960": "/Users/dennisonbertram/Develop/flipbook-research/outputs/track-c/20260425T024235695355Z-c2-lite-glyph-layout-reflow-c67-neighbor-cross15-target60-c32h160-seed1-s14000-1536x864-s14000/render-960.png",
    "render_mid": "/Users/dennisonbertram/Develop/flipbook-research/outputs/track-c/20260425T024235695355Z-c2-lite-glyph-layout-reflow-c67-neighbor-cross15-target60-c32h160-seed1-s14000-1536x864-s14000/render-mid.png",
    "render_last": "/Users/dennisonbertram/Develop/flipbook-research/outputs/track-c/20260425T024235695355Z-c2-lite-glyph-layout-reflow-c67-neighbor-cross15-target60-c32h160-seed1-s14000-1536x864-s14000/render-last.png",
    "render_512": "/Users/dennisonbertram/Develop/flipbook-research/outputs/track-c/20260425T024235695355Z-c2-lite-glyph-layout-reflow-c67-neighbor-cross15-target60-c32h160-seed1-s14000-1536x864-s14000/render-512.png",
    "crop_2x": "/Users/dennisonbertram/Develop/flipbook-research/outputs/track-c/20260425T024235695355Z-c2-lite-glyph-layout-reflow-c67-neighbor-cross15-target60-c32h160-seed1-s14000-1536x864-s14000/crop-2x.png",
    "text_mask": "/Users/dennisonbertram/Develop/flipbook-research/outputs/track-c/20260425T024235695355Z-c2-lite-glyph-layout-reflow-c67-neighbor-cross15-target60-c32h160-seed1-s14000-1536x864-s14000/text-mask.png",
    "element_alpha_mask": "/Users/dennisonbertram/Develop/flipbook-research/outputs/track-c/20260425T024235695355Z-c2-lite-glyph-layout-reflow-c67-neighbor-cross15-target60-c32h160-seed1-s14000-1536x864-s14000/element-alpha-mask.png",
    "target_mid": "/Users/dennisonbertram/Develop/flipbook-research/outputs/track-c/20260425T024235695355Z-c2-lite-glyph-layout-reflow-c67-neighbor-cross15-target60-c32h160-seed1-s14000-1536x864-s14000/target-mid.png",
    "text_boxes": "/Users/dennisonbertram/Develop/flipbook-research/outputs/track-c/20260425T024235695355Z-c2-lite-glyph-layout-reflow-c67-neighbor-cross15-target60-c32h160-seed1-s14000-1536x864-s14000/text-boxes.json",
    "output": "/Users/dennisonbertram/Develop/flipbook-research/outputs/track-c/20260425T024235695355Z-c2-lite-glyph-layout-reflow-c67-neighbor-cross15-target60-c32h160-seed1-s14000-1536x864-s14000/output.mp4",
    "metrics": "/Users/dennisonbertram/Develop/flipbook-research/outputs/track-c/20260425T024235695355Z-c2-lite-glyph-layout-reflow-c67-neighbor-cross15-target60-c32h160-seed1-s14000-1536x864-s14000/metrics.json",
    "quality": "/Users/dennisonbertram/Develop/flipbook-research/outputs/track-c/20260425T024235695355Z-c2-lite-glyph-layout-reflow-c67-neighbor-cross15-target60-c32h160-seed1-s14000-1536x864-s14000/quality.json"
  },
  "ocr_similarity": 0.49696969696969695,
  "layout_similarity": 0.9995047236423866,
  "motion_delta": 0.04986099898815155,
  "loop_error": 0.0008035660139285028,
  "status": "near_miss"
}
DONE 20260425T024235695355Z-c2-lite-glyph-layout-reflow-c67-neighbor-cross15-target60-c32h160-seed1-s14000-1536x864-s14000 quality=0.4970 motion=0.0499
Stopping app - local entrypoint completed.
✓ App completed. View run at 
https://modal.com/apps/dennisonbertram/main/ap-y4zLy0ldoK1lGSNgpUczDe
