✓ Initialized. View run at 
https://modal.com/apps/dennisonbertram/main/ap-F2gU2st6j8P2nIE3Rf0KdZ
✓ Created objects.
├── 🔨 Created mount 
│   /Users/dennisonbertram/Develop/flipbook-research/scripts/track_c/modal_canva
│   s_c2_lite.py
└── 🔨 Created function train_and_render_motion.
START 20260425T024235701634Z-c2-lite-glyph-layout-reflow-c67-neighbor-cross1-target60-c40h192-seed1-s12000-1536x864-s12000 config={"batch_size": 131072, "channels": 40, "detail_channels": 0, "detail_hidden": 192, "detail_init_scale": 0.01, "detail_scale": 0.0, "edge_loss_weight": 0.9, "edge_sample_ratio": 0.09, "element_anchor_mode": "line", "element_anchor_padding": 3, "element_mask_mode": "rectangle", "element_render_mode": "sequential", "element_scale_ratio": 0.25, "experiment_label": "c67-neighbor-cross1-target60-c40h192-seed1-s12000", "flow_scale": 0.1, "fps": 24, "frames": 33, "freq_bands": 10, "grad_clip": 0.5, "gradient_loss_offset_px": 1.0, "gradient_loss_ratio": 0.125, "gradient_loss_weight": 0.0, "hidden": 192, "l1_loss_weight": 0.0, "latent_neighborhood_mode": "cross", "latent_neighborhood_radius_px": 1.0, "layout_endpoint_ratio": 0.0, "layout_endpoint_target_ratio": 0.5, "layout_flow_loss_weight": 0.0, "layout_mid_time_ratio": 0.6, "layout_mid_time_width": 0.28, "layout_motion_curriculum_ratio": 0.0, "layout_motion_curriculum_start": 0.0, "layout_oracle_flow": 0, "layout_supersample": 1.0, "layout_target_pair_ratio": 0.0, "layout_target_pair_weight": 1.0, "layout_target_sampling": 1, "layout_target_sampling_ratio": 0.6, "layout_target_weighting": 1, "layout_transform_pan": 0.0, "layout_transform_strength": 0.0, "lr": 0.01, "lr_schedule": "constant", "min_lr_ratio": 0.1, "min_motion_delta": 0.045, "min_ocr_similarity": 0.55, "motion_mode": "layout-reflow", "motion_strength": 1.0, "seed": 1, "source_coord_features": 1, "source_resolution": [1280, 736], "steps": 12000, "text_box_loss_weight": 0.0, "text_box_min_conf": 55.0, "text_box_padding": 0, "text_box_sample_ratio": 0.0, "text_boxes": "0 boxes", "time_bands": 4, "train_resolution": "1536x864", "video_layout_mode": "none", "video_viewport_mode": "static", "viewport_pan": 0.0, "viewport_zoom": 0.0}
{
  "canvas_type": "time-conditioned-latent-feature-grid-learned-flow-mlp-glyph-weighted-source-coord-latent-cross-neighborhood",
  "train_resolution": "1536x864",
  "steps": 12000,
  "batch_size": 131072,
  "channels": 40,
  "hidden": 192,
  "detail_channels": 0,
  "detail_hidden": 192,
  "detail_scale": 0.0,
  "detail_init_scale": 0.01,
  "source_coord_features": 1,
  "latent_neighborhood_mode": "cross",
  "latent_neighborhood_radius_px": 1.0,
  "latent_neighborhood_taps": 5,
  "freq_bands": 10,
  "time_bands": 4,
  "lr": 0.01,
  "lr_schedule": "constant",
  "min_lr_ratio": 0.1,
  "grad_clip": 0.5,
  "l1_loss_weight": 0.0,
  "gradient_loss_weight": 0.0,
  "gradient_loss_ratio": 0.125,
  "gradient_loss_offset_px": 1.0,
  "seed": 1,
  "experiment_label": "c67-neighbor-cross1-target60-c40h192-seed1-s12000",
  "flow_scale": 0.1,
  "motion_mode": "layout-reflow",
  "motion_strength": 1.0,
  "video_viewport_mode": "static",
  "viewport_zoom": 0.0,
  "viewport_pan": 0.0,
  "video_layout_mode": "none",
  "layout_transform_strength": 0.0,
  "layout_transform_pan": 0.0,
  "layout_supersample": 1.0,
  "layout_region_count": 0,
  "element_scale_ratio": 0.25,
  "element_anchor_padding": 3,
  "element_mask_mode": "rectangle",
  "element_anchor_mode": "line",
  "element_render_mode": "sequential",
  "element_line_count": 0,
  "min_ocr_similarity": 0.55,
  "min_motion_delta": 0.045,
  "edge_sample_ratio": 0.09,
  "edge_loss_weight": 0.9,
  "text_box_sample_ratio": 0.0,
  "text_box_loss_weight": 0.0,
  "text_box_padding": 0,
  "layout_target_sampling": 1,
  "layout_target_weighting": 1,
  "layout_target_sampling_ratio": 0.6,
  "layout_target_pair_ratio": 0.0,
  "layout_target_pair_weight": 1.0,
  "layout_mid_time_ratio": 0.6,
  "layout_mid_time_width": 0.28,
  "layout_flow_loss_weight": 0.0,
  "layout_oracle_flow": 0,
  "layout_motion_curriculum_ratio": 0.0,
  "layout_motion_curriculum_start": 0.0,
  "layout_endpoint_ratio": 0.0,
  "layout_endpoint_target_ratio": 0.5,
  "text_box_count": 0,
  "text_mask_coverage": 0.0,
  "element_alpha_coverage": 0.0,
  "compile_ms": 330491.89884,
  "final_mse": 0.0013946420513093472,
  "losses": [
    {
      "step": 0,
      "mse": 0.21367782354354858
    },
    {
      "step": 600,
      "mse": 0.005679049529135227
    },
    {
      "step": 1200,
      "mse": 0.0036577696446329355
    },
    {
      "step": 1800,
      "mse": 0.0029707537032663822
    },
    {
      "step": 2400,
      "mse": 0.002544185146689415
    },
    {
      "step": 3000,
      "mse": 0.002281379885971546
    },
    {
      "step": 3600,
      "mse": 0.0020961156114935875
    },
    {
      "step": 4200,
      "mse": 0.0020987065508961678
    },
    {
      "step": 4800,
      "mse": 0.0018488226924091578
    },
    {
      "step": 5400,
      "mse": 0.0017449615988880396
    },
    {
      "step": 6000,
      "mse": 0.0017584722954779863
    },
    {
      "step": 6600,
      "mse": 0.0016249680193141103
    },
    {
      "step": 7200,
      "mse": 0.0016210885951295495
    },
    {
      "step": 7800,
      "mse": 0.001559825730510056
    },
    {
      "step": 8400,
      "mse": 0.0014752759598195553
    },
    {
      "step": 9000,
      "mse": 0.0015092992689460516
    },
    {
      "step": 9600,
      "mse": 0.0014854779001325369
    },
    {
      "step": 10200,
      "mse": 0.0013775789411738515
    },
    {
      "step": 10800,
      "mse": 0.001349673606455326
    },
    {
      "step": 11400,
      "mse": 0.0014343170914798975
    },
    {
      "step": 11999,
      "mse": 0.0013946420513093472
    }
  ],
  "render_times": {
    "render-960.png": 18.97874500002672,
    "render-mid.png": 19.127143999980944,
    "render-last.png": 19.094707000022026,
    "render-512.png": 5.7456739999679485,
    "crop-2x.png": 18.92307400004256
  },
  "render_960_ms": 18.97874500002672,
  "render_33_wall_ms": 614.0852229999609,
  "encode_ms": 460.73548699996536,
  "resize_consistency": 0.9995106241768115,
  "temporal_consistency": 0.9986982092959806,
  "motion_delta_model": 0.0648328885436058,
  "loop_error_model": 0.0013017907040193677,
  "description": "C4.7 neural canvas: learned full page layout reflow from x,y,t Learned warped/source coordinate features are included in the renderer MLP. Decoder samples a cross latent neighborhood with 1px radius for local glyph/detail context.",
  "run_id": "20260425T024235701634Z-c2-lite-glyph-layout-reflow-c67-neighbor-cross1-target60-c40h192-seed1-s12000-1536x864-s12000",
  "commit": "99e882b",
  "track": "C",
  "width": 960,
  "height": 544,
  "frames": 33,
  "fps": 24,
  "artifacts": {
    "input": "/Users/dennisonbertram/Develop/flipbook-research/outputs/track-c/20260425T024235701634Z-c2-lite-glyph-layout-reflow-c67-neighbor-cross1-target60-c40h192-seed1-s12000-1536x864-s12000/input.png",
    "render_960": "/Users/dennisonbertram/Develop/flipbook-research/outputs/track-c/20260425T024235701634Z-c2-lite-glyph-layout-reflow-c67-neighbor-cross1-target60-c40h192-seed1-s12000-1536x864-s12000/render-960.png",
    "render_mid": "/Users/dennisonbertram/Develop/flipbook-research/outputs/track-c/20260425T024235701634Z-c2-lite-glyph-layout-reflow-c67-neighbor-cross1-target60-c40h192-seed1-s12000-1536x864-s12000/render-mid.png",
    "render_last": "/Users/dennisonbertram/Develop/flipbook-research/outputs/track-c/20260425T024235701634Z-c2-lite-glyph-layout-reflow-c67-neighbor-cross1-target60-c40h192-seed1-s12000-1536x864-s12000/render-last.png",
    "render_512": "/Users/dennisonbertram/Develop/flipbook-research/outputs/track-c/20260425T024235701634Z-c2-lite-glyph-layout-reflow-c67-neighbor-cross1-target60-c40h192-seed1-s12000-1536x864-s12000/render-512.png",
    "crop_2x": "/Users/dennisonbertram/Develop/flipbook-research/outputs/track-c/20260425T024235701634Z-c2-lite-glyph-layout-reflow-c67-neighbor-cross1-target60-c40h192-seed1-s12000-1536x864-s12000/crop-2x.png",
    "text_mask": "/Users/dennisonbertram/Develop/flipbook-research/outputs/track-c/20260425T024235701634Z-c2-lite-glyph-layout-reflow-c67-neighbor-cross1-target60-c40h192-seed1-s12000-1536x864-s12000/text-mask.png",
    "element_alpha_mask": "/Users/dennisonbertram/Develop/flipbook-research/outputs/track-c/20260425T024235701634Z-c2-lite-glyph-layout-reflow-c67-neighbor-cross1-target60-c40h192-seed1-s12000-1536x864-s12000/element-alpha-mask.png",
    "target_mid": "/Users/dennisonbertram/Develop/flipbook-research/outputs/track-c/20260425T024235701634Z-c2-lite-glyph-layout-reflow-c67-neighbor-cross1-target60-c40h192-seed1-s12000-1536x864-s12000/target-mid.png",
    "text_boxes": "/Users/dennisonbertram/Develop/flipbook-research/outputs/track-c/20260425T024235701634Z-c2-lite-glyph-layout-reflow-c67-neighbor-cross1-target60-c40h192-seed1-s12000-1536x864-s12000/text-boxes.json",
    "output": "/Users/dennisonbertram/Develop/flipbook-research/outputs/track-c/20260425T024235701634Z-c2-lite-glyph-layout-reflow-c67-neighbor-cross1-target60-c40h192-seed1-s12000-1536x864-s12000/output.mp4",
    "metrics": "/Users/dennisonbertram/Develop/flipbook-research/outputs/track-c/20260425T024235701634Z-c2-lite-glyph-layout-reflow-c67-neighbor-cross1-target60-c40h192-seed1-s12000-1536x864-s12000/metrics.json",
    "quality": "/Users/dennisonbertram/Develop/flipbook-research/outputs/track-c/20260425T024235701634Z-c2-lite-glyph-layout-reflow-c67-neighbor-cross1-target60-c40h192-seed1-s12000-1536x864-s12000/quality.json"
  },
  "ocr_similarity": 0.5520833333333334,
  "layout_similarity": 0.9995106241768115,
  "motion_delta": 0.049939293414354324,
  "loop_error": 0.0007589339511469007,
  "status": "pass"
}
DONE 20260425T024235701634Z-c2-lite-glyph-layout-reflow-c67-neighbor-cross1-target60-c40h192-seed1-s12000-1536x864-s12000 quality=0.5521 motion=0.0499
Stopping app - local entrypoint completed.
✓ App completed. View run at 
https://modal.com/apps/dennisonbertram/main/ap-F2gU2st6j8P2nIE3Rf0KdZ
