✓ Initialized. View run at 
https://modal.com/apps/dennisonbertram/main/ap-l3PkbyvYH7eq93tk8JLVna
✓ Created objects.
├── 🔨 Created mount 
│   /Users/dennisonbertram/Develop/flipbook-research/scripts/track_c/modal_canva
│   s_c2_lite.py
└── 🔨 Created function train_and_render_motion.
START 20260425T024235680633Z-c2-lite-glyph-layout-reflow-c67-neighbor-cross1-target60-c32h160-seed2-s14000-1536x864-s14000 config={"batch_size": 131072, "channels": 32, "detail_channels": 0, "detail_hidden": 160, "detail_init_scale": 0.01, "detail_scale": 0.0, "edge_loss_weight": 0.9, "edge_sample_ratio": 0.09, "element_anchor_mode": "line", "element_anchor_padding": 3, "element_mask_mode": "rectangle", "element_render_mode": "sequential", "element_scale_ratio": 0.25, "experiment_label": "c67-neighbor-cross1-target60-c32h160-seed2-s14000", "flow_scale": 0.1, "fps": 24, "frames": 33, "freq_bands": 10, "grad_clip": 0.5, "gradient_loss_offset_px": 1.0, "gradient_loss_ratio": 0.125, "gradient_loss_weight": 0.0, "hidden": 160, "l1_loss_weight": 0.0, "latent_neighborhood_mode": "cross", "latent_neighborhood_radius_px": 1.0, "layout_endpoint_ratio": 0.0, "layout_endpoint_target_ratio": 0.5, "layout_flow_loss_weight": 0.0, "layout_mid_time_ratio": 0.6, "layout_mid_time_width": 0.28, "layout_motion_curriculum_ratio": 0.0, "layout_motion_curriculum_start": 0.0, "layout_oracle_flow": 0, "layout_supersample": 1.0, "layout_target_pair_ratio": 0.0, "layout_target_pair_weight": 1.0, "layout_target_sampling": 1, "layout_target_sampling_ratio": 0.6, "layout_target_weighting": 1, "layout_transform_pan": 0.0, "layout_transform_strength": 0.0, "lr": 0.01, "lr_schedule": "constant", "min_lr_ratio": 0.1, "min_motion_delta": 0.045, "min_ocr_similarity": 0.55, "motion_mode": "layout-reflow", "motion_strength": 1.0, "seed": 2, "source_coord_features": 1, "source_resolution": [1280, 736], "steps": 14000, "text_box_loss_weight": 0.0, "text_box_min_conf": 55.0, "text_box_padding": 0, "text_box_sample_ratio": 0.0, "text_boxes": "0 boxes", "time_bands": 4, "train_resolution": "1536x864", "video_layout_mode": "none", "video_viewport_mode": "static", "viewport_pan": 0.0, "viewport_zoom": 0.0}
{
  "canvas_type": "time-conditioned-latent-feature-grid-learned-flow-mlp-glyph-weighted-source-coord-latent-cross-neighborhood",
  "train_resolution": "1536x864",
  "steps": 14000,
  "batch_size": 131072,
  "channels": 32,
  "hidden": 160,
  "detail_channels": 0,
  "detail_hidden": 160,
  "detail_scale": 0.0,
  "detail_init_scale": 0.01,
  "source_coord_features": 1,
  "latent_neighborhood_mode": "cross",
  "latent_neighborhood_radius_px": 1.0,
  "latent_neighborhood_taps": 5,
  "freq_bands": 10,
  "time_bands": 4,
  "lr": 0.01,
  "lr_schedule": "constant",
  "min_lr_ratio": 0.1,
  "grad_clip": 0.5,
  "l1_loss_weight": 0.0,
  "gradient_loss_weight": 0.0,
  "gradient_loss_ratio": 0.125,
  "gradient_loss_offset_px": 1.0,
  "seed": 2,
  "experiment_label": "c67-neighbor-cross1-target60-c32h160-seed2-s14000",
  "flow_scale": 0.1,
  "motion_mode": "layout-reflow",
  "motion_strength": 1.0,
  "video_viewport_mode": "static",
  "viewport_zoom": 0.0,
  "viewport_pan": 0.0,
  "video_layout_mode": "none",
  "layout_transform_strength": 0.0,
  "layout_transform_pan": 0.0,
  "layout_supersample": 1.0,
  "layout_region_count": 0,
  "element_scale_ratio": 0.25,
  "element_anchor_padding": 3,
  "element_mask_mode": "rectangle",
  "element_anchor_mode": "line",
  "element_render_mode": "sequential",
  "element_line_count": 0,
  "min_ocr_similarity": 0.55,
  "min_motion_delta": 0.045,
  "edge_sample_ratio": 0.09,
  "edge_loss_weight": 0.9,
  "text_box_sample_ratio": 0.0,
  "text_box_loss_weight": 0.0,
  "text_box_padding": 0,
  "layout_target_sampling": 1,
  "layout_target_weighting": 1,
  "layout_target_sampling_ratio": 0.6,
  "layout_target_pair_ratio": 0.0,
  "layout_target_pair_weight": 1.0,
  "layout_mid_time_ratio": 0.6,
  "layout_mid_time_width": 0.28,
  "layout_flow_loss_weight": 0.0,
  "layout_oracle_flow": 0,
  "layout_motion_curriculum_ratio": 0.0,
  "layout_motion_curriculum_start": 0.0,
  "layout_endpoint_ratio": 0.0,
  "layout_endpoint_target_ratio": 0.5,
  "text_box_count": 0,
  "text_mask_coverage": 0.0,
  "element_alpha_coverage": 0.0,
  "compile_ms": 368465.03045,
  "final_mse": 0.0014296225272119045,
  "losses": [
    {
      "step": 0,
      "mse": 0.23015037178993225
    },
    {
      "step": 700,
      "mse": 0.005990644916892052
    },
    {
      "step": 1400,
      "mse": 0.003489453112706542
    },
    {
      "step": 2100,
      "mse": 0.0027825054712593555
    },
    {
      "step": 2800,
      "mse": 0.0024994441773742437
    },
    {
      "step": 3500,
      "mse": 0.0022643038537353277
    },
    {
      "step": 4200,
      "mse": 0.002104592975229025
    },
    {
      "step": 4900,
      "mse": 0.002006877912208438
    },
    {
      "step": 5600,
      "mse": 0.0018763425759971142
    },
    {
      "step": 6300,
      "mse": 0.001967150252312422
    },
    {
      "step": 7000,
      "mse": 0.0018228287808597088
    },
    {
      "step": 7700,
      "mse": 0.001707100193016231
    },
    {
      "step": 8400,
      "mse": 0.0016416829312220216
    },
    {
      "step": 9100,
      "mse": 0.0015425438759848475
    },
    {
      "step": 9800,
      "mse": 0.001527352724224329
    },
    {
      "step": 10500,
      "mse": 0.0014823725214228034
    },
    {
      "step": 11200,
      "mse": 0.0014750156551599503
    },
    {
      "step": 11900,
      "mse": 0.0014786822721362114
    },
    {
      "step": 12600,
      "mse": 0.0014474047347903252
    },
    {
      "step": 13300,
      "mse": 0.0015300032682716846
    },
    {
      "step": 13999,
      "mse": 0.0014296225272119045
    }
  ],
  "render_times": {
    "render-960.png": 20.642078000037145,
    "render-mid.png": 20.56798199998866,
    "render-last.png": 20.7313960000306,
    "render-512.png": 5.786018000037529,
    "crop-2x.png": 20.37837599999648
  },
  "render_960_ms": 20.642078000037145,
  "render_33_wall_ms": 669.1923469999779,
  "encode_ms": 388.61122800000203,
  "resize_consistency": 0.9994569500223209,
  "temporal_consistency": 0.9988642852986231,
  "motion_delta_model": 0.06408944725990295,
  "loop_error_model": 0.0011357147013768554,
  "description": "C4.7 neural canvas: learned full page layout reflow from x,y,t Learned warped/source coordinate features are included in the renderer MLP. Decoder samples a cross latent neighborhood with 1px radius for local glyph/detail context.",
  "run_id": "20260425T024235680633Z-c2-lite-glyph-layout-reflow-c67-neighbor-cross1-target60-c32h160-seed2-s14000-1536x864-s14000",
  "commit": "99e882b",
  "track": "C",
  "width": 960,
  "height": 544,
  "frames": 33,
  "fps": 24,
  "artifacts": {
    "input": "/Users/dennisonbertram/Develop/flipbook-research/outputs/track-c/20260425T024235680633Z-c2-lite-glyph-layout-reflow-c67-neighbor-cross1-target60-c32h160-seed2-s14000-1536x864-s14000/input.png",
    "render_960": "/Users/dennisonbertram/Develop/flipbook-research/outputs/track-c/20260425T024235680633Z-c2-lite-glyph-layout-reflow-c67-neighbor-cross1-target60-c32h160-seed2-s14000-1536x864-s14000/render-960.png",
    "render_mid": "/Users/dennisonbertram/Develop/flipbook-research/outputs/track-c/20260425T024235680633Z-c2-lite-glyph-layout-reflow-c67-neighbor-cross1-target60-c32h160-seed2-s14000-1536x864-s14000/render-mid.png",
    "render_last": "/Users/dennisonbertram/Develop/flipbook-research/outputs/track-c/20260425T024235680633Z-c2-lite-glyph-layout-reflow-c67-neighbor-cross1-target60-c32h160-seed2-s14000-1536x864-s14000/render-last.png",
    "render_512": "/Users/dennisonbertram/Develop/flipbook-research/outputs/track-c/20260425T024235680633Z-c2-lite-glyph-layout-reflow-c67-neighbor-cross1-target60-c32h160-seed2-s14000-1536x864-s14000/render-512.png",
    "crop_2x": "/Users/dennisonbertram/Develop/flipbook-research/outputs/track-c/20260425T024235680633Z-c2-lite-glyph-layout-reflow-c67-neighbor-cross1-target60-c32h160-seed2-s14000-1536x864-s14000/crop-2x.png",
    "text_mask": "/Users/dennisonbertram/Develop/flipbook-research/outputs/track-c/20260425T024235680633Z-c2-lite-glyph-layout-reflow-c67-neighbor-cross1-target60-c32h160-seed2-s14000-1536x864-s14000/text-mask.png",
    "element_alpha_mask": "/Users/dennisonbertram/Develop/flipbook-research/outputs/track-c/20260425T024235680633Z-c2-lite-glyph-layout-reflow-c67-neighbor-cross1-target60-c32h160-seed2-s14000-1536x864-s14000/element-alpha-mask.png",
    "target_mid": "/Users/dennisonbertram/Develop/flipbook-research/outputs/track-c/20260425T024235680633Z-c2-lite-glyph-layout-reflow-c67-neighbor-cross1-target60-c32h160-seed2-s14000-1536x864-s14000/target-mid.png",
    "text_boxes": "/Users/dennisonbertram/Develop/flipbook-research/outputs/track-c/20260425T024235680633Z-c2-lite-glyph-layout-reflow-c67-neighbor-cross1-target60-c32h160-seed2-s14000-1536x864-s14000/text-boxes.json",
    "output": "/Users/dennisonbertram/Develop/flipbook-research/outputs/track-c/20260425T024235680633Z-c2-lite-glyph-layout-reflow-c67-neighbor-cross1-target60-c32h160-seed2-s14000-1536x864-s14000/output.mp4",
    "metrics": "/Users/dennisonbertram/Develop/flipbook-research/outputs/track-c/20260425T024235680633Z-c2-lite-glyph-layout-reflow-c67-neighbor-cross1-target60-c32h160-seed2-s14000-1536x864-s14000/metrics.json",
    "quality": "/Users/dennisonbertram/Develop/flipbook-research/outputs/track-c/20260425T024235680633Z-c2-lite-glyph-layout-reflow-c67-neighbor-cross1-target60-c32h160-seed2-s14000-1536x864-s14000/quality.json"
  },
  "ocr_similarity": 0.4266666666666667,
  "layout_similarity": 0.9994569500223209,
  "motion_delta": 0.04915274679660797,
  "loop_error": 0.0006987941451370716,
  "status": "near_miss"
}
DONE 20260425T024235680633Z-c2-lite-glyph-layout-reflow-c67-neighbor-cross1-target60-c32h160-seed2-s14000-1536x864-s14000 quality=0.4267 motion=0.0492
Stopping app - local entrypoint completed.
✓ App completed. View run at 
https://modal.com/apps/dennisonbertram/main/ap-l3PkbyvYH7eq93tk8JLVna
