✓ Initialized. View run at 
https://modal.com/apps/dennisonbertram/main/ap-dKDDhL2hCNrrbwUiSGE3U3
✓ Created objects.
├── 🔨 Created mount 
│   /Users/dennisonbertram/Develop/flipbook-research/scripts/track_c/modal_canva
│   s_c2_lite.py
└── 🔨 Created function train_and_render_motion.
START 20260425T030532045252Z-c2-lite-glyph-layout-reflow-c69-context8s025-cross1-target60-c32h160-seed3-s14000-1536x864-s14000 config={"batch_size": 131072, "channels": 32, "context_channels": 8, "context_init_scale": 0.02, "context_scale": 0.25, "detail_channels": 0, "detail_hidden": 160, "detail_init_scale": 0.01, "detail_scale": 0.0, "edge_loss_weight": 0.9, "edge_sample_ratio": 0.09, "element_anchor_mode": "line", "element_anchor_padding": 3, "element_mask_mode": "rectangle", "element_render_mode": "sequential", "element_scale_ratio": 0.25, "experiment_label": "c69-context8s025-cross1-target60-c32h160-seed3-s14000", "flow_scale": 0.1, "fps": 24, "frames": 33, "freq_bands": 10, "grad_clip": 0.5, "gradient_loss_offset_px": 1.0, "gradient_loss_ratio": 0.125, "gradient_loss_weight": 0.0, "hidden": 160, "l1_loss_weight": 0.0, "latent_neighborhood_mode": "cross", "latent_neighborhood_radius_px": 1.0, "layout_endpoint_ratio": 0.0, "layout_endpoint_target_ratio": 0.5, "layout_flow_loss_weight": 0.0, "layout_mid_time_ratio": 0.6, "layout_mid_time_width": 0.28, "layout_motion_curriculum_ratio": 0.0, "layout_motion_curriculum_start": 0.0, "layout_oracle_flow": 0, "layout_supersample": 1.0, "layout_target_pair_ratio": 0.0, "layout_target_pair_weight": 1.0, "layout_target_sampling": 1, "layout_target_sampling_ratio": 0.6, "layout_target_weighting": 1, "layout_transform_pan": 0.0, "layout_transform_strength": 0.0, "lr": 0.01, "lr_schedule": "constant", "min_lr_ratio": 0.1, "min_motion_delta": 0.045, "min_ocr_similarity": 0.55, "motion_mode": "layout-reflow", "motion_strength": 1.0, "seed": 3, "source_coord_features": 1, "source_resolution": [1280, 736], "steps": 14000, "text_box_loss_weight": 0.0, "text_box_min_conf": 55.0, "text_box_padding": 0, "text_box_sample_ratio": 0.0, "text_boxes": "0 boxes", "time_bands": 4, "train_resolution": "1536x864", "video_layout_mode": "none", "video_viewport_mode": "static", "viewport_pan": 0.0, "viewport_zoom": 0.0}
{
  "canvas_type": "time-conditioned-latent-feature-grid-learned-flow-mlp-glyph-weighted-source-coord-latent-cross-neighborhood-coarse-context",
  "train_resolution": "1536x864",
  "steps": 14000,
  "batch_size": 131072,
  "channels": 32,
  "hidden": 160,
  "detail_channels": 0,
  "detail_hidden": 160,
  "detail_scale": 0.0,
  "detail_init_scale": 0.01,
  "source_coord_features": 1,
  "latent_neighborhood_mode": "cross",
  "latent_neighborhood_radius_px": 1.0,
  "latent_neighborhood_taps": 5,
  "context_channels": 8,
  "context_scale": 0.25,
  "context_init_scale": 0.02,
  "context_resolution": [
    216,
    384
  ],
  "freq_bands": 10,
  "time_bands": 4,
  "lr": 0.01,
  "lr_schedule": "constant",
  "min_lr_ratio": 0.1,
  "grad_clip": 0.5,
  "l1_loss_weight": 0.0,
  "gradient_loss_weight": 0.0,
  "gradient_loss_ratio": 0.125,
  "gradient_loss_offset_px": 1.0,
  "seed": 3,
  "experiment_label": "c69-context8s025-cross1-target60-c32h160-seed3-s14000",
  "flow_scale": 0.1,
  "motion_mode": "layout-reflow",
  "motion_strength": 1.0,
  "video_viewport_mode": "static",
  "viewport_zoom": 0.0,
  "viewport_pan": 0.0,
  "video_layout_mode": "none",
  "layout_transform_strength": 0.0,
  "layout_transform_pan": 0.0,
  "layout_supersample": 1.0,
  "layout_region_count": 0,
  "element_scale_ratio": 0.25,
  "element_anchor_padding": 3,
  "element_mask_mode": "rectangle",
  "element_anchor_mode": "line",
  "element_render_mode": "sequential",
  "element_line_count": 0,
  "min_ocr_similarity": 0.55,
  "min_motion_delta": 0.045,
  "edge_sample_ratio": 0.09,
  "edge_loss_weight": 0.9,
  "text_box_sample_ratio": 0.0,
  "text_box_loss_weight": 0.0,
  "text_box_padding": 0,
  "layout_target_sampling": 1,
  "layout_target_weighting": 1,
  "layout_target_sampling_ratio": 0.6,
  "layout_target_pair_ratio": 0.0,
  "layout_target_pair_weight": 1.0,
  "layout_mid_time_ratio": 0.6,
  "layout_mid_time_width": 0.28,
  "layout_flow_loss_weight": 0.0,
  "layout_oracle_flow": 0,
  "layout_motion_curriculum_ratio": 0.0,
  "layout_motion_curriculum_start": 0.0,
  "layout_endpoint_ratio": 0.0,
  "layout_endpoint_target_ratio": 0.5,
  "text_box_count": 0,
  "text_mask_coverage": 0.0,
  "element_alpha_coverage": 0.0,
  "compile_ms": 376699.585243,
  "final_mse": 0.0011062384583055973,
  "losses": [
    {
      "step": 0,
      "mse": 0.22678259015083313
    },
    {
      "step": 700,
      "mse": 0.00471096858382225
    },
    {
      "step": 1400,
      "mse": 0.0033260327763855457
    },
    {
      "step": 2100,
      "mse": 0.00262649217620492
    },
    {
      "step": 2800,
      "mse": 0.0022615455090999603
    },
    {
      "step": 3500,
      "mse": 0.0021189984399825335
    },
    {
      "step": 4200,
      "mse": 0.0019033863209187984
    },
    {
      "step": 4900,
      "mse": 0.0018841472920030355
    },
    {
      "step": 5600,
      "mse": 0.001700941356830299
    },
    {
      "step": 6300,
      "mse": 0.0015916728880256414
    },
    {
      "step": 7000,
      "mse": 0.001558596035465598
    },
    {
      "step": 7700,
      "mse": 0.0014400132931768894
    },
    {
      "step": 8400,
      "mse": 0.0014318970497697592
    },
    {
      "step": 9100,
      "mse": 0.001402587746270001
    },
    {
      "step": 9800,
      "mse": 0.001339013921096921
    },
    {
      "step": 10500,
      "mse": 0.0013167185243219137
    },
    {
      "step": 11200,
      "mse": 0.0012685931287705898
    },
    {
      "step": 11900,
      "mse": 0.0012581258779391646
    },
    {
      "step": 12600,
      "mse": 0.0012674476020038128
    },
    {
      "step": 13300,
      "mse": 0.0011741796042770147
    },
    {
      "step": 13999,
      "mse": 0.0011062384583055973
    }
  ],
  "render_times": {
    "render-960.png": 22.147431999997025,
    "render-mid.png": 22.08311900000126,
    "render-last.png": 22.04075500003455,
    "render-512.png": 6.009599999970305,
    "crop-2x.png": 21.847467999975834
  },
  "render_960_ms": 22.147431999997025,
  "render_33_wall_ms": 719.4277649999776,
  "encode_ms": 250.8012590000135,
  "resize_consistency": 0.9995332383357851,
  "temporal_consistency": 0.9989139080280438,
  "motion_delta_model": 0.06747552752494812,
  "loop_error_model": 0.0010860919719561934,
  "description": "C4.7 neural canvas: learned full page layout reflow from x,y,t Learned warped/source coordinate features are included in the renderer MLP. Decoder samples a cross latent neighborhood with 1px radius for local glyph/detail context. Decoder also samples a coarse context latent canvas with 8 channels at scale 0.25.",
  "run_id": "20260425T030532045252Z-c2-lite-glyph-layout-reflow-c69-context8s025-cross1-target60-c32h160-seed3-s14000-1536x864-s14000",
  "commit": "67cc9cf",
  "track": "C",
  "width": 960,
  "height": 544,
  "frames": 33,
  "fps": 24,
  "artifacts": {
    "input": "/Users/dennisonbertram/Develop/flipbook-research/outputs/track-c/20260425T030532045252Z-c2-lite-glyph-layout-reflow-c69-context8s025-cross1-target60-c32h160-seed3-s14000-1536x864-s14000/input.png",
    "render_960": "/Users/dennisonbertram/Develop/flipbook-research/outputs/track-c/20260425T030532045252Z-c2-lite-glyph-layout-reflow-c69-context8s025-cross1-target60-c32h160-seed3-s14000-1536x864-s14000/render-960.png",
    "render_mid": "/Users/dennisonbertram/Develop/flipbook-research/outputs/track-c/20260425T030532045252Z-c2-lite-glyph-layout-reflow-c69-context8s025-cross1-target60-c32h160-seed3-s14000-1536x864-s14000/render-mid.png",
    "render_last": "/Users/dennisonbertram/Develop/flipbook-research/outputs/track-c/20260425T030532045252Z-c2-lite-glyph-layout-reflow-c69-context8s025-cross1-target60-c32h160-seed3-s14000-1536x864-s14000/render-last.png",
    "render_512": "/Users/dennisonbertram/Develop/flipbook-research/outputs/track-c/20260425T030532045252Z-c2-lite-glyph-layout-reflow-c69-context8s025-cross1-target60-c32h160-seed3-s14000-1536x864-s14000/render-512.png",
    "crop_2x": "/Users/dennisonbertram/Develop/flipbook-research/outputs/track-c/20260425T030532045252Z-c2-lite-glyph-layout-reflow-c69-context8s025-cross1-target60-c32h160-seed3-s14000-1536x864-s14000/crop-2x.png",
    "text_mask": "/Users/dennisonbertram/Develop/flipbook-research/outputs/track-c/20260425T030532045252Z-c2-lite-glyph-layout-reflow-c69-context8s025-cross1-target60-c32h160-seed3-s14000-1536x864-s14000/text-mask.png",
    "element_alpha_mask": "/Users/dennisonbertram/Develop/flipbook-research/outputs/track-c/20260425T030532045252Z-c2-lite-glyph-layout-reflow-c69-context8s025-cross1-target60-c32h160-seed3-s14000-1536x864-s14000/element-alpha-mask.png",
    "target_mid": "/Users/dennisonbertram/Develop/flipbook-research/outputs/track-c/20260425T030532045252Z-c2-lite-glyph-layout-reflow-c69-context8s025-cross1-target60-c32h160-seed3-s14000-1536x864-s14000/target-mid.png",
    "text_boxes": "/Users/dennisonbertram/Develop/flipbook-research/outputs/track-c/20260425T030532045252Z-c2-lite-glyph-layout-reflow-c69-context8s025-cross1-target60-c32h160-seed3-s14000-1536x864-s14000/text-boxes.json",
    "output": "/Users/dennisonbertram/Develop/flipbook-research/outputs/track-c/20260425T030532045252Z-c2-lite-glyph-layout-reflow-c69-context8s025-cross1-target60-c32h160-seed3-s14000-1536x864-s14000/output.mp4",
    "metrics": "/Users/dennisonbertram/Develop/flipbook-research/outputs/track-c/20260425T030532045252Z-c2-lite-glyph-layout-reflow-c69-context8s025-cross1-target60-c32h160-seed3-s14000-1536x864-s14000/metrics.json",
    "quality": "/Users/dennisonbertram/Develop/flipbook-research/outputs/track-c/20260425T030532045252Z-c2-lite-glyph-layout-reflow-c69-context8s025-cross1-target60-c32h160-seed3-s14000-1536x864-s14000/quality.json"
  },
  "ocr_similarity": 0.6018518518518519,
  "layout_similarity": 0.9995332383357851,
  "motion_delta": 0.051187664270401,
  "loop_error": 0.0006153927533887327,
  "status": "pass"
}
DONE 20260425T030532045252Z-c2-lite-glyph-layout-reflow-c69-context8s025-cross1-target60-c32h160-seed3-s14000-1536x864-s14000 quality=0.6019 motion=0.0512
Stopping app - local entrypoint completed.
✓ App completed. View run at 
https://modal.com/apps/dennisonbertram/main/ap-dKDDhL2hCNrrbwUiSGE3U3
