✓ Initialized. View run at 
https://modal.com/apps/dennisonbertram/main/ap-G13RK4xwPTyV9YqnqCgtip
✓ Created objects.
├── 🔨 Created mount 
│   /Users/dennisonbertram/Develop/flipbook-research/scripts/track_c/modal_canva
│   s_c2_lite.py
└── 🔨 Created function train_and_render_motion.
START 20260425T030531964925Z-c2-lite-glyph-layout-reflow-c69-context8s050-cross1-target60-c32h160-seed1-s14000-1536x864-s14000 config={"batch_size": 131072, "channels": 32, "context_channels": 8, "context_init_scale": 0.02, "context_scale": 0.5, "detail_channels": 0, "detail_hidden": 160, "detail_init_scale": 0.01, "detail_scale": 0.0, "edge_loss_weight": 0.9, "edge_sample_ratio": 0.09, "element_anchor_mode": "line", "element_anchor_padding": 3, "element_mask_mode": "rectangle", "element_render_mode": "sequential", "element_scale_ratio": 0.25, "experiment_label": "c69-context8s050-cross1-target60-c32h160-seed1-s14000", "flow_scale": 0.1, "fps": 24, "frames": 33, "freq_bands": 10, "grad_clip": 0.5, "gradient_loss_offset_px": 1.0, "gradient_loss_ratio": 0.125, "gradient_loss_weight": 0.0, "hidden": 160, "l1_loss_weight": 0.0, "latent_neighborhood_mode": "cross", "latent_neighborhood_radius_px": 1.0, "layout_endpoint_ratio": 0.0, "layout_endpoint_target_ratio": 0.5, "layout_flow_loss_weight": 0.0, "layout_mid_time_ratio": 0.6, "layout_mid_time_width": 0.28, "layout_motion_curriculum_ratio": 0.0, "layout_motion_curriculum_start": 0.0, "layout_oracle_flow": 0, "layout_supersample": 1.0, "layout_target_pair_ratio": 0.0, "layout_target_pair_weight": 1.0, "layout_target_sampling": 1, "layout_target_sampling_ratio": 0.6, "layout_target_weighting": 1, "layout_transform_pan": 0.0, "layout_transform_strength": 0.0, "lr": 0.01, "lr_schedule": "constant", "min_lr_ratio": 0.1, "min_motion_delta": 0.045, "min_ocr_similarity": 0.55, "motion_mode": "layout-reflow", "motion_strength": 1.0, "seed": 1, "source_coord_features": 1, "source_resolution": [1280, 736], "steps": 14000, "text_box_loss_weight": 0.0, "text_box_min_conf": 55.0, "text_box_padding": 0, "text_box_sample_ratio": 0.0, "text_boxes": "0 boxes", "time_bands": 4, "train_resolution": "1536x864", "video_layout_mode": "none", "video_viewport_mode": "static", "viewport_pan": 0.0, "viewport_zoom": 0.0}
{
  "canvas_type": "time-conditioned-latent-feature-grid-learned-flow-mlp-glyph-weighted-source-coord-latent-cross-neighborhood-coarse-context",
  "train_resolution": "1536x864",
  "steps": 14000,
  "batch_size": 131072,
  "channels": 32,
  "hidden": 160,
  "detail_channels": 0,
  "detail_hidden": 160,
  "detail_scale": 0.0,
  "detail_init_scale": 0.01,
  "source_coord_features": 1,
  "latent_neighborhood_mode": "cross",
  "latent_neighborhood_radius_px": 1.0,
  "latent_neighborhood_taps": 5,
  "context_channels": 8,
  "context_scale": 0.5,
  "context_init_scale": 0.02,
  "context_resolution": [
    432,
    768
  ],
  "freq_bands": 10,
  "time_bands": 4,
  "lr": 0.01,
  "lr_schedule": "constant",
  "min_lr_ratio": 0.1,
  "grad_clip": 0.5,
  "l1_loss_weight": 0.0,
  "gradient_loss_weight": 0.0,
  "gradient_loss_ratio": 0.125,
  "gradient_loss_offset_px": 1.0,
  "seed": 1,
  "experiment_label": "c69-context8s050-cross1-target60-c32h160-seed1-s14000",
  "flow_scale": 0.1,
  "motion_mode": "layout-reflow",
  "motion_strength": 1.0,
  "video_viewport_mode": "static",
  "viewport_zoom": 0.0,
  "viewport_pan": 0.0,
  "video_layout_mode": "none",
  "layout_transform_strength": 0.0,
  "layout_transform_pan": 0.0,
  "layout_supersample": 1.0,
  "layout_region_count": 0,
  "element_scale_ratio": 0.25,
  "element_anchor_padding": 3,
  "element_mask_mode": "rectangle",
  "element_anchor_mode": "line",
  "element_render_mode": "sequential",
  "element_line_count": 0,
  "min_ocr_similarity": 0.55,
  "min_motion_delta": 0.045,
  "edge_sample_ratio": 0.09,
  "edge_loss_weight": 0.9,
  "text_box_sample_ratio": 0.0,
  "text_box_loss_weight": 0.0,
  "text_box_padding": 0,
  "layout_target_sampling": 1,
  "layout_target_weighting": 1,
  "layout_target_sampling_ratio": 0.6,
  "layout_target_pair_ratio": 0.0,
  "layout_target_pair_weight": 1.0,
  "layout_mid_time_ratio": 0.6,
  "layout_mid_time_width": 0.28,
  "layout_flow_loss_weight": 0.0,
  "layout_oracle_flow": 0,
  "layout_motion_curriculum_ratio": 0.0,
  "layout_motion_curriculum_start": 0.0,
  "layout_endpoint_ratio": 0.0,
  "layout_endpoint_target_ratio": 0.5,
  "text_box_count": 0,
  "text_mask_coverage": 0.0,
  "element_alpha_coverage": 0.0,
  "compile_ms": 380504.95929599996,
  "final_mse": 0.0013138281647115946,
  "losses": [
    {
      "step": 0,
      "mse": 0.2424372136592865
    },
    {
      "step": 700,
      "mse": 0.0075643714517354965
    },
    {
      "step": 1400,
      "mse": 0.003525643376633525
    },
    {
      "step": 2100,
      "mse": 0.002906191162765026
    },
    {
      "step": 2800,
      "mse": 0.002405570587143302
    },
    {
      "step": 3500,
      "mse": 0.002236690605059266
    },
    {
      "step": 4200,
      "mse": 0.002152316039428115
    },
    {
      "step": 4900,
      "mse": 0.0019136429764330387
    },
    {
      "step": 5600,
      "mse": 0.0019426778890192509
    },
    {
      "step": 6300,
      "mse": 0.0017766812816262245
    },
    {
      "step": 7000,
      "mse": 0.0016607723664492369
    },
    {
      "step": 7700,
      "mse": 0.00158205209299922
    },
    {
      "step": 8400,
      "mse": 0.0016247757012024522
    },
    {
      "step": 9100,
      "mse": 0.001510566333308816
    },
    {
      "step": 9800,
      "mse": 0.0015651991125196218
    },
    {
      "step": 10500,
      "mse": 0.0014675338752567768
    },
    {
      "step": 11200,
      "mse": 0.0013699119444936514
    },
    {
      "step": 11900,
      "mse": 0.0014347255928441882
    },
    {
      "step": 12600,
      "mse": 0.0014088611351326108
    },
    {
      "step": 13300,
      "mse": 0.0013585671549662948
    },
    {
      "step": 13999,
      "mse": 0.0013138281647115946
    }
  ],
  "render_times": {
    "render-960.png": 22.27525699998978,
    "render-mid.png": 22.182227000030252,
    "render-last.png": 22.138311999981397,
    "render-512.png": 6.012704999989182,
    "crop-2x.png": 21.913485999959903
  },
  "render_960_ms": 22.27525699998978,
  "render_33_wall_ms": 719.2411739999898,
  "encode_ms": 393.75873300002695,
  "resize_consistency": 0.9995011689487855,
  "temporal_consistency": 0.9986532360780984,
  "motion_delta_model": 0.06748435646295547,
  "loop_error_model": 0.0013467639219015837,
  "description": "C4.7 neural canvas: learned full page layout reflow from x,y,t Learned warped/source coordinate features are included in the renderer MLP. Decoder samples a cross latent neighborhood with 1px radius for local glyph/detail context. Decoder also samples a coarse context latent canvas with 8 channels at scale 0.5.",
  "run_id": "20260425T030531964925Z-c2-lite-glyph-layout-reflow-c69-context8s050-cross1-target60-c32h160-seed1-s14000-1536x864-s14000",
  "commit": "67cc9cf",
  "track": "C",
  "width": 960,
  "height": 544,
  "frames": 33,
  "fps": 24,
  "artifacts": {
    "input": "/Users/dennisonbertram/Develop/flipbook-research/outputs/track-c/20260425T030531964925Z-c2-lite-glyph-layout-reflow-c69-context8s050-cross1-target60-c32h160-seed1-s14000-1536x864-s14000/input.png",
    "render_960": "/Users/dennisonbertram/Develop/flipbook-research/outputs/track-c/20260425T030531964925Z-c2-lite-glyph-layout-reflow-c69-context8s050-cross1-target60-c32h160-seed1-s14000-1536x864-s14000/render-960.png",
    "render_mid": "/Users/dennisonbertram/Develop/flipbook-research/outputs/track-c/20260425T030531964925Z-c2-lite-glyph-layout-reflow-c69-context8s050-cross1-target60-c32h160-seed1-s14000-1536x864-s14000/render-mid.png",
    "render_last": "/Users/dennisonbertram/Develop/flipbook-research/outputs/track-c/20260425T030531964925Z-c2-lite-glyph-layout-reflow-c69-context8s050-cross1-target60-c32h160-seed1-s14000-1536x864-s14000/render-last.png",
    "render_512": "/Users/dennisonbertram/Develop/flipbook-research/outputs/track-c/20260425T030531964925Z-c2-lite-glyph-layout-reflow-c69-context8s050-cross1-target60-c32h160-seed1-s14000-1536x864-s14000/render-512.png",
    "crop_2x": "/Users/dennisonbertram/Develop/flipbook-research/outputs/track-c/20260425T030531964925Z-c2-lite-glyph-layout-reflow-c69-context8s050-cross1-target60-c32h160-seed1-s14000-1536x864-s14000/crop-2x.png",
    "text_mask": "/Users/dennisonbertram/Develop/flipbook-research/outputs/track-c/20260425T030531964925Z-c2-lite-glyph-layout-reflow-c69-context8s050-cross1-target60-c32h160-seed1-s14000-1536x864-s14000/text-mask.png",
    "element_alpha_mask": "/Users/dennisonbertram/Develop/flipbook-research/outputs/track-c/20260425T030531964925Z-c2-lite-glyph-layout-reflow-c69-context8s050-cross1-target60-c32h160-seed1-s14000-1536x864-s14000/element-alpha-mask.png",
    "target_mid": "/Users/dennisonbertram/Develop/flipbook-research/outputs/track-c/20260425T030531964925Z-c2-lite-glyph-layout-reflow-c69-context8s050-cross1-target60-c32h160-seed1-s14000-1536x864-s14000/target-mid.png",
    "text_boxes": "/Users/dennisonbertram/Develop/flipbook-research/outputs/track-c/20260425T030531964925Z-c2-lite-glyph-layout-reflow-c69-context8s050-cross1-target60-c32h160-seed1-s14000-1536x864-s14000/text-boxes.json",
    "output": "/Users/dennisonbertram/Develop/flipbook-research/outputs/track-c/20260425T030531964925Z-c2-lite-glyph-layout-reflow-c69-context8s050-cross1-target60-c32h160-seed1-s14000-1536x864-s14000/output.mp4",
    "metrics": "/Users/dennisonbertram/Develop/flipbook-research/outputs/track-c/20260425T030531964925Z-c2-lite-glyph-layout-reflow-c69-context8s050-cross1-target60-c32h160-seed1-s14000-1536x864-s14000/metrics.json",
    "quality": "/Users/dennisonbertram/Develop/flipbook-research/outputs/track-c/20260425T030531964925Z-c2-lite-glyph-layout-reflow-c69-context8s050-cross1-target60-c32h160-seed1-s14000-1536x864-s14000/quality.json"
  },
  "ocr_similarity": 0.5294117647058824,
  "layout_similarity": 0.9995011689487855,
  "motion_delta": 0.05151843652129173,
  "loop_error": 0.0008646514033898711,
  "status": "near_miss"
}
DONE 20260425T030531964925Z-c2-lite-glyph-layout-reflow-c69-context8s050-cross1-target60-c32h160-seed1-s14000-1536x864-s14000 quality=0.5294 motion=0.0515
Stopping app - local entrypoint completed.
✓ App completed. View run at 
https://modal.com/apps/dennisonbertram/main/ap-G13RK4xwPTyV9YqnqCgtip
