✓ Initialized. View run at 
https://modal.com/apps/dennisonbertram/main/ap-tDsrIec7KTJrfTg3oGLnxi
✓ Created objects.
├── 🔨 Created mount 
│   /Users/dennisonbertram/Develop/flipbook-research/scripts/track_c/modal_canva
│   s_c2_lite.py
└── 🔨 Created function train_and_render_motion.
START 20260425T042313095853Z-c2-lite-glyph-layout-reflow-c75-dualres-s050-c4-seed1-s14000-1536x864-s14000 config={"batch_size": 131072, "channels": 32, "context_channels": 4, "context_init_scale": 0.02, "context_sample_mode": "source", "context_scale": 0.25, "decoder_mode": "dual-residual", "detail_channels": 0, "detail_hidden": 160, "detail_init_scale": 0.01, "detail_scale": 0.0, "edge_loss_weight": 0.9, "edge_sample_ratio": 0.09, "element_anchor_mode": "line", "element_anchor_padding": 3, "element_mask_mode": "rectangle", "element_render_mode": "sequential", "element_scale_ratio": 0.25, "experiment_label": "c75-dualres-s050-c4-seed1-s14000", "flow_scale": 0.1, "fps": 24, "frames": 33, "freq_bands": 10, "grad_clip": 0.5, "gradient_loss_offset_px": 1.0, "gradient_loss_ratio": 0.125, "gradient_loss_weight": 0.0, "hidden": 160, "l1_loss_weight": 0.0, "latent_neighborhood_mode": "cross", "latent_neighborhood_radius_px": 1.0, "latent_sample_mode": "source", "layout_endpoint_ratio": 0.0, "layout_endpoint_target_ratio": 0.5, "layout_flow_loss_weight": 0.0, "layout_mid_time_ratio": 0.6, "layout_mid_time_width": 0.28, "layout_motion_curriculum_ratio": 0.0, "layout_motion_curriculum_start": 0.0, "layout_oracle_flow": 0, "layout_supersample": 1.0, "layout_target_mid_sampling_ratio": 0.0, "layout_target_mid_time_width": 0.24, "layout_target_pair_ratio": 0.0, "layout_target_pair_weight": 1.0, "layout_target_sampling": 1, "layout_target_sampling_ratio": 0.6, "layout_target_weighting": 1, "layout_transform_pan": 0.0, "layout_transform_strength": 0.0, "lr": 0.01, "lr_schedule": "constant", "min_lr_ratio": 0.1, "min_motion_delta": 0.045, "min_ocr_similarity": 0.55, "motion_mode": "layout-reflow", "motion_strength": 1.0, "seed": 1, "source_coord_features": 1, "source_resolution": [1280, 736], "steps": 14000, "target_branch_hidden": 80, "target_branch_scale": 0.5, "text_box_loss_weight": 0.0, "text_box_min_conf": 55.0, "text_box_padding": 0, "text_box_sample_ratio": 0.0, "text_boxes": "0 boxes", "time_bands": 4, "train_resolution": "1536x864", "video_layout_mode": "none", "video_viewport_mode": "static", "viewport_pan": 0.0, "viewport_zoom": 0.0}
{
  "canvas_type": "time-conditioned-latent-feature-grid-learned-flow-mlp-glyph-weighted-source-coord-latent-cross-neighborhood-coarse-context-dual-residual",
  "train_resolution": "1536x864",
  "steps": 14000,
  "batch_size": 131072,
  "channels": 32,
  "hidden": 160,
  "detail_channels": 0,
  "detail_hidden": 160,
  "detail_scale": 0.0,
  "detail_init_scale": 0.01,
  "source_coord_features": 1,
  "latent_neighborhood_mode": "cross",
  "latent_neighborhood_radius_px": 1.0,
  "latent_neighborhood_taps": 5,
  "latent_sample_mode": "source",
  "context_channels": 4,
  "context_scale": 0.25,
  "context_init_scale": 0.02,
  "context_sample_mode": "source",
  "context_resolution": [
    216,
    384
  ],
  "decoder_mode": "dual-residual",
  "target_branch_scale": 0.5,
  "target_branch_hidden": 80,
  "freq_bands": 10,
  "time_bands": 4,
  "lr": 0.01,
  "lr_schedule": "constant",
  "min_lr_ratio": 0.1,
  "grad_clip": 0.5,
  "l1_loss_weight": 0.0,
  "gradient_loss_weight": 0.0,
  "gradient_loss_ratio": 0.125,
  "gradient_loss_offset_px": 1.0,
  "seed": 1,
  "experiment_label": "c75-dualres-s050-c4-seed1-s14000",
  "flow_scale": 0.1,
  "motion_mode": "layout-reflow",
  "motion_strength": 1.0,
  "video_viewport_mode": "static",
  "viewport_zoom": 0.0,
  "viewport_pan": 0.0,
  "video_layout_mode": "none",
  "layout_transform_strength": 0.0,
  "layout_transform_pan": 0.0,
  "layout_supersample": 1.0,
  "layout_region_count": 0,
  "element_scale_ratio": 0.25,
  "element_anchor_padding": 3,
  "element_mask_mode": "rectangle",
  "element_anchor_mode": "line",
  "element_render_mode": "sequential",
  "element_line_count": 0,
  "min_ocr_similarity": 0.55,
  "min_motion_delta": 0.045,
  "edge_sample_ratio": 0.09,
  "edge_loss_weight": 0.9,
  "text_box_sample_ratio": 0.0,
  "text_box_loss_weight": 0.0,
  "text_box_padding": 0,
  "layout_target_sampling": 1,
  "layout_target_weighting": 1,
  "layout_target_sampling_ratio": 0.6,
  "layout_target_mid_sampling_ratio": 0.0,
  "layout_target_mid_time_width": 0.24,
  "layout_target_pair_ratio": 0.0,
  "layout_target_pair_weight": 1.0,
  "layout_mid_time_ratio": 0.6,
  "layout_mid_time_width": 0.28,
  "layout_flow_loss_weight": 0.0,
  "layout_oracle_flow": 0,
  "layout_motion_curriculum_ratio": 0.0,
  "layout_motion_curriculum_start": 0.0,
  "layout_endpoint_ratio": 0.0,
  "layout_endpoint_target_ratio": 0.5,
  "text_box_count": 0,
  "text_mask_coverage": 0.0,
  "element_alpha_coverage": 0.0,
  "compile_ms": 515633.55186600005,
  "final_mse": 0.0013042608043178916,
  "losses": [
    {
      "step": 0,
      "mse": 0.22721309959888458
    },
    {
      "step": 700,
      "mse": 0.007745460141450167
    },
    {
      "step": 1400,
      "mse": 0.004326841793954372
    },
    {
      "step": 2100,
      "mse": 0.0030259336344897747
    },
    {
      "step": 2800,
      "mse": 0.002338833175599575
    },
    {
      "step": 3500,
      "mse": 0.0021955049596726894
    },
    {
      "step": 4200,
      "mse": 0.0020555765368044376
    },
    {
      "step": 4900,
      "mse": 0.0018240325152873993
    },
    {
      "step": 5600,
      "mse": 0.0018213143339380622
    },
    {
      "step": 6300,
      "mse": 0.0017085748258978128
    },
    {
      "step": 7000,
      "mse": 0.0016008438542485237
    },
    {
      "step": 7700,
      "mse": 0.001567556755617261
    },
    {
      "step": 8400,
      "mse": 0.001530535751953721
    },
    {
      "step": 9100,
      "mse": 0.001632746309041977
    },
    {
      "step": 9800,
      "mse": 0.0014790670247748494
    },
    {
      "step": 10500,
      "mse": 0.0013898496981710196
    },
    {
      "step": 11200,
      "mse": 0.0013686788734048605
    },
    {
      "step": 11900,
      "mse": 0.0014022274408489466
    },
    {
      "step": 12600,
      "mse": 0.00137560092844069
    },
    {
      "step": 13300,
      "mse": 0.0012887183111160994
    },
    {
      "step": 13999,
      "mse": 0.0013042608043178916
    }
  ],
  "render_times": {
    "render-960.png": 25.743382999962705,
    "render-mid.png": 25.88081900000816,
    "render-last.png": 25.871834999975363,
    "render-512.png": 7.357773999956407,
    "crop-2x.png": 25.403960999938136
  },
  "render_960_ms": 25.743382999962705,
  "render_33_wall_ms": 836.5480279999247,
  "encode_ms": 336.09790100001646,
  "resize_consistency": 0.9995288685788012,
  "temporal_consistency": 0.9986912007443607,
  "motion_delta_model": 0.065467968583107,
  "loop_error_model": 0.0013087992556393147,
  "description": "C4.7 neural canvas: learned full page layout reflow from x,y,t Learned warped/source coordinate features are included in the renderer MLP. Decoder samples a cross latent neighborhood with 1px radius for local glyph/detail context in source mode. Decoder also samples a coarse context latent canvas with 4 channels at scale 0.25 in source mode. Decoder uses a source branch plus gated target-position residual branch (scale 0.5, target hidden 80).",
  "run_id": "20260425T042313095853Z-c2-lite-glyph-layout-reflow-c75-dualres-s050-c4-seed1-s14000-1536x864-s14000",
  "commit": "e7072ac",
  "track": "C",
  "width": 960,
  "height": 544,
  "frames": 33,
  "fps": 24,
  "artifacts": {
    "input": "/Users/dennisonbertram/Develop/flipbook-research/outputs/track-c/20260425T042313095853Z-c2-lite-glyph-layout-reflow-c75-dualres-s050-c4-seed1-s14000-1536x864-s14000/input.png",
    "render_960": "/Users/dennisonbertram/Develop/flipbook-research/outputs/track-c/20260425T042313095853Z-c2-lite-glyph-layout-reflow-c75-dualres-s050-c4-seed1-s14000-1536x864-s14000/render-960.png",
    "render_mid": "/Users/dennisonbertram/Develop/flipbook-research/outputs/track-c/20260425T042313095853Z-c2-lite-glyph-layout-reflow-c75-dualres-s050-c4-seed1-s14000-1536x864-s14000/render-mid.png",
    "render_last": "/Users/dennisonbertram/Develop/flipbook-research/outputs/track-c/20260425T042313095853Z-c2-lite-glyph-layout-reflow-c75-dualres-s050-c4-seed1-s14000-1536x864-s14000/render-last.png",
    "render_512": "/Users/dennisonbertram/Develop/flipbook-research/outputs/track-c/20260425T042313095853Z-c2-lite-glyph-layout-reflow-c75-dualres-s050-c4-seed1-s14000-1536x864-s14000/render-512.png",
    "crop_2x": "/Users/dennisonbertram/Develop/flipbook-research/outputs/track-c/20260425T042313095853Z-c2-lite-glyph-layout-reflow-c75-dualres-s050-c4-seed1-s14000-1536x864-s14000/crop-2x.png",
    "text_mask": "/Users/dennisonbertram/Develop/flipbook-research/outputs/track-c/20260425T042313095853Z-c2-lite-glyph-layout-reflow-c75-dualres-s050-c4-seed1-s14000-1536x864-s14000/text-mask.png",
    "element_alpha_mask": "/Users/dennisonbertram/Develop/flipbook-research/outputs/track-c/20260425T042313095853Z-c2-lite-glyph-layout-reflow-c75-dualres-s050-c4-seed1-s14000-1536x864-s14000/element-alpha-mask.png",
    "target_mid": "/Users/dennisonbertram/Develop/flipbook-research/outputs/track-c/20260425T042313095853Z-c2-lite-glyph-layout-reflow-c75-dualres-s050-c4-seed1-s14000-1536x864-s14000/target-mid.png",
    "text_boxes": "/Users/dennisonbertram/Develop/flipbook-research/outputs/track-c/20260425T042313095853Z-c2-lite-glyph-layout-reflow-c75-dualres-s050-c4-seed1-s14000-1536x864-s14000/text-boxes.json",
    "output": "/Users/dennisonbertram/Develop/flipbook-research/outputs/track-c/20260425T042313095853Z-c2-lite-glyph-layout-reflow-c75-dualres-s050-c4-seed1-s14000-1536x864-s14000/output.mp4",
    "metrics": "/Users/dennisonbertram/Develop/flipbook-research/outputs/track-c/20260425T042313095853Z-c2-lite-glyph-layout-reflow-c75-dualres-s050-c4-seed1-s14000-1536x864-s14000/metrics.json",
    "quality": "/Users/dennisonbertram/Develop/flipbook-research/outputs/track-c/20260425T042313095853Z-c2-lite-glyph-layout-reflow-c75-dualres-s050-c4-seed1-s14000-1536x864-s14000/quality.json"
  },
  "ocr_similarity": 0.49056603773584895,
  "layout_similarity": 0.9995288685788012,
  "motion_delta": 0.05025020241737366,
  "loop_error": 0.00082890794146806,
  "status": "near_miss"
}
DONE 20260425T042313095853Z-c2-lite-glyph-layout-reflow-c75-dualres-s050-c4-seed1-s14000-1536x864-s14000 quality=0.4906 motion=0.0503
Stopping app - local entrypoint completed.
✓ App completed. View run at 
https://modal.com/apps/dennisonbertram/main/ap-tDsrIec7KTJrfTg3oGLnxi
