✓ Initialized. View run at 
https://modal.com/apps/dennisonbertram/main/ap-pEFzuRyYaFIAGZ6QNh1S4A
✓ Created objects.
├── 🔨 Created mount 
│   /Users/dennisonbertram/Develop/flipbook-research/scripts/track_c/modal_canva
│   s_c2_lite.py
└── 🔨 Created function train_and_render_motion.
START 20260425T043707350516Z-c2-lite-glyph-layout-reflow-c76-dualres-s025-c8-th48-seed1-s14000-1536x864-s14000 config={"batch_size": 131072, "channels": 32, "context_channels": 8, "context_init_scale": 0.02, "context_sample_mode": "source", "context_scale": 0.25, "decoder_mode": "dual-residual", "detail_channels": 0, "detail_hidden": 160, "detail_init_scale": 0.01, "detail_scale": 0.0, "edge_loss_weight": 0.9, "edge_sample_ratio": 0.09, "element_anchor_mode": "line", "element_anchor_padding": 3, "element_mask_mode": "rectangle", "element_render_mode": "sequential", "element_scale_ratio": 0.25, "experiment_label": "c76-dualres-s025-c8-th48-seed1-s14000", "flow_scale": 0.1, "fps": 24, "frames": 33, "freq_bands": 10, "grad_clip": 0.5, "gradient_loss_offset_px": 1.0, "gradient_loss_ratio": 0.125, "gradient_loss_weight": 0.0, "hidden": 160, "l1_loss_weight": 0.0, "latent_neighborhood_mode": "cross", "latent_neighborhood_radius_px": 1.0, "latent_sample_mode": "source", "layout_endpoint_ratio": 0.0, "layout_endpoint_target_ratio": 0.5, "layout_flow_loss_weight": 0.0, "layout_mid_time_ratio": 0.6, "layout_mid_time_width": 0.28, "layout_motion_curriculum_ratio": 0.0, "layout_motion_curriculum_start": 0.0, "layout_oracle_flow": 0, "layout_supersample": 1.0, "layout_target_mid_sampling_ratio": 0.0, "layout_target_mid_time_width": 0.24, "layout_target_pair_ratio": 0.0, "layout_target_pair_weight": 1.0, "layout_target_sampling": 1, "layout_target_sampling_ratio": 0.6, "layout_target_weighting": 1, "layout_transform_pan": 0.0, "layout_transform_strength": 0.0, "lr": 0.01, "lr_schedule": "constant", "min_lr_ratio": 0.1, "min_motion_delta": 0.045, "min_ocr_similarity": 0.55, "motion_mode": "layout-reflow", "motion_strength": 1.0, "seed": 1, "source_coord_features": 1, "source_resolution": [1280, 736], "steps": 14000, "target_branch_hidden": 48, "target_branch_scale": 0.25, "text_box_loss_weight": 0.0, "text_box_min_conf": 55.0, "text_box_padding": 0, "text_box_sample_ratio": 0.0, "text_boxes": "0 boxes", "time_bands": 4, "train_resolution": "1536x864", "video_layout_mode": "none", "video_viewport_mode": "static", "viewport_pan": 0.0, "viewport_zoom": 0.0}
{
  "canvas_type": "time-conditioned-latent-feature-grid-learned-flow-mlp-glyph-weighted-source-coord-latent-cross-neighborhood-coarse-context-dual-residual",
  "train_resolution": "1536x864",
  "steps": 14000,
  "batch_size": 131072,
  "channels": 32,
  "hidden": 160,
  "detail_channels": 0,
  "detail_hidden": 160,
  "detail_scale": 0.0,
  "detail_init_scale": 0.01,
  "source_coord_features": 1,
  "latent_neighborhood_mode": "cross",
  "latent_neighborhood_radius_px": 1.0,
  "latent_neighborhood_taps": 5,
  "latent_sample_mode": "source",
  "context_channels": 8,
  "context_scale": 0.25,
  "context_init_scale": 0.02,
  "context_sample_mode": "source",
  "context_resolution": [
    216,
    384
  ],
  "decoder_mode": "dual-residual",
  "target_branch_scale": 0.25,
  "target_branch_hidden": 48,
  "freq_bands": 10,
  "time_bands": 4,
  "lr": 0.01,
  "lr_schedule": "constant",
  "min_lr_ratio": 0.1,
  "grad_clip": 0.5,
  "l1_loss_weight": 0.0,
  "gradient_loss_weight": 0.0,
  "gradient_loss_ratio": 0.125,
  "gradient_loss_offset_px": 1.0,
  "seed": 1,
  "experiment_label": "c76-dualres-s025-c8-th48-seed1-s14000",
  "flow_scale": 0.1,
  "motion_mode": "layout-reflow",
  "motion_strength": 1.0,
  "video_viewport_mode": "static",
  "viewport_zoom": 0.0,
  "viewport_pan": 0.0,
  "video_layout_mode": "none",
  "layout_transform_strength": 0.0,
  "layout_transform_pan": 0.0,
  "layout_supersample": 1.0,
  "layout_region_count": 0,
  "element_scale_ratio": 0.25,
  "element_anchor_padding": 3,
  "element_mask_mode": "rectangle",
  "element_anchor_mode": "line",
  "element_render_mode": "sequential",
  "element_line_count": 0,
  "min_ocr_similarity": 0.55,
  "min_motion_delta": 0.045,
  "edge_sample_ratio": 0.09,
  "edge_loss_weight": 0.9,
  "text_box_sample_ratio": 0.0,
  "text_box_loss_weight": 0.0,
  "text_box_padding": 0,
  "layout_target_sampling": 1,
  "layout_target_weighting": 1,
  "layout_target_sampling_ratio": 0.6,
  "layout_target_mid_sampling_ratio": 0.0,
  "layout_target_mid_time_width": 0.24,
  "layout_target_pair_ratio": 0.0,
  "layout_target_pair_weight": 1.0,
  "layout_mid_time_ratio": 0.6,
  "layout_mid_time_width": 0.28,
  "layout_flow_loss_weight": 0.0,
  "layout_oracle_flow": 0,
  "layout_motion_curriculum_ratio": 0.0,
  "layout_motion_curriculum_start": 0.0,
  "layout_endpoint_ratio": 0.0,
  "layout_endpoint_target_ratio": 0.5,
  "text_box_count": 0,
  "text_mask_coverage": 0.0,
  "element_alpha_coverage": 0.0,
  "compile_ms": 602276.3857250001,
  "final_mse": 0.00128066330216825,
  "losses": [
    {
      "step": 0,
      "mse": 0.23604068160057068
    },
    {
      "step": 700,
      "mse": 0.006493322551250458
    },
    {
      "step": 1400,
      "mse": 0.0036206345539540052
    },
    {
      "step": 2100,
      "mse": 0.003017648123204708
    },
    {
      "step": 2800,
      "mse": 0.002525171497836709
    },
    {
      "step": 3500,
      "mse": 0.0023395856842398643
    },
    {
      "step": 4200,
      "mse": 0.0022313324734568596
    },
    {
      "step": 4900,
      "mse": 0.0019242202397435904
    },
    {
      "step": 5600,
      "mse": 0.0019716941751539707
    },
    {
      "step": 6300,
      "mse": 0.0017465914133936167
    },
    {
      "step": 7000,
      "mse": 0.0016670990735292435
    },
    {
      "step": 7700,
      "mse": 0.001580424141138792
    },
    {
      "step": 8400,
      "mse": 0.0016236532246693969
    },
    {
      "step": 9100,
      "mse": 0.0015934817492961884
    },
    {
      "step": 9800,
      "mse": 0.001514506060630083
    },
    {
      "step": 10500,
      "mse": 0.0015135868452489376
    },
    {
      "step": 11200,
      "mse": 0.0014522693818435073
    },
    {
      "step": 11900,
      "mse": 0.0013795618433505297
    },
    {
      "step": 12600,
      "mse": 0.0013463629875332117
    },
    {
      "step": 13300,
      "mse": 0.00135122612118721
    },
    {
      "step": 13999,
      "mse": 0.00128066330216825
    }
  ],
  "render_times": {
    "render-960.png": 72.4537330000885,
    "render-mid.png": 31.26527399990664,
    "render-last.png": 31.26669200003107,
    "render-512.png": 8.701849000090078,
    "crop-2x.png": 30.835059999958503
  },
  "render_960_ms": 72.4537330000885,
  "render_33_wall_ms": 1023.297022999941,
  "encode_ms": 414.0415169999869,
  "resize_consistency": 0.9995103586586289,
  "temporal_consistency": 0.9989437587792054,
  "motion_delta_model": 0.0641322135925293,
  "loop_error_model": 0.0010562412207946181,
  "description": "C4.7 neural canvas: learned full page layout reflow from x,y,t Learned warped/source coordinate features are included in the renderer MLP. Decoder samples a cross latent neighborhood with 1px radius for local glyph/detail context in source mode. Decoder also samples a coarse context latent canvas with 8 channels at scale 0.25 in source mode. Decoder uses a source branch plus gated target-position residual branch (scale 0.25, target hidden 48).",
  "run_id": "20260425T043707350516Z-c2-lite-glyph-layout-reflow-c76-dualres-s025-c8-th48-seed1-s14000-1536x864-s14000",
  "commit": "4cc8f53",
  "track": "C",
  "width": 960,
  "height": 544,
  "frames": 33,
  "fps": 24,
  "artifacts": {
    "input": "/Users/dennisonbertram/Develop/flipbook-research/outputs/track-c/20260425T043707350516Z-c2-lite-glyph-layout-reflow-c76-dualres-s025-c8-th48-seed1-s14000-1536x864-s14000/input.png",
    "render_960": "/Users/dennisonbertram/Develop/flipbook-research/outputs/track-c/20260425T043707350516Z-c2-lite-glyph-layout-reflow-c76-dualres-s025-c8-th48-seed1-s14000-1536x864-s14000/render-960.png",
    "render_mid": "/Users/dennisonbertram/Develop/flipbook-research/outputs/track-c/20260425T043707350516Z-c2-lite-glyph-layout-reflow-c76-dualres-s025-c8-th48-seed1-s14000-1536x864-s14000/render-mid.png",
    "render_last": "/Users/dennisonbertram/Develop/flipbook-research/outputs/track-c/20260425T043707350516Z-c2-lite-glyph-layout-reflow-c76-dualres-s025-c8-th48-seed1-s14000-1536x864-s14000/render-last.png",
    "render_512": "/Users/dennisonbertram/Develop/flipbook-research/outputs/track-c/20260425T043707350516Z-c2-lite-glyph-layout-reflow-c76-dualres-s025-c8-th48-seed1-s14000-1536x864-s14000/render-512.png",
    "crop_2x": "/Users/dennisonbertram/Develop/flipbook-research/outputs/track-c/20260425T043707350516Z-c2-lite-glyph-layout-reflow-c76-dualres-s025-c8-th48-seed1-s14000-1536x864-s14000/crop-2x.png",
    "text_mask": "/Users/dennisonbertram/Develop/flipbook-research/outputs/track-c/20260425T043707350516Z-c2-lite-glyph-layout-reflow-c76-dualres-s025-c8-th48-seed1-s14000-1536x864-s14000/text-mask.png",
    "element_alpha_mask": "/Users/dennisonbertram/Develop/flipbook-research/outputs/track-c/20260425T043707350516Z-c2-lite-glyph-layout-reflow-c76-dualres-s025-c8-th48-seed1-s14000-1536x864-s14000/element-alpha-mask.png",
    "target_mid": "/Users/dennisonbertram/Develop/flipbook-research/outputs/track-c/20260425T043707350516Z-c2-lite-glyph-layout-reflow-c76-dualres-s025-c8-th48-seed1-s14000-1536x864-s14000/target-mid.png",
    "text_boxes": "/Users/dennisonbertram/Develop/flipbook-research/outputs/track-c/20260425T043707350516Z-c2-lite-glyph-layout-reflow-c76-dualres-s025-c8-th48-seed1-s14000-1536x864-s14000/text-boxes.json",
    "output": "/Users/dennisonbertram/Develop/flipbook-research/outputs/track-c/20260425T043707350516Z-c2-lite-glyph-layout-reflow-c76-dualres-s025-c8-th48-seed1-s14000-1536x864-s14000/output.mp4",
    "metrics": "/Users/dennisonbertram/Develop/flipbook-research/outputs/track-c/20260425T043707350516Z-c2-lite-glyph-layout-reflow-c76-dualres-s025-c8-th48-seed1-s14000-1536x864-s14000/metrics.json",
    "quality": "/Users/dennisonbertram/Develop/flipbook-research/outputs/track-c/20260425T043707350516Z-c2-lite-glyph-layout-reflow-c76-dualres-s025-c8-th48-seed1-s14000-1536x864-s14000/quality.json"
  },
  "ocr_similarity": 0.4263959390862944,
  "layout_similarity": 0.9995103586586289,
  "motion_delta": 0.04936853423714638,
  "loop_error": 0.0006539729656651616,
  "status": "near_miss"
}
DONE 20260425T043707350516Z-c2-lite-glyph-layout-reflow-c76-dualres-s025-c8-th48-seed1-s14000-1536x864-s14000 quality=0.4264 motion=0.0494
Stopping app - local entrypoint completed.
✓ App completed. View run at 
https://modal.com/apps/dennisonbertram/main/ap-pEFzuRyYaFIAGZ6QNh1S4A
