✓ Initialized. View run at 
https://modal.com/apps/dennisonbertram/main/ap-1Z7RAyJ4Zp5imTiQah1KG5
✓ Created objects.
├── 🔨 Created mount 
│   /Users/dennisonbertram/Develop/flipbook-research/scripts/track_c/modal_canva
│   s_c2_lite.py
└── 🔨 Created function train_and_render_motion.
START 20260425T043707328004Z-c2-lite-glyph-layout-reflow-c76-dualres-s035-c8-th64-seed1-s14000-1536x864-s14000 config={"batch_size": 131072, "channels": 32, "context_channels": 8, "context_init_scale": 0.02, "context_sample_mode": "source", "context_scale": 0.25, "decoder_mode": "dual-residual", "detail_channels": 0, "detail_hidden": 160, "detail_init_scale": 0.01, "detail_scale": 0.0, "edge_loss_weight": 0.9, "edge_sample_ratio": 0.09, "element_anchor_mode": "line", "element_anchor_padding": 3, "element_mask_mode": "rectangle", "element_render_mode": "sequential", "element_scale_ratio": 0.25, "experiment_label": "c76-dualres-s035-c8-th64-seed1-s14000", "flow_scale": 0.1, "fps": 24, "frames": 33, "freq_bands": 10, "grad_clip": 0.5, "gradient_loss_offset_px": 1.0, "gradient_loss_ratio": 0.125, "gradient_loss_weight": 0.0, "hidden": 160, "l1_loss_weight": 0.0, "latent_neighborhood_mode": "cross", "latent_neighborhood_radius_px": 1.0, "latent_sample_mode": "source", "layout_endpoint_ratio": 0.0, "layout_endpoint_target_ratio": 0.5, "layout_flow_loss_weight": 0.0, "layout_mid_time_ratio": 0.6, "layout_mid_time_width": 0.28, "layout_motion_curriculum_ratio": 0.0, "layout_motion_curriculum_start": 0.0, "layout_oracle_flow": 0, "layout_supersample": 1.0, "layout_target_mid_sampling_ratio": 0.0, "layout_target_mid_time_width": 0.24, "layout_target_pair_ratio": 0.0, "layout_target_pair_weight": 1.0, "layout_target_sampling": 1, "layout_target_sampling_ratio": 0.6, "layout_target_weighting": 1, "layout_transform_pan": 0.0, "layout_transform_strength": 0.0, "lr": 0.01, "lr_schedule": "constant", "min_lr_ratio": 0.1, "min_motion_delta": 0.045, "min_ocr_similarity": 0.55, "motion_mode": "layout-reflow", "motion_strength": 1.0, "seed": 1, "source_coord_features": 1, "source_resolution": [1280, 736], "steps": 14000, "target_branch_hidden": 64, "target_branch_scale": 0.35, "text_box_loss_weight": 0.0, "text_box_min_conf": 55.0, "text_box_padding": 0, "text_box_sample_ratio": 0.0, "text_boxes": "0 boxes", "time_bands": 4, "train_resolution": "1536x864", "video_layout_mode": "none", "video_viewport_mode": "static", "viewport_pan": 0.0, "viewport_zoom": 0.0}
{
  "canvas_type": "time-conditioned-latent-feature-grid-learned-flow-mlp-glyph-weighted-source-coord-latent-cross-neighborhood-coarse-context-dual-residual",
  "train_resolution": "1536x864",
  "steps": 14000,
  "batch_size": 131072,
  "channels": 32,
  "hidden": 160,
  "detail_channels": 0,
  "detail_hidden": 160,
  "detail_scale": 0.0,
  "detail_init_scale": 0.01,
  "source_coord_features": 1,
  "latent_neighborhood_mode": "cross",
  "latent_neighborhood_radius_px": 1.0,
  "latent_neighborhood_taps": 5,
  "latent_sample_mode": "source",
  "context_channels": 8,
  "context_scale": 0.25,
  "context_init_scale": 0.02,
  "context_sample_mode": "source",
  "context_resolution": [
    216,
    384
  ],
  "decoder_mode": "dual-residual",
  "target_branch_scale": 0.35,
  "target_branch_hidden": 64,
  "freq_bands": 10,
  "time_bands": 4,
  "lr": 0.01,
  "lr_schedule": "constant",
  "min_lr_ratio": 0.1,
  "grad_clip": 0.5,
  "l1_loss_weight": 0.0,
  "gradient_loss_weight": 0.0,
  "gradient_loss_ratio": 0.125,
  "gradient_loss_offset_px": 1.0,
  "seed": 1,
  "experiment_label": "c76-dualres-s035-c8-th64-seed1-s14000",
  "flow_scale": 0.1,
  "motion_mode": "layout-reflow",
  "motion_strength": 1.0,
  "video_viewport_mode": "static",
  "viewport_zoom": 0.0,
  "viewport_pan": 0.0,
  "video_layout_mode": "none",
  "layout_transform_strength": 0.0,
  "layout_transform_pan": 0.0,
  "layout_supersample": 1.0,
  "layout_region_count": 0,
  "element_scale_ratio": 0.25,
  "element_anchor_padding": 3,
  "element_mask_mode": "rectangle",
  "element_anchor_mode": "line",
  "element_render_mode": "sequential",
  "element_line_count": 0,
  "min_ocr_similarity": 0.55,
  "min_motion_delta": 0.045,
  "edge_sample_ratio": 0.09,
  "edge_loss_weight": 0.9,
  "text_box_sample_ratio": 0.0,
  "text_box_loss_weight": 0.0,
  "text_box_padding": 0,
  "layout_target_sampling": 1,
  "layout_target_weighting": 1,
  "layout_target_sampling_ratio": 0.6,
  "layout_target_mid_sampling_ratio": 0.0,
  "layout_target_mid_time_width": 0.24,
  "layout_target_pair_ratio": 0.0,
  "layout_target_pair_weight": 1.0,
  "layout_mid_time_ratio": 0.6,
  "layout_mid_time_width": 0.28,
  "layout_flow_loss_weight": 0.0,
  "layout_oracle_flow": 0,
  "layout_motion_curriculum_ratio": 0.0,
  "layout_motion_curriculum_start": 0.0,
  "layout_endpoint_ratio": 0.0,
  "layout_endpoint_target_ratio": 0.5,
  "text_box_count": 0,
  "text_mask_coverage": 0.0,
  "element_alpha_coverage": 0.0,
  "compile_ms": 608931.134987,
  "final_mse": 0.0011620012810453773,
  "losses": [
    {
      "step": 0,
      "mse": 0.23604300618171692
    },
    {
      "step": 700,
      "mse": 0.004972702823579311
    },
    {
      "step": 1400,
      "mse": 0.0031455187126994133
    },
    {
      "step": 2100,
      "mse": 0.002532775280997157
    },
    {
      "step": 2800,
      "mse": 0.0021270716097205877
    },
    {
      "step": 3500,
      "mse": 0.001998575171455741
    },
    {
      "step": 4200,
      "mse": 0.0019443427445366979
    },
    {
      "step": 4900,
      "mse": 0.0016877676825970411
    },
    {
      "step": 5600,
      "mse": 0.0016418800223618746
    },
    {
      "step": 6300,
      "mse": 0.0015902051236480474
    },
    {
      "step": 7000,
      "mse": 0.0014456945937126875
    },
    {
      "step": 7700,
      "mse": 0.0014023971743881702
    },
    {
      "step": 8400,
      "mse": 0.0015998532762750983
    },
    {
      "step": 9100,
      "mse": 0.001335148699581623
    },
    {
      "step": 9800,
      "mse": 0.0014339442132040858
    },
    {
      "step": 10500,
      "mse": 0.0012494891416281462
    },
    {
      "step": 11200,
      "mse": 0.0012055153492838144
    },
    {
      "step": 11900,
      "mse": 0.0012311097234487534
    },
    {
      "step": 12600,
      "mse": 0.0012168303364887834
    },
    {
      "step": 13300,
      "mse": 0.0012052259407937527
    },
    {
      "step": 13999,
      "mse": 0.0011620012810453773
    }
  ],
  "render_times": {
    "render-960.png": 32.38291399998161,
    "render-mid.png": 32.32657500007008,
    "render-last.png": 32.26260799999636,
    "render-512.png": 8.85600300000533,
    "crop-2x.png": 31.825145000084376
  },
  "render_960_ms": 32.38291399998161,
  "render_33_wall_ms": 1057.3448029999781,
  "encode_ms": 256.5783279999323,
  "resize_consistency": 0.9995295887220735,
  "temporal_consistency": 0.9989395888987929,
  "motion_delta_model": 0.06634460389614105,
  "loop_error_model": 0.001060411101207137,
  "description": "C4.7 neural canvas: learned full page layout reflow from x,y,t Learned warped/source coordinate features are included in the renderer MLP. Decoder samples a cross latent neighborhood with 1px radius for local glyph/detail context in source mode. Decoder also samples a coarse context latent canvas with 8 channels at scale 0.25 in source mode. Decoder uses a source branch plus gated target-position residual branch (scale 0.35, target hidden 64).",
  "run_id": "20260425T043707328004Z-c2-lite-glyph-layout-reflow-c76-dualres-s035-c8-th64-seed1-s14000-1536x864-s14000",
  "commit": "4cc8f53",
  "track": "C",
  "width": 960,
  "height": 544,
  "frames": 33,
  "fps": 24,
  "artifacts": {
    "input": "/Users/dennisonbertram/Develop/flipbook-research/outputs/track-c/20260425T043707328004Z-c2-lite-glyph-layout-reflow-c76-dualres-s035-c8-th64-seed1-s14000-1536x864-s14000/input.png",
    "render_960": "/Users/dennisonbertram/Develop/flipbook-research/outputs/track-c/20260425T043707328004Z-c2-lite-glyph-layout-reflow-c76-dualres-s035-c8-th64-seed1-s14000-1536x864-s14000/render-960.png",
    "render_mid": "/Users/dennisonbertram/Develop/flipbook-research/outputs/track-c/20260425T043707328004Z-c2-lite-glyph-layout-reflow-c76-dualres-s035-c8-th64-seed1-s14000-1536x864-s14000/render-mid.png",
    "render_last": "/Users/dennisonbertram/Develop/flipbook-research/outputs/track-c/20260425T043707328004Z-c2-lite-glyph-layout-reflow-c76-dualres-s035-c8-th64-seed1-s14000-1536x864-s14000/render-last.png",
    "render_512": "/Users/dennisonbertram/Develop/flipbook-research/outputs/track-c/20260425T043707328004Z-c2-lite-glyph-layout-reflow-c76-dualres-s035-c8-th64-seed1-s14000-1536x864-s14000/render-512.png",
    "crop_2x": "/Users/dennisonbertram/Develop/flipbook-research/outputs/track-c/20260425T043707328004Z-c2-lite-glyph-layout-reflow-c76-dualres-s035-c8-th64-seed1-s14000-1536x864-s14000/crop-2x.png",
    "text_mask": "/Users/dennisonbertram/Develop/flipbook-research/outputs/track-c/20260425T043707328004Z-c2-lite-glyph-layout-reflow-c76-dualres-s035-c8-th64-seed1-s14000-1536x864-s14000/text-mask.png",
    "element_alpha_mask": "/Users/dennisonbertram/Develop/flipbook-research/outputs/track-c/20260425T043707328004Z-c2-lite-glyph-layout-reflow-c76-dualres-s035-c8-th64-seed1-s14000-1536x864-s14000/element-alpha-mask.png",
    "target_mid": "/Users/dennisonbertram/Develop/flipbook-research/outputs/track-c/20260425T043707328004Z-c2-lite-glyph-layout-reflow-c76-dualres-s035-c8-th64-seed1-s14000-1536x864-s14000/target-mid.png",
    "text_boxes": "/Users/dennisonbertram/Develop/flipbook-research/outputs/track-c/20260425T043707328004Z-c2-lite-glyph-layout-reflow-c76-dualres-s035-c8-th64-seed1-s14000-1536x864-s14000/text-boxes.json",
    "output": "/Users/dennisonbertram/Develop/flipbook-research/outputs/track-c/20260425T043707328004Z-c2-lite-glyph-layout-reflow-c76-dualres-s035-c8-th64-seed1-s14000-1536x864-s14000/output.mp4",
    "metrics": "/Users/dennisonbertram/Develop/flipbook-research/outputs/track-c/20260425T043707328004Z-c2-lite-glyph-layout-reflow-c76-dualres-s035-c8-th64-seed1-s14000-1536x864-s14000/metrics.json",
    "quality": "/Users/dennisonbertram/Develop/flipbook-research/outputs/track-c/20260425T043707328004Z-c2-lite-glyph-layout-reflow-c76-dualres-s035-c8-th64-seed1-s14000-1536x864-s14000/quality.json"
  },
  "ocr_similarity": 0.6153846153846153,
  "layout_similarity": 0.9995295887220735,
  "motion_delta": 0.051026348024606705,
  "loop_error": 0.0006547294906340539,
  "status": "near_miss"
}
DONE 20260425T043707328004Z-c2-lite-glyph-layout-reflow-c76-dualres-s035-c8-th64-seed1-s14000-1536x864-s14000 quality=0.6154 motion=0.0510
Stopping app - local entrypoint completed.
✓ App completed. View run at 
https://modal.com/apps/dennisonbertram/main/ap-1Z7RAyJ4Zp5imTiQah1KG5
