✓ Initialized. View run at 
https://modal.com/apps/dennisonbertram/main/ap-C9r43096npAKtfJKvvtEps
✓ Created objects.
├── 🔨 Created mount 
│   /Users/dennisonbertram/Develop/flipbook-research/scripts/track_c/modal_canva
│   s_c2_lite.py
└── 🔨 Created function train_and_render_motion.
START 20260425T043707327868Z-c2-lite-glyph-layout-reflow-c76-dualres-s035-c8-th64-seed2-s14000-1536x864-s14000 config={"batch_size": 131072, "channels": 32, "context_channels": 8, "context_init_scale": 0.02, "context_sample_mode": "source", "context_scale": 0.25, "decoder_mode": "dual-residual", "detail_channels": 0, "detail_hidden": 160, "detail_init_scale": 0.01, "detail_scale": 0.0, "edge_loss_weight": 0.9, "edge_sample_ratio": 0.09, "element_anchor_mode": "line", "element_anchor_padding": 3, "element_mask_mode": "rectangle", "element_render_mode": "sequential", "element_scale_ratio": 0.25, "experiment_label": "c76-dualres-s035-c8-th64-seed2-s14000", "flow_scale": 0.1, "fps": 24, "frames": 33, "freq_bands": 10, "grad_clip": 0.5, "gradient_loss_offset_px": 1.0, "gradient_loss_ratio": 0.125, "gradient_loss_weight": 0.0, "hidden": 160, "l1_loss_weight": 0.0, "latent_neighborhood_mode": "cross", "latent_neighborhood_radius_px": 1.0, "latent_sample_mode": "source", "layout_endpoint_ratio": 0.0, "layout_endpoint_target_ratio": 0.5, "layout_flow_loss_weight": 0.0, "layout_mid_time_ratio": 0.6, "layout_mid_time_width": 0.28, "layout_motion_curriculum_ratio": 0.0, "layout_motion_curriculum_start": 0.0, "layout_oracle_flow": 0, "layout_supersample": 1.0, "layout_target_mid_sampling_ratio": 0.0, "layout_target_mid_time_width": 0.24, "layout_target_pair_ratio": 0.0, "layout_target_pair_weight": 1.0, "layout_target_sampling": 1, "layout_target_sampling_ratio": 0.6, "layout_target_weighting": 1, "layout_transform_pan": 0.0, "layout_transform_strength": 0.0, "lr": 0.01, "lr_schedule": "constant", "min_lr_ratio": 0.1, "min_motion_delta": 0.045, "min_ocr_similarity": 0.55, "motion_mode": "layout-reflow", "motion_strength": 1.0, "seed": 2, "source_coord_features": 1, "source_resolution": [1280, 736], "steps": 14000, "target_branch_hidden": 64, "target_branch_scale": 0.35, "text_box_loss_weight": 0.0, "text_box_min_conf": 55.0, "text_box_padding": 0, "text_box_sample_ratio": 0.0, "text_boxes": "0 boxes", "time_bands": 4, "train_resolution": "1536x864", "video_layout_mode": "none", "video_viewport_mode": "static", "viewport_pan": 0.0, "viewport_zoom": 0.0}
{
  "canvas_type": "time-conditioned-latent-feature-grid-learned-flow-mlp-glyph-weighted-source-coord-latent-cross-neighborhood-coarse-context-dual-residual",
  "train_resolution": "1536x864",
  "steps": 14000,
  "batch_size": 131072,
  "channels": 32,
  "hidden": 160,
  "detail_channels": 0,
  "detail_hidden": 160,
  "detail_scale": 0.0,
  "detail_init_scale": 0.01,
  "source_coord_features": 1,
  "latent_neighborhood_mode": "cross",
  "latent_neighborhood_radius_px": 1.0,
  "latent_neighborhood_taps": 5,
  "latent_sample_mode": "source",
  "context_channels": 8,
  "context_scale": 0.25,
  "context_init_scale": 0.02,
  "context_sample_mode": "source",
  "context_resolution": [
    216,
    384
  ],
  "decoder_mode": "dual-residual",
  "target_branch_scale": 0.35,
  "target_branch_hidden": 64,
  "freq_bands": 10,
  "time_bands": 4,
  "lr": 0.01,
  "lr_schedule": "constant",
  "min_lr_ratio": 0.1,
  "grad_clip": 0.5,
  "l1_loss_weight": 0.0,
  "gradient_loss_weight": 0.0,
  "gradient_loss_ratio": 0.125,
  "gradient_loss_offset_px": 1.0,
  "seed": 2,
  "experiment_label": "c76-dualres-s035-c8-th64-seed2-s14000",
  "flow_scale": 0.1,
  "motion_mode": "layout-reflow",
  "motion_strength": 1.0,
  "video_viewport_mode": "static",
  "viewport_zoom": 0.0,
  "viewport_pan": 0.0,
  "video_layout_mode": "none",
  "layout_transform_strength": 0.0,
  "layout_transform_pan": 0.0,
  "layout_supersample": 1.0,
  "layout_region_count": 0,
  "element_scale_ratio": 0.25,
  "element_anchor_padding": 3,
  "element_mask_mode": "rectangle",
  "element_anchor_mode": "line",
  "element_render_mode": "sequential",
  "element_line_count": 0,
  "min_ocr_similarity": 0.55,
  "min_motion_delta": 0.045,
  "edge_sample_ratio": 0.09,
  "edge_loss_weight": 0.9,
  "text_box_sample_ratio": 0.0,
  "text_box_loss_weight": 0.0,
  "text_box_padding": 0,
  "layout_target_sampling": 1,
  "layout_target_weighting": 1,
  "layout_target_sampling_ratio": 0.6,
  "layout_target_mid_sampling_ratio": 0.0,
  "layout_target_mid_time_width": 0.24,
  "layout_target_pair_ratio": 0.0,
  "layout_target_pair_weight": 1.0,
  "layout_mid_time_ratio": 0.6,
  "layout_mid_time_width": 0.28,
  "layout_flow_loss_weight": 0.0,
  "layout_oracle_flow": 0,
  "layout_motion_curriculum_ratio": 0.0,
  "layout_motion_curriculum_start": 0.0,
  "layout_endpoint_ratio": 0.0,
  "layout_endpoint_target_ratio": 0.5,
  "text_box_count": 0,
  "text_mask_coverage": 0.0,
  "element_alpha_coverage": 0.0,
  "compile_ms": 609049.313082,
  "final_mse": 0.0010586215648800135,
  "losses": [
    {
      "step": 0,
      "mse": 0.22338858246803284
    },
    {
      "step": 700,
      "mse": 0.004623184911906719
    },
    {
      "step": 1400,
      "mse": 0.0030231347773224115
    },
    {
      "step": 2100,
      "mse": 0.002414221875369549
    },
    {
      "step": 2800,
      "mse": 0.002108541317284107
    },
    {
      "step": 3500,
      "mse": 0.0018776926444843411
    },
    {
      "step": 4200,
      "mse": 0.0017364436062052846
    },
    {
      "step": 4900,
      "mse": 0.001678739907220006
    },
    {
      "step": 5600,
      "mse": 0.0015394843649119139
    },
    {
      "step": 6300,
      "mse": 0.0015285010449588299
    },
    {
      "step": 7000,
      "mse": 0.0013491709250956774
    },
    {
      "step": 7700,
      "mse": 0.0013862343039363623
    },
    {
      "step": 8400,
      "mse": 0.002524165902286768
    },
    {
      "step": 9100,
      "mse": 0.0013085529208183289
    },
    {
      "step": 9800,
      "mse": 0.001308469451032579
    },
    {
      "step": 10500,
      "mse": 0.0011713140411302447
    },
    {
      "step": 11200,
      "mse": 0.001225773710757494
    },
    {
      "step": 11900,
      "mse": 0.001217820099554956
    },
    {
      "step": 12600,
      "mse": 0.0011309937108308077
    },
    {
      "step": 13300,
      "mse": 0.0011478031519800425
    },
    {
      "step": 13999,
      "mse": 0.0010586215648800135
    }
  ],
  "render_times": {
    "render-960.png": 32.37902599994413,
    "render-mid.png": 32.24674500006586,
    "render-last.png": 32.295971000053214,
    "render-512.png": 8.889397999951143,
    "crop-2x.png": 31.86917200002881
  },
  "render_960_ms": 32.37902599994413,
  "render_33_wall_ms": 1056.94229300002,
  "encode_ms": 252.92832200000248,
  "resize_consistency": 0.9995200170731828,
  "temporal_consistency": 0.998848746297881,
  "motion_delta_model": 0.06341855973005295,
  "loop_error_model": 0.0011512537021189928,
  "description": "C4.7 neural canvas: learned full page layout reflow from x,y,t Learned warped/source coordinate features are included in the renderer MLP. Decoder samples a cross latent neighborhood with 1px radius for local glyph/detail context in source mode. Decoder also samples a coarse context latent canvas with 8 channels at scale 0.25 in source mode. Decoder uses a source branch plus gated target-position residual branch (scale 0.35, target hidden 64).",
  "run_id": "20260425T043707327868Z-c2-lite-glyph-layout-reflow-c76-dualres-s035-c8-th64-seed2-s14000-1536x864-s14000",
  "commit": "4cc8f53",
  "track": "C",
  "width": 960,
  "height": 544,
  "frames": 33,
  "fps": 24,
  "artifacts": {
    "input": "/Users/dennisonbertram/Develop/flipbook-research/outputs/track-c/20260425T043707327868Z-c2-lite-glyph-layout-reflow-c76-dualres-s035-c8-th64-seed2-s14000-1536x864-s14000/input.png",
    "render_960": "/Users/dennisonbertram/Develop/flipbook-research/outputs/track-c/20260425T043707327868Z-c2-lite-glyph-layout-reflow-c76-dualres-s035-c8-th64-seed2-s14000-1536x864-s14000/render-960.png",
    "render_mid": "/Users/dennisonbertram/Develop/flipbook-research/outputs/track-c/20260425T043707327868Z-c2-lite-glyph-layout-reflow-c76-dualres-s035-c8-th64-seed2-s14000-1536x864-s14000/render-mid.png",
    "render_last": "/Users/dennisonbertram/Develop/flipbook-research/outputs/track-c/20260425T043707327868Z-c2-lite-glyph-layout-reflow-c76-dualres-s035-c8-th64-seed2-s14000-1536x864-s14000/render-last.png",
    "render_512": "/Users/dennisonbertram/Develop/flipbook-research/outputs/track-c/20260425T043707327868Z-c2-lite-glyph-layout-reflow-c76-dualres-s035-c8-th64-seed2-s14000-1536x864-s14000/render-512.png",
    "crop_2x": "/Users/dennisonbertram/Develop/flipbook-research/outputs/track-c/20260425T043707327868Z-c2-lite-glyph-layout-reflow-c76-dualres-s035-c8-th64-seed2-s14000-1536x864-s14000/crop-2x.png",
    "text_mask": "/Users/dennisonbertram/Develop/flipbook-research/outputs/track-c/20260425T043707327868Z-c2-lite-glyph-layout-reflow-c76-dualres-s035-c8-th64-seed2-s14000-1536x864-s14000/text-mask.png",
    "element_alpha_mask": "/Users/dennisonbertram/Develop/flipbook-research/outputs/track-c/20260425T043707327868Z-c2-lite-glyph-layout-reflow-c76-dualres-s035-c8-th64-seed2-s14000-1536x864-s14000/element-alpha-mask.png",
    "target_mid": "/Users/dennisonbertram/Develop/flipbook-research/outputs/track-c/20260425T043707327868Z-c2-lite-glyph-layout-reflow-c76-dualres-s035-c8-th64-seed2-s14000-1536x864-s14000/target-mid.png",
    "text_boxes": "/Users/dennisonbertram/Develop/flipbook-research/outputs/track-c/20260425T043707327868Z-c2-lite-glyph-layout-reflow-c76-dualres-s035-c8-th64-seed2-s14000-1536x864-s14000/text-boxes.json",
    "output": "/Users/dennisonbertram/Develop/flipbook-research/outputs/track-c/20260425T043707327868Z-c2-lite-glyph-layout-reflow-c76-dualres-s035-c8-th64-seed2-s14000-1536x864-s14000/output.mp4",
    "metrics": "/Users/dennisonbertram/Develop/flipbook-research/outputs/track-c/20260425T043707327868Z-c2-lite-glyph-layout-reflow-c76-dualres-s035-c8-th64-seed2-s14000-1536x864-s14000/metrics.json",
    "quality": "/Users/dennisonbertram/Develop/flipbook-research/outputs/track-c/20260425T043707327868Z-c2-lite-glyph-layout-reflow-c76-dualres-s035-c8-th64-seed2-s14000-1536x864-s14000/quality.json"
  },
  "ocr_similarity": 0.4444444444444445,
  "layout_similarity": 0.9995200170731828,
  "motion_delta": 0.04884599894285202,
  "loop_error": 0.0006571880076080561,
  "status": "near_miss"
}
DONE 20260425T043707327868Z-c2-lite-glyph-layout-reflow-c76-dualres-s035-c8-th64-seed2-s14000-1536x864-s14000 quality=0.4444 motion=0.0488
Stopping app - local entrypoint completed.
✓ App completed. View run at 
https://modal.com/apps/dennisonbertram/main/ap-C9r43096npAKtfJKvvtEps
