✓ Initialized. View run at 
https://modal.com/apps/dennisonbertram/main/ap-jqraTJWvwdN5k1UuZPiZ8m
✓ Created objects.
├── 🔨 Created mount 
│   /Users/dennisonbertram/Develop/flipbook-research/scripts/track_c/modal_canva
│   s_c2_lite.py
└── 🔨 Created function train_and_render_motion.
START 20260425T043707379996Z-c2-lite-glyph-layout-reflow-c76-dualres-s025-c8-th48-seed4-s14000-1536x864-s14000 config={"batch_size": 131072, "channels": 32, "context_channels": 8, "context_init_scale": 0.02, "context_sample_mode": "source", "context_scale": 0.25, "decoder_mode": "dual-residual", "detail_channels": 0, "detail_hidden": 160, "detail_init_scale": 0.01, "detail_scale": 0.0, "edge_loss_weight": 0.9, "edge_sample_ratio": 0.09, "element_anchor_mode": "line", "element_anchor_padding": 3, "element_mask_mode": "rectangle", "element_render_mode": "sequential", "element_scale_ratio": 0.25, "experiment_label": "c76-dualres-s025-c8-th48-seed4-s14000", "flow_scale": 0.1, "fps": 24, "frames": 33, "freq_bands": 10, "grad_clip": 0.5, "gradient_loss_offset_px": 1.0, "gradient_loss_ratio": 0.125, "gradient_loss_weight": 0.0, "hidden": 160, "l1_loss_weight": 0.0, "latent_neighborhood_mode": "cross", "latent_neighborhood_radius_px": 1.0, "latent_sample_mode": "source", "layout_endpoint_ratio": 0.0, "layout_endpoint_target_ratio": 0.5, "layout_flow_loss_weight": 0.0, "layout_mid_time_ratio": 0.6, "layout_mid_time_width": 0.28, "layout_motion_curriculum_ratio": 0.0, "layout_motion_curriculum_start": 0.0, "layout_oracle_flow": 0, "layout_supersample": 1.0, "layout_target_mid_sampling_ratio": 0.0, "layout_target_mid_time_width": 0.24, "layout_target_pair_ratio": 0.0, "layout_target_pair_weight": 1.0, "layout_target_sampling": 1, "layout_target_sampling_ratio": 0.6, "layout_target_weighting": 1, "layout_transform_pan": 0.0, "layout_transform_strength": 0.0, "lr": 0.01, "lr_schedule": "constant", "min_lr_ratio": 0.1, "min_motion_delta": 0.045, "min_ocr_similarity": 0.55, "motion_mode": "layout-reflow", "motion_strength": 1.0, "seed": 4, "source_coord_features": 1, "source_resolution": [1280, 736], "steps": 14000, "target_branch_hidden": 48, "target_branch_scale": 0.25, "text_box_loss_weight": 0.0, "text_box_min_conf": 55.0, "text_box_padding": 0, "text_box_sample_ratio": 0.0, "text_boxes": "0 boxes", "time_bands": 4, "train_resolution": "1536x864", "video_layout_mode": "none", "video_viewport_mode": "static", "viewport_pan": 0.0, "viewport_zoom": 0.0}
{
  "canvas_type": "time-conditioned-latent-feature-grid-learned-flow-mlp-glyph-weighted-source-coord-latent-cross-neighborhood-coarse-context-dual-residual",
  "train_resolution": "1536x864",
  "steps": 14000,
  "batch_size": 131072,
  "channels": 32,
  "hidden": 160,
  "detail_channels": 0,
  "detail_hidden": 160,
  "detail_scale": 0.0,
  "detail_init_scale": 0.01,
  "source_coord_features": 1,
  "latent_neighborhood_mode": "cross",
  "latent_neighborhood_radius_px": 1.0,
  "latent_neighborhood_taps": 5,
  "latent_sample_mode": "source",
  "context_channels": 8,
  "context_scale": 0.25,
  "context_init_scale": 0.02,
  "context_sample_mode": "source",
  "context_resolution": [
    216,
    384
  ],
  "decoder_mode": "dual-residual",
  "target_branch_scale": 0.25,
  "target_branch_hidden": 48,
  "freq_bands": 10,
  "time_bands": 4,
  "lr": 0.01,
  "lr_schedule": "constant",
  "min_lr_ratio": 0.1,
  "grad_clip": 0.5,
  "l1_loss_weight": 0.0,
  "gradient_loss_weight": 0.0,
  "gradient_loss_ratio": 0.125,
  "gradient_loss_offset_px": 1.0,
  "seed": 4,
  "experiment_label": "c76-dualres-s025-c8-th48-seed4-s14000",
  "flow_scale": 0.1,
  "motion_mode": "layout-reflow",
  "motion_strength": 1.0,
  "video_viewport_mode": "static",
  "viewport_zoom": 0.0,
  "viewport_pan": 0.0,
  "video_layout_mode": "none",
  "layout_transform_strength": 0.0,
  "layout_transform_pan": 0.0,
  "layout_supersample": 1.0,
  "layout_region_count": 0,
  "element_scale_ratio": 0.25,
  "element_anchor_padding": 3,
  "element_mask_mode": "rectangle",
  "element_anchor_mode": "line",
  "element_render_mode": "sequential",
  "element_line_count": 0,
  "min_ocr_similarity": 0.55,
  "min_motion_delta": 0.045,
  "edge_sample_ratio": 0.09,
  "edge_loss_weight": 0.9,
  "text_box_sample_ratio": 0.0,
  "text_box_loss_weight": 0.0,
  "text_box_padding": 0,
  "layout_target_sampling": 1,
  "layout_target_weighting": 1,
  "layout_target_sampling_ratio": 0.6,
  "layout_target_mid_sampling_ratio": 0.0,
  "layout_target_mid_time_width": 0.24,
  "layout_target_pair_ratio": 0.0,
  "layout_target_pair_weight": 1.0,
  "layout_mid_time_ratio": 0.6,
  "layout_mid_time_width": 0.28,
  "layout_flow_loss_weight": 0.0,
  "layout_oracle_flow": 0,
  "layout_motion_curriculum_ratio": 0.0,
  "layout_motion_curriculum_start": 0.0,
  "layout_endpoint_ratio": 0.0,
  "layout_endpoint_target_ratio": 0.5,
  "text_box_count": 0,
  "text_mask_coverage": 0.0,
  "element_alpha_coverage": 0.0,
  "compile_ms": 505543.009586,
  "final_mse": 0.0011791165452450514,
  "losses": [
    {
      "step": 0,
      "mse": 0.22826384007930756
    },
    {
      "step": 700,
      "mse": 0.0049129147082567215
    },
    {
      "step": 1400,
      "mse": 0.0033344042021781206
    },
    {
      "step": 2100,
      "mse": 0.002574609126895666
    },
    {
      "step": 2800,
      "mse": 0.002253187820315361
    },
    {
      "step": 3500,
      "mse": 0.0020594275556504726
    },
    {
      "step": 4200,
      "mse": 0.0018035800894722342
    },
    {
      "step": 4900,
      "mse": 0.0018444431480020285
    },
    {
      "step": 5600,
      "mse": 0.001682096510194242
    },
    {
      "step": 6300,
      "mse": 0.0016491481801494956
    },
    {
      "step": 7000,
      "mse": 0.0015279112849384546
    },
    {
      "step": 7700,
      "mse": 0.0014033501502126455
    },
    {
      "step": 8400,
      "mse": 0.0014171877410262823
    },
    {
      "step": 9100,
      "mse": 0.0013222864363342524
    },
    {
      "step": 9800,
      "mse": 0.0012919644359499216
    },
    {
      "step": 10500,
      "mse": 0.001437787665054202
    },
    {
      "step": 11200,
      "mse": 0.0012461119331419468
    },
    {
      "step": 11900,
      "mse": 0.00120660406537354
    },
    {
      "step": 12600,
      "mse": 0.0012032202212139964
    },
    {
      "step": 13300,
      "mse": 0.001148364506661892
    },
    {
      "step": 13999,
      "mse": 0.0011791165452450514
    }
  ],
  "render_times": {
    "render-960.png": 24.131624999995438,
    "render-mid.png": 24.000270000044566,
    "render-last.png": 24.056232000020827,
    "render-512.png": 6.942229999992833,
    "crop-2x.png": 23.682122000025174
  },
  "render_960_ms": 24.131624999995438,
  "render_33_wall_ms": 782.6127679999786,
  "encode_ms": 259.50631099999555,
  "resize_consistency": 0.9995257477428491,
  "temporal_consistency": 0.9989476833725348,
  "motion_delta_model": 0.06544815003871918,
  "loop_error_model": 0.0010523166274651885,
  "description": "C4.7 neural canvas: learned full page layout reflow from x,y,t Learned warped/source coordinate features are included in the renderer MLP. Decoder samples a cross latent neighborhood with 1px radius for local glyph/detail context in source mode. Decoder also samples a coarse context latent canvas with 8 channels at scale 0.25 in source mode. Decoder uses a source branch plus gated target-position residual branch (scale 0.25, target hidden 48).",
  "run_id": "20260425T043707379996Z-c2-lite-glyph-layout-reflow-c76-dualres-s025-c8-th48-seed4-s14000-1536x864-s14000",
  "commit": "4cc8f53",
  "track": "C",
  "width": 960,
  "height": 544,
  "frames": 33,
  "fps": 24,
  "artifacts": {
    "input": "/Users/dennisonbertram/Develop/flipbook-research/outputs/track-c/20260425T043707379996Z-c2-lite-glyph-layout-reflow-c76-dualres-s025-c8-th48-seed4-s14000-1536x864-s14000/input.png",
    "render_960": "/Users/dennisonbertram/Develop/flipbook-research/outputs/track-c/20260425T043707379996Z-c2-lite-glyph-layout-reflow-c76-dualres-s025-c8-th48-seed4-s14000-1536x864-s14000/render-960.png",
    "render_mid": "/Users/dennisonbertram/Develop/flipbook-research/outputs/track-c/20260425T043707379996Z-c2-lite-glyph-layout-reflow-c76-dualres-s025-c8-th48-seed4-s14000-1536x864-s14000/render-mid.png",
    "render_last": "/Users/dennisonbertram/Develop/flipbook-research/outputs/track-c/20260425T043707379996Z-c2-lite-glyph-layout-reflow-c76-dualres-s025-c8-th48-seed4-s14000-1536x864-s14000/render-last.png",
    "render_512": "/Users/dennisonbertram/Develop/flipbook-research/outputs/track-c/20260425T043707379996Z-c2-lite-glyph-layout-reflow-c76-dualres-s025-c8-th48-seed4-s14000-1536x864-s14000/render-512.png",
    "crop_2x": "/Users/dennisonbertram/Develop/flipbook-research/outputs/track-c/20260425T043707379996Z-c2-lite-glyph-layout-reflow-c76-dualres-s025-c8-th48-seed4-s14000-1536x864-s14000/crop-2x.png",
    "text_mask": "/Users/dennisonbertram/Develop/flipbook-research/outputs/track-c/20260425T043707379996Z-c2-lite-glyph-layout-reflow-c76-dualres-s025-c8-th48-seed4-s14000-1536x864-s14000/text-mask.png",
    "element_alpha_mask": "/Users/dennisonbertram/Develop/flipbook-research/outputs/track-c/20260425T043707379996Z-c2-lite-glyph-layout-reflow-c76-dualres-s025-c8-th48-seed4-s14000-1536x864-s14000/element-alpha-mask.png",
    "target_mid": "/Users/dennisonbertram/Develop/flipbook-research/outputs/track-c/20260425T043707379996Z-c2-lite-glyph-layout-reflow-c76-dualres-s025-c8-th48-seed4-s14000-1536x864-s14000/target-mid.png",
    "text_boxes": "/Users/dennisonbertram/Develop/flipbook-research/outputs/track-c/20260425T043707379996Z-c2-lite-glyph-layout-reflow-c76-dualres-s025-c8-th48-seed4-s14000-1536x864-s14000/text-boxes.json",
    "output": "/Users/dennisonbertram/Develop/flipbook-research/outputs/track-c/20260425T043707379996Z-c2-lite-glyph-layout-reflow-c76-dualres-s025-c8-th48-seed4-s14000-1536x864-s14000/output.mp4",
    "metrics": "/Users/dennisonbertram/Develop/flipbook-research/outputs/track-c/20260425T043707379996Z-c2-lite-glyph-layout-reflow-c76-dualres-s025-c8-th48-seed4-s14000-1536x864-s14000/metrics.json",
    "quality": "/Users/dennisonbertram/Develop/flipbook-research/outputs/track-c/20260425T043707379996Z-c2-lite-glyph-layout-reflow-c76-dualres-s025-c8-th48-seed4-s14000-1536x864-s14000/quality.json"
  },
  "ocr_similarity": 0.4654088050314465,
  "layout_similarity": 0.9995257477428491,
  "motion_delta": 0.050406038761138916,
  "loop_error": 0.0006038565188646317,
  "status": "near_miss"
}
DONE 20260425T043707379996Z-c2-lite-glyph-layout-reflow-c76-dualres-s025-c8-th48-seed4-s14000-1536x864-s14000 quality=0.4654 motion=0.0504
Stopping app - local entrypoint completed.
✓ App completed. View run at 
https://modal.com/apps/dennisonbertram/main/ap-jqraTJWvwdN5k1UuZPiZ8m
