✓ Initialized. View run at 
https://modal.com/apps/dennisonbertram/main/ap-J7yc1c5WAXK4g3C8a4CVG7
✓ Created objects.
├── 🔨 Created mount 
│   /Users/dennisonbertram/Develop/flipbook-research/scripts/track_c/modal_canva
│   s_c2_lite.py
└── 🔨 Created function train_and_render_motion.
START 20260425T050456848915Z-c2-lite-glyph-layout-reflow-c78-fused-s025-c8-h80-seed2-s14000-1536x864-s14000 config={"batch_size": 131072, "channels": 32, "context_channels": 8, "context_init_scale": 0.02, "context_sample_mode": "source", "context_scale": 0.25, "decoder_mode": "dual-residual-fused", "detail_channels": 0, "detail_hidden": 160, "detail_init_scale": 0.01, "detail_scale": 0.0, "edge_loss_weight": 0.9, "edge_sample_ratio": 0.09, "element_anchor_mode": "line", "element_anchor_padding": 3, "element_mask_mode": "rectangle", "element_render_mode": "sequential", "element_scale_ratio": 0.25, "experiment_label": "c78-fused-s025-c8-h80-seed2-s14000", "flow_scale": 0.1, "fps": 24, "frames": 33, "freq_bands": 10, "grad_clip": 0.5, "gradient_loss_offset_px": 1.0, "gradient_loss_ratio": 0.125, "gradient_loss_weight": 0.0, "hidden": 160, "l1_loss_weight": 0.0, "latent_neighborhood_mode": "cross", "latent_neighborhood_radius_px": 1.0, "latent_sample_mode": "source", "layout_endpoint_ratio": 0.0, "layout_endpoint_target_ratio": 0.5, "layout_flow_loss_weight": 0.0, "layout_mid_time_ratio": 0.6, "layout_mid_time_width": 0.28, "layout_motion_curriculum_ratio": 0.0, "layout_motion_curriculum_start": 0.0, "layout_oracle_flow": 0, "layout_supersample": 1.0, "layout_target_mid_sampling_ratio": 0.0, "layout_target_mid_time_width": 0.24, "layout_target_pair_ratio": 0.0, "layout_target_pair_weight": 1.0, "layout_target_sampling": 1, "layout_target_sampling_ratio": 0.6, "layout_target_weighting": 1, "layout_transform_pan": 0.0, "layout_transform_strength": 0.0, "lr": 0.01, "lr_schedule": "constant", "min_lr_ratio": 0.1, "min_motion_delta": 0.045, "min_ocr_similarity": 0.55, "motion_mode": "layout-reflow", "motion_strength": 1.0, "seed": 2, "source_coord_features": 1, "source_resolution": [1280, 736], "steps": 14000, "target_branch_hidden": 80, "target_branch_scale": 0.25, "text_box_loss_weight": 0.0, "text_box_min_conf": 55.0, "text_box_padding": 0, "text_box_sample_ratio": 0.0, "text_boxes": "0 boxes", "time_bands": 4, "train_resolution": "1536x864", "video_layout_mode": "none", "video_viewport_mode": "static", "viewport_pan": 0.0, "viewport_zoom": 0.0}
{
  "canvas_type": "time-conditioned-latent-feature-grid-learned-flow-mlp-glyph-weighted-source-coord-latent-cross-neighborhood-coarse-context-dual-residual-fused",
  "train_resolution": "1536x864",
  "steps": 14000,
  "batch_size": 131072,
  "channels": 32,
  "hidden": 160,
  "detail_channels": 0,
  "detail_hidden": 160,
  "detail_scale": 0.0,
  "detail_init_scale": 0.01,
  "source_coord_features": 1,
  "latent_neighborhood_mode": "cross",
  "latent_neighborhood_radius_px": 1.0,
  "latent_neighborhood_taps": 5,
  "latent_sample_mode": "source",
  "context_channels": 8,
  "context_scale": 0.25,
  "context_init_scale": 0.02,
  "context_sample_mode": "source",
  "context_resolution": [
    216,
    384
  ],
  "decoder_mode": "dual-residual-fused",
  "target_branch_scale": 0.25,
  "target_branch_hidden": 80,
  "freq_bands": 10,
  "time_bands": 4,
  "lr": 0.01,
  "lr_schedule": "constant",
  "min_lr_ratio": 0.1,
  "grad_clip": 0.5,
  "l1_loss_weight": 0.0,
  "gradient_loss_weight": 0.0,
  "gradient_loss_ratio": 0.125,
  "gradient_loss_offset_px": 1.0,
  "seed": 2,
  "experiment_label": "c78-fused-s025-c8-h80-seed2-s14000",
  "flow_scale": 0.1,
  "motion_mode": "layout-reflow",
  "motion_strength": 1.0,
  "video_viewport_mode": "static",
  "viewport_zoom": 0.0,
  "viewport_pan": 0.0,
  "video_layout_mode": "none",
  "layout_transform_strength": 0.0,
  "layout_transform_pan": 0.0,
  "layout_supersample": 1.0,
  "layout_region_count": 0,
  "element_scale_ratio": 0.25,
  "element_anchor_padding": 3,
  "element_mask_mode": "rectangle",
  "element_anchor_mode": "line",
  "element_render_mode": "sequential",
  "element_line_count": 0,
  "min_ocr_similarity": 0.55,
  "min_motion_delta": 0.045,
  "edge_sample_ratio": 0.09,
  "edge_loss_weight": 0.9,
  "text_box_sample_ratio": 0.0,
  "text_box_loss_weight": 0.0,
  "text_box_padding": 0,
  "layout_target_sampling": 1,
  "layout_target_weighting": 1,
  "layout_target_sampling_ratio": 0.6,
  "layout_target_mid_sampling_ratio": 0.0,
  "layout_target_mid_time_width": 0.24,
  "layout_target_pair_ratio": 0.0,
  "layout_target_pair_weight": 1.0,
  "layout_mid_time_ratio": 0.6,
  "layout_mid_time_width": 0.28,
  "layout_flow_loss_weight": 0.0,
  "layout_oracle_flow": 0,
  "layout_motion_curriculum_ratio": 0.0,
  "layout_motion_curriculum_start": 0.0,
  "layout_endpoint_ratio": 0.0,
  "layout_endpoint_target_ratio": 0.5,
  "text_box_count": 0,
  "text_mask_coverage": 0.0,
  "element_alpha_coverage": 0.0,
  "compile_ms": 644446.814966,
  "final_mse": 0.0011553667718544602,
  "losses": [
    {
      "step": 0,
      "mse": 0.2233867645263672
    },
    {
      "step": 700,
      "mse": 0.004772487096488476
    },
    {
      "step": 1400,
      "mse": 0.0030999823939055204
    },
    {
      "step": 2100,
      "mse": 0.0024922548327594995
    },
    {
      "step": 2800,
      "mse": 0.002198826288804412
    },
    {
      "step": 3500,
      "mse": 0.001991614466533065
    },
    {
      "step": 4200,
      "mse": 0.0018328131409361959
    },
    {
      "step": 4900,
      "mse": 0.0017588456394150853
    },
    {
      "step": 5600,
      "mse": 0.001607949729077518
    },
    {
      "step": 6300,
      "mse": 0.0016289204359054565
    },
    {
      "step": 7000,
      "mse": 0.0015076444251462817
    },
    {
      "step": 7700,
      "mse": 0.001507305889390409
    },
    {
      "step": 8400,
      "mse": 0.0014172365190461278
    },
    {
      "step": 9100,
      "mse": 0.0013663561549037695
    },
    {
      "step": 9800,
      "mse": 0.0013440733309835196
    },
    {
      "step": 10500,
      "mse": 0.001238529453985393
    },
    {
      "step": 11200,
      "mse": 0.0012781736440956593
    },
    {
      "step": 11900,
      "mse": 0.0012180014746263623
    },
    {
      "step": 12600,
      "mse": 0.0012400525156408548
    },
    {
      "step": 13300,
      "mse": 0.0012404504232108593
    },
    {
      "step": 13999,
      "mse": 0.0011553667718544602
    }
  ],
  "render_times": {
    "render-960.png": 38.55907000001935,
    "render-mid.png": 38.54160199989565,
    "render-last.png": 38.49409700001161,
    "render-512.png": 10.791186999995261,
    "crop-2x.png": 37.85639100010485
  },
  "render_960_ms": 38.55907000001935,
  "render_33_wall_ms": 1262.1971229999644,
  "encode_ms": 247.50886799995442,
  "resize_consistency": 0.9994957512866897,
  "temporal_consistency": 0.9989463374949992,
  "motion_delta_model": 0.06300345063209534,
  "loop_error_model": 0.0010536625050008297,
  "description": "C4.7 neural canvas: learned full page layout reflow from x,y,t Learned warped/source coordinate features are included in the renderer MLP. Decoder samples a cross latent neighborhood with 1px radius for local glyph/detail context in source mode. Decoder also samples a coarse context latent canvas with 8 channels at scale 0.25 in source mode. Decoder uses a source branch plus gated residual branch that sees both source and target-position features (scale 0.25, target hidden 80).",
  "run_id": "20260425T050456848915Z-c2-lite-glyph-layout-reflow-c78-fused-s025-c8-h80-seed2-s14000-1536x864-s14000",
  "commit": "48697a7",
  "track": "C",
  "width": 960,
  "height": 544,
  "frames": 33,
  "fps": 24,
  "artifacts": {
    "input": "/Users/dennisonbertram/Develop/flipbook-research/outputs/track-c/20260425T050456848915Z-c2-lite-glyph-layout-reflow-c78-fused-s025-c8-h80-seed2-s14000-1536x864-s14000/input.png",
    "render_960": "/Users/dennisonbertram/Develop/flipbook-research/outputs/track-c/20260425T050456848915Z-c2-lite-glyph-layout-reflow-c78-fused-s025-c8-h80-seed2-s14000-1536x864-s14000/render-960.png",
    "render_mid": "/Users/dennisonbertram/Develop/flipbook-research/outputs/track-c/20260425T050456848915Z-c2-lite-glyph-layout-reflow-c78-fused-s025-c8-h80-seed2-s14000-1536x864-s14000/render-mid.png",
    "render_last": "/Users/dennisonbertram/Develop/flipbook-research/outputs/track-c/20260425T050456848915Z-c2-lite-glyph-layout-reflow-c78-fused-s025-c8-h80-seed2-s14000-1536x864-s14000/render-last.png",
    "render_512": "/Users/dennisonbertram/Develop/flipbook-research/outputs/track-c/20260425T050456848915Z-c2-lite-glyph-layout-reflow-c78-fused-s025-c8-h80-seed2-s14000-1536x864-s14000/render-512.png",
    "crop_2x": "/Users/dennisonbertram/Develop/flipbook-research/outputs/track-c/20260425T050456848915Z-c2-lite-glyph-layout-reflow-c78-fused-s025-c8-h80-seed2-s14000-1536x864-s14000/crop-2x.png",
    "text_mask": "/Users/dennisonbertram/Develop/flipbook-research/outputs/track-c/20260425T050456848915Z-c2-lite-glyph-layout-reflow-c78-fused-s025-c8-h80-seed2-s14000-1536x864-s14000/text-mask.png",
    "element_alpha_mask": "/Users/dennisonbertram/Develop/flipbook-research/outputs/track-c/20260425T050456848915Z-c2-lite-glyph-layout-reflow-c78-fused-s025-c8-h80-seed2-s14000-1536x864-s14000/element-alpha-mask.png",
    "target_mid": "/Users/dennisonbertram/Develop/flipbook-research/outputs/track-c/20260425T050456848915Z-c2-lite-glyph-layout-reflow-c78-fused-s025-c8-h80-seed2-s14000-1536x864-s14000/target-mid.png",
    "text_boxes": "/Users/dennisonbertram/Develop/flipbook-research/outputs/track-c/20260425T050456848915Z-c2-lite-glyph-layout-reflow-c78-fused-s025-c8-h80-seed2-s14000-1536x864-s14000/text-boxes.json",
    "output": "/Users/dennisonbertram/Develop/flipbook-research/outputs/track-c/20260425T050456848915Z-c2-lite-glyph-layout-reflow-c78-fused-s025-c8-h80-seed2-s14000-1536x864-s14000/output.mp4",
    "metrics": "/Users/dennisonbertram/Develop/flipbook-research/outputs/track-c/20260425T050456848915Z-c2-lite-glyph-layout-reflow-c78-fused-s025-c8-h80-seed2-s14000-1536x864-s14000/metrics.json",
    "quality": "/Users/dennisonbertram/Develop/flipbook-research/outputs/track-c/20260425T050456848915Z-c2-lite-glyph-layout-reflow-c78-fused-s025-c8-h80-seed2-s14000-1536x864-s14000/quality.json"
  },
  "ocr_similarity": 0.44171779141104295,
  "layout_similarity": 0.9994957512866897,
  "motion_delta": 0.0477231964468956,
  "loop_error": 0.0006169057451188564,
  "status": "near_miss"
}
DONE 20260425T050456848915Z-c2-lite-glyph-layout-reflow-c78-fused-s025-c8-h80-seed2-s14000-1536x864-s14000 quality=0.4417 motion=0.0477
Stopping app - local entrypoint completed.
✓ App completed. View run at 
https://modal.com/apps/dennisonbertram/main/ap-J7yc1c5WAXK4g3C8a4CVG7
