✓ Initialized. View run at 
https://modal.com/apps/dennisonbertram/main/ap-mwfJ7nVpr7TpzEv57WDY5u
✓ Created objects.
├── 🔨 Created mount 
│   /Users/dennisonbertram/Develop/flipbook-research/scripts/track_c/modal_canva
│   s_c2_lite.py
└── 🔨 Created function train_and_render_motion.
START 20260425T050456325798Z-c2-lite-glyph-layout-reflow-c78-fused-s025-c8-h80-seed5-s14000-1536x864-s14000 config={"batch_size": 131072, "channels": 32, "context_channels": 8, "context_init_scale": 0.02, "context_sample_mode": "source", "context_scale": 0.25, "decoder_mode": "dual-residual-fused", "detail_channels": 0, "detail_hidden": 160, "detail_init_scale": 0.01, "detail_scale": 0.0, "edge_loss_weight": 0.9, "edge_sample_ratio": 0.09, "element_anchor_mode": "line", "element_anchor_padding": 3, "element_mask_mode": "rectangle", "element_render_mode": "sequential", "element_scale_ratio": 0.25, "experiment_label": "c78-fused-s025-c8-h80-seed5-s14000", "flow_scale": 0.1, "fps": 24, "frames": 33, "freq_bands": 10, "grad_clip": 0.5, "gradient_loss_offset_px": 1.0, "gradient_loss_ratio": 0.125, "gradient_loss_weight": 0.0, "hidden": 160, "l1_loss_weight": 0.0, "latent_neighborhood_mode": "cross", "latent_neighborhood_radius_px": 1.0, "latent_sample_mode": "source", "layout_endpoint_ratio": 0.0, "layout_endpoint_target_ratio": 0.5, "layout_flow_loss_weight": 0.0, "layout_mid_time_ratio": 0.6, "layout_mid_time_width": 0.28, "layout_motion_curriculum_ratio": 0.0, "layout_motion_curriculum_start": 0.0, "layout_oracle_flow": 0, "layout_supersample": 1.0, "layout_target_mid_sampling_ratio": 0.0, "layout_target_mid_time_width": 0.24, "layout_target_pair_ratio": 0.0, "layout_target_pair_weight": 1.0, "layout_target_sampling": 1, "layout_target_sampling_ratio": 0.6, "layout_target_weighting": 1, "layout_transform_pan": 0.0, "layout_transform_strength": 0.0, "lr": 0.01, "lr_schedule": "constant", "min_lr_ratio": 0.1, "min_motion_delta": 0.045, "min_ocr_similarity": 0.55, "motion_mode": "layout-reflow", "motion_strength": 1.0, "seed": 5, "source_coord_features": 1, "source_resolution": [1280, 736], "steps": 14000, "target_branch_hidden": 80, "target_branch_scale": 0.25, "text_box_loss_weight": 0.0, "text_box_min_conf": 55.0, "text_box_padding": 0, "text_box_sample_ratio": 0.0, "text_boxes": "0 boxes", "time_bands": 4, "train_resolution": "1536x864", "video_layout_mode": "none", "video_viewport_mode": "static", "viewport_pan": 0.0, "viewport_zoom": 0.0}
{
  "canvas_type": "time-conditioned-latent-feature-grid-learned-flow-mlp-glyph-weighted-source-coord-latent-cross-neighborhood-coarse-context-dual-residual-fused",
  "train_resolution": "1536x864",
  "steps": 14000,
  "batch_size": 131072,
  "channels": 32,
  "hidden": 160,
  "detail_channels": 0,
  "detail_hidden": 160,
  "detail_scale": 0.0,
  "detail_init_scale": 0.01,
  "source_coord_features": 1,
  "latent_neighborhood_mode": "cross",
  "latent_neighborhood_radius_px": 1.0,
  "latent_neighborhood_taps": 5,
  "latent_sample_mode": "source",
  "context_channels": 8,
  "context_scale": 0.25,
  "context_init_scale": 0.02,
  "context_sample_mode": "source",
  "context_resolution": [
    216,
    384
  ],
  "decoder_mode": "dual-residual-fused",
  "target_branch_scale": 0.25,
  "target_branch_hidden": 80,
  "freq_bands": 10,
  "time_bands": 4,
  "lr": 0.01,
  "lr_schedule": "constant",
  "min_lr_ratio": 0.1,
  "grad_clip": 0.5,
  "l1_loss_weight": 0.0,
  "gradient_loss_weight": 0.0,
  "gradient_loss_ratio": 0.125,
  "gradient_loss_offset_px": 1.0,
  "seed": 5,
  "experiment_label": "c78-fused-s025-c8-h80-seed5-s14000",
  "flow_scale": 0.1,
  "motion_mode": "layout-reflow",
  "motion_strength": 1.0,
  "video_viewport_mode": "static",
  "viewport_zoom": 0.0,
  "viewport_pan": 0.0,
  "video_layout_mode": "none",
  "layout_transform_strength": 0.0,
  "layout_transform_pan": 0.0,
  "layout_supersample": 1.0,
  "layout_region_count": 0,
  "element_scale_ratio": 0.25,
  "element_anchor_padding": 3,
  "element_mask_mode": "rectangle",
  "element_anchor_mode": "line",
  "element_render_mode": "sequential",
  "element_line_count": 0,
  "min_ocr_similarity": 0.55,
  "min_motion_delta": 0.045,
  "edge_sample_ratio": 0.09,
  "edge_loss_weight": 0.9,
  "text_box_sample_ratio": 0.0,
  "text_box_loss_weight": 0.0,
  "text_box_padding": 0,
  "layout_target_sampling": 1,
  "layout_target_weighting": 1,
  "layout_target_sampling_ratio": 0.6,
  "layout_target_mid_sampling_ratio": 0.0,
  "layout_target_mid_time_width": 0.24,
  "layout_target_pair_ratio": 0.0,
  "layout_target_pair_weight": 1.0,
  "layout_mid_time_ratio": 0.6,
  "layout_mid_time_width": 0.28,
  "layout_flow_loss_weight": 0.0,
  "layout_oracle_flow": 0,
  "layout_motion_curriculum_ratio": 0.0,
  "layout_motion_curriculum_start": 0.0,
  "layout_endpoint_ratio": 0.0,
  "layout_endpoint_target_ratio": 0.5,
  "text_box_count": 0,
  "text_mask_coverage": 0.0,
  "element_alpha_coverage": 0.0,
  "compile_ms": 643654.656746,
  "final_mse": 0.0011614097747951746,
  "losses": [
    {
      "step": 0,
      "mse": 0.22484788298606873
    },
    {
      "step": 700,
      "mse": 0.0046277353540062904
    },
    {
      "step": 1400,
      "mse": 0.003222786821424961
    },
    {
      "step": 2100,
      "mse": 0.0028626564890146255
    },
    {
      "step": 2800,
      "mse": 0.0023621160071343184
    },
    {
      "step": 3500,
      "mse": 0.002082599326968193
    },
    {
      "step": 4200,
      "mse": 0.001967376098036766
    },
    {
      "step": 4900,
      "mse": 0.0018319892697036266
    },
    {
      "step": 5600,
      "mse": 0.0018323047552257776
    },
    {
      "step": 6300,
      "mse": 0.0018823350546881557
    },
    {
      "step": 7000,
      "mse": 0.0017956576775759459
    },
    {
      "step": 7700,
      "mse": 0.0015622449573129416
    },
    {
      "step": 8400,
      "mse": 0.0014661955647170544
    },
    {
      "step": 9100,
      "mse": 0.001404698472470045
    },
    {
      "step": 9800,
      "mse": 0.001397851505316794
    },
    {
      "step": 10500,
      "mse": 0.0013557311613112688
    },
    {
      "step": 11200,
      "mse": 0.0012592555722221732
    },
    {
      "step": 11900,
      "mse": 0.0012550809187814593
    },
    {
      "step": 12600,
      "mse": 0.0012719143414869905
    },
    {
      "step": 13300,
      "mse": 0.001221406040713191
    },
    {
      "step": 13999,
      "mse": 0.0011614097747951746
    }
  ],
  "render_times": {
    "render-960.png": 38.597680999941986,
    "render-mid.png": 38.49742800002787,
    "render-last.png": 38.49431399999048,
    "render-512.png": 10.49933499996314,
    "crop-2x.png": 37.793544000010115
  },
  "render_960_ms": 38.597680999941986,
  "render_33_wall_ms": 1262.2658159999673,
  "encode_ms": 426.8827139999303,
  "resize_consistency": 0.9995055142717607,
  "temporal_consistency": 0.9987115493277088,
  "motion_delta_model": 0.06568730622529984,
  "loop_error_model": 0.0012884506722912192,
  "description": "C4.7 neural canvas: learned full page layout reflow from x,y,t Learned warped/source coordinate features are included in the renderer MLP. Decoder samples a cross latent neighborhood with 1px radius for local glyph/detail context in source mode. Decoder also samples a coarse context latent canvas with 8 channels at scale 0.25 in source mode. Decoder uses a source branch plus gated residual branch that sees both source and target-position features (scale 0.25, target hidden 80).",
  "run_id": "20260425T050456325798Z-c2-lite-glyph-layout-reflow-c78-fused-s025-c8-h80-seed5-s14000-1536x864-s14000",
  "commit": "48697a7",
  "track": "C",
  "width": 960,
  "height": 544,
  "frames": 33,
  "fps": 24,
  "artifacts": {
    "input": "/Users/dennisonbertram/Develop/flipbook-research/outputs/track-c/20260425T050456325798Z-c2-lite-glyph-layout-reflow-c78-fused-s025-c8-h80-seed5-s14000-1536x864-s14000/input.png",
    "render_960": "/Users/dennisonbertram/Develop/flipbook-research/outputs/track-c/20260425T050456325798Z-c2-lite-glyph-layout-reflow-c78-fused-s025-c8-h80-seed5-s14000-1536x864-s14000/render-960.png",
    "render_mid": "/Users/dennisonbertram/Develop/flipbook-research/outputs/track-c/20260425T050456325798Z-c2-lite-glyph-layout-reflow-c78-fused-s025-c8-h80-seed5-s14000-1536x864-s14000/render-mid.png",
    "render_last": "/Users/dennisonbertram/Develop/flipbook-research/outputs/track-c/20260425T050456325798Z-c2-lite-glyph-layout-reflow-c78-fused-s025-c8-h80-seed5-s14000-1536x864-s14000/render-last.png",
    "render_512": "/Users/dennisonbertram/Develop/flipbook-research/outputs/track-c/20260425T050456325798Z-c2-lite-glyph-layout-reflow-c78-fused-s025-c8-h80-seed5-s14000-1536x864-s14000/render-512.png",
    "crop_2x": "/Users/dennisonbertram/Develop/flipbook-research/outputs/track-c/20260425T050456325798Z-c2-lite-glyph-layout-reflow-c78-fused-s025-c8-h80-seed5-s14000-1536x864-s14000/crop-2x.png",
    "text_mask": "/Users/dennisonbertram/Develop/flipbook-research/outputs/track-c/20260425T050456325798Z-c2-lite-glyph-layout-reflow-c78-fused-s025-c8-h80-seed5-s14000-1536x864-s14000/text-mask.png",
    "element_alpha_mask": "/Users/dennisonbertram/Develop/flipbook-research/outputs/track-c/20260425T050456325798Z-c2-lite-glyph-layout-reflow-c78-fused-s025-c8-h80-seed5-s14000-1536x864-s14000/element-alpha-mask.png",
    "target_mid": "/Users/dennisonbertram/Develop/flipbook-research/outputs/track-c/20260425T050456325798Z-c2-lite-glyph-layout-reflow-c78-fused-s025-c8-h80-seed5-s14000-1536x864-s14000/target-mid.png",
    "text_boxes": "/Users/dennisonbertram/Develop/flipbook-research/outputs/track-c/20260425T050456325798Z-c2-lite-glyph-layout-reflow-c78-fused-s025-c8-h80-seed5-s14000-1536x864-s14000/text-boxes.json",
    "output": "/Users/dennisonbertram/Develop/flipbook-research/outputs/track-c/20260425T050456325798Z-c2-lite-glyph-layout-reflow-c78-fused-s025-c8-h80-seed5-s14000-1536x864-s14000/output.mp4",
    "metrics": "/Users/dennisonbertram/Develop/flipbook-research/outputs/track-c/20260425T050456325798Z-c2-lite-glyph-layout-reflow-c78-fused-s025-c8-h80-seed5-s14000-1536x864-s14000/metrics.json",
    "quality": "/Users/dennisonbertram/Develop/flipbook-research/outputs/track-c/20260425T050456325798Z-c2-lite-glyph-layout-reflow-c78-fused-s025-c8-h80-seed5-s14000-1536x864-s14000/quality.json"
  },
  "ocr_similarity": 0.49056603773584895,
  "layout_similarity": 0.9995055142717607,
  "motion_delta": 0.05086313933134079,
  "loop_error": 0.000762338109780103,
  "status": "near_miss"
}
DONE 20260425T050456325798Z-c2-lite-glyph-layout-reflow-c78-fused-s025-c8-h80-seed5-s14000-1536x864-s14000 quality=0.4906 motion=0.0509
Stopping app - local entrypoint completed.
✓ App completed. View run at 
https://modal.com/apps/dennisonbertram/main/ap-mwfJ7nVpr7TpzEv57WDY5u
