✓ Initialized. View run at 
https://modal.com/apps/dennisonbertram/main/ap-sGsBpeawYjSOZmhbiauOs0
✓ Created objects.
├── 🔨 Created mount 
│   /Users/dennisonbertram/Develop/flipbook-research/scripts/track_c/modal_canva
│   s_c2_lite.py
└── 🔨 Created function train_and_render_motion.
START 20260425T053932819727Z-c2-lite-glyph-layout-reflow-c80-rgbbase075-res200-c8-seed2-s14000-1536x864-s14000 config={"batch_size": 131072, "channels": 32, "context_channels": 8, "context_init_scale": 0.02, "context_sample_mode": "source", "context_scale": 0.25, "decoder_mode": "single", "detail_channels": 0, "detail_hidden": 160, "detail_init_scale": 0.01, "detail_scale": 0.0, "edge_loss_weight": 0.9, "edge_sample_ratio": 0.09, "element_anchor_mode": "line", "element_anchor_padding": 3, "element_mask_mode": "rectangle", "element_render_mode": "sequential", "element_scale_ratio": 0.25, "experiment_label": "c80-rgbbase075-res200-c8-seed2-s14000", "flow_scale": 0.1, "fps": 24, "frames": 33, "freq_bands": 10, "grad_clip": 0.5, "gradient_loss_offset_px": 1.0, "gradient_loss_ratio": 0.125, "gradient_loss_weight": 0.0, "hidden": 160, "l1_loss_weight": 0.0, "latent_neighborhood_mode": "cross", "latent_neighborhood_radius_px": 1.0, "latent_sample_mode": "source", "layout_endpoint_ratio": 0.0, "layout_endpoint_target_ratio": 0.5, "layout_flow_loss_weight": 0.0, "layout_mid_time_ratio": 0.6, "layout_mid_time_width": 0.28, "layout_motion_curriculum_ratio": 0.0, "layout_motion_curriculum_start": 0.0, "layout_oracle_flow": 0, "layout_supersample": 1.0, "layout_target_mid_sampling_ratio": 0.0, "layout_target_mid_time_width": 0.24, "layout_target_pair_ratio": 0.0, "layout_target_pair_weight": 1.0, "layout_target_sampling": 1, "layout_target_sampling_ratio": 0.6, "layout_target_weighting": 1, "layout_transform_pan": 0.0, "layout_transform_strength": 0.0, "lr": 0.01, "lr_schedule": "constant", "min_lr_ratio": 0.1, "min_motion_delta": 0.045, "min_ocr_similarity": 0.55, "motion_mode": "layout-reflow", "motion_strength": 1.0, "rgb_skip_base_scale": 0.75, "rgb_skip_mode": "source", "rgb_skip_scale": 2.0, "seed": 2, "source_coord_features": 1, "source_resolution": [1280, 736], "steps": 14000, "target_branch_hidden": 160, "target_branch_scale": 0.0, "text_box_loss_weight": 0.0, "text_box_min_conf": 55.0, "text_box_padding": 0, "text_box_sample_ratio": 0.0, "text_boxes": "0 boxes", "time_bands": 4, "train_resolution": "1536x864", "video_layout_mode": "none", "video_viewport_mode": "static", "viewport_pan": 0.0, "viewport_zoom": 0.0}
{
  "canvas_type": "time-conditioned-latent-feature-grid-learned-flow-mlp-glyph-weighted-source-coord-latent-cross-neighborhood-coarse-context-rgb-skip-source",
  "train_resolution": "1536x864",
  "steps": 14000,
  "batch_size": 131072,
  "channels": 32,
  "hidden": 160,
  "detail_channels": 0,
  "detail_hidden": 160,
  "detail_scale": 0.0,
  "detail_init_scale": 0.01,
  "source_coord_features": 1,
  "latent_neighborhood_mode": "cross",
  "latent_neighborhood_radius_px": 1.0,
  "latent_neighborhood_taps": 5,
  "latent_sample_mode": "source",
  "context_channels": 8,
  "context_scale": 0.25,
  "context_init_scale": 0.02,
  "context_sample_mode": "source",
  "context_resolution": [
    216,
    384
  ],
  "decoder_mode": "single",
  "target_branch_scale": 0.0,
  "target_branch_hidden": 160,
  "rgb_skip_scale": 2.0,
  "rgb_skip_mode": "source",
  "rgb_skip_base_scale": 0.75,
  "freq_bands": 10,
  "time_bands": 4,
  "lr": 0.01,
  "lr_schedule": "constant",
  "min_lr_ratio": 0.1,
  "grad_clip": 0.5,
  "l1_loss_weight": 0.0,
  "gradient_loss_weight": 0.0,
  "gradient_loss_ratio": 0.125,
  "gradient_loss_offset_px": 1.0,
  "seed": 2,
  "experiment_label": "c80-rgbbase075-res200-c8-seed2-s14000",
  "flow_scale": 0.1,
  "motion_mode": "layout-reflow",
  "motion_strength": 1.0,
  "video_viewport_mode": "static",
  "viewport_zoom": 0.0,
  "viewport_pan": 0.0,
  "video_layout_mode": "none",
  "layout_transform_strength": 0.0,
  "layout_transform_pan": 0.0,
  "layout_supersample": 1.0,
  "layout_region_count": 0,
  "element_scale_ratio": 0.25,
  "element_anchor_padding": 3,
  "element_mask_mode": "rectangle",
  "element_anchor_mode": "line",
  "element_render_mode": "sequential",
  "element_line_count": 0,
  "min_ocr_similarity": 0.55,
  "min_motion_delta": 0.045,
  "edge_sample_ratio": 0.09,
  "edge_loss_weight": 0.9,
  "text_box_sample_ratio": 0.0,
  "text_box_loss_weight": 0.0,
  "text_box_padding": 0,
  "layout_target_sampling": 1,
  "layout_target_weighting": 1,
  "layout_target_sampling_ratio": 0.6,
  "layout_target_mid_sampling_ratio": 0.0,
  "layout_target_mid_time_width": 0.24,
  "layout_target_pair_ratio": 0.0,
  "layout_target_pair_weight": 1.0,
  "layout_mid_time_ratio": 0.6,
  "layout_mid_time_width": 0.28,
  "layout_flow_loss_weight": 0.0,
  "layout_oracle_flow": 0,
  "layout_motion_curriculum_ratio": 0.0,
  "layout_motion_curriculum_start": 0.0,
  "layout_endpoint_ratio": 0.0,
  "layout_endpoint_target_ratio": 0.5,
  "text_box_count": 0,
  "text_mask_coverage": 0.0,
  "element_alpha_coverage": 0.0,
  "compile_ms": 386115.16816899995,
  "final_mse": 0.016870636492967606,
  "losses": [
    {
      "step": 0,
      "mse": 0.04116669297218323
    },
    {
      "step": 700,
      "mse": 0.028608694672584534
    },
    {
      "step": 1400,
      "mse": 0.023867521435022354
    },
    {
      "step": 2100,
      "mse": 0.02116384729743004
    },
    {
      "step": 2800,
      "mse": 0.019736040383577347
    },
    {
      "step": 3500,
      "mse": 0.018505893647670746
    },
    {
      "step": 4200,
      "mse": 0.018605506047606468
    },
    {
      "step": 4900,
      "mse": 0.018200749531388283
    },
    {
      "step": 5600,
      "mse": 0.01821076311171055
    },
    {
      "step": 6300,
      "mse": 0.018165742978453636
    },
    {
      "step": 7000,
      "mse": 0.01761859841644764
    },
    {
      "step": 7700,
      "mse": 0.0179138220846653
    },
    {
      "step": 8400,
      "mse": 0.017696218565106392
    },
    {
      "step": 9100,
      "mse": 0.0175778865814209
    },
    {
      "step": 9800,
      "mse": 0.017475927248597145
    },
    {
      "step": 10500,
      "mse": 0.017246223986148834
    },
    {
      "step": 11200,
      "mse": 0.017909035086631775
    },
    {
      "step": 11900,
      "mse": 0.017200153321027756
    },
    {
      "step": 12600,
      "mse": 0.017416292801499367
    },
    {
      "step": 13300,
      "mse": 0.017743417993187904
    },
    {
      "step": 13999,
      "mse": 0.016870636492967606
    }
  ],
  "render_times": {
    "render-960.png": 22.335488999999598,
    "render-mid.png": 22.26968700000498,
    "render-last.png": 22.169101999963914,
    "render-512.png": 6.007624000005762,
    "crop-2x.png": 21.94377099999656
  },
  "render_960_ms": 22.335488999999598,
  "render_33_wall_ms": 721.7750339999611,
  "encode_ms": 227.6410149999606,
  "resize_consistency": 0.9925613383374183,
  "temporal_consistency": 0.9999999999900705,
  "motion_delta_model": 9.929542431341698e-12,
  "loop_error_model": 9.929542431341698e-12,
  "description": "C4.7 neural canvas: learned full page layout reflow from x,y,t Learned warped/source coordinate features are included in the renderer MLP. Decoder samples a cross latent neighborhood with 1px radius for local glyph/detail context in source mode. Decoder also samples a coarse context latent canvas with 8 channels at scale 0.25 in source mode. Renderer uses a learned RGB neural texture skip sampled in source mode, with base scale 0.75 and bounded residual scale 2.",
  "run_id": "20260425T053932819727Z-c2-lite-glyph-layout-reflow-c80-rgbbase075-res200-c8-seed2-s14000-1536x864-s14000",
  "commit": "5adb835",
  "track": "C",
  "width": 960,
  "height": 544,
  "frames": 33,
  "fps": 24,
  "artifacts": {
    "input": "/Users/dennisonbertram/Develop/flipbook-research/outputs/track-c/20260425T053932819727Z-c2-lite-glyph-layout-reflow-c80-rgbbase075-res200-c8-seed2-s14000-1536x864-s14000/input.png",
    "render_960": "/Users/dennisonbertram/Develop/flipbook-research/outputs/track-c/20260425T053932819727Z-c2-lite-glyph-layout-reflow-c80-rgbbase075-res200-c8-seed2-s14000-1536x864-s14000/render-960.png",
    "render_mid": "/Users/dennisonbertram/Develop/flipbook-research/outputs/track-c/20260425T053932819727Z-c2-lite-glyph-layout-reflow-c80-rgbbase075-res200-c8-seed2-s14000-1536x864-s14000/render-mid.png",
    "render_last": "/Users/dennisonbertram/Develop/flipbook-research/outputs/track-c/20260425T053932819727Z-c2-lite-glyph-layout-reflow-c80-rgbbase075-res200-c8-seed2-s14000-1536x864-s14000/render-last.png",
    "render_512": "/Users/dennisonbertram/Develop/flipbook-research/outputs/track-c/20260425T053932819727Z-c2-lite-glyph-layout-reflow-c80-rgbbase075-res200-c8-seed2-s14000-1536x864-s14000/render-512.png",
    "crop_2x": "/Users/dennisonbertram/Develop/flipbook-research/outputs/track-c/20260425T053932819727Z-c2-lite-glyph-layout-reflow-c80-rgbbase075-res200-c8-seed2-s14000-1536x864-s14000/crop-2x.png",
    "text_mask": "/Users/dennisonbertram/Develop/flipbook-research/outputs/track-c/20260425T053932819727Z-c2-lite-glyph-layout-reflow-c80-rgbbase075-res200-c8-seed2-s14000-1536x864-s14000/text-mask.png",
    "element_alpha_mask": "/Users/dennisonbertram/Develop/flipbook-research/outputs/track-c/20260425T053932819727Z-c2-lite-glyph-layout-reflow-c80-rgbbase075-res200-c8-seed2-s14000-1536x864-s14000/element-alpha-mask.png",
    "target_mid": "/Users/dennisonbertram/Develop/flipbook-research/outputs/track-c/20260425T053932819727Z-c2-lite-glyph-layout-reflow-c80-rgbbase075-res200-c8-seed2-s14000-1536x864-s14000/target-mid.png",
    "text_boxes": "/Users/dennisonbertram/Develop/flipbook-research/outputs/track-c/20260425T053932819727Z-c2-lite-glyph-layout-reflow-c80-rgbbase075-res200-c8-seed2-s14000-1536x864-s14000/text-boxes.json",
    "output": "/Users/dennisonbertram/Develop/flipbook-research/outputs/track-c/20260425T053932819727Z-c2-lite-glyph-layout-reflow-c80-rgbbase075-res200-c8-seed2-s14000-1536x864-s14000/output.mp4",
    "metrics": "/Users/dennisonbertram/Develop/flipbook-research/outputs/track-c/20260425T053932819727Z-c2-lite-glyph-layout-reflow-c80-rgbbase075-res200-c8-seed2-s14000-1536x864-s14000/metrics.json",
    "quality": "/Users/dennisonbertram/Develop/flipbook-research/outputs/track-c/20260425T053932819727Z-c2-lite-glyph-layout-reflow-c80-rgbbase075-res200-c8-seed2-s14000-1536x864-s14000/quality.json"
  },
  "ocr_similarity": 0.03571428571428571,
  "layout_similarity": 0.9925613383374183,
  "motion_delta": 0.0,
  "loop_error": 0.0,
  "status": "near_miss"
}
DONE 20260425T053932819727Z-c2-lite-glyph-layout-reflow-c80-rgbbase075-res200-c8-seed2-s14000-1536x864-s14000 quality=0.0357 motion=0.0000
Stopping app - local entrypoint completed.
✓ App completed. View run at 
https://modal.com/apps/dennisonbertram/main/ap-sGsBpeawYjSOZmhbiauOs0
