✓ Initialized. View run at 
https://modal.com/apps/dennisonbertram/main/ap-HOyWbCCPNYfAj3ExGvsCcr
✓ Created objects.
├── 🔨 Created mount 
│   /Users/dennisonbertram/Develop/flipbook-research/scripts/track_c/modal_canva
│   s_c2_lite.py
└── 🔨 Created function train_and_render_motion.
START 20260425T055250837541Z-c2-lite-glyph-layout-reflow-c81-nctx-b025-r300-a100-seed2-s14000-1536x864-s14000 config={"batch_size": 131072, "channels": 32, "context_channels": 0, "context_init_scale": 0.02, "context_sample_mode": "source", "context_scale": 0.25, "decoder_mode": "single", "detail_channels": 0, "detail_hidden": 160, "detail_init_scale": 0.01, "detail_scale": 0.0, "edge_loss_weight": 0.9, "edge_sample_ratio": 0.09, "element_anchor_mode": "line", "element_anchor_padding": 3, "element_mask_mode": "rectangle", "element_render_mode": "sequential", "element_scale_ratio": 0.25, "experiment_label": "c81-nctx-b025-r300-a100-seed2-s14000", "flow_scale": 0.1, "fps": 24, "frames": 33, "freq_bands": 10, "grad_clip": 0.5, "gradient_loss_offset_px": 1.0, "gradient_loss_ratio": 0.125, "gradient_loss_weight": 0.0, "hidden": 160, "l1_loss_weight": 0.0, "latent_neighborhood_mode": "cross", "latent_neighborhood_radius_px": 1.0, "latent_sample_mode": "source", "layout_endpoint_ratio": 0.0, "layout_endpoint_target_ratio": 0.5, "layout_flow_loss_weight": 0.0, "layout_mid_time_ratio": 0.6, "layout_mid_time_width": 0.28, "layout_motion_curriculum_ratio": 0.0, "layout_motion_curriculum_start": 0.0, "layout_oracle_flow": 0, "layout_supersample": 1.0, "layout_target_mid_sampling_ratio": 0.0, "layout_target_mid_time_width": 0.24, "layout_target_pair_ratio": 0.0, "layout_target_pair_weight": 1.0, "layout_target_sampling": 1, "layout_target_sampling_ratio": 0.6, "layout_target_weighting": 1, "layout_transform_pan": 0.0, "layout_transform_strength": 0.0, "lr": 0.01, "lr_schedule": "constant", "min_lr_ratio": 0.1, "min_motion_delta": 0.045, "min_ocr_similarity": 0.55, "motion_mode": "layout-reflow", "motion_strength": 1.0, "rgb_skip_base_scale": 0.25, "rgb_skip_mode": "source", "rgb_skip_scale": 3.0, "seed": 2, "source_coord_features": 1, "source_resolution": [1280, 736], "steps": 14000, "target_branch_hidden": 160, "target_branch_scale": 0.0, "text_box_loss_weight": 0.0, "text_box_min_conf": 55.0, "text_box_padding": 0, "text_box_sample_ratio": 0.0, "text_boxes": "0 boxes", "time_bands": 4, "train_resolution": "1536x864", "video_layout_mode": "none", "video_viewport_mode": "static", "viewport_pan": 0.0, "viewport_zoom": 0.0}
{
  "canvas_type": "time-conditioned-latent-feature-grid-learned-flow-mlp-glyph-weighted-source-coord-latent-cross-neighborhood-rgb-skip-source",
  "train_resolution": "1536x864",
  "steps": 14000,
  "batch_size": 131072,
  "channels": 32,
  "hidden": 160,
  "detail_channels": 0,
  "detail_hidden": 160,
  "detail_scale": 0.0,
  "detail_init_scale": 0.01,
  "source_coord_features": 1,
  "latent_neighborhood_mode": "cross",
  "latent_neighborhood_radius_px": 1.0,
  "latent_neighborhood_taps": 5,
  "latent_sample_mode": "source",
  "context_channels": 0,
  "context_scale": 0.25,
  "context_init_scale": 0.02,
  "context_sample_mode": "source",
  "context_resolution": [
    0,
    0
  ],
  "decoder_mode": "single",
  "target_branch_scale": 0.0,
  "target_branch_hidden": 160,
  "rgb_skip_scale": 3.0,
  "rgb_skip_mode": "source",
  "rgb_skip_base_scale": 0.25,
  "freq_bands": 10,
  "time_bands": 4,
  "lr": 0.01,
  "lr_schedule": "constant",
  "min_lr_ratio": 0.1,
  "grad_clip": 0.5,
  "l1_loss_weight": 0.0,
  "gradient_loss_weight": 0.0,
  "gradient_loss_ratio": 0.125,
  "gradient_loss_offset_px": 1.0,
  "seed": 2,
  "experiment_label": "c81-nctx-b025-r300-a100-seed2-s14000",
  "flow_scale": 0.1,
  "motion_mode": "layout-reflow",
  "motion_strength": 1.0,
  "video_viewport_mode": "static",
  "viewport_zoom": 0.0,
  "viewport_pan": 0.0,
  "video_layout_mode": "none",
  "layout_transform_strength": 0.0,
  "layout_transform_pan": 0.0,
  "layout_supersample": 1.0,
  "layout_region_count": 0,
  "element_scale_ratio": 0.25,
  "element_anchor_padding": 3,
  "element_mask_mode": "rectangle",
  "element_anchor_mode": "line",
  "element_render_mode": "sequential",
  "element_line_count": 0,
  "min_ocr_similarity": 0.55,
  "min_motion_delta": 0.045,
  "edge_sample_ratio": 0.09,
  "edge_loss_weight": 0.9,
  "text_box_sample_ratio": 0.0,
  "text_box_loss_weight": 0.0,
  "text_box_padding": 0,
  "layout_target_sampling": 1,
  "layout_target_weighting": 1,
  "layout_target_sampling_ratio": 0.6,
  "layout_target_mid_sampling_ratio": 0.0,
  "layout_target_mid_time_width": 0.24,
  "layout_target_pair_ratio": 0.0,
  "layout_target_pair_weight": 1.0,
  "layout_mid_time_ratio": 0.6,
  "layout_mid_time_width": 0.28,
  "layout_flow_loss_weight": 0.0,
  "layout_oracle_flow": 0,
  "layout_motion_curriculum_ratio": 0.0,
  "layout_motion_curriculum_start": 0.0,
  "layout_endpoint_ratio": 0.0,
  "layout_endpoint_target_ratio": 0.5,
  "text_box_count": 0,
  "text_mask_coverage": 0.0,
  "element_alpha_coverage": 0.0,
  "compile_ms": 376686.420934,
  "final_mse": 0.0014781190548092127,
  "losses": [
    {
      "step": 0,
      "mse": 0.0858592689037323
    },
    {
      "step": 700,
      "mse": 0.006421160884201527
    },
    {
      "step": 1400,
      "mse": 0.0037471880204975605
    },
    {
      "step": 2100,
      "mse": 0.0029285068158060312
    },
    {
      "step": 2800,
      "mse": 0.0026149405166506767
    },
    {
      "step": 3500,
      "mse": 0.0023394308518618345
    },
    {
      "step": 4200,
      "mse": 0.0023165936581790447
    },
    {
      "step": 4900,
      "mse": 0.002170888241380453
    },
    {
      "step": 5600,
      "mse": 0.0019772923551499844
    },
    {
      "step": 6300,
      "mse": 0.001973483245819807
    },
    {
      "step": 7000,
      "mse": 0.0018413168145343661
    },
    {
      "step": 7700,
      "mse": 0.001859789015725255
    },
    {
      "step": 8400,
      "mse": 0.0017366110114380717
    },
    {
      "step": 9100,
      "mse": 0.0017232506070286036
    },
    {
      "step": 9800,
      "mse": 0.0016916964668780565
    },
    {
      "step": 10500,
      "mse": 0.0015757946530357003
    },
    {
      "step": 11200,
      "mse": 0.0016304613091051579
    },
    {
      "step": 11900,
      "mse": 0.0015419585397467017
    },
    {
      "step": 12600,
      "mse": 0.0015091097448021173
    },
    {
      "step": 13300,
      "mse": 0.0015466890763491392
    },
    {
      "step": 13999,
      "mse": 0.0014781190548092127
    }
  ],
  "render_times": {
    "render-960.png": 20.785047000003942,
    "render-mid.png": 20.70113899998205,
    "render-last.png": 20.612254000013763,
    "render-512.png": 5.644068000037805,
    "crop-2x.png": 20.425876000047083
  },
  "render_960_ms": 20.785047000003942,
  "render_33_wall_ms": 672.3235189999741,
  "encode_ms": 257.9668500000025,
  "resize_consistency": 0.9995412258220058,
  "temporal_consistency": 0.9993304540985264,
  "motion_delta_model": 0.056905291974544525,
  "loop_error_model": 0.0006695459014736116,
  "description": "C4.7 neural canvas: learned full page layout reflow from x,y,t Learned warped/source coordinate features are included in the renderer MLP. Decoder samples a cross latent neighborhood with 1px radius for local glyph/detail context in source mode. Renderer uses a learned RGB neural texture skip sampled in source mode, with base scale 0.25 and bounded residual scale 3.",
  "run_id": "20260425T055250837541Z-c2-lite-glyph-layout-reflow-c81-nctx-b025-r300-a100-seed2-s14000-1536x864-s14000",
  "commit": "a140a74",
  "track": "C",
  "width": 960,
  "height": 544,
  "frames": 33,
  "fps": 24,
  "artifacts": {
    "input": "/Users/dennisonbertram/Develop/flipbook-research/outputs/track-c/20260425T055250837541Z-c2-lite-glyph-layout-reflow-c81-nctx-b025-r300-a100-seed2-s14000-1536x864-s14000/input.png",
    "render_960": "/Users/dennisonbertram/Develop/flipbook-research/outputs/track-c/20260425T055250837541Z-c2-lite-glyph-layout-reflow-c81-nctx-b025-r300-a100-seed2-s14000-1536x864-s14000/render-960.png",
    "render_mid": "/Users/dennisonbertram/Develop/flipbook-research/outputs/track-c/20260425T055250837541Z-c2-lite-glyph-layout-reflow-c81-nctx-b025-r300-a100-seed2-s14000-1536x864-s14000/render-mid.png",
    "render_last": "/Users/dennisonbertram/Develop/flipbook-research/outputs/track-c/20260425T055250837541Z-c2-lite-glyph-layout-reflow-c81-nctx-b025-r300-a100-seed2-s14000-1536x864-s14000/render-last.png",
    "render_512": "/Users/dennisonbertram/Develop/flipbook-research/outputs/track-c/20260425T055250837541Z-c2-lite-glyph-layout-reflow-c81-nctx-b025-r300-a100-seed2-s14000-1536x864-s14000/render-512.png",
    "crop_2x": "/Users/dennisonbertram/Develop/flipbook-research/outputs/track-c/20260425T055250837541Z-c2-lite-glyph-layout-reflow-c81-nctx-b025-r300-a100-seed2-s14000-1536x864-s14000/crop-2x.png",
    "text_mask": "/Users/dennisonbertram/Develop/flipbook-research/outputs/track-c/20260425T055250837541Z-c2-lite-glyph-layout-reflow-c81-nctx-b025-r300-a100-seed2-s14000-1536x864-s14000/text-mask.png",
    "element_alpha_mask": "/Users/dennisonbertram/Develop/flipbook-research/outputs/track-c/20260425T055250837541Z-c2-lite-glyph-layout-reflow-c81-nctx-b025-r300-a100-seed2-s14000-1536x864-s14000/element-alpha-mask.png",
    "target_mid": "/Users/dennisonbertram/Develop/flipbook-research/outputs/track-c/20260425T055250837541Z-c2-lite-glyph-layout-reflow-c81-nctx-b025-r300-a100-seed2-s14000-1536x864-s14000/target-mid.png",
    "text_boxes": "/Users/dennisonbertram/Develop/flipbook-research/outputs/track-c/20260425T055250837541Z-c2-lite-glyph-layout-reflow-c81-nctx-b025-r300-a100-seed2-s14000-1536x864-s14000/text-boxes.json",
    "output": "/Users/dennisonbertram/Develop/flipbook-research/outputs/track-c/20260425T055250837541Z-c2-lite-glyph-layout-reflow-c81-nctx-b025-r300-a100-seed2-s14000-1536x864-s14000/output.mp4",
    "metrics": "/Users/dennisonbertram/Develop/flipbook-research/outputs/track-c/20260425T055250837541Z-c2-lite-glyph-layout-reflow-c81-nctx-b025-r300-a100-seed2-s14000-1536x864-s14000/metrics.json",
    "quality": "/Users/dennisonbertram/Develop/flipbook-research/outputs/track-c/20260425T055250837541Z-c2-lite-glyph-layout-reflow-c81-nctx-b025-r300-a100-seed2-s14000-1536x864-s14000/quality.json"
  },
  "ocr_similarity": 0.5780346820809249,
  "layout_similarity": 0.9995412258220058,
  "motion_delta": 0.044139962643384933,
  "loop_error": 0.0004094423202332109,
  "status": "near_miss"
}
DONE 20260425T055250837541Z-c2-lite-glyph-layout-reflow-c81-nctx-b025-r300-a100-seed2-s14000-1536x864-s14000 quality=0.5780 motion=0.0441
Stopping app - local entrypoint completed.
✓ App completed. View run at 
https://modal.com/apps/dennisonbertram/main/ap-HOyWbCCPNYfAj3ExGvsCcr
