✓ Initialized. View run at 
https://modal.com/apps/dennisonbertram/main/ap-u7R1tHvsKsxl8Wc7Wdn65t
✓ Created objects.
├── 🔨 Created mount 
│   /Users/dennisonbertram/Develop/flipbook-research/scripts/track_c/modal_canva
│   s_c2_lite.py
└── 🔨 Created function train_and_render_motion.
START 20260425T055250726032Z-c2-lite-glyph-layout-reflow-c81-nctx-b025-r250-a110-seed2-s14000-1536x864-s14000 config={"batch_size": 131072, "channels": 32, "context_channels": 0, "context_init_scale": 0.02, "context_sample_mode": "source", "context_scale": 0.25, "decoder_mode": "single", "detail_channels": 0, "detail_hidden": 160, "detail_init_scale": 0.01, "detail_scale": 0.0, "edge_loss_weight": 0.9, "edge_sample_ratio": 0.09, "element_anchor_mode": "line", "element_anchor_padding": 3, "element_mask_mode": "rectangle", "element_render_mode": "sequential", "element_scale_ratio": 0.25, "experiment_label": "c81-nctx-b025-r250-a110-seed2-s14000", "flow_scale": 0.1, "fps": 24, "frames": 33, "freq_bands": 10, "grad_clip": 0.5, "gradient_loss_offset_px": 1.0, "gradient_loss_ratio": 0.125, "gradient_loss_weight": 0.0, "hidden": 160, "l1_loss_weight": 0.0, "latent_neighborhood_mode": "cross", "latent_neighborhood_radius_px": 1.0, "latent_sample_mode": "source", "layout_endpoint_ratio": 0.0, "layout_endpoint_target_ratio": 0.5, "layout_flow_loss_weight": 0.0, "layout_mid_time_ratio": 0.6, "layout_mid_time_width": 0.28, "layout_motion_curriculum_ratio": 0.0, "layout_motion_curriculum_start": 0.0, "layout_oracle_flow": 0, "layout_supersample": 1.0, "layout_target_mid_sampling_ratio": 0.0, "layout_target_mid_time_width": 0.24, "layout_target_pair_ratio": 0.0, "layout_target_pair_weight": 1.0, "layout_target_sampling": 1, "layout_target_sampling_ratio": 0.6, "layout_target_weighting": 1, "layout_transform_pan": 0.0, "layout_transform_strength": 0.0, "lr": 0.01, "lr_schedule": "constant", "min_lr_ratio": 0.1, "min_motion_delta": 0.045, "min_ocr_similarity": 0.55, "motion_mode": "layout-reflow", "motion_strength": 1.1, "rgb_skip_base_scale": 0.25, "rgb_skip_mode": "source", "rgb_skip_scale": 2.5, "seed": 2, "source_coord_features": 1, "source_resolution": [1280, 736], "steps": 14000, "target_branch_hidden": 160, "target_branch_scale": 0.0, "text_box_loss_weight": 0.0, "text_box_min_conf": 55.0, "text_box_padding": 0, "text_box_sample_ratio": 0.0, "text_boxes": "0 boxes", "time_bands": 4, "train_resolution": "1536x864", "video_layout_mode": "none", "video_viewport_mode": "static", "viewport_pan": 0.0, "viewport_zoom": 0.0}
{
  "canvas_type": "time-conditioned-latent-feature-grid-learned-flow-mlp-glyph-weighted-source-coord-latent-cross-neighborhood-rgb-skip-source",
  "train_resolution": "1536x864",
  "steps": 14000,
  "batch_size": 131072,
  "channels": 32,
  "hidden": 160,
  "detail_channels": 0,
  "detail_hidden": 160,
  "detail_scale": 0.0,
  "detail_init_scale": 0.01,
  "source_coord_features": 1,
  "latent_neighborhood_mode": "cross",
  "latent_neighborhood_radius_px": 1.0,
  "latent_neighborhood_taps": 5,
  "latent_sample_mode": "source",
  "context_channels": 0,
  "context_scale": 0.25,
  "context_init_scale": 0.02,
  "context_sample_mode": "source",
  "context_resolution": [
    0,
    0
  ],
  "decoder_mode": "single",
  "target_branch_scale": 0.0,
  "target_branch_hidden": 160,
  "rgb_skip_scale": 2.5,
  "rgb_skip_mode": "source",
  "rgb_skip_base_scale": 0.25,
  "freq_bands": 10,
  "time_bands": 4,
  "lr": 0.01,
  "lr_schedule": "constant",
  "min_lr_ratio": 0.1,
  "grad_clip": 0.5,
  "l1_loss_weight": 0.0,
  "gradient_loss_weight": 0.0,
  "gradient_loss_ratio": 0.125,
  "gradient_loss_offset_px": 1.0,
  "seed": 2,
  "experiment_label": "c81-nctx-b025-r250-a110-seed2-s14000",
  "flow_scale": 0.1,
  "motion_mode": "layout-reflow",
  "motion_strength": 1.1,
  "video_viewport_mode": "static",
  "viewport_zoom": 0.0,
  "viewport_pan": 0.0,
  "video_layout_mode": "none",
  "layout_transform_strength": 0.0,
  "layout_transform_pan": 0.0,
  "layout_supersample": 1.0,
  "layout_region_count": 0,
  "element_scale_ratio": 0.25,
  "element_anchor_padding": 3,
  "element_mask_mode": "rectangle",
  "element_anchor_mode": "line",
  "element_render_mode": "sequential",
  "element_line_count": 0,
  "min_ocr_similarity": 0.55,
  "min_motion_delta": 0.045,
  "edge_sample_ratio": 0.09,
  "edge_loss_weight": 0.9,
  "text_box_sample_ratio": 0.0,
  "text_box_loss_weight": 0.0,
  "text_box_padding": 0,
  "layout_target_sampling": 1,
  "layout_target_weighting": 1,
  "layout_target_sampling_ratio": 0.6,
  "layout_target_mid_sampling_ratio": 0.0,
  "layout_target_mid_time_width": 0.24,
  "layout_target_pair_ratio": 0.0,
  "layout_target_pair_weight": 1.0,
  "layout_mid_time_ratio": 0.6,
  "layout_mid_time_width": 0.28,
  "layout_flow_loss_weight": 0.0,
  "layout_oracle_flow": 0,
  "layout_motion_curriculum_ratio": 0.0,
  "layout_motion_curriculum_start": 0.0,
  "layout_endpoint_ratio": 0.0,
  "layout_endpoint_target_ratio": 0.5,
  "text_box_count": 0,
  "text_mask_coverage": 0.0,
  "element_alpha_coverage": 0.0,
  "compile_ms": 374279.63014600007,
  "final_mse": 0.0016463113715872169,
  "losses": [
    {
      "step": 0,
      "mse": 0.08598043024539948
    },
    {
      "step": 700,
      "mse": 0.008104601874947548
    },
    {
      "step": 1400,
      "mse": 0.004211330786347389
    },
    {
      "step": 2100,
      "mse": 0.0034635793417692184
    },
    {
      "step": 2800,
      "mse": 0.003013945184648037
    },
    {
      "step": 3500,
      "mse": 0.002726913895457983
    },
    {
      "step": 4200,
      "mse": 0.0026296121068298817
    },
    {
      "step": 4900,
      "mse": 0.0024365680292248726
    },
    {
      "step": 5600,
      "mse": 0.0022977155167609453
    },
    {
      "step": 6300,
      "mse": 0.0023117964155972004
    },
    {
      "step": 7000,
      "mse": 0.0020658718422055244
    },
    {
      "step": 7700,
      "mse": 0.0021597654558718204
    },
    {
      "step": 8400,
      "mse": 0.0020182367879897356
    },
    {
      "step": 9100,
      "mse": 0.001972816651687026
    },
    {
      "step": 9800,
      "mse": 0.0018983717309311032
    },
    {
      "step": 10500,
      "mse": 0.0018410193733870983
    },
    {
      "step": 11200,
      "mse": 0.0018266256665810943
    },
    {
      "step": 11900,
      "mse": 0.0017759655602276325
    },
    {
      "step": 12600,
      "mse": 0.00177015142980963
    },
    {
      "step": 13300,
      "mse": 0.0017909661401063204
    },
    {
      "step": 13999,
      "mse": 0.0016463113715872169
    }
  ],
  "render_times": {
    "render-960.png": 20.867222999982005,
    "render-mid.png": 21.065713999973923,
    "render-last.png": 21.02043700000422,
    "render-512.png": 6.000854999967942,
    "crop-2x.png": 20.678384999996524
  },
  "render_960_ms": 20.867222999982005,
  "render_33_wall_ms": 671.9979289999856,
  "encode_ms": 291.7123109999693,
  "resize_consistency": 0.9994715084675778,
  "temporal_consistency": 0.9991073791752569,
  "motion_delta_model": 0.055165499448776245,
  "loop_error_model": 0.0008926208247430623,
  "description": "C4.7 neural canvas: learned full page layout reflow from x,y,t Learned warped/source coordinate features are included in the renderer MLP. Decoder samples a cross latent neighborhood with 1px radius for local glyph/detail context in source mode. Renderer uses a learned RGB neural texture skip sampled in source mode, with base scale 0.25 and bounded residual scale 2.5.",
  "run_id": "20260425T055250726032Z-c2-lite-glyph-layout-reflow-c81-nctx-b025-r250-a110-seed2-s14000-1536x864-s14000",
  "commit": "a140a74",
  "track": "C",
  "width": 960,
  "height": 544,
  "frames": 33,
  "fps": 24,
  "artifacts": {
    "input": "/Users/dennisonbertram/Develop/flipbook-research/outputs/track-c/20260425T055250726032Z-c2-lite-glyph-layout-reflow-c81-nctx-b025-r250-a110-seed2-s14000-1536x864-s14000/input.png",
    "render_960": "/Users/dennisonbertram/Develop/flipbook-research/outputs/track-c/20260425T055250726032Z-c2-lite-glyph-layout-reflow-c81-nctx-b025-r250-a110-seed2-s14000-1536x864-s14000/render-960.png",
    "render_mid": "/Users/dennisonbertram/Develop/flipbook-research/outputs/track-c/20260425T055250726032Z-c2-lite-glyph-layout-reflow-c81-nctx-b025-r250-a110-seed2-s14000-1536x864-s14000/render-mid.png",
    "render_last": "/Users/dennisonbertram/Develop/flipbook-research/outputs/track-c/20260425T055250726032Z-c2-lite-glyph-layout-reflow-c81-nctx-b025-r250-a110-seed2-s14000-1536x864-s14000/render-last.png",
    "render_512": "/Users/dennisonbertram/Develop/flipbook-research/outputs/track-c/20260425T055250726032Z-c2-lite-glyph-layout-reflow-c81-nctx-b025-r250-a110-seed2-s14000-1536x864-s14000/render-512.png",
    "crop_2x": "/Users/dennisonbertram/Develop/flipbook-research/outputs/track-c/20260425T055250726032Z-c2-lite-glyph-layout-reflow-c81-nctx-b025-r250-a110-seed2-s14000-1536x864-s14000/crop-2x.png",
    "text_mask": "/Users/dennisonbertram/Develop/flipbook-research/outputs/track-c/20260425T055250726032Z-c2-lite-glyph-layout-reflow-c81-nctx-b025-r250-a110-seed2-s14000-1536x864-s14000/text-mask.png",
    "element_alpha_mask": "/Users/dennisonbertram/Develop/flipbook-research/outputs/track-c/20260425T055250726032Z-c2-lite-glyph-layout-reflow-c81-nctx-b025-r250-a110-seed2-s14000-1536x864-s14000/element-alpha-mask.png",
    "target_mid": "/Users/dennisonbertram/Develop/flipbook-research/outputs/track-c/20260425T055250726032Z-c2-lite-glyph-layout-reflow-c81-nctx-b025-r250-a110-seed2-s14000-1536x864-s14000/target-mid.png",
    "text_boxes": "/Users/dennisonbertram/Develop/flipbook-research/outputs/track-c/20260425T055250726032Z-c2-lite-glyph-layout-reflow-c81-nctx-b025-r250-a110-seed2-s14000-1536x864-s14000/text-boxes.json",
    "output": "/Users/dennisonbertram/Develop/flipbook-research/outputs/track-c/20260425T055250726032Z-c2-lite-glyph-layout-reflow-c81-nctx-b025-r250-a110-seed2-s14000-1536x864-s14000/output.mp4",
    "metrics": "/Users/dennisonbertram/Develop/flipbook-research/outputs/track-c/20260425T055250726032Z-c2-lite-glyph-layout-reflow-c81-nctx-b025-r250-a110-seed2-s14000-1536x864-s14000/metrics.json",
    "quality": "/Users/dennisonbertram/Develop/flipbook-research/outputs/track-c/20260425T055250726032Z-c2-lite-glyph-layout-reflow-c81-nctx-b025-r250-a110-seed2-s14000-1536x864-s14000/quality.json"
  },
  "ocr_similarity": 0.5555555555555557,
  "layout_similarity": 0.9994715084675778,
  "motion_delta": 0.046037204563617706,
  "loop_error": 0.0005196986021474004,
  "status": "pass"
}
DONE 20260425T055250726032Z-c2-lite-glyph-layout-reflow-c81-nctx-b025-r250-a110-seed2-s14000-1536x864-s14000 quality=0.5556 motion=0.0460
Stopping app - local entrypoint completed.
✓ App completed. View run at 
https://modal.com/apps/dennisonbertram/main/ap-u7R1tHvsKsxl8Wc7Wdn65t
