✓ Initialized. View run at 
https://modal.com/apps/dennisonbertram/main/ap-KZ0YMgdHlsn3RBHL0Gnq5P
✓ Created objects.
├── 🔨 Created mount 
│   /Users/dennisonbertram/Develop/flipbook-research/scripts/track_c/modal_canva
│   s_c2_lite.py
└── 🔨 Created function train_and_render_motion.
START 20260425T062552779699Z-c2-lite-glyph-layout-reflow-c83-nctx-b025-r275-a110-seed1-s14000-1536x864-s14000 config={"batch_size": 131072, "channels": 32, "context_channels": 0, "context_init_scale": 0.02, "context_sample_mode": "source", "context_scale": 0.25, "decoder_mode": "single", "detail_channels": 0, "detail_hidden": 160, "detail_init_scale": 0.01, "detail_scale": 0.0, "edge_loss_weight": 0.9, "edge_sample_ratio": 0.09, "element_anchor_mode": "line", "element_anchor_padding": 3, "element_mask_mode": "rectangle", "element_render_mode": "sequential", "element_scale_ratio": 0.25, "experiment_label": "c83-nctx-b025-r275-a110-seed1-s14000", "flow_scale": 0.1, "fps": 24, "frames": 33, "freq_bands": 10, "grad_clip": 0.5, "gradient_loss_offset_px": 1.0, "gradient_loss_ratio": 0.125, "gradient_loss_weight": 0.0, "hidden": 160, "l1_loss_weight": 0.0, "latent_neighborhood_mode": "cross", "latent_neighborhood_radius_px": 1.0, "latent_sample_mode": "source", "layout_endpoint_ratio": 0.0, "layout_endpoint_target_ratio": 0.5, "layout_flow_loss_weight": 0.0, "layout_mid_time_ratio": 0.6, "layout_mid_time_width": 0.28, "layout_motion_curriculum_ratio": 0.0, "layout_motion_curriculum_start": 0.0, "layout_oracle_flow": 0, "layout_supersample": 1.0, "layout_target_mid_sampling_ratio": 0.0, "layout_target_mid_time_width": 0.24, "layout_target_pair_ratio": 0.0, "layout_target_pair_weight": 1.0, "layout_target_sampling": 1, "layout_target_sampling_ratio": 0.6, "layout_target_weighting": 1, "layout_transform_pan": 0.0, "layout_transform_strength": 0.0, "lr": 0.01, "lr_schedule": "constant", "min_lr_ratio": 0.1, "min_motion_delta": 0.045, "min_ocr_similarity": 0.55, "motion_mode": "layout-reflow", "motion_strength": 1.1, "rgb_skip_base_scale": 0.25, "rgb_skip_mode": "source", "rgb_skip_scale": 2.75, "seed": 1, "source_coord_features": 1, "source_resolution": [1280, 736], "steps": 14000, "target_branch_hidden": 160, "target_branch_scale": 0.0, "text_box_loss_weight": 0.0, "text_box_min_conf": 55.0, "text_box_padding": 0, "text_box_sample_ratio": 0.0, "text_boxes": "0 boxes", "time_bands": 4, "train_resolution": "1536x864", "video_layout_mode": "none", "video_viewport_mode": "static", "viewport_pan": 0.0, "viewport_zoom": 0.0}
{
  "canvas_type": "time-conditioned-latent-feature-grid-learned-flow-mlp-glyph-weighted-source-coord-latent-cross-neighborhood-rgb-skip-source",
  "train_resolution": "1536x864",
  "steps": 14000,
  "batch_size": 131072,
  "channels": 32,
  "hidden": 160,
  "detail_channels": 0,
  "detail_hidden": 160,
  "detail_scale": 0.0,
  "detail_init_scale": 0.01,
  "source_coord_features": 1,
  "latent_neighborhood_mode": "cross",
  "latent_neighborhood_radius_px": 1.0,
  "latent_neighborhood_taps": 5,
  "latent_sample_mode": "source",
  "context_channels": 0,
  "context_scale": 0.25,
  "context_init_scale": 0.02,
  "context_sample_mode": "source",
  "context_resolution": [
    0,
    0
  ],
  "decoder_mode": "single",
  "target_branch_scale": 0.0,
  "target_branch_hidden": 160,
  "rgb_skip_scale": 2.75,
  "rgb_skip_mode": "source",
  "rgb_skip_base_scale": 0.25,
  "freq_bands": 10,
  "time_bands": 4,
  "lr": 0.01,
  "lr_schedule": "constant",
  "min_lr_ratio": 0.1,
  "grad_clip": 0.5,
  "l1_loss_weight": 0.0,
  "gradient_loss_weight": 0.0,
  "gradient_loss_ratio": 0.125,
  "gradient_loss_offset_px": 1.0,
  "seed": 1,
  "experiment_label": "c83-nctx-b025-r275-a110-seed1-s14000",
  "flow_scale": 0.1,
  "motion_mode": "layout-reflow",
  "motion_strength": 1.1,
  "video_viewport_mode": "static",
  "viewport_zoom": 0.0,
  "viewport_pan": 0.0,
  "video_layout_mode": "none",
  "layout_transform_strength": 0.0,
  "layout_transform_pan": 0.0,
  "layout_supersample": 1.0,
  "layout_region_count": 0,
  "element_scale_ratio": 0.25,
  "element_anchor_padding": 3,
  "element_mask_mode": "rectangle",
  "element_anchor_mode": "line",
  "element_render_mode": "sequential",
  "element_line_count": 0,
  "min_ocr_similarity": 0.55,
  "min_motion_delta": 0.045,
  "edge_sample_ratio": 0.09,
  "edge_loss_weight": 0.9,
  "text_box_sample_ratio": 0.0,
  "text_box_loss_weight": 0.0,
  "text_box_padding": 0,
  "layout_target_sampling": 1,
  "layout_target_weighting": 1,
  "layout_target_sampling_ratio": 0.6,
  "layout_target_mid_sampling_ratio": 0.0,
  "layout_target_mid_time_width": 0.24,
  "layout_target_pair_ratio": 0.0,
  "layout_target_pair_weight": 1.0,
  "layout_mid_time_ratio": 0.6,
  "layout_mid_time_width": 0.28,
  "layout_flow_loss_weight": 0.0,
  "layout_oracle_flow": 0,
  "layout_motion_curriculum_ratio": 0.0,
  "layout_motion_curriculum_start": 0.0,
  "layout_endpoint_ratio": 0.0,
  "layout_endpoint_target_ratio": 0.5,
  "text_box_count": 0,
  "text_mask_coverage": 0.0,
  "element_alpha_coverage": 0.0,
  "compile_ms": 322214.148902,
  "final_mse": 0.0016176155768334866,
  "losses": [
    {
      "step": 0,
      "mse": 0.08621849119663239
    },
    {
      "step": 700,
      "mse": 0.006550969555974007
    },
    {
      "step": 1400,
      "mse": 0.0041470956057310104
    },
    {
      "step": 2100,
      "mse": 0.0032106961589306593
    },
    {
      "step": 2800,
      "mse": 0.0027871669735759497
    },
    {
      "step": 3500,
      "mse": 0.002540201647207141
    },
    {
      "step": 4200,
      "mse": 0.0024929919745773077
    },
    {
      "step": 4900,
      "mse": 0.002302591223269701
    },
    {
      "step": 5600,
      "mse": 0.002173301763832569
    },
    {
      "step": 6300,
      "mse": 0.002087828703224659
    },
    {
      "step": 7000,
      "mse": 0.0020259323064237833
    },
    {
      "step": 7700,
      "mse": 0.0019632186740636826
    },
    {
      "step": 8400,
      "mse": 0.0019256731029599905
    },
    {
      "step": 9100,
      "mse": 0.0018138288287445903
    },
    {
      "step": 9800,
      "mse": 0.0018709658179432154
    },
    {
      "step": 10500,
      "mse": 0.0017857186030596495
    },
    {
      "step": 11200,
      "mse": 0.0017409702995792031
    },
    {
      "step": 11900,
      "mse": 0.0017854103352874517
    },
    {
      "step": 12600,
      "mse": 0.001690934645012021
    },
    {
      "step": 13300,
      "mse": 0.0016678801039233804
    },
    {
      "step": 13999,
      "mse": 0.0016176155768334866
    }
  ],
  "render_times": {
    "render-960.png": 15.896158999964882,
    "render-mid.png": 15.794652000010956,
    "render-last.png": 15.84468500004732,
    "render-512.png": 4.538126999989345,
    "crop-2x.png": 15.68213600000945
  },
  "render_960_ms": 15.896158999964882,
  "render_33_wall_ms": 513.1256309999799,
  "encode_ms": 253.10044600001902,
  "resize_consistency": 0.9995053740622034,
  "temporal_consistency": 0.9993955608806573,
  "motion_delta_model": 0.056760940700769424,
  "loop_error_model": 0.0006044391193427145,
  "description": "C4.7 neural canvas: learned full page layout reflow from x,y,t Learned warped/source coordinate features are included in the renderer MLP. Decoder samples a cross latent neighborhood with 1px radius for local glyph/detail context in source mode. Renderer uses a learned RGB neural texture skip sampled in source mode, with base scale 0.25 and bounded residual scale 2.75.",
  "run_id": "20260425T062552779699Z-c2-lite-glyph-layout-reflow-c83-nctx-b025-r275-a110-seed1-s14000-1536x864-s14000",
  "commit": "3a54b29",
  "track": "C",
  "width": 960,
  "height": 544,
  "frames": 33,
  "fps": 24,
  "artifacts": {
    "input": "/Users/dennisonbertram/Develop/flipbook-research/outputs/track-c/20260425T062552779699Z-c2-lite-glyph-layout-reflow-c83-nctx-b025-r275-a110-seed1-s14000-1536x864-s14000/input.png",
    "render_960": "/Users/dennisonbertram/Develop/flipbook-research/outputs/track-c/20260425T062552779699Z-c2-lite-glyph-layout-reflow-c83-nctx-b025-r275-a110-seed1-s14000-1536x864-s14000/render-960.png",
    "render_mid": "/Users/dennisonbertram/Develop/flipbook-research/outputs/track-c/20260425T062552779699Z-c2-lite-glyph-layout-reflow-c83-nctx-b025-r275-a110-seed1-s14000-1536x864-s14000/render-mid.png",
    "render_last": "/Users/dennisonbertram/Develop/flipbook-research/outputs/track-c/20260425T062552779699Z-c2-lite-glyph-layout-reflow-c83-nctx-b025-r275-a110-seed1-s14000-1536x864-s14000/render-last.png",
    "render_512": "/Users/dennisonbertram/Develop/flipbook-research/outputs/track-c/20260425T062552779699Z-c2-lite-glyph-layout-reflow-c83-nctx-b025-r275-a110-seed1-s14000-1536x864-s14000/render-512.png",
    "crop_2x": "/Users/dennisonbertram/Develop/flipbook-research/outputs/track-c/20260425T062552779699Z-c2-lite-glyph-layout-reflow-c83-nctx-b025-r275-a110-seed1-s14000-1536x864-s14000/crop-2x.png",
    "text_mask": "/Users/dennisonbertram/Develop/flipbook-research/outputs/track-c/20260425T062552779699Z-c2-lite-glyph-layout-reflow-c83-nctx-b025-r275-a110-seed1-s14000-1536x864-s14000/text-mask.png",
    "element_alpha_mask": "/Users/dennisonbertram/Develop/flipbook-research/outputs/track-c/20260425T062552779699Z-c2-lite-glyph-layout-reflow-c83-nctx-b025-r275-a110-seed1-s14000-1536x864-s14000/element-alpha-mask.png",
    "target_mid": "/Users/dennisonbertram/Develop/flipbook-research/outputs/track-c/20260425T062552779699Z-c2-lite-glyph-layout-reflow-c83-nctx-b025-r275-a110-seed1-s14000-1536x864-s14000/target-mid.png",
    "text_boxes": "/Users/dennisonbertram/Develop/flipbook-research/outputs/track-c/20260425T062552779699Z-c2-lite-glyph-layout-reflow-c83-nctx-b025-r275-a110-seed1-s14000-1536x864-s14000/text-boxes.json",
    "output": "/Users/dennisonbertram/Develop/flipbook-research/outputs/track-c/20260425T062552779699Z-c2-lite-glyph-layout-reflow-c83-nctx-b025-r275-a110-seed1-s14000-1536x864-s14000/output.mp4",
    "metrics": "/Users/dennisonbertram/Develop/flipbook-research/outputs/track-c/20260425T062552779699Z-c2-lite-glyph-layout-reflow-c83-nctx-b025-r275-a110-seed1-s14000-1536x864-s14000/metrics.json",
    "quality": "/Users/dennisonbertram/Develop/flipbook-research/outputs/track-c/20260425T062552779699Z-c2-lite-glyph-layout-reflow-c83-nctx-b025-r275-a110-seed1-s14000-1536x864-s14000/quality.json"
  },
  "ocr_similarity": 0.5348837209302325,
  "layout_similarity": 0.9995053740622034,
  "motion_delta": 0.04710288718342781,
  "loop_error": 0.000387504551326856,
  "status": "near_miss"
}
DONE 20260425T062552779699Z-c2-lite-glyph-layout-reflow-c83-nctx-b025-r275-a110-seed1-s14000-1536x864-s14000 quality=0.5349 motion=0.0471
Stopping app - local entrypoint completed.
✓ App completed. View run at 
https://modal.com/apps/dennisonbertram/main/ap-KZ0YMgdHlsn3RBHL0Gnq5P
