✓ Initialized. View run at 
https://modal.com/apps/dennisonbertram/main/ap-0ZJtej5A4HL1VAbxdJVjhL
✓ Created objects.
├── 🔨 Created mount 
│   /Users/dennisonbertram/Develop/flipbook-research/scripts/track_c/modal_canva
│   s_c2_lite.py
└── 🔨 Created function train_and_render_motion.
START 20260425T072030686455Z-c2-lite-glyph-layout-clean-reflow-c86-clean-c24h128-target60-mid20-seed0-s12000-1536x864-s12000 config={"batch_size": 131072, "channels": 24, "context_channels": 0, "context_init_scale": 0.02, "context_sample_mode": "source", "context_scale": 0.25, "decoder_mode": "single", "detail_channels": 0, "detail_hidden": 128, "detail_init_scale": 0.01, "detail_scale": 0.0, "edge_loss_weight": 0.9, "edge_sample_ratio": 0.09, "element_anchor_mode": "line", "element_anchor_padding": 3, "element_mask_mode": "rectangle", "element_render_mode": "sequential", "element_scale_ratio": 0.25, "experiment_label": "c86-clean-c24h128-target60-mid20-seed0-s12000", "flow_scale": 0.1, "fps": 24, "frames": 33, "freq_bands": 10, "grad_clip": 0.5, "gradient_loss_offset_px": 1.0, "gradient_loss_ratio": 0.125, "gradient_loss_weight": 0.0, "hidden": 128, "l1_loss_weight": 0.0, "latent_neighborhood_mode": "cross", "latent_neighborhood_radius_px": 1.0, "latent_sample_mode": "source", "layout_endpoint_ratio": 0.0, "layout_endpoint_target_ratio": 0.5, "layout_flow_loss_weight": 0.0, "layout_mid_time_ratio": 0.65, "layout_mid_time_width": 0.2, "layout_motion_curriculum_ratio": 0.0, "layout_motion_curriculum_start": 0.0, "layout_oracle_flow": 0, "layout_supersample": 1.0, "layout_target_mid_sampling_ratio": 0.2, "layout_target_mid_time_width": 0.18, "layout_target_pair_ratio": 0.0, "layout_target_pair_weight": 1.0, "layout_target_sampling": 1, "layout_target_sampling_ratio": 0.6, "layout_target_weighting": 1, "layout_transform_pan": 0.0, "layout_transform_strength": 0.0, "lr": 0.01, "lr_schedule": "constant", "min_lr_ratio": 0.1, "min_motion_delta": 0.05, "min_ocr_similarity": 0.35, "motion_mode": "layout-clean-reflow", "motion_strength": 1.0, "rgb_skip_base_scale": 1.0, "rgb_skip_gate_init": 0.5, "rgb_skip_gate_mode": "none", "rgb_skip_mode": "source", "rgb_skip_scale": 0.0, "seed": 0, "source_coord_features": 1, "source_resolution": [1280, 736], "steps": 12000, "target_branch_hidden": 128, "target_branch_scale": 0.0, "text_box_loss_weight": 0.0, "text_box_min_conf": 55.0, "text_box_padding": 0, "text_box_sample_ratio": 0.0, "text_boxes": "0 boxes", "time_bands": 4, "train_resolution": "1536x864", "video_layout_mode": "none", "video_viewport_mode": "static", "viewport_pan": 0.0, "viewport_zoom": 0.0}
{
  "canvas_type": "time-conditioned-latent-feature-grid-learned-flow-mlp-glyph-weighted-source-coord-latent-cross-neighborhood-clean-page-reflow",
  "train_resolution": "1536x864",
  "steps": 12000,
  "batch_size": 131072,
  "channels": 24,
  "hidden": 128,
  "detail_channels": 0,
  "detail_hidden": 128,
  "detail_scale": 0.0,
  "detail_init_scale": 0.01,
  "source_coord_features": 1,
  "latent_neighborhood_mode": "cross",
  "latent_neighborhood_radius_px": 1.0,
  "latent_neighborhood_taps": 5,
  "latent_sample_mode": "source",
  "context_channels": 0,
  "context_scale": 0.25,
  "context_init_scale": 0.02,
  "context_sample_mode": "source",
  "context_resolution": [
    0,
    0
  ],
  "decoder_mode": "single",
  "target_branch_scale": 0.0,
  "target_branch_hidden": 128,
  "rgb_skip_scale": 0.0,
  "rgb_skip_mode": "source",
  "rgb_skip_base_scale": 1.0,
  "rgb_skip_gate_mode": "none",
  "rgb_skip_gate_init": 0.5,
  "freq_bands": 10,
  "time_bands": 4,
  "lr": 0.01,
  "lr_schedule": "constant",
  "min_lr_ratio": 0.1,
  "grad_clip": 0.5,
  "l1_loss_weight": 0.0,
  "gradient_loss_weight": 0.0,
  "gradient_loss_ratio": 0.125,
  "gradient_loss_offset_px": 1.0,
  "seed": 0,
  "experiment_label": "c86-clean-c24h128-target60-mid20-seed0-s12000",
  "flow_scale": 0.1,
  "motion_mode": "layout-clean-reflow",
  "motion_strength": 1.0,
  "video_viewport_mode": "static",
  "viewport_zoom": 0.0,
  "viewport_pan": 0.0,
  "video_layout_mode": "none",
  "layout_transform_strength": 0.0,
  "layout_transform_pan": 0.0,
  "layout_supersample": 1.0,
  "layout_region_count": 0,
  "element_scale_ratio": 0.25,
  "element_anchor_padding": 3,
  "element_mask_mode": "rectangle",
  "element_anchor_mode": "line",
  "element_render_mode": "sequential",
  "element_line_count": 0,
  "min_ocr_similarity": 0.35,
  "min_motion_delta": 0.05,
  "edge_sample_ratio": 0.09,
  "edge_loss_weight": 0.9,
  "text_box_sample_ratio": 0.0,
  "text_box_loss_weight": 0.0,
  "text_box_padding": 0,
  "layout_target_sampling": 1,
  "layout_target_weighting": 1,
  "layout_target_sampling_ratio": 0.6,
  "layout_target_mid_sampling_ratio": 0.2,
  "layout_target_mid_time_width": 0.18,
  "layout_target_pair_ratio": 0.0,
  "layout_target_pair_weight": 1.0,
  "layout_mid_time_ratio": 0.65,
  "layout_mid_time_width": 0.2,
  "layout_flow_loss_weight": 0.0,
  "layout_oracle_flow": 0,
  "layout_motion_curriculum_ratio": 0.0,
  "layout_motion_curriculum_start": 0.0,
  "layout_endpoint_ratio": 0.0,
  "layout_endpoint_target_ratio": 0.5,
  "text_box_count": 0,
  "text_mask_coverage": 0.0,
  "element_alpha_coverage": 0.0,
  "compile_ms": 232452.63303800003,
  "final_mse": 4.6746557927690446e-05,
  "losses": [
    {
      "step": 0,
      "mse": 0.21240803599357605
    },
    {
      "step": 600,
      "mse": 0.0016367449425160885
    },
    {
      "step": 1200,
      "mse": 0.008544296026229858
    },
    {
      "step": 1800,
      "mse": 0.000255245016887784
    },
    {
      "step": 2400,
      "mse": 0.00018814770737662911
    },
    {
      "step": 3000,
      "mse": 0.0207429938018322
    },
    {
      "step": 3600,
      "mse": 0.00015472862287424505
    },
    {
      "step": 4200,
      "mse": 0.0001221832208102569
    },
    {
      "step": 4800,
      "mse": 0.0012637446634471416
    },
    {
      "step": 5400,
      "mse": 0.0004438212781678885
    },
    {
      "step": 6000,
      "mse": 7.441279740305617e-05
    },
    {
      "step": 6600,
      "mse": 7.153491606004536e-05
    },
    {
      "step": 7200,
      "mse": 0.00010916829342022538
    },
    {
      "step": 7800,
      "mse": 7.821475446689874e-05
    },
    {
      "step": 8400,
      "mse": 5.620512820314616e-05
    },
    {
      "step": 9000,
      "mse": 5.799621794722043e-05
    },
    {
      "step": 9600,
      "mse": 0.00010432634735479951
    },
    {
      "step": 10200,
      "mse": 6.525868229800835e-05
    },
    {
      "step": 10800,
      "mse": 8.361301297554746e-05
    },
    {
      "step": 11400,
      "mse": 4.476159665500745e-05
    },
    {
      "step": 11999,
      "mse": 4.6746557927690446e-05
    }
  ],
  "render_times": {
    "render-960.png": 17.88331099999141,
    "render-mid.png": 17.770315999996456,
    "render-last.png": 17.73826799998801,
    "render-512.png": 4.525795000006383,
    "crop-2x.png": 17.604830000010452
  },
  "render_960_ms": 17.88331099999141,
  "render_33_wall_ms": 578.2613469999944,
  "encode_ms": 246.63059399998133,
  "resize_consistency": 0.9999619997193931,
  "temporal_consistency": 0.9986090729944408,
  "motion_delta_model": 0.0745701864361763,
  "loop_error_model": 0.001390927005559206,
  "description": "C8.6 neural canvas: learned clean two-state page reflow from x,y,t Learned warped/source coordinate features are included in the renderer MLP. Decoder samples a cross latent neighborhood with 1px radius for local glyph/detail context in source mode. Training directly samples 0.2 of points from the reflowed midpoint glyph/text distribution.",
  "run_id": "20260425T072030686455Z-c2-lite-glyph-layout-clean-reflow-c86-clean-c24h128-target60-mid20-seed0-s12000-1536x864-s12000",
  "commit": "19c9023",
  "track": "C",
  "width": 960,
  "height": 544,
  "frames": 33,
  "fps": 24,
  "artifacts": {
    "input": "/Users/dennisonbertram/Develop/flipbook-research/outputs/track-c/20260425T072030686455Z-c2-lite-glyph-layout-clean-reflow-c86-clean-c24h128-target60-mid20-seed0-s12000-1536x864-s12000/input.png",
    "render_960": "/Users/dennisonbertram/Develop/flipbook-research/outputs/track-c/20260425T072030686455Z-c2-lite-glyph-layout-clean-reflow-c86-clean-c24h128-target60-mid20-seed0-s12000-1536x864-s12000/render-960.png",
    "render_mid": "/Users/dennisonbertram/Develop/flipbook-research/outputs/track-c/20260425T072030686455Z-c2-lite-glyph-layout-clean-reflow-c86-clean-c24h128-target60-mid20-seed0-s12000-1536x864-s12000/render-mid.png",
    "render_last": "/Users/dennisonbertram/Develop/flipbook-research/outputs/track-c/20260425T072030686455Z-c2-lite-glyph-layout-clean-reflow-c86-clean-c24h128-target60-mid20-seed0-s12000-1536x864-s12000/render-last.png",
    "render_512": "/Users/dennisonbertram/Develop/flipbook-research/outputs/track-c/20260425T072030686455Z-c2-lite-glyph-layout-clean-reflow-c86-clean-c24h128-target60-mid20-seed0-s12000-1536x864-s12000/render-512.png",
    "crop_2x": "/Users/dennisonbertram/Develop/flipbook-research/outputs/track-c/20260425T072030686455Z-c2-lite-glyph-layout-clean-reflow-c86-clean-c24h128-target60-mid20-seed0-s12000-1536x864-s12000/crop-2x.png",
    "text_mask": "/Users/dennisonbertram/Develop/flipbook-research/outputs/track-c/20260425T072030686455Z-c2-lite-glyph-layout-clean-reflow-c86-clean-c24h128-target60-mid20-seed0-s12000-1536x864-s12000/text-mask.png",
    "element_alpha_mask": "/Users/dennisonbertram/Develop/flipbook-research/outputs/track-c/20260425T072030686455Z-c2-lite-glyph-layout-clean-reflow-c86-clean-c24h128-target60-mid20-seed0-s12000-1536x864-s12000/element-alpha-mask.png",
    "target_mid": "/Users/dennisonbertram/Develop/flipbook-research/outputs/track-c/20260425T072030686455Z-c2-lite-glyph-layout-clean-reflow-c86-clean-c24h128-target60-mid20-seed0-s12000-1536x864-s12000/target-mid.png",
    "text_boxes": "/Users/dennisonbertram/Develop/flipbook-research/outputs/track-c/20260425T072030686455Z-c2-lite-glyph-layout-clean-reflow-c86-clean-c24h128-target60-mid20-seed0-s12000-1536x864-s12000/text-boxes.json",
    "output": "/Users/dennisonbertram/Develop/flipbook-research/outputs/track-c/20260425T072030686455Z-c2-lite-glyph-layout-clean-reflow-c86-clean-c24h128-target60-mid20-seed0-s12000-1536x864-s12000/output.mp4",
    "metrics": "/Users/dennisonbertram/Develop/flipbook-research/outputs/track-c/20260425T072030686455Z-c2-lite-glyph-layout-clean-reflow-c86-clean-c24h128-target60-mid20-seed0-s12000-1536x864-s12000/metrics.json",
    "quality": "/Users/dennisonbertram/Develop/flipbook-research/outputs/track-c/20260425T072030686455Z-c2-lite-glyph-layout-clean-reflow-c86-clean-c24h128-target60-mid20-seed0-s12000-1536x864-s12000/quality.json"
  },
  "ocr_similarity": 0.3548387096774193,
  "layout_similarity": 0.9999619997193931,
  "motion_delta": 0.05936800315976143,
  "loop_error": 0.0007275402313098311,
  "status": "pass"
}
DONE 20260425T072030686455Z-c2-lite-glyph-layout-clean-reflow-c86-clean-c24h128-target60-mid20-seed0-s12000-1536x864-s12000 quality=0.3548 motion=0.0594
Stopping app - local entrypoint completed.
✓ App completed. View run at 
https://modal.com/apps/dennisonbertram/main/ap-0ZJtej5A4HL1VAbxdJVjhL
