✓ Initialized. View run at 
https://modal.com/apps/dennisonbertram/main/ap-CJdPqZSUvCQZUuQ3ZwHG3q
✓ Created objects.
├── 🔨 Created mount 
│   /Users/dennisonbertram/Develop/flipbook-research/scripts/track_c/modal_canva
│   s_c2_lite.py
└── 🔨 Created function train_and_render_motion.
START 20260425T081352647515Z-c2-lite-glyph-layout-clean-reflow-c90-v8-transit-illustration-target60-mid20-seed1-s12000-1536x864-s12000 config={"batch_size": 131072, "channels": 32, "clean_target_variant": "transit-illustration", "context_channels": 0, "context_init_scale": 0.02, "context_sample_mode": "source", "context_scale": 0.25, "decoder_mode": "single", "detail_channels": 0, "detail_hidden": 160, "detail_init_scale": 0.01, "detail_scale": 0.0, "edge_loss_weight": 0.9, "edge_sample_ratio": 0.09, "element_anchor_mode": "line", "element_anchor_padding": 3, "element_mask_mode": "rectangle", "element_render_mode": "sequential", "element_scale_ratio": 0.25, "experiment_label": "c90-v8-transit-illustration-target60-mid20-seed1-s12000", "flow_scale": 0.1, "fps": 24, "frames": 33, "freq_bands": 10, "grad_clip": 0.5, "gradient_loss_offset_px": 1.0, "gradient_loss_ratio": 0.125, "gradient_loss_weight": 0.0, "hidden": 160, "l1_loss_weight": 0.0, "latent_neighborhood_mode": "cross", "latent_neighborhood_radius_px": 1.0, "latent_sample_mode": "source", "layout_endpoint_ratio": 0.0, "layout_endpoint_target_ratio": 0.5, "layout_flow_loss_weight": 0.0, "layout_mid_time_ratio": 0.65, "layout_mid_time_width": 0.2, "layout_motion_curriculum_ratio": 0.0, "layout_motion_curriculum_start": 0.0, "layout_oracle_flow": 0, "layout_supersample": 1.0, "layout_target_mid_sampling_ratio": 0.2, "layout_target_mid_time_width": 0.18, "layout_target_pair_ratio": 0.0, "layout_target_pair_weight": 1.0, "layout_target_sampling": 1, "layout_target_sampling_ratio": 0.6, "layout_target_weighting": 1, "layout_transform_pan": 0.0, "layout_transform_strength": 0.0, "lr": 0.01, "lr_schedule": "constant", "min_lr_ratio": 0.1, "min_motion_delta": 0.05, "min_ocr_similarity": 0.35, "motion_mode": "layout-clean-reflow", "motion_strength": 1.0, "rgb_skip_base_scale": 1.0, "rgb_skip_gate_init": 0.5, "rgb_skip_gate_mode": "none", "rgb_skip_mode": "source", "rgb_skip_scale": 0.0, "seed": 1, "source_coord_features": 1, "source_resolution": [1280, 736], "steps": 12000, "target_branch_hidden": 160, "target_branch_scale": 0.0, "text_box_loss_weight": 0.0, "text_box_min_conf": 55.0, "text_box_padding": 0, "text_box_sample_ratio": 0.0, "text_boxes": "0 boxes", "time_bands": 4, "train_resolution": "1536x864", "video_layout_mode": "none", "video_viewport_mode": "static", "viewport_pan": 0.0, "viewport_zoom": 0.0}
{
  "canvas_type": "time-conditioned-latent-feature-grid-learned-flow-mlp-glyph-weighted-source-coord-latent-cross-neighborhood-clean-page-reflow",
  "train_resolution": "1536x864",
  "steps": 12000,
  "batch_size": 131072,
  "channels": 32,
  "hidden": 160,
  "detail_channels": 0,
  "detail_hidden": 160,
  "detail_scale": 0.0,
  "detail_init_scale": 0.01,
  "source_coord_features": 1,
  "latent_neighborhood_mode": "cross",
  "latent_neighborhood_radius_px": 1.0,
  "latent_neighborhood_taps": 5,
  "latent_sample_mode": "source",
  "context_channels": 0,
  "context_scale": 0.25,
  "context_init_scale": 0.02,
  "context_sample_mode": "source",
  "context_resolution": [
    0,
    0
  ],
  "decoder_mode": "single",
  "target_branch_scale": 0.0,
  "target_branch_hidden": 160,
  "rgb_skip_scale": 0.0,
  "rgb_skip_mode": "source",
  "rgb_skip_base_scale": 1.0,
  "rgb_skip_gate_mode": "none",
  "rgb_skip_gate_init": 0.5,
  "freq_bands": 10,
  "time_bands": 4,
  "lr": 0.01,
  "lr_schedule": "constant",
  "min_lr_ratio": 0.1,
  "grad_clip": 0.5,
  "l1_loss_weight": 0.0,
  "gradient_loss_weight": 0.0,
  "gradient_loss_ratio": 0.125,
  "gradient_loss_offset_px": 1.0,
  "seed": 1,
  "experiment_label": "c90-v8-transit-illustration-target60-mid20-seed1-s12000",
  "flow_scale": 0.1,
  "motion_mode": "layout-clean-reflow",
  "motion_strength": 1.0,
  "clean_target_variant": "transit-illustration",
  "video_viewport_mode": "static",
  "viewport_zoom": 0.0,
  "viewport_pan": 0.0,
  "video_layout_mode": "none",
  "layout_transform_strength": 0.0,
  "layout_transform_pan": 0.0,
  "layout_supersample": 1.0,
  "layout_region_count": 0,
  "element_scale_ratio": 0.25,
  "element_anchor_padding": 3,
  "element_mask_mode": "rectangle",
  "element_anchor_mode": "line",
  "element_render_mode": "sequential",
  "element_line_count": 0,
  "min_ocr_similarity": 0.35,
  "min_motion_delta": 0.05,
  "edge_sample_ratio": 0.09,
  "edge_loss_weight": 0.9,
  "text_box_sample_ratio": 0.0,
  "text_box_loss_weight": 0.0,
  "text_box_padding": 0,
  "layout_target_sampling": 1,
  "layout_target_weighting": 1,
  "layout_target_sampling_ratio": 0.6,
  "layout_target_mid_sampling_ratio": 0.2,
  "layout_target_mid_time_width": 0.18,
  "layout_target_pair_ratio": 0.0,
  "layout_target_pair_weight": 1.0,
  "layout_mid_time_ratio": 0.65,
  "layout_mid_time_width": 0.2,
  "layout_flow_loss_weight": 0.0,
  "layout_oracle_flow": 0,
  "layout_motion_curriculum_ratio": 0.0,
  "layout_motion_curriculum_start": 0.0,
  "layout_endpoint_ratio": 0.0,
  "layout_endpoint_target_ratio": 0.5,
  "text_box_count": 0,
  "text_mask_coverage": 0.0,
  "element_alpha_coverage": 0.0,
  "compile_ms": 297930.027123,
  "final_mse": 3.0299550417112187e-05,
  "losses": [
    {
      "step": 0,
      "mse": 0.23651543259620667
    },
    {
      "step": 600,
      "mse": 0.0007223542779684067
    },
    {
      "step": 1200,
      "mse": 0.0007692615035921335
    },
    {
      "step": 1800,
      "mse": 0.0003719766391441226
    },
    {
      "step": 2400,
      "mse": 0.00019705257727764547
    },
    {
      "step": 3000,
      "mse": 0.00014165774337016046
    },
    {
      "step": 3600,
      "mse": 0.0002205654454883188
    },
    {
      "step": 4200,
      "mse": 0.0003818308177869767
    },
    {
      "step": 4800,
      "mse": 0.00010386554640717804
    },
    {
      "step": 5400,
      "mse": 7.2747134254314e-05
    },
    {
      "step": 6000,
      "mse": 9.487232455285266e-05
    },
    {
      "step": 6600,
      "mse": 4.5899589167675003e-05
    },
    {
      "step": 7200,
      "mse": 4.585160786518827e-05
    },
    {
      "step": 7800,
      "mse": 4.423793507157825e-05
    },
    {
      "step": 8400,
      "mse": 3.518381345202215e-05
    },
    {
      "step": 9000,
      "mse": 5.558324482990429e-05
    },
    {
      "step": 9600,
      "mse": 3.052190731978044e-05
    },
    {
      "step": 10200,
      "mse": 4.2006482544820756e-05
    },
    {
      "step": 10800,
      "mse": 3.7660327507182956e-05
    },
    {
      "step": 11400,
      "mse": 2.4357512302231044e-05
    },
    {
      "step": 11999,
      "mse": 3.0299550417112187e-05
    }
  ],
  "render_times": {
    "render-960.png": 20.803822000004857,
    "render-mid.png": 20.709475999979077,
    "render-last.png": 20.719172999974944,
    "render-512.png": 5.685825999989902,
    "crop-2x.png": 20.461645000011686
  },
  "render_960_ms": 20.803822000004857,
  "render_33_wall_ms": 674.0195439999752,
  "encode_ms": 248.3924240000306,
  "resize_consistency": 0.9999490580545944,
  "temporal_consistency": 0.9992965453420766,
  "motion_delta_model": 0.06874529272317886,
  "loop_error_model": 0.0007034546579234302,
  "description": "C8.6 neural canvas: learned clean two-state page reflow from x,y,t Learned warped/source coordinate features are included in the renderer MLP. Clean target fixture variant: transit-illustration. Decoder samples a cross latent neighborhood with 1px radius for local glyph/detail context in source mode. Training directly samples 0.2 of points from the reflowed midpoint glyph/text distribution.",
  "run_id": "20260425T081352647515Z-c2-lite-glyph-layout-clean-reflow-c90-v8-transit-illustration-target60-mid20-seed1-s12000-1536x864-s12000",
  "commit": "5a79ea8",
  "track": "C",
  "width": 960,
  "height": 544,
  "frames": 33,
  "fps": 24,
  "artifacts": {
    "input": "/Users/dennisonbertram/Develop/flipbook-research/outputs/track-c/20260425T081352647515Z-c2-lite-glyph-layout-clean-reflow-c90-v8-transit-illustration-target60-mid20-seed1-s12000-1536x864-s12000/input.png",
    "render_960": "/Users/dennisonbertram/Develop/flipbook-research/outputs/track-c/20260425T081352647515Z-c2-lite-glyph-layout-clean-reflow-c90-v8-transit-illustration-target60-mid20-seed1-s12000-1536x864-s12000/render-960.png",
    "render_mid": "/Users/dennisonbertram/Develop/flipbook-research/outputs/track-c/20260425T081352647515Z-c2-lite-glyph-layout-clean-reflow-c90-v8-transit-illustration-target60-mid20-seed1-s12000-1536x864-s12000/render-mid.png",
    "render_last": "/Users/dennisonbertram/Develop/flipbook-research/outputs/track-c/20260425T081352647515Z-c2-lite-glyph-layout-clean-reflow-c90-v8-transit-illustration-target60-mid20-seed1-s12000-1536x864-s12000/render-last.png",
    "render_512": "/Users/dennisonbertram/Develop/flipbook-research/outputs/track-c/20260425T081352647515Z-c2-lite-glyph-layout-clean-reflow-c90-v8-transit-illustration-target60-mid20-seed1-s12000-1536x864-s12000/render-512.png",
    "crop_2x": "/Users/dennisonbertram/Develop/flipbook-research/outputs/track-c/20260425T081352647515Z-c2-lite-glyph-layout-clean-reflow-c90-v8-transit-illustration-target60-mid20-seed1-s12000-1536x864-s12000/crop-2x.png",
    "text_mask": "/Users/dennisonbertram/Develop/flipbook-research/outputs/track-c/20260425T081352647515Z-c2-lite-glyph-layout-clean-reflow-c90-v8-transit-illustration-target60-mid20-seed1-s12000-1536x864-s12000/text-mask.png",
    "element_alpha_mask": "/Users/dennisonbertram/Develop/flipbook-research/outputs/track-c/20260425T081352647515Z-c2-lite-glyph-layout-clean-reflow-c90-v8-transit-illustration-target60-mid20-seed1-s12000-1536x864-s12000/element-alpha-mask.png",
    "target_mid": "/Users/dennisonbertram/Develop/flipbook-research/outputs/track-c/20260425T081352647515Z-c2-lite-glyph-layout-clean-reflow-c90-v8-transit-illustration-target60-mid20-seed1-s12000-1536x864-s12000/target-mid.png",
    "text_boxes": "/Users/dennisonbertram/Develop/flipbook-research/outputs/track-c/20260425T081352647515Z-c2-lite-glyph-layout-clean-reflow-c90-v8-transit-illustration-target60-mid20-seed1-s12000-1536x864-s12000/text-boxes.json",
    "output": "/Users/dennisonbertram/Develop/flipbook-research/outputs/track-c/20260425T081352647515Z-c2-lite-glyph-layout-clean-reflow-c90-v8-transit-illustration-target60-mid20-seed1-s12000-1536x864-s12000/output.mp4",
    "metrics": "/Users/dennisonbertram/Develop/flipbook-research/outputs/track-c/20260425T081352647515Z-c2-lite-glyph-layout-clean-reflow-c90-v8-transit-illustration-target60-mid20-seed1-s12000-1536x864-s12000/metrics.json",
    "quality": "/Users/dennisonbertram/Develop/flipbook-research/outputs/track-c/20260425T081352647515Z-c2-lite-glyph-layout-clean-reflow-c90-v8-transit-illustration-target60-mid20-seed1-s12000-1536x864-s12000/quality.json"
  },
  "ocr_similarity": 0.7368421052631577,
  "layout_similarity": 0.9999490580545944,
  "motion_delta": 0.05993252247571945,
  "loop_error": 0.00043194746831431985,
  "status": "pass"
}
DONE 20260425T081352647515Z-c2-lite-glyph-layout-clean-reflow-c90-v8-transit-illustration-target60-mid20-seed1-s12000-1536x864-s12000 quality=0.7368 motion=0.0599
Stopping app - local entrypoint completed.
✓ App completed. View run at 
https://modal.com/apps/dennisonbertram/main/ap-CJdPqZSUvCQZUuQ3ZwHG3q
