✓ Initialized. View run at 
https://modal.com/apps/dennisonbertram/main/ap-LdGoLzFKARRUNDfJTO490y
✓ Created objects.
├── 🔨 Created mount 
│   /Users/dennisonbertram/Develop/flipbook-research/scripts/track_c/modal_canva
│   s_c2_lite.py
└── 🔨 Created function train_and_render_motion.
START 20260425T151549967059Z-c2-lite-glyph-layout-clean-reflow-c93-v12-deep-sea-rem050-mid20-seed0-s12000-1536x864-s12000 config={"batch_size": 131072, "channels": 32, "clean_target_variant": "deep-sea-lab", "context_channels": 0, "context_init_scale": 0.02, "context_sample_mode": "source", "context_scale": 0.25, "decoder_mode": "single", "detail_channels": 0, "detail_hidden": 160, "detail_init_scale": 0.01, "detail_scale": 0.0, "edge_loss_weight": 0.9, "edge_sample_ratio": 0.09, "element_anchor_mode": "line", "element_anchor_padding": 3, "element_mask_mode": "rectangle", "element_render_mode": "sequential", "element_scale_ratio": 0.25, "experiment_label": "c93-v12-deep-sea-rem050-mid20-seed0-s12000", "flow_scale": 0.1, "fps": 24, "frames": 33, "freq_bands": 10, "grad_clip": 0.5, "gradient_loss_offset_px": 1.0, "gradient_loss_ratio": 0.125, "gradient_loss_weight": 0.0, "hidden": 160, "l1_loss_weight": 0.0, "latent_neighborhood_mode": "cross", "latent_neighborhood_radius_px": 1.0, "latent_sample_mode": "source", "layout_endpoint_ratio": 0.0, "layout_endpoint_target_ratio": 0.5, "layout_flow_loss_weight": 0.0, "layout_mid_time_ratio": 0.65, "layout_mid_time_width": 0.2, "layout_motion_curriculum_ratio": 0.0, "layout_motion_curriculum_start": 0.0, "layout_oracle_flow": 0, "layout_supersample": 1.0, "layout_target_mid_sampling_ratio": 0.2, "layout_target_mid_time_width": 0.18, "layout_target_pair_ratio": 0.0, "layout_target_pair_weight": 1.0, "layout_target_sampling": 1, "layout_target_sampling_ratio": 0.6, "layout_target_weighting": 1, "layout_transform_pan": 0.0, "layout_transform_strength": 0.0, "lr": 0.01, "lr_schedule": "constant", "min_lr_ratio": 0.1, "min_motion_delta": 0.05, "min_ocr_similarity": 0.35, "motion_mode": "layout-clean-reflow", "motion_strength": 1.0, "rgb_skip_base_scale": 1.0, "rgb_skip_gate_init": 0.5, "rgb_skip_gate_mode": "none", "rgb_skip_mode": "source", "rgb_skip_scale": 0.0, "seed": 0, "source_coord_features": 1, "source_remnant_change_floor": 0.04, "source_remnant_loss_weight": 0.5, "source_remnant_margin": 0.025, "source_resolution": [1280, 736], "steps": 12000, "target_branch_hidden": 160, "target_branch_scale": 0.0, "text_box_loss_weight": 0.0, "text_box_min_conf": 55.0, "text_box_padding": 0, "text_box_sample_ratio": 0.0, "text_boxes": "0 boxes", "time_bands": 4, "train_resolution": "1536x864", "video_layout_mode": "none", "video_viewport_mode": "static", "viewport_pan": 0.0, "viewport_zoom": 0.0}
{
  "canvas_type": "time-conditioned-latent-feature-grid-learned-flow-mlp-glyph-weighted-source-coord-latent-cross-neighborhood-clean-page-reflow",
  "train_resolution": "1536x864",
  "steps": 12000,
  "batch_size": 131072,
  "channels": 32,
  "hidden": 160,
  "detail_channels": 0,
  "detail_hidden": 160,
  "detail_scale": 0.0,
  "detail_init_scale": 0.01,
  "source_coord_features": 1,
  "latent_neighborhood_mode": "cross",
  "latent_neighborhood_radius_px": 1.0,
  "latent_neighborhood_taps": 5,
  "latent_sample_mode": "source",
  "context_channels": 0,
  "context_scale": 0.25,
  "context_init_scale": 0.02,
  "context_sample_mode": "source",
  "context_resolution": [
    0,
    0
  ],
  "decoder_mode": "single",
  "target_branch_scale": 0.0,
  "target_branch_hidden": 160,
  "rgb_skip_scale": 0.0,
  "rgb_skip_mode": "source",
  "rgb_skip_base_scale": 1.0,
  "rgb_skip_gate_mode": "none",
  "rgb_skip_gate_init": 0.5,
  "freq_bands": 10,
  "time_bands": 4,
  "lr": 0.01,
  "lr_schedule": "constant",
  "min_lr_ratio": 0.1,
  "grad_clip": 0.5,
  "l1_loss_weight": 0.0,
  "gradient_loss_weight": 0.0,
  "gradient_loss_ratio": 0.125,
  "gradient_loss_offset_px": 1.0,
  "source_remnant_loss_weight": 0.5,
  "source_remnant_margin": 0.025,
  "source_remnant_change_floor": 0.04,
  "seed": 0,
  "experiment_label": "c93-v12-deep-sea-rem050-mid20-seed0-s12000",
  "flow_scale": 0.1,
  "motion_mode": "layout-clean-reflow",
  "motion_strength": 1.0,
  "clean_target_variant": "deep-sea-lab",
  "video_viewport_mode": "static",
  "viewport_zoom": 0.0,
  "viewport_pan": 0.0,
  "video_layout_mode": "none",
  "layout_transform_strength": 0.0,
  "layout_transform_pan": 0.0,
  "layout_supersample": 1.0,
  "layout_region_count": 0,
  "element_scale_ratio": 0.25,
  "element_anchor_padding": 3,
  "element_mask_mode": "rectangle",
  "element_anchor_mode": "line",
  "element_render_mode": "sequential",
  "element_line_count": 0,
  "min_ocr_similarity": 0.35,
  "min_motion_delta": 0.05,
  "edge_sample_ratio": 0.09,
  "edge_loss_weight": 0.9,
  "text_box_sample_ratio": 0.0,
  "text_box_loss_weight": 0.0,
  "text_box_padding": 0,
  "layout_target_sampling": 1,
  "layout_target_weighting": 1,
  "layout_target_sampling_ratio": 0.6,
  "layout_target_mid_sampling_ratio": 0.2,
  "layout_target_mid_time_width": 0.18,
  "layout_target_pair_ratio": 0.0,
  "layout_target_pair_weight": 1.0,
  "layout_mid_time_ratio": 0.65,
  "layout_mid_time_width": 0.2,
  "layout_flow_loss_weight": 0.0,
  "layout_oracle_flow": 0,
  "layout_motion_curriculum_ratio": 0.0,
  "layout_motion_curriculum_start": 0.0,
  "layout_endpoint_ratio": 0.0,
  "layout_endpoint_target_ratio": 0.5,
  "text_box_count": 0,
  "text_mask_coverage": 0.0,
  "element_alpha_coverage": 0.0,
  "compile_ms": 301098.334931,
  "final_mse": 0.000977991847321391,
  "losses": [
    {
      "step": 0,
      "mse": 0.16440950334072113
    },
    {
      "step": 600,
      "mse": 0.0019025466172024608
    },
    {
      "step": 1200,
      "mse": 0.001336691901087761
    },
    {
      "step": 1800,
      "mse": 0.0011757307220250368
    },
    {
      "step": 2400,
      "mse": 0.001118152285926044
    },
    {
      "step": 3000,
      "mse": 0.0011171357473358512
    },
    {
      "step": 3600,
      "mse": 0.0010335373226553202
    },
    {
      "step": 4200,
      "mse": 0.001011396525427699
    },
    {
      "step": 4800,
      "mse": 0.0010038469918072224
    },
    {
      "step": 5400,
      "mse": 0.0009941740427166224
    },
    {
      "step": 6000,
      "mse": 0.00100427377037704
    },
    {
      "step": 6600,
      "mse": 0.001007178332656622
    },
    {
      "step": 7200,
      "mse": 0.0010030101984739304
    },
    {
      "step": 7800,
      "mse": 0.001017778879031539
    },
    {
      "step": 8400,
      "mse": 0.00097976578399539
    },
    {
      "step": 9000,
      "mse": 0.0009872672380879521
    },
    {
      "step": 9600,
      "mse": 0.0009689239668659866
    },
    {
      "step": 10200,
      "mse": 0.0010827573714777827
    },
    {
      "step": 10800,
      "mse": 0.00098955980502069
    },
    {
      "step": 11400,
      "mse": 0.0009829392656683922
    },
    {
      "step": 11999,
      "mse": 0.000977991847321391
    }
  ],
  "render_times": {
    "render-960.png": 20.679775000019163,
    "render-mid.png": 20.520793000002868,
    "render-last.png": 20.537090999994234,
    "render-512.png": 5.582987000025241,
    "crop-2x.png": 20.312597999975424
  },
  "render_960_ms": 20.679775000019163,
  "render_33_wall_ms": 669.4849110000405,
  "encode_ms": 234.31300100003227,
  "resize_consistency": 0.9999513408304498,
  "temporal_consistency": 0.9993873826460913,
  "motion_delta_model": 0.8157576322555542,
  "loop_error_model": 0.0006126173539087176,
  "description": "C8.6 neural canvas: learned clean two-state page reflow from x,y,t Learned warped/source coordinate features are included in the renderer MLP. Clean target fixture variant: deep-sea-lab. Decoder samples a cross latent neighborhood with 1px radius for local glyph/detail context in source mode. Training directly samples 0.2 of points from the reflowed midpoint glyph/text distribution. A contrastive source-remnant loss (0.5) penalizes midpoint pixels that are closer to the source page than the clean target by margin 0.025.",
  "run_id": "20260425T151549967059Z-c2-lite-glyph-layout-clean-reflow-c93-v12-deep-sea-rem050-mid20-seed0-s12000-1536x864-s12000",
  "commit": "15fc018",
  "track": "C",
  "width": 960,
  "height": 544,
  "frames": 33,
  "fps": 24,
  "artifacts": {
    "input": "/Users/dennisonbertram/Develop/flipbook-research/outputs/track-c/20260425T151549967059Z-c2-lite-glyph-layout-clean-reflow-c93-v12-deep-sea-rem050-mid20-seed0-s12000-1536x864-s12000/input.png",
    "render_960": "/Users/dennisonbertram/Develop/flipbook-research/outputs/track-c/20260425T151549967059Z-c2-lite-glyph-layout-clean-reflow-c93-v12-deep-sea-rem050-mid20-seed0-s12000-1536x864-s12000/render-960.png",
    "render_mid": "/Users/dennisonbertram/Develop/flipbook-research/outputs/track-c/20260425T151549967059Z-c2-lite-glyph-layout-clean-reflow-c93-v12-deep-sea-rem050-mid20-seed0-s12000-1536x864-s12000/render-mid.png",
    "render_last": "/Users/dennisonbertram/Develop/flipbook-research/outputs/track-c/20260425T151549967059Z-c2-lite-glyph-layout-clean-reflow-c93-v12-deep-sea-rem050-mid20-seed0-s12000-1536x864-s12000/render-last.png",
    "render_512": "/Users/dennisonbertram/Develop/flipbook-research/outputs/track-c/20260425T151549967059Z-c2-lite-glyph-layout-clean-reflow-c93-v12-deep-sea-rem050-mid20-seed0-s12000-1536x864-s12000/render-512.png",
    "crop_2x": "/Users/dennisonbertram/Develop/flipbook-research/outputs/track-c/20260425T151549967059Z-c2-lite-glyph-layout-clean-reflow-c93-v12-deep-sea-rem050-mid20-seed0-s12000-1536x864-s12000/crop-2x.png",
    "text_mask": "/Users/dennisonbertram/Develop/flipbook-research/outputs/track-c/20260425T151549967059Z-c2-lite-glyph-layout-clean-reflow-c93-v12-deep-sea-rem050-mid20-seed0-s12000-1536x864-s12000/text-mask.png",
    "element_alpha_mask": "/Users/dennisonbertram/Develop/flipbook-research/outputs/track-c/20260425T151549967059Z-c2-lite-glyph-layout-clean-reflow-c93-v12-deep-sea-rem050-mid20-seed0-s12000-1536x864-s12000/element-alpha-mask.png",
    "target_mid": "/Users/dennisonbertram/Develop/flipbook-research/outputs/track-c/20260425T151549967059Z-c2-lite-glyph-layout-clean-reflow-c93-v12-deep-sea-rem050-mid20-seed0-s12000-1536x864-s12000/target-mid.png",
    "text_boxes": "/Users/dennisonbertram/Develop/flipbook-research/outputs/track-c/20260425T151549967059Z-c2-lite-glyph-layout-clean-reflow-c93-v12-deep-sea-rem050-mid20-seed0-s12000-1536x864-s12000/text-boxes.json",
    "output": "/Users/dennisonbertram/Develop/flipbook-research/outputs/track-c/20260425T151549967059Z-c2-lite-glyph-layout-clean-reflow-c93-v12-deep-sea-rem050-mid20-seed0-s12000-1536x864-s12000/output.mp4",
    "metrics": "/Users/dennisonbertram/Develop/flipbook-research/outputs/track-c/20260425T151549967059Z-c2-lite-glyph-layout-clean-reflow-c93-v12-deep-sea-rem050-mid20-seed0-s12000-1536x864-s12000/metrics.json",
    "quality": "/Users/dennisonbertram/Develop/flipbook-research/outputs/track-c/20260425T151549967059Z-c2-lite-glyph-layout-clean-reflow-c93-v12-deep-sea-rem050-mid20-seed0-s12000-1536x864-s12000/quality.json"
  },
  "ocr_similarity": 0.8275862068965518,
  "layout_similarity": 0.9999513408304498,
  "motion_delta": 0.8169825077056885,
  "loop_error": 0.0003992299025412649,
  "status": "pass"
}
DONE 20260425T151549967059Z-c2-lite-glyph-layout-clean-reflow-c93-v12-deep-sea-rem050-mid20-seed0-s12000-1536x864-s12000 quality=0.8276 motion=0.8170
Stopping app - local entrypoint completed.
✓ App completed. View run at 
https://modal.com/apps/dennisonbertram/main/ap-LdGoLzFKARRUNDfJTO490y
