✓ Initialized. View run at 
https://modal.com/apps/dennisonbertram/main/ap-ymfdJu5FcnpTLGhnqyghet
✓ Created objects.
├── 🔨 Created mount 
│   /Users/dennisonbertram/Develop/flipbook-research/scripts/track_c/modal_canva
│   s_c2_lite.py
└── 🔨 Created function train_and_render_motion.
START 20260425T155828843671Z-c2-lite-glyph-layout-clean-reflow-c94-v12-deep-sea-dualgate-s100-rem050-seed0-s12000-1536x864-s12000 config={"batch_size": 131072, "channels": 32, "clean_target_variant": "deep-sea-lab", "context_channels": 0, "context_init_scale": 0.02, "context_sample_mode": "source", "context_scale": 0.25, "decoder_mode": "dual-gate", "detail_channels": 0, "detail_hidden": 160, "detail_init_scale": 0.01, "detail_scale": 0.0, "edge_loss_weight": 0.9, "edge_sample_ratio": 0.09, "element_anchor_mode": "line", "element_anchor_padding": 3, "element_mask_mode": "rectangle", "element_render_mode": "sequential", "element_scale_ratio": 0.25, "experiment_label": "c94-v12-deep-sea-dualgate-s100-rem050-seed0-s12000", "flow_scale": 0.1, "fps": 24, "frames": 33, "freq_bands": 10, "grad_clip": 0.5, "gradient_loss_offset_px": 1.0, "gradient_loss_ratio": 0.125, "gradient_loss_weight": 0.0, "hidden": 160, "l1_loss_weight": 0.0, "latent_neighborhood_mode": "cross", "latent_neighborhood_radius_px": 1.0, "latent_sample_mode": "source", "layout_endpoint_ratio": 0.0, "layout_endpoint_target_ratio": 0.5, "layout_flow_loss_weight": 0.0, "layout_mid_time_ratio": 0.65, "layout_mid_time_width": 0.2, "layout_motion_curriculum_ratio": 0.0, "layout_motion_curriculum_start": 0.0, "layout_oracle_flow": 0, "layout_supersample": 1.0, "layout_target_mid_sampling_ratio": 0.2, "layout_target_mid_time_width": 0.18, "layout_target_pair_ratio": 0.0, "layout_target_pair_weight": 1.0, "layout_target_sampling": 1, "layout_target_sampling_ratio": 0.6, "layout_target_weighting": 1, "layout_transform_pan": 0.0, "layout_transform_strength": 0.0, "lr": 0.01, "lr_schedule": "constant", "min_lr_ratio": 0.1, "min_motion_delta": 0.05, "min_ocr_similarity": 0.35, "motion_mode": "layout-clean-reflow", "motion_strength": 1.0, "rgb_skip_base_scale": 1.0, "rgb_skip_gate_init": 0.5, "rgb_skip_gate_mode": "none", "rgb_skip_mode": "source", "rgb_skip_scale": 0.0, "seed": 0, "source_coord_features": 1, "source_remnant_change_floor": 0.04, "source_remnant_loss_weight": 0.5, "source_remnant_margin": 0.025, "source_resolution": [1280, 736], "steps": 12000, "target_branch_hidden": 96, "target_branch_scale": 1.0, "text_box_loss_weight": 0.0, "text_box_min_conf": 55.0, "text_box_padding": 0, "text_box_sample_ratio": 0.0, "text_boxes": "0 boxes", "time_bands": 4, "train_resolution": "1536x864", "video_layout_mode": "none", "video_viewport_mode": "static", "viewport_pan": 0.0, "viewport_zoom": 0.0}
{
  "canvas_type": "time-conditioned-latent-feature-grid-learned-flow-mlp-glyph-weighted-source-coord-latent-cross-neighborhood-dual-gate-clean-page-reflow",
  "train_resolution": "1536x864",
  "steps": 12000,
  "batch_size": 131072,
  "channels": 32,
  "hidden": 160,
  "detail_channels": 0,
  "detail_hidden": 160,
  "detail_scale": 0.0,
  "detail_init_scale": 0.01,
  "source_coord_features": 1,
  "latent_neighborhood_mode": "cross",
  "latent_neighborhood_radius_px": 1.0,
  "latent_neighborhood_taps": 5,
  "latent_sample_mode": "source",
  "context_channels": 0,
  "context_scale": 0.25,
  "context_init_scale": 0.02,
  "context_sample_mode": "source",
  "context_resolution": [
    0,
    0
  ],
  "decoder_mode": "dual-gate",
  "target_branch_scale": 1.0,
  "target_branch_hidden": 96,
  "rgb_skip_scale": 0.0,
  "rgb_skip_mode": "source",
  "rgb_skip_base_scale": 1.0,
  "rgb_skip_gate_mode": "none",
  "rgb_skip_gate_init": 0.5,
  "freq_bands": 10,
  "time_bands": 4,
  "lr": 0.01,
  "lr_schedule": "constant",
  "min_lr_ratio": 0.1,
  "grad_clip": 0.5,
  "l1_loss_weight": 0.0,
  "gradient_loss_weight": 0.0,
  "gradient_loss_ratio": 0.125,
  "gradient_loss_offset_px": 1.0,
  "source_remnant_loss_weight": 0.5,
  "source_remnant_margin": 0.025,
  "source_remnant_change_floor": 0.04,
  "seed": 0,
  "experiment_label": "c94-v12-deep-sea-dualgate-s100-rem050-seed0-s12000",
  "flow_scale": 0.1,
  "motion_mode": "layout-clean-reflow",
  "motion_strength": 1.0,
  "clean_target_variant": "deep-sea-lab",
  "video_viewport_mode": "static",
  "viewport_zoom": 0.0,
  "viewport_pan": 0.0,
  "video_layout_mode": "none",
  "layout_transform_strength": 0.0,
  "layout_transform_pan": 0.0,
  "layout_supersample": 1.0,
  "layout_region_count": 0,
  "element_scale_ratio": 0.25,
  "element_anchor_padding": 3,
  "element_mask_mode": "rectangle",
  "element_anchor_mode": "line",
  "element_render_mode": "sequential",
  "element_line_count": 0,
  "min_ocr_similarity": 0.35,
  "min_motion_delta": 0.05,
  "edge_sample_ratio": 0.09,
  "edge_loss_weight": 0.9,
  "text_box_sample_ratio": 0.0,
  "text_box_loss_weight": 0.0,
  "text_box_padding": 0,
  "layout_target_sampling": 1,
  "layout_target_weighting": 1,
  "layout_target_sampling_ratio": 0.6,
  "layout_target_mid_sampling_ratio": 0.2,
  "layout_target_mid_time_width": 0.18,
  "layout_target_pair_ratio": 0.0,
  "layout_target_pair_weight": 1.0,
  "layout_mid_time_ratio": 0.65,
  "layout_mid_time_width": 0.2,
  "layout_flow_loss_weight": 0.0,
  "layout_oracle_flow": 0,
  "layout_motion_curriculum_ratio": 0.0,
  "layout_motion_curriculum_start": 0.0,
  "layout_endpoint_ratio": 0.0,
  "layout_endpoint_target_ratio": 0.5,
  "text_box_count": 0,
  "text_mask_coverage": 0.0,
  "element_alpha_coverage": 0.0,
  "compile_ms": 506053.54561499995,
  "final_mse": 0.0009372497443109751,
  "losses": [
    {
      "step": 0,
      "mse": 0.16395466029644012
    },
    {
      "step": 600,
      "mse": 0.0010158638469874859
    },
    {
      "step": 1200,
      "mse": 0.0009728336008265615
    },
    {
      "step": 1800,
      "mse": 0.0009689214639365673
    },
    {
      "step": 2400,
      "mse": 0.0010450250701978803
    },
    {
      "step": 3000,
      "mse": 0.0009708174038678408
    },
    {
      "step": 3600,
      "mse": 0.0009453543461859226
    },
    {
      "step": 4200,
      "mse": 0.0009253572206944227
    },
    {
      "step": 4800,
      "mse": 0.0009260107763111591
    },
    {
      "step": 5400,
      "mse": 0.0009368025930598378
    },
    {
      "step": 6000,
      "mse": 0.0009452524827793241
    },
    {
      "step": 6600,
      "mse": 0.0009538473677821457
    },
    {
      "step": 7200,
      "mse": 0.0009348717285320163
    },
    {
      "step": 7800,
      "mse": 0.000929609639570117
    },
    {
      "step": 8400,
      "mse": 0.0009368463652208447
    },
    {
      "step": 9000,
      "mse": 0.0009478653082624078
    },
    {
      "step": 9600,
      "mse": 0.0009330317843705416
    },
    {
      "step": 10200,
      "mse": 0.0009448102209717035
    },
    {
      "step": 10800,
      "mse": 0.0009561376646161079
    },
    {
      "step": 11400,
      "mse": 0.0009490063530392945
    },
    {
      "step": 11999,
      "mse": 0.0009372497443109751
    }
  ],
  "render_times": {
    "render-960.png": 30.952346000049147,
    "render-mid.png": 30.81332200002862,
    "render-last.png": 30.764652000016213,
    "render-512.png": 8.31454099994744,
    "crop-2x.png": 30.38505099999611
  },
  "render_960_ms": 30.952346000049147,
  "render_33_wall_ms": 1008.7887870000145,
  "encode_ms": 257.5698289999764,
  "resize_consistency": 0.9999686144279177,
  "temporal_consistency": 0.9986600610427558,
  "motion_delta_model": 0.8159642815589905,
  "loop_error_model": 0.0013399389572441578,
  "description": "C8.6 neural canvas: learned clean two-state page reflow from x,y,t Learned warped/source coordinate features are included in the renderer MLP. Clean target fixture variant: deep-sea-lab. Decoder samples a cross latent neighborhood with 1px radius for local glyph/detail context in source mode. Decoder uses separately gated source and target-position branches (target hidden 96). Training directly samples 0.2 of points from the reflowed midpoint glyph/text distribution. A contrastive source-remnant loss (0.5) penalizes midpoint pixels that are closer to the source page than the clean target by margin 0.025.",
  "run_id": "20260425T155828843671Z-c2-lite-glyph-layout-clean-reflow-c94-v12-deep-sea-dualgate-s100-rem050-seed0-s12000-1536x864-s12000",
  "commit": "916641b",
  "track": "C",
  "width": 960,
  "height": 544,
  "frames": 33,
  "fps": 24,
  "artifacts": {
    "input": "/Users/dennisonbertram/Develop/flipbook-research/outputs/track-c/20260425T155828843671Z-c2-lite-glyph-layout-clean-reflow-c94-v12-deep-sea-dualgate-s100-rem050-seed0-s12000-1536x864-s12000/input.png",
    "render_960": "/Users/dennisonbertram/Develop/flipbook-research/outputs/track-c/20260425T155828843671Z-c2-lite-glyph-layout-clean-reflow-c94-v12-deep-sea-dualgate-s100-rem050-seed0-s12000-1536x864-s12000/render-960.png",
    "render_mid": "/Users/dennisonbertram/Develop/flipbook-research/outputs/track-c/20260425T155828843671Z-c2-lite-glyph-layout-clean-reflow-c94-v12-deep-sea-dualgate-s100-rem050-seed0-s12000-1536x864-s12000/render-mid.png",
    "render_last": "/Users/dennisonbertram/Develop/flipbook-research/outputs/track-c/20260425T155828843671Z-c2-lite-glyph-layout-clean-reflow-c94-v12-deep-sea-dualgate-s100-rem050-seed0-s12000-1536x864-s12000/render-last.png",
    "render_512": "/Users/dennisonbertram/Develop/flipbook-research/outputs/track-c/20260425T155828843671Z-c2-lite-glyph-layout-clean-reflow-c94-v12-deep-sea-dualgate-s100-rem050-seed0-s12000-1536x864-s12000/render-512.png",
    "crop_2x": "/Users/dennisonbertram/Develop/flipbook-research/outputs/track-c/20260425T155828843671Z-c2-lite-glyph-layout-clean-reflow-c94-v12-deep-sea-dualgate-s100-rem050-seed0-s12000-1536x864-s12000/crop-2x.png",
    "text_mask": "/Users/dennisonbertram/Develop/flipbook-research/outputs/track-c/20260425T155828843671Z-c2-lite-glyph-layout-clean-reflow-c94-v12-deep-sea-dualgate-s100-rem050-seed0-s12000-1536x864-s12000/text-mask.png",
    "element_alpha_mask": "/Users/dennisonbertram/Develop/flipbook-research/outputs/track-c/20260425T155828843671Z-c2-lite-glyph-layout-clean-reflow-c94-v12-deep-sea-dualgate-s100-rem050-seed0-s12000-1536x864-s12000/element-alpha-mask.png",
    "target_mid": "/Users/dennisonbertram/Develop/flipbook-research/outputs/track-c/20260425T155828843671Z-c2-lite-glyph-layout-clean-reflow-c94-v12-deep-sea-dualgate-s100-rem050-seed0-s12000-1536x864-s12000/target-mid.png",
    "text_boxes": "/Users/dennisonbertram/Develop/flipbook-research/outputs/track-c/20260425T155828843671Z-c2-lite-glyph-layout-clean-reflow-c94-v12-deep-sea-dualgate-s100-rem050-seed0-s12000-1536x864-s12000/text-boxes.json",
    "output": "/Users/dennisonbertram/Develop/flipbook-research/outputs/track-c/20260425T155828843671Z-c2-lite-glyph-layout-clean-reflow-c94-v12-deep-sea-dualgate-s100-rem050-seed0-s12000-1536x864-s12000/output.mp4",
    "metrics": "/Users/dennisonbertram/Develop/flipbook-research/outputs/track-c/20260425T155828843671Z-c2-lite-glyph-layout-clean-reflow-c94-v12-deep-sea-dualgate-s100-rem050-seed0-s12000-1536x864-s12000/metrics.json",
    "quality": "/Users/dennisonbertram/Develop/flipbook-research/outputs/track-c/20260425T155828843671Z-c2-lite-glyph-layout-clean-reflow-c94-v12-deep-sea-dualgate-s100-rem050-seed0-s12000-1536x864-s12000/quality.json"
  },
  "ocr_similarity": 0.8666666666666667,
  "layout_similarity": 0.9999686144279177,
  "motion_delta": 0.8163931965827942,
  "loop_error": 0.0011642157332971692,
  "status": "pass"
}
DONE 20260425T155828843671Z-c2-lite-glyph-layout-clean-reflow-c94-v12-deep-sea-dualgate-s100-rem050-seed0-s12000-1536x864-s12000 quality=0.8667 motion=0.8164
Stopping app - local entrypoint completed.
✓ App completed. View run at 
https://modal.com/apps/dennisonbertram/main/ap-ymfdJu5FcnpTLGhnqyghet
