✓ Initialized. View run at 
https://modal.com/apps/dennisonbertram/main/ap-ClIHMOWU6Lsjen5XT19JS9
✓ Created objects.
├── 🔨 Created mount 
│   /Users/dennisonbertram/Develop/flipbook-research/scripts/track_c/modal_canva
│   s_c2_lite.py
└── 🔨 Created function train_and_render_motion.
START 20260425T170202747809Z-c2-lite-glyph-layout-clean-reflow-c97-v11-naturalist-statesplit-init02-rem050-mid35-seed0-s12000-1536x864-s12000 config={"batch_size": 131072, "channels": 32, "clean_target_variant": "naturalist-plate", "context_channels": 0, "context_init_scale": 0.02, "context_sample_mode": "source", "context_scale": 0.25, "decoder_mode": "state-split", "detail_channels": 0, "detail_hidden": 160, "detail_init_scale": 0.01, "detail_scale": 0.0, "edge_loss_weight": 0.9, "edge_sample_ratio": 0.09, "element_anchor_mode": "line", "element_anchor_padding": 3, "element_mask_mode": "rectangle", "element_render_mode": "sequential", "element_scale_ratio": 0.25, "experiment_label": "c97-v11-naturalist-statesplit-init02-rem050-mid35-seed0-s12000", "flow_scale": 0.1, "fps": 24, "frames": 33, "freq_bands": 10, "grad_clip": 0.5, "gradient_loss_offset_px": 1.0, "gradient_loss_ratio": 0.125, "gradient_loss_weight": 0.0, "hidden": 160, "l1_loss_weight": 0.0, "latent_neighborhood_mode": "cross", "latent_neighborhood_radius_px": 1.0, "latent_sample_mode": "source", "layout_endpoint_ratio": 0.12, "layout_endpoint_target_ratio": 0.5, "layout_flow_loss_weight": 0.0, "layout_mid_time_ratio": 0.65, "layout_mid_time_width": 0.2, "layout_motion_curriculum_ratio": 0.0, "layout_motion_curriculum_start": 0.0, "layout_oracle_flow": 0, "layout_supersample": 1.0, "layout_target_mid_sampling_ratio": 0.35, "layout_target_mid_time_width": 0.22, "layout_target_pair_ratio": 0.0, "layout_target_pair_weight": 1.0, "layout_target_sampling": 1, "layout_target_sampling_ratio": 0.6, "layout_target_weighting": 1, "layout_transform_pan": 0.0, "layout_transform_strength": 0.0, "lr": 0.01, "lr_schedule": "constant", "min_lr_ratio": 0.1, "min_motion_delta": 0.05, "min_ocr_similarity": 0.35, "motion_mode": "layout-clean-reflow", "motion_strength": 1.0, "rgb_skip_base_scale": 1.0, "rgb_skip_gate_init": 0.5, "rgb_skip_gate_mode": "none", "rgb_skip_mode": "source", "rgb_skip_scale": 0.0, "seed": 0, "source_coord_features": 1, "source_remnant_change_floor": 0.04, "source_remnant_loss_weight": 0.5, "source_remnant_margin": 0.025, "source_resolution": [1280, 736], "steps": 12000, "target_branch_hidden": 160, "target_branch_scale": 0.0, "target_canvas_init_scale": 0.02, "target_canvas_mode": "always", "text_box_loss_weight": 0.0, "text_box_min_conf": 55.0, "text_box_padding": 0, "text_box_sample_ratio": 0.0, "text_boxes": "0 boxes", "time_bands": 4, "train_resolution": "1536x864", "video_layout_mode": "none", "video_viewport_mode": "static", "viewport_pan": 0.0, "viewport_zoom": 0.0}
{
  "canvas_type": "time-conditioned-latent-feature-grid-learned-flow-mlp-glyph-weighted-source-coord-latent-cross-neighborhood-state-split-target-canvas-always-clean-page-reflow",
  "train_resolution": "1536x864",
  "steps": 12000,
  "batch_size": 131072,
  "channels": 32,
  "hidden": 160,
  "detail_channels": 0,
  "detail_hidden": 160,
  "detail_scale": 0.0,
  "detail_init_scale": 0.01,
  "source_coord_features": 1,
  "latent_neighborhood_mode": "cross",
  "latent_neighborhood_radius_px": 1.0,
  "latent_neighborhood_taps": 5,
  "latent_sample_mode": "source",
  "context_channels": 0,
  "context_scale": 0.25,
  "context_init_scale": 0.02,
  "context_sample_mode": "source",
  "context_resolution": [
    0,
    0
  ],
  "decoder_mode": "state-split",
  "target_branch_scale": 0.0,
  "target_branch_hidden": 160,
  "target_canvas_mode": "always",
  "target_canvas_init_scale": 0.02,
  "rgb_skip_scale": 0.0,
  "rgb_skip_mode": "source",
  "rgb_skip_base_scale": 1.0,
  "rgb_skip_gate_mode": "none",
  "rgb_skip_gate_init": 0.5,
  "freq_bands": 10,
  "time_bands": 4,
  "lr": 0.01,
  "lr_schedule": "constant",
  "min_lr_ratio": 0.1,
  "grad_clip": 0.5,
  "l1_loss_weight": 0.0,
  "gradient_loss_weight": 0.0,
  "gradient_loss_ratio": 0.125,
  "gradient_loss_offset_px": 1.0,
  "source_remnant_loss_weight": 0.5,
  "source_remnant_margin": 0.025,
  "source_remnant_change_floor": 0.04,
  "seed": 0,
  "experiment_label": "c97-v11-naturalist-statesplit-init02-rem050-mid35-seed0-s12000",
  "flow_scale": 0.1,
  "motion_mode": "layout-clean-reflow",
  "motion_strength": 1.0,
  "clean_target_variant": "naturalist-plate",
  "video_viewport_mode": "static",
  "viewport_zoom": 0.0,
  "viewport_pan": 0.0,
  "video_layout_mode": "none",
  "layout_transform_strength": 0.0,
  "layout_transform_pan": 0.0,
  "layout_supersample": 1.0,
  "layout_region_count": 0,
  "element_scale_ratio": 0.25,
  "element_anchor_padding": 3,
  "element_mask_mode": "rectangle",
  "element_anchor_mode": "line",
  "element_render_mode": "sequential",
  "element_line_count": 0,
  "min_ocr_similarity": 0.35,
  "min_motion_delta": 0.05,
  "edge_sample_ratio": 0.09,
  "edge_loss_weight": 0.9,
  "text_box_sample_ratio": 0.0,
  "text_box_loss_weight": 0.0,
  "text_box_padding": 0,
  "layout_target_sampling": 1,
  "layout_target_weighting": 1,
  "layout_target_sampling_ratio": 0.6,
  "layout_target_mid_sampling_ratio": 0.35,
  "layout_target_mid_time_width": 0.22,
  "layout_target_pair_ratio": 0.0,
  "layout_target_pair_weight": 1.0,
  "layout_mid_time_ratio": 0.65,
  "layout_mid_time_width": 0.2,
  "layout_flow_loss_weight": 0.0,
  "layout_oracle_flow": 0,
  "layout_motion_curriculum_ratio": 0.0,
  "layout_motion_curriculum_start": 0.0,
  "layout_endpoint_ratio": 0.12,
  "layout_endpoint_target_ratio": 0.5,
  "text_box_count": 0,
  "text_mask_coverage": 0.0,
  "element_alpha_coverage": 0.0,
  "compile_ms": 468901.285197,
  "final_mse": 0.00017851924349088222,
  "losses": [
    {
      "step": 0,
      "mse": 0.20024186372756958
    },
    {
      "step": 600,
      "mse": 0.00035714718978852034
    },
    {
      "step": 1200,
      "mse": 0.0002605554764159024
    },
    {
      "step": 1800,
      "mse": 0.00021775678033009171
    },
    {
      "step": 2400,
      "mse": 0.00021447247127071023
    },
    {
      "step": 3000,
      "mse": 0.00019584354595281184
    },
    {
      "step": 3600,
      "mse": 0.00020188491907902062
    },
    {
      "step": 4200,
      "mse": 0.0001890749263111502
    },
    {
      "step": 4800,
      "mse": 0.00018339126836508512
    },
    {
      "step": 5400,
      "mse": 0.00018771292525343597
    },
    {
      "step": 6000,
      "mse": 0.00019168169819749892
    },
    {
      "step": 6600,
      "mse": 0.00019231834448873997
    },
    {
      "step": 7200,
      "mse": 0.0001836016890592873
    },
    {
      "step": 7800,
      "mse": 0.00018310773884877563
    },
    {
      "step": 8400,
      "mse": 0.00018523783364798874
    },
    {
      "step": 9000,
      "mse": 0.0001819739118218422
    },
    {
      "step": 9600,
      "mse": 0.00020316976588219404
    },
    {
      "step": 10200,
      "mse": 0.0002649880771059543
    },
    {
      "step": 10800,
      "mse": 0.00018003425793722272
    },
    {
      "step": 11400,
      "mse": 0.00017584253509994596
    },
    {
      "step": 11999,
      "mse": 0.00017851924349088222
    }
  ],
  "render_times": {
    "render-960.png": 23.565711000003375,
    "render-mid.png": 23.47784299996647,
    "render-last.png": 23.452773000030902,
    "render-512.png": 6.724962000021151,
    "crop-2x.png": 23.142440000015085
  },
  "render_960_ms": 23.565711000003375,
  "render_33_wall_ms": 765.9457589999761,
  "encode_ms": 240.1746179999691,
  "resize_consistency": 0.9999511480019763,
  "temporal_consistency": 0.9993512678775005,
  "motion_delta_model": 0.09870027005672455,
  "loop_error_model": 0.0006487321224994957,
  "description": "C8.6 neural canvas: learned clean two-state page reflow from x,y,t Learned warped/source coordinate features are included in the renderer MLP. Clean target fixture variant: naturalist-plate. Decoder samples a cross latent neighborhood with 1px radius for local glyph/detail context in source mode. Decoder uses separate source and target-state branches, with the target branch sampling an independent target latent canvas and blending by midpoint progress (target hidden 160). Decoder also receives a separate state-split target-state latent canvas initialized at scale 0.02. Training directly samples 0.35 of points from the reflowed midpoint glyph/text distribution. A contrastive source-remnant loss (0.5) penalizes midpoint pixels that are closer to the source page than the clean target by margin 0.025.",
  "run_id": "20260425T170202747809Z-c2-lite-glyph-layout-clean-reflow-c97-v11-naturalist-statesplit-init02-rem050-mid35-seed0-s12000-1536x864-s12000",
  "commit": "7dfb8ab",
  "track": "C",
  "width": 960,
  "height": 544,
  "frames": 33,
  "fps": 24,
  "artifacts": {
    "input": "/Users/dennisonbertram/Develop/flipbook-research/outputs/track-c/20260425T170202747809Z-c2-lite-glyph-layout-clean-reflow-c97-v11-naturalist-statesplit-init02-rem050-mid35-seed0-s12000-1536x864-s12000/input.png",
    "render_960": "/Users/dennisonbertram/Develop/flipbook-research/outputs/track-c/20260425T170202747809Z-c2-lite-glyph-layout-clean-reflow-c97-v11-naturalist-statesplit-init02-rem050-mid35-seed0-s12000-1536x864-s12000/render-960.png",
    "render_mid": "/Users/dennisonbertram/Develop/flipbook-research/outputs/track-c/20260425T170202747809Z-c2-lite-glyph-layout-clean-reflow-c97-v11-naturalist-statesplit-init02-rem050-mid35-seed0-s12000-1536x864-s12000/render-mid.png",
    "render_last": "/Users/dennisonbertram/Develop/flipbook-research/outputs/track-c/20260425T170202747809Z-c2-lite-glyph-layout-clean-reflow-c97-v11-naturalist-statesplit-init02-rem050-mid35-seed0-s12000-1536x864-s12000/render-last.png",
    "render_512": "/Users/dennisonbertram/Develop/flipbook-research/outputs/track-c/20260425T170202747809Z-c2-lite-glyph-layout-clean-reflow-c97-v11-naturalist-statesplit-init02-rem050-mid35-seed0-s12000-1536x864-s12000/render-512.png",
    "crop_2x": "/Users/dennisonbertram/Develop/flipbook-research/outputs/track-c/20260425T170202747809Z-c2-lite-glyph-layout-clean-reflow-c97-v11-naturalist-statesplit-init02-rem050-mid35-seed0-s12000-1536x864-s12000/crop-2x.png",
    "text_mask": "/Users/dennisonbertram/Develop/flipbook-research/outputs/track-c/20260425T170202747809Z-c2-lite-glyph-layout-clean-reflow-c97-v11-naturalist-statesplit-init02-rem050-mid35-seed0-s12000-1536x864-s12000/text-mask.png",
    "element_alpha_mask": "/Users/dennisonbertram/Develop/flipbook-research/outputs/track-c/20260425T170202747809Z-c2-lite-glyph-layout-clean-reflow-c97-v11-naturalist-statesplit-init02-rem050-mid35-seed0-s12000-1536x864-s12000/element-alpha-mask.png",
    "target_mid": "/Users/dennisonbertram/Develop/flipbook-research/outputs/track-c/20260425T170202747809Z-c2-lite-glyph-layout-clean-reflow-c97-v11-naturalist-statesplit-init02-rem050-mid35-seed0-s12000-1536x864-s12000/target-mid.png",
    "text_boxes": "/Users/dennisonbertram/Develop/flipbook-research/outputs/track-c/20260425T170202747809Z-c2-lite-glyph-layout-clean-reflow-c97-v11-naturalist-statesplit-init02-rem050-mid35-seed0-s12000-1536x864-s12000/text-boxes.json",
    "output": "/Users/dennisonbertram/Develop/flipbook-research/outputs/track-c/20260425T170202747809Z-c2-lite-glyph-layout-clean-reflow-c97-v11-naturalist-statesplit-init02-rem050-mid35-seed0-s12000-1536x864-s12000/output.mp4",
    "metrics": "/Users/dennisonbertram/Develop/flipbook-research/outputs/track-c/20260425T170202747809Z-c2-lite-glyph-layout-clean-reflow-c97-v11-naturalist-statesplit-init02-rem050-mid35-seed0-s12000-1536x864-s12000/metrics.json",
    "quality": "/Users/dennisonbertram/Develop/flipbook-research/outputs/track-c/20260425T170202747809Z-c2-lite-glyph-layout-clean-reflow-c97-v11-naturalist-statesplit-init02-rem050-mid35-seed0-s12000-1536x864-s12000/quality.json"
  },
  "ocr_similarity": 0.3655913978494624,
  "layout_similarity": 0.9999511480019763,
  "motion_delta": 0.074002206325531,
  "loop_error": 0.0005951570346951485,
  "status": "pass"
}
DONE 20260425T170202747809Z-c2-lite-glyph-layout-clean-reflow-c97-v11-naturalist-statesplit-init02-rem050-mid35-seed0-s12000-1536x864-s12000 quality=0.3656 motion=0.0740
Stopping app - local entrypoint completed.
✓ App completed. View run at 
https://modal.com/apps/dennisonbertram/main/ap-ClIHMOWU6Lsjen5XT19JS9
