20260424T141533Z-c0-canvas-960x544-s1500	still-full-resize	quality_fail	364.071ms	ocr=0.7397
20260424T141858Z-c0-canvas-960x544-s5000	still-full-resize	quality_fail	396.555ms	ocr=0.7281
20260424T142739Z-c2-lite-960x544-s3000	still-full-resize	quality_fail	530.142ms	ocr=0.8326
20260424T145821Z-c2-lite-glyph-960x544-s4000	still-full-resize	quality_fail	567.599ms	ocr=0.8288
20260424T151017Z-c2-lite-text-1280x736-s4500	still-full-resize	pass	935.276ms	ocr=0.8545
20260424T152249Z-c2-lite-text-frame-scale-1280x736-s4500	frame-scale-strong	quality_fail	553.306ms	ocr=0.0000
20260424T152418Z-c2-lite-text-frame-scale-1280x736-s4500	frame-scale-moderate	quality_fail	558.141ms	ocr=0.1053
20260424T153539Z-c2-lite-text-static-layout-frame-scale-1280x736-s4500	frame-scale-moderate	pass	541.976ms	ocr=0.7091
20260424T153736Z-c2-lite-text-static-layout-frame-scale-1280x736-s4500	frame-scale-strong	pass	559.048ms	ocr=0.3610
20260424T155703Z-c2-lite-text-static-layout-element-frame-scale-1280x736-s4500	frame-scale-moderate	pass	686.369ms	ocr=0.7321
20260424T155913Z-c2-lite-text-static-layout-element-frame-scale-1280x736-s4500	frame-scale-strong	pass	947.475ms	ocr=0.4124
20260424T165342Z-c2-lite-text-responsive-squeeze-1280x736-s4500	responsive-squeeze	pass	575.923ms	ocr=0.7265
20260424T165342Z-c2-lite-text-static-layout-element-frame-scale-1536x864-s5500	frame-scale-strong	quality_fail	678.824ms	ocr=0.0824
20260424T165508Z-c2-lite-text-static-layout-element-frame-scale-1280x736-s4500	frame-scale-strong	quality_fail	654.193ms	ocr=0.0982
20260424T165529Z-c2-lite-text-static-layout-element-frame-scale-1280x736-s4500	frame-scale-strong	quality_fail	655.405ms	ocr=0.0468
20260424T165916796904Z-c2-lite-text-static-layout-element-frame-scale-c25-alpha-r000-1280x736-s4500	frame-scale-strong	quality_fail	658.768ms	ocr=0.0759
20260424T165916869371Z-c2-lite-text-static-layout-element-frame-scale-c25-alpha-r025-1280x736-s4500	frame-scale-strong	quality_fail	710.178ms	ocr=0.0597
20260424T165916871669Z-c2-lite-text-static-layout-element-frame-scale-c25-alpha-moderate-r010-1280x736-s4500	frame-scale-moderate	quality_fail	655.525ms	ocr=0.1183
20260424T170416744300Z-c2-lite-text-responsive-squeeze-c25-responsive-strong-1280x736-s4500	responsive-squeeze	pass	547.337ms	ocr=0.4178
20260424T170416775674Z-c2-lite-text-static-layout-element-frame-scale-c25-rectangle-r010-1280x736-s4500	frame-scale-strong	pass	669.494ms	ocr=0.4195
20260424T174025843756Z-c2-lite-text-static-layout-element-frame-scale-c26-word-rect-moderate-r010-1280x736-s4500	frame-scale-moderate	latency_fail	3290.873ms	ocr=0.5438
20260424T174026078431Z-c2-lite-text-static-layout-element-frame-scale-c26-word-rect-r010-1280x736-s4500	frame-scale-strong	quality_fail	3698.959ms	ocr=0.1143
20260424T174026360652Z-c2-lite-text-static-layout-element-frame-scale-c26-line-rect-r005-1280x736-s4500	frame-scale-strong	pass	655.300ms	ocr=0.5243
20260424T174558341805Z-c2-lite-text-responsive-squeeze-c26-responsive-xstrong-1280x736-s4500	responsive-squeeze	quality_fail	555.266ms	ocr=0.2000
20260424T181541437774Z-c2-lite-text-static-layout-element-frame-scale-c27-line-rect-r005-pad2-1280x736-s4500	frame-scale-strong	pass	603.633ms	ocr=0.3673
20260424T181541511063Z-c2-lite-text-static-layout-element-frame-scale-c27-line-rect-r0075-1280x736-s4500	frame-scale-strong	pass	650.038ms	ocr=0.3981
20260424T181541520698Z-c2-lite-text-static-layout-element-frame-scale-c27-line-rect-r0025-1280x736-s4500	frame-scale-strong	pass	841.603ms	ocr=0.7097
20260424T182043179568Z-c2-lite-text-static-layout-element-frame-scale-c27-line-rect-r005-pad6-1280x736-s4500	frame-scale-strong	quality_fail	673.498ms	ocr=0.2673
20260424T182043479928Z-c2-lite-text-responsive-squeeze-c27-responsive-018-1280x736-s4500	responsive-squeeze	pass	577.817ms	ocr=0.3277
20260424T182113089373Z-c2-lite-text-static-layout-element-frame-scale-c28-word-batched-r010-1280x736-s4500	frame-scale-strong	quality_fail	671.715ms	ocr=0.1135
20260424T182614717341Z-c2-lite-text-static-layout-element-frame-scale-c28-word-batched-moderate-r010-1280x736-s4500	frame-scale-moderate	pass	647.643ms	ocr=0.5505
20260424T182614814241Z-c2-lite-text-static-layout-element-frame-scale-c28-line-batched-r005-1280x736-s4500	frame-scale-strong	pass	641.167ms	ocr=0.4928
20260424T183608003876Z-c2-lite-text-c29-gentle-flow-010-1280x736-s4500	subtle-motion-loop	pass	548.963ms	ocr=0.8402
20260424T183608005020Z-c2-lite-text-static-layout-element-frame-scale-c29-product-layout-r0025-1280x736-s4500	frame-scale-moderate	pass	627.449ms	ocr=0.7713
20260424T183608071937Z-c2-lite-text-c29-gentle-flow-020-1280x736-s4500	subtle-motion-loop	quality_fail	509.898ms	ocr=0.7123
20260424T183934464437Z-c2-lite-text-c30-gentle-flow-015-1280x736-s4500	subtle-motion-loop	quality_fail	540.984ms	ocr=0.7615
20260424T183934521841Z-c2-lite-text-static-layout-element-frame-scale-c30-product-layout-r0025-s008-1280x736-s4500	frame-scale-moderate	pass	631.642ms	ocr=0.7580
20260424T183934556364Z-c2-lite-text-c30-gentle-flow-0125-1280x736-s4500	subtle-motion-loop	pass	525.153ms	ocr=0.8545
20260424T184407805047Z-c2-lite-text-static-layout-element-frame-scale-c30-line-batched-r0025-strong-1280x736-s4500	frame-scale-strong	quality_fail	627.692ms	ocr=0.4976
20260424T190559154813Z-c2-lite-glyph-c31-general-flow-0125-edge4-1280x736-s4500	subtle-motion-loop	quality_fail	544.087ms	ocr=0.4679
20260424T190605585385Z-c2-lite-glyph-c31-general-flow-0125-edge8-1280x736-s4500	subtle-motion-loop	quality_fail	584.051ms	ocr=0.7037
20260424T190605918153Z-c2-lite-glyph-c31-general-flow-010-edge4-1280x736-s4500	subtle-motion-loop	pass	894.055ms	ocr=0.8288
20260424T190606166641Z-c2-lite-glyph-c31-general-flow-0125-edge1-1280x736-s4500	subtle-motion-loop	pass	521.440ms	ocr=0.8219
20260424T190612581831Z-c2-lite-text-c31-text-flow-0135-box8-1280x736-s4500	subtle-motion-loop	pass	546.841ms	ocr=0.8440
20260424T190840356745Z-c2-lite-text-c31-text-flow-014-box8-1280x736-s4500	subtle-motion-loop	quality_fail	1274.142ms	ocr=0.7511
20260424T190840784385Z-c2-lite-text-static-layout-element-frame-scale-c31-alpha-layout-r0025-s004-1280x736-s4500	frame-scale-moderate	quality_fail	864.225ms	ocr=0.1860
20260424T190840808715Z-c2-lite-text-c31-text-flow-0125-box12-1280x736-s4500	subtle-motion-loop	pass	562.301ms	ocr=0.8273
20260424T191249508614Z-c2-lite-glyph-c32-general-flow-0125-edge05-1280x736-s4500	subtle-motion-loop	pass	575.076ms	ocr=0.8440
20260424T191249618903Z-c2-lite-glyph-c32-general-flow-0135-edge1-1280x736-s4500	subtle-motion-loop	pass	560.209ms	ocr=0.8519
20260424T191249849883Z-c2-lite-text-c32-text-flow-0145-box8-1280x736-s4500	subtle-motion-loop	quality_fail	557.677ms	ocr=0.7421
20260424T191249851107Z-c2-lite-text-c32-text-flow-0135-box12-1280x736-s4500	subtle-motion-loop	pass	573.293ms	ocr=0.8402
20260424T193446279047Z-c2-lite-glyph-c33-general-flow-014-edge1-1280x736-s4500	subtle-motion-loop	pass	565.333ms	ocr=0.8767
20260424T193447074018Z-c2-lite-glyph-c33-general-flow-0135-edge1-s6000-1280x736-s6000	subtle-motion-loop	quality_fail	563.359ms	ocr=0.8273
20260424T193447084082Z-c2-lite-glyph-c33-general-flow-014-edge05-1280x736-s4500	subtle-motion-loop	pass	559.672ms	ocr=0.8430
20260424T193447159248Z-c2-lite-glyph-c33-general-flow-0135-edge075-1280x736-s4500	subtle-motion-loop	pass	580.600ms	ocr=0.8364
20260424T193447170403Z-c2-lite-glyph-c33-general-flow-0135-edge1-cap24h128-1280x736-s4500	subtle-motion-loop	pass	622.664ms	ocr=0.8479
20260424T193447214046Z-c2-lite-glyph-c33-general-flow-01425-edge1-1280x736-s4500	subtle-motion-loop	quality_fail	570.949ms	ocr=0.7798
20260424T193447214343Z-c2-lite-glyph-c33-general-flow-0135-edge15-1280x736-s4500	subtle-motion-loop	quality_fail	567.832ms	ocr=0.7982
20260424T193447278250Z-c2-lite-glyph-responsive-squeeze-c33-general-responsive-012-edge1-1280x736-s4500	responsive-squeeze	pass	570.907ms	ocr=0.8676
20260424T193448553225Z-c2-lite-text-c33-text-flow-0135-box6-1280x736-s4500	subtle-motion-loop	pass	545.589ms	ocr=0.8479
20260424T193448589362Z-c2-lite-text-c33-text-flow-01375-box8-1280x736-s4500	subtle-motion-loop	quality_fail	586.697ms	ocr=0.7945
20260424T194622252635Z-c2-lite-glyph-c35-control-wiggle-014-edge1-1280x736-s4500	subtle-motion-loop	quality_fail	571.064ms	ocr=0.7854
20260424T194622374702Z-c2-lite-glyph-static-layout-frame-scale-c35-frame-scale-016-edge1-1280x736-s4500	frame-scale-strong	quality_fail	548.567ms	ocr=0.4039
20260424T194622525914Z-c2-lite-glyph-jiggle-c35-viewport-014-edge1-z006-1280x736-s4500	viewport-zoom-pulse	pass	550.121ms	ocr=0.8727
20260424T194622643257Z-c2-lite-glyph-static-layout-frame-scale-c35-frame-scale-008-edge1-1280x736-s4500	frame-scale-moderate	pass	555.382ms	ocr=0.7558
20260424T194622697590Z-c2-lite-glyph-responsive-squeeze-c35-responsive-014-edge1-z006-1280x736-s4500	responsive-squeeze	pass	572.338ms	ocr=0.8597
20260424T194622953055Z-c2-lite-glyph-static-layout-frame-scale-c35-frame-scale-012-edge09-1280x736-s4500	frame-scale-moderate	pass	558.614ms	ocr=0.6636
20260424T194622999636Z-c2-lite-glyph-jiggle-c35-viewport-014-edge1-z014-1280x736-s4500	viewport-zoom-pulse	pass	521.386ms	ocr=0.8664
20260424T194623185615Z-c2-lite-glyph-responsive-squeeze-c35-responsive-016-edge1-z008-1280x736-s4500	responsive-squeeze	pass	562.553ms	ocr=0.8636
20260424T194623277460Z-c2-lite-glyph-jiggle-c35-viewport-014-edge1-z010-1280x736-s4500	viewport-zoom-pulse	pass	561.603ms	ocr=0.8624
20260424T194623361463Z-c2-lite-glyph-static-layout-frame-scale-c35-frame-scale-012-edge1-1280x736-s4500	frame-scale-moderate	pass	596.264ms	ocr=0.5806
20260424T195138593473Z-c2-lite-glyph-static-layout-frame-scale-c36-frame-scale-014-edge09-1280x736-s4500	frame-scale-moderate	pass	547.378ms	ocr=0.5634
20260424T195138605349Z-c2-lite-glyph-static-layout-frame-scale-c36-frame-scale-018-edge05-1280x736-s4500	frame-scale-strong	pass	555.626ms	ocr=0.3925
20260424T195138623761Z-c2-lite-glyph-static-layout-frame-scale-c36-frame-scale-014-edge075-1280x736-s4500	frame-scale-moderate	pass	556.587ms	ocr=0.5505
20260424T195138625188Z-c2-lite-glyph-static-layout-frame-scale-c36-frame-scale-016-edge09-s6000-1280x736-s6000	frame-scale-strong	pass	554.590ms	ocr=0.4607
20260424T195138627909Z-c2-lite-glyph-static-layout-frame-scale-c36-frame-scale-016-edge09-1280x736-s4500	frame-scale-strong	quality_fail	544.929ms	ocr=0.2657
20260424T195138636837Z-c2-lite-glyph-static-layout-frame-scale-c36-frame-scale-014-edge1-1280x736-s4500	frame-scale-moderate	pass	543.993ms	ocr=0.5278
20260424T195138643453Z-c2-lite-glyph-frame-scale-c36-learned-frame-scale-006-flow04-1280x736-s4500	frame-scale-moderate	quality_fail	553.610ms	ocr=0.1215
20260424T195138646118Z-c2-lite-glyph-frame-scale-c36-learned-frame-scale-008-flow05-1280x736-s4500	frame-scale-moderate	quality_fail	547.657ms	ocr=0.0513
20260424T195138647432Z-c2-lite-glyph-static-layout-frame-scale-c36-frame-scale-018-edge075-1280x736-s4500	frame-scale-strong	pass	552.580ms	ocr=0.3689
20260424T195139053165Z-c2-lite-glyph-static-layout-frame-scale-c36-frame-scale-016-edge075-1280x736-s4500	frame-scale-strong	pass	553.084ms	ocr=0.4327
20260424T195856158795Z-c2-lite-glyph-static-layout-frame-scale-c37-frame-scale-0125-edge09-1280x736-s4500	frame-scale-moderate	pass	560.983ms	ocr=0.6573
20260424T195856166267Z-c2-lite-glyph-static-layout-frame-scale-c37-frame-scale-012-edge09-s6000-1280x736-s6000	frame-scale-moderate	pass	541.334ms	ocr=0.6204
20260424T195856172404Z-c2-lite-glyph-static-layout-frame-scale-c37-frame-scale-014-edge075-pan000-1280x736-s4500	frame-scale-moderate	pass	577.247ms	ocr=0.5833
20260424T195856182203Z-c2-lite-glyph-static-layout-frame-scale-c37-frame-scale-014-edge09-s6000-1280x736-s6000	frame-scale-moderate	pass	553.948ms	ocr=0.5860
20260424T195856187345Z-c2-lite-glyph-static-layout-frame-scale-c37-frame-scale-0135-edge09-1280x736-s4500	frame-scale-moderate	quality_fail	594.438ms	ocr=0.4766
20260424T195856197258Z-c2-lite-glyph-static-layout-frame-scale-c37-frame-scale-014-edge075-s6000-1280x736-s6000	frame-scale-moderate	pass	533.535ms	ocr=0.5634
20260424T195856201395Z-c2-lite-glyph-static-layout-frame-scale-c37-frame-scale-016-edge075-s6000-1280x736-s6000	frame-scale-strong	pass	554.838ms	ocr=0.4828
20260424T195856230350Z-c2-lite-glyph-static-layout-frame-scale-c37-frame-scale-014-edge09-pan018-1280x736-s4500	frame-scale-moderate	quality_fail	521.267ms	ocr=0.2937
20260424T195856238673Z-c2-lite-glyph-static-layout-frame-scale-c37-frame-scale-013-edge09-1280x736-s4500	frame-scale-moderate	quality_fail	525.197ms	ocr=0.5110
20260424T195856707993Z-c2-lite-glyph-static-layout-frame-scale-c37-frame-scale-014-edge09-pan000-1280x736-s4500	frame-scale-moderate	quality_fail	554.766ms	ocr=0.5024
20260424T200521382062Z-c2-lite-glyph-static-layout-frame-scale-c38-frame-scale-014-edge09-aa15-1280x736-s4500	frame-scale-moderate	quality_fail	927.921ms	ocr=0.5143
20260424T200521536221Z-c2-lite-glyph-static-layout-frame-scale-c38-frame-scale-014-edge09-aa2-1280x736-s4500	frame-scale-moderate	latency_fail	1456.618ms	ocr=0.6820
20260424T200522358885Z-c2-lite-glyph-static-layout-frame-scale-c38-frame-scale-0125-edge09-freq10-1280x736-s4500	frame-scale-moderate	pass	562.129ms	ocr=0.6912
20260424T200522438415Z-c2-lite-glyph-static-layout-frame-scale-c38-frame-scale-014-edge09-freq10-1280x736-s4500	frame-scale-moderate	quality_fail	568.591ms	ocr=0.4977
20260424T200522598368Z-c2-lite-glyph-static-layout-frame-scale-c38-frame-scale-014-edge09-seed1-1280x736-s4500	frame-scale-moderate	pass	528.082ms	ocr=0.5674
20260424T200523125074Z-c2-lite-glyph-static-layout-frame-scale-c38-frame-scale-0125-edge09-seed1-1280x736-s4500	frame-scale-moderate	pass	547.376ms	ocr=0.6083
20260424T200523177787Z-c2-lite-glyph-static-layout-frame-scale-c38-frame-scale-0125-edge09-cap24h128-1280x736-s4500	frame-scale-moderate	pass	627.711ms	ocr=0.6852
20260424T200523455197Z-c2-lite-glyph-static-layout-frame-scale-c38-frame-scale-0125-edge09-aa15-1280x736-s4500	frame-scale-moderate	quality_fail	1012.228ms	ocr=0.5741
20260424T200523658661Z-c2-lite-glyph-static-layout-frame-scale-c38-frame-scale-014-edge09-cap24h128-1280x736-s4500	frame-scale-moderate	quality_fail	601.116ms	ocr=0.4645
20260424T200523977867Z-c2-lite-glyph-static-layout-frame-scale-c38-frame-scale-016-edge075-aa15-1280x736-s4500	frame-scale-strong	quality_fail	1101.684ms	ocr=0.3758
20260424T201039018288Z-c2-lite-glyph-static-layout-frame-scale-c39-frame-scale-0125-edge09-freq10-aa15-1280x736-s4500	frame-scale-moderate	quality_fail	920.248ms	ocr=0.6574
20260424T201039018420Z-c2-lite-glyph-static-layout-frame-scale-c39-frame-scale-014-edge09-freq10-cap24h128-1280x736-s4500	frame-scale-moderate	pass	646.077ms	ocr=0.5556
20260424T201039031764Z-c2-lite-glyph-static-layout-frame-scale-c39-frame-scale-014-edge09-freq10-s6000-1280x736-s6000	frame-scale-moderate	quality_fail	549.495ms	ocr=0.4025
20260424T201039036598Z-c2-lite-glyph-static-layout-frame-scale-c39-frame-scale-014-edge09-aa175-1280x736-s4500	frame-scale-moderate	pass	1191.003ms	ocr=0.6635
20260424T201039051345Z-c2-lite-glyph-static-layout-frame-scale-c39-frame-scale-0125-edge09-freq10-s6000-1280x736-s6000	frame-scale-moderate	quality_fail	561.935ms	ocr=0.6452
20260424T201039058492Z-c2-lite-glyph-static-layout-frame-scale-c39-frame-scale-0125-edge09-freq10-train1536-1536x864-s5500	frame-scale-moderate	pass	571.260ms	ocr=0.7000
20260424T201039066830Z-c2-lite-glyph-static-layout-frame-scale-c39-frame-scale-014-edge09-aa175-cap24h128-1280x736-s4500	frame-scale-moderate	quality_fail	1356.635ms	ocr=0.5049
20260424T201039080943Z-c2-lite-glyph-static-layout-frame-scale-c39-frame-scale-0125-edge09-freq10-cap24h128-1280x736-s4500	frame-scale-moderate	quality_fail	650.691ms	ocr=0.6204
20260424T201039102790Z-c2-lite-glyph-static-layout-frame-scale-c39-frame-scale-014-edge09-aa175-freq10-1280x736-s4500	frame-scale-moderate	quality_fail	1199.287ms	ocr=0.5488
20260424T201039133519Z-c2-lite-glyph-static-layout-frame-scale-c39-frame-scale-014-edge09-freq10-train1536-1536x864-s5500	frame-scale-moderate	pass	560.830ms	ocr=0.6667
20260424T201700794779Z-c2-lite-glyph-static-layout-frame-scale-c40-frame-scale-0125-edge09-freq10-train1920-1920x1088-s6000	frame-scale-moderate	quality_fail	572.907ms	ocr=0.6606
20260424T201700805586Z-c2-lite-glyph-static-layout-frame-scale-c40-frame-scale-014-edge09-freq12-train1536-1536x864-s5500	frame-scale-moderate	quality_fail	676.950ms	ocr=0.5981
20260424T201700811688Z-c2-lite-glyph-static-layout-frame-scale-c40-frame-scale-014-edge09-freq10-train1536-seed1-1536x864-s5500	frame-scale-moderate	quality_fail	545.267ms	ocr=0.3143
20260424T201700812771Z-c2-lite-glyph-static-layout-frame-scale-c40-frame-scale-014-edge09-freq10-train1920-1920x1088-s6000	frame-scale-moderate	quality_fail	558.166ms	ocr=0.5860
20260424T201700816102Z-c2-lite-glyph-static-layout-frame-scale-c40-frame-scale-0145-edge09-freq10-train1536-1536x864-s5500	frame-scale-moderate	quality_fail	574.298ms	ocr=0.5566
20260424T201700816123Z-c2-lite-glyph-static-layout-frame-scale-c40-frame-scale-014-edge075-freq10-train1536-1536x864-s5500	frame-scale-moderate	quality_fail	580.870ms	ocr=0.5803
20260424T201700825834Z-c2-lite-glyph-static-layout-frame-scale-c40-frame-scale-016-edge09-freq10-train1536-1536x864-s5500	frame-scale-strong	pass	575.939ms	ocr=0.5660
20260424T201700834517Z-c2-lite-glyph-static-layout-frame-scale-c40-frame-scale-0125-edge09-freq12-train1536-1536x864-s5500	frame-scale-moderate	pass	581.957ms	ocr=0.7032
20260424T201700836238Z-c2-lite-glyph-static-layout-frame-scale-c40-frame-scale-0125-edge09-freq10-train1536-seed1-1536x864-s5500	frame-scale-moderate	pass	559.324ms	ocr=0.7222
20260424T201700848726Z-c2-lite-glyph-static-layout-frame-scale-c40-frame-scale-0125-edge075-freq10-train1536-1536x864-s5500	frame-scale-moderate	pass	562.657ms	ocr=0.6972
20260424T202326428456Z-c2-lite-glyph-static-layout-frame-scale-c41-frame-scale-014-edge09-freq10-train1536-lr005-1536x864-s5500	frame-scale-moderate	quality_fail	564.228ms	ocr=0.4571
20260424T202326441159Z-c2-lite-glyph-static-layout-frame-scale-c41-frame-scale-014-edge09-freq12-train1536-seed1-1536x864-s5500	frame-scale-moderate	pass	564.720ms	ocr=0.6452
20260424T202326441295Z-c2-lite-glyph-static-layout-frame-scale-c41-frame-scale-0125-edge09-freq10-train1536-seed3-1536x864-s5500	frame-scale-moderate	quality_fail	563.232ms	ocr=0.6636
20260424T202326441635Z-c2-lite-glyph-static-layout-frame-scale-c41-frame-scale-0125-edge09-freq10-train1536-seed2-1536x864-s5500	frame-scale-moderate	pass	561.222ms	ocr=0.7097
20260424T202326447249Z-c2-lite-glyph-static-layout-frame-scale-c41-frame-scale-016-edge09-freq10-train1536-lr007-1536x864-s5500	frame-scale-strong	pass	563.275ms	ocr=0.5673
20260424T202326449149Z-c2-lite-glyph-static-layout-frame-scale-c41-frame-scale-014-edge09-freq10-train1536-lr007-seed1-1536x864-s5500	frame-scale-moderate	pass	561.626ms	ocr=0.6849
20260424T202326471131Z-c2-lite-glyph-static-layout-frame-scale-c41-frame-scale-014-edge09-freq10-train1536-lr007-1536x864-s5500	frame-scale-moderate	quality_fail	575.461ms	ocr=0.5769
20260424T202326481370Z-c2-lite-glyph-static-layout-frame-scale-c41-frame-scale-014-edge09-freq10-train1536-lr005-seed1-1536x864-s5500	frame-scale-moderate	pass	575.406ms	ocr=0.6419
20260424T202326484417Z-c2-lite-glyph-static-layout-frame-scale-c41-frame-scale-014-edge09-freq10-train1536-seed2-1536x864-s5500	frame-scale-moderate	quality_fail	516.502ms	ocr=0.6083
20260424T202326534337Z-c2-lite-glyph-static-layout-frame-scale-c41-frame-scale-014-edge09-freq10-train1536-seed3-1536x864-s5500	frame-scale-moderate	pass	585.656ms	ocr=0.6267
20260424T203024484340Z-c2-lite-glyph-static-layout-frame-scale-c42-frame-scale-016-edge09-freq10-train1536-lr007-cosine-1536x864-s5500	frame-scale-strong	quality_fail	550.171ms	ocr=0.5395
20260424T203024496670Z-c2-lite-glyph-static-layout-frame-scale-c42-frame-scale-014-edge09-freq10-train1536-clip1-1536x864-s5500	frame-scale-moderate	quality_fail	564.015ms	ocr=0.5650
20260424T203024597035Z-c2-lite-glyph-static-layout-frame-scale-c42-frame-scale-0125-edge09-freq10-train1536-seed3-cosine-1536x864-s5500	frame-scale-moderate	pass	557.783ms	ocr=0.7064
20260424T203024600757Z-c2-lite-glyph-static-layout-frame-scale-c42-frame-scale-014-edge09-freq10-train1536-cosine-seed1-1536x864-s5500	frame-scale-moderate	quality_fail	562.706ms	ocr=0.3834
20260424T203024751979Z-c2-lite-glyph-static-layout-frame-scale-c42-frame-scale-014-edge09-freq10-train1536-clip1-seed1-1536x864-s5500	frame-scale-moderate	pass	565.820ms	ocr=0.6944
20260424T203025041834Z-c2-lite-glyph-static-layout-frame-scale-c42-frame-scale-014-edge09-freq12-train1536-lr007-cosine-1536x864-s5500	frame-scale-moderate	quality_fail	589.680ms	ocr=0.5495
20260424T203025406720Z-c2-lite-glyph-static-layout-frame-scale-c42-frame-scale-014-edge09-freq10-train1536-cosine-1536x864-s5500	frame-scale-moderate	quality_fail	731.012ms	ocr=0.5833
20260424T203025406737Z-c2-lite-glyph-static-layout-frame-scale-c42-frame-scale-014-edge09-freq10-train1536-lr007-cosine-seed1-1536x864-s5500	frame-scale-moderate	quality_fail	554.481ms	ocr=0.6019
20260424T203025523036Z-c2-lite-glyph-static-layout-frame-scale-c42-frame-scale-014-edge09-freq10-train1536-lr007-cosine-1536x864-s5500	frame-scale-moderate	quality_fail	869.496ms	ocr=0.5273
20260424T203025769455Z-c2-lite-glyph-static-layout-frame-scale-c42-frame-scale-014-edge09-freq12-train1536-lr007-cosine-seed1-1536x864-s5500	frame-scale-moderate	pass	583.468ms	ocr=0.6091
20260424T203639902901Z-c2-lite-glyph-static-layout-frame-scale-c43-frame-scale-014-edge09-freq10-train1536-clip05-seed2-1536x864-s5500	frame-scale-moderate	quality_fail	545.259ms	ocr=0.5213
20260424T203639905471Z-c2-lite-glyph-static-layout-frame-scale-c43-frame-scale-014-edge09-freq10-train1536-clip1-seed3-1536x864-s5500	frame-scale-moderate	quality_fail	563.334ms	ocr=0.3553
20260424T203639910964Z-c2-lite-glyph-static-layout-frame-scale-c43-frame-scale-014-edge09-freq10-train1536-clip05-seed1-1536x864-s5500	frame-scale-moderate	pass	846.244ms	ocr=0.6912
20260424T203639915770Z-c2-lite-glyph-static-layout-frame-scale-c43-frame-scale-014-edge09-freq10-train1536-clip05-1536x864-s5500	frame-scale-moderate	pass	566.234ms	ocr=0.7281
20260424T203639918024Z-c2-lite-glyph-static-layout-frame-scale-c43-frame-scale-014-edge09-freq10-train1536-clip2-1536x864-s5500	frame-scale-moderate	pass	559.196ms	ocr=0.6977
20260424T203639934445Z-c2-lite-glyph-static-layout-frame-scale-c43-frame-scale-014-edge09-freq10-train1536-lr007-clip1-1536x864-s5500	frame-scale-moderate	pass	566.807ms	ocr=0.7230
20260424T203639958482Z-c2-lite-glyph-static-layout-frame-scale-c43-frame-scale-014-edge09-freq10-train1536-clip2-seed1-1536x864-s5500	frame-scale-moderate	pass	556.768ms	ocr=0.6759
20260424T203639958498Z-c2-lite-glyph-static-layout-frame-scale-c43-frame-scale-014-edge09-freq10-train1536-lr007-clip1-seed1-1536x864-s5500	frame-scale-moderate	quality_fail	497.728ms	ocr=0.5755
20260424T203639965905Z-c2-lite-glyph-static-layout-frame-scale-c43-frame-scale-014-edge09-freq10-train1536-clip05-seed3-1536x864-s5500	frame-scale-moderate	pass	553.468ms	ocr=0.7156
20260424T203640094922Z-c2-lite-glyph-static-layout-frame-scale-c43-frame-scale-014-edge09-freq10-train1536-clip1-seed2-1536x864-s5500	frame-scale-moderate	pass	570.829ms	ocr=0.7281
20260424T204146610856Z-c2-lite-glyph-c34-general-flow-014-edge1-seed2-1280x736-s4500	subtle-motion-loop	quality_fail	503.775ms	ocr=0.7615
20260424T204146622518Z-c2-lite-glyph-c34-general-flow-0142-edge1-seed0-1280x736-s4500	subtle-motion-loop	pass	552.431ms	ocr=0.7854
20260424T204146630478Z-c2-lite-glyph-c34-general-flow-014-edge1-seed0-1280x736-s4500	subtle-motion-loop	quality_fail	501.988ms	ocr=0.7763
20260424T204146650554Z-c2-lite-glyph-responsive-squeeze-c34-general-responsive-014-edge1-seed0-1280x736-s4500	responsive-squeeze	pass	556.523ms	ocr=0.8818
20260424T204146655839Z-c2-lite-glyph-c34-general-flow-0141-edge1-seed0-1280x736-s4500	subtle-motion-loop	quality_fail	562.595ms	ocr=0.7818
20260424T204146665795Z-c2-lite-glyph-c34-general-flow-014-edge1-seed1-1280x736-s4500	subtle-motion-loop	quality_fail	564.770ms	ocr=0.8165
20260424T204146689527Z-c2-lite-glyph-c34-general-flow-01415-edge1-seed0-1280x736-s4500	subtle-motion-loop	pass	559.832ms	ocr=0.8037
20260424T204146694202Z-c2-lite-glyph-c34-general-flow-014-edge1-seed3-1280x736-s4500	subtle-motion-loop	quality_fail	550.963ms	ocr=0.7964
20260424T204146695230Z-c2-lite-glyph-c34-general-flow-014-edge09-seed0-1280x736-s4500	subtle-motion-loop	quality_fail	563.086ms	ocr=0.7763
20260424T204146715616Z-c2-lite-glyph-jiggle-c34-general-viewport-014-edge1-seed0-1280x736-s4500	viewport-zoom-pulse	pass	551.674ms	ocr=0.8571
20260424T205231421850Z-c2-lite-glyph-static-layout-independent-regions-c44-regions-014-pan030-freq12-clip05-1536x864-s5500	independent-regions-strong	quality_fail	647.597ms	ocr=0.3085
20260424T205231547391Z-c2-lite-glyph-static-layout-independent-regions-c44-regions-010-pan024-clip05-seed1-1536x864-s5500	independent-regions-moderate	quality_fail	634.991ms	ocr=0.5055
20260424T205231702725Z-c2-lite-glyph-static-layout-independent-regions-c44-regions-016-pan036-clip05-1536x864-s5500	independent-regions-strong	quality_fail	840.143ms	ocr=0.4025
20260424T205231711848Z-c2-lite-glyph-static-layout-independent-regions-c44-regions-010-pan024-clip05-1536x864-s5500	independent-regions-moderate	quality_fail	610.633ms	ocr=0.4061
20260424T205231919086Z-c2-lite-glyph-static-layout-independent-regions-c44-regions-010-pan024-clip05-seed2-1536x864-s5500	independent-regions-moderate	quality_fail	637.818ms	ocr=0.4792
20260424T205232024605Z-c2-lite-glyph-static-layout-independent-regions-c44-regions-014-pan030-clip1-1536x864-s5500	independent-regions-strong	quality_fail	1047.912ms	ocr=0.3492
20260424T205232179582Z-c2-lite-glyph-static-layout-independent-regions-c44-regions-010-pan024-freq12-clip05-1536x864-s5500	independent-regions-moderate	quality_fail	664.665ms	ocr=0.4260
20260424T205232202630Z-c2-lite-glyph-static-layout-independent-regions-c44-regions-010-pan024-clip1-1536x864-s5500	independent-regions-moderate	quality_fail	684.891ms	ocr=0.4607
20260424T205232600336Z-c2-lite-glyph-static-layout-independent-regions-c44-regions-006-pan018-clip05-1536x864-s5500	independent-regions-moderate	quality_fail	605.705ms	ocr=0.4469
20260424T205232867951Z-c2-lite-glyph-static-layout-independent-regions-c44-regions-014-pan030-clip05-1536x864-s5500	independent-regions-strong	quality_fail	624.006ms	ocr=0.5000
20260424T210149133376Z-c2-lite-glyph-independent-field-c45-learned-field-008-flow08-1536x864-s5500	independent-field-learned	quality_fail	565.164ms	ocr=0.2289
20260424T210149155525Z-c2-lite-glyph-independent-field-c45-learned-field-006-flow06-clip05-1536x864-s5500	independent-field-learned	quality_fail	548.541ms	ocr=0.5688
20260424T210149185798Z-c2-lite-glyph-static-layout-independent-field-c45-field-014-pan030-clip05-1536x864-s5500	independent-regions-strong	quality_fail	593.162ms	ocr=0.6912
20260424T210149392673Z-c2-lite-glyph-static-layout-independent-field-c45-field-006-pan018-clip05-1536x864-s5500	independent-regions-moderate	quality_fail	581.335ms	ocr=0.7892
20260424T210149412738Z-c2-lite-glyph-independent-field-c45-learned-field-006-flow06-freq12-clip05-1536x864-s5500	independent-field-learned	quality_fail	512.876ms	ocr=0.6036
20260424T210149490194Z-c2-lite-glyph-independent-field-c45-learned-field-004-flow04-1536x864-s5500	independent-field-learned	quality_fail	548.702ms	ocr=0.6393
20260424T210149530881Z-c2-lite-glyph-static-layout-independent-field-c45-field-014-pan036-clip05-1536x864-s5500	independent-regions-strong	quality_fail	588.279ms	ocr=0.6912
20260424T210149594507Z-c2-lite-glyph-independent-field-c45-learned-field-006-flow06-1536x864-s5500	independent-field-learned	quality_fail	562.516ms	ocr=0.6161
20260424T210149614587Z-c2-lite-glyph-static-layout-independent-field-c45-field-010-pan024-clip05-seed1-1536x864-s5500	independent-regions-moderate	quality_fail	601.358ms	ocr=0.8165
20260424T210149733451Z-c2-lite-glyph-static-layout-independent-field-c45-field-010-pan024-clip05-1536x864-s5500	independent-regions-moderate	quality_fail	584.763ms	ocr=0.7818
20260424T211157654547Z-c2-lite-glyph-static-layout-independent-translate-c46-translate-pan060-freq12-clip05-1536x864-s5500	independent-translation-strong	quality_fail	608.441ms	ocr=0.4977
20260424T211157660917Z-c2-lite-glyph-static-layout-independent-translate-c46-translate-pan075-clip05-1536x864-s5500	independent-translation-strong	quality_fail	905.745ms	ocr=0.4375
20260424T211157893433Z-c2-lite-glyph-static-layout-independent-translate-c46-translate-pan045-clip05-1536x864-s5500	independent-translation-moderate	quality_fail	575.381ms	ocr=0.6606
20260424T211157899371Z-c2-lite-glyph-static-layout-independent-translate-c46-translate-pan060-clip05-1536x864-s5500	independent-translation-strong	quality_fail	603.130ms	ocr=0.4700
20260424T211158020118Z-c2-lite-glyph-independent-translate-c46-learned-translate-004-s7000-1536x864-s7000	independent-translation-learned	quality_fail	627.167ms	ocr=0.3892
20260424T211158316445Z-c2-lite-glyph-static-layout-independent-translate-c46-translate-pan075-clip05-seed1-1536x864-s5500	independent-translation-strong	quality_fail	580.437ms	ocr=0.3385
20260424T211158390585Z-c2-lite-glyph-independent-translate-c46-learned-translate-006-s7000-1536x864-s7000	independent-translation-learned	quality_fail	516.280ms	ocr=0.3140
20260424T211158662431Z-c2-lite-glyph-independent-translate-c46-learned-translate-008-s7000-1536x864-s7000	independent-translation-learned	quality_fail	558.853ms	ocr=0.1707
20260424T211158691057Z-c2-lite-glyph-static-layout-independent-translate-c46-translate-pan090-clip05-1536x864-s5500	independent-translation-strong	quality_fail	586.274ms	ocr=0.2347
20260424T211159137230Z-c2-lite-glyph-static-layout-independent-translate-c46-translate-pan030-clip05-1536x864-s5500	independent-translation-moderate	quality_fail	572.905ms	ocr=0.6948
20260424T221426786744Z-c2-lite-text-layout-reflow-c47-layout-reflow-100-textw-s9000-1536x864-s9000	layout-reflow-learned	pass	573.198ms	ocr=0.4025
20260424T221427468967Z-c2-lite-glyph-layout-reflow-c47-layout-reflow-100-c32h160-s10000-1536x864-s10000	layout-reflow-learned	pass	620.732ms	ocr=0.5193
20260424T221427877561Z-c2-lite-glyph-layout-reflow-c47-layout-reflow-100-s9000-1536x864-s9000	layout-reflow-learned	pass	550.950ms	ocr=0.3660
20260424T221428606391Z-c2-lite-glyph-layout-reflow-c47-layout-reflow-100-c24h128-s9000-1536x864-s9000	layout-reflow-learned	pass	639.189ms	ocr=0.3709
20260424T221428914756Z-c2-lite-glyph-layout-reflow-c47-layout-reflow-085-s9000-1536x864-s9000	layout-reflow-learned	pass	559.702ms	ocr=0.4663
20260424T221429061044Z-c2-lite-glyph-layout-reflow-c47-layout-reflow-100-cosine-s10000-1536x864-s10000	layout-reflow-learned	pass	563.481ms	ocr=0.4025
20260424T221429920318Z-c2-lite-glyph-layout-reflow-c47-layout-reflow-070-s9000-1536x864-s9000	layout-reflow-learned	quality_fail	583.513ms	ocr=0.3043
20260424T221429980117Z-c2-lite-glyph-layout-reflow-c47-layout-reflow-100-lr007-s10000-1536x864-s10000	layout-reflow-learned	pass	570.260ms	ocr=0.4422
20260424T221430823861Z-c2-lite-text-layout-reflow-c47-layout-reflow-100-textw-c24h128-s10000-1536x864-s10000	layout-reflow-learned	quality_fail	622.839ms	ocr=0.3867
20260424T221430931866Z-c2-lite-glyph-layout-reflow-c47-layout-reflow-100-freq12-s9000-1536x864-s9000	layout-reflow-learned	pass	586.481ms	ocr=0.4403
20260424T221942834445Z-c2-lite-glyph-independent-sprite-translate-c47-sprite-translate-004-c24h128-s9000-1536x864-s9000	independent-sprite-translation-learned	quality_fail	569.958ms	ocr=0.2069
20260424T221942904851Z-c2-lite-glyph-independent-sprite-translate-c47-sprite-translate-0035-s9000-1536x864-s9000	independent-sprite-translation-learned	quality_fail	564.705ms	ocr=0.1497
20260424T221942950432Z-c2-lite-glyph-independent-translate-c47-learned-translate-004-s9000-1536x864-s9000	independent-translation-learned	quality_fail	573.681ms	ocr=0.2738
20260424T221943036905Z-c2-lite-glyph-independent-translate-c47-learned-translate-004-c24h128-s9000-1536x864-s9000	independent-translation-learned	pass	623.989ms	ocr=0.4100
20260424T221943074617Z-c2-lite-glyph-independent-sprite-translate-c47-sprite-translate-004-s9000-1536x864-s9000	independent-sprite-translation-learned	quality_fail	730.593ms	ocr=0.1783
20260424T221943083396Z-c2-lite-glyph-static-layout-independent-translate-c47-translate-pan040-clip05-1536x864-s5500	independent-translation-moderate	pass	572.283ms	ocr=0.6697
20260424T221943084480Z-c2-lite-glyph-independent-translate-c47-learned-translate-0045-s9000-1536x864-s9000	independent-translation-learned	quality_fail	556.862ms	ocr=0.3229
20260424T221943383795Z-c2-lite-glyph-independent-translate-c47-learned-translate-0035-s9000-1536x864-s9000	independent-translation-learned	quality_fail	565.408ms	ocr=0.5222
20260424T221943694545Z-c2-lite-text-independent-translate-c47-learned-translate-004-textw-s9000-1536x864-s9000	independent-translation-learned	pass	829.396ms	ocr=0.4456
20260424T221944078466Z-c2-lite-text-independent-sprite-translate-c47-sprite-translate-004-textw-s9000-1536x864-s9000	independent-sprite-translation-learned	quality_fail	569.091ms	ocr=0.1067
20260424T225858617928Z-c2-lite-glyph-layout-reflow-c48-layout-reflow-100-c32h160-cosine-s12000-1536x864-s12000	layout-reflow-learned	quality_fail	717.772ms	ocr=0.4151
20260424T225858703493Z-c2-lite-glyph-layout-reflow-c48-layout-reflow-100-train1920-c24h128-s10000-1920x1088-s10000	layout-reflow-learned	quality_fail	634.374ms	ocr=0.4739
20260424T225858914575Z-c2-lite-glyph-layout-reflow-c48-layout-reflow-100-train1920-c32h160-s10000-1920x1088-s10000	layout-reflow-learned	quality_fail	706.145ms	ocr=0.4706
20260424T225858925669Z-c2-lite-glyph-layout-reflow-c48-layout-reflow-100-c32h160-lr007-s12000-1536x864-s12000	layout-reflow-learned	quality_fail	623.097ms	ocr=0.4557
20260424T225859003863Z-c2-lite-glyph-layout-reflow-c48-layout-reflow-100-c32h160-edge16-s12000-1536x864-s12000	layout-reflow-learned	quality_fail	700.160ms	ocr=0.4455
20260424T225859166966Z-c2-lite-text-layout-reflow-c48-layout-reflow-100-c32h160-textw-s12000-1536x864-s12000	layout-reflow-learned	quality_fail	751.085ms	ocr=0.4277
20260424T225859348206Z-c2-lite-glyph-layout-reflow-c48-layout-reflow-100-c40h192-s12000-1536x864-s12000	layout-reflow-learned	quality_fail	818.575ms	ocr=0.4025
20260424T225859430335Z-c2-lite-glyph-layout-reflow-c48-layout-reflow-100-c32h160-s12000-1536x864-s12000	layout-reflow-learned	quality_fail	708.337ms	ocr=0.4528
20260424T225859481792Z-c2-lite-glyph-layout-reflow-c48-layout-reflow-100-c32h160-freq12-s12000-1536x864-s12000	layout-reflow-learned	quality_fail	727.767ms	ocr=0.4079
20260424T225859712097Z-c2-lite-text-layout-reflow-c48-layout-reflow-100-textw-strong-s11000-1536x864-s11000	layout-reflow-learned	quality_fail	581.194ms	ocr=0.4444
WROTE docs/experiments/track-c/eval-results.tsv
