20260424T141533Z-c0-canvas-960x544-s1500	still-full-resize	quality_fail	364.071ms	ocr=0.7397
20260424T141858Z-c0-canvas-960x544-s5000	still-full-resize	quality_fail	396.555ms	ocr=0.7281
20260424T142739Z-c2-lite-960x544-s3000	still-full-resize	quality_fail	530.142ms	ocr=0.8326
20260424T145821Z-c2-lite-glyph-960x544-s4000	still-full-resize	quality_fail	567.599ms	ocr=0.8288
20260424T151017Z-c2-lite-text-1280x736-s4500	still-full-resize	pass	935.276ms	ocr=0.8545
20260424T152249Z-c2-lite-text-frame-scale-1280x736-s4500	frame-scale-strong	quality_fail	553.306ms	ocr=0.0000
20260424T152418Z-c2-lite-text-frame-scale-1280x736-s4500	frame-scale-moderate	quality_fail	558.141ms	ocr=0.1053
20260424T153539Z-c2-lite-text-static-layout-frame-scale-1280x736-s4500	frame-scale-moderate	pass	541.976ms	ocr=0.7091
20260424T153736Z-c2-lite-text-static-layout-frame-scale-1280x736-s4500	frame-scale-strong	pass	559.048ms	ocr=0.3610
20260424T155703Z-c2-lite-text-static-layout-element-frame-scale-1280x736-s4500	frame-scale-moderate	pass	686.369ms	ocr=0.7321
20260424T155913Z-c2-lite-text-static-layout-element-frame-scale-1280x736-s4500	frame-scale-strong	pass	947.475ms	ocr=0.4124
20260424T165342Z-c2-lite-text-responsive-squeeze-1280x736-s4500	responsive-squeeze	pass	575.923ms	ocr=0.7265
20260424T165342Z-c2-lite-text-static-layout-element-frame-scale-1536x864-s5500	frame-scale-strong	quality_fail	678.824ms	ocr=0.0824
20260424T165508Z-c2-lite-text-static-layout-element-frame-scale-1280x736-s4500	frame-scale-strong	quality_fail	654.193ms	ocr=0.0982
20260424T165529Z-c2-lite-text-static-layout-element-frame-scale-1280x736-s4500	frame-scale-strong	quality_fail	655.405ms	ocr=0.0468
20260424T165916796904Z-c2-lite-text-static-layout-element-frame-scale-c25-alpha-r000-1280x736-s4500	frame-scale-strong	quality_fail	658.768ms	ocr=0.0759
20260424T165916869371Z-c2-lite-text-static-layout-element-frame-scale-c25-alpha-r025-1280x736-s4500	frame-scale-strong	quality_fail	710.178ms	ocr=0.0597
20260424T165916871669Z-c2-lite-text-static-layout-element-frame-scale-c25-alpha-moderate-r010-1280x736-s4500	frame-scale-moderate	quality_fail	655.525ms	ocr=0.1183
20260424T170416744300Z-c2-lite-text-responsive-squeeze-c25-responsive-strong-1280x736-s4500	responsive-squeeze	pass	547.337ms	ocr=0.4178
20260424T170416775674Z-c2-lite-text-static-layout-element-frame-scale-c25-rectangle-r010-1280x736-s4500	frame-scale-strong	pass	669.494ms	ocr=0.4195
20260424T174025843756Z-c2-lite-text-static-layout-element-frame-scale-c26-word-rect-moderate-r010-1280x736-s4500	frame-scale-moderate	latency_fail	3290.873ms	ocr=0.5438
20260424T174026078431Z-c2-lite-text-static-layout-element-frame-scale-c26-word-rect-r010-1280x736-s4500	frame-scale-strong	quality_fail	3698.959ms	ocr=0.1143
20260424T174026360652Z-c2-lite-text-static-layout-element-frame-scale-c26-line-rect-r005-1280x736-s4500	frame-scale-strong	pass	655.300ms	ocr=0.5243
20260424T174558341805Z-c2-lite-text-responsive-squeeze-c26-responsive-xstrong-1280x736-s4500	responsive-squeeze	quality_fail	555.266ms	ocr=0.2000
20260424T181541437774Z-c2-lite-text-static-layout-element-frame-scale-c27-line-rect-r005-pad2-1280x736-s4500	frame-scale-strong	pass	603.633ms	ocr=0.3673
20260424T181541511063Z-c2-lite-text-static-layout-element-frame-scale-c27-line-rect-r0075-1280x736-s4500	frame-scale-strong	pass	650.038ms	ocr=0.3981
20260424T181541520698Z-c2-lite-text-static-layout-element-frame-scale-c27-line-rect-r0025-1280x736-s4500	frame-scale-strong	pass	841.603ms	ocr=0.7097
20260424T182043179568Z-c2-lite-text-static-layout-element-frame-scale-c27-line-rect-r005-pad6-1280x736-s4500	frame-scale-strong	quality_fail	673.498ms	ocr=0.2673
20260424T182043479928Z-c2-lite-text-responsive-squeeze-c27-responsive-018-1280x736-s4500	responsive-squeeze	pass	577.817ms	ocr=0.3277
20260424T182113089373Z-c2-lite-text-static-layout-element-frame-scale-c28-word-batched-r010-1280x736-s4500	frame-scale-strong	quality_fail	671.715ms	ocr=0.1135
20260424T182614717341Z-c2-lite-text-static-layout-element-frame-scale-c28-word-batched-moderate-r010-1280x736-s4500	frame-scale-moderate	pass	647.643ms	ocr=0.5505
20260424T182614814241Z-c2-lite-text-static-layout-element-frame-scale-c28-line-batched-r005-1280x736-s4500	frame-scale-strong	pass	641.167ms	ocr=0.4928
20260424T183608003876Z-c2-lite-text-c29-gentle-flow-010-1280x736-s4500	subtle-motion-loop	pass	548.963ms	ocr=0.8402
20260424T183608005020Z-c2-lite-text-static-layout-element-frame-scale-c29-product-layout-r0025-1280x736-s4500	frame-scale-moderate	pass	627.449ms	ocr=0.7713
20260424T183608071937Z-c2-lite-text-c29-gentle-flow-020-1280x736-s4500	subtle-motion-loop	quality_fail	509.898ms	ocr=0.7123
20260424T183934464437Z-c2-lite-text-c30-gentle-flow-015-1280x736-s4500	subtle-motion-loop	quality_fail	540.984ms	ocr=0.7615
20260424T183934521841Z-c2-lite-text-static-layout-element-frame-scale-c30-product-layout-r0025-s008-1280x736-s4500	frame-scale-moderate	pass	631.642ms	ocr=0.7580
20260424T183934556364Z-c2-lite-text-c30-gentle-flow-0125-1280x736-s4500	subtle-motion-loop	pass	525.153ms	ocr=0.8545
20260424T184407805047Z-c2-lite-text-static-layout-element-frame-scale-c30-line-batched-r0025-strong-1280x736-s4500	frame-scale-strong	quality_fail	627.692ms	ocr=0.4976
20260424T190559154813Z-c2-lite-glyph-c31-general-flow-0125-edge4-1280x736-s4500	subtle-motion-loop	quality_fail	544.087ms	ocr=0.4679
20260424T190605585385Z-c2-lite-glyph-c31-general-flow-0125-edge8-1280x736-s4500	subtle-motion-loop	quality_fail	584.051ms	ocr=0.7037
20260424T190605918153Z-c2-lite-glyph-c31-general-flow-010-edge4-1280x736-s4500	subtle-motion-loop	pass	894.055ms	ocr=0.8288
20260424T190606166641Z-c2-lite-glyph-c31-general-flow-0125-edge1-1280x736-s4500	subtle-motion-loop	pass	521.440ms	ocr=0.8219
20260424T190612581831Z-c2-lite-text-c31-text-flow-0135-box8-1280x736-s4500	subtle-motion-loop	pass	546.841ms	ocr=0.8440
20260424T190840356745Z-c2-lite-text-c31-text-flow-014-box8-1280x736-s4500	subtle-motion-loop	quality_fail	1274.142ms	ocr=0.7511
20260424T190840784385Z-c2-lite-text-static-layout-element-frame-scale-c31-alpha-layout-r0025-s004-1280x736-s4500	frame-scale-moderate	quality_fail	864.225ms	ocr=0.1860
20260424T190840808715Z-c2-lite-text-c31-text-flow-0125-box12-1280x736-s4500	subtle-motion-loop	pass	562.301ms	ocr=0.8273
20260424T191249508614Z-c2-lite-glyph-c32-general-flow-0125-edge05-1280x736-s4500	subtle-motion-loop	pass	575.076ms	ocr=0.8440
20260424T191249618903Z-c2-lite-glyph-c32-general-flow-0135-edge1-1280x736-s4500	subtle-motion-loop	pass	560.209ms	ocr=0.8519
20260424T191249849883Z-c2-lite-text-c32-text-flow-0145-box8-1280x736-s4500	subtle-motion-loop	quality_fail	557.677ms	ocr=0.7421
20260424T191249851107Z-c2-lite-text-c32-text-flow-0135-box12-1280x736-s4500	subtle-motion-loop	pass	573.293ms	ocr=0.8402
20260424T193446279047Z-c2-lite-glyph-c33-general-flow-014-edge1-1280x736-s4500	subtle-motion-loop	pass	565.333ms	ocr=0.8767
20260424T193447074018Z-c2-lite-glyph-c33-general-flow-0135-edge1-s6000-1280x736-s6000	subtle-motion-loop	quality_fail	563.359ms	ocr=0.8273
20260424T193447084082Z-c2-lite-glyph-c33-general-flow-014-edge05-1280x736-s4500	subtle-motion-loop	pass	559.672ms	ocr=0.8430
20260424T193447159248Z-c2-lite-glyph-c33-general-flow-0135-edge075-1280x736-s4500	subtle-motion-loop	pass	580.600ms	ocr=0.8364
20260424T193447170403Z-c2-lite-glyph-c33-general-flow-0135-edge1-cap24h128-1280x736-s4500	subtle-motion-loop	pass	622.664ms	ocr=0.8479
20260424T193447214046Z-c2-lite-glyph-c33-general-flow-01425-edge1-1280x736-s4500	subtle-motion-loop	quality_fail	570.949ms	ocr=0.7798
20260424T193447214343Z-c2-lite-glyph-c33-general-flow-0135-edge15-1280x736-s4500	subtle-motion-loop	quality_fail	567.832ms	ocr=0.7982
20260424T193447278250Z-c2-lite-glyph-responsive-squeeze-c33-general-responsive-012-edge1-1280x736-s4500	responsive-squeeze	pass	570.907ms	ocr=0.8676
20260424T193448553225Z-c2-lite-text-c33-text-flow-0135-box6-1280x736-s4500	subtle-motion-loop	pass	545.589ms	ocr=0.8479
20260424T193448589362Z-c2-lite-text-c33-text-flow-01375-box8-1280x736-s4500	subtle-motion-loop	quality_fail	586.697ms	ocr=0.7945
20260424T194622252635Z-c2-lite-glyph-c35-control-wiggle-014-edge1-1280x736-s4500	subtle-motion-loop	quality_fail	571.064ms	ocr=0.7854
20260424T194622374702Z-c2-lite-glyph-static-layout-frame-scale-c35-frame-scale-016-edge1-1280x736-s4500	frame-scale-strong	quality_fail	548.567ms	ocr=0.4039
20260424T194622525914Z-c2-lite-glyph-jiggle-c35-viewport-014-edge1-z006-1280x736-s4500	viewport-zoom-pulse	pass	550.121ms	ocr=0.8727
20260424T194622643257Z-c2-lite-glyph-static-layout-frame-scale-c35-frame-scale-008-edge1-1280x736-s4500	frame-scale-moderate	pass	555.382ms	ocr=0.7558
20260424T194622697590Z-c2-lite-glyph-responsive-squeeze-c35-responsive-014-edge1-z006-1280x736-s4500	responsive-squeeze	pass	572.338ms	ocr=0.8597
20260424T194622953055Z-c2-lite-glyph-static-layout-frame-scale-c35-frame-scale-012-edge09-1280x736-s4500	frame-scale-moderate	pass	558.614ms	ocr=0.6636
20260424T194622999636Z-c2-lite-glyph-jiggle-c35-viewport-014-edge1-z014-1280x736-s4500	viewport-zoom-pulse	pass	521.386ms	ocr=0.8664
20260424T194623185615Z-c2-lite-glyph-responsive-squeeze-c35-responsive-016-edge1-z008-1280x736-s4500	responsive-squeeze	pass	562.553ms	ocr=0.8636
20260424T194623277460Z-c2-lite-glyph-jiggle-c35-viewport-014-edge1-z010-1280x736-s4500	viewport-zoom-pulse	pass	561.603ms	ocr=0.8624
20260424T194623361463Z-c2-lite-glyph-static-layout-frame-scale-c35-frame-scale-012-edge1-1280x736-s4500	frame-scale-moderate	pass	596.264ms	ocr=0.5806
20260424T195138593473Z-c2-lite-glyph-static-layout-frame-scale-c36-frame-scale-014-edge09-1280x736-s4500	frame-scale-moderate	pass	547.378ms	ocr=0.5634
20260424T195138605349Z-c2-lite-glyph-static-layout-frame-scale-c36-frame-scale-018-edge05-1280x736-s4500	frame-scale-strong	pass	555.626ms	ocr=0.3925
20260424T195138623761Z-c2-lite-glyph-static-layout-frame-scale-c36-frame-scale-014-edge075-1280x736-s4500	frame-scale-moderate	pass	556.587ms	ocr=0.5505
20260424T195138625188Z-c2-lite-glyph-static-layout-frame-scale-c36-frame-scale-016-edge09-s6000-1280x736-s6000	frame-scale-strong	pass	554.590ms	ocr=0.4607
20260424T195138627909Z-c2-lite-glyph-static-layout-frame-scale-c36-frame-scale-016-edge09-1280x736-s4500	frame-scale-strong	quality_fail	544.929ms	ocr=0.2657
20260424T195138636837Z-c2-lite-glyph-static-layout-frame-scale-c36-frame-scale-014-edge1-1280x736-s4500	frame-scale-moderate	pass	543.993ms	ocr=0.5278
20260424T195138643453Z-c2-lite-glyph-frame-scale-c36-learned-frame-scale-006-flow04-1280x736-s4500	frame-scale-moderate	quality_fail	553.610ms	ocr=0.1215
20260424T195138646118Z-c2-lite-glyph-frame-scale-c36-learned-frame-scale-008-flow05-1280x736-s4500	frame-scale-moderate	quality_fail	547.657ms	ocr=0.0513
20260424T195138647432Z-c2-lite-glyph-static-layout-frame-scale-c36-frame-scale-018-edge075-1280x736-s4500	frame-scale-strong	pass	552.580ms	ocr=0.3689
20260424T195139053165Z-c2-lite-glyph-static-layout-frame-scale-c36-frame-scale-016-edge075-1280x736-s4500	frame-scale-strong	pass	553.084ms	ocr=0.4327
20260424T195856158795Z-c2-lite-glyph-static-layout-frame-scale-c37-frame-scale-0125-edge09-1280x736-s4500	frame-scale-moderate	pass	560.983ms	ocr=0.6573
20260424T195856166267Z-c2-lite-glyph-static-layout-frame-scale-c37-frame-scale-012-edge09-s6000-1280x736-s6000	frame-scale-moderate	pass	541.334ms	ocr=0.6204
20260424T195856172404Z-c2-lite-glyph-static-layout-frame-scale-c37-frame-scale-014-edge075-pan000-1280x736-s4500	frame-scale-moderate	pass	577.247ms	ocr=0.5833
20260424T195856182203Z-c2-lite-glyph-static-layout-frame-scale-c37-frame-scale-014-edge09-s6000-1280x736-s6000	frame-scale-moderate	pass	553.948ms	ocr=0.5860
20260424T195856187345Z-c2-lite-glyph-static-layout-frame-scale-c37-frame-scale-0135-edge09-1280x736-s4500	frame-scale-moderate	quality_fail	594.438ms	ocr=0.4766
20260424T195856197258Z-c2-lite-glyph-static-layout-frame-scale-c37-frame-scale-014-edge075-s6000-1280x736-s6000	frame-scale-moderate	pass	533.535ms	ocr=0.5634
20260424T195856201395Z-c2-lite-glyph-static-layout-frame-scale-c37-frame-scale-016-edge075-s6000-1280x736-s6000	frame-scale-strong	pass	554.838ms	ocr=0.4828
20260424T195856230350Z-c2-lite-glyph-static-layout-frame-scale-c37-frame-scale-014-edge09-pan018-1280x736-s4500	frame-scale-moderate	quality_fail	521.267ms	ocr=0.2937
20260424T195856238673Z-c2-lite-glyph-static-layout-frame-scale-c37-frame-scale-013-edge09-1280x736-s4500	frame-scale-moderate	quality_fail	525.197ms	ocr=0.5110
20260424T195856707993Z-c2-lite-glyph-static-layout-frame-scale-c37-frame-scale-014-edge09-pan000-1280x736-s4500	frame-scale-moderate	quality_fail	554.766ms	ocr=0.5024
20260424T200521382062Z-c2-lite-glyph-static-layout-frame-scale-c38-frame-scale-014-edge09-aa15-1280x736-s4500	frame-scale-moderate	quality_fail	927.921ms	ocr=0.5143
20260424T200521536221Z-c2-lite-glyph-static-layout-frame-scale-c38-frame-scale-014-edge09-aa2-1280x736-s4500	frame-scale-moderate	latency_fail	1456.618ms	ocr=0.6820
20260424T200522358885Z-c2-lite-glyph-static-layout-frame-scale-c38-frame-scale-0125-edge09-freq10-1280x736-s4500	frame-scale-moderate	pass	562.129ms	ocr=0.6912
20260424T200522438415Z-c2-lite-glyph-static-layout-frame-scale-c38-frame-scale-014-edge09-freq10-1280x736-s4500	frame-scale-moderate	quality_fail	568.591ms	ocr=0.4977
20260424T200522598368Z-c2-lite-glyph-static-layout-frame-scale-c38-frame-scale-014-edge09-seed1-1280x736-s4500	frame-scale-moderate	pass	528.082ms	ocr=0.5674
20260424T200523125074Z-c2-lite-glyph-static-layout-frame-scale-c38-frame-scale-0125-edge09-seed1-1280x736-s4500	frame-scale-moderate	pass	547.376ms	ocr=0.6083
20260424T200523177787Z-c2-lite-glyph-static-layout-frame-scale-c38-frame-scale-0125-edge09-cap24h128-1280x736-s4500	frame-scale-moderate	pass	627.711ms	ocr=0.6852
20260424T200523455197Z-c2-lite-glyph-static-layout-frame-scale-c38-frame-scale-0125-edge09-aa15-1280x736-s4500	frame-scale-moderate	quality_fail	1012.228ms	ocr=0.5741
20260424T200523658661Z-c2-lite-glyph-static-layout-frame-scale-c38-frame-scale-014-edge09-cap24h128-1280x736-s4500	frame-scale-moderate	quality_fail	601.116ms	ocr=0.4645
20260424T200523977867Z-c2-lite-glyph-static-layout-frame-scale-c38-frame-scale-016-edge075-aa15-1280x736-s4500	frame-scale-strong	quality_fail	1101.684ms	ocr=0.3758
20260424T201039018288Z-c2-lite-glyph-static-layout-frame-scale-c39-frame-scale-0125-edge09-freq10-aa15-1280x736-s4500	frame-scale-moderate	quality_fail	920.248ms	ocr=0.6574
20260424T201039018420Z-c2-lite-glyph-static-layout-frame-scale-c39-frame-scale-014-edge09-freq10-cap24h128-1280x736-s4500	frame-scale-moderate	pass	646.077ms	ocr=0.5556
20260424T201039031764Z-c2-lite-glyph-static-layout-frame-scale-c39-frame-scale-014-edge09-freq10-s6000-1280x736-s6000	frame-scale-moderate	quality_fail	549.495ms	ocr=0.4025
20260424T201039036598Z-c2-lite-glyph-static-layout-frame-scale-c39-frame-scale-014-edge09-aa175-1280x736-s4500	frame-scale-moderate	pass	1191.003ms	ocr=0.6635
20260424T201039051345Z-c2-lite-glyph-static-layout-frame-scale-c39-frame-scale-0125-edge09-freq10-s6000-1280x736-s6000	frame-scale-moderate	quality_fail	561.935ms	ocr=0.6452
20260424T201039058492Z-c2-lite-glyph-static-layout-frame-scale-c39-frame-scale-0125-edge09-freq10-train1536-1536x864-s5500	frame-scale-moderate	pass	571.260ms	ocr=0.7000
20260424T201039066830Z-c2-lite-glyph-static-layout-frame-scale-c39-frame-scale-014-edge09-aa175-cap24h128-1280x736-s4500	frame-scale-moderate	quality_fail	1356.635ms	ocr=0.5049
20260424T201039080943Z-c2-lite-glyph-static-layout-frame-scale-c39-frame-scale-0125-edge09-freq10-cap24h128-1280x736-s4500	frame-scale-moderate	quality_fail	650.691ms	ocr=0.6204
20260424T201039102790Z-c2-lite-glyph-static-layout-frame-scale-c39-frame-scale-014-edge09-aa175-freq10-1280x736-s4500	frame-scale-moderate	quality_fail	1199.287ms	ocr=0.5488
20260424T201039133519Z-c2-lite-glyph-static-layout-frame-scale-c39-frame-scale-014-edge09-freq10-train1536-1536x864-s5500	frame-scale-moderate	pass	560.830ms	ocr=0.6667
20260424T201700794779Z-c2-lite-glyph-static-layout-frame-scale-c40-frame-scale-0125-edge09-freq10-train1920-1920x1088-s6000	frame-scale-moderate	quality_fail	572.907ms	ocr=0.6606
20260424T201700805586Z-c2-lite-glyph-static-layout-frame-scale-c40-frame-scale-014-edge09-freq12-train1536-1536x864-s5500	frame-scale-moderate	quality_fail	676.950ms	ocr=0.5981
20260424T201700811688Z-c2-lite-glyph-static-layout-frame-scale-c40-frame-scale-014-edge09-freq10-train1536-seed1-1536x864-s5500	frame-scale-moderate	quality_fail	545.267ms	ocr=0.3143
20260424T201700812771Z-c2-lite-glyph-static-layout-frame-scale-c40-frame-scale-014-edge09-freq10-train1920-1920x1088-s6000	frame-scale-moderate	quality_fail	558.166ms	ocr=0.5860
20260424T201700816102Z-c2-lite-glyph-static-layout-frame-scale-c40-frame-scale-0145-edge09-freq10-train1536-1536x864-s5500	frame-scale-moderate	quality_fail	574.298ms	ocr=0.5566
20260424T201700816123Z-c2-lite-glyph-static-layout-frame-scale-c40-frame-scale-014-edge075-freq10-train1536-1536x864-s5500	frame-scale-moderate	quality_fail	580.870ms	ocr=0.5803
20260424T201700825834Z-c2-lite-glyph-static-layout-frame-scale-c40-frame-scale-016-edge09-freq10-train1536-1536x864-s5500	frame-scale-strong	pass	575.939ms	ocr=0.5660
20260424T201700834517Z-c2-lite-glyph-static-layout-frame-scale-c40-frame-scale-0125-edge09-freq12-train1536-1536x864-s5500	frame-scale-moderate	pass	581.957ms	ocr=0.7032
20260424T201700836238Z-c2-lite-glyph-static-layout-frame-scale-c40-frame-scale-0125-edge09-freq10-train1536-seed1-1536x864-s5500	frame-scale-moderate	pass	559.324ms	ocr=0.7222
20260424T201700848726Z-c2-lite-glyph-static-layout-frame-scale-c40-frame-scale-0125-edge075-freq10-train1536-1536x864-s5500	frame-scale-moderate	pass	562.657ms	ocr=0.6972
20260424T202326428456Z-c2-lite-glyph-static-layout-frame-scale-c41-frame-scale-014-edge09-freq10-train1536-lr005-1536x864-s5500	frame-scale-moderate	quality_fail	564.228ms	ocr=0.4571
20260424T202326441159Z-c2-lite-glyph-static-layout-frame-scale-c41-frame-scale-014-edge09-freq12-train1536-seed1-1536x864-s5500	frame-scale-moderate	pass	564.720ms	ocr=0.6452
20260424T202326441295Z-c2-lite-glyph-static-layout-frame-scale-c41-frame-scale-0125-edge09-freq10-train1536-seed3-1536x864-s5500	frame-scale-moderate	quality_fail	563.232ms	ocr=0.6636
20260424T202326441635Z-c2-lite-glyph-static-layout-frame-scale-c41-frame-scale-0125-edge09-freq10-train1536-seed2-1536x864-s5500	frame-scale-moderate	pass	561.222ms	ocr=0.7097
20260424T202326447249Z-c2-lite-glyph-static-layout-frame-scale-c41-frame-scale-016-edge09-freq10-train1536-lr007-1536x864-s5500	frame-scale-strong	pass	563.275ms	ocr=0.5673
20260424T202326449149Z-c2-lite-glyph-static-layout-frame-scale-c41-frame-scale-014-edge09-freq10-train1536-lr007-seed1-1536x864-s5500	frame-scale-moderate	pass	561.626ms	ocr=0.6849
20260424T202326471131Z-c2-lite-glyph-static-layout-frame-scale-c41-frame-scale-014-edge09-freq10-train1536-lr007-1536x864-s5500	frame-scale-moderate	quality_fail	575.461ms	ocr=0.5769
20260424T202326481370Z-c2-lite-glyph-static-layout-frame-scale-c41-frame-scale-014-edge09-freq10-train1536-lr005-seed1-1536x864-s5500	frame-scale-moderate	pass	575.406ms	ocr=0.6419
20260424T202326484417Z-c2-lite-glyph-static-layout-frame-scale-c41-frame-scale-014-edge09-freq10-train1536-seed2-1536x864-s5500	frame-scale-moderate	quality_fail	516.502ms	ocr=0.6083
20260424T202326534337Z-c2-lite-glyph-static-layout-frame-scale-c41-frame-scale-014-edge09-freq10-train1536-seed3-1536x864-s5500	frame-scale-moderate	pass	585.656ms	ocr=0.6267
20260424T203024484340Z-c2-lite-glyph-static-layout-frame-scale-c42-frame-scale-016-edge09-freq10-train1536-lr007-cosine-1536x864-s5500	frame-scale-strong	quality_fail	550.171ms	ocr=0.5395
20260424T203024496670Z-c2-lite-glyph-static-layout-frame-scale-c42-frame-scale-014-edge09-freq10-train1536-clip1-1536x864-s5500	frame-scale-moderate	quality_fail	564.015ms	ocr=0.5650
20260424T203024597035Z-c2-lite-glyph-static-layout-frame-scale-c42-frame-scale-0125-edge09-freq10-train1536-seed3-cosine-1536x864-s5500	frame-scale-moderate	pass	557.783ms	ocr=0.7064
20260424T203024600757Z-c2-lite-glyph-static-layout-frame-scale-c42-frame-scale-014-edge09-freq10-train1536-cosine-seed1-1536x864-s5500	frame-scale-moderate	quality_fail	562.706ms	ocr=0.3834
20260424T203024751979Z-c2-lite-glyph-static-layout-frame-scale-c42-frame-scale-014-edge09-freq10-train1536-clip1-seed1-1536x864-s5500	frame-scale-moderate	pass	565.820ms	ocr=0.6944
20260424T203025041834Z-c2-lite-glyph-static-layout-frame-scale-c42-frame-scale-014-edge09-freq12-train1536-lr007-cosine-1536x864-s5500	frame-scale-moderate	quality_fail	589.680ms	ocr=0.5495
20260424T203025406720Z-c2-lite-glyph-static-layout-frame-scale-c42-frame-scale-014-edge09-freq10-train1536-cosine-1536x864-s5500	frame-scale-moderate	quality_fail	731.012ms	ocr=0.5833
20260424T203025406737Z-c2-lite-glyph-static-layout-frame-scale-c42-frame-scale-014-edge09-freq10-train1536-lr007-cosine-seed1-1536x864-s5500	frame-scale-moderate	quality_fail	554.481ms	ocr=0.6019
20260424T203025523036Z-c2-lite-glyph-static-layout-frame-scale-c42-frame-scale-014-edge09-freq10-train1536-lr007-cosine-1536x864-s5500	frame-scale-moderate	quality_fail	869.496ms	ocr=0.5273
20260424T203025769455Z-c2-lite-glyph-static-layout-frame-scale-c42-frame-scale-014-edge09-freq12-train1536-lr007-cosine-seed1-1536x864-s5500	frame-scale-moderate	pass	583.468ms	ocr=0.6091
20260424T203639902901Z-c2-lite-glyph-static-layout-frame-scale-c43-frame-scale-014-edge09-freq10-train1536-clip05-seed2-1536x864-s5500	frame-scale-moderate	quality_fail	545.259ms	ocr=0.5213
20260424T203639905471Z-c2-lite-glyph-static-layout-frame-scale-c43-frame-scale-014-edge09-freq10-train1536-clip1-seed3-1536x864-s5500	frame-scale-moderate	quality_fail	563.334ms	ocr=0.3553
20260424T203639910964Z-c2-lite-glyph-static-layout-frame-scale-c43-frame-scale-014-edge09-freq10-train1536-clip05-seed1-1536x864-s5500	frame-scale-moderate	pass	846.244ms	ocr=0.6912
20260424T203639915770Z-c2-lite-glyph-static-layout-frame-scale-c43-frame-scale-014-edge09-freq10-train1536-clip05-1536x864-s5500	frame-scale-moderate	pass	566.234ms	ocr=0.7281
20260424T203639918024Z-c2-lite-glyph-static-layout-frame-scale-c43-frame-scale-014-edge09-freq10-train1536-clip2-1536x864-s5500	frame-scale-moderate	pass	559.196ms	ocr=0.6977
20260424T203639934445Z-c2-lite-glyph-static-layout-frame-scale-c43-frame-scale-014-edge09-freq10-train1536-lr007-clip1-1536x864-s5500	frame-scale-moderate	pass	566.807ms	ocr=0.7230
20260424T203639958482Z-c2-lite-glyph-static-layout-frame-scale-c43-frame-scale-014-edge09-freq10-train1536-clip2-seed1-1536x864-s5500	frame-scale-moderate	pass	556.768ms	ocr=0.6759
20260424T203639958498Z-c2-lite-glyph-static-layout-frame-scale-c43-frame-scale-014-edge09-freq10-train1536-lr007-clip1-seed1-1536x864-s5500	frame-scale-moderate	quality_fail	497.728ms	ocr=0.5755
20260424T203639965905Z-c2-lite-glyph-static-layout-frame-scale-c43-frame-scale-014-edge09-freq10-train1536-clip05-seed3-1536x864-s5500	frame-scale-moderate	pass	553.468ms	ocr=0.7156
20260424T203640094922Z-c2-lite-glyph-static-layout-frame-scale-c43-frame-scale-014-edge09-freq10-train1536-clip1-seed2-1536x864-s5500	frame-scale-moderate	pass	570.829ms	ocr=0.7281
20260424T204146610856Z-c2-lite-glyph-c34-general-flow-014-edge1-seed2-1280x736-s4500	subtle-motion-loop	quality_fail	503.775ms	ocr=0.7615
20260424T204146622518Z-c2-lite-glyph-c34-general-flow-0142-edge1-seed0-1280x736-s4500	subtle-motion-loop	pass	552.431ms	ocr=0.7854
20260424T204146630478Z-c2-lite-glyph-c34-general-flow-014-edge1-seed0-1280x736-s4500	subtle-motion-loop	quality_fail	501.988ms	ocr=0.7763
20260424T204146650554Z-c2-lite-glyph-responsive-squeeze-c34-general-responsive-014-edge1-seed0-1280x736-s4500	responsive-squeeze	pass	556.523ms	ocr=0.8818
20260424T204146655839Z-c2-lite-glyph-c34-general-flow-0141-edge1-seed0-1280x736-s4500	subtle-motion-loop	quality_fail	562.595ms	ocr=0.7818
20260424T204146665795Z-c2-lite-glyph-c34-general-flow-014-edge1-seed1-1280x736-s4500	subtle-motion-loop	quality_fail	564.770ms	ocr=0.8165
20260424T204146689527Z-c2-lite-glyph-c34-general-flow-01415-edge1-seed0-1280x736-s4500	subtle-motion-loop	pass	559.832ms	ocr=0.8037
20260424T204146694202Z-c2-lite-glyph-c34-general-flow-014-edge1-seed3-1280x736-s4500	subtle-motion-loop	quality_fail	550.963ms	ocr=0.7964
20260424T204146695230Z-c2-lite-glyph-c34-general-flow-014-edge09-seed0-1280x736-s4500	subtle-motion-loop	quality_fail	563.086ms	ocr=0.7763
20260424T204146715616Z-c2-lite-glyph-jiggle-c34-general-viewport-014-edge1-seed0-1280x736-s4500	viewport-zoom-pulse	pass	551.674ms	ocr=0.8571
20260424T205231421850Z-c2-lite-glyph-static-layout-independent-regions-c44-regions-014-pan030-freq12-clip05-1536x864-s5500	independent-regions-strong	quality_fail	647.597ms	ocr=0.3085
20260424T205231547391Z-c2-lite-glyph-static-layout-independent-regions-c44-regions-010-pan024-clip05-seed1-1536x864-s5500	independent-regions-moderate	quality_fail	634.991ms	ocr=0.5055
20260424T205231702725Z-c2-lite-glyph-static-layout-independent-regions-c44-regions-016-pan036-clip05-1536x864-s5500	independent-regions-strong	quality_fail	840.143ms	ocr=0.4025
20260424T205231711848Z-c2-lite-glyph-static-layout-independent-regions-c44-regions-010-pan024-clip05-1536x864-s5500	independent-regions-moderate	quality_fail	610.633ms	ocr=0.4061
20260424T205231919086Z-c2-lite-glyph-static-layout-independent-regions-c44-regions-010-pan024-clip05-seed2-1536x864-s5500	independent-regions-moderate	quality_fail	637.818ms	ocr=0.4792
20260424T205232024605Z-c2-lite-glyph-static-layout-independent-regions-c44-regions-014-pan030-clip1-1536x864-s5500	independent-regions-strong	quality_fail	1047.912ms	ocr=0.3492
20260424T205232179582Z-c2-lite-glyph-static-layout-independent-regions-c44-regions-010-pan024-freq12-clip05-1536x864-s5500	independent-regions-moderate	quality_fail	664.665ms	ocr=0.4260
20260424T205232202630Z-c2-lite-glyph-static-layout-independent-regions-c44-regions-010-pan024-clip1-1536x864-s5500	independent-regions-moderate	quality_fail	684.891ms	ocr=0.4607
20260424T205232600336Z-c2-lite-glyph-static-layout-independent-regions-c44-regions-006-pan018-clip05-1536x864-s5500	independent-regions-moderate	quality_fail	605.705ms	ocr=0.4469
20260424T205232867951Z-c2-lite-glyph-static-layout-independent-regions-c44-regions-014-pan030-clip05-1536x864-s5500	independent-regions-strong	quality_fail	624.006ms	ocr=0.5000
20260424T210149133376Z-c2-lite-glyph-independent-field-c45-learned-field-008-flow08-1536x864-s5500	independent-field-learned	quality_fail	565.164ms	ocr=0.2289
20260424T210149155525Z-c2-lite-glyph-independent-field-c45-learned-field-006-flow06-clip05-1536x864-s5500	independent-field-learned	quality_fail	548.541ms	ocr=0.5688
20260424T210149185798Z-c2-lite-glyph-static-layout-independent-field-c45-field-014-pan030-clip05-1536x864-s5500	independent-regions-strong	quality_fail	593.162ms	ocr=0.6912
20260424T210149392673Z-c2-lite-glyph-static-layout-independent-field-c45-field-006-pan018-clip05-1536x864-s5500	independent-regions-moderate	quality_fail	581.335ms	ocr=0.7892
20260424T210149412738Z-c2-lite-glyph-independent-field-c45-learned-field-006-flow06-freq12-clip05-1536x864-s5500	independent-field-learned	quality_fail	512.876ms	ocr=0.6036
20260424T210149490194Z-c2-lite-glyph-independent-field-c45-learned-field-004-flow04-1536x864-s5500	independent-field-learned	quality_fail	548.702ms	ocr=0.6393
20260424T210149530881Z-c2-lite-glyph-static-layout-independent-field-c45-field-014-pan036-clip05-1536x864-s5500	independent-regions-strong	quality_fail	588.279ms	ocr=0.6912
20260424T210149594507Z-c2-lite-glyph-independent-field-c45-learned-field-006-flow06-1536x864-s5500	independent-field-learned	quality_fail	562.516ms	ocr=0.6161
20260424T210149614587Z-c2-lite-glyph-static-layout-independent-field-c45-field-010-pan024-clip05-seed1-1536x864-s5500	independent-regions-moderate	quality_fail	601.358ms	ocr=0.8165
20260424T210149733451Z-c2-lite-glyph-static-layout-independent-field-c45-field-010-pan024-clip05-1536x864-s5500	independent-regions-moderate	quality_fail	584.763ms	ocr=0.7818
20260424T211157654547Z-c2-lite-glyph-static-layout-independent-translate-c46-translate-pan060-freq12-clip05-1536x864-s5500	independent-translation-strong	quality_fail	608.441ms	ocr=0.4977
20260424T211157660917Z-c2-lite-glyph-static-layout-independent-translate-c46-translate-pan075-clip05-1536x864-s5500	independent-translation-strong	quality_fail	905.745ms	ocr=0.4375
20260424T211157893433Z-c2-lite-glyph-static-layout-independent-translate-c46-translate-pan045-clip05-1536x864-s5500	independent-translation-moderate	quality_fail	575.381ms	ocr=0.6606
20260424T211157899371Z-c2-lite-glyph-static-layout-independent-translate-c46-translate-pan060-clip05-1536x864-s5500	independent-translation-strong	quality_fail	603.130ms	ocr=0.4700
20260424T211158020118Z-c2-lite-glyph-independent-translate-c46-learned-translate-004-s7000-1536x864-s7000	independent-translation-learned	quality_fail	627.167ms	ocr=0.3892
20260424T211158316445Z-c2-lite-glyph-static-layout-independent-translate-c46-translate-pan075-clip05-seed1-1536x864-s5500	independent-translation-strong	quality_fail	580.437ms	ocr=0.3385
20260424T211158390585Z-c2-lite-glyph-independent-translate-c46-learned-translate-006-s7000-1536x864-s7000	independent-translation-learned	quality_fail	516.280ms	ocr=0.3140
20260424T211158662431Z-c2-lite-glyph-independent-translate-c46-learned-translate-008-s7000-1536x864-s7000	independent-translation-learned	quality_fail	558.853ms	ocr=0.1707
20260424T211158691057Z-c2-lite-glyph-static-layout-independent-translate-c46-translate-pan090-clip05-1536x864-s5500	independent-translation-strong	quality_fail	586.274ms	ocr=0.2347
20260424T211159137230Z-c2-lite-glyph-static-layout-independent-translate-c46-translate-pan030-clip05-1536x864-s5500	independent-translation-moderate	quality_fail	572.905ms	ocr=0.6948
20260424T221426786744Z-c2-lite-text-layout-reflow-c47-layout-reflow-100-textw-s9000-1536x864-s9000	layout-reflow-learned	pass	573.198ms	ocr=0.4025
20260424T221427468967Z-c2-lite-glyph-layout-reflow-c47-layout-reflow-100-c32h160-s10000-1536x864-s10000	layout-reflow-learned	pass	620.732ms	ocr=0.5193
20260424T221427877561Z-c2-lite-glyph-layout-reflow-c47-layout-reflow-100-s9000-1536x864-s9000	layout-reflow-learned	pass	550.950ms	ocr=0.3660
20260424T221428606391Z-c2-lite-glyph-layout-reflow-c47-layout-reflow-100-c24h128-s9000-1536x864-s9000	layout-reflow-learned	pass	639.189ms	ocr=0.3709
20260424T221428914756Z-c2-lite-glyph-layout-reflow-c47-layout-reflow-085-s9000-1536x864-s9000	layout-reflow-learned	pass	559.702ms	ocr=0.4663
20260424T221429061044Z-c2-lite-glyph-layout-reflow-c47-layout-reflow-100-cosine-s10000-1536x864-s10000	layout-reflow-learned	pass	563.481ms	ocr=0.4025
20260424T221429920318Z-c2-lite-glyph-layout-reflow-c47-layout-reflow-070-s9000-1536x864-s9000	layout-reflow-learned	quality_fail	583.513ms	ocr=0.3043
20260424T221429980117Z-c2-lite-glyph-layout-reflow-c47-layout-reflow-100-lr007-s10000-1536x864-s10000	layout-reflow-learned	pass	570.260ms	ocr=0.4422
20260424T221430823861Z-c2-lite-text-layout-reflow-c47-layout-reflow-100-textw-c24h128-s10000-1536x864-s10000	layout-reflow-learned	quality_fail	622.839ms	ocr=0.3867
20260424T221430931866Z-c2-lite-glyph-layout-reflow-c47-layout-reflow-100-freq12-s9000-1536x864-s9000	layout-reflow-learned	pass	586.481ms	ocr=0.4403
20260424T221942834445Z-c2-lite-glyph-independent-sprite-translate-c47-sprite-translate-004-c24h128-s9000-1536x864-s9000	independent-sprite-translation-learned	quality_fail	569.958ms	ocr=0.2069
20260424T221942904851Z-c2-lite-glyph-independent-sprite-translate-c47-sprite-translate-0035-s9000-1536x864-s9000	independent-sprite-translation-learned	quality_fail	564.705ms	ocr=0.1497
20260424T221942950432Z-c2-lite-glyph-independent-translate-c47-learned-translate-004-s9000-1536x864-s9000	independent-translation-learned	quality_fail	573.681ms	ocr=0.2738
20260424T221943036905Z-c2-lite-glyph-independent-translate-c47-learned-translate-004-c24h128-s9000-1536x864-s9000	independent-translation-learned	pass	623.989ms	ocr=0.4100
20260424T221943074617Z-c2-lite-glyph-independent-sprite-translate-c47-sprite-translate-004-s9000-1536x864-s9000	independent-sprite-translation-learned	quality_fail	730.593ms	ocr=0.1783
20260424T221943083396Z-c2-lite-glyph-static-layout-independent-translate-c47-translate-pan040-clip05-1536x864-s5500	independent-translation-moderate	pass	572.283ms	ocr=0.6697
20260424T221943084480Z-c2-lite-glyph-independent-translate-c47-learned-translate-0045-s9000-1536x864-s9000	independent-translation-learned	quality_fail	556.862ms	ocr=0.3229
20260424T221943383795Z-c2-lite-glyph-independent-translate-c47-learned-translate-0035-s9000-1536x864-s9000	independent-translation-learned	quality_fail	565.408ms	ocr=0.5222
20260424T221943694545Z-c2-lite-text-independent-translate-c47-learned-translate-004-textw-s9000-1536x864-s9000	independent-translation-learned	pass	829.396ms	ocr=0.4456
20260424T221944078466Z-c2-lite-text-independent-sprite-translate-c47-sprite-translate-004-textw-s9000-1536x864-s9000	independent-sprite-translation-learned	quality_fail	569.091ms	ocr=0.1067
20260424T225858617928Z-c2-lite-glyph-layout-reflow-c48-layout-reflow-100-c32h160-cosine-s12000-1536x864-s12000	layout-reflow-learned	quality_fail	717.772ms	ocr=0.4151
20260424T225858703493Z-c2-lite-glyph-layout-reflow-c48-layout-reflow-100-train1920-c24h128-s10000-1920x1088-s10000	layout-reflow-learned	quality_fail	634.374ms	ocr=0.4739
20260424T225858914575Z-c2-lite-glyph-layout-reflow-c48-layout-reflow-100-train1920-c32h160-s10000-1920x1088-s10000	layout-reflow-learned	quality_fail	706.145ms	ocr=0.4706
20260424T225858925669Z-c2-lite-glyph-layout-reflow-c48-layout-reflow-100-c32h160-lr007-s12000-1536x864-s12000	layout-reflow-learned	quality_fail	623.097ms	ocr=0.4557
20260424T225859003863Z-c2-lite-glyph-layout-reflow-c48-layout-reflow-100-c32h160-edge16-s12000-1536x864-s12000	layout-reflow-learned	quality_fail	700.160ms	ocr=0.4455
20260424T225859166966Z-c2-lite-text-layout-reflow-c48-layout-reflow-100-c32h160-textw-s12000-1536x864-s12000	layout-reflow-learned	quality_fail	751.085ms	ocr=0.4277
20260424T225859348206Z-c2-lite-glyph-layout-reflow-c48-layout-reflow-100-c40h192-s12000-1536x864-s12000	layout-reflow-learned	quality_fail	818.575ms	ocr=0.4025
20260424T225859430335Z-c2-lite-glyph-layout-reflow-c48-layout-reflow-100-c32h160-s12000-1536x864-s12000	layout-reflow-learned	quality_fail	708.337ms	ocr=0.4528
20260424T225859481792Z-c2-lite-glyph-layout-reflow-c48-layout-reflow-100-c32h160-freq12-s12000-1536x864-s12000	layout-reflow-learned	quality_fail	727.767ms	ocr=0.4079
20260424T225859712097Z-c2-lite-text-layout-reflow-c48-layout-reflow-100-textw-strong-s11000-1536x864-s11000	layout-reflow-learned	quality_fail	581.194ms	ocr=0.4444
20260424T231333802689Z-c2-lite-glyph-layout-reflow-c49-reflow-target-train1920-c32h160-s11000-1920x1088-s11000	layout-reflow-learned	pass	631.621ms	ocr=0.5497
20260424T231334082957Z-c2-lite-glyph-layout-reflow-c49-reflow-target-mid60-c32h160-s14000-1536x864-s14000	layout-reflow-learned	pass	724.892ms	ocr=0.5714
20260424T231334946510Z-c2-lite-glyph-layout-reflow-c49-reflow-target-b196-c32h160-s10000-1536x864-s10000	layout-reflow-learned	pass	867.931ms	ocr=0.5761
20260424T231335109582Z-c2-lite-glyph-layout-reflow-c49-reflow-target-time6-c32h160-s12000-1536x864-s12000	layout-reflow-learned	quality_fail	728.181ms	ocr=0.4267
20260424T231335814206Z-c2-lite-glyph-layout-reflow-c49-reflow-target-mid80-c32h160-s12000-1536x864-s12000	layout-reflow-learned	quality_fail	638.482ms	ocr=0.4500
20260424T231335864143Z-c2-lite-glyph-layout-reflow-c49-reflow-target-mid60-c32h160-s12000-1536x864-s12000	layout-reflow-learned	quality_fail	709.629ms	ocr=0.4875
20260424T231336511693Z-c2-lite-glyph-layout-reflow-c49-reflow-target-edge18-c32h160-s12000-1536x864-s12000	layout-reflow-learned	quality_fail	706.553ms	ocr=0.4780
20260424T231337010466Z-c2-lite-glyph-layout-reflow-c49-reflow-target-train1920-c24h128-s11000-1920x1088-s11000	layout-reflow-learned	quality_fail	694.017ms	ocr=0.4568
20260424T231337184596Z-c2-lite-glyph-layout-reflow-c49-reflow-target-lr007-c32h160-s12000-1536x864-s12000	layout-reflow-learned	quality_fail	619.204ms	ocr=0.4198
20260424T231337679272Z-c2-lite-text-layout-reflow-c49-reflow-target-textw-c32h160-s12000-1536x864-s12000	layout-reflow-learned	quality_fail	705.667ms	ocr=0.4625
20260424T232117944864Z-c2-lite-glyph-layout-reflow-c50-reflow-target-freq12-c32h160-s11000-1536x864-s11000	layout-reflow-learned	quality_fail	733.943ms	ocr=0.3553
20260424T232118126880Z-c2-lite-glyph-layout-reflow-c50-reflow-target-c40h192-s11000-1536x864-s11000	layout-reflow-learned	quality_fail	722.699ms	ocr=0.4431
20260424T232118136019Z-c2-lite-glyph-layout-reflow-c50-reflow-target-mid90n-c32h160-s11000-1536x864-s11000	layout-reflow-learned	quality_fail	727.581ms	ocr=0.4654
20260424T232118270977Z-c2-lite-glyph-layout-reflow-c50-reflow-target-mid40-c32h160-s11000-1536x864-s11000	layout-reflow-learned	quality_fail	701.006ms	ocr=0.4500
20260424T232118441514Z-c2-lite-glyph-layout-reflow-c50-reflow-ablate-target-weight-only-1536x864-s10000	layout-reflow-learned	pass	620.067ms	ocr=0.5000
20260424T232118732480Z-c2-lite-glyph-layout-reflow-c50-reflow-target-cosine-c32h160-s11000-1536x864-s11000	layout-reflow-learned	quality_fail	720.773ms	ocr=0.4906
20260424T232118762326Z-c2-lite-glyph-layout-reflow-c50-reflow-target-clip1-c32h160-s11000-1536x864-s11000	layout-reflow-learned	quality_fail	708.023ms	ocr=0.4267
20260424T232118854215Z-c2-lite-glyph-layout-reflow-c50-reflow-ablate-midtime-only-1536x864-s10000	layout-reflow-learned	quality_fail	735.640ms	ocr=0.4767
20260424T232118955832Z-c2-lite-text-layout-reflow-c50-reflow-target-train1920-textw-c24h128-s11000-1920x1088-s11000	layout-reflow-learned	quality_fail	631.337ms	ocr=0.4750
20260424T232119088528Z-c2-lite-glyph-layout-reflow-c50-reflow-ablate-target-sample-only-1536x864-s10000	layout-reflow-learned	quality_fail	723.896ms	ocr=0.4277
20260424T232749518093Z-c2-lite-glyph-layout-reflow-c51-reflow-target-b229-c32h160-s10000-1536x864-s10000	layout-reflow-learned	quality_fail	726.017ms	ocr=0.4596
20260424T232749530025Z-c2-lite-glyph-layout-reflow-c51-reflow-target-mid60-c32h160-s18000-1536x864-s18000	layout-reflow-learned	quality_fail	706.543ms	ocr=0.4845
20260424T232749543580Z-c2-lite-glyph-layout-reflow-c51-reflow-target-b196-c32h160-s14000-1536x864-s14000	layout-reflow-learned	quality_fail	788.661ms	ocr=0.5238
20260424T232749554023Z-c2-lite-glyph-layout-reflow-c51-reflow-weightonly-b196-c32h160-s10000-1536x864-s10000	layout-reflow-learned	quality_fail	745.667ms	ocr=0.5023
20260424T232749555388Z-c2-lite-glyph-layout-reflow-c51-reflow-target-mid60-c32h160-s16000-1536x864-s16000	layout-reflow-learned	quality_fail	691.323ms	ocr=0.4845
20260424T232749627432Z-c2-lite-glyph-layout-reflow-c51-reflow-target-b196-c32h160-s12000-1536x864-s12000	layout-reflow-learned	quality_fail	621.542ms	ocr=0.4860
20260424T232749627804Z-c2-lite-glyph-layout-reflow-c51-reflow-weightonly-c32h160-s14000-1536x864-s14000	layout-reflow-learned	pass	705.447ms	ocr=0.5614
20260424T232749637469Z-c2-lite-glyph-layout-reflow-c51-reflow-target-train1920-c32h160-s13000-1920x1088-s13000	layout-reflow-learned	quality_fail	712.589ms	ocr=0.4673
20260424T232749705771Z-c2-lite-glyph-layout-reflow-c51-reflow-target-b196-c32h160-s10000-seed1-1536x864-s10000	layout-reflow-learned	quality_fail	706.641ms	ocr=0.4500
20260424T232749775090Z-c2-lite-glyph-layout-reflow-c51-reflow-target-train1920-c32h160-s15000-1920x1088-s15000	layout-reflow-learned	quality_fail	713.208ms	ocr=0.4875
20260424T233313590461Z-c2-lite-glyph-layout-reflow-c51-reflow-target-mid60-c32h160-s14000-seed1-1536x864-s14000	layout-reflow-learned	pass	913.677ms	ocr=0.5714
20260424T233953017430Z-c2-lite-glyph-layout-reflow-c52-reflow-weightonly-c32h160-s18000-1536x864-s18000	layout-reflow-learned	quality_fail	714.918ms	ocr=0.5029
20260424T233953056315Z-c2-lite-glyph-layout-reflow-c52-reflow-target-s050-c32h160-s14000-1536x864-s14000	layout-reflow-learned	pass	714.831ms	ocr=0.5742
20260424T233953056349Z-c2-lite-glyph-layout-reflow-c52-reflow-weightonly-c32h160-s16000-1536x864-s16000	layout-reflow-learned	quality_fail	646.085ms	ocr=0.4505
20260424T233953065344Z-c2-lite-glyph-layout-reflow-c52-reflow-weightonly-b196-c32h160-s12000-1536x864-s12000	layout-reflow-learned	quality_fail	706.596ms	ocr=0.4375
20260424T233953310505Z-c2-lite-glyph-layout-reflow-c52-reflow-weightonly-c32h160-s14000-seed1-1536x864-s14000	layout-reflow-learned	quality_fail	877.273ms	ocr=0.4945
20260424T233953322786Z-c2-lite-glyph-layout-reflow-c52-reflow-weightonly-train1920-c32h160-s13000-1920x1088-s13000	layout-reflow-learned	pass	624.362ms	ocr=0.5524
20260424T233953358763Z-c2-lite-glyph-layout-reflow-c52-reflow-target-s025-c32h160-s14000-1536x864-s14000	layout-reflow-learned	quality_fail	705.815ms	ocr=0.5349
20260424T233953430817Z-c2-lite-glyph-layout-reflow-c52-reflow-weightonly-b196-c32h160-s14000-1536x864-s14000	layout-reflow-learned	pass	704.006ms	ocr=0.5729
20260424T233953578193Z-c2-lite-glyph-layout-reflow-c52-reflow-target-s075-c32h160-s14000-1536x864-s14000	layout-reflow-learned	quality_fail	622.869ms	ocr=0.4834
20260424T234521259246Z-c2-lite-glyph-layout-reflow-c52-reflow-weightonly-c32h160-s14000-seed2-1536x864-s14000	layout-reflow-learned	quality_fail	856.445ms	ocr=0.4875
20260424T234525441761Z-c2-lite-glyph-layout-reflow-c52-reflow-target-b196-c32h160-s10000-seed2-1536x864-s10000	layout-reflow-learned	quality_fail	691.873ms	ocr=0.5490
20260424T235914836056Z-c2-lite-glyph-layout-reflow-c53-reflow-weightonly-l1-025-c32h160-s14000-1536x864-s14000	layout-reflow-learned	quality_fail	704.924ms	ocr=0.4654
20260424T235915256105Z-c2-lite-glyph-layout-reflow-c53-reflow-weightonly-l1-050-c32h160-s14000-1536x864-s14000	layout-reflow-learned	quality_fail	688.344ms	ocr=0.4938
20260424T235915498798Z-c2-lite-glyph-layout-reflow-c53-reflow-weightonly-l1-100-c32h160-s14000-1536x864-s14000	layout-reflow-learned	quality_fail	683.418ms	ocr=0.0000
20260424T235917164090Z-c2-lite-glyph-layout-reflow-c53-reflow-target-s050-l1-025-c32h160-s14000-1536x864-s14000	layout-reflow-learned	quality_fail	894.384ms	ocr=0.4845
20260424T235920923856Z-c2-lite-glyph-layout-reflow-c53-reflow-target-full-l1-025-b196-s10000-1536x864-s10000	layout-reflow-learned	quality_fail	706.919ms	ocr=0.5455
20260424T235922154324Z-c2-lite-glyph-layout-reflow-c53-reflow-target-s050-l1-050-c32h160-s14000-1536x864-s14000	layout-reflow-learned	quality_fail	697.795ms	ocr=0.4780
20260424T235922458433Z-c2-lite-glyph-layout-reflow-c53-reflow-target-full-l1-050-b196-s10000-1536x864-s10000	layout-reflow-learned	quality_fail	648.116ms	ocr=0.4500
20260424T235924225597Z-c2-lite-glyph-layout-reflow-c53-reflow-target-full-l1-050-c32h160-s14000-1536x864-s14000	layout-reflow-learned	quality_fail	697.198ms	ocr=0.4970
20260424T235925401813Z-c2-lite-glyph-layout-reflow-c53-reflow-weightonly-l1-025-train1920-s13000-1920x1088-s13000	layout-reflow-learned	pass	704.286ms	ocr=0.5426
20260424T235926280094Z-c2-lite-glyph-layout-reflow-c53-reflow-target-full-l1-025-c32h160-s14000-1536x864-s14000	layout-reflow-learned	pass	848.440ms	ocr=0.5604
20260425T001415077252Z-c2-lite-glyph-layout-reflow-c54-reflow-grad025-r00625-target-s050-c32h160-s14000-1536x864-s14000	layout-reflow-learned	quality_fail	645.104ms	ocr=0.4524
20260425T001415094257Z-c2-lite-glyph-layout-reflow-c54-reflow-grad050-r00625-target-s050-c32h160-s14000-1536x864-s14000	layout-reflow-learned	quality_fail	870.696ms	ocr=0.4472
20260425T001418344732Z-c2-lite-glyph-layout-reflow-c54-reflow-grad025-r0125-target-s050-c32h160-s14000-1536x864-s14000	layout-reflow-learned	quality_fail	704.844ms	ocr=0.5169
20260425T001418380957Z-c2-lite-glyph-layout-reflow-c54-reflow-grad050-r0125-target-s050-c32h160-s14000-1536x864-s14000	layout-reflow-learned	quality_fail	637.243ms	ocr=0.3976
20260425T001418428248Z-c2-lite-glyph-layout-reflow-c54-reflow-grad025-r00625-weightonly-c32h160-s14000-1536x864-s14000	layout-reflow-learned	quality_fail	717.731ms	ocr=0.4625
20260425T001421726827Z-c2-lite-glyph-layout-reflow-c54-reflow-grad050-r00625-weightonly-c32h160-s14000-1536x864-s14000	layout-reflow-learned	pass	720.876ms	ocr=0.5614
20260425T001422578719Z-c2-lite-glyph-layout-reflow-c54-reflow-grad025-r0125-weightonly-c32h160-s14000-1536x864-s14000	layout-reflow-learned	quality_fail	626.469ms	ocr=0.5294
20260425T001423527075Z-c2-lite-glyph-layout-reflow-c54-reflow-grad025-r00625-target-full-b196-s10000-1536x864-s10000	layout-reflow-learned	quality_fail	705.197ms	ocr=0.4875
20260425T001425567102Z-c2-lite-glyph-layout-reflow-c54-reflow-grad050-r00625-target-full-b196-s10000-1536x864-s10000	layout-reflow-learned	quality_fail	700.093ms	ocr=0.5349
20260425T001428605822Z-c2-lite-glyph-layout-reflow-c54-reflow-grad025-r00625-train1920-weightonly-s13000-1920x1088-s13000	layout-reflow-learned	quality_fail	711.352ms	ocr=0.4528
20260425T002855742079Z-c2-lite-glyph-layout-reflow-c55-reflow-pair0025-w050-weightonly-c32h160-s14000-1536x864-s14000	layout-reflow-learned	quality_fail	719.565ms	ocr=0.4375
20260425T002859847727Z-c2-lite-glyph-layout-reflow-c55-reflow-pair005-w050-weightonly-c32h160-s14000-1536x864-s14000	layout-reflow-learned	quality_fail	724.121ms	ocr=0.4691
20260425T002859848581Z-c2-lite-glyph-layout-reflow-c55-reflow-pair009-w050-weightonly-c32h160-s14000-1536x864-s14000	layout-reflow-learned	quality_fail	692.653ms	ocr=0.5055
20260425T002859938399Z-c2-lite-glyph-layout-reflow-c55-reflow-pair005-w025-weightonly-c32h160-s14000-1536x864-s14000	layout-reflow-learned	quality_fail	706.683ms	ocr=0.4625
20260425T002859990716Z-c2-lite-glyph-layout-reflow-c55-reflow-pair005-w100-weightonly-c32h160-s14000-1536x864-s14000	layout-reflow-learned	quality_fail	703.645ms	ocr=0.4250
20260425T002901268486Z-c2-lite-glyph-layout-reflow-c55-reflow-pair005-w050-target-s025-c32h160-s14000-1536x864-s14000	layout-reflow-learned	quality_fail	631.980ms	ocr=0.5161
20260425T002903194799Z-c2-lite-glyph-layout-reflow-c55-reflow-pair005-w050-target-s050-c32h160-s14000-1536x864-s14000	layout-reflow-learned	quality_fail	880.660ms	ocr=0.4641
20260425T002904155588Z-c2-lite-glyph-layout-reflow-c55-reflow-pair005-w050-b196-s10000-1536x864-s10000	layout-reflow-learned	quality_fail	630.015ms	ocr=0.4000
20260425T002906264351Z-c2-lite-glyph-layout-reflow-c55-reflow-pair005-w050-train1920-s13000-1920x1088-s13000	layout-reflow-learned	quality_fail	698.812ms	ocr=0.5078
20260425T002910347811Z-c2-lite-glyph-layout-reflow-c55-reflow-pair009-w050-b196-s10000-1536x864-s10000	layout-reflow-learned	pass	697.042ms	ocr=0.5495
20260425T004751116009Z-c2-lite-glyph-layout-reflow-c56-detail8-025-target50-c32h160-s14000-1536x864-s14000	layout-reflow-learned	quality_fail	965.856ms	ocr=0.5119
20260425T004751182239Z-c2-lite-glyph-layout-reflow-c56-detail8-050-target50-c32h160-s14000-1536x864-s14000	layout-reflow-learned	quality_fail	859.333ms	ocr=0.4906
20260425T004751206287Z-c2-lite-glyph-layout-reflow-c56-detail16-025-target50-c32h160-s14000-1536x864-s14000	layout-reflow-learned	quality_fail	1021.801ms	ocr=0.4277
20260425T004754061713Z-c2-lite-glyph-layout-reflow-c56-detail16h128-025-target50-s14000-1536x864-s14000	layout-reflow-learned	pass	875.921ms	ocr=0.5514
20260425T004754737256Z-c2-lite-glyph-layout-reflow-c56-detail8-025-weightonly-c32h160-s14000-1536x864-s14000	layout-reflow-learned	quality_fail	832.354ms	ocr=0.5029
20260425T004757414234Z-c2-lite-glyph-layout-reflow-c56-detail16-025-weightonly-c32h160-s14000-1536x864-s14000	layout-reflow-learned	quality_fail	824.906ms	ocr=0.4845
20260425T004757498690Z-c2-lite-glyph-layout-reflow-c56-detail8-0125-weightonly-c32h160-s14000-1536x864-s14000	layout-reflow-learned	quality_fail	857.504ms	ocr=0.4855
20260425T004800206283Z-c2-lite-glyph-layout-reflow-c56-detail8-025-target-b196-s10000-1536x864-s10000	layout-reflow-learned	quality_fail	846.429ms	ocr=0.4815
20260425T004803334135Z-c2-lite-glyph-layout-reflow-c56-detail16-025-target-b196-s10000-1536x864-s10000	layout-reflow-learned	quality_fail	1116.450ms	ocr=0.5346
20260425T004803873125Z-c2-lite-glyph-layout-reflow-c56-detail8-025-weightonly-train1920-s13000-1920x1088-s13000	layout-reflow-learned	quality_fail	1046.671ms	ocr=0.4654
20260425T010006017448Z-c2-lite-glyph-layout-reflow-c57-sourcecoord-target75-c32h160-s14000-1536x864-s14000	layout-reflow-learned	pass	817.800ms	ocr=0.6264
20260425T010006142147Z-c2-lite-glyph-layout-reflow-c57-sourcecoord-target50-c32h160-s14000-1536x864-s14000	layout-reflow-learned	quality_fail	791.286ms	ocr=0.5238
20260425T010006922533Z-c2-lite-glyph-layout-reflow-c57-sourcecoord-weightonly-c32h160-s14000-1536x864-s14000	layout-reflow-learned	pass	685.778ms	ocr=0.5444
20260425T010009782483Z-c2-lite-glyph-layout-reflow-c57-sourcecoord-target-b196-s10000-1536x864-s10000	layout-reflow-learned	pass	808.501ms	ocr=0.5981
20260425T010011216987Z-c2-lite-glyph-layout-reflow-c57-sourcecoord-weight-b196-s14000-1536x864-s14000	layout-reflow-learned	quality_fail	800.270ms	ocr=0.4528
20260425T010011414887Z-c2-lite-glyph-layout-reflow-c57-sourcecoord-target50-freq12-s12000-1536x864-s12000	layout-reflow-learned	quality_fail	746.490ms	ocr=0.4654
20260425T010016145666Z-c2-lite-glyph-layout-reflow-c57-sourcecoord-target50-c24h128-s12000-1536x864-s12000	layout-reflow-learned	pass	761.756ms	ocr=0.6000
20260425T010017323315Z-c2-lite-glyph-layout-reflow-c57-sourcecoord-target50-flow08-s14000-1536x864-s14000	layout-reflow-learned	quality_fail	806.558ms	ocr=0.5000
20260425T010020369929Z-c2-lite-glyph-layout-reflow-c57-sourcecoord-target50-seed1-s14000-1536x864-s14000	layout-reflow-learned	quality_fail	806.916ms	ocr=0.4497
20260425T010022489918Z-c2-lite-glyph-layout-reflow-c57-sourcecoord-weightonly-train1920-s13000-1920x1088-s13000	layout-reflow-learned	pass	804.615ms	ocr=0.5498
20260425T010854135850Z-c2-lite-glyph-layout-reflow-c58-flow020-target50-c32h160-s12000-1536x864-s12000	layout-reflow-learned	quality_fail	813.563ms	ocr=0.3077
20260425T010855680403Z-c2-lite-glyph-layout-reflow-c58-flow028-target50-c32h160-s12000-1536x864-s12000	layout-reflow-learned	quality_fail	822.649ms	ocr=0.4286
20260425T010857508588Z-c2-lite-glyph-layout-reflow-c58-flow035-weightonly-c32h160-s12000-1536x864-s12000	layout-reflow-learned	quality_fail	867.212ms	ocr=0.1707
20260425T010858459496Z-c2-lite-glyph-layout-reflow-c58-flow035-target50-c32h160-s12000-1536x864-s12000	layout-reflow-learned	quality_fail	701.913ms	ocr=0.1744
20260425T010859768954Z-c2-lite-glyph-layout-reflow-c58-flow045-target50-c32h160-s12000-1536x864-s12000	layout-reflow-learned	quality_fail	660.757ms	ocr=0.1896
20260425T010901025791Z-c2-lite-glyph-layout-reflow-c58-flowsup025-w0025-target50-c32h160-s12000-1536x864-s12000	layout-reflow-learned	quality_fail	805.795ms	ocr=0.3086
20260425T010905783949Z-c2-lite-glyph-layout-reflow-c58-flowsup035-w005-target50-c32h160-s12000-1536x864-s12000	layout-reflow-learned	quality_fail	818.933ms	ocr=0.1734
20260425T010906878031Z-c2-lite-glyph-layout-reflow-c58-flowsup035-w0025-weightonly-c32h160-s12000-1536x864-s12000	layout-reflow-learned	quality_fail	679.363ms	ocr=0.1677
20260425T010906962427Z-c2-lite-glyph-layout-reflow-c58-flowsup045-w0025-target50-c32h160-s12000-1536x864-s12000	layout-reflow-learned	quality_fail	670.777ms	ocr=0.1235
20260425T010911118244Z-c2-lite-glyph-layout-reflow-c58-flowsup035-w0025-target50-c32h160-s12000-1536x864-s12000	layout-reflow-learned	quality_fail	790.149ms	ocr=0.3727
20260425T011627317618Z-c2-lite-glyph-layout-reflow-c59-oracleflow-target75-c32h160-s12000-1536x864-s12000	layout-reflow-learned	quality_fail	683.105ms	ocr=0.4751
20260425T011627338752Z-c2-lite-glyph-layout-reflow-c59-oracleflow-target50-c32h160-s12000-1536x864-s12000	layout-reflow-learned	quality_fail	698.560ms	ocr=0.5060
20260425T011632784218Z-c2-lite-glyph-layout-reflow-c59-oracleflow-target75-c24h128-s10000-1536x864-s10000	layout-reflow-learned	quality_fail	671.665ms	ocr=0.5207
20260425T011634041221Z-c2-lite-glyph-layout-reflow-c59-oracleflow-target75-nosrc-c32h160-s12000-1536x864-s12000	layout-reflow-learned	quality_fail	595.257ms	ocr=0.5059
20260425T011635244356Z-c2-lite-glyph-layout-reflow-c59-oracleflow-weightonly-c32h160-s12000-1536x864-s12000	layout-reflow-learned	quality_fail	675.039ms	ocr=0.4881
20260425T011635467504Z-c2-lite-glyph-layout-reflow-c59-oracleflow-target75-freq12-s10000-1536x864-s10000	layout-reflow-learned	quality_fail	729.458ms	ocr=0.4238
20260425T012648100592Z-c2-lite-glyph-layout-reflow-c60-sourcecoord-target60-c32h160-s14000-1536x864-s14000	layout-reflow-learned	pass	1061.855ms	ocr=0.5933
20260425T012649800605Z-c2-lite-glyph-layout-reflow-c60-sourcecoord-target70-c32h160-s14000-1536x864-s14000	layout-reflow-learned	quality_fail	812.567ms	ocr=0.4400
20260425T012651329150Z-c2-lite-glyph-layout-reflow-c60-sourcecoord-target80-c32h160-s14000-1536x864-s14000	layout-reflow-learned	quality_fail	816.972ms	ocr=0.5176
20260425T012658347042Z-c2-lite-glyph-layout-reflow-c60-sourcecoord-target100-c32h160-s14000-1536x864-s14000	layout-reflow-learned	quality_fail	814.285ms	ocr=0.4684
20260425T012658505475Z-c2-lite-glyph-layout-reflow-c60-sourcecoord-target90-c32h160-s14000-1536x864-s14000	layout-reflow-learned	quality_fail	676.815ms	ocr=0.4238
20260425T012658622639Z-c2-lite-glyph-layout-reflow-c60-sourcecoord-target75-seed1-c32h160-s14000-1536x864-s14000	layout-reflow-learned	quality_fail	917.512ms	ocr=0.4750
20260425T012700710195Z-c2-lite-glyph-layout-reflow-c60-sourcecoord-target75-seed2-c32h160-s14000-1536x864-s14000	layout-reflow-learned	quality_fail	789.126ms	ocr=0.5233
20260425T012703559647Z-c2-lite-glyph-layout-reflow-c60-sourcecoord-target75-b196-s10000-1536x864-s10000	layout-reflow-learned	quality_fail	807.725ms	ocr=0.4837
20260425T012706335133Z-c2-lite-glyph-layout-reflow-c60-sourcecoord-target75-c24h128-s12000-1536x864-s12000	layout-reflow-learned	pass	1013.454ms	ocr=0.5837
20260425T012706355909Z-c2-lite-glyph-layout-reflow-c60-sourcecoord-target75-c40h192-s12000-1536x864-s12000	layout-reflow-learned	quality_fail	899.818ms	ocr=0.4750
20260425T013714055318Z-c2-lite-glyph-layout-reflow-c61-sourcecoord-target55-c32h160-s14000-1536x864-s14000	layout-reflow-learned	quality_fail	824.051ms	ocr=0.4750
20260425T013716804330Z-c2-lite-glyph-layout-reflow-c61-sourcecoord-target65-c32h160-s14000-1536x864-s14000	layout-reflow-learned	quality_fail	946.467ms	ocr=0.4528
20260425T013719300365Z-c2-lite-glyph-layout-reflow-c61-sourcecoord-target60-seed1-c32h160-s14000-1536x864-s14000	layout-reflow-learned	quality_fail	805.678ms	ocr=0.4561
20260425T013721086734Z-c2-lite-glyph-layout-reflow-c61-sourcecoord-target60-seed2-c32h160-s14000-1536x864-s14000	layout-reflow-learned	quality_fail	817.617ms	ocr=0.5429
20260425T013721190084Z-c2-lite-glyph-layout-reflow-c61-sourcecoord-target60-flow08-c32h160-s14000-1536x864-s14000	layout-reflow-learned	quality_fail	1049.906ms	ocr=0.5465
20260425T013724088671Z-c2-lite-glyph-layout-reflow-c61-sourcecoord-target60-b196-s10000-1536x864-s10000	layout-reflow-learned	pass	712.728ms	ocr=0.6077
20260425T013724593847Z-c2-lite-glyph-layout-reflow-c61-sourcecoord-target60-c24h128-s12000-1536x864-s12000	layout-reflow-learned	pass	669.808ms	ocr=0.5972
20260425T013725154559Z-c2-lite-glyph-layout-reflow-c61-sourcecoord-target55-c24h128-s12000-1536x864-s12000	layout-reflow-learned	quality_fail	893.704ms	ocr=0.4780
20260425T013725435278Z-c2-lite-glyph-layout-reflow-c61-sourcecoord-target60-cosine-c32h160-s16000-1536x864-s16000	layout-reflow-learned	quality_fail	858.282ms	ocr=0.5029
20260425T013729165253Z-c2-lite-glyph-layout-reflow-c61-sourcecoord-target60-lr007-c32h160-s16000-1536x864-s16000	layout-reflow-learned	quality_fail	817.397ms	ocr=0.4500
20260425T014741017014Z-c2-lite-glyph-layout-reflow-c62-sourcecoord-target60-b196-s12000-1536x864-s12000	layout-reflow-learned	quality_fail	940.404ms	ocr=0.4568
20260425T014741143426Z-c2-lite-glyph-layout-reflow-c62-sourcecoord-target60-b196-s14000-1536x864-s14000	layout-reflow-learned	quality_fail	860.361ms	ocr=0.5031
20260425T014741211555Z-c2-lite-glyph-layout-reflow-c62-sourcecoord-target60-b196-seed1-s10000-1536x864-s10000	layout-reflow-learned	pass	821.384ms	ocr=0.5646
20260425T014742758257Z-c2-lite-glyph-layout-reflow-c62-sourcecoord-target60-b196-seed2-s10000-1536x864-s10000	layout-reflow-learned	quality_fail	677.876ms	ocr=0.4625
20260425T014743585247Z-c2-lite-glyph-layout-reflow-c62-sourcecoord-target60-b196-seed3-s10000-1536x864-s10000	layout-reflow-learned	quality_fail	825.320ms	ocr=0.5000
20260425T014747006674Z-c2-lite-glyph-layout-reflow-c62-sourcecoord-target60-b196-edge06-s10000-1536x864-s10000	layout-reflow-learned	pass	791.012ms	ocr=0.5566
20260425T014747608446Z-c2-lite-glyph-layout-reflow-c62-sourcecoord-target60-b196-edge12-s10000-1536x864-s10000	layout-reflow-learned	quality_fail	801.896ms	ocr=0.4403
20260425T014748853363Z-c2-lite-glyph-layout-reflow-c62-sourcecoord-target60-c24h128-seed1-s12000-1536x864-s12000	layout-reflow-learned	quality_fail	747.446ms	ocr=0.4403
20260425T014752151441Z-c2-lite-glyph-layout-reflow-c62-sourcecoord-target60-c24h128-b196-s10000-1536x864-s10000	layout-reflow-learned	quality_fail	756.564ms	ocr=0.4286
20260425T014752154957Z-c2-lite-glyph-layout-reflow-c62-sourcecoord-target60-c24h128-seed2-s12000-1536x864-s12000	layout-reflow-learned	pass	765.292ms	ocr=0.6634
20260425T015833101543Z-c2-lite-glyph-layout-reflow-c63-sourcecoord-target60-c24h128-seed3-s12000-1536x864-s12000	layout-reflow-learned	quality_fail	667.048ms	ocr=0.5000
20260425T015833775018Z-c2-lite-glyph-layout-reflow-c63-sourcecoord-target60-c24h128-seed5-s12000-1536x864-s12000	layout-reflow-learned	quality_fail	774.616ms	ocr=0.5000
20260425T015834193560Z-c2-lite-glyph-layout-reflow-c63-sourcecoord-target60-c24h128-seed4-s12000-1536x864-s12000	layout-reflow-learned	quality_fail	757.827ms	ocr=0.4643
20260425T015836061780Z-c2-lite-glyph-layout-reflow-c63-sourcecoord-target50-c24h128-seed2-s12000-1536x864-s12000	layout-reflow-learned	quality_fail	1060.318ms	ocr=0.4568
20260425T015836428855Z-c2-lite-glyph-layout-reflow-c63-sourcecoord-target55-c24h128-seed2-s12000-1536x864-s12000	layout-reflow-learned	quality_fail	776.702ms	ocr=0.4969
20260425T015838076367Z-c2-lite-glyph-layout-reflow-c63-sourcecoord-target60-c24h128-seed2-s10000-1536x864-s10000	layout-reflow-learned	quality_fail	749.205ms	ocr=0.4500
20260425T015838174134Z-c2-lite-glyph-layout-reflow-c63-sourcecoord-target65-c24h128-seed2-s12000-1536x864-s12000	layout-reflow-learned	pass	760.141ms	ocr=0.5524
20260425T015842285902Z-c2-lite-glyph-layout-reflow-c63-sourcecoord-target60-c24h128-seed2-s14000-1536x864-s14000	layout-reflow-learned	quality_fail	768.867ms	ocr=0.2927
20260425T015843553519Z-c2-lite-glyph-layout-reflow-c63-sourcecoord-target60-c24h128-edge06-seed2-s12000-1536x864-s12000	layout-reflow-learned	quality_fail	963.938ms	ocr=0.4277
20260425T015846001581Z-c2-lite-glyph-layout-reflow-c63-sourcecoord-target60-c24h128-edge12-seed2-s12000-1536x864-s12000	layout-reflow-learned	quality_fail	768.339ms	ocr=0.4906
20260425T020906375954Z-c2-lite-glyph-layout-reflow-c64-sourcecoord-target60-c24h128-curr25s025-seed5-s12000-1536x864-s12000	layout-reflow-learned	quality_fail	765.546ms	ocr=0.4875
20260425T020906499866Z-c2-lite-glyph-layout-reflow-c64-sourcecoord-target60-c24h128-curr50s025-seed2-s12000-1536x864-s12000	layout-reflow-learned	quality_fail	771.843ms	ocr=0.5258
20260425T020906514959Z-c2-lite-glyph-layout-reflow-c64-sourcecoord-target60-c32h160-curr25s025-seed1-s14000-1536x864-s14000	layout-reflow-learned	quality_fail	802.758ms	ocr=0.4972
20260425T020906617373Z-c2-lite-glyph-layout-reflow-c64-sourcecoord-target75-c32h160-curr25s025-seed1-s14000-1536x864-s14000	layout-reflow-learned	pass	814.836ms	ocr=0.5714
20260425T020906661247Z-c2-lite-glyph-layout-reflow-c64-sourcecoord-target60-c24h128-curr25-seed2-s12000-1536x864-s12000	layout-reflow-learned	quality_fail	766.914ms	ocr=0.4500
20260425T020906768330Z-c2-lite-glyph-layout-reflow-c64-sourcecoord-target60-c24h128-curr25s025-seed3-s12000-1536x864-s12000	layout-reflow-learned	quality_fail	781.857ms	ocr=0.4528
20260425T020906834359Z-c2-lite-glyph-layout-reflow-c64-sourcecoord-target60-c24h128-curr25s025-seed2-s12000-1536x864-s12000	layout-reflow-learned	pass	773.672ms	ocr=0.5596
20260425T020907010498Z-c2-lite-glyph-layout-reflow-c64-sourcecoord-target60-c24h128-curr25s025-seed4-s12000-1536x864-s12000	layout-reflow-learned	quality_fail	769.537ms	ocr=0.4717
20260425T020907164350Z-c2-lite-glyph-layout-reflow-c64-sourcecoord-target65-c24h128-curr25s025-seed2-s12000-1536x864-s12000	layout-reflow-learned	quality_fail	801.374ms	ocr=0.4906
20260425T020907279976Z-c2-lite-glyph-layout-reflow-c64-sourcecoord-target60-c24h128-curr50-seed2-s12000-1536x864-s12000	layout-reflow-learned	pass	758.183ms	ocr=0.6077
20260425T022003414108Z-c2-lite-glyph-layout-reflow-c65-sourcecoord-target60-c24h128-end50-curr50-seed2-s12000-1536x864-s12000	layout-reflow-learned	quality_fail	747.910ms	ocr=0.5207
20260425T022003496144Z-c2-lite-glyph-layout-reflow-c65-sourcecoord-target60-c24h128-end25-seed2-s12000-1536x864-s12000	layout-reflow-learned	quality_fail	759.518ms	ocr=0.4780
20260425T022003581358Z-c2-lite-glyph-layout-reflow-c65-sourcecoord-target60-c24h128-end50-curr25s025-seed2-s12000-1536x864-s12000	layout-reflow-learned	quality_fail	656.867ms	ocr=0.4780
20260425T022003687473Z-c2-lite-glyph-layout-reflow-c65-sourcecoord-target75-c32h160-end50-seed1-s14000-1536x864-s14000	layout-reflow-learned	quality_fail	674.206ms	ocr=0.4695
20260425T022003739356Z-c2-lite-glyph-layout-reflow-c65-sourcecoord-target60-c24h128-end50-seed5-s12000-1536x864-s12000	layout-reflow-learned	quality_fail	681.363ms	ocr=0.5031
20260425T022003785393Z-c2-lite-glyph-layout-reflow-c65-sourcecoord-target60-c24h128-end50-seed3-s12000-1536x864-s12000	layout-reflow-learned	quality_fail	761.889ms	ocr=0.4133
20260425T022004025688Z-c2-lite-glyph-layout-reflow-c65-sourcecoord-target60-c24h128-end50-seed2-s12000-1536x864-s12000	layout-reflow-learned	quality_fail	756.136ms	ocr=0.4133
20260425T022004056605Z-c2-lite-glyph-layout-reflow-c65-sourcecoord-target60-c24h128-end75-seed2-s12000-1536x864-s12000	layout-reflow-learned	quality_fail	1050.756ms	ocr=0.4780
20260425T022004069622Z-c2-lite-glyph-layout-reflow-c65-sourcecoord-target60-c32h160-end50-seed1-s14000-1536x864-s14000	layout-reflow-learned	quality_fail	826.452ms	ocr=0.5031
20260425T022004170800Z-c2-lite-glyph-layout-reflow-c65-sourcecoord-target60-c24h128-end50-seed4-s12000-1536x864-s12000	layout-reflow-learned	quality_fail	788.691ms	ocr=0.4906
20260425T023213725464Z-c2-lite-glyph-layout-reflow-c66-neighbor-grid1-target60-curr50-seed2-s12000-1536x864-s12000	layout-reflow-learned	quality_fail	909.371ms	ocr=0.5355
20260425T023213726113Z-c2-lite-glyph-layout-reflow-c66-neighbor-cross1-target60-c24h128-seed2-s12000-1536x864-s12000	layout-reflow-learned	quality_fail	842.422ms	ocr=0.5251
20260425T023213802101Z-c2-lite-glyph-layout-reflow-c66-neighbor-cross1-target75-c32h160-seed1-s14000-1536x864-s14000	layout-reflow-learned	quality_fail	926.430ms	ocr=0.5288
20260425T023213831154Z-c2-lite-glyph-layout-reflow-c66-neighbor-grid1-target60-c24h128-seed2-s12000-1536x864-s12000	layout-reflow-learned	quality_fail	798.603ms	ocr=0.5476
20260425T023213931819Z-c2-lite-glyph-layout-reflow-c66-neighbor-cross2-target60-c24h128-seed2-s12000-1536x864-s12000	layout-reflow-learned	quality_fail	831.506ms	ocr=0.5189
20260425T023213977366Z-c2-lite-glyph-layout-reflow-c66-neighbor-grid2-target60-c24h128-seed2-s12000-1536x864-s12000	layout-reflow-learned	quality_fail	912.708ms	ocr=0.4625
20260425T023214141433Z-c2-lite-glyph-layout-reflow-c66-neighbor-cross1-target60-c24h128-seed4-s12000-1536x864-s12000	layout-reflow-learned	pass	826.475ms	ocr=0.5529
20260425T023214391711Z-c2-lite-glyph-layout-reflow-c66-neighbor-cross1-target60-c32h160-seed1-s14000-1536x864-s14000	layout-reflow-learned	pass	1093.608ms	ocr=0.6178
20260425T023214444768Z-c2-lite-glyph-layout-reflow-c66-neighbor-cross1-target60-curr50-seed2-s12000-1536x864-s12000	layout-reflow-learned	quality_fail	873.610ms	ocr=0.4500
20260425T023214500032Z-c2-lite-glyph-layout-reflow-c66-neighbor-cross1-target60-c24h128-seed3-s12000-1536x864-s12000	layout-reflow-learned	quality_fail	823.712ms	ocr=0.4780
20260425T024235653442Z-c2-lite-glyph-layout-reflow-c67-neighbor-cross05-target60-c32h160-seed1-s14000-1536x864-s14000	layout-reflow-learned	pass	1265.377ms	ocr=0.5957
20260425T024235671012Z-c2-lite-glyph-layout-reflow-c67-neighbor-cross1-target65-c32h160-seed1-s14000-1536x864-s14000	layout-reflow-learned	quality_fail	1098.704ms	ocr=0.5176
20260425T024235680633Z-c2-lite-glyph-layout-reflow-c67-neighbor-cross1-target60-c32h160-seed2-s14000-1536x864-s14000	layout-reflow-learned	quality_fail	1057.804ms	ocr=0.4267
20260425T024235680642Z-c2-lite-glyph-layout-reflow-c67-neighbor-cross1-target60-c32h160-seed3-s14000-1536x864-s14000	layout-reflow-learned	quality_fail	926.499ms	ocr=0.4368
20260425T024235682258Z-c2-lite-glyph-layout-reflow-c67-neighbor-cross1-target60-c32h160-seed4-s14000-1536x864-s14000	layout-reflow-learned	quality_fail	1017.327ms	ocr=0.5146
20260425T024235695355Z-c2-lite-glyph-layout-reflow-c67-neighbor-cross15-target60-c32h160-seed1-s14000-1536x864-s14000	layout-reflow-learned	quality_fail	1099.051ms	ocr=0.4970
20260425T024235701634Z-c2-lite-glyph-layout-reflow-c67-neighbor-cross1-target60-c40h192-seed1-s12000-1536x864-s12000	layout-reflow-learned	pass	1074.821ms	ocr=0.5521
20260425T024235720169Z-c2-lite-glyph-layout-reflow-c67-neighbor-cross1-target60-b196-c32h160-seed1-s10000-1536x864-s10000	layout-reflow-learned	quality_fail	906.667ms	ocr=0.4750
20260425T024235747305Z-c2-lite-glyph-layout-reflow-c67-neighbor-cross1-target55-c32h160-seed1-s14000-1536x864-s14000	layout-reflow-learned	quality_fail	940.797ms	ocr=0.4520
20260425T024236508392Z-c2-lite-glyph-layout-reflow-c67-neighbor-grid1-target60-c32h160-seed1-s14000-1536x864-s14000	layout-reflow-learned	quality_fail	872.636ms	ocr=0.5233
20260425T025405616514Z-c2-lite-glyph-layout-reflow-c68-context8s025-cross1-target60-c32h160-seed1-s14000-1536x864-s14000	layout-reflow-learned	pass	998.129ms	ocr=0.6269
20260425T025405711281Z-c2-lite-glyph-layout-reflow-c68-context16s025-cross1-target60-c24h128-seed2-s12000-1536x864-s12000	layout-reflow-learned	quality_fail	732.374ms	ocr=0.4172
20260425T025405993491Z-c2-lite-glyph-layout-reflow-c68-context16s025-grid1-target60-c24h128-seed2-s12000-1536x864-s12000	layout-reflow-learned	quality_fail	978.481ms	ocr=0.5302
20260425T025406054378Z-c2-lite-glyph-layout-reflow-c68-context32s025-cross1-target60-c32h160-seed1-s14000-1536x864-s14000	layout-reflow-learned	quality_fail	1159.785ms	ocr=0.4250
20260425T025406075928Z-c2-lite-glyph-layout-reflow-c68-context16s025-cross05-target60-c32h160-seed1-s14000-1536x864-s14000	layout-reflow-learned	quality_fail	833.710ms	ocr=0.4750
20260425T025406379455Z-c2-lite-glyph-layout-reflow-c68-context16s025-cross1-target60-c32h160-seed4-s14000-1536x864-s14000	layout-reflow-learned	pass	972.935ms	ocr=0.5701
20260425T025406380373Z-c2-lite-glyph-layout-reflow-c68-context16s025-cross1-target60-c32h160-seed3-s14000-1536x864-s14000	layout-reflow-learned	quality_fail	975.005ms	ocr=0.3959
20260425T025406384440Z-c2-lite-glyph-layout-reflow-c68-context16s025-cross1-target60-c32h160-seed2-s14000-1536x864-s14000	layout-reflow-learned	quality_fail	822.816ms	ocr=0.4596
20260425T025406483994Z-c2-lite-glyph-layout-reflow-c68-context16s050-cross1-target60-c32h160-seed1-s14000-1536x864-s14000	layout-reflow-learned	pass	988.723ms	ocr=0.6214
20260425T025407104553Z-c2-lite-glyph-layout-reflow-c68-context16s025-cross1-target60-c32h160-seed1-s14000-1536x864-s14000	layout-reflow-learned	quality_fail	980.266ms	ocr=0.5000
20260425T030531939924Z-c2-lite-glyph-layout-reflow-c69-context16s050-cross1-target60-c32h160-seed3-s14000-1536x864-s14000	layout-reflow-learned	quality_fail	974.191ms	ocr=0.4845
20260425T030531958379Z-c2-lite-glyph-layout-reflow-c69-context16s050-cross1-target60-c32h160-seed4-s14000-1536x864-s14000	layout-reflow-learned	quality_fail	977.897ms	ocr=0.4400
20260425T030531962829Z-c2-lite-glyph-layout-reflow-c69-context8s025-cross1-target60-c32h160-seed5-s14000-1536x864-s14000	layout-reflow-learned	quality_fail	970.567ms	ocr=0.5318
20260425T030531964925Z-c2-lite-glyph-layout-reflow-c69-context8s050-cross1-target60-c32h160-seed1-s14000-1536x864-s14000	layout-reflow-learned	quality_fail	1113.000ms	ocr=0.5294
20260425T030531974995Z-c2-lite-glyph-layout-reflow-c69-context16s050-cross1-target60-c32h160-seed2-s14000-1536x864-s14000	layout-reflow-learned	quality_fail	979.132ms	ocr=0.5476
20260425T030531985228Z-c2-lite-glyph-layout-reflow-c69-context12s025-cross1-target60-c32h160-seed1-s14000-1536x864-s14000	layout-reflow-learned	quality_fail	989.633ms	ocr=0.5486
20260425T030531999239Z-c2-lite-glyph-layout-reflow-c69-context8s025-cross1-target60-c32h160-seed2-s14000-1536x864-s14000	layout-reflow-learned	pass	984.923ms	ocr=0.5525
20260425T030532002045Z-c2-lite-glyph-layout-reflow-c69-context4s025-cross1-target60-c32h160-seed1-s14000-1536x864-s14000	layout-reflow-learned	pass	811.086ms	ocr=0.5746
20260425T030532045252Z-c2-lite-glyph-layout-reflow-c69-context8s025-cross1-target60-c32h160-seed3-s14000-1536x864-s14000	layout-reflow-learned	pass	970.229ms	ocr=0.6019
20260425T030532056003Z-c2-lite-glyph-layout-reflow-c69-context8s025-cross1-target60-c32h160-seed4-s14000-1536x864-s14000	layout-reflow-learned	quality_fail	1305.045ms	ocr=0.5031
20260425T031923665469Z-c2-lite-glyph-layout-reflow-c70-mid20-c8s025-target45-seed4-s14000-1536x864-s14000	layout-reflow-learned	quality_fail	1173.680ms	ocr=0.4691
20260425T031923781943Z-c2-lite-glyph-layout-reflow-c70-mid20-c4s025-seed2-s14000-1536x864-s14000	layout-reflow-learned	quality_fail	1161.753ms	ocr=0.5444
20260425T031923916283Z-c2-lite-text-layout-reflow-c70-mid20-c8s025-text65-seed4-s14000-1536x864-s14000	layout-reflow-learned	quality_fail	982.695ms	ocr=0.4780
20260425T031924001202Z-c2-lite-glyph-layout-reflow-c70-mid35-c8s025-seed4-s14000-1536x864-s14000	layout-reflow-learned	quality_fail	1072.882ms	ocr=0.5497
20260425T031924084921Z-c2-lite-glyph-layout-reflow-c70-mid20-c4s025-seed3-s14000-1536x864-s14000	layout-reflow-learned	pass	1230.247ms	ocr=0.5792
20260425T031924133425Z-c2-lite-glyph-layout-reflow-c70-mid20-c8s025-seed4-s14000-1536x864-s14000	layout-reflow-learned	quality_fail	1003.310ms	ocr=0.4750
20260425T031924393259Z-c2-lite-glyph-layout-reflow-c70-mid10-c8s025-seed4-s14000-1536x864-s14000	layout-reflow-learned	pass	1006.430ms	ocr=0.5822
20260425T031924476000Z-c2-lite-glyph-layout-reflow-c70-mid20w012-c8s025-seed4-s14000-1536x864-s14000	layout-reflow-learned	quality_fail	1182.926ms	ocr=0.4780
20260425T031924504326Z-c2-lite-glyph-layout-reflow-c70-mid20-c8s025-seed5-s14000-1536x864-s14000	layout-reflow-learned	quality_fail	992.803ms	ocr=0.4906
20260425T031924562427Z-c2-lite-glyph-layout-reflow-c70-mid20-c8s025-seed2-s14000-1536x864-s14000	layout-reflow-learned	quality_fail	988.047ms	ocr=0.4875
20260425T032930346082Z-c2-lite-glyph-layout-reflow-c71-mid075-c8s025-seed4-s14000-1536x864-s14000	layout-reflow-learned	quality_fail	1002.821ms	ocr=0.4528
20260425T032930355857Z-c2-lite-glyph-layout-reflow-c71-mid10-c4s025-seed2-s14000-1536x864-s14000	layout-reflow-learned	quality_fail	1005.385ms	ocr=0.4780
20260425T032930356443Z-c2-lite-glyph-layout-reflow-c71-mid15-c8s025-seed4-s14000-1536x864-s14000	layout-reflow-learned	quality_fail	1212.909ms	ocr=0.4267
20260425T032930369223Z-c2-lite-glyph-layout-reflow-c71-mid05-c8s025-seed4-s14000-1536x864-s14000	layout-reflow-learned	quality_fail	988.146ms	ocr=0.4725
20260425T032930377689Z-c2-lite-glyph-layout-reflow-c71-mid05-c8s025-seed5-s14000-1536x864-s14000	layout-reflow-learned	pass	987.250ms	ocr=0.5905
20260425T032930408003Z-c2-lite-glyph-layout-reflow-c71-mid15-c4s025-seed2-s14000-1536x864-s14000	layout-reflow-learned	pass	989.769ms	ocr=0.5701
20260425T032930426201Z-c2-lite-glyph-layout-reflow-c71-mid10-c4s025-seed4-s14000-1536x864-s14000	layout-reflow-learned	latency_fail	1352.030ms	ocr=0.5581
20260425T032930430278Z-c2-lite-glyph-layout-reflow-c71-mid10-c8s025-seed2-s14000-1536x864-s14000	layout-reflow-learned	quality_fail	803.845ms	ocr=0.5000
20260425T032930439633Z-c2-lite-glyph-layout-reflow-c71-mid10-c8s025-seed5-s14000-1536x864-s14000	layout-reflow-learned	quality_fail	1162.595ms	ocr=0.5106
20260425T032930470553Z-c2-lite-glyph-layout-reflow-c71-mid10-c4s025-seed3-s14000-1536x864-s14000	layout-reflow-learned	quality_fail	994.048ms	ocr=0.4750
20260425T034024493090Z-c2-lite-glyph-layout-reflow-c72-c8mid05-seed1-s14000-1536x864-s14000	layout-reflow-learned	quality_fail	987.852ms	ocr=0.5294
20260425T034024501547Z-c2-lite-glyph-layout-reflow-c72-c4mid15-seed1-s14000-1536x864-s14000	layout-reflow-learned	quality_fail	997.445ms	ocr=0.5150
20260425T034024504188Z-c2-lite-glyph-layout-reflow-c72-c4mid20-seed4-s14000-1536x864-s14000	layout-reflow-learned	quality_fail	833.356ms	ocr=0.5389
20260425T034024511469Z-c2-lite-glyph-layout-reflow-c72-c4mid15-seed3-s14000-1536x864-s14000	layout-reflow-learned	quality_fail	816.381ms	ocr=0.4654
20260425T034024511473Z-c2-lite-glyph-layout-reflow-c72-c8mid05-seed3-s14000-1536x864-s14000	layout-reflow-learned	quality_fail	1171.951ms	ocr=0.4906
20260425T034024522089Z-c2-lite-glyph-layout-reflow-c72-c4mid15-seed4-s14000-1536x864-s14000	layout-reflow-learned	quality_fail	1015.182ms	ocr=0.4906
20260425T034024522109Z-c2-lite-glyph-layout-reflow-c72-c8mid05-seed6-s14000-1536x864-s14000	layout-reflow-learned	quality_fail	1178.060ms	ocr=0.4500
20260425T034024528483Z-c2-lite-glyph-layout-reflow-c72-c8mid05-seed2-s14000-1536x864-s14000	layout-reflow-learned	quality_fail	981.260ms	ocr=0.5000
20260425T034024534945Z-c2-lite-glyph-layout-reflow-c72-c8mid05-seed4-s14000-1536x864-s14000	layout-reflow-learned	quality_fail	1177.482ms	ocr=0.5000
20260425T034024570327Z-c2-lite-glyph-layout-reflow-c72-c4mid15-seed5-s14000-1536x864-s14000	layout-reflow-learned	quality_fail	1000.736ms	ocr=0.4938
WROTE docs/experiments/track-c/eval-results.tsv
